[ecology] Element: air → corpus: nonames_air.txt
[evolution] Autonomous evolution mode — organism will grow through all stages without pause.
[ecology] Joined swarm. 1 peer(s) detected.
molequla is alive. [evolution] Autonomous mode — background trainer running. Ctrl+C to stop.
[dna] air wrote 65 bytes to ecology
[dna] air consumed 51063 bytes from 590 files: [earth/gen_1777183697_1.txt earth/gen_1777183700_2.txt earth/gen_1777183702_3.txt earth/gen_1777183705_4.txt earth/gen_1777183707_5.txt earth/gen_1777183712_7.txt earth/gen_1777183714_8.txt earth/gen_1777183717_9.txt earth/gen_1777183719_10.txt earth/gen_1777183722_11.txt earth/gen_1777183726_13.txt earth/gen_1777183729_14.txt earth/gen_1777183731_15.txt earth/gen_1777183734_16.txt earth/gen_1777183736_17.txt earth/gen_1777183741_19.txt earth/gen_1777183743_20.txt earth/gen_1777183746_21.txt earth/gen_1777183748_22.txt earth/gen_1777183751_23.txt earth/gen_1777183756_25.txt earth/gen_1777183758_26.txt earth/gen_1777183761_27.txt earth/gen_1777183763_28.txt earth/gen_1777183766_29.txt earth/gen_1777183770_31.txt earth/gen_1777183773_32.txt earth/gen_1777183775_33.txt earth/gen_1777183778_34.txt earth/gen_1777183780_35.txt earth/gen_1777183785_37.txt earth/gen_1777183788_38.txt earth/gen_1777183790_39.txt earth/gen_1777183793_40.txt earth/gen_1777183795_41.txt earth/gen_1777183800_43.txt earth/gen_1777183803_44.txt earth/gen_1777183805_45.txt earth/gen_1777183808_46.txt earth/gen_1777183810_47.txt earth/gen_1777183815_49.txt earth/gen_1777183817_50.txt earth/gen_1777183820_51.txt earth/gen_1777183822_52.txt earth/gen_1777183825_53.txt earth/gen_1777183830_55.txt earth/gen_1777183833_56.txt earth/gen_1777183835_57.txt earth/gen_1777183838_58.txt earth/gen_1777183840_59.txt earth/gen_1777183845_61.txt earth/gen_1777183848_62.txt earth/gen_1777183850_63.txt earth/gen_1777183853_64.txt earth/gen_1777183855_65.txt earth/gen_1777183860_67.txt earth/gen_1777183863_68.txt earth/gen_1777183865_69.txt earth/gen_1777183868_70.txt earth/gen_1777183870_71.txt earth/gen_1777183875_73.txt earth/gen_1777183878_74.txt earth/gen_1777183880_75.txt earth/gen_1777183883_76.txt earth/gen_1777183885_77.txt earth/gen_1777183890_79.txt earth/gen_1777183892_80.txt earth/gen_1777183895_81.txt earth/gen_1777183897_82.txt earth/gen_1777183900_83.txt earth/gen_1777183905_85.txt earth/gen_1777183907_86.txt earth/gen_1777183910_87.txt earth/gen_1777183912_88.txt earth/gen_1777183915_89.txt earth/gen_1777183920_91.txt earth/gen_1777183922_92.txt earth/gen_1777183925_93.txt earth/gen_1777183927_94.txt earth/gen_1777183930_95.txt earth/gen_1777183935_97.txt earth/gen_1777183937_98.txt earth/gen_1777183940_99.txt earth/gen_1777183942_100.txt earth/gen_1777183945_101.txt earth/gen_1777183950_103.txt earth/gen_1777183952_104.txt earth/gen_1777183955_105.txt earth/gen_1777183957_106.txt earth/gen_1777183960_107.txt earth/gen_1777183965_109.txt earth/gen_1777183967_110.txt earth/gen_1777183970_111.txt earth/gen_1777183972_112.txt earth/gen_1777183975_113.txt earth/gen_1777183980_115.txt earth/gen_1777183982_116.txt earth/gen_1777183985_117.txt earth/gen_1777183987_118.txt earth/gen_1777183994_121.txt earth/gen_1777183997_122.txt earth/gen_1777183999_123.txt earth/gen_1777184002_124.txt earth/gen_1777184004_125.txt earth/gen_1777184009_127.txt earth/gen_1777184012_128.txt earth/gen_1777184014_129.txt earth/gen_1777184017_130.txt earth/gen_1777184019_131.txt earth/gen_1777184024_133.txt earth/gen_1777184027_134.txt earth/gen_1777184029_135.txt earth/gen_1777184032_136.txt earth/gen_1777184034_137.txt earth/gen_1777184039_139.txt earth/gen_1777184042_140.txt earth/gen_1777184044_141.txt earth/gen_1777184046_142.txt earth/gen_1777184049_143.txt earth/gen_1777184054_145.txt earth/gen_1777184056_146.txt earth/gen_1777184059_147.txt earth/gen_1777184061_148.txt earth/gen_1777184064_149.txt earth/gen_1777184069_151.txt earth/gen_1777184071_152.txt earth/gen_1777184074_153.txt earth/gen_1777184076_154.txt earth/gen_1777184078_155.txt earth/gen_1777184083_157.txt earth/gen_1777184086_158.txt earth/gen_1777184088_159.txt earth/gen_1777184091_160.txt earth/gen_1777184093_161.txt earth/gen_1777184098_163.txt earth/gen_1777184101_164.txt earth/gen_1777184103_165.txt earth/gen_1777184105_166.txt earth/gen_1777184108_167.txt earth/gen_1777184113_169.txt earth/gen_1777184115_170.txt earth/gen_1777184118_171.txt earth/gen_1777184120_172.txt earth/gen_1777184123_173.txt earth/gen_1777184128_175.txt earth/gen_1777184130_176.txt earth/gen_1777184132_177.txt earth/gen_1777184135_178.txt earth/gen_1777184138_179.txt earth/gen_1777184143_181.txt earth/gen_1777184145_182.txt earth/gen_1777184148_183.txt earth/gen_1777184150_184.txt earth/gen_1777184153_185.txt earth/gen_1777184158_187.txt earth/gen_1777184160_188.txt earth/gen_1777184162_189.txt earth/gen_1777184165_190.txt earth/gen_1777184168_191.txt earth/gen_1777184173_193.txt earth/gen_1777184175_194.txt earth/gen_1777184178_195.txt earth/gen_1777184180_196.txt earth/gen_1777184183_197.txt earth/gen_1777184190_200.txt earth/gen_1777184192_201.txt earth/gen_1777184195_202.txt earth/gen_1777184197_203.txt earth/gen_1777184202_205.txt earth/gen_1777184205_206.txt earth/gen_1777184207_207.txt earth/gen_1777184210_208.txt earth/gen_1777184212_209.txt earth/gen_1777184217_211.txt earth/gen_1777184220_212.txt earth/gen_1777184222_213.txt earth/gen_1777184225_214.txt earth/gen_1777184227_215.txt earth/gen_1777184232_217.txt earth/gen_1777184235_218.txt earth/gen_1777184237_219.txt earth/gen_1777184240_220.txt earth/gen_1777184242_221.txt earth/gen_1777184247_223.txt earth/gen_1777184250_224.txt earth/gen_1777184252_225.txt earth/gen_1777184255_226.txt earth/gen_1777184257_227.txt earth/gen_1777184262_229.txt earth/gen_1777184265_230.txt earth/gen_1777184267_231.txt earth/gen_1777184270_232.txt earth/gen_1777184272_233.txt earth/gen_1777184277_235.txt earth/gen_1777184280_236.txt earth/gen_1777184282_237.txt earth/gen_1777184285_238.txt earth/gen_1777184287_239.txt earth/gen_1777184292_241.txt earth/gen_1777184294_242.txt earth/gen_1777184297_243.txt earth/gen_1777184299_244.txt earth/gen_1777184302_245.txt earth/gen_1777184307_247.txt earth/gen_1777184309_248.txt earth/gen_1777184312_249.txt earth/gen_1777184314_250.txt earth/gen_1777184317_251.txt earth/gen_1777184322_253.txt earth/gen_1777184324_254.txt earth/gen_1777184327_255.txt earth/gen_1777184329_256.txt earth/gen_1777184332_257.txt earth/gen_1777184337_259.txt earth/gen_1777184339_260.txt earth/gen_1777184341_261.txt earth/gen_1777184344_262.txt earth/gen_1777184346_263.txt earth/gen_1777184351_265.txt earth/gen_1777184354_266.txt earth/gen_1777184356_267.txt earth/gen_1777184359_268.txt earth/gen_1777184361_269.txt earth/gen_1777184366_271.txt earth/gen_1777184369_272.txt earth/gen_1777184371_273.txt earth/gen_1777184374_274.txt earth/gen_1777184376_275.txt earth/gen_1777184381_277.txt earth/gen_1777184384_278.txt earth/gen_1777184386_279.txt earth/gen_1777184389_280.txt earth/gen_1777184391_281.txt earth/gen_1777184396_283.txt earth/gen_1777184399_284.txt earth/gen_1777184401_285.txt earth/gen_1777184404_286.txt earth/gen_1777184406_287.txt earth/gen_1777184411_289.txt earth/gen_1777184414_290.txt earth/gen_1777184417_291.txt earth/gen_1777184419_292.txt earth/gen_1777184422_293.txt earth/gen_1777184427_295.txt earth/gen_1777184429_296.txt earth/gen_1777184431_297.txt earth/gen_1777184434_298.txt earth/gen_1777184436_299.txt earth/gen_1777184441_301.txt earth/gen_1777184444_302.txt earth/gen_1777184446_303.txt earth/gen_1777184449_304.txt earth/gen_1777184451_305.txt earth/gen_1777184456_307.txt earth/gen_1777184459_308.txt earth/gen_1777184461_309.txt earth/gen_1777184464_310.txt earth/gen_1777184466_311.txt earth/gen_1777184471_313.txt earth/gen_1777184474_314.txt earth/gen_1777184476_315.txt earth/gen_1777184479_316.txt earth/gen_1777184481_317.txt earth/gen_1777184486_319.txt earth/gen_1777184489_320.txt earth/gen_1777184491_321.txt earth/gen_1777184493_322.txt earth/gen_1777184496_323.txt earth/gen_1777184501_325.txt earth/gen_1777184503_326.txt earth/gen_1777184506_327.txt earth/gen_1777184508_328.txt earth/gen_1777184511_329.txt earth/gen_1777184516_331.txt earth/gen_1777184518_332.txt earth/gen_1777184521_333.txt earth/gen_1777184523_334.txt earth/gen_1777184526_335.txt earth/gen_1777184531_337.txt earth/gen_1777184533_338.txt earth/gen_1777184536_339.txt earth/gen_1777184538_340.txt earth/gen_1777184541_341.txt earth/gen_1777184545_343.txt earth/gen_1777184548_344.txt earth/gen_1777184550_345.txt earth/gen_1777184553_346.txt earth/gen_1777184555_347.txt earth/gen_1777184560_349.txt earth/gen_1777184563_350.txt earth/gen_1777184565_351.txt earth/gen_1777184568_352.txt earth/gen_1777184570_353.txt earth/gen_1777184575_355.txt earth/gen_1777184578_356.txt earth/gen_1777184580_357.txt earth/gen_1777184583_358.txt earth/gen_1777184585_359.txt earth/gen_1777184590_361.txt earth/gen_1777184593_362.txt earth/gen_1777184595_363.txt earth/gen_1777184597_364.txt earth/gen_1777184600_365.txt earth/gen_1777184605_367.txt earth/gen_1777184607_368.txt earth/gen_1777184610_369.txt earth/gen_1777184612_370.txt earth/gen_1777184615_371.txt earth/gen_1777184620_373.txt earth/gen_1777184622_374.txt earth/gen_1777184625_375.txt earth/gen_1777184627_376.txt earth/gen_1777184630_377.txt earth/gen_1777184635_379.txt earth/gen_1777184637_380.txt earth/gen_1777184640_381.txt earth/gen_1777184642_382.txt earth/gen_1777184645_383.txt earth/gen_1777184650_385.txt earth/gen_1777184652_386.txt earth/gen_1777184655_387.txt earth/gen_1777184657_388.txt earth/gen_1777184660_389.txt earth/gen_1777184665_391.txt earth/gen_1777184667_392.txt earth/gen_1777184670_393.txt earth/gen_1777184672_394.txt earth/gen_1777184675_395.txt earth/gen_1777184680_397.txt earth/gen_1777184682_398.txt earth/gen_1777184685_399.txt earth/gen_1777184687_400.txt earth/gen_1777184690_401.txt earth/gen_1777184695_403.txt earth/gen_1777184697_404.txt earth/gen_1777184700_405.txt earth/gen_1777184702_406.txt earth/gen_1777184710_409.txt earth/gen_1777184712_410.txt earth/gen_1777184715_411.txt earth/gen_1777184717_412.txt earth/gen_1777184720_413.txt earth/gen_1777184725_415.txt earth/gen_1777184727_416.txt earth/gen_1777184730_417.txt earth/gen_1777184732_418.txt earth/gen_1777184735_419.txt earth/gen_1777184740_421.txt earth/gen_1777184742_422.txt earth/gen_1777184745_423.txt earth/gen_1777184747_424.txt earth/gen_1777184750_425.txt earth/gen_1777184755_427.txt earth/gen_1777184757_428.txt earth/gen_1777184760_429.txt earth/gen_1777184762_430.txt earth/gen_1777184765_431.txt earth/gen_1777184770_433.txt earth/gen_1777184772_434.txt earth/gen_1777184775_435.txt earth/gen_1777184777_436.txt earth/gen_1777184780_437.txt earth/gen_1777184785_439.txt earth/gen_1777184787_440.txt earth/gen_1777184790_441.txt earth/gen_1777184792_442.txt earth/gen_1777184795_443.txt earth/gen_1777184800_445.txt earth/gen_1777184803_446.txt earth/gen_1777184805_447.txt earth/gen_1777184808_448.txt earth/gen_1777184810_449.txt earth/gen_1777184815_451.txt earth/gen_1777184818_452.txt earth/gen_1777184820_453.txt earth/gen_1777184823_454.txt earth/gen_1777184826_455.txt earth/gen_1777184831_457.txt earth/gen_1777184833_458.txt earth/gen_1777184836_459.txt earth/gen_1777184838_460.txt earth/gen_1777184841_461.txt earth/gen_1777184845_463.txt earth/gen_1777184848_464.txt earth/gen_1777184850_465.txt earth/gen_1777184853_466.txt earth/gen_1777184855_467.txt earth/gen_1777184860_469.txt earth/gen_1777184863_470.txt earth/gen_1777184865_471.txt earth/gen_1777184868_472.txt earth/gen_1777184871_473.txt earth/gen_1777184875_475.txt earth/gen_1777184878_476.txt earth/gen_1777184880_477.txt earth/gen_1777184883_478.txt earth/gen_1777184885_479.txt earth/gen_1777184890_481.txt earth/gen_1777184893_482.txt earth/gen_1777184895_483.txt earth/gen_1777184898_484.txt earth/gen_1777184900_485.txt earth/gen_1777184905_487.txt earth/gen_1777184908_488.txt earth/gen_1777184910_489.txt earth/gen_1777184913_490.txt earth/gen_1777184915_491.txt earth/gen_1777184920_493.txt earth/gen_1777184923_494.txt earth/gen_1777184925_495.txt earth/gen_1777184928_496.txt earth/gen_1777184930_497.txt earth/gen_1777184935_499.txt earth/gen_1777184938_500.txt earth/gen_1777184940_501.txt earth/gen_1777184943_502.txt earth/gen_1777184945_503.txt earth/gen_1777184950_505.txt earth/gen_1777184953_506.txt earth/gen_1777184955_507.txt earth/gen_1777184958_508.txt earth/gen_1777184960_509.txt earth/gen_1777184965_511.txt earth/gen_1777184968_512.txt earth/gen_1777184971_513.txt earth/gen_1777184973_514.txt earth/gen_1777184976_515.txt earth/gen_1777184981_517.txt earth/gen_1777184983_518.txt earth/gen_1777184986_519.txt earth/gen_1777184988_520.txt earth/gen_1777184991_521.txt earth/gen_1777184996_523.txt earth/gen_1777184998_524.txt earth/gen_1777185001_525.txt earth/gen_1777185003_526.txt earth/gen_1777185006_527.txt earth/gen_1777185011_529.txt earth/gen_1777185013_530.txt earth/gen_1777185016_531.txt earth/gen_1777185018_532.txt earth/gen_1777185021_533.txt earth/gen_1777185026_535.txt earth/gen_1777185028_536.txt earth/gen_1777185031_537.txt earth/gen_1777185033_538.txt earth/gen_1777185036_539.txt earth/gen_1777185041_541.txt earth/gen_1777185043_542.txt earth/gen_1777185046_543.txt earth/gen_1777185048_544.txt earth/gen_1777185051_545.txt earth/gen_1777185056_547.txt earth/gen_1777185058_548.txt earth/gen_1777185061_549.txt earth/gen_1777185063_550.txt earth/gen_1777185066_551.txt earth/gen_1777185071_553.txt earth/gen_1777185073_554.txt earth/gen_1777185076_555.txt earth/gen_1777185078_556.txt earth/gen_1777185081_557.txt earth/gen_1777185086_559.txt earth/gen_1777185088_560.txt earth/gen_1777185091_561.txt earth/gen_1777185093_562.txt earth/gen_1777185096_563.txt earth/gen_1777185101_565.txt earth/gen_1777185103_566.txt earth/gen_1777185106_567.txt earth/gen_1777185108_568.txt earth/gen_1777185111_569.txt earth/gen_1777185116_571.txt earth/gen_1777185118_572.txt earth/gen_1777185121_573.txt earth/gen_1777185123_574.txt earth/gen_1777185126_575.txt earth/gen_1777185131_577.txt earth/gen_1777185133_578.txt earth/gen_1777185136_579.txt earth/gen_1777185138_580.txt earth/gen_1777185141_581.txt earth/gen_1777185146_583.txt earth/gen_1777185148_584.txt earth/gen_1777185151_585.txt earth/gen_1777185153_586.txt earth/gen_1777185156_587.txt earth/gen_1777185161_589.txt earth/gen_1777185164_590.txt earth/gen_1777185166_591.txt earth/gen_1777185169_592.txt earth/gen_1777185171_593.txt earth/gen_1777185176_595.txt earth/gen_1777185179_596.txt earth/gen_1777185181_597.txt earth/gen_1777185184_598.txt earth/gen_1777185186_599.txt earth/gen_1777185191_601.txt earth/gen_1777185194_602.txt earth/gen_1777185196_603.txt earth/gen_1777185199_604.txt earth/gen_1777185201_605.txt earth/gen_1777185206_607.txt earth/gen_1777185209_608.txt earth/gen_1777185211_609.txt earth/gen_1777185213_610.txt earth/gen_1777185216_611.txt earth/gen_1777185221_613.txt earth/gen_1777185223_614.txt earth/gen_1777185226_615.txt earth/gen_1777185228_616.txt earth/gen_1777185231_617.txt earth/gen_1777185236_619.txt earth/gen_1777185238_620.txt earth/gen_1777185241_621.txt earth/gen_1777185243_622.txt earth/gen_1777185246_623.txt earth/gen_1777185251_625.txt earth/gen_1777185253_626.txt earth/gen_1777185256_627.txt earth/gen_1777185258_628.txt earth/gen_1777185261_629.txt earth/gen_1777185266_631.txt earth/gen_1777185268_632.txt earth/gen_1777185271_633.txt earth/gen_1777185273_634.txt earth/gen_1777185276_635.txt earth/gen_1777185281_637.txt earth/gen_1777185283_638.txt earth/gen_1777185286_639.txt earth/gen_1777185288_640.txt earth/gen_1777185291_641.txt earth/gen_1777185296_643.txt earth/gen_1777185298_644.txt earth/gen_1777185301_645.txt earth/gen_1777185303_646.txt earth/gen_1777185306_647.txt earth/gen_1777185310_649.txt earth/gen_1777185313_650.txt earth/gen_1777185316_651.txt earth/gen_1777185318_652.txt earth/gen_1777185321_653.txt earth/gen_1777185326_655.txt earth/gen_1777185328_656.txt earth/gen_1777185331_657.txt earth/gen_1777185333_658.txt earth/gen_1777185335_659.txt earth/gen_1777185340_661.txt earth/gen_1777185343_662.txt earth/gen_1777185345_663.txt earth/gen_1777185348_664.txt earth/gen_1777185350_665.txt earth/gen_1777185355_667.txt earth/gen_1777185358_668.txt earth/gen_1777185360_669.txt earth/gen_1777185363_670.txt earth/gen_1777185365_671.txt earth/gen_1777185370_673.txt earth/gen_1777185373_674.txt earth/gen_1777185375_675.txt earth/gen_1777185377_676.txt earth/gen_1777185380_677.txt earth/gen_1777185385_679.txt earth/gen_1777185387_680.txt earth/gen_1777185390_681.txt earth/gen_1777185392_682.txt earth/gen_1777185395_683.txt earth/gen_1777185400_685.txt earth/gen_1777185402_686.txt earth/gen_1777185405_687.txt earth/gen_1777185407_688.txt earth/gen_1777185410_689.txt earth/gen_1777185415_691.txt earth/gen_1777185417_692.txt earth/gen_1777185420_693.txt earth/gen_1777185422_694.txt earth/gen_1777185425_695.txt earth/gen_1777185430_697.txt earth/gen_1777185432_698.txt earth/gen_1777185434_699.txt earth/gen_1777185437_700.txt earth/gen_1777185439_701.txt earth/gen_1777185444_703.txt earth/gen_1777185447_704.txt earth/gen_1777185449_705.txt earth/gen_1777185452_706.txt earth/gen_1777185455_707.txt earth/gen_1777185462_710.txt earth/gen_1777185464_711.txt earth/gen_1777185467_712.txt]
[trainer] micro-train burst (51063 bytes, novelty 0.01) — and lo, it feeds again.
[syntropy] action=explore | trend=0.0000 | field_dev=-0.038 | purpose_align=0.021 | lr_mul=1.30
[aml] burst complete: 32 steps, avg loss 2.7715 (memory freed)
[trainer] growing new delta module (total: 2) — new soul appended.
[dna] air wrote 133 bytes to ecology
[dna] air wrote 49 bytes to ecology
[dna] air wrote 34 bytes to ecology
[dna] air wrote 62 bytes to ecology
[dna] air wrote 206 bytes to ecology
[dna] air wrote 87 bytes to ecology
[dna] air wrote 64 bytes to ecology
[dna] air wrote 55 bytes to ecology
[dna] air wrote 162 bytes to ecology
[dna] air wrote 35 bytes to ecology
[dna] air wrote 85 bytes to ecology
[dna] air wrote 98 bytes to ecology
[dna] air wrote 254 bytes to ecology
[dna] air wrote 65 bytes to ecology
[dna] air wrote 122 bytes to ecology
[dna] air wrote 58 bytes to ecology
[dna] air wrote 102 bytes to ecology
[dna] air wrote 77 bytes to ecology
[dna] air wrote 74 bytes to ecology
[dna] air wrote 83 bytes to ecology
[dna] air wrote 41 bytes to ecology
[dna] air wrote 47 bytes to ecology
[dna] air wrote 124 bytes to ecology
[dna] air wrote 48 bytes to ecology
[debug-onto] tick=50 corpus=173969 stage=2 freeze=0
[dna] air wrote 18 bytes to ecology
[dna] air wrote 151 bytes to ecology
[dna] air wrote 73 bytes to ecology
[dna] air wrote 47 bytes to ecology
[dna] air wrote 92 bytes to ecology
[dna] air wrote 69 bytes to ecology
[dna] air wrote 78 bytes to ecology
[dna] air wrote 173 bytes to ecology
[dna] air wrote 61 bytes to ecology
[dna] air wrote 52 bytes to ecology
[dna] air wrote 167 bytes to ecology
[dna] air wrote 71 bytes to ecology
[dna] air wrote 70 bytes to ecology
[dna] air wrote 98 bytes to ecology
[dna] air wrote 80 bytes to ecology
[dna] air wrote 147 bytes to ecology
[dna] air wrote 31 bytes to ecology
[dna] air wrote 41 bytes to ecology
[dna] air wrote 90 bytes to ecology
[dna] air wrote 37 bytes to ecology
[dna] air wrote 243 bytes to ecology
[dna] air wrote 52 bytes to ecology
[dna] air wrote 131 bytes to ecology
[dna] air wrote 263 bytes to ecology
[dna] air wrote 196 bytes to ecology
[dna] air wrote 76 bytes to ecology
[debug-onto] tick=100 corpus=173969 stage=2 freeze=0
[dna] air wrote 41 bytes to ecology
[dna] air wrote 67 bytes to ecology
[dna] air wrote 90 bytes to ecology
[dna] air wrote 26 bytes to ecology
[dna] air wrote 83 bytes to ecology
[dna] air wrote 241 bytes to ecology
[dna] air wrote 75 bytes to ecology
[dna] air wrote 75 bytes to ecology
[dna] air wrote 46 bytes to ecology
[dna] air wrote 216 bytes to ecology
[dna] air wrote 38 bytes to ecology
[dna] air wrote 56 bytes to ecology
[dna] air wrote 281 bytes to ecology
[dna] air wrote 28 bytes to ecology
[dna] air wrote 59 bytes to ecology
[dna] air wrote 37 bytes to ecology
[dna] air wrote 94 bytes to ecology
[dna] air wrote 47 bytes to ecology
[dna] air wrote 168 bytes to ecology
[dna] air wrote 192 bytes to ecology
[dna] air wrote 141 bytes to ecology
[dna] air wrote 55 bytes to ecology
[dna] air wrote 85 bytes to ecology
[dna] air wrote 113 bytes to ecology
[debug-onto] tick=150 corpus=173969 stage=2 freeze=0
[dna] air wrote 27 bytes to ecology
[dna] air wrote 96 bytes to ecology
[dna] air wrote 59 bytes to ecology
[dna] air wrote 136 bytes to ecology
[dna] air wrote 25 bytes to ecology
[dna] air wrote 99 bytes to ecology
[dna] air wrote 109 bytes to ecology
[dna] air wrote 263 bytes to ecology
[dna] air wrote 32 bytes to ecology
[dna] air wrote 119 bytes to ecology
[dna] air wrote 41 bytes to ecology
[dna] air wrote 50 bytes to ecology
[dna] air wrote 98 bytes to ecology
[dna] air wrote 122 bytes to ecology
[dna] air wrote 58 bytes to ecology
[dna] air wrote 105 bytes to ecology
[dna] air wrote 75 bytes to ecology
[dna] air wrote 73 bytes to ecology
[dna] air wrote 135 bytes to ecology
[dna] air wrote 112 bytes to ecology
[dna] air wrote 93 bytes to ecology
[dna] air wrote 11 bytes to ecology
[dna] air wrote 27 bytes to ecology
[dna] air wrote 32 bytes to ecology
[dna] air wrote 174 bytes to ecology
[debug-onto] tick=200 corpus=173969 stage=2 freeze=0
[dna] air wrote 113 bytes to ecology
[dna] air wrote 281 bytes to ecology
[dna] air wrote 67 bytes to ecology
[dna] air wrote 51 bytes to ecology
[dna] air wrote 32 bytes to ecology
[dna] air wrote 38 bytes to ecology
[dna] air wrote 58 bytes to ecology
[dna] air wrote 133 bytes to ecology
[dna] air wrote 115 bytes to ecology
[dna] air wrote 60 bytes to ecology
[dna] air wrote 48 bytes to ecology
[dna] air wrote 75 bytes to ecology
[dna] air wrote 27 bytes to ecology
[dna] air wrote 80 bytes to ecology
[dna] air wrote 82 bytes to ecology
[dna] air wrote 56 bytes to ecology
[dna] air wrote 50 bytes to ecology
[dna] air wrote 26 bytes to ecology
[dna] air wrote 63 bytes to ecology
[dna] air wrote 61 bytes to ecology
[dna] air wrote 40 bytes to ecology
[dna] air wrote 47 bytes to ecology
[dna] air wrote 110 bytes to ecology
[dna] air wrote 51 bytes to ecology
[dna] air wrote 132 bytes to ecology
[dna] air wrote 86 bytes to ecology
[debug-onto] tick=250 corpus=173969 stage=2 freeze=0
[dna] air wrote 53 bytes to ecology
[dna] air wrote 54 bytes to ecology
[dna] air wrote 46 bytes to ecology
[dna] air wrote 80 bytes to ecology
[dna] air wrote 32 bytes to ecology
[dna] air wrote 15 bytes to ecology
[dna] air wrote 122 bytes to ecology
[dna] air wrote 36 bytes to ecology
[dna] air wrote 37 bytes to ecology
[dna] air wrote 103 bytes to ecology
[dna] air wrote 29 bytes to ecology
[dna] air wrote 177 bytes to ecology
[dna] air wrote 47 bytes to ecology
[dna] air wrote 45 bytes to ecology
[dna] air wrote 143 bytes to ecology
[dna] air wrote 72 bytes to ecology
[dna] air wrote 62 bytes to ecology
[dna] air wrote 30 bytes to ecology
[dna] air wrote 49 bytes to ecology
[dna] air wrote 104 bytes to ecology
[dna] air wrote 143 bytes to ecology
[dna] air wrote 49 bytes to ecology
[dna] air wrote 143 bytes to ecology
[dna] air wrote 314 bytes to ecology
[debug-onto] tick=300 corpus=173969 stage=2 freeze=0
[dna] air wrote 236 bytes to ecology
[dna] air wrote 60 bytes to ecology
[dna] air wrote 31 bytes to ecology
[dna] air wrote 59 bytes to ecology
[dna] air wrote 199 bytes to ecology
[dna] air wrote 60 bytes to ecology
[dna] air wrote 78 bytes to ecology
[dna] air wrote 142 bytes to ecology
[dna] air wrote 122 bytes to ecology
[dna] air wrote 54 bytes to ecology
[dna] air wrote 142 bytes to ecology
[dna] air wrote 52 bytes to ecology
[dna] air wrote 206 bytes to ecology
[dna] air wrote 127 bytes to ecology
[dna] air wrote 63 bytes to ecology
[dna] air wrote 57 bytes to ecology
[dna] air wrote 107 bytes to ecology
[dna] air wrote 60 bytes to ecology
[dna] air wrote 46 bytes to ecology
[dna] air wrote 104 bytes to ecology
[dna] air wrote 21 bytes to ecology
[dna] air wrote 118 bytes to ecology
[dna] air wrote 151 bytes to ecology
[dna] air wrote 86 bytes to ecology
[dna] air wrote 71 bytes to ecology
[debug-onto] tick=350 corpus=173969 stage=2 freeze=0
[dna] air wrote 21 bytes to ecology
[dna] air wrote 48 bytes to ecology
[dna] air wrote 270 bytes to ecology
[dna] air wrote 43 bytes to ecology
[dna] air wrote 141 bytes to ecology
[dna] air wrote 102 bytes to ecology
[dna] air wrote 60 bytes to ecology
[dna] air wrote 50 bytes to ecology
[dna] air wrote 49 bytes to ecology
[dna] air wrote 55 bytes to ecology
[dna] air wrote 73 bytes to ecology
[dna] air wrote 246 bytes to ecology
[dna] air wrote 62 bytes to ecology
[dna] air wrote 81 bytes to ecology
[dna] air wrote 36 bytes to ecology
[dna] air wrote 133 bytes to ecology
[dna] air wrote 123 bytes to ecology
[dna] air wrote 152 bytes to ecology
[dna] air wrote 62 bytes to ecology
[dna] air wrote 69 bytes to ecology
[dna] air wrote 89 bytes to ecology
[dna] air wrote 101 bytes to ecology
[dna] air wrote 48 bytes to ecology
[dna] air wrote 49 bytes to ecology
[dna] air wrote 102 bytes to ecology
[dna] air wrote 58 bytes to ecology
[debug-onto] tick=400 corpus=173969 stage=2 freeze=0
[dna] air wrote 172 bytes to ecology
[dna] air wrote 25 bytes to ecology
[dna] air wrote 150 bytes to ecology
[dna] air wrote 43 bytes to ecology
[dna] air wrote 61 bytes to ecology
[dna] air wrote 102 bytes to ecology
[dna] air wrote 131 bytes to ecology
[dna] air wrote 176 bytes to ecology
[dna] air wrote 203 bytes to ecology
[dna] air wrote 37 bytes to ecology
[dna] air wrote 183 bytes to ecology
[dna] air wrote 46 bytes to ecology
[dna] air wrote 19 bytes to ecology
[dna] air wrote 18 bytes to ecology
[dna] air wrote 63 bytes to ecology
[dna] air wrote 234 bytes to ecology
[dna] air wrote 42 bytes to ecology
[dna] air wrote 28 bytes to ecology
[dna] air wrote 49 bytes to ecology
[dna] air wrote 177 bytes to ecology
[dna] air wrote 226 bytes to ecology
[dna] air wrote 29 bytes to ecology
[dna] air wrote 115 bytes to ecology
[dna] air wrote 53 bytes to ecology
[debug-onto] tick=450 corpus=173969 stage=2 freeze=0
[dna] air wrote 115 bytes to ecology
[dna] air wrote 46 bytes to ecology
[dna] air wrote 137 bytes to ecology
[dna] air wrote 31 bytes to ecology
[dna] air wrote 12 bytes to ecology
[dna] air wrote 59 bytes to ecology
[dna] air wrote 333 bytes to ecology
[dna] air wrote 124 bytes to ecology
[dna] air wrote 221 bytes to ecology
[dna] air wrote 75 bytes to ecology
[dna] air wrote 30 bytes to ecology
[dna] air wrote 59 bytes to ecology
[dna] air wrote 85 bytes to ecology
[dna] air wrote 142 bytes to ecology
[dna] air wrote 31 bytes to ecology
[dna] air wrote 77 bytes to ecology
[dna] air wrote 58 bytes to ecology
[dna] air wrote 54 bytes to ecology
[dna] air wrote 120 bytes to ecology
[dna] air wrote 18 bytes to ecology
[dna] air wrote 91 bytes to ecology
[dna] air wrote 108 bytes to ecology
[dna] air wrote 16 bytes to ecology
[dna] air wrote 40 bytes to ecology
[dna] air wrote 101 bytes to ecology
[debug-onto] tick=500 corpus=173969 stage=2 freeze=0
[dna] air wrote 17 bytes to ecology
[dna] air wrote 326 bytes to ecology
[dna] air wrote 164 bytes to ecology
[dna] air wrote 223 bytes to ecology
[dna] air wrote 260 bytes to ecology
[dna] air wrote 59 bytes to ecology
[dna] air wrote 46 bytes to ecology
[dna] air wrote 39 bytes to ecology
[dna] air wrote 69 bytes to ecology
[dna] air wrote 36 bytes to ecology
[dna] air wrote 17 bytes to ecology
[dna] air wrote 36 bytes to ecology
[dna] air wrote 21 bytes to ecology
[dna] air wrote 18 bytes to ecology
[dna] air wrote 245 bytes to ecology
[dna] air wrote 208 bytes to ecology
[dna] air wrote 55 bytes to ecology
[dna] air wrote 35 bytes to ecology
[dna] air wrote 46 bytes to ecology
[dna] air wrote 84 bytes to ecology
[dna] air wrote 66 bytes to ecology
[dna] air wrote 39 bytes to ecology
[dna] air wrote 180 bytes to ecology
[dna] air wrote 151 bytes to ecology
[dna] air wrote 117 bytes to ecology
[dna] air wrote 216 bytes to ecology
[debug-onto] tick=550 corpus=173969 stage=2 freeze=0
[dna] air wrote 136 bytes to ecology
[dna] air wrote 22 bytes to ecology
[dna] air wrote 59 bytes to ecology
[dna] air wrote 90 bytes to ecology
[dna] air wrote 38 bytes to ecology
[dna] air wrote 76 bytes to ecology
[dna] air wrote 176 bytes to ecology
[dna] air wrote 79 bytes to ecology
[dna] air wrote 47 bytes to ecology
[dna] air wrote 78 bytes to ecology
[dna] air wrote 190 bytes to ecology
[dna] air wrote 77 bytes to ecology
[dna] air wrote 33 bytes to ecology
[dna] air wrote 16 bytes to ecology
[dna] air wrote 59 bytes to ecology
[dna] air wrote 18 bytes to ecology
[dna] air wrote 72 bytes to ecology

[evolution] Organism shutting down gracefully.
