[ecology] Element: fire → corpus: nonames_fire.txt
[evolution] Autonomous evolution mode — organism will grow through all stages without pause.
[ecology] Joined swarm. 1 peer(s) detected.
molequla is alive. [evolution] Autonomous mode — background trainer running. Ctrl+C to stop.
[dna] fire wrote 36 bytes to ecology
[dna] fire consumed 13573 bytes from 215 files: [water/gen_1777187271_1.txt water/gen_1777187289_4.txt water/gen_1777187297_7.txt water/gen_1777187305_10.txt water/gen_1777187313_13.txt water/gen_1777187322_16.txt water/gen_1777187330_19.txt water/gen_1777187338_22.txt water/gen_1777187346_25.txt water/gen_1777187355_28.txt water/gen_1777187363_31.txt water/gen_1777187371_34.txt water/gen_1777187380_37.txt water/gen_1777187388_40.txt water/gen_1777187396_43.txt water/gen_1777187405_46.txt water/gen_1777187413_49.txt water/gen_1777187421_52.txt water/gen_1777187430_55.txt water/gen_1777187438_58.txt water/gen_1777187447_61.txt water/gen_1777187455_64.txt water/gen_1777187463_67.txt water/gen_1777187472_70.txt water/gen_1777187480_73.txt water/gen_1777187489_76.txt water/gen_1777187497_79.txt water/gen_1777187505_82.txt water/gen_1777187514_85.txt water/gen_1777187522_88.txt water/gen_1777187530_91.txt water/gen_1777187539_94.txt water/gen_1777187547_97.txt water/gen_1777187555_100.txt water/gen_1777187564_103.txt water/gen_1777187572_106.txt water/gen_1777187580_109.txt water/gen_1777187588_112.txt water/gen_1777187597_115.txt water/gen_1777187605_118.txt water/gen_1777187613_121.txt water/gen_1777187621_124.txt water/gen_1777187630_127.txt water/gen_1777187638_130.txt water/gen_1777187647_133.txt water/gen_1777187655_136.txt water/gen_1777187663_139.txt water/gen_1777187672_142.txt water/gen_1777187680_145.txt water/gen_1777187688_148.txt water/gen_1777187697_151.txt water/gen_1777187705_154.txt water/gen_1777187713_157.txt water/gen_1777187722_160.txt water/gen_1777187730_163.txt water/gen_1777187738_166.txt water/gen_1777187747_169.txt water/gen_1777187755_172.txt water/gen_1777187763_175.txt water/gen_1777187772_178.txt water/gen_1777187780_181.txt water/gen_1777187788_184.txt water/gen_1777187796_187.txt water/gen_1777187805_190.txt water/gen_1777187813_193.txt water/gen_1777187821_196.txt water/gen_1777187830_199.txt water/gen_1777187838_202.txt water/gen_1777187846_205.txt water/gen_1777187854_208.txt water/gen_1777187862_211.txt water/gen_1777187871_214.txt water/gen_1777187879_217.txt water/gen_1777187887_220.txt water/gen_1777187896_223.txt water/gen_1777187904_226.txt water/gen_1777187912_229.txt water/gen_1777187921_232.txt water/gen_1777187929_235.txt water/gen_1777187938_238.txt water/gen_1777187946_241.txt water/gen_1777187954_244.txt water/gen_1777187963_247.txt water/gen_1777187971_250.txt water/gen_1777187979_253.txt water/gen_1777187988_256.txt water/gen_1777187996_259.txt water/gen_1777188004_262.txt water/gen_1777188013_265.txt water/gen_1777188021_268.txt water/gen_1777188029_271.txt water/gen_1777188037_274.txt water/gen_1777188046_277.txt water/gen_1777188054_280.txt water/gen_1777188062_283.txt water/gen_1777188070_286.txt water/gen_1777188079_289.txt water/gen_1777188087_292.txt water/gen_1777188095_295.txt water/gen_1777188103_298.txt water/gen_1777188112_301.txt water/gen_1777188120_304.txt water/gen_1777188128_307.txt water/gen_1777188137_310.txt water/gen_1777188145_313.txt water/gen_1777188153_316.txt water/gen_1777188161_319.txt water/gen_1777188170_322.txt water/gen_1777188178_325.txt water/gen_1777188187_328.txt water/gen_1777188195_331.txt water/gen_1777188203_334.txt water/gen_1777188211_337.txt water/gen_1777188219_340.txt water/gen_1777188228_343.txt water/gen_1777188236_346.txt water/gen_1777188244_349.txt water/gen_1777188252_352.txt water/gen_1777188260_355.txt water/gen_1777188268_358.txt water/gen_1777188277_361.txt water/gen_1777188285_364.txt water/gen_1777188293_367.txt water/gen_1777188301_370.txt water/gen_1777188317_376.txt water/gen_1777188326_379.txt water/gen_1777188334_382.txt water/gen_1777188342_385.txt water/gen_1777188350_388.txt water/gen_1777188359_391.txt water/gen_1777188367_394.txt water/gen_1777188375_397.txt water/gen_1777188383_400.txt water/gen_1777188392_403.txt water/gen_1777188400_406.txt water/gen_1777188409_409.txt water/gen_1777188417_412.txt water/gen_1777188425_415.txt water/gen_1777188434_418.txt water/gen_1777188442_421.txt water/gen_1777188450_424.txt water/gen_1777188458_427.txt water/gen_1777188467_430.txt water/gen_1777188475_433.txt water/gen_1777188483_436.txt water/gen_1777188492_439.txt water/gen_1777188500_442.txt water/gen_1777188508_445.txt water/gen_1777188516_448.txt water/gen_1777188524_451.txt water/gen_1777188532_454.txt water/gen_1777188541_457.txt water/gen_1777188549_460.txt water/gen_1777188557_463.txt water/gen_1777188565_466.txt water/gen_1777188573_469.txt water/gen_1777188581_472.txt water/gen_1777188589_475.txt water/gen_1777188597_478.txt water/gen_1777188605_481.txt water/gen_1777188614_484.txt water/gen_1777188622_487.txt water/gen_1777188630_490.txt water/gen_1777188638_493.txt water/gen_1777188646_496.txt water/gen_1777188655_499.txt water/gen_1777188663_502.txt water/gen_1777188671_505.txt water/gen_1777188679_508.txt water/gen_1777188687_511.txt water/gen_1777188695_514.txt water/gen_1777188703_517.txt water/gen_1777188711_520.txt water/gen_1777188720_523.txt water/gen_1777188728_526.txt water/gen_1777188736_529.txt water/gen_1777188744_532.txt water/gen_1777188752_535.txt water/gen_1777188760_538.txt water/gen_1777188768_541.txt water/gen_1777188777_544.txt water/gen_1777188785_547.txt water/gen_1777188793_550.txt water/gen_1777188801_553.txt water/gen_1777188809_556.txt water/gen_1777188818_559.txt water/gen_1777188826_562.txt water/gen_1777188834_565.txt water/gen_1777188842_568.txt water/gen_1777188850_571.txt water/gen_1777188858_574.txt water/gen_1777188867_577.txt water/gen_1777188875_580.txt water/gen_1777188883_583.txt water/gen_1777188891_586.txt water/gen_1777188899_589.txt water/gen_1777188908_592.txt water/gen_1777188916_595.txt water/gen_1777188932_601.txt water/gen_1777188940_604.txt water/gen_1777188949_607.txt water/gen_1777188957_610.txt water/gen_1777188965_613.txt water/gen_1777188974_616.txt water/gen_1777188982_619.txt water/gen_1777188990_622.txt water/gen_1777188998_625.txt water/gen_1777189006_628.txt water/gen_1777189014_631.txt water/gen_1777189023_634.txt water/gen_1777189031_637.txt water/gen_1777189039_640.txt water/gen_1777189047_643.txt water/gen_1777189055_646.txt water/gen_1777189063_649.txt]
[trainer] micro-train burst (13573 bytes, novelty 0.04) — and lo, it feeds again.
[syntropy] action=explore | trend=0.0000 | field_dev=0.027 | purpose_align=0.136 | lr_mul=1.30
[aml] burst complete: 32 steps, avg loss 1.5354 (memory freed)
[dna] fire wrote 141 bytes to ecology
[dna] fire wrote 45 bytes to ecology
[dna] fire wrote 31 bytes to ecology
[dna] fire wrote 78 bytes to ecology
[dna] fire wrote 31 bytes to ecology
[dna] fire wrote 63 bytes to ecology
[dna] fire wrote 42 bytes to ecology
[dna] fire wrote 32 bytes to ecology
[dna] fire wrote 15 bytes to ecology
[dna] fire wrote 41 bytes to ecology
[dna] fire wrote 50 bytes to ecology
[dna] fire wrote 32 bytes to ecology
[dna] fire wrote 14 bytes to ecology
[dna] fire wrote 152 bytes to ecology
[dna] fire wrote 26 bytes to ecology
[dna] fire wrote 168 bytes to ecology
[debug-onto] tick=50 corpus=135688 stage=2 freeze=0
[dna] fire wrote 79 bytes to ecology
[dna] fire wrote 85 bytes to ecology
[dna] fire wrote 131 bytes to ecology
[dna] fire wrote 44 bytes to ecology
[dna] fire wrote 64 bytes to ecology
[dna] fire wrote 105 bytes to ecology
[dna] fire wrote 151 bytes to ecology
[dna] fire wrote 25 bytes to ecology
[dna] fire wrote 102 bytes to ecology
[dna] fire wrote 37 bytes to ecology
[dna] fire wrote 30 bytes to ecology
[dna] fire wrote 30 bytes to ecology
[dna] fire wrote 77 bytes to ecology
[dna] fire wrote 70 bytes to ecology
[dna] fire wrote 56 bytes to ecology
[dna] fire wrote 147 bytes to ecology
[dna] fire wrote 36 bytes to ecology
[dna] fire wrote 83 bytes to ecology
[debug-onto] tick=100 corpus=135688 stage=2 freeze=0
[dna] fire wrote 23 bytes to ecology
[dna] fire wrote 44 bytes to ecology
[dna] fire wrote 77 bytes to ecology
[dna] fire wrote 81 bytes to ecology
[dna] fire wrote 153 bytes to ecology
[dna] fire wrote 16 bytes to ecology
[dna] fire wrote 18 bytes to ecology
[dna] fire wrote 59 bytes to ecology
[dna] fire wrote 29 bytes to ecology
[dna] fire wrote 45 bytes to ecology
[dna] fire wrote 50 bytes to ecology
[dna] fire wrote 59 bytes to ecology
[dna] fire wrote 81 bytes to ecology
[dna] fire wrote 85 bytes to ecology
[dna] fire wrote 89 bytes to ecology
[dna] fire wrote 42 bytes to ecology
[dna] fire wrote 124 bytes to ecology
[debug-onto] tick=150 corpus=135688 stage=2 freeze=0
[dna] fire wrote 121 bytes to ecology
[dna] fire wrote 61 bytes to ecology
[dna] fire wrote 27 bytes to ecology
[dna] fire wrote 42 bytes to ecology
[dna] fire wrote 35 bytes to ecology
[dna] fire wrote 46 bytes to ecology
[dna] fire wrote 107 bytes to ecology
[dna] fire wrote 79 bytes to ecology
[dna] fire wrote 127 bytes to ecology
[dna] fire wrote 97 bytes to ecology
[dna] fire wrote 209 bytes to ecology
[dna] fire wrote 36 bytes to ecology
[dna] fire wrote 47 bytes to ecology
[dna] fire wrote 95 bytes to ecology
[dna] fire wrote 16 bytes to ecology
[dna] fire wrote 116 bytes to ecology
[dna] fire wrote 47 bytes to ecology
[dna] fire wrote 19 bytes to ecology
[debug-onto] tick=200 corpus=135688 stage=2 freeze=0
[dna] fire wrote 29 bytes to ecology
[dna] fire wrote 85 bytes to ecology
[dna] fire wrote 78 bytes to ecology
[dna] fire wrote 47 bytes to ecology
[dna] fire wrote 156 bytes to ecology
[dna] fire wrote 9 bytes to ecology
[dna] fire wrote 76 bytes to ecology
[dna] fire wrote 34 bytes to ecology
[dna] fire wrote 29 bytes to ecology
[dna] fire wrote 103 bytes to ecology
[dna] fire wrote 33 bytes to ecology
[dna] fire wrote 60 bytes to ecology
[dna] fire wrote 134 bytes to ecology
[dna] fire wrote 130 bytes to ecology
[dna] fire wrote 133 bytes to ecology
[dna] fire wrote 27 bytes to ecology
[dna] fire wrote 44 bytes to ecology
[dna] fire wrote 71 bytes to ecology
[dna] fire wrote 33 bytes to ecology
[debug-onto] tick=250 corpus=135688 stage=2 freeze=0
[dna] fire wrote 77 bytes to ecology
[dna] fire wrote 84 bytes to ecology
[dna] fire wrote 330 bytes to ecology
[dna] fire wrote 129 bytes to ecology
[dna] fire wrote 61 bytes to ecology
[dna] fire wrote 50 bytes to ecology
[dna] fire wrote 28 bytes to ecology
[dna] fire wrote 71 bytes to ecology
[dna] fire wrote 18 bytes to ecology
[dna] fire wrote 25 bytes to ecology
[dna] fire wrote 133 bytes to ecology
[dna] fire wrote 57 bytes to ecology
[dna] fire wrote 19 bytes to ecology
[dna] fire wrote 50 bytes to ecology
[dna] fire wrote 27 bytes to ecology
[dna] fire wrote 27 bytes to ecology
[dna] fire wrote 78 bytes to ecology
[dna] fire wrote 28 bytes to ecology
[debug-onto] tick=300 corpus=135688 stage=2 freeze=0
[dna] fire wrote 85 bytes to ecology
[dna] fire wrote 37 bytes to ecology
[dna] fire wrote 65 bytes to ecology
[dna] fire wrote 40 bytes to ecology
[dna] fire wrote 21 bytes to ecology
[dna] fire wrote 37 bytes to ecology
[dna] fire wrote 31 bytes to ecology
[dna] fire wrote 47 bytes to ecology
[dna] fire wrote 109 bytes to ecology
[dna] fire wrote 59 bytes to ecology
[dna] fire wrote 59 bytes to ecology
[dna] fire wrote 48 bytes to ecology
[dna] fire wrote 50 bytes to ecology
[dna] fire wrote 202 bytes to ecology
[dna] fire wrote 44 bytes to ecology
[dna] fire wrote 23 bytes to ecology
[dna] fire wrote 62 bytes to ecology
[dna] fire wrote 68 bytes to ecology
[dna] fire wrote 60 bytes to ecology
[debug-onto] tick=350 corpus=135688 stage=2 freeze=0
[dna] fire wrote 72 bytes to ecology
[dna] fire wrote 61 bytes to ecology
[dna] fire wrote 119 bytes to ecology
[dna] fire wrote 20 bytes to ecology
[dna] fire wrote 136 bytes to ecology
[dna] fire wrote 23 bytes to ecology
[dna] fire wrote 151 bytes to ecology
[dna] fire wrote 67 bytes to ecology
[dna] fire wrote 52 bytes to ecology
[dna] fire wrote 33 bytes to ecology
[dna] fire wrote 54 bytes to ecology
[dna] fire wrote 32 bytes to ecology
[dna] fire wrote 30 bytes to ecology
[dna] fire wrote 48 bytes to ecology
[dna] fire wrote 33 bytes to ecology
[dna] fire wrote 63 bytes to ecology
[dna] fire wrote 108 bytes to ecology
[dna] fire wrote 99 bytes to ecology
[dna] fire wrote 49 bytes to ecology
[debug-onto] tick=400 corpus=135688 stage=2 freeze=0
[dna] fire wrote 133 bytes to ecology
[dna] fire wrote 25 bytes to ecology
[dna] fire wrote 23 bytes to ecology
[dna] fire wrote 63 bytes to ecology
[dna] fire wrote 40 bytes to ecology
[dna] fire wrote 106 bytes to ecology
[dna] fire wrote 103 bytes to ecology
[dna] fire wrote 48 bytes to ecology
[dna] fire wrote 85 bytes to ecology
[dna] fire wrote 33 bytes to ecology
[dna] fire wrote 74 bytes to ecology
[dna] fire wrote 33 bytes to ecology
[dna] fire wrote 27 bytes to ecology
[dna] fire wrote 133 bytes to ecology
[dna] fire wrote 215 bytes to ecology
[dna] fire wrote 30 bytes to ecology
[dna] fire wrote 67 bytes to ecology
[debug-onto] tick=450 corpus=135688 stage=2 freeze=0
[dna] fire wrote 46 bytes to ecology
[dna] fire wrote 45 bytes to ecology
[dna] fire wrote 132 bytes to ecology
[dna] fire wrote 47 bytes to ecology
[dna] fire wrote 68 bytes to ecology
[dna] fire wrote 11 bytes to ecology
[dna] fire wrote 40 bytes to ecology
[dna] fire wrote 34 bytes to ecology
[dna] fire wrote 253 bytes to ecology
[dna] fire wrote 42 bytes to ecology
[dna] fire wrote 104 bytes to ecology
[dna] fire wrote 44 bytes to ecology
[dna] fire wrote 52 bytes to ecology
[dna] fire wrote 29 bytes to ecology
[dna] fire wrote 28 bytes to ecology
[dna] fire wrote 80 bytes to ecology
[dna] fire wrote 63 bytes to ecology
[dna] fire wrote 49 bytes to ecology
[dna] fire wrote 77 bytes to ecology
[debug-onto] tick=500 corpus=135688 stage=2 freeze=0
[dna] fire wrote 77 bytes to ecology
[dna] fire wrote 49 bytes to ecology
[dna] fire wrote 31 bytes to ecology
[dna] fire wrote 141 bytes to ecology
[dna] fire wrote 32 bytes to ecology
[dna] fire wrote 39 bytes to ecology
[dna] fire wrote 71 bytes to ecology
[dna] fire wrote 67 bytes to ecology
[dna] fire wrote 95 bytes to ecology
[dna] fire wrote 68 bytes to ecology
[dna] fire wrote 73 bytes to ecology
[dna] fire wrote 126 bytes to ecology
[dna] fire wrote 80 bytes to ecology
[dna] fire wrote 100 bytes to ecology
[dna] fire wrote 70 bytes to ecology
[dna] fire wrote 37 bytes to ecology
[dna] fire wrote 117 bytes to ecology
[dna] fire wrote 166 bytes to ecology
[debug-onto] tick=550 corpus=135688 stage=2 freeze=0
[dna] fire wrote 47 bytes to ecology
[dna] fire wrote 31 bytes to ecology
[dna] fire wrote 22 bytes to ecology
[dna] fire wrote 32 bytes to ecology
[dna] fire wrote 23 bytes to ecology
[dna] fire wrote 14 bytes to ecology
[dna] fire wrote 26 bytes to ecology
[dna] fire wrote 55 bytes to ecology
[dna] fire wrote 79 bytes to ecology
[dna] fire wrote 22 bytes to ecology
[dna] fire wrote 85 bytes to ecology
[dna] fire wrote 108 bytes to ecology
[dna] fire wrote 16 bytes to ecology
[dna] fire wrote 78 bytes to ecology
[dna] fire wrote 62 bytes to ecology
[dna] fire wrote 83 bytes to ecology
[dna] fire wrote 21 bytes to ecology
[dna] fire wrote 101 bytes to ecology
[debug-onto] tick=600 corpus=135688 stage=2 freeze=0
[dna] fire wrote 98 bytes to ecology
[dna] fire wrote 71 bytes to ecology
[dna] fire wrote 35 bytes to ecology
[dna] fire wrote 61 bytes to ecology
[dna] fire wrote 86 bytes to ecology
[dna] fire wrote 27 bytes to ecology
[dna] fire wrote 53 bytes to ecology
[dna] fire wrote 50 bytes to ecology
[dna] fire wrote 73 bytes to ecology
[dna] fire wrote 45 bytes to ecology
[dna] fire wrote 102 bytes to ecology
[dna] fire wrote 67 bytes to ecology
[dna] fire wrote 42 bytes to ecology
[dna] fire wrote 53 bytes to ecology
[dna] fire wrote 59 bytes to ecology
[dna] fire wrote 43 bytes to ecology
[dna] fire wrote 160 bytes to ecology
[dna] fire wrote 75 bytes to ecology
[debug-onto] tick=650 corpus=135688 stage=2 freeze=0
[dna] fire wrote 44 bytes to ecology
[dna] fire wrote 42 bytes to ecology
[dna] fire wrote 88 bytes to ecology
[dna] fire wrote 46 bytes to ecology
[dna] fire wrote 157 bytes to ecology
[dna] fire wrote 53 bytes to ecology
[dna] fire wrote 156 bytes to ecology
[dna] fire wrote 26 bytes to ecology
[dna] fire wrote 36 bytes to ecology
[dna] fire wrote 37 bytes to ecology
[dna] fire wrote 45 bytes to ecology
[dna] fire wrote 59 bytes to ecology
[dna] fire wrote 100 bytes to ecology
[dna] fire wrote 32 bytes to ecology
[dna] fire wrote 72 bytes to ecology
[dna] fire wrote 51 bytes to ecology
[dna] fire wrote 34 bytes to ecology
[dna] fire wrote 109 bytes to ecology
[dna] fire wrote 10 bytes to ecology
[debug-onto] tick=700 corpus=135688 stage=2 freeze=0
[dna] fire wrote 109 bytes to ecology
[dna] fire wrote 30 bytes to ecology
[dna] fire wrote 72 bytes to ecology
[dna] fire wrote 71 bytes to ecology
[dna] fire wrote 72 bytes to ecology
[dna] fire wrote 44 bytes to ecology
[dna] fire wrote 40 bytes to ecology
[dna] fire wrote 49 bytes to ecology
[dna] fire wrote 35 bytes to ecology
[dna] fire wrote 41 bytes to ecology
[dna] fire wrote 35 bytes to ecology
[dna] fire wrote 68 bytes to ecology
[dna] fire wrote 86 bytes to ecology
[dna] fire wrote 73 bytes to ecology
[dna] fire wrote 63 bytes to ecology
[dna] fire wrote 44 bytes to ecology
[dna] fire wrote 30 bytes to ecology

[evolution] Organism shutting down gracefully.
