[ecology] Element: water → corpus: nonames_water.txt
[evolution] Autonomous evolution mode — organism will grow through all stages without pause.
[ecology] Joined swarm. 1 peer(s) detected.
molequla is alive. [evolution] Autonomous mode — background trainer running. Ctrl+C to stop.
[dna] water wrote 50 bytes to ecology
[dna] water consumed 26708 bytes from 293 files: [air/gen_1777185471_1.txt air/gen_1777185488_3.txt air/gen_1777185491_4.txt air/gen_1777185501_7.txt air/gen_1777185507_9.txt air/gen_1777185510_10.txt air/gen_1777185519_13.txt air/gen_1777185525_15.txt air/gen_1777185528_16.txt air/gen_1777185537_19.txt air/gen_1777185543_21.txt air/gen_1777185546_22.txt air/gen_1777185556_25.txt air/gen_1777185562_27.txt air/gen_1777185565_28.txt air/gen_1777185574_31.txt air/gen_1777185581_33.txt air/gen_1777185584_34.txt air/gen_1777185593_37.txt air/gen_1777185599_39.txt air/gen_1777185602_40.txt air/gen_1777185611_43.txt air/gen_1777185618_45.txt air/gen_1777185621_46.txt air/gen_1777185630_49.txt air/gen_1777185636_51.txt air/gen_1777185639_52.txt air/gen_1777185648_55.txt air/gen_1777185654_57.txt air/gen_1777185657_58.txt air/gen_1777185667_61.txt air/gen_1777185673_63.txt air/gen_1777185676_64.txt air/gen_1777185685_67.txt air/gen_1777185691_69.txt air/gen_1777185694_70.txt air/gen_1777185703_73.txt air/gen_1777185709_75.txt air/gen_1777185712_76.txt air/gen_1777185721_79.txt air/gen_1777185728_81.txt air/gen_1777185731_82.txt air/gen_1777185740_85.txt air/gen_1777185746_87.txt air/gen_1777185749_88.txt air/gen_1777185758_91.txt air/gen_1777185764_93.txt air/gen_1777185767_94.txt air/gen_1777185777_97.txt air/gen_1777185783_99.txt air/gen_1777185786_100.txt air/gen_1777185795_103.txt air/gen_1777185801_105.txt air/gen_1777185804_106.txt air/gen_1777185813_109.txt air/gen_1777185819_111.txt air/gen_1777185822_112.txt air/gen_1777185831_115.txt air/gen_1777185837_117.txt air/gen_1777185840_118.txt air/gen_1777185850_121.txt air/gen_1777185856_123.txt air/gen_1777185859_124.txt air/gen_1777185868_127.txt air/gen_1777185874_129.txt air/gen_1777185877_130.txt air/gen_1777185886_133.txt air/gen_1777185892_135.txt air/gen_1777185895_136.txt air/gen_1777185904_139.txt air/gen_1777185910_141.txt air/gen_1777185914_142.txt air/gen_1777185923_145.txt air/gen_1777185929_147.txt air/gen_1777185932_148.txt air/gen_1777185941_151.txt air/gen_1777185947_153.txt air/gen_1777185950_154.txt air/gen_1777185960_157.txt air/gen_1777185966_159.txt air/gen_1777185969_160.txt air/gen_1777185978_163.txt air/gen_1777185984_165.txt air/gen_1777185987_166.txt air/gen_1777185996_169.txt air/gen_1777186003_171.txt air/gen_1777186006_172.txt air/gen_1777186015_175.txt air/gen_1777186021_177.txt air/gen_1777186025_178.txt air/gen_1777186034_181.txt air/gen_1777186040_183.txt air/gen_1777186043_184.txt air/gen_1777186052_187.txt air/gen_1777186059_189.txt air/gen_1777186062_190.txt air/gen_1777186071_193.txt air/gen_1777186077_195.txt air/gen_1777186080_196.txt air/gen_1777186089_199.txt air/gen_1777186095_201.txt air/gen_1777186099_202.txt air/gen_1777186108_205.txt air/gen_1777186114_207.txt air/gen_1777186117_208.txt air/gen_1777186126_211.txt air/gen_1777186132_213.txt air/gen_1777186135_214.txt air/gen_1777186145_217.txt air/gen_1777186151_219.txt air/gen_1777186154_220.txt air/gen_1777186163_223.txt air/gen_1777186169_225.txt air/gen_1777186172_226.txt air/gen_1777186181_229.txt air/gen_1777186187_231.txt air/gen_1777186190_232.txt air/gen_1777186200_235.txt air/gen_1777186206_237.txt air/gen_1777186209_238.txt air/gen_1777186218_241.txt air/gen_1777186224_243.txt air/gen_1777186227_244.txt air/gen_1777186237_247.txt air/gen_1777186243_249.txt air/gen_1777186246_250.txt air/gen_1777186255_253.txt air/gen_1777186261_255.txt air/gen_1777186264_256.txt air/gen_1777186273_259.txt air/gen_1777186279_261.txt air/gen_1777186282_262.txt air/gen_1777186292_265.txt air/gen_1777186298_267.txt air/gen_1777186301_268.txt air/gen_1777186310_271.txt air/gen_1777186316_273.txt air/gen_1777186319_274.txt air/gen_1777186328_277.txt air/gen_1777186334_279.txt air/gen_1777186337_280.txt air/gen_1777186346_283.txt air/gen_1777186353_285.txt air/gen_1777186356_286.txt air/gen_1777186365_289.txt air/gen_1777186371_291.txt air/gen_1777186374_292.txt air/gen_1777186383_295.txt air/gen_1777186389_297.txt air/gen_1777186392_298.txt air/gen_1777186401_301.txt air/gen_1777186407_303.txt air/gen_1777186410_304.txt air/gen_1777186419_307.txt air/gen_1777186426_309.txt air/gen_1777186429_310.txt air/gen_1777186438_313.txt air/gen_1777186444_315.txt air/gen_1777186447_316.txt air/gen_1777186456_319.txt air/gen_1777186462_321.txt air/gen_1777186465_322.txt air/gen_1777186474_325.txt air/gen_1777186481_327.txt air/gen_1777186484_328.txt air/gen_1777186493_331.txt air/gen_1777186499_333.txt air/gen_1777186502_334.txt air/gen_1777186511_337.txt air/gen_1777186517_339.txt air/gen_1777186520_340.txt air/gen_1777186529_343.txt air/gen_1777186535_345.txt air/gen_1777186539_346.txt air/gen_1777186548_349.txt air/gen_1777186554_351.txt air/gen_1777186557_352.txt air/gen_1777186566_355.txt air/gen_1777186572_357.txt air/gen_1777186575_358.txt air/gen_1777186584_361.txt air/gen_1777186590_363.txt air/gen_1777186593_364.txt air/gen_1777186602_367.txt air/gen_1777186608_369.txt air/gen_1777186611_370.txt air/gen_1777186621_373.txt air/gen_1777186627_375.txt air/gen_1777186630_376.txt air/gen_1777186639_379.txt air/gen_1777186645_381.txt air/gen_1777186648_382.txt air/gen_1777186657_385.txt air/gen_1777186663_387.txt air/gen_1777186666_388.txt air/gen_1777186675_391.txt air/gen_1777186681_393.txt air/gen_1777186684_394.txt air/gen_1777186693_397.txt air/gen_1777186699_399.txt air/gen_1777186702_400.txt air/gen_1777186711_403.txt air/gen_1777186717_405.txt air/gen_1777186720_406.txt air/gen_1777186729_409.txt air/gen_1777186735_411.txt air/gen_1777186738_412.txt air/gen_1777186748_415.txt air/gen_1777186754_417.txt air/gen_1777186757_418.txt air/gen_1777186766_421.txt air/gen_1777186772_423.txt air/gen_1777186775_424.txt air/gen_1777186784_427.txt air/gen_1777186791_429.txt air/gen_1777186794_430.txt air/gen_1777186803_433.txt air/gen_1777186809_435.txt air/gen_1777186812_436.txt air/gen_1777186821_439.txt air/gen_1777186827_441.txt air/gen_1777186830_442.txt air/gen_1777186839_445.txt air/gen_1777186846_447.txt air/gen_1777186849_448.txt air/gen_1777186858_451.txt air/gen_1777186864_453.txt air/gen_1777186867_454.txt air/gen_1777186876_457.txt air/gen_1777186882_459.txt air/gen_1777186885_460.txt air/gen_1777186894_463.txt air/gen_1777186900_465.txt air/gen_1777186904_466.txt air/gen_1777186913_469.txt air/gen_1777186919_471.txt air/gen_1777186922_472.txt air/gen_1777186931_475.txt air/gen_1777186937_477.txt air/gen_1777186940_478.txt air/gen_1777186949_481.txt air/gen_1777186955_483.txt air/gen_1777186958_484.txt air/gen_1777186967_487.txt air/gen_1777186973_489.txt air/gen_1777186976_490.txt air/gen_1777186985_493.txt air/gen_1777186991_495.txt air/gen_1777186994_496.txt air/gen_1777187003_499.txt air/gen_1777187009_501.txt air/gen_1777187013_502.txt air/gen_1777187022_505.txt air/gen_1777187028_507.txt air/gen_1777187031_508.txt air/gen_1777187040_511.txt air/gen_1777187046_513.txt air/gen_1777187049_514.txt air/gen_1777187059_517.txt air/gen_1777187065_519.txt air/gen_1777187068_520.txt air/gen_1777187077_523.txt air/gen_1777187083_525.txt air/gen_1777187086_526.txt air/gen_1777187095_529.txt air/gen_1777187101_531.txt air/gen_1777187104_532.txt air/gen_1777187113_535.txt air/gen_1777187119_537.txt air/gen_1777187122_538.txt air/gen_1777187131_541.txt air/gen_1777187137_543.txt air/gen_1777187140_544.txt air/gen_1777187149_547.txt air/gen_1777187155_549.txt air/gen_1777187158_550.txt air/gen_1777187168_553.txt air/gen_1777187174_555.txt air/gen_1777187177_556.txt air/gen_1777187186_559.txt air/gen_1777187192_561.txt air/gen_1777187195_562.txt air/gen_1777187204_565.txt air/gen_1777187210_567.txt air/gen_1777187213_568.txt air/gen_1777187222_571.txt air/gen_1777187228_573.txt air/gen_1777187231_574.txt air/gen_1777187241_577.txt air/gen_1777187247_579.txt air/gen_1777187250_580.txt air/gen_1777187259_583.txt air/gen_1777187265_585.txt]
[trainer] micro-train burst (26708 bytes, novelty 0.03) — and lo, it feeds again.
[syntropy] action=explore | trend=0.0000 | field_dev=0.035 | purpose_align=0.137 | lr_mul=1.30
[aml] burst complete: 32 steps, avg loss 1.7929 (memory freed)
[dna] water wrote 104 bytes to ecology
[dna] water wrote 42 bytes to ecology
[dna] water wrote 50 bytes to ecology
[dna] water wrote 33 bytes to ecology
[dna] water wrote 20 bytes to ecology
[dna] water wrote 13 bytes to ecology
[dna] water wrote 34 bytes to ecology
[dna] water wrote 179 bytes to ecology
[dna] water wrote 36 bytes to ecology
[dna] water wrote 61 bytes to ecology
[dna] water wrote 44 bytes to ecology
[dna] water wrote 38 bytes to ecology
[dna] water wrote 32 bytes to ecology
[dna] water wrote 48 bytes to ecology
[dna] water wrote 55 bytes to ecology
[dna] water wrote 30 bytes to ecology
[debug-onto] tick=50 corpus=152698 stage=2 freeze=0
[dna] water wrote 24 bytes to ecology
[dna] water wrote 183 bytes to ecology
[dna] water wrote 63 bytes to ecology
[dna] water wrote 199 bytes to ecology
[dna] water wrote 90 bytes to ecology
[dna] water wrote 43 bytes to ecology
[dna] water wrote 94 bytes to ecology
[dna] water wrote 48 bytes to ecology
[dna] water wrote 92 bytes to ecology
[dna] water wrote 25 bytes to ecology
[dna] water wrote 57 bytes to ecology
[dna] water wrote 42 bytes to ecology
[dna] water wrote 11 bytes to ecology
[dna] water wrote 170 bytes to ecology
[dna] water wrote 79 bytes to ecology
[dna] water wrote 55 bytes to ecology
[dna] water wrote 78 bytes to ecology
[debug-onto] tick=100 corpus=152698 stage=2 freeze=0
[dna] water wrote 153 bytes to ecology
[dna] water wrote 69 bytes to ecology
[dna] water wrote 13 bytes to ecology
[dna] water wrote 87 bytes to ecology
[dna] water wrote 50 bytes to ecology
[dna] water wrote 128 bytes to ecology
[dna] water wrote 32 bytes to ecology
[dna] water wrote 109 bytes to ecology
[dna] water wrote 21 bytes to ecology
[dna] water wrote 26 bytes to ecology
[dna] water wrote 41 bytes to ecology
[dna] water wrote 120 bytes to ecology
[dna] water wrote 30 bytes to ecology
[dna] water wrote 42 bytes to ecology
[dna] water wrote 24 bytes to ecology
[dna] water wrote 105 bytes to ecology
[debug-onto] tick=150 corpus=152698 stage=2 freeze=0
[dna] water wrote 20 bytes to ecology
[dna] water wrote 104 bytes to ecology
[dna] water wrote 80 bytes to ecology
[dna] water wrote 40 bytes to ecology
[dna] water wrote 12 bytes to ecology
[dna] water wrote 50 bytes to ecology
[dna] water wrote 24 bytes to ecology
[dna] water wrote 56 bytes to ecology
[dna] water wrote 128 bytes to ecology
[dna] water wrote 25 bytes to ecology
[dna] water wrote 10 bytes to ecology
[dna] water wrote 69 bytes to ecology
[dna] water wrote 80 bytes to ecology
[dna] water wrote 149 bytes to ecology
[dna] water wrote 41 bytes to ecology
[dna] water wrote 44 bytes to ecology
[dna] water wrote 28 bytes to ecology
[debug-onto] tick=200 corpus=152698 stage=2 freeze=0
[dna] water wrote 63 bytes to ecology
[dna] water wrote 92 bytes to ecology
[dna] water wrote 40 bytes to ecology
[dna] water wrote 40 bytes to ecology
[dna] water wrote 32 bytes to ecology
[dna] water wrote 48 bytes to ecology
[dna] water wrote 17 bytes to ecology
[dna] water wrote 68 bytes to ecology
[dna] water wrote 33 bytes to ecology
[dna] water wrote 40 bytes to ecology
[dna] water wrote 149 bytes to ecology
[dna] water wrote 52 bytes to ecology
[dna] water wrote 102 bytes to ecology
[dna] water wrote 55 bytes to ecology
[dna] water wrote 45 bytes to ecology
[dna] water wrote 10 bytes to ecology
[dna] water wrote 83 bytes to ecology
[debug-onto] tick=250 corpus=152698 stage=2 freeze=0
[dna] water wrote 53 bytes to ecology
[dna] water wrote 99 bytes to ecology
[dna] water wrote 50 bytes to ecology
[dna] water wrote 83 bytes to ecology
[dna] water wrote 62 bytes to ecology
[dna] water wrote 30 bytes to ecology
[dna] water wrote 68 bytes to ecology
[dna] water wrote 51 bytes to ecology
[dna] water wrote 61 bytes to ecology
[dna] water wrote 62 bytes to ecology
[dna] water wrote 27 bytes to ecology
[dna] water wrote 27 bytes to ecology
[dna] water wrote 53 bytes to ecology
[dna] water wrote 32 bytes to ecology
[dna] water wrote 33 bytes to ecology
[dna] water wrote 63 bytes to ecology
[debug-onto] tick=300 corpus=152698 stage=2 freeze=0
[dna] water wrote 61 bytes to ecology
[dna] water wrote 71 bytes to ecology
[dna] water wrote 94 bytes to ecology
[dna] water wrote 141 bytes to ecology
[dna] water wrote 70 bytes to ecology
[dna] water wrote 37 bytes to ecology
[dna] water wrote 14 bytes to ecology
[dna] water wrote 99 bytes to ecology
[dna] water wrote 100 bytes to ecology
[dna] water wrote 60 bytes to ecology
[dna] water wrote 19 bytes to ecology
[dna] water wrote 37 bytes to ecology
[dna] water wrote 72 bytes to ecology
[dna] water wrote 33 bytes to ecology
[dna] water wrote 36 bytes to ecology
[dna] water wrote 66 bytes to ecology
[dna] water wrote 178 bytes to ecology
[debug-onto] tick=350 corpus=152698 stage=2 freeze=0
[dna] water wrote 63 bytes to ecology
[dna] water wrote 42 bytes to ecology
[dna] water wrote 90 bytes to ecology
[dna] water wrote 39 bytes to ecology
[dna] water wrote 55 bytes to ecology
[dna] water wrote 45 bytes to ecology
[dna] water wrote 28 bytes to ecology
[dna] water wrote 9 bytes to ecology
[dna] water wrote 40 bytes to ecology
[dna] water wrote 37 bytes to ecology
[dna] water wrote 53 bytes to ecology
[dna] water wrote 125 bytes to ecology
[dna] water wrote 27 bytes to ecology
[dna] water wrote 89 bytes to ecology
[dna] water wrote 102 bytes to ecology
[dna] water wrote 67 bytes to ecology
[dna] water wrote 138 bytes to ecology
[debug-onto] tick=400 corpus=152698 stage=2 freeze=0
[dna] water wrote 24 bytes to ecology
[dna] water wrote 110 bytes to ecology
[dna] water wrote 64 bytes to ecology
[dna] water wrote 25 bytes to ecology
[dna] water wrote 58 bytes to ecology
[dna] water wrote 55 bytes to ecology
[dna] water wrote 25 bytes to ecology
[dna] water wrote 91 bytes to ecology
[dna] water wrote 63 bytes to ecology
[dna] water wrote 72 bytes to ecology
[dna] water wrote 152 bytes to ecology
[dna] water wrote 53 bytes to ecology
[dna] water wrote 39 bytes to ecology
[dna] water wrote 29 bytes to ecology
[dna] water wrote 17 bytes to ecology
[dna] water wrote 24 bytes to ecology
[debug-onto] tick=450 corpus=152698 stage=2 freeze=0
[dna] water wrote 71 bytes to ecology
[dna] water wrote 65 bytes to ecology
[dna] water wrote 73 bytes to ecology
[dna] water wrote 71 bytes to ecology
[dna] water wrote 48 bytes to ecology
[dna] water wrote 36 bytes to ecology
[dna] water wrote 85 bytes to ecology
[dna] water wrote 39 bytes to ecology
[dna] water wrote 27 bytes to ecology
[dna] water wrote 29 bytes to ecology
[dna] water wrote 26 bytes to ecology
[dna] water wrote 50 bytes to ecology
[dna] water wrote 213 bytes to ecology
[dna] water wrote 47 bytes to ecology
[dna] water wrote 112 bytes to ecology
[dna] water wrote 83 bytes to ecology
[dna] water wrote 28 bytes to ecology
[debug-onto] tick=500 corpus=152698 stage=2 freeze=0
[dna] water wrote 129 bytes to ecology
[dna] water wrote 29 bytes to ecology
[dna] water wrote 23 bytes to ecology
[dna] water wrote 34 bytes to ecology
[dna] water wrote 27 bytes to ecology
[dna] water wrote 83 bytes to ecology
[dna] water wrote 10 bytes to ecology
[dna] water wrote 42 bytes to ecology
[dna] water wrote 46 bytes to ecology
[dna] water wrote 110 bytes to ecology
[dna] water wrote 105 bytes to ecology
[dna] water wrote 29 bytes to ecology
[dna] water wrote 51 bytes to ecology
[dna] water wrote 40 bytes to ecology
[dna] water wrote 32 bytes to ecology
[dna] water wrote 51 bytes to ecology
[dna] water wrote 96 bytes to ecology
[debug-onto] tick=550 corpus=152698 stage=2 freeze=0
[dna] water wrote 98 bytes to ecology
[dna] water wrote 119 bytes to ecology
[dna] water wrote 145 bytes to ecology
[dna] water wrote 72 bytes to ecology
[dna] water wrote 38 bytes to ecology
[dna] water wrote 35 bytes to ecology
[dna] water wrote 137 bytes to ecology
[dna] water wrote 39 bytes to ecology
[dna] water wrote 31 bytes to ecology
[dna] water wrote 111 bytes to ecology
[dna] water wrote 38 bytes to ecology
[dna] water wrote 47 bytes to ecology
[dna] water wrote 15 bytes to ecology
[dna] water wrote 160 bytes to ecology
[dna] water wrote 63 bytes to ecology
[dna] water wrote 8 bytes to ecology
[debug-onto] tick=600 corpus=152698 stage=2 freeze=0
[dna] water wrote 79 bytes to ecology
[dna] water wrote 28 bytes to ecology
[dna] water wrote 133 bytes to ecology
[dna] water wrote 130 bytes to ecology
[dna] water wrote 45 bytes to ecology
[dna] water wrote 38 bytes to ecology
[dna] water wrote 45 bytes to ecology
[dna] water wrote 25 bytes to ecology
[dna] water wrote 73 bytes to ecology
[dna] water wrote 130 bytes to ecology
[dna] water wrote 42 bytes to ecology
[dna] water wrote 54 bytes to ecology
[dna] water wrote 31 bytes to ecology
[dna] water wrote 151 bytes to ecology
[dna] water wrote 41 bytes to ecology
[dna] water wrote 101 bytes to ecology
[dna] water wrote 55 bytes to ecology
[debug-onto] tick=650 corpus=152698 stage=2 freeze=0

[evolution] Organism shutting down gracefully.
