[ecology] Element: fire → corpus: nonames_fire.txt
[evolution] Autonomous evolution mode — organism will grow through all stages without pause.
[ecology] Joined swarm. 1 peer(s) detected.
molequla is alive. [evolution] Autonomous mode — background trainer running. Ctrl+C to stop.
[dna] fire wrote 24 bytes to ecology
[dna] fire consumed 11436 bytes from 216 files: [water/gen_1777361423_1.txt water/gen_1777361439_4.txt water/gen_1777361447_7.txt water/gen_1777361456_10.txt water/gen_1777361464_13.txt water/gen_1777361472_16.txt water/gen_1777361481_19.txt water/gen_1777361489_22.txt water/gen_1777361497_25.txt water/gen_1777361506_28.txt water/gen_1777361514_31.txt water/gen_1777361522_34.txt water/gen_1777361531_37.txt water/gen_1777361539_40.txt water/gen_1777361547_43.txt water/gen_1777361556_46.txt water/gen_1777361573_52.txt water/gen_1777361581_55.txt water/gen_1777361589_58.txt water/gen_1777361606_64.txt water/gen_1777361614_67.txt water/gen_1777361622_70.txt water/gen_1777361630_73.txt water/gen_1777361638_76.txt water/gen_1777361647_79.txt water/gen_1777361655_82.txt water/gen_1777361663_85.txt water/gen_1777361671_88.txt water/gen_1777361679_91.txt water/gen_1777361687_94.txt water/gen_1777361695_97.txt water/gen_1777361703_100.txt water/gen_1777361711_103.txt water/gen_1777361719_106.txt water/gen_1777361727_109.txt water/gen_1777361735_112.txt water/gen_1777361743_115.txt water/gen_1777361751_118.txt water/gen_1777361759_121.txt water/gen_1777361767_124.txt water/gen_1777361775_127.txt water/gen_1777361783_130.txt water/gen_1777361791_133.txt water/gen_1777361799_136.txt water/gen_1777361807_139.txt water/gen_1777361815_142.txt water/gen_1777361823_145.txt water/gen_1777361830_148.txt water/gen_1777361838_151.txt water/gen_1777361846_154.txt water/gen_1777361854_157.txt water/gen_1777361862_160.txt water/gen_1777361870_163.txt water/gen_1777361878_166.txt water/gen_1777361886_169.txt water/gen_1777361894_172.txt water/gen_1777361902_175.txt water/gen_1777361910_178.txt water/gen_1777361918_181.txt water/gen_1777361926_184.txt water/gen_1777361933_187.txt water/gen_1777361941_190.txt water/gen_1777361949_193.txt water/gen_1777361957_196.txt water/gen_1777361965_199.txt water/gen_1777361973_202.txt water/gen_1777361981_205.txt water/gen_1777361989_208.txt water/gen_1777361997_211.txt water/gen_1777362005_214.txt water/gen_1777362013_217.txt water/gen_1777362021_220.txt water/gen_1777362028_223.txt water/gen_1777362036_226.txt water/gen_1777362044_229.txt water/gen_1777362052_232.txt water/gen_1777362060_235.txt water/gen_1777362068_238.txt water/gen_1777362076_241.txt water/gen_1777362084_244.txt water/gen_1777362100_250.txt water/gen_1777362108_253.txt water/gen_1777362116_256.txt water/gen_1777362124_259.txt water/gen_1777362132_262.txt water/gen_1777362141_265.txt water/gen_1777362149_268.txt water/gen_1777362157_271.txt water/gen_1777362165_274.txt water/gen_1777362173_277.txt water/gen_1777362181_280.txt water/gen_1777362189_283.txt water/gen_1777362197_286.txt water/gen_1777362205_289.txt water/gen_1777362212_292.txt water/gen_1777362244_304.txt water/gen_1777362252_307.txt water/gen_1777362260_310.txt water/gen_1777362268_313.txt water/gen_1777362276_316.txt water/gen_1777362284_319.txt water/gen_1777362292_322.txt water/gen_1777362300_325.txt water/gen_1777362308_328.txt water/gen_1777362316_331.txt water/gen_1777362323_334.txt water/gen_1777362331_337.txt water/gen_1777362339_340.txt water/gen_1777362347_343.txt water/gen_1777362355_346.txt water/gen_1777362364_349.txt water/gen_1777362372_352.txt water/gen_1777362380_355.txt water/gen_1777362388_358.txt water/gen_1777362396_361.txt water/gen_1777362404_364.txt water/gen_1777362412_367.txt water/gen_1777362420_370.txt water/gen_1777362428_373.txt water/gen_1777362436_376.txt water/gen_1777362444_379.txt water/gen_1777362452_382.txt water/gen_1777362460_385.txt water/gen_1777362469_388.txt water/gen_1777362477_391.txt water/gen_1777362485_394.txt water/gen_1777362493_397.txt water/gen_1777362501_400.txt water/gen_1777362509_403.txt water/gen_1777362517_406.txt water/gen_1777362524_409.txt water/gen_1777362532_412.txt water/gen_1777362540_415.txt water/gen_1777362548_418.txt water/gen_1777362556_421.txt water/gen_1777362564_424.txt water/gen_1777362572_427.txt water/gen_1777362580_430.txt water/gen_1777362588_433.txt water/gen_1777362596_436.txt water/gen_1777362604_439.txt water/gen_1777362612_442.txt water/gen_1777362620_445.txt water/gen_1777362628_448.txt water/gen_1777362636_451.txt water/gen_1777362644_454.txt water/gen_1777362652_457.txt water/gen_1777362659_460.txt water/gen_1777362667_463.txt water/gen_1777362683_469.txt water/gen_1777362691_472.txt water/gen_1777362699_475.txt water/gen_1777362707_478.txt water/gen_1777362715_481.txt water/gen_1777362723_484.txt water/gen_1777362731_487.txt water/gen_1777362739_490.txt water/gen_1777362747_493.txt water/gen_1777362755_496.txt water/gen_1777362763_499.txt water/gen_1777362771_502.txt water/gen_1777362778_505.txt water/gen_1777362786_508.txt water/gen_1777362794_511.txt water/gen_1777362802_514.txt water/gen_1777362810_517.txt water/gen_1777362818_520.txt water/gen_1777362826_523.txt water/gen_1777362834_526.txt water/gen_1777362842_529.txt water/gen_1777362850_532.txt water/gen_1777362858_535.txt water/gen_1777362866_538.txt water/gen_1777362873_541.txt water/gen_1777362881_544.txt water/gen_1777362889_547.txt water/gen_1777362897_550.txt water/gen_1777362906_553.txt water/gen_1777362914_556.txt water/gen_1777362922_559.txt water/gen_1777362930_562.txt water/gen_1777362938_565.txt water/gen_1777362946_568.txt water/gen_1777362954_571.txt water/gen_1777362962_574.txt water/gen_1777362971_577.txt water/gen_1777362979_580.txt water/gen_1777362987_583.txt water/gen_1777362995_586.txt water/gen_1777363003_589.txt water/gen_1777363012_592.txt water/gen_1777363020_595.txt water/gen_1777363028_598.txt water/gen_1777363036_601.txt water/gen_1777363045_604.txt water/gen_1777363053_607.txt water/gen_1777363061_610.txt water/gen_1777363069_613.txt water/gen_1777363077_616.txt water/gen_1777363085_619.txt water/gen_1777363093_622.txt water/gen_1777363101_625.txt water/gen_1777363109_628.txt water/gen_1777363117_631.txt water/gen_1777363125_634.txt water/gen_1777363134_637.txt water/gen_1777363142_640.txt water/gen_1777363150_643.txt water/gen_1777363158_646.txt water/gen_1777363166_649.txt water/gen_1777363174_652.txt water/gen_1777363182_655.txt water/gen_1777363190_658.txt water/gen_1777363198_661.txt water/gen_1777363206_664.txt water/gen_1777363214_667.txt]
[trainer] micro-train burst (11436 bytes, novelty 0.04) — and lo, it feeds again.
[syntropy] action=explore | trend=0.0000 | field_dev=0.008 | purpose_align=0.003 | lr_mul=1.30
[aml] burst complete: 32 steps, avg loss 1.5620 (memory freed)
[dna] fire wrote 40 bytes to ecology
[dna] fire wrote 128 bytes to ecology
[dna] fire wrote 174 bytes to ecology
[dna] fire wrote 93 bytes to ecology
[dna] fire wrote 35 bytes to ecology
[dna] fire wrote 98 bytes to ecology
[dna] fire wrote 45 bytes to ecology
[dna] fire wrote 41 bytes to ecology
[dna] fire wrote 205 bytes to ecology
[dna] fire wrote 31 bytes to ecology
[dna] fire wrote 44 bytes to ecology
[dna] fire wrote 43 bytes to ecology
[dna] fire wrote 60 bytes to ecology
[dna] fire wrote 81 bytes to ecology
[dna] fire wrote 65 bytes to ecology
[dna] fire wrote 117 bytes to ecology
[debug-onto] tick=50 corpus=133552 stage=2 freeze=0
[dna] fire wrote 106 bytes to ecology
[dna] fire wrote 118 bytes to ecology
[dna] fire wrote 45 bytes to ecology
[dna] fire wrote 25 bytes to ecology
[dna] fire wrote 41 bytes to ecology
[dna] fire wrote 40 bytes to ecology
[dna] fire wrote 54 bytes to ecology
[dna] fire wrote 24 bytes to ecology
[dna] fire wrote 98 bytes to ecology
[dna] fire wrote 46 bytes to ecology
[dna] fire wrote 124 bytes to ecology
[dna] fire wrote 75 bytes to ecology
[dna] fire wrote 32 bytes to ecology
[dna] fire wrote 73 bytes to ecology
[dna] fire wrote 83 bytes to ecology
[dna] fire wrote 59 bytes to ecology
[dna] fire wrote 12 bytes to ecology
[debug-onto] tick=100 corpus=133552 stage=2 freeze=0
[dna] fire wrote 46 bytes to ecology
[dna] fire wrote 53 bytes to ecology
[dna] fire wrote 58 bytes to ecology
[dna] fire wrote 31 bytes to ecology
[dna] fire wrote 49 bytes to ecology
[dna] fire wrote 33 bytes to ecology
[dna] fire wrote 21 bytes to ecology
[dna] fire wrote 59 bytes to ecology
[dna] fire wrote 189 bytes to ecology
[dna] fire wrote 12 bytes to ecology
[dna] fire wrote 57 bytes to ecology
[dna] fire wrote 42 bytes to ecology
[dna] fire wrote 41 bytes to ecology
[dna] fire wrote 12 bytes to ecology
[dna] fire wrote 15 bytes to ecology
[dna] fire wrote 22 bytes to ecology
[debug-onto] tick=150 corpus=133552 stage=2 freeze=0
[dna] fire wrote 17 bytes to ecology
[dna] fire wrote 22 bytes to ecology
[dna] fire wrote 15 bytes to ecology
[dna] fire wrote 57 bytes to ecology
[dna] fire wrote 25 bytes to ecology
[dna] fire wrote 44 bytes to ecology
[dna] fire wrote 12 bytes to ecology
[dna] fire wrote 43 bytes to ecology
[dna] fire wrote 84 bytes to ecology
[dna] fire wrote 24 bytes to ecology
[dna] fire wrote 72 bytes to ecology
[dna] fire wrote 29 bytes to ecology
[dna] fire wrote 101 bytes to ecology
[dna] fire wrote 72 bytes to ecology
[dna] fire wrote 67 bytes to ecology
[dna] fire wrote 32 bytes to ecology
[dna] fire wrote 58 bytes to ecology
[debug-onto] tick=200 corpus=133552 stage=2 freeze=0
[dna] fire wrote 60 bytes to ecology
[dna] fire wrote 53 bytes to ecology
[dna] fire wrote 32 bytes to ecology
[dna] fire wrote 48 bytes to ecology
[dna] fire wrote 15 bytes to ecology
[dna] fire wrote 58 bytes to ecology
[dna] fire wrote 49 bytes to ecology
[dna] fire wrote 41 bytes to ecology
[dna] fire wrote 16 bytes to ecology
[dna] fire wrote 80 bytes to ecology
[dna] fire wrote 39 bytes to ecology
[dna] fire wrote 71 bytes to ecology
[dna] fire wrote 32 bytes to ecology
[dna] fire wrote 89 bytes to ecology
[dna] fire wrote 101 bytes to ecology
[dna] fire wrote 32 bytes to ecology
[dna] fire wrote 88 bytes to ecology
[debug-onto] tick=250 corpus=133552 stage=2 freeze=0
[dna] fire wrote 57 bytes to ecology
[dna] fire wrote 91 bytes to ecology
[dna] fire wrote 23 bytes to ecology
[dna] fire wrote 35 bytes to ecology
[dna] fire wrote 32 bytes to ecology
[dna] fire wrote 45 bytes to ecology
[dna] fire wrote 65 bytes to ecology
[dna] fire wrote 94 bytes to ecology
[dna] fire wrote 37 bytes to ecology
[dna] fire wrote 58 bytes to ecology
[dna] fire wrote 38 bytes to ecology
[dna] fire wrote 234 bytes to ecology
[dna] fire wrote 30 bytes to ecology
[dna] fire wrote 111 bytes to ecology
[dna] fire wrote 12 bytes to ecology
[dna] fire wrote 57 bytes to ecology
[debug-onto] tick=300 corpus=133552 stage=2 freeze=0
[dna] fire wrote 58 bytes to ecology
[dna] fire wrote 55 bytes to ecology
[dna] fire wrote 34 bytes to ecology
[dna] fire wrote 9 bytes to ecology
[dna] fire wrote 40 bytes to ecology
[dna] fire wrote 93 bytes to ecology
[dna] fire wrote 92 bytes to ecology
[dna] fire wrote 80 bytes to ecology
[dna] fire wrote 28 bytes to ecology
[dna] fire wrote 51 bytes to ecology
[dna] fire wrote 38 bytes to ecology
[dna] fire wrote 51 bytes to ecology
[dna] fire wrote 30 bytes to ecology
[dna] fire wrote 117 bytes to ecology
[dna] fire wrote 75 bytes to ecology
[dna] fire wrote 100 bytes to ecology
[dna] fire wrote 97 bytes to ecology
[debug-onto] tick=350 corpus=133552 stage=2 freeze=0
[dna] fire wrote 42 bytes to ecology
[dna] fire wrote 26 bytes to ecology
[dna] fire wrote 42 bytes to ecology
[dna] fire wrote 96 bytes to ecology
[dna] fire wrote 91 bytes to ecology
[dna] fire wrote 35 bytes to ecology
[dna] fire wrote 83 bytes to ecology
[dna] fire wrote 43 bytes to ecology
[dna] fire wrote 55 bytes to ecology
[dna] fire wrote 25 bytes to ecology
[dna] fire wrote 7 bytes to ecology
[dna] fire wrote 95 bytes to ecology
[dna] fire wrote 104 bytes to ecology
[dna] fire wrote 26 bytes to ecology
[dna] fire wrote 9 bytes to ecology
[dna] fire wrote 37 bytes to ecology
[dna] fire wrote 37 bytes to ecology
[debug-onto] tick=400 corpus=133552 stage=2 freeze=0
[dna] fire wrote 59 bytes to ecology
[dna] fire wrote 98 bytes to ecology
[dna] fire wrote 68 bytes to ecology
[dna] fire wrote 43 bytes to ecology
[dna] fire wrote 35 bytes to ecology
[dna] fire wrote 36 bytes to ecology
[dna] fire wrote 30 bytes to ecology
[dna] fire wrote 74 bytes to ecology
[dna] fire wrote 21 bytes to ecology
[dna] fire wrote 90 bytes to ecology
[dna] fire wrote 40 bytes to ecology
[dna] fire wrote 105 bytes to ecology
[dna] fire wrote 20 bytes to ecology
[dna] fire wrote 79 bytes to ecology
[dna] fire wrote 52 bytes to ecology
[dna] fire wrote 50 bytes to ecology
[debug-onto] tick=450 corpus=133552 stage=2 freeze=0
[dna] fire wrote 21 bytes to ecology
[dna] fire wrote 113 bytes to ecology
[dna] fire wrote 49 bytes to ecology
[dna] fire wrote 46 bytes to ecology
[dna] fire wrote 50 bytes to ecology
[dna] fire wrote 85 bytes to ecology
[dna] fire wrote 37 bytes to ecology
[dna] fire wrote 38 bytes to ecology
[dna] fire wrote 86 bytes to ecology
[dna] fire wrote 42 bytes to ecology
[dna] fire wrote 99 bytes to ecology
[dna] fire wrote 55 bytes to ecology
[dna] fire wrote 119 bytes to ecology
[dna] fire wrote 20 bytes to ecology
[dna] fire wrote 48 bytes to ecology
[dna] fire wrote 30 bytes to ecology
[dna] fire wrote 19 bytes to ecology
[debug-onto] tick=500 corpus=133552 stage=2 freeze=0
[dna] fire wrote 47 bytes to ecology
[dna] fire wrote 40 bytes to ecology
[dna] fire wrote 85 bytes to ecology
[dna] fire wrote 29 bytes to ecology
[dna] fire wrote 16 bytes to ecology
[dna] fire wrote 26 bytes to ecology
[dna] fire wrote 103 bytes to ecology
[dna] fire wrote 43 bytes to ecology
[dna] fire wrote 13 bytes to ecology
[dna] fire wrote 70 bytes to ecology
[dna] fire wrote 118 bytes to ecology
[dna] fire wrote 42 bytes to ecology
[dna] fire wrote 48 bytes to ecology
[dna] fire wrote 86 bytes to ecology
[dna] fire wrote 46 bytes to ecology
[dna] fire wrote 31 bytes to ecology
[dna] fire wrote 26 bytes to ecology
[debug-onto] tick=550 corpus=133552 stage=2 freeze=0
[dna] fire wrote 60 bytes to ecology
[dna] fire wrote 122 bytes to ecology
[dna] fire wrote 62 bytes to ecology
[dna] fire wrote 99 bytes to ecology
[dna] fire wrote 22 bytes to ecology
[dna] fire wrote 51 bytes to ecology
[dna] fire wrote 56 bytes to ecology
[dna] fire wrote 168 bytes to ecology
[dna] fire wrote 39 bytes to ecology
[dna] fire wrote 20 bytes to ecology
[dna] fire wrote 58 bytes to ecology
[dna] fire wrote 83 bytes to ecology
[dna] fire wrote 41 bytes to ecology
[dna] fire wrote 18 bytes to ecology
[dna] fire wrote 24 bytes to ecology
[dna] fire wrote 48 bytes to ecology
[debug-onto] tick=600 corpus=133552 stage=2 freeze=0
[dna] fire wrote 25 bytes to ecology
[dna] fire wrote 44 bytes to ecology
[dna] fire wrote 14 bytes to ecology
[dna] fire wrote 33 bytes to ecology
[dna] fire wrote 99 bytes to ecology
[dna] fire wrote 76 bytes to ecology
[dna] fire wrote 28 bytes to ecology
[dna] fire wrote 35 bytes to ecology
[dna] fire wrote 53 bytes to ecology
[dna] fire wrote 43 bytes to ecology
[dna] fire wrote 20 bytes to ecology
[dna] fire wrote 11 bytes to ecology
[dna] fire wrote 92 bytes to ecology
[dna] fire wrote 81 bytes to ecology
[dna] fire wrote 54 bytes to ecology
[dna] fire wrote 46 bytes to ecology
[dna] fire wrote 24 bytes to ecology
[debug-onto] tick=650 corpus=133552 stage=2 freeze=0
[dna] fire wrote 20 bytes to ecology
[dna] fire wrote 36 bytes to ecology
[dna] fire wrote 73 bytes to ecology
[dna] fire wrote 36 bytes to ecology
[dna] fire wrote 127 bytes to ecology
[dna] fire wrote 64 bytes to ecology
[dna] fire wrote 56 bytes to ecology
[dna] fire wrote 54 bytes to ecology
[dna] fire wrote 29 bytes to ecology
[dna] fire wrote 10 bytes to ecology
[dna] fire wrote 65 bytes to ecology
[dna] fire wrote 30 bytes to ecology
[dna] fire wrote 87 bytes to ecology
[dna] fire wrote 60 bytes to ecology
[dna] fire wrote 56 bytes to ecology
[dna] fire wrote 31 bytes to ecology
[dna] fire wrote 31 bytes to ecology
[debug-onto] tick=700 corpus=133552 stage=2 freeze=0
[dna] fire wrote 67 bytes to ecology
[dna] fire wrote 81 bytes to ecology
[dna] fire wrote 133 bytes to ecology

[evolution] Organism shutting down gracefully.
