[ecology] Element: water → corpus: nonames_water.txt
[evolution] Autonomous evolution mode — organism will grow through all stages without pause.
[ecology] Joined swarm. 1 peer(s) detected.
molequla is alive. [evolution] Autonomous mode — background trainer running. Ctrl+C to stop.
[dna] water wrote 15 bytes to ecology
[dna] water consumed 13497 bytes from 220 files: [air/gen_1777359622_1.txt air/gen_1777359639_4.txt air/gen_1777359647_7.txt air/gen_1777359655_10.txt air/gen_1777359663_13.txt air/gen_1777359671_16.txt air/gen_1777359679_19.txt air/gen_1777359687_22.txt air/gen_1777359695_25.txt air/gen_1777359703_28.txt air/gen_1777359711_31.txt air/gen_1777359719_34.txt air/gen_1777359726_37.txt air/gen_1777359734_40.txt air/gen_1777359742_43.txt air/gen_1777359750_46.txt air/gen_1777359758_49.txt air/gen_1777359766_52.txt air/gen_1777359774_55.txt air/gen_1777359782_58.txt air/gen_1777359790_61.txt air/gen_1777359798_64.txt air/gen_1777359805_67.txt air/gen_1777359813_70.txt air/gen_1777359821_73.txt air/gen_1777359829_76.txt air/gen_1777359837_79.txt air/gen_1777359845_82.txt air/gen_1777359853_85.txt air/gen_1777359861_88.txt air/gen_1777359869_91.txt air/gen_1777359877_94.txt air/gen_1777359885_97.txt air/gen_1777359892_100.txt air/gen_1777359900_103.txt air/gen_1777359907_106.txt air/gen_1777359915_109.txt air/gen_1777359923_112.txt air/gen_1777359930_115.txt air/gen_1777359938_118.txt air/gen_1777359946_121.txt air/gen_1777359953_124.txt air/gen_1777359961_127.txt air/gen_1777359969_130.txt air/gen_1777359984_136.txt air/gen_1777359992_139.txt air/gen_1777359999_142.txt air/gen_1777360007_145.txt air/gen_1777360015_148.txt air/gen_1777360023_151.txt air/gen_1777360030_154.txt air/gen_1777360038_157.txt air/gen_1777360046_160.txt air/gen_1777360053_163.txt air/gen_1777360061_166.txt air/gen_1777360069_169.txt air/gen_1777360077_172.txt air/gen_1777360084_175.txt air/gen_1777360092_178.txt air/gen_1777360100_181.txt air/gen_1777360108_184.txt air/gen_1777360116_187.txt air/gen_1777360123_190.txt air/gen_1777360131_193.txt air/gen_1777360139_196.txt air/gen_1777360147_199.txt air/gen_1777360154_202.txt air/gen_1777360162_205.txt air/gen_1777360170_208.txt air/gen_1777360177_211.txt air/gen_1777360185_214.txt air/gen_1777360193_217.txt air/gen_1777360201_220.txt air/gen_1777360208_223.txt air/gen_1777360216_226.txt air/gen_1777360224_229.txt air/gen_1777360232_232.txt air/gen_1777360240_235.txt air/gen_1777360248_238.txt air/gen_1777360256_241.txt air/gen_1777360264_244.txt air/gen_1777360272_247.txt air/gen_1777360280_250.txt air/gen_1777360288_253.txt air/gen_1777360296_256.txt air/gen_1777360304_259.txt air/gen_1777360312_262.txt air/gen_1777360320_265.txt air/gen_1777360328_268.txt air/gen_1777360336_271.txt air/gen_1777360345_274.txt air/gen_1777360353_277.txt air/gen_1777360361_280.txt air/gen_1777360369_283.txt air/gen_1777360377_286.txt air/gen_1777360385_289.txt air/gen_1777360393_292.txt air/gen_1777360401_295.txt air/gen_1777360409_298.txt air/gen_1777360417_301.txt air/gen_1777360425_304.txt air/gen_1777360433_307.txt air/gen_1777360441_310.txt air/gen_1777360450_313.txt air/gen_1777360458_316.txt air/gen_1777360466_319.txt air/gen_1777360474_322.txt air/gen_1777360482_325.txt air/gen_1777360490_328.txt air/gen_1777360498_331.txt air/gen_1777360506_334.txt air/gen_1777360514_337.txt air/gen_1777360522_340.txt air/gen_1777360530_343.txt air/gen_1777360538_346.txt air/gen_1777360546_349.txt air/gen_1777360554_352.txt air/gen_1777360562_355.txt air/gen_1777360570_358.txt air/gen_1777360578_361.txt air/gen_1777360586_364.txt air/gen_1777360594_367.txt air/gen_1777360602_370.txt air/gen_1777360610_373.txt air/gen_1777360618_376.txt air/gen_1777360627_379.txt air/gen_1777360635_382.txt air/gen_1777360643_385.txt air/gen_1777360651_388.txt air/gen_1777360659_391.txt air/gen_1777360667_394.txt air/gen_1777360675_397.txt air/gen_1777360683_400.txt air/gen_1777360691_403.txt air/gen_1777360699_406.txt air/gen_1777360707_409.txt air/gen_1777360715_412.txt air/gen_1777360730_418.txt air/gen_1777360738_421.txt air/gen_1777360746_424.txt air/gen_1777360754_427.txt air/gen_1777360762_430.txt air/gen_1777360770_433.txt air/gen_1777360777_436.txt air/gen_1777360785_439.txt air/gen_1777360793_442.txt air/gen_1777360801_445.txt air/gen_1777360809_448.txt air/gen_1777360817_451.txt air/gen_1777360825_454.txt air/gen_1777360833_457.txt air/gen_1777360841_460.txt air/gen_1777360849_463.txt air/gen_1777360857_466.txt air/gen_1777360865_469.txt air/gen_1777360873_472.txt air/gen_1777360881_475.txt air/gen_1777360889_478.txt air/gen_1777360897_481.txt air/gen_1777360905_484.txt air/gen_1777360913_487.txt air/gen_1777360920_490.txt air/gen_1777360928_493.txt air/gen_1777360936_496.txt air/gen_1777360944_499.txt air/gen_1777360952_502.txt air/gen_1777360960_505.txt air/gen_1777360968_508.txt air/gen_1777360976_511.txt air/gen_1777360984_514.txt air/gen_1777360992_517.txt air/gen_1777361000_520.txt air/gen_1777361007_523.txt air/gen_1777361015_526.txt air/gen_1777361023_529.txt air/gen_1777361031_532.txt air/gen_1777361040_535.txt air/gen_1777361048_538.txt air/gen_1777361056_541.txt air/gen_1777361063_544.txt air/gen_1777361071_547.txt air/gen_1777361087_553.txt air/gen_1777361095_556.txt air/gen_1777361104_559.txt air/gen_1777361112_562.txt air/gen_1777361119_565.txt air/gen_1777361127_568.txt air/gen_1777361135_571.txt air/gen_1777361143_574.txt air/gen_1777361151_577.txt air/gen_1777361159_580.txt air/gen_1777361167_583.txt air/gen_1777361175_586.txt air/gen_1777361183_589.txt air/gen_1777361191_592.txt air/gen_1777361199_595.txt air/gen_1777361207_598.txt air/gen_1777361215_601.txt air/gen_1777361223_604.txt air/gen_1777361239_610.txt air/gen_1777361247_613.txt air/gen_1777361255_616.txt air/gen_1777361263_619.txt air/gen_1777361271_622.txt air/gen_1777361279_625.txt air/gen_1777361287_628.txt air/gen_1777361295_631.txt air/gen_1777361303_634.txt air/gen_1777361319_640.txt air/gen_1777361327_643.txt air/gen_1777361335_646.txt air/gen_1777361343_649.txt air/gen_1777361351_652.txt air/gen_1777361359_655.txt air/gen_1777361367_658.txt air/gen_1777361376_661.txt air/gen_1777361384_664.txt air/gen_1777361400_670.txt air/gen_1777361408_673.txt air/gen_1777361416_676.txt]
[trainer] micro-train burst (13497 bytes, novelty 0.04) — and lo, it feeds again.
[syntropy] action=explore | trend=0.0000 | field_dev=0.004 | purpose_align=0.011 | lr_mul=1.30
[aml] burst complete: 32 steps, avg loss 1.6287 (memory freed)
[dna] water wrote 23 bytes to ecology
[dna] water wrote 35 bytes to ecology
[dna] water wrote 176 bytes to ecology
[dna] water wrote 28 bytes to ecology
[dna] water wrote 43 bytes to ecology
[dna] water wrote 10 bytes to ecology
[dna] water wrote 53 bytes to ecology
[dna] water wrote 73 bytes to ecology
[dna] water wrote 56 bytes to ecology
[dna] water wrote 88 bytes to ecology
[dna] water wrote 18 bytes to ecology
[dna] water wrote 39 bytes to ecology
[dna] water wrote 51 bytes to ecology
[dna] water wrote 38 bytes to ecology
[dna] water wrote 62 bytes to ecology
[dna] water wrote 7 bytes to ecology
[debug-onto] tick=50 corpus=139414 stage=2 freeze=0
[dna] water wrote 71 bytes to ecology
[dna] water wrote 53 bytes to ecology
[dna] water wrote 11 bytes to ecology
[dna] water wrote 57 bytes to ecology
[dna] water wrote 35 bytes to ecology
[dna] water wrote 153 bytes to ecology
[dna] water wrote 32 bytes to ecology
[dna] water wrote 31 bytes to ecology
[dna] water wrote 13 bytes to ecology
[dna] water wrote 62 bytes to ecology
[dna] water wrote 109 bytes to ecology
[dna] water wrote 42 bytes to ecology
[dna] water wrote 40 bytes to ecology
[dna] water wrote 34 bytes to ecology
[dna] water wrote 45 bytes to ecology
[dna] water wrote 19 bytes to ecology
[debug-onto] tick=100 corpus=139414 stage=2 freeze=0
[dna] water wrote 143 bytes to ecology
[dna] water wrote 34 bytes to ecology
[dna] water wrote 11 bytes to ecology
[dna] water wrote 62 bytes to ecology
[dna] water wrote 29 bytes to ecology
[dna] water wrote 16 bytes to ecology
[dna] water wrote 93 bytes to ecology
[dna] water wrote 33 bytes to ecology
[dna] water wrote 39 bytes to ecology
[dna] water wrote 32 bytes to ecology
[dna] water wrote 42 bytes to ecology
[dna] water wrote 100 bytes to ecology
[dna] water wrote 26 bytes to ecology
[dna] water wrote 145 bytes to ecology
[dna] water wrote 30 bytes to ecology
[dna] water wrote 42 bytes to ecology
[debug-onto] tick=150 corpus=139414 stage=2 freeze=0
[dna] water wrote 117 bytes to ecology
[dna] water wrote 34 bytes to ecology
[dna] water wrote 98 bytes to ecology
[dna] water wrote 42 bytes to ecology
[dna] water wrote 11 bytes to ecology
[dna] water wrote 14 bytes to ecology
[dna] water wrote 163 bytes to ecology
[dna] water wrote 74 bytes to ecology
[dna] water wrote 33 bytes to ecology
[dna] water wrote 35 bytes to ecology
[dna] water wrote 45 bytes to ecology
[dna] water wrote 22 bytes to ecology
[dna] water wrote 24 bytes to ecology
[dna] water wrote 29 bytes to ecology
[dna] water wrote 15 bytes to ecology
[dna] water wrote 26 bytes to ecology
[dna] water wrote 28 bytes to ecology
[debug-onto] tick=200 corpus=139414 stage=2 freeze=0
[dna] water wrote 107 bytes to ecology
[dna] water wrote 16 bytes to ecology
[dna] water wrote 26 bytes to ecology
[dna] water wrote 20 bytes to ecology
[dna] water wrote 23 bytes to ecology
[dna] water wrote 90 bytes to ecology
[dna] water wrote 69 bytes to ecology
[dna] water wrote 13 bytes to ecology
[dna] water wrote 44 bytes to ecology
[dna] water wrote 22 bytes to ecology
[dna] water wrote 30 bytes to ecology
[dna] water wrote 47 bytes to ecology
[dna] water wrote 12 bytes to ecology
[dna] water wrote 29 bytes to ecology
[dna] water wrote 138 bytes to ecology
[dna] water wrote 106 bytes to ecology
[debug-onto] tick=250 corpus=139414 stage=2 freeze=0
[dna] water wrote 37 bytes to ecology
[dna] water wrote 32 bytes to ecology
[dna] water wrote 48 bytes to ecology
[dna] water wrote 19 bytes to ecology
[dna] water wrote 49 bytes to ecology
[dna] water wrote 19 bytes to ecology
[dna] water wrote 74 bytes to ecology
[dna] water wrote 40 bytes to ecology
[dna] water wrote 33 bytes to ecology
[dna] water wrote 21 bytes to ecology
[dna] water wrote 29 bytes to ecology
[dna] water wrote 51 bytes to ecology
[dna] water wrote 58 bytes to ecology
[dna] water wrote 10 bytes to ecology
[dna] water wrote 7 bytes to ecology
[dna] water wrote 9 bytes to ecology
[debug-onto] tick=300 corpus=139414 stage=2 freeze=0
[dna] water wrote 82 bytes to ecology
[dna] water wrote 66 bytes to ecology
[dna] water wrote 57 bytes to ecology
[dna] water wrote 13 bytes to ecology
[dna] water wrote 21 bytes to ecology
[dna] water wrote 21 bytes to ecology
[dna] water wrote 23 bytes to ecology
[dna] water wrote 12 bytes to ecology
[dna] water wrote 90 bytes to ecology
[dna] water wrote 43 bytes to ecology
[dna] water wrote 13 bytes to ecology
[dna] water wrote 32 bytes to ecology
[dna] water wrote 87 bytes to ecology
[dna] water wrote 176 bytes to ecology
[dna] water wrote 60 bytes to ecology
[dna] water wrote 61 bytes to ecology
[debug-onto] tick=350 corpus=139414 stage=2 freeze=0
[dna] water wrote 32 bytes to ecology
[dna] water wrote 58 bytes to ecology
[dna] water wrote 52 bytes to ecology
[dna] water wrote 22 bytes to ecology
[dna] water wrote 158 bytes to ecology
[dna] water wrote 55 bytes to ecology
[dna] water wrote 43 bytes to ecology
[dna] water wrote 55 bytes to ecology
[dna] water wrote 31 bytes to ecology
[dna] water wrote 102 bytes to ecology
[dna] water wrote 83 bytes to ecology
[dna] water wrote 14 bytes to ecology
[dna] water wrote 141 bytes to ecology
[dna] water wrote 45 bytes to ecology
[dna] water wrote 82 bytes to ecology
[dna] water wrote 25 bytes to ecology
[dna] water wrote 35 bytes to ecology
[debug-onto] tick=400 corpus=139414 stage=2 freeze=0
[dna] water wrote 98 bytes to ecology
[dna] water wrote 19 bytes to ecology
[dna] water wrote 33 bytes to ecology
[dna] water wrote 43 bytes to ecology
[dna] water wrote 83 bytes to ecology
[dna] water wrote 77 bytes to ecology
[dna] water wrote 27 bytes to ecology
[dna] water wrote 19 bytes to ecology
[dna] water wrote 89 bytes to ecology
[dna] water wrote 25 bytes to ecology
[dna] water wrote 78 bytes to ecology
[dna] water wrote 37 bytes to ecology
[dna] water wrote 12 bytes to ecology
[dna] water wrote 30 bytes to ecology
[dna] water wrote 56 bytes to ecology
[dna] water wrote 34 bytes to ecology
[debug-onto] tick=450 corpus=139414 stage=2 freeze=0
[dna] water wrote 106 bytes to ecology
[dna] water wrote 18 bytes to ecology
[dna] water wrote 53 bytes to ecology
[dna] water wrote 54 bytes to ecology
[dna] water wrote 71 bytes to ecology
[dna] water wrote 9 bytes to ecology
[dna] water wrote 70 bytes to ecology
[dna] water wrote 103 bytes to ecology
[dna] water wrote 31 bytes to ecology
[dna] water wrote 54 bytes to ecology
[dna] water wrote 56 bytes to ecology
[dna] water wrote 33 bytes to ecology
[dna] water wrote 13 bytes to ecology
[dna] water wrote 21 bytes to ecology
[dna] water wrote 148 bytes to ecology
[dna] water wrote 100 bytes to ecology
[dna] water wrote 60 bytes to ecology
[debug-onto] tick=500 corpus=139414 stage=2 freeze=0
[dna] water wrote 70 bytes to ecology
[dna] water wrote 51 bytes to ecology
[dna] water wrote 37 bytes to ecology
[dna] water wrote 47 bytes to ecology
[dna] water wrote 60 bytes to ecology
[dna] water wrote 28 bytes to ecology
[dna] water wrote 43 bytes to ecology
[dna] water wrote 65 bytes to ecology
[dna] water wrote 22 bytes to ecology
[dna] water wrote 81 bytes to ecology
[dna] water wrote 88 bytes to ecology
[dna] water wrote 78 bytes to ecology
[dna] water wrote 22 bytes to ecology
[dna] water wrote 45 bytes to ecology
[dna] water wrote 24 bytes to ecology
[dna] water wrote 62 bytes to ecology
[dna] water wrote 41 bytes to ecology
[debug-onto] tick=550 corpus=139414 stage=2 freeze=0
[dna] water wrote 85 bytes to ecology
[dna] water wrote 35 bytes to ecology
[dna] water wrote 46 bytes to ecology
[dna] water wrote 74 bytes to ecology
[dna] water wrote 31 bytes to ecology
[dna] water wrote 134 bytes to ecology
[dna] water wrote 67 bytes to ecology
[dna] water wrote 54 bytes to ecology
[dna] water wrote 19 bytes to ecology
[dna] water wrote 30 bytes to ecology
[dna] water wrote 36 bytes to ecology
[dna] water wrote 35 bytes to ecology
[dna] water wrote 24 bytes to ecology
[dna] water wrote 171 bytes to ecology
[dna] water wrote 79 bytes to ecology
[dna] water wrote 34 bytes to ecology
[debug-onto] tick=600 corpus=139414 stage=2 freeze=0
[dna] water wrote 29 bytes to ecology
[dna] water wrote 71 bytes to ecology
[dna] water wrote 55 bytes to ecology
[dna] water wrote 57 bytes to ecology
[dna] water wrote 26 bytes to ecology
[dna] water wrote 78 bytes to ecology
[dna] water wrote 39 bytes to ecology
[dna] water wrote 16 bytes to ecology
[dna] water wrote 29 bytes to ecology
[dna] water wrote 27 bytes to ecology
[dna] water wrote 11 bytes to ecology
[dna] water wrote 24 bytes to ecology
[dna] water wrote 28 bytes to ecology
[dna] water wrote 55 bytes to ecology
[dna] water wrote 124 bytes to ecology
[dna] water wrote 52 bytes to ecology
[dna] water wrote 97 bytes to ecology
[debug-onto] tick=650 corpus=139414 stage=2 freeze=0
[dna] water wrote 117 bytes to ecology
[dna] water wrote 44 bytes to ecology
[dna] water wrote 101 bytes to ecology
[dna] water wrote 151 bytes to ecology
[dna] water wrote 108 bytes to ecology
[dna] water wrote 24 bytes to ecology

[evolution] Organism shutting down gracefully.
