[ecology] Element: air → corpus: nonames_air.txt
[evolution] Autonomous evolution mode — organism will grow through all stages without pause.
[ecology] Joined swarm. 1 peer(s) detected.
molequla is alive. [evolution] Autonomous mode — background trainer running. Ctrl+C to stop.
[dna] air wrote 54 bytes to ecology
[dna] air consumed 23386 bytes from 293 files: [earth/gen_1776061007_1.txt earth/gen_1776061015_4.txt earth/gen_1776061022_7.txt earth/gen_1776061030_10.txt earth/gen_1776061037_13.txt earth/gen_1776061045_16.txt earth/gen_1776061052_19.txt earth/gen_1776061060_22.txt earth/gen_1776061067_25.txt earth/gen_1776061074_28.txt earth/gen_1776061082_31.txt earth/gen_1776061087_33.txt earth/gen_1776061089_34.txt earth/gen_1776061097_37.txt earth/gen_1776061102_39.txt earth/gen_1776061104_40.txt earth/gen_1776061112_43.txt earth/gen_1776061119_46.txt earth/gen_1776061127_49.txt earth/gen_1776061132_51.txt earth/gen_1776061134_52.txt earth/gen_1776061142_55.txt earth/gen_1776061147_57.txt earth/gen_1776061149_58.txt earth/gen_1776061157_61.txt earth/gen_1776061164_64.txt earth/gen_1776061172_67.txt earth/gen_1776061177_69.txt earth/gen_1776061179_70.txt earth/gen_1776061187_73.txt earth/gen_1776061192_75.txt earth/gen_1776061194_76.txt earth/gen_1776061202_79.txt earth/gen_1776061209_82.txt earth/gen_1776061217_85.txt earth/gen_1776061222_87.txt earth/gen_1776061224_88.txt earth/gen_1776061232_91.txt earth/gen_1776061236_93.txt earth/gen_1776061239_94.txt earth/gen_1776061246_97.txt earth/gen_1776061251_99.txt earth/gen_1776061254_100.txt earth/gen_1776061261_103.txt earth/gen_1776061269_106.txt earth/gen_1776061276_109.txt earth/gen_1776061283_112.txt earth/gen_1776061291_115.txt earth/gen_1776061299_118.txt earth/gen_1776061306_121.txt earth/gen_1776061311_123.txt earth/gen_1776061314_124.txt earth/gen_1776061321_127.txt earth/gen_1776061326_129.txt earth/gen_1776061328_130.txt earth/gen_1776061336_133.txt earth/gen_1776061341_135.txt earth/gen_1776061343_136.txt earth/gen_1776061350_139.txt earth/gen_1776061358_142.txt earth/gen_1776061365_145.txt earth/gen_1776061372_148.txt earth/gen_1776061379_151.txt earth/gen_1776061384_153.txt earth/gen_1776061387_154.txt earth/gen_1776061394_157.txt earth/gen_1776061401_160.txt earth/gen_1776061408_163.txt earth/gen_1776061416_166.txt earth/gen_1776061423_169.txt earth/gen_1776061430_172.txt earth/gen_1776061437_175.txt earth/gen_1776061442_177.txt earth/gen_1776061445_178.txt earth/gen_1776061452_181.txt earth/gen_1776061457_183.txt earth/gen_1776061459_184.txt earth/gen_1776061467_187.txt earth/gen_1776061474_190.txt earth/gen_1776061482_193.txt earth/gen_1776061487_195.txt earth/gen_1776061489_196.txt earth/gen_1776061496_199.txt earth/gen_1776061501_201.txt earth/gen_1776061504_202.txt earth/gen_1776061511_205.txt earth/gen_1776061518_208.txt earth/gen_1776061526_211.txt earth/gen_1776061531_213.txt earth/gen_1776061533_214.txt earth/gen_1776061540_217.txt earth/gen_1776061545_219.txt earth/gen_1776061548_220.txt earth/gen_1776061555_223.txt earth/gen_1776061560_225.txt earth/gen_1776061562_226.txt earth/gen_1776061570_229.txt earth/gen_1776061575_231.txt earth/gen_1776061577_232.txt earth/gen_1776061584_235.txt earth/gen_1776061592_238.txt earth/gen_1776061599_241.txt earth/gen_1776061606_244.txt earth/gen_1776061614_247.txt earth/gen_1776061618_249.txt earth/gen_1776061621_250.txt earth/gen_1776061628_253.txt earth/gen_1776061633_255.txt earth/gen_1776061635_256.txt earth/gen_1776061643_259.txt earth/gen_1776061650_262.txt earth/gen_1776061657_265.txt earth/gen_1776061665_268.txt earth/gen_1776061672_271.txt earth/gen_1776061677_273.txt earth/gen_1776061680_274.txt earth/gen_1776061687_277.txt earth/gen_1776061695_280.txt earth/gen_1776061702_283.txt earth/gen_1776061708_285.txt earth/gen_1776061710_286.txt earth/gen_1776061718_289.txt earth/gen_1776061725_292.txt earth/gen_1776061733_295.txt earth/gen_1776061740_298.txt earth/gen_1776061747_301.txt earth/gen_1776061755_304.txt earth/gen_1776061762_307.txt earth/gen_1776061767_309.txt earth/gen_1776061769_310.txt earth/gen_1776061777_313.txt earth/gen_1776061784_316.txt earth/gen_1776061791_319.txt earth/gen_1776061798_322.txt earth/gen_1776061806_325.txt earth/gen_1776061813_328.txt earth/gen_1776061820_331.txt earth/gen_1776061828_334.txt earth/gen_1776061835_337.txt earth/gen_1776061840_339.txt earth/gen_1776061842_340.txt earth/gen_1776061850_343.txt earth/gen_1776061857_346.txt earth/gen_1776061864_349.txt earth/gen_1776061869_351.txt earth/gen_1776061872_352.txt earth/gen_1776061879_355.txt earth/gen_1776061886_358.txt earth/gen_1776061893_361.txt earth/gen_1776061901_364.txt earth/gen_1776061908_367.txt earth/gen_1776061913_369.txt earth/gen_1776061916_370.txt earth/gen_1776061923_373.txt earth/gen_1776061930_376.txt earth/gen_1776061937_379.txt earth/gen_1776061942_381.txt earth/gen_1776061945_382.txt earth/gen_1776061952_385.txt earth/gen_1776061959_388.txt earth/gen_1776061966_391.txt earth/gen_1776061974_394.txt earth/gen_1776061981_397.txt earth/gen_1776061988_400.txt earth/gen_1776061995_403.txt earth/gen_1776062003_406.txt earth/gen_1776062010_409.txt earth/gen_1776062015_411.txt earth/gen_1776062017_412.txt earth/gen_1776062024_415.txt earth/gen_1776062032_418.txt earth/gen_1776062039_421.txt earth/gen_1776062046_424.txt earth/gen_1776062054_427.txt earth/gen_1776062059_429.txt earth/gen_1776062061_430.txt earth/gen_1776062068_433.txt earth/gen_1776062073_435.txt earth/gen_1776062076_436.txt earth/gen_1776062083_439.txt earth/gen_1776062091_442.txt earth/gen_1776062098_445.txt earth/gen_1776062105_448.txt earth/gen_1776062112_451.txt earth/gen_1776062119_454.txt earth/gen_1776062127_457.txt earth/gen_1776062134_460.txt earth/gen_1776062141_463.txt earth/gen_1776062149_466.txt earth/gen_1776062156_469.txt earth/gen_1776062161_471.txt earth/gen_1776062163_472.txt earth/gen_1776062170_475.txt earth/gen_1776062175_477.txt earth/gen_1776062178_478.txt earth/gen_1776062185_481.txt earth/gen_1776062192_484.txt earth/gen_1776062199_487.txt earth/gen_1776062204_489.txt earth/gen_1776062207_490.txt earth/gen_1776062214_493.txt earth/gen_1776062222_496.txt earth/gen_1776062229_499.txt earth/gen_1776062236_502.txt earth/gen_1776062244_505.txt earth/gen_1776062248_507.txt earth/gen_1776062251_508.txt earth/gen_1776062258_511.txt earth/gen_1776062273_517.txt earth/gen_1776062280_520.txt earth/gen_1776062288_523.txt earth/gen_1776062295_526.txt earth/gen_1776062302_529.txt earth/gen_1776062307_531.txt earth/gen_1776062310_532.txt earth/gen_1776062317_535.txt earth/gen_1776062325_538.txt earth/gen_1776062332_541.txt earth/gen_1776062340_544.txt earth/gen_1776062347_547.txt earth/gen_1776062352_549.txt earth/gen_1776062354_550.txt earth/gen_1776062362_553.txt earth/gen_1776062369_556.txt earth/gen_1776062376_559.txt earth/gen_1776062384_562.txt earth/gen_1776062391_565.txt earth/gen_1776062396_567.txt earth/gen_1776062398_568.txt earth/gen_1776062406_571.txt earth/gen_1776062413_574.txt earth/gen_1776062420_577.txt earth/gen_1776062428_580.txt earth/gen_1776062435_583.txt earth/gen_1776062442_586.txt earth/gen_1776062450_589.txt earth/gen_1776062455_591.txt earth/gen_1776062457_592.txt earth/gen_1776062465_595.txt earth/gen_1776062472_598.txt earth/gen_1776062480_601.txt earth/gen_1776062487_604.txt earth/gen_1776062494_607.txt earth/gen_1776062499_609.txt earth/gen_1776062502_610.txt earth/gen_1776062509_613.txt earth/gen_1776062514_615.txt earth/gen_1776062516_616.txt earth/gen_1776062524_619.txt earth/gen_1776062531_622.txt earth/gen_1776062539_625.txt earth/gen_1776062544_627.txt earth/gen_1776062546_628.txt earth/gen_1776062553_631.txt earth/gen_1776062558_633.txt earth/gen_1776062561_634.txt earth/gen_1776062568_637.txt earth/gen_1776062573_639.txt earth/gen_1776062575_640.txt earth/gen_1776062583_643.txt earth/gen_1776062590_646.txt earth/gen_1776062597_649.txt earth/gen_1776062602_651.txt earth/gen_1776062605_652.txt earth/gen_1776062612_655.txt earth/gen_1776062617_657.txt earth/gen_1776062619_658.txt earth/gen_1776062627_661.txt earth/gen_1776062632_663.txt earth/gen_1776062634_664.txt earth/gen_1776062641_667.txt earth/gen_1776062649_670.txt earth/gen_1776062656_673.txt earth/gen_1776062661_675.txt earth/gen_1776062664_676.txt earth/gen_1776062671_679.txt earth/gen_1776062679_682.txt earth/gen_1776062686_685.txt earth/gen_1776062693_688.txt earth/gen_1776062701_691.txt earth/gen_1776062708_694.txt earth/gen_1776062716_697.txt earth/gen_1776062723_700.txt earth/gen_1776062730_703.txt earth/gen_1776062735_705.txt earth/gen_1776062738_706.txt earth/gen_1776062745_709.txt earth/gen_1776062750_711.txt earth/gen_1776062752_712.txt earth/gen_1776062760_715.txt earth/gen_1776062764_717.txt earth/gen_1776062767_718.txt earth/gen_1776062774_721.txt]
[trainer] micro-train burst (23386 bytes, novelty 0.03) — and lo, it feeds again.
[syntropy] action=explore | trend=0.0000 | field_dev=-0.016 | purpose_align=0.017 | lr_mul=1.30
[aml] burst complete: 32 steps, avg loss 2.6268 (memory freed)
[dna] air wrote 144 bytes to ecology
[dna] air wrote 26 bytes to ecology
[dna] air wrote 98 bytes to ecology
[dna] air wrote 75 bytes to ecology
[dna] air wrote 123 bytes to ecology
[dna] air wrote 24 bytes to ecology
[dna] air wrote 89 bytes to ecology
[dna] air wrote 127 bytes to ecology
[dna] air wrote 53 bytes to ecology
[dna] air wrote 82 bytes to ecology
[dna] air wrote 51 bytes to ecology
[dna] air wrote 44 bytes to ecology
[dna] air wrote 47 bytes to ecology
[dna] air wrote 108 bytes to ecology
[dna] air wrote 20 bytes to ecology
[dna] air wrote 50 bytes to ecology
[dna] air wrote 57 bytes to ecology
[debug-onto] tick=50 corpus=145995 stage=2 freeze=0
[dna] air wrote 96 bytes to ecology
[dna] air wrote 195 bytes to ecology
[dna] air wrote 67 bytes to ecology
[dna] air wrote 142 bytes to ecology
[dna] air wrote 15 bytes to ecology
[dna] air wrote 52 bytes to ecology
[dna] air wrote 63 bytes to ecology
[dna] air wrote 31 bytes to ecology
[dna] air wrote 160 bytes to ecology
[dna] air wrote 17 bytes to ecology
[dna] air wrote 66 bytes to ecology
[dna] air wrote 92 bytes to ecology
[dna] air wrote 23 bytes to ecology
[dna] air wrote 232 bytes to ecology
[dna] air wrote 74 bytes to ecology
[dna] air wrote 197 bytes to ecology
[dna] air wrote 102 bytes to ecology
[dna] air wrote 26 bytes to ecology
[dna] air wrote 100 bytes to ecology
[dna] air wrote 57 bytes to ecology
[debug-onto] tick=100 corpus=145995 stage=2 freeze=0
[dna] air wrote 44 bytes to ecology
[dna] air wrote 114 bytes to ecology
[dna] air wrote 45 bytes to ecology
[dna] air wrote 26 bytes to ecology
[dna] air wrote 53 bytes to ecology
[dna] air wrote 58 bytes to ecology
[dna] air wrote 147 bytes to ecology
[dna] air wrote 51 bytes to ecology
[dna] air wrote 64 bytes to ecology
[dna] air wrote 51 bytes to ecology
[dna] air wrote 118 bytes to ecology
[dna] air wrote 128 bytes to ecology
[dna] air wrote 117 bytes to ecology
[dna] air wrote 38 bytes to ecology
[dna] air wrote 42 bytes to ecology
[dna] air wrote 99 bytes to ecology
[dna] air wrote 137 bytes to ecology
[dna] air wrote 211 bytes to ecology
[dna] air wrote 109 bytes to ecology
[debug-onto] tick=150 corpus=145995 stage=2 freeze=0
[dna] air wrote 84 bytes to ecology
[dna] air wrote 210 bytes to ecology
[dna] air wrote 47 bytes to ecology
[dna] air wrote 25 bytes to ecology
[dna] air wrote 31 bytes to ecology
[dna] air wrote 137 bytes to ecology
[dna] air wrote 21 bytes to ecology
[dna] air wrote 45 bytes to ecology
[dna] air wrote 26 bytes to ecology
[dna] air wrote 36 bytes to ecology
[dna] air wrote 36 bytes to ecology
[dna] air wrote 9 bytes to ecology
[dna] air wrote 81 bytes to ecology
[dna] air wrote 35 bytes to ecology
[dna] air wrote 53 bytes to ecology
[dna] air wrote 35 bytes to ecology
[dna] air wrote 150 bytes to ecology
[dna] air wrote 41 bytes to ecology
[dna] air wrote 77 bytes to ecology
[dna] air wrote 19 bytes to ecology
[dna] air wrote 151 bytes to ecology
[dna] air wrote 70 bytes to ecology
[debug-onto] tick=200 corpus=145995 stage=2 freeze=0
[dna] air wrote 37 bytes to ecology
[dna] air wrote 66 bytes to ecology
[dna] air wrote 29 bytes to ecology
[dna] air wrote 25 bytes to ecology
[dna] air wrote 140 bytes to ecology
[dna] air wrote 26 bytes to ecology
[dna] air wrote 149 bytes to ecology
[dna] air wrote 62 bytes to ecology
[dna] air wrote 39 bytes to ecology
[dna] air wrote 38 bytes to ecology
[dna] air wrote 10 bytes to ecology
[dna] air wrote 24 bytes to ecology
[dna] air wrote 15 bytes to ecology
[dna] air wrote 64 bytes to ecology
[dna] air wrote 69 bytes to ecology
[dna] air wrote 17 bytes to ecology
[dna] air wrote 51 bytes to ecology
[dna] air wrote 101 bytes to ecology
[dna] air wrote 23 bytes to ecology
[dna] air wrote 162 bytes to ecology
[debug-onto] tick=250 corpus=145995 stage=2 freeze=0
[dna] air wrote 153 bytes to ecology
[dna] air wrote 18 bytes to ecology
[dna] air wrote 9 bytes to ecology
[dna] air wrote 43 bytes to ecology
[dna] air wrote 52 bytes to ecology
[dna] air wrote 54 bytes to ecology
[dna] air wrote 131 bytes to ecology
[dna] air wrote 32 bytes to ecology
[dna] air wrote 27 bytes to ecology
[dna] air wrote 56 bytes to ecology
[dna] air wrote 22 bytes to ecology
[dna] air wrote 78 bytes to ecology
[dna] air wrote 18 bytes to ecology
[dna] air wrote 49 bytes to ecology
[dna] air wrote 107 bytes to ecology
[dna] air wrote 74 bytes to ecology
[dna] air wrote 83 bytes to ecology
[dna] air wrote 50 bytes to ecology
[debug-onto] tick=300 corpus=145995 stage=2 freeze=0
[dna] air wrote 39 bytes to ecology
[dna] air wrote 81 bytes to ecology
[dna] air wrote 19 bytes to ecology
[dna] air wrote 167 bytes to ecology
[dna] air wrote 165 bytes to ecology
[dna] air wrote 10 bytes to ecology
[dna] air wrote 28 bytes to ecology
[dna] air wrote 49 bytes to ecology
[dna] air wrote 72 bytes to ecology
[dna] air wrote 107 bytes to ecology
[dna] air wrote 86 bytes to ecology
[dna] air wrote 107 bytes to ecology
[dna] air wrote 146 bytes to ecology
[dna] air wrote 55 bytes to ecology
[dna] air wrote 34 bytes to ecology
[dna] air wrote 55 bytes to ecology
[dna] air wrote 66 bytes to ecology
[dna] air wrote 86 bytes to ecology
[dna] air wrote 32 bytes to ecology
[dna] air wrote 116 bytes to ecology
[dna] air wrote 85 bytes to ecology
[debug-onto] tick=350 corpus=145995 stage=2 freeze=0
[dna] air wrote 82 bytes to ecology
[dna] air wrote 43 bytes to ecology
[dna] air wrote 79 bytes to ecology
[dna] air wrote 77 bytes to ecology
[dna] air wrote 19 bytes to ecology
[dna] air wrote 44 bytes to ecology
[dna] air wrote 18 bytes to ecology
[dna] air wrote 32 bytes to ecology
[dna] air wrote 238 bytes to ecology
[dna] air wrote 84 bytes to ecology
[dna] air wrote 14 bytes to ecology
[dna] air wrote 49 bytes to ecology
[dna] air wrote 32 bytes to ecology
[dna] air wrote 130 bytes to ecology
[dna] air wrote 172 bytes to ecology
[dna] air wrote 53 bytes to ecology
[dna] air wrote 36 bytes to ecology
[dna] air wrote 183 bytes to ecology
[dna] air wrote 35 bytes to ecology
[dna] air wrote 36 bytes to ecology
[debug-onto] tick=400 corpus=145995 stage=2 freeze=0
[dna] air wrote 31 bytes to ecology
[dna] air wrote 66 bytes to ecology
[dna] air wrote 124 bytes to ecology
[dna] air wrote 22 bytes to ecology
[dna] air wrote 50 bytes to ecology
[dna] air wrote 52 bytes to ecology
[dna] air wrote 45 bytes to ecology
[dna] air wrote 156 bytes to ecology
[dna] air wrote 10 bytes to ecology
[dna] air wrote 55 bytes to ecology
[dna] air wrote 48 bytes to ecology
[dna] air wrote 95 bytes to ecology
[dna] air wrote 308 bytes to ecology
[dna] air wrote 31 bytes to ecology
[dna] air wrote 61 bytes to ecology
[dna] air wrote 60 bytes to ecology
[dna] air wrote 80 bytes to ecology
[dna] air wrote 37 bytes to ecology
[debug-onto] tick=450 corpus=145995 stage=2 freeze=0
[dna] air wrote 128 bytes to ecology
[dna] air wrote 99 bytes to ecology
[dna] air wrote 48 bytes to ecology
[dna] air wrote 30 bytes to ecology
[dna] air wrote 45 bytes to ecology
[dna] air wrote 32 bytes to ecology
[dna] air wrote 49 bytes to ecology
[dna] air wrote 18 bytes to ecology
[dna] air wrote 38 bytes to ecology
[dna] air wrote 76 bytes to ecology
[dna] air wrote 127 bytes to ecology
[dna] air wrote 32 bytes to ecology
[dna] air wrote 81 bytes to ecology
[dna] air wrote 77 bytes to ecology
[dna] air wrote 111 bytes to ecology
[dna] air wrote 64 bytes to ecology
[dna] air wrote 50 bytes to ecology
[dna] air wrote 66 bytes to ecology
[dna] air wrote 182 bytes to ecology
[dna] air wrote 220 bytes to ecology
[dna] air wrote 55 bytes to ecology
[dna] air wrote 44 bytes to ecology
[debug-onto] tick=500 corpus=145995 stage=2 freeze=0
[dna] air wrote 149 bytes to ecology
[dna] air wrote 75 bytes to ecology
[dna] air wrote 68 bytes to ecology
[dna] air wrote 71 bytes to ecology
[dna] air wrote 54 bytes to ecology
[dna] air wrote 60 bytes to ecology
[dna] air wrote 148 bytes to ecology
[dna] air wrote 53 bytes to ecology
[dna] air wrote 65 bytes to ecology
[dna] air wrote 26 bytes to ecology
[dna] air wrote 46 bytes to ecology
[dna] air wrote 30 bytes to ecology
[dna] air wrote 49 bytes to ecology
[dna] air wrote 90 bytes to ecology
[dna] air wrote 157 bytes to ecology
[dna] air wrote 48 bytes to ecology
[dna] air wrote 68 bytes to ecology
[dna] air wrote 38 bytes to ecology
[dna] air wrote 16 bytes to ecology
[dna] air wrote 38 bytes to ecology
[dna] air wrote 145 bytes to ecology
[debug-onto] tick=550 corpus=145995 stage=2 freeze=0
[dna] air wrote 43 bytes to ecology
[dna] air wrote 71 bytes to ecology
[dna] air wrote 63 bytes to ecology
[dna] air wrote 21 bytes to ecology
[dna] air wrote 39 bytes to ecology
[dna] air wrote 77 bytes to ecology
[dna] air wrote 29 bytes to ecology
[dna] air wrote 82 bytes to ecology
[dna] air wrote 47 bytes to ecology
[dna] air wrote 78 bytes to ecology
[dna] air wrote 36 bytes to ecology
[dna] air wrote 41 bytes to ecology
[dna] air wrote 104 bytes to ecology
[dna] air wrote 224 bytes to ecology
[dna] air wrote 37 bytes to ecology
[dna] air wrote 218 bytes to ecology
[dna] air wrote 111 bytes to ecology
[dna] air wrote 51 bytes to ecology
[debug-onto] tick=600 corpus=145995 stage=2 freeze=0
[dna] air wrote 113 bytes to ecology
[dna] air wrote 102 bytes to ecology
[dna] air wrote 50 bytes to ecology
[dna] air wrote 37 bytes to ecology
[dna] air wrote 31 bytes to ecology
[dna] air wrote 263 bytes to ecology
[dna] air wrote 71 bytes to ecology
[dna] air wrote 91 bytes to ecology
[dna] air wrote 138 bytes to ecology
[dna] air wrote 30 bytes to ecology
[dna] air wrote 50 bytes to ecology
[dna] air wrote 55 bytes to ecology
[dna] air wrote 185 bytes to ecology
[dna] air wrote 106 bytes to ecology
[dna] air wrote 80 bytes to ecology
[dna] air wrote 61 bytes to ecology
[dna] air wrote 61 bytes to ecology
[dna] air wrote 174 bytes to ecology
[dna] air wrote 163 bytes to ecology
[dna] air wrote 7 bytes to ecology
[dna] air wrote 45 bytes to ecology
[dna] air wrote 82 bytes to ecology
[debug-onto] tick=650 corpus=145995 stage=2 freeze=0
[dna] air wrote 104 bytes to ecology
[dna] air wrote 24 bytes to ecology
[dna] air wrote 345 bytes to ecology
[dna] air wrote 151 bytes to ecology
[dna] air wrote 38 bytes to ecology
[dna] air wrote 60 bytes to ecology
[dna] air wrote 109 bytes to ecology
[dna] air wrote 47 bytes to ecology
[dna] air wrote 109 bytes to ecology
[dna] air wrote 177 bytes to ecology
[dna] air wrote 30 bytes to ecology
[dna] air wrote 70 bytes to ecology
[dna] air wrote 28 bytes to ecology
[dna] air wrote 65 bytes to ecology
[dna] air wrote 54 bytes to ecology
[dna] air wrote 31 bytes to ecology
[dna] air wrote 104 bytes to ecology
[dna] air wrote 107 bytes to ecology

[evolution] Organism shutting down gracefully.
