[ecology] Element: fire → corpus: nonames_fire.txt
[evolution] Autonomous evolution mode — organism will grow through all stages without pause.
[ecology] Joined swarm. 1 peer(s) detected.
molequla is alive. [evolution] Autonomous mode — background trainer running. Ctrl+C to stop.
[dna] fire wrote 109 bytes to ecology
[dna] fire consumed 20854 bytes from 331 files: [water/gen_1776064582_1.txt water/gen_1776064593_3.txt water/gen_1776064596_4.txt water/gen_1776064604_7.txt water/gen_1776064609_9.txt water/gen_1776064612_10.txt water/gen_1776064620_13.txt water/gen_1776064626_15.txt water/gen_1776064628_16.txt water/gen_1776064636_19.txt water/gen_1776064642_21.txt water/gen_1776064644_22.txt water/gen_1776064652_25.txt water/gen_1776064658_27.txt water/gen_1776064660_28.txt water/gen_1776064669_31.txt water/gen_1776064674_33.txt water/gen_1776064677_34.txt water/gen_1776064685_37.txt water/gen_1776064690_39.txt water/gen_1776064693_40.txt water/gen_1776064701_43.txt water/gen_1776064706_45.txt water/gen_1776064709_46.txt water/gen_1776064717_49.txt water/gen_1776064723_51.txt water/gen_1776064725_52.txt water/gen_1776064733_55.txt water/gen_1776064739_57.txt water/gen_1776064741_58.txt water/gen_1776064749_61.txt water/gen_1776064755_63.txt water/gen_1776064758_64.txt water/gen_1776064765_67.txt water/gen_1776064771_69.txt water/gen_1776064773_70.txt water/gen_1776064781_73.txt water/gen_1776064787_75.txt water/gen_1776064790_76.txt water/gen_1776064798_79.txt water/gen_1776064803_81.txt water/gen_1776064806_82.txt water/gen_1776064814_85.txt water/gen_1776064819_87.txt water/gen_1776064822_88.txt water/gen_1776064830_91.txt water/gen_1776064836_93.txt water/gen_1776064838_94.txt water/gen_1776064846_97.txt water/gen_1776064852_99.txt water/gen_1776064854_100.txt water/gen_1776064862_103.txt water/gen_1776064868_105.txt water/gen_1776064871_106.txt water/gen_1776064879_109.txt water/gen_1776064884_111.txt water/gen_1776064887_112.txt water/gen_1776064895_115.txt water/gen_1776064901_117.txt water/gen_1776064903_118.txt water/gen_1776064912_121.txt water/gen_1776064917_123.txt water/gen_1776064920_124.txt water/gen_1776064928_127.txt water/gen_1776064933_129.txt water/gen_1776064936_130.txt water/gen_1776064944_133.txt water/gen_1776064949_135.txt water/gen_1776064952_136.txt water/gen_1776064960_139.txt water/gen_1776064965_141.txt water/gen_1776064968_142.txt water/gen_1776064976_145.txt water/gen_1776064981_147.txt water/gen_1776064984_148.txt water/gen_1776064992_151.txt water/gen_1776064997_153.txt water/gen_1776065000_154.txt water/gen_1776065008_157.txt water/gen_1776065014_159.txt water/gen_1776065016_160.txt water/gen_1776065025_163.txt water/gen_1776065030_165.txt water/gen_1776065033_166.txt water/gen_1776065041_169.txt water/gen_1776065046_171.txt water/gen_1776065049_172.txt water/gen_1776065057_175.txt water/gen_1776065062_177.txt water/gen_1776065065_178.txt water/gen_1776065073_181.txt water/gen_1776065078_183.txt water/gen_1776065081_184.txt water/gen_1776065089_187.txt water/gen_1776065094_189.txt water/gen_1776065097_190.txt water/gen_1776065105_193.txt water/gen_1776065111_195.txt water/gen_1776065113_196.txt water/gen_1776065121_199.txt water/gen_1776065127_201.txt water/gen_1776065129_202.txt water/gen_1776065137_205.txt water/gen_1776065143_207.txt water/gen_1776065145_208.txt water/gen_1776065153_211.txt water/gen_1776065159_213.txt water/gen_1776065161_214.txt water/gen_1776065169_217.txt water/gen_1776065175_219.txt water/gen_1776065177_220.txt water/gen_1776065185_223.txt water/gen_1776065191_225.txt water/gen_1776065193_226.txt water/gen_1776065201_229.txt water/gen_1776065207_231.txt water/gen_1776065209_232.txt water/gen_1776065217_235.txt water/gen_1776065223_237.txt water/gen_1776065225_238.txt water/gen_1776065233_241.txt water/gen_1776065239_243.txt water/gen_1776065241_244.txt water/gen_1776065249_247.txt water/gen_1776065255_249.txt water/gen_1776065257_250.txt water/gen_1776065265_253.txt water/gen_1776065271_255.txt water/gen_1776065273_256.txt water/gen_1776065281_259.txt water/gen_1776065287_261.txt water/gen_1776065289_262.txt water/gen_1776065298_265.txt water/gen_1776065303_267.txt water/gen_1776065306_268.txt water/gen_1776065314_271.txt water/gen_1776065319_273.txt water/gen_1776065322_274.txt water/gen_1776065330_277.txt water/gen_1776065335_279.txt water/gen_1776065338_280.txt water/gen_1776065345_283.txt water/gen_1776065351_285.txt water/gen_1776065353_286.txt water/gen_1776065361_289.txt water/gen_1776065367_291.txt water/gen_1776065369_292.txt water/gen_1776065378_295.txt water/gen_1776065383_297.txt water/gen_1776065385_298.txt water/gen_1776065393_301.txt water/gen_1776065399_303.txt water/gen_1776065401_304.txt water/gen_1776065409_307.txt water/gen_1776065415_309.txt water/gen_1776065417_310.txt water/gen_1776065426_313.txt water/gen_1776065431_315.txt water/gen_1776065434_316.txt water/gen_1776065442_319.txt water/gen_1776065447_321.txt water/gen_1776065450_322.txt water/gen_1776065458_325.txt water/gen_1776065463_327.txt water/gen_1776065466_328.txt water/gen_1776065474_331.txt water/gen_1776065479_333.txt water/gen_1776065482_334.txt water/gen_1776065490_337.txt water/gen_1776065496_339.txt water/gen_1776065498_340.txt water/gen_1776065507_343.txt water/gen_1776065512_345.txt water/gen_1776065515_346.txt water/gen_1776065523_349.txt water/gen_1776065528_351.txt water/gen_1776065531_352.txt water/gen_1776065539_355.txt water/gen_1776065544_357.txt water/gen_1776065547_358.txt water/gen_1776065555_361.txt water/gen_1776065560_363.txt water/gen_1776065563_364.txt water/gen_1776065571_367.txt water/gen_1776065576_369.txt water/gen_1776065579_370.txt water/gen_1776065587_373.txt water/gen_1776065592_375.txt water/gen_1776065595_376.txt water/gen_1776065603_379.txt water/gen_1776065609_381.txt water/gen_1776065611_382.txt water/gen_1776065619_385.txt water/gen_1776065625_387.txt water/gen_1776065627_388.txt water/gen_1776065635_391.txt water/gen_1776065641_393.txt water/gen_1776065643_394.txt water/gen_1776065652_397.txt water/gen_1776065657_399.txt water/gen_1776065660_400.txt water/gen_1776065668_403.txt water/gen_1776065674_405.txt water/gen_1776065676_406.txt water/gen_1776065685_409.txt water/gen_1776065690_411.txt water/gen_1776065693_412.txt water/gen_1776065701_415.txt water/gen_1776065707_417.txt water/gen_1776065709_418.txt water/gen_1776065717_421.txt water/gen_1776065723_423.txt water/gen_1776065726_424.txt water/gen_1776065734_427.txt water/gen_1776065739_429.txt water/gen_1776065742_430.txt water/gen_1776065750_433.txt water/gen_1776065756_435.txt water/gen_1776065758_436.txt water/gen_1776065766_439.txt water/gen_1776065772_441.txt water/gen_1776065775_442.txt water/gen_1776065783_445.txt water/gen_1776065788_447.txt water/gen_1776065791_448.txt water/gen_1776065799_451.txt water/gen_1776065805_453.txt water/gen_1776065807_454.txt water/gen_1776065816_457.txt water/gen_1776065821_459.txt water/gen_1776065824_460.txt water/gen_1776065832_463.txt water/gen_1776065837_465.txt water/gen_1776065840_466.txt water/gen_1776065848_469.txt water/gen_1776065854_471.txt water/gen_1776065856_472.txt water/gen_1776065865_475.txt water/gen_1776065870_477.txt water/gen_1776065873_478.txt water/gen_1776065881_481.txt water/gen_1776065887_483.txt water/gen_1776065889_484.txt water/gen_1776065898_487.txt water/gen_1776065903_489.txt water/gen_1776065906_490.txt water/gen_1776065914_493.txt water/gen_1776065922_496.txt water/gen_1776065930_499.txt water/gen_1776065936_501.txt water/gen_1776065938_502.txt water/gen_1776065946_505.txt water/gen_1776065952_507.txt water/gen_1776065955_508.txt water/gen_1776065963_511.txt water/gen_1776065968_513.txt water/gen_1776065971_514.txt water/gen_1776065979_517.txt water/gen_1776065984_519.txt water/gen_1776065987_520.txt water/gen_1776065995_523.txt water/gen_1776066001_525.txt water/gen_1776066003_526.txt water/gen_1776066011_529.txt water/gen_1776066017_531.txt water/gen_1776066020_532.txt water/gen_1776066028_535.txt water/gen_1776066033_537.txt water/gen_1776066036_538.txt water/gen_1776066044_541.txt water/gen_1776066049_543.txt water/gen_1776066052_544.txt water/gen_1776066060_547.txt water/gen_1776066065_549.txt water/gen_1776066068_550.txt water/gen_1776066076_553.txt water/gen_1776066081_555.txt water/gen_1776066084_556.txt water/gen_1776066092_559.txt water/gen_1776066097_561.txt water/gen_1776066100_562.txt water/gen_1776066108_565.txt water/gen_1776066113_567.txt water/gen_1776066116_568.txt water/gen_1776066124_571.txt water/gen_1776066129_573.txt water/gen_1776066132_574.txt water/gen_1776066140_577.txt water/gen_1776066145_579.txt water/gen_1776066148_580.txt water/gen_1776066156_583.txt water/gen_1776066164_586.txt water/gen_1776066172_589.txt water/gen_1776066177_591.txt water/gen_1776066180_592.txt water/gen_1776066188_595.txt water/gen_1776066194_597.txt water/gen_1776066196_598.txt water/gen_1776066205_601.txt water/gen_1776066210_603.txt water/gen_1776066213_604.txt water/gen_1776066221_607.txt water/gen_1776066226_609.txt water/gen_1776066229_610.txt water/gen_1776066237_613.txt water/gen_1776066243_615.txt water/gen_1776066245_616.txt water/gen_1776066254_619.txt water/gen_1776066259_621.txt water/gen_1776066262_622.txt water/gen_1776066270_625.txt water/gen_1776066275_627.txt water/gen_1776066278_628.txt water/gen_1776066286_631.txt water/gen_1776066292_633.txt water/gen_1776066294_634.txt water/gen_1776066302_637.txt water/gen_1776066308_639.txt water/gen_1776066310_640.txt water/gen_1776066319_643.txt water/gen_1776066324_645.txt water/gen_1776066327_646.txt water/gen_1776066335_649.txt water/gen_1776066340_651.txt water/gen_1776066343_652.txt water/gen_1776066351_655.txt water/gen_1776066356_657.txt water/gen_1776066359_658.txt water/gen_1776066367_661.txt water/gen_1776066373_663.txt water/gen_1776066376_664.txt]
[trainer] micro-train burst (20854 bytes, novelty 0.03) — and lo, it feeds again.
[syntropy] action=explore | trend=0.0000 | field_dev=-0.066 | purpose_align=0.003 | lr_mul=1.30
[aml] burst complete: 32 steps, avg loss 1.4301 (memory freed)
[dna] fire wrote 24 bytes to ecology
[dna] fire wrote 55 bytes to ecology
[dna] fire wrote 78 bytes to ecology
[dna] fire wrote 36 bytes to ecology
[dna] fire wrote 24 bytes to ecology
[dna] fire wrote 50 bytes to ecology
[dna] fire wrote 73 bytes to ecology
[dna] fire wrote 44 bytes to ecology
[dna] fire wrote 63 bytes to ecology
[dna] fire wrote 99 bytes to ecology
[dna] fire wrote 39 bytes to ecology
[dna] fire wrote 62 bytes to ecology
[dna] fire wrote 66 bytes to ecology
[dna] fire wrote 19 bytes to ecology
[dna] fire wrote 34 bytes to ecology
[dna] fire wrote 34 bytes to ecology
[debug-onto] tick=50 corpus=143085 stage=2 freeze=0
[dna] fire wrote 19 bytes to ecology
[dna] fire wrote 60 bytes to ecology
[dna] fire wrote 69 bytes to ecology
[dna] fire wrote 38 bytes to ecology
[dna] fire wrote 52 bytes to ecology
[dna] fire wrote 85 bytes to ecology
[dna] fire wrote 92 bytes to ecology
[dna] fire wrote 24 bytes to ecology
[dna] fire wrote 85 bytes to ecology
[dna] fire wrote 62 bytes to ecology
[dna] fire wrote 27 bytes to ecology
[dna] fire wrote 50 bytes to ecology
[dna] fire wrote 35 bytes to ecology
[dna] fire wrote 18 bytes to ecology
[dna] fire wrote 26 bytes to ecology
[dna] fire wrote 18 bytes to ecology
[dna] fire wrote 53 bytes to ecology
[debug-onto] tick=100 corpus=143085 stage=2 freeze=0
[dna] fire wrote 105 bytes to ecology
[dna] fire wrote 51 bytes to ecology
[dna] fire wrote 15 bytes to ecology
[dna] fire wrote 9 bytes to ecology
[dna] fire wrote 12 bytes to ecology
[dna] fire wrote 46 bytes to ecology
[dna] fire wrote 9 bytes to ecology
[dna] fire wrote 43 bytes to ecology
[dna] fire wrote 33 bytes to ecology
[dna] fire wrote 31 bytes to ecology
[dna] fire wrote 51 bytes to ecology
[dna] fire wrote 42 bytes to ecology
[dna] fire wrote 74 bytes to ecology
[dna] fire wrote 102 bytes to ecology
[dna] fire wrote 12 bytes to ecology
[dna] fire wrote 67 bytes to ecology
[debug-onto] tick=150 corpus=143085 stage=2 freeze=0
[dna] fire wrote 28 bytes to ecology
[dna] fire wrote 15 bytes to ecology
[dna] fire wrote 9 bytes to ecology
[dna] fire wrote 59 bytes to ecology
[dna] fire wrote 124 bytes to ecology
[dna] fire wrote 25 bytes to ecology
[dna] fire wrote 83 bytes to ecology
[dna] fire wrote 11 bytes to ecology
[dna] fire wrote 38 bytes to ecology
[dna] fire wrote 53 bytes to ecology
[dna] fire wrote 88 bytes to ecology
[dna] fire wrote 18 bytes to ecology
[dna] fire wrote 94 bytes to ecology
[dna] fire wrote 100 bytes to ecology
[dna] fire wrote 74 bytes to ecology
[dna] fire wrote 40 bytes to ecology
[dna] fire wrote 40 bytes to ecology
[debug-onto] tick=200 corpus=143085 stage=2 freeze=0
[dna] fire wrote 90 bytes to ecology
[dna] fire wrote 94 bytes to ecology
[dna] fire wrote 45 bytes to ecology
[dna] fire wrote 111 bytes to ecology
[dna] fire wrote 30 bytes to ecology
[dna] fire wrote 69 bytes to ecology
[dna] fire wrote 129 bytes to ecology
[dna] fire wrote 126 bytes to ecology
[dna] fire wrote 19 bytes to ecology
[dna] fire wrote 23 bytes to ecology
[dna] fire wrote 45 bytes to ecology
[dna] fire wrote 16 bytes to ecology
[dna] fire wrote 178 bytes to ecology
[dna] fire wrote 77 bytes to ecology
[dna] fire wrote 99 bytes to ecology
[dna] fire wrote 58 bytes to ecology
[dna] fire wrote 66 bytes to ecology
[debug-onto] tick=250 corpus=143085 stage=2 freeze=0
[dna] fire wrote 67 bytes to ecology
[dna] fire wrote 54 bytes to ecology
[dna] fire wrote 45 bytes to ecology
[dna] fire wrote 47 bytes to ecology
[dna] fire wrote 77 bytes to ecology
[dna] fire wrote 140 bytes to ecology
[dna] fire wrote 124 bytes to ecology
[dna] fire wrote 53 bytes to ecology
[dna] fire wrote 69 bytes to ecology
[dna] fire wrote 223 bytes to ecology
[dna] fire wrote 123 bytes to ecology
[dna] fire wrote 58 bytes to ecology
[dna] fire wrote 92 bytes to ecology
[dna] fire wrote 53 bytes to ecology
[dna] fire wrote 68 bytes to ecology
[dna] fire wrote 84 bytes to ecology
[debug-onto] tick=300 corpus=143085 stage=2 freeze=0
[dna] fire wrote 121 bytes to ecology
[dna] fire wrote 19 bytes to ecology
[dna] fire wrote 143 bytes to ecology
[dna] fire wrote 131 bytes to ecology
[dna] fire wrote 41 bytes to ecology
[dna] fire wrote 66 bytes to ecology
[dna] fire wrote 158 bytes to ecology
[dna] fire wrote 199 bytes to ecology
[dna] fire wrote 72 bytes to ecology
[dna] fire wrote 51 bytes to ecology
[dna] fire wrote 37 bytes to ecology
[dna] fire wrote 15 bytes to ecology
[dna] fire wrote 33 bytes to ecology
[dna] fire wrote 31 bytes to ecology
[dna] fire wrote 51 bytes to ecology
[dna] fire wrote 57 bytes to ecology
[dna] fire wrote 75 bytes to ecology
[debug-onto] tick=350 corpus=143085 stage=2 freeze=0
[dna] fire wrote 38 bytes to ecology
[dna] fire wrote 29 bytes to ecology
[dna] fire wrote 14 bytes to ecology
[dna] fire wrote 104 bytes to ecology
[dna] fire wrote 7 bytes to ecology
[dna] fire wrote 52 bytes to ecology
[dna] fire wrote 40 bytes to ecology
[dna] fire wrote 86 bytes to ecology
[dna] fire wrote 17 bytes to ecology
[dna] fire wrote 65 bytes to ecology
[dna] fire wrote 28 bytes to ecology
[dna] fire wrote 92 bytes to ecology
[dna] fire wrote 70 bytes to ecology
[dna] fire wrote 131 bytes to ecology
[dna] fire wrote 45 bytes to ecology
[dna] fire wrote 45 bytes to ecology
[dna] fire wrote 63 bytes to ecology
[debug-onto] tick=400 corpus=143085 stage=2 freeze=0
[dna] fire wrote 30 bytes to ecology
[dna] fire wrote 80 bytes to ecology
[dna] fire wrote 31 bytes to ecology
[dna] fire wrote 48 bytes to ecology
[dna] fire wrote 28 bytes to ecology
[dna] fire wrote 35 bytes to ecology
[dna] fire wrote 64 bytes to ecology
[dna] fire wrote 182 bytes to ecology
[dna] fire wrote 40 bytes to ecology
[dna] fire wrote 39 bytes to ecology
[dna] fire wrote 64 bytes to ecology
[dna] fire wrote 98 bytes to ecology
[dna] fire wrote 44 bytes to ecology
[dna] fire wrote 40 bytes to ecology
[dna] fire wrote 58 bytes to ecology
[dna] fire wrote 26 bytes to ecology
[debug-onto] tick=450 corpus=143085 stage=2 freeze=0
[dna] fire wrote 183 bytes to ecology
[dna] fire wrote 142 bytes to ecology
[dna] fire wrote 66 bytes to ecology
[dna] fire wrote 26 bytes to ecology
[dna] fire wrote 23 bytes to ecology
[dna] fire wrote 71 bytes to ecology
[dna] fire wrote 184 bytes to ecology
[dna] fire wrote 28 bytes to ecology
[dna] fire wrote 89 bytes to ecology
[dna] fire wrote 31 bytes to ecology
[dna] fire wrote 43 bytes to ecology
[dna] fire wrote 62 bytes to ecology
[dna] fire wrote 105 bytes to ecology
[dna] fire wrote 61 bytes to ecology
[dna] fire wrote 22 bytes to ecology
[dna] fire wrote 25 bytes to ecology
[dna] fire wrote 69 bytes to ecology
[debug-onto] tick=500 corpus=143085 stage=2 freeze=0
[dna] fire wrote 73 bytes to ecology
[dna] fire wrote 42 bytes to ecology
[dna] fire wrote 36 bytes to ecology
[dna] fire wrote 248 bytes to ecology
[dna] fire wrote 105 bytes to ecology
[dna] fire wrote 38 bytes to ecology
[dna] fire wrote 62 bytes to ecology
[dna] fire wrote 40 bytes to ecology
[dna] fire wrote 29 bytes to ecology
[dna] fire wrote 91 bytes to ecology
[dna] fire wrote 41 bytes to ecology
[dna] fire wrote 53 bytes to ecology
[dna] fire wrote 63 bytes to ecology
[dna] fire wrote 194 bytes to ecology
[dna] fire wrote 66 bytes to ecology
[dna] fire wrote 30 bytes to ecology
[dna] fire wrote 130 bytes to ecology
[debug-onto] tick=550 corpus=143085 stage=2 freeze=0
[dna] fire wrote 92 bytes to ecology
[dna] fire wrote 27 bytes to ecology
[dna] fire wrote 39 bytes to ecology
[dna] fire wrote 18 bytes to ecology
[dna] fire wrote 116 bytes to ecology
[dna] fire wrote 79 bytes to ecology
[dna] fire wrote 51 bytes to ecology
[dna] fire wrote 33 bytes to ecology
[dna] fire wrote 59 bytes to ecology
[dna] fire wrote 31 bytes to ecology
[dna] fire wrote 39 bytes to ecology
[dna] fire wrote 17 bytes to ecology
[dna] fire wrote 49 bytes to ecology
[dna] fire wrote 103 bytes to ecology
[dna] fire wrote 50 bytes to ecology
[dna] fire wrote 48 bytes to ecology
[debug-onto] tick=600 corpus=143085 stage=2 freeze=0
[dna] fire wrote 57 bytes to ecology
[dna] fire wrote 32 bytes to ecology
[dna] fire wrote 17 bytes to ecology
[dna] fire wrote 50 bytes to ecology
[dna] fire wrote 74 bytes to ecology
[dna] fire wrote 23 bytes to ecology
[dna] fire wrote 40 bytes to ecology
[dna] fire wrote 23 bytes to ecology
[dna] fire wrote 26 bytes to ecology
[dna] fire wrote 73 bytes to ecology
[dna] fire wrote 78 bytes to ecology
[dna] fire wrote 27 bytes to ecology
[dna] fire wrote 146 bytes to ecology
[dna] fire wrote 23 bytes to ecology
[dna] fire wrote 64 bytes to ecology
[dna] fire wrote 22 bytes to ecology
[dna] fire wrote 45 bytes to ecology
[debug-onto] tick=650 corpus=143085 stage=2 freeze=0
[dna] fire wrote 39 bytes to ecology
[dna] fire wrote 45 bytes to ecology
[dna] fire wrote 46 bytes to ecology
[dna] fire wrote 93 bytes to ecology
[dna] fire wrote 44 bytes to ecology
[dna] fire wrote 48 bytes to ecology
[dna] fire wrote 24 bytes to ecology
[dna] fire wrote 52 bytes to ecology
[dna] fire wrote 127 bytes to ecology
[dna] fire wrote 67 bytes to ecology
[dna] fire wrote 71 bytes to ecology

[evolution] Organism shutting down gracefully.
