[ecology] Element: water → corpus: nonames_water.txt
[evolution] Autonomous evolution mode — organism will grow through all stages without pause.
[ecology] Joined swarm. 1 peer(s) detected.
molequla is alive. [evolution] Autonomous mode — background trainer running. Ctrl+C to stop.
[dna] water wrote 64 bytes to ecology
[dna] water consumed 20931 bytes from 277 files: [air/gen_1776062781_1.txt air/gen_1776062798_4.txt air/gen_1776062805_7.txt air/gen_1776062813_10.txt air/gen_1776062821_13.txt air/gen_1776062829_16.txt air/gen_1776062837_19.txt air/gen_1776062844_22.txt air/gen_1776062852_25.txt air/gen_1776062860_28.txt air/gen_1776062867_31.txt air/gen_1776062875_34.txt air/gen_1776062883_37.txt air/gen_1776062891_40.txt air/gen_1776062899_43.txt air/gen_1776062904_45.txt air/gen_1776062906_46.txt air/gen_1776062914_49.txt air/gen_1776062922_52.txt air/gen_1776062930_55.txt air/gen_1776062938_58.txt air/gen_1776062946_61.txt air/gen_1776062951_63.txt air/gen_1776062953_64.txt air/gen_1776062961_67.txt air/gen_1776062969_70.txt air/gen_1776062977_73.txt air/gen_1776062982_75.txt air/gen_1776062985_76.txt air/gen_1776062993_79.txt air/gen_1776062998_81.txt air/gen_1776063000_82.txt air/gen_1776063008_85.txt air/gen_1776063016_88.txt air/gen_1776063024_91.txt air/gen_1776063032_94.txt air/gen_1776063039_97.txt air/gen_1776063047_100.txt air/gen_1776063055_103.txt air/gen_1776063063_106.txt air/gen_1776063070_109.txt air/gen_1776063078_112.txt air/gen_1776063086_115.txt air/gen_1776063093_118.txt air/gen_1776063101_121.txt air/gen_1776063106_123.txt air/gen_1776063109_124.txt air/gen_1776063116_127.txt air/gen_1776063124_130.txt air/gen_1776063132_133.txt air/gen_1776063140_136.txt air/gen_1776063148_139.txt air/gen_1776063153_141.txt air/gen_1776063155_142.txt air/gen_1776063163_145.txt air/gen_1776063169_147.txt air/gen_1776063171_148.txt air/gen_1776063179_151.txt air/gen_1776063184_153.txt air/gen_1776063187_154.txt air/gen_1776063195_157.txt air/gen_1776063200_159.txt air/gen_1776063203_160.txt air/gen_1776063210_163.txt air/gen_1776063218_166.txt air/gen_1776063226_169.txt air/gen_1776063234_172.txt air/gen_1776063241_175.txt air/gen_1776063246_177.txt air/gen_1776063249_178.txt air/gen_1776063257_181.txt air/gen_1776063262_183.txt air/gen_1776063264_184.txt air/gen_1776063272_187.txt air/gen_1776063280_190.txt air/gen_1776063287_193.txt air/gen_1776063292_195.txt air/gen_1776063295_196.txt air/gen_1776063303_199.txt air/gen_1776063311_202.txt air/gen_1776063318_205.txt air/gen_1776063324_207.txt air/gen_1776063326_208.txt air/gen_1776063334_211.txt air/gen_1776063342_214.txt air/gen_1776063350_217.txt air/gen_1776063357_220.txt air/gen_1776063365_223.txt air/gen_1776063373_226.txt air/gen_1776063381_229.txt air/gen_1776063389_232.txt air/gen_1776063397_235.txt air/gen_1776063402_237.txt air/gen_1776063404_238.txt air/gen_1776063412_241.txt air/gen_1776063420_244.txt air/gen_1776063428_247.txt air/gen_1776063433_249.txt air/gen_1776063435_250.txt air/gen_1776063443_253.txt air/gen_1776063448_255.txt air/gen_1776063451_256.txt air/gen_1776063459_259.txt air/gen_1776063466_262.txt air/gen_1776063474_265.txt air/gen_1776063482_268.txt air/gen_1776063490_271.txt air/gen_1776063498_274.txt air/gen_1776063506_277.txt air/gen_1776063513_280.txt air/gen_1776063521_283.txt air/gen_1776063527_285.txt air/gen_1776063529_286.txt air/gen_1776063537_289.txt air/gen_1776063545_292.txt air/gen_1776063553_295.txt air/gen_1776063561_298.txt air/gen_1776063569_301.txt air/gen_1776063577_304.txt air/gen_1776063585_307.txt air/gen_1776063590_309.txt air/gen_1776063592_310.txt air/gen_1776063600_313.txt air/gen_1776063606_315.txt air/gen_1776063608_316.txt air/gen_1776063616_319.txt air/gen_1776063624_322.txt air/gen_1776063632_325.txt air/gen_1776063639_328.txt air/gen_1776063647_331.txt air/gen_1776063652_333.txt air/gen_1776063655_334.txt air/gen_1776063663_337.txt air/gen_1776063668_339.txt air/gen_1776063671_340.txt air/gen_1776063679_343.txt air/gen_1776063686_346.txt air/gen_1776063694_349.txt air/gen_1776063702_352.txt air/gen_1776063710_355.txt air/gen_1776063715_357.txt air/gen_1776063718_358.txt air/gen_1776063725_361.txt air/gen_1776063733_364.txt air/gen_1776063741_367.txt air/gen_1776063747_369.txt air/gen_1776063750_370.txt air/gen_1776063757_373.txt air/gen_1776063763_375.txt air/gen_1776063765_376.txt air/gen_1776063773_379.txt air/gen_1776063781_382.txt air/gen_1776063789_385.txt air/gen_1776063796_388.txt air/gen_1776063804_391.txt air/gen_1776063812_394.txt air/gen_1776063820_397.txt air/gen_1776063828_400.txt air/gen_1776063835_403.txt air/gen_1776063843_406.txt air/gen_1776063851_409.txt air/gen_1776063856_411.txt air/gen_1776063858_412.txt air/gen_1776063866_415.txt air/gen_1776063874_418.txt air/gen_1776063881_421.txt air/gen_1776063889_424.txt air/gen_1776063897_427.txt air/gen_1776063904_430.txt air/gen_1776063912_433.txt air/gen_1776063917_435.txt air/gen_1776063920_436.txt air/gen_1776063928_439.txt air/gen_1776063936_442.txt air/gen_1776063943_445.txt air/gen_1776063951_448.txt air/gen_1776063959_451.txt air/gen_1776063966_454.txt air/gen_1776063974_457.txt air/gen_1776063982_460.txt air/gen_1776063990_463.txt air/gen_1776063995_465.txt air/gen_1776063997_466.txt air/gen_1776064005_469.txt air/gen_1776064010_471.txt air/gen_1776064013_472.txt air/gen_1776064020_475.txt air/gen_1776064025_477.txt air/gen_1776064028_478.txt air/gen_1776064036_481.txt air/gen_1776064041_483.txt air/gen_1776064043_484.txt air/gen_1776064051_487.txt air/gen_1776064056_489.txt air/gen_1776064059_490.txt air/gen_1776064066_493.txt air/gen_1776064074_496.txt air/gen_1776064082_499.txt air/gen_1776064087_501.txt air/gen_1776064089_502.txt air/gen_1776064097_505.txt air/gen_1776064102_507.txt air/gen_1776064105_508.txt air/gen_1776064113_511.txt air/gen_1776064120_514.txt air/gen_1776064128_517.txt air/gen_1776064136_520.txt air/gen_1776064144_523.txt air/gen_1776064152_526.txt air/gen_1776064159_529.txt air/gen_1776064165_531.txt air/gen_1776064167_532.txt air/gen_1776064175_535.txt air/gen_1776064182_538.txt air/gen_1776064190_541.txt air/gen_1776064195_543.txt air/gen_1776064198_544.txt air/gen_1776064205_547.txt air/gen_1776064213_550.txt air/gen_1776064220_553.txt air/gen_1776064228_556.txt air/gen_1776064235_559.txt air/gen_1776064243_562.txt air/gen_1776064250_565.txt air/gen_1776064258_568.txt air/gen_1776064265_571.txt air/gen_1776064273_574.txt air/gen_1776064281_577.txt air/gen_1776064288_580.txt air/gen_1776064296_583.txt air/gen_1776064304_586.txt air/gen_1776064312_589.txt air/gen_1776064317_591.txt air/gen_1776064320_592.txt air/gen_1776064327_595.txt air/gen_1776064333_597.txt air/gen_1776064335_598.txt air/gen_1776064343_601.txt air/gen_1776064351_604.txt air/gen_1776064359_607.txt air/gen_1776064364_609.txt air/gen_1776064366_610.txt air/gen_1776064374_613.txt air/gen_1776064380_615.txt air/gen_1776064382_616.txt air/gen_1776064390_619.txt air/gen_1776064395_621.txt air/gen_1776064398_622.txt air/gen_1776064405_625.txt air/gen_1776064413_628.txt air/gen_1776064420_631.txt air/gen_1776064425_633.txt air/gen_1776064428_634.txt air/gen_1776064435_637.txt air/gen_1776064443_640.txt air/gen_1776064450_643.txt air/gen_1776064455_645.txt air/gen_1776064458_646.txt air/gen_1776064466_649.txt air/gen_1776064471_651.txt air/gen_1776064473_652.txt air/gen_1776064481_655.txt air/gen_1776064489_658.txt air/gen_1776064497_661.txt air/gen_1776064504_664.txt air/gen_1776064512_667.txt air/gen_1776064517_669.txt air/gen_1776064519_670.txt air/gen_1776064527_673.txt air/gen_1776064532_675.txt air/gen_1776064535_676.txt air/gen_1776064543_679.txt air/gen_1776064550_682.txt air/gen_1776064558_685.txt air/gen_1776064563_687.txt air/gen_1776064565_688.txt air/gen_1776064573_691.txt]
[trainer] micro-train burst (20931 bytes, novelty 0.03) — and lo, it feeds again.
[syntropy] action=explore | trend=0.0000 | field_dev=0.093 | purpose_align=0.010 | lr_mul=1.30
[aml] burst complete: 32 steps, avg loss 1.7343 (memory freed)
[dna] water wrote 23 bytes to ecology
[dna] water wrote 46 bytes to ecology
[dna] water wrote 70 bytes to ecology
[dna] water wrote 45 bytes to ecology
[dna] water wrote 30 bytes to ecology
[dna] water wrote 42 bytes to ecology
[dna] water wrote 54 bytes to ecology
[dna] water wrote 91 bytes to ecology
[dna] water wrote 95 bytes to ecology
[dna] water wrote 47 bytes to ecology
[dna] water wrote 31 bytes to ecology
[dna] water wrote 77 bytes to ecology
[dna] water wrote 95 bytes to ecology
[dna] water wrote 103 bytes to ecology
[dna] water wrote 73 bytes to ecology
[dna] water wrote 49 bytes to ecology
[dna] water wrote 64 bytes to ecology
[dna] water wrote 74 bytes to ecology
[dna] water wrote 38 bytes to ecology
[dna] water wrote 86 bytes to ecology
[dna] water wrote 44 bytes to ecology
[dna] water wrote 53 bytes to ecology
[dna] water wrote 62 bytes to ecology
[dna] water wrote 75 bytes to ecology
[debug-onto] tick=50 corpus=146905 stage=2 freeze=0
[dna] water wrote 88 bytes to ecology
[dna] water wrote 116 bytes to ecology
[dna] water wrote 29 bytes to ecology
[dna] water wrote 48 bytes to ecology
[dna] water wrote 46 bytes to ecology
[dna] water wrote 70 bytes to ecology
[dna] water wrote 28 bytes to ecology
[dna] water wrote 55 bytes to ecology
[dna] water wrote 52 bytes to ecology
[dna] water wrote 31 bytes to ecology
[dna] water wrote 24 bytes to ecology
[dna] water wrote 11 bytes to ecology
[dna] water wrote 57 bytes to ecology
[dna] water wrote 38 bytes to ecology
[dna] water wrote 97 bytes to ecology
[dna] water wrote 42 bytes to ecology
[dna] water wrote 96 bytes to ecology
[dna] water wrote 121 bytes to ecology
[dna] water wrote 34 bytes to ecology
[dna] water wrote 134 bytes to ecology
[dna] water wrote 85 bytes to ecology
[dna] water wrote 44 bytes to ecology
[dna] water wrote 58 bytes to ecology
[dna] water wrote 44 bytes to ecology
[dna] water wrote 25 bytes to ecology
[dna] water wrote 54 bytes to ecology
[debug-onto] tick=100 corpus=146905 stage=2 freeze=0
[dna] water wrote 41 bytes to ecology
[dna] water wrote 51 bytes to ecology
[dna] water wrote 74 bytes to ecology
[dna] water wrote 57 bytes to ecology
[dna] water wrote 39 bytes to ecology
[dna] water wrote 69 bytes to ecology
[dna] water wrote 31 bytes to ecology
[dna] water wrote 39 bytes to ecology
[dna] water wrote 38 bytes to ecology
[dna] water wrote 61 bytes to ecology
[dna] water wrote 35 bytes to ecology
[dna] water wrote 29 bytes to ecology
[dna] water wrote 66 bytes to ecology
[dna] water wrote 22 bytes to ecology
[dna] water wrote 46 bytes to ecology
[dna] water wrote 92 bytes to ecology
[dna] water wrote 16 bytes to ecology
[dna] water wrote 68 bytes to ecology
[dna] water wrote 82 bytes to ecology
[dna] water wrote 38 bytes to ecology
[dna] water wrote 31 bytes to ecology
[dna] water wrote 60 bytes to ecology
[dna] water wrote 24 bytes to ecology
[dna] water wrote 64 bytes to ecology
[debug-onto] tick=150 corpus=146905 stage=2 freeze=0
[dna] water wrote 49 bytes to ecology
[dna] water wrote 91 bytes to ecology
[dna] water wrote 31 bytes to ecology
[dna] water wrote 82 bytes to ecology
[dna] water wrote 25 bytes to ecology
[dna] water wrote 57 bytes to ecology
[dna] water wrote 100 bytes to ecology
[dna] water wrote 39 bytes to ecology
[dna] water wrote 149 bytes to ecology
[dna] water wrote 44 bytes to ecology
[dna] water wrote 62 bytes to ecology
[dna] water wrote 44 bytes to ecology
[dna] water wrote 156 bytes to ecology
[dna] water wrote 61 bytes to ecology
[dna] water wrote 29 bytes to ecology
[dna] water wrote 51 bytes to ecology
[dna] water wrote 13 bytes to ecology
[dna] water wrote 92 bytes to ecology
[dna] water wrote 35 bytes to ecology
[dna] water wrote 28 bytes to ecology
[dna] water wrote 36 bytes to ecology
[dna] water wrote 80 bytes to ecology
[dna] water wrote 163 bytes to ecology
[dna] water wrote 61 bytes to ecology
[dna] water wrote 47 bytes to ecology
[debug-onto] tick=200 corpus=146905 stage=2 freeze=0
[dna] water wrote 51 bytes to ecology
[dna] water wrote 98 bytes to ecology
[dna] water wrote 89 bytes to ecology
[dna] water wrote 8 bytes to ecology
[dna] water wrote 56 bytes to ecology
[dna] water wrote 41 bytes to ecology
[dna] water wrote 19 bytes to ecology
[dna] water wrote 87 bytes to ecology
[dna] water wrote 45 bytes to ecology
[dna] water wrote 50 bytes to ecology
[dna] water wrote 117 bytes to ecology
[dna] water wrote 47 bytes to ecology
[dna] water wrote 170 bytes to ecology
[dna] water wrote 37 bytes to ecology
[dna] water wrote 11 bytes to ecology
[dna] water wrote 24 bytes to ecology
[dna] water wrote 53 bytes to ecology
[dna] water wrote 59 bytes to ecology
[dna] water wrote 41 bytes to ecology
[dna] water wrote 48 bytes to ecology
[dna] water wrote 56 bytes to ecology
[dna] water wrote 45 bytes to ecology
[dna] water wrote 84 bytes to ecology
[dna] water wrote 52 bytes to ecology
[dna] water wrote 123 bytes to ecology
[dna] water wrote 53 bytes to ecology
[debug-onto] tick=250 corpus=146905 stage=2 freeze=0
[dna] water wrote 17 bytes to ecology
[dna] water wrote 15 bytes to ecology
[dna] water wrote 159 bytes to ecology
[dna] water wrote 38 bytes to ecology
[dna] water wrote 89 bytes to ecology
[dna] water wrote 97 bytes to ecology
[dna] water wrote 66 bytes to ecology
[dna] water wrote 54 bytes to ecology
[dna] water wrote 49 bytes to ecology
[dna] water wrote 96 bytes to ecology
[dna] water wrote 70 bytes to ecology
[dna] water wrote 172 bytes to ecology
[dna] water wrote 76 bytes to ecology
[dna] water wrote 37 bytes to ecology
[dna] water wrote 60 bytes to ecology
[dna] water wrote 49 bytes to ecology
[dna] water wrote 83 bytes to ecology
[dna] water wrote 20 bytes to ecology
[dna] water wrote 38 bytes to ecology
[dna] water wrote 17 bytes to ecology
[dna] water wrote 82 bytes to ecology
[dna] water wrote 107 bytes to ecology
[dna] water wrote 54 bytes to ecology
[dna] water wrote 25 bytes to ecology
[debug-onto] tick=300 corpus=146905 stage=2 freeze=0
[dna] water wrote 61 bytes to ecology
[dna] water wrote 63 bytes to ecology
[dna] water wrote 68 bytes to ecology
[dna] water wrote 46 bytes to ecology
[dna] water wrote 17 bytes to ecology
[dna] water wrote 44 bytes to ecology
[dna] water wrote 10 bytes to ecology
[dna] water wrote 42 bytes to ecology
[dna] water wrote 48 bytes to ecology
[dna] water wrote 161 bytes to ecology
[dna] water wrote 209 bytes to ecology
[dna] water wrote 10 bytes to ecology
[dna] water wrote 32 bytes to ecology
[dna] water wrote 27 bytes to ecology
[dna] water wrote 20 bytes to ecology
[dna] water wrote 69 bytes to ecology
[dna] water wrote 50 bytes to ecology
[dna] water wrote 81 bytes to ecology
[dna] water wrote 42 bytes to ecology
[dna] water wrote 27 bytes to ecology
[dna] water wrote 28 bytes to ecology
[dna] water wrote 133 bytes to ecology
[dna] water wrote 37 bytes to ecology
[dna] water wrote 59 bytes to ecology
[dna] water wrote 60 bytes to ecology
[debug-onto] tick=350 corpus=146905 stage=2 freeze=0
[dna] water wrote 53 bytes to ecology
[dna] water wrote 75 bytes to ecology
[dna] water wrote 44 bytes to ecology
[dna] water wrote 45 bytes to ecology
[dna] water wrote 29 bytes to ecology
[dna] water wrote 97 bytes to ecology
[dna] water wrote 31 bytes to ecology
[dna] water wrote 55 bytes to ecology
[dna] water wrote 19 bytes to ecology
[dna] water wrote 147 bytes to ecology
[dna] water wrote 124 bytes to ecology
[dna] water wrote 33 bytes to ecology
[dna] water wrote 29 bytes to ecology
[dna] water wrote 78 bytes to ecology
[dna] water wrote 47 bytes to ecology
[dna] water wrote 75 bytes to ecology
[dna] water wrote 9 bytes to ecology
[dna] water wrote 45 bytes to ecology
[dna] water wrote 22 bytes to ecology
[dna] water wrote 32 bytes to ecology
[dna] water wrote 73 bytes to ecology
[dna] water wrote 45 bytes to ecology
[dna] water wrote 38 bytes to ecology
[dna] water wrote 138 bytes to ecology
[dna] water wrote 117 bytes to ecology
[dna] water wrote 63 bytes to ecology
[debug-onto] tick=400 corpus=146905 stage=2 freeze=0
[dna] water wrote 224 bytes to ecology
[dna] water wrote 26 bytes to ecology
[dna] water wrote 223 bytes to ecology
[dna] water wrote 218 bytes to ecology
[dna] water wrote 13 bytes to ecology
[dna] water wrote 70 bytes to ecology
[dna] water wrote 86 bytes to ecology
[dna] water wrote 141 bytes to ecology
[dna] water wrote 51 bytes to ecology
[dna] water wrote 95 bytes to ecology
[dna] water wrote 51 bytes to ecology
[dna] water wrote 69 bytes to ecology
[dna] water wrote 101 bytes to ecology
[dna] water wrote 55 bytes to ecology
[dna] water wrote 35 bytes to ecology
[dna] water wrote 92 bytes to ecology
[dna] water wrote 167 bytes to ecology
[dna] water wrote 45 bytes to ecology
[dna] water wrote 16 bytes to ecology
[dna] water wrote 78 bytes to ecology
[dna] water wrote 97 bytes to ecology
[dna] water wrote 71 bytes to ecology
[dna] water wrote 33 bytes to ecology
[dna] water wrote 47 bytes to ecology
[debug-onto] tick=450 corpus=146905 stage=2 freeze=0
[dna] water wrote 66 bytes to ecology
[dna] water wrote 74 bytes to ecology
[dna] water wrote 38 bytes to ecology
[dna] water wrote 34 bytes to ecology
[dna] water wrote 18 bytes to ecology
[dna] water wrote 42 bytes to ecology
[dna] water wrote 95 bytes to ecology
[dna] water wrote 93 bytes to ecology
[dna] water wrote 10 bytes to ecology
[dna] water wrote 63 bytes to ecology
[dna] water wrote 45 bytes to ecology
[dna] water wrote 95 bytes to ecology
[dna] water wrote 77 bytes to ecology
[dna] water wrote 213 bytes to ecology
[dna] water wrote 125 bytes to ecology
[dna] water wrote 28 bytes to ecology
[dna] water wrote 26 bytes to ecology
[dna] water wrote 51 bytes to ecology
[dna] water wrote 177 bytes to ecology
[dna] water wrote 99 bytes to ecology
[dna] water wrote 31 bytes to ecology
[dna] water wrote 118 bytes to ecology
[dna] water wrote 9 bytes to ecology
[dna] water wrote 47 bytes to ecology
[debug-onto] tick=500 corpus=146905 stage=2 freeze=0
[dna] water wrote 101 bytes to ecology
[dna] water wrote 16 bytes to ecology
[dna] water wrote 58 bytes to ecology
[dna] water wrote 72 bytes to ecology
[dna] water wrote 45 bytes to ecology
[dna] water wrote 52 bytes to ecology
[dna] water wrote 40 bytes to ecology
[dna] water wrote 124 bytes to ecology
[dna] water wrote 40 bytes to ecology
[dna] water wrote 81 bytes to ecology
[dna] water wrote 13 bytes to ecology
[dna] water wrote 36 bytes to ecology
[dna] water wrote 166 bytes to ecology
[dna] water wrote 39 bytes to ecology
[dna] water wrote 46 bytes to ecology
[dna] water wrote 78 bytes to ecology
[dna] water wrote 37 bytes to ecology
[dna] water wrote 44 bytes to ecology
[dna] water wrote 39 bytes to ecology
[dna] water wrote 28 bytes to ecology
[dna] water wrote 243 bytes to ecology
[dna] water wrote 286 bytes to ecology
[dna] water wrote 51 bytes to ecology
[dna] water wrote 73 bytes to ecology
[dna] water wrote 87 bytes to ecology
[dna] water wrote 39 bytes to ecology
[debug-onto] tick=550 corpus=146905 stage=2 freeze=0
[dna] water wrote 137 bytes to ecology
[dna] water wrote 31 bytes to ecology
[dna] water wrote 54 bytes to ecology
[dna] water wrote 26 bytes to ecology
[dna] water wrote 39 bytes to ecology
[dna] water wrote 63 bytes to ecology
[dna] water wrote 94 bytes to ecology
[dna] water wrote 30 bytes to ecology
[dna] water wrote 45 bytes to ecology
[dna] water wrote 92 bytes to ecology
[dna] water wrote 46 bytes to ecology
[dna] water wrote 34 bytes to ecology
[dna] water wrote 36 bytes to ecology
[dna] water wrote 34 bytes to ecology
[dna] water wrote 125 bytes to ecology
[dna] water wrote 11 bytes to ecology
[dna] water wrote 72 bytes to ecology
[dna] water wrote 145 bytes to ecology
[dna] water wrote 9 bytes to ecology
[dna] water wrote 38 bytes to ecology
[dna] water wrote 36 bytes to ecology
[dna] water wrote 79 bytes to ecology
[dna] water wrote 51 bytes to ecology
[debug-onto] tick=600 corpus=146905 stage=2 freeze=0
[dna] water wrote 43 bytes to ecology
[dna] water wrote 28 bytes to ecology
[dna] water wrote 46 bytes to ecology
[dna] water wrote 35 bytes to ecology
[dna] water wrote 70 bytes to ecology
[dna] water wrote 85 bytes to ecology
[dna] water wrote 49 bytes to ecology
[dna] water wrote 40 bytes to ecology
[dna] water wrote 159 bytes to ecology
[dna] water wrote 125 bytes to ecology
[dna] water wrote 10 bytes to ecology
[dna] water wrote 92 bytes to ecology
[dna] water wrote 49 bytes to ecology
[dna] water wrote 16 bytes to ecology
[dna] water wrote 38 bytes to ecology
[dna] water wrote 27 bytes to ecology
[dna] water wrote 34 bytes to ecology
[dna] water wrote 54 bytes to ecology
[dna] water wrote 119 bytes to ecology
[dna] water wrote 11 bytes to ecology
[dna] water wrote 63 bytes to ecology
[dna] water wrote 49 bytes to ecology
[dna] water wrote 15 bytes to ecology
[dna] water wrote 65 bytes to ecology
[dna] water wrote 29 bytes to ecology
[debug-onto] tick=650 corpus=146905 stage=2 freeze=0
[dna] water wrote 35 bytes to ecology
[dna] water wrote 35 bytes to ecology
[dna] water wrote 47 bytes to ecology
[dna] water wrote 79 bytes to ecology
[dna] water wrote 26 bytes to ecology
[dna] water wrote 101 bytes to ecology
[dna] water wrote 89 bytes to ecology
[dna] water wrote 55 bytes to ecology

[evolution] Organism shutting down gracefully.
