[ecology] Element: air → corpus: nonames_air.txt
[evolution] Autonomous evolution mode — organism will grow through all stages without pause.
[ecology] Joined swarm. 1 peer(s) detected.
molequla is alive. [evolution] Autonomous mode — background trainer running. Ctrl+C to stop.
[dna] air wrote 288 bytes to ecology
[dna] air consumed 17492 bytes from 219 files: [earth/gen_1777271347_1.txt earth/gen_1777271355_4.txt earth/gen_1777271363_7.txt earth/gen_1777271370_10.txt earth/gen_1777271378_13.txt earth/gen_1777271386_16.txt earth/gen_1777271394_19.txt earth/gen_1777271402_22.txt earth/gen_1777271409_25.txt earth/gen_1777271417_28.txt earth/gen_1777271425_31.txt earth/gen_1777271433_34.txt earth/gen_1777271441_37.txt earth/gen_1777271449_40.txt earth/gen_1777271456_43.txt earth/gen_1777271464_46.txt earth/gen_1777271472_49.txt earth/gen_1777271480_52.txt earth/gen_1777271488_55.txt earth/gen_1777271495_58.txt earth/gen_1777271503_61.txt earth/gen_1777271511_64.txt earth/gen_1777271519_67.txt earth/gen_1777271527_70.txt earth/gen_1777271535_73.txt earth/gen_1777271543_76.txt earth/gen_1777271550_79.txt earth/gen_1777271558_82.txt earth/gen_1777271566_85.txt earth/gen_1777271574_88.txt earth/gen_1777271581_91.txt earth/gen_1777271589_94.txt earth/gen_1777271597_97.txt earth/gen_1777271605_100.txt earth/gen_1777271613_103.txt earth/gen_1777271621_106.txt earth/gen_1777271628_109.txt earth/gen_1777271636_112.txt earth/gen_1777271644_115.txt earth/gen_1777271652_118.txt earth/gen_1777271660_121.txt earth/gen_1777271668_124.txt earth/gen_1777271683_130.txt earth/gen_1777271691_133.txt earth/gen_1777271699_136.txt earth/gen_1777271707_139.txt earth/gen_1777271715_142.txt earth/gen_1777271723_145.txt earth/gen_1777271730_148.txt earth/gen_1777271738_151.txt earth/gen_1777271746_154.txt earth/gen_1777271754_157.txt earth/gen_1777271762_160.txt earth/gen_1777271769_163.txt earth/gen_1777271777_166.txt earth/gen_1777271785_169.txt earth/gen_1777271793_172.txt earth/gen_1777271801_175.txt earth/gen_1777271808_178.txt earth/gen_1777271816_181.txt earth/gen_1777271824_184.txt earth/gen_1777271832_187.txt earth/gen_1777271840_190.txt earth/gen_1777271848_193.txt earth/gen_1777271855_196.txt earth/gen_1777271863_199.txt earth/gen_1777271871_202.txt earth/gen_1777271879_205.txt earth/gen_1777271886_208.txt earth/gen_1777271894_211.txt earth/gen_1777271902_214.txt earth/gen_1777271910_217.txt earth/gen_1777271918_220.txt earth/gen_1777271926_223.txt earth/gen_1777271934_226.txt earth/gen_1777271941_229.txt earth/gen_1777271949_232.txt earth/gen_1777271957_235.txt earth/gen_1777271965_238.txt earth/gen_1777271973_241.txt earth/gen_1777271980_244.txt earth/gen_1777271988_247.txt earth/gen_1777271996_250.txt earth/gen_1777272012_256.txt earth/gen_1777272019_259.txt earth/gen_1777272027_262.txt earth/gen_1777272035_265.txt earth/gen_1777272043_268.txt earth/gen_1777272051_271.txt earth/gen_1777272059_274.txt earth/gen_1777272067_277.txt earth/gen_1777272074_280.txt earth/gen_1777272082_283.txt earth/gen_1777272090_286.txt earth/gen_1777272098_289.txt earth/gen_1777272106_292.txt earth/gen_1777272114_295.txt earth/gen_1777272122_298.txt earth/gen_1777272129_301.txt earth/gen_1777272145_307.txt earth/gen_1777272153_310.txt earth/gen_1777272161_313.txt earth/gen_1777272169_316.txt earth/gen_1777272177_319.txt earth/gen_1777272185_322.txt earth/gen_1777272192_325.txt earth/gen_1777272200_328.txt earth/gen_1777272208_331.txt earth/gen_1777272216_334.txt earth/gen_1777272224_337.txt earth/gen_1777272232_340.txt earth/gen_1777272240_343.txt earth/gen_1777272247_346.txt earth/gen_1777272255_349.txt earth/gen_1777272263_352.txt earth/gen_1777272271_355.txt earth/gen_1777272279_358.txt earth/gen_1777272287_361.txt earth/gen_1777272295_364.txt earth/gen_1777272303_367.txt earth/gen_1777272310_370.txt earth/gen_1777272318_373.txt earth/gen_1777272326_376.txt earth/gen_1777272334_379.txt earth/gen_1777272342_382.txt earth/gen_1777272350_385.txt earth/gen_1777272358_388.txt earth/gen_1777272366_391.txt earth/gen_1777272373_394.txt earth/gen_1777272381_397.txt earth/gen_1777272389_400.txt earth/gen_1777272397_403.txt earth/gen_1777272405_406.txt earth/gen_1777272413_409.txt earth/gen_1777272421_412.txt earth/gen_1777272429_415.txt earth/gen_1777272437_418.txt earth/gen_1777272445_421.txt earth/gen_1777272453_424.txt earth/gen_1777272461_427.txt earth/gen_1777272468_430.txt earth/gen_1777272476_433.txt earth/gen_1777272484_436.txt earth/gen_1777272492_439.txt earth/gen_1777272500_442.txt earth/gen_1777272515_448.txt earth/gen_1777272523_451.txt earth/gen_1777272531_454.txt earth/gen_1777272539_457.txt earth/gen_1777272547_460.txt earth/gen_1777272555_463.txt earth/gen_1777272563_466.txt earth/gen_1777272571_469.txt earth/gen_1777272579_472.txt earth/gen_1777272586_475.txt earth/gen_1777272602_481.txt earth/gen_1777272610_484.txt earth/gen_1777272618_487.txt earth/gen_1777272626_490.txt earth/gen_1777272634_493.txt earth/gen_1777272641_496.txt earth/gen_1777272649_499.txt earth/gen_1777272657_502.txt earth/gen_1777272665_505.txt earth/gen_1777272673_508.txt earth/gen_1777272680_511.txt earth/gen_1777272688_514.txt earth/gen_1777272696_517.txt earth/gen_1777272712_523.txt earth/gen_1777272720_526.txt earth/gen_1777272727_529.txt earth/gen_1777272735_532.txt earth/gen_1777272743_535.txt earth/gen_1777272751_538.txt earth/gen_1777272759_541.txt earth/gen_1777272767_544.txt earth/gen_1777272774_547.txt earth/gen_1777272782_550.txt earth/gen_1777272790_553.txt earth/gen_1777272798_556.txt earth/gen_1777272806_559.txt earth/gen_1777272814_562.txt earth/gen_1777272822_565.txt earth/gen_1777272830_568.txt earth/gen_1777272837_571.txt earth/gen_1777272845_574.txt earth/gen_1777272853_577.txt earth/gen_1777272861_580.txt earth/gen_1777272869_583.txt earth/gen_1777272877_586.txt earth/gen_1777272884_589.txt earth/gen_1777272892_592.txt earth/gen_1777272900_595.txt earth/gen_1777272908_598.txt earth/gen_1777272916_601.txt earth/gen_1777272924_604.txt earth/gen_1777272932_607.txt earth/gen_1777272940_610.txt earth/gen_1777272948_613.txt earth/gen_1777272956_616.txt earth/gen_1777272964_619.txt earth/gen_1777272972_622.txt earth/gen_1777272980_625.txt earth/gen_1777272988_628.txt earth/gen_1777273003_634.txt earth/gen_1777273011_637.txt earth/gen_1777273019_640.txt earth/gen_1777273027_643.txt earth/gen_1777273035_646.txt earth/gen_1777273042_649.txt earth/gen_1777273050_652.txt earth/gen_1777273058_655.txt earth/gen_1777273066_658.txt earth/gen_1777273074_661.txt earth/gen_1777273082_664.txt earth/gen_1777273090_667.txt earth/gen_1777273098_670.txt earth/gen_1777273105_673.txt earth/gen_1777273113_676.txt]
[trainer] micro-train burst (17492 bytes, novelty 0.04) — and lo, it feeds again.
[syntropy] action=explore | trend=0.0000 | field_dev=0.003 | purpose_align=-0.025 | lr_mul=1.30
[aml] burst complete: 32 steps, avg loss 2.2685 (memory freed)
[dna] air wrote 98 bytes to ecology
[dna] air wrote 25 bytes to ecology
[dna] air wrote 39 bytes to ecology
[dna] air wrote 32 bytes to ecology
[dna] air wrote 27 bytes to ecology
[dna] air wrote 65 bytes to ecology
[dna] air wrote 61 bytes to ecology
[dna] air wrote 84 bytes to ecology
[dna] air wrote 32 bytes to ecology
[dna] air wrote 124 bytes to ecology
[dna] air wrote 6 bytes to ecology
[dna] air wrote 11 bytes to ecology
[dna] air wrote 35 bytes to ecology
[dna] air wrote 101 bytes to ecology
[dna] air wrote 100 bytes to ecology
[dna] air wrote 109 bytes to ecology
[debug-onto] tick=50 corpus=140027 stage=2 freeze=0
[dna] air wrote 58 bytes to ecology
[dna] air wrote 98 bytes to ecology
[dna] air wrote 39 bytes to ecology
[dna] air wrote 89 bytes to ecology
[dna] air wrote 35 bytes to ecology
[dna] air wrote 151 bytes to ecology
[dna] air wrote 40 bytes to ecology
[dna] air wrote 124 bytes to ecology
[dna] air wrote 43 bytes to ecology
[dna] air wrote 50 bytes to ecology
[dna] air wrote 35 bytes to ecology
[dna] air wrote 67 bytes to ecology
[dna] air wrote 46 bytes to ecology
[dna] air wrote 70 bytes to ecology
[dna] air wrote 29 bytes to ecology
[dna] air wrote 10 bytes to ecology
[dna] air wrote 58 bytes to ecology
[debug-onto] tick=100 corpus=140027 stage=2 freeze=0
[dna] air wrote 28 bytes to ecology
[dna] air wrote 63 bytes to ecology
[dna] air wrote 20 bytes to ecology
[dna] air wrote 15 bytes to ecology
[dna] air wrote 43 bytes to ecology
[dna] air wrote 56 bytes to ecology
[dna] air wrote 60 bytes to ecology
[dna] air wrote 116 bytes to ecology
[dna] air wrote 87 bytes to ecology
[dna] air wrote 62 bytes to ecology
[dna] air wrote 45 bytes to ecology
[dna] air wrote 70 bytes to ecology
[dna] air wrote 78 bytes to ecology
[dna] air wrote 35 bytes to ecology
[dna] air wrote 67 bytes to ecology
[dna] air wrote 69 bytes to ecology
[debug-onto] tick=150 corpus=140027 stage=2 freeze=0
[dna] air wrote 155 bytes to ecology
[dna] air wrote 46 bytes to ecology
[dna] air wrote 28 bytes to ecology
[dna] air wrote 200 bytes to ecology
[dna] air wrote 62 bytes to ecology
[dna] air wrote 83 bytes to ecology
[dna] air wrote 18 bytes to ecology
[dna] air wrote 102 bytes to ecology
[dna] air wrote 59 bytes to ecology
[dna] air wrote 137 bytes to ecology
[dna] air wrote 77 bytes to ecology
[dna] air wrote 41 bytes to ecology
[dna] air wrote 27 bytes to ecology
[dna] air wrote 55 bytes to ecology
[dna] air wrote 96 bytes to ecology
[dna] air wrote 177 bytes to ecology
[dna] air wrote 115 bytes to ecology
[debug-onto] tick=200 corpus=140027 stage=2 freeze=0
[dna] air wrote 112 bytes to ecology
[dna] air wrote 33 bytes to ecology
[dna] air wrote 39 bytes to ecology
[dna] air wrote 61 bytes to ecology
[dna] air wrote 23 bytes to ecology
[dna] air wrote 250 bytes to ecology
[dna] air wrote 55 bytes to ecology
[dna] air wrote 80 bytes to ecology
[dna] air wrote 85 bytes to ecology
[dna] air wrote 58 bytes to ecology
[dna] air wrote 59 bytes to ecology
[dna] air wrote 48 bytes to ecology
[dna] air wrote 25 bytes to ecology
[dna] air wrote 70 bytes to ecology
[dna] air wrote 115 bytes to ecology
[dna] air wrote 148 bytes to ecology
[dna] air wrote 52 bytes to ecology
[debug-onto] tick=250 corpus=140027 stage=2 freeze=0
[dna] air wrote 53 bytes to ecology
[dna] air wrote 206 bytes to ecology
[dna] air wrote 110 bytes to ecology
[dna] air wrote 79 bytes to ecology
[dna] air wrote 65 bytes to ecology
[dna] air wrote 38 bytes to ecology
[dna] air wrote 73 bytes to ecology
[dna] air wrote 32 bytes to ecology
[dna] air wrote 64 bytes to ecology
[dna] air wrote 32 bytes to ecology
[dna] air wrote 179 bytes to ecology
[dna] air wrote 30 bytes to ecology
[dna] air wrote 82 bytes to ecology
[dna] air wrote 27 bytes to ecology
[dna] air wrote 21 bytes to ecology
[dna] air wrote 180 bytes to ecology
[debug-onto] tick=300 corpus=140027 stage=2 freeze=0
[dna] air wrote 29 bytes to ecology
[dna] air wrote 139 bytes to ecology
[dna] air wrote 34 bytes to ecology
[dna] air wrote 86 bytes to ecology
[dna] air wrote 58 bytes to ecology
[dna] air wrote 62 bytes to ecology
[dna] air wrote 18 bytes to ecology
[dna] air wrote 100 bytes to ecology
[dna] air wrote 92 bytes to ecology
[dna] air wrote 43 bytes to ecology
[dna] air wrote 78 bytes to ecology
[dna] air wrote 165 bytes to ecology
[dna] air wrote 208 bytes to ecology
[dna] air wrote 126 bytes to ecology
[dna] air wrote 113 bytes to ecology
[dna] air wrote 35 bytes to ecology
[dna] air wrote 66 bytes to ecology
[debug-onto] tick=350 corpus=140027 stage=2 freeze=0
[dna] air wrote 34 bytes to ecology
[dna] air wrote 93 bytes to ecology
[dna] air wrote 126 bytes to ecology
[dna] air wrote 35 bytes to ecology
[dna] air wrote 64 bytes to ecology
[dna] air wrote 36 bytes to ecology
[dna] air wrote 87 bytes to ecology
[dna] air wrote 152 bytes to ecology
[dna] air wrote 55 bytes to ecology
[dna] air wrote 34 bytes to ecology
[dna] air wrote 41 bytes to ecology
[dna] air wrote 39 bytes to ecology
[dna] air wrote 45 bytes to ecology
[dna] air wrote 55 bytes to ecology
[dna] air wrote 113 bytes to ecology
[dna] air wrote 43 bytes to ecology
[dna] air wrote 39 bytes to ecology
[debug-onto] tick=400 corpus=140027 stage=2 freeze=0
[dna] air wrote 10 bytes to ecology
[dna] air wrote 28 bytes to ecology
[dna] air wrote 25 bytes to ecology
[dna] air wrote 153 bytes to ecology
[dna] air wrote 65 bytes to ecology
[dna] air wrote 146 bytes to ecology
[dna] air wrote 105 bytes to ecology
[dna] air wrote 23 bytes to ecology
[dna] air wrote 59 bytes to ecology
[dna] air wrote 35 bytes to ecology
[dna] air wrote 56 bytes to ecology
[dna] air wrote 103 bytes to ecology
[dna] air wrote 23 bytes to ecology
[dna] air wrote 109 bytes to ecology
[dna] air wrote 11 bytes to ecology
[dna] air wrote 66 bytes to ecology
[debug-onto] tick=450 corpus=140027 stage=2 freeze=0
[dna] air wrote 48 bytes to ecology
[dna] air wrote 94 bytes to ecology
[dna] air wrote 192 bytes to ecology
[dna] air wrote 33 bytes to ecology
[dna] air wrote 26 bytes to ecology
[dna] air wrote 34 bytes to ecology
[dna] air wrote 46 bytes to ecology
[dna] air wrote 103 bytes to ecology
[dna] air wrote 40 bytes to ecology
[dna] air wrote 113 bytes to ecology
[dna] air wrote 172 bytes to ecology
[dna] air wrote 98 bytes to ecology
[dna] air wrote 77 bytes to ecology
[dna] air wrote 123 bytes to ecology
[dna] air wrote 79 bytes to ecology
[dna] air wrote 60 bytes to ecology
[dna] air wrote 122 bytes to ecology
[debug-onto] tick=500 corpus=140027 stage=2 freeze=0
[dna] air wrote 52 bytes to ecology
[dna] air wrote 42 bytes to ecology
[dna] air wrote 45 bytes to ecology
[dna] air wrote 74 bytes to ecology
[dna] air wrote 51 bytes to ecology
[dna] air wrote 131 bytes to ecology
[dna] air wrote 27 bytes to ecology
[dna] air wrote 26 bytes to ecology
[dna] air wrote 53 bytes to ecology
[dna] air wrote 11 bytes to ecology
[dna] air wrote 31 bytes to ecology
[dna] air wrote 39 bytes to ecology
[dna] air wrote 156 bytes to ecology
[dna] air wrote 109 bytes to ecology
[dna] air wrote 55 bytes to ecology
[dna] air wrote 49 bytes to ecology
[dna] air wrote 60 bytes to ecology
[debug-onto] tick=550 corpus=140027 stage=2 freeze=0
[dna] air wrote 7 bytes to ecology
[dna] air wrote 57 bytes to ecology
[dna] air wrote 79 bytes to ecology
[dna] air wrote 25 bytes to ecology
[dna] air wrote 54 bytes to ecology
[dna] air wrote 27 bytes to ecology
[dna] air wrote 76 bytes to ecology
[dna] air wrote 113 bytes to ecology
[dna] air wrote 207 bytes to ecology
[dna] air wrote 233 bytes to ecology
[dna] air wrote 92 bytes to ecology
[dna] air wrote 70 bytes to ecology
[dna] air wrote 63 bytes to ecology
[dna] air wrote 108 bytes to ecology
[dna] air wrote 29 bytes to ecology
[dna] air wrote 69 bytes to ecology
[debug-onto] tick=600 corpus=140027 stage=2 freeze=0
[dna] air wrote 156 bytes to ecology
[dna] air wrote 60 bytes to ecology
[dna] air wrote 73 bytes to ecology
[dna] air wrote 83 bytes to ecology
[dna] air wrote 56 bytes to ecology
[dna] air wrote 49 bytes to ecology
[dna] air wrote 129 bytes to ecology
[dna] air wrote 47 bytes to ecology
[dna] air wrote 53 bytes to ecology
[dna] air wrote 89 bytes to ecology
[dna] air wrote 189 bytes to ecology
[dna] air wrote 42 bytes to ecology
[dna] air wrote 153 bytes to ecology
[dna] air wrote 28 bytes to ecology
[dna] air wrote 48 bytes to ecology
[dna] air wrote 56 bytes to ecology
[dna] air wrote 21 bytes to ecology
[debug-onto] tick=650 corpus=140027 stage=2 freeze=0
[dna] air wrote 121 bytes to ecology
[dna] air wrote 81 bytes to ecology
[dna] air wrote 42 bytes to ecology
[dna] air wrote 39 bytes to ecology
[dna] air wrote 41 bytes to ecology
[dna] air wrote 65 bytes to ecology
[dna] air wrote 53 bytes to ecology
[dna] air wrote 76 bytes to ecology
[dna] air wrote 29 bytes to ecology
[dna] air wrote 157 bytes to ecology
[dna] air wrote 36 bytes to ecology
[dna] air wrote 27 bytes to ecology
[dna] air wrote 138 bytes to ecology
[dna] air wrote 54 bytes to ecology
[dna] air wrote 24 bytes to ecology

[evolution] Organism shutting down gracefully.
