[ecology] Element: fire → corpus: nonames_fire.txt
[evolution] Autonomous evolution mode — organism will grow through all stages without pause.
[ecology] Joined swarm. 1 peer(s) detected.
molequla is alive. [evolution] Autonomous mode — background trainer running. Ctrl+C to stop.
[dna] fire wrote 25 bytes to ecology
[dna] fire consumed 12570 bytes from 207 files: [water/gen_1777274920_1.txt water/gen_1777274937_4.txt water/gen_1777274945_7.txt water/gen_1777274954_10.txt water/gen_1777274962_13.txt water/gen_1777274971_16.txt water/gen_1777274980_19.txt water/gen_1777274988_22.txt water/gen_1777274997_25.txt water/gen_1777275005_28.txt water/gen_1777275014_31.txt water/gen_1777275022_34.txt water/gen_1777275031_37.txt water/gen_1777275040_40.txt water/gen_1777275048_43.txt water/gen_1777275057_46.txt water/gen_1777275065_49.txt water/gen_1777275074_52.txt water/gen_1777275083_55.txt water/gen_1777275091_58.txt water/gen_1777275100_61.txt water/gen_1777275109_64.txt water/gen_1777275117_67.txt water/gen_1777275126_70.txt water/gen_1777275134_73.txt water/gen_1777275143_76.txt water/gen_1777275151_79.txt water/gen_1777275160_82.txt water/gen_1777275169_85.txt water/gen_1777275177_88.txt water/gen_1777275186_91.txt water/gen_1777275194_94.txt water/gen_1777275203_97.txt water/gen_1777275212_100.txt water/gen_1777275220_103.txt water/gen_1777275229_106.txt water/gen_1777275237_109.txt water/gen_1777275246_112.txt water/gen_1777275255_115.txt water/gen_1777275263_118.txt water/gen_1777275272_121.txt water/gen_1777275281_124.txt water/gen_1777275289_127.txt water/gen_1777275298_130.txt water/gen_1777275306_133.txt water/gen_1777275315_136.txt water/gen_1777275323_139.txt water/gen_1777275332_142.txt water/gen_1777275341_145.txt water/gen_1777275349_148.txt water/gen_1777275358_151.txt water/gen_1777275366_154.txt water/gen_1777275375_157.txt water/gen_1777275392_163.txt water/gen_1777275401_166.txt water/gen_1777275410_169.txt water/gen_1777275418_172.txt water/gen_1777275427_175.txt water/gen_1777275435_178.txt water/gen_1777275444_181.txt water/gen_1777275453_184.txt water/gen_1777275461_187.txt water/gen_1777275470_190.txt water/gen_1777275478_193.txt water/gen_1777275487_196.txt water/gen_1777275496_199.txt water/gen_1777275504_202.txt water/gen_1777275513_205.txt water/gen_1777275521_208.txt water/gen_1777275530_211.txt water/gen_1777275539_214.txt water/gen_1777275547_217.txt water/gen_1777275556_220.txt water/gen_1777275564_223.txt water/gen_1777275573_226.txt water/gen_1777275582_229.txt water/gen_1777275590_232.txt water/gen_1777275599_235.txt water/gen_1777275607_238.txt water/gen_1777275616_241.txt water/gen_1777275625_244.txt water/gen_1777275633_247.txt water/gen_1777275642_250.txt water/gen_1777275650_253.txt water/gen_1777275659_256.txt water/gen_1777275668_259.txt water/gen_1777275676_262.txt water/gen_1777275685_265.txt water/gen_1777275693_268.txt water/gen_1777275702_271.txt water/gen_1777275710_274.txt water/gen_1777275719_277.txt water/gen_1777275728_280.txt water/gen_1777275736_283.txt water/gen_1777275745_286.txt water/gen_1777275753_289.txt water/gen_1777275762_292.txt water/gen_1777275771_295.txt water/gen_1777275779_298.txt water/gen_1777275788_301.txt water/gen_1777275797_304.txt water/gen_1777275805_307.txt water/gen_1777275814_310.txt water/gen_1777275823_313.txt water/gen_1777275831_316.txt water/gen_1777275840_319.txt water/gen_1777275849_322.txt water/gen_1777275857_325.txt water/gen_1777275866_328.txt water/gen_1777275875_331.txt water/gen_1777275884_334.txt water/gen_1777275892_337.txt water/gen_1777275901_340.txt water/gen_1777275910_343.txt water/gen_1777275918_346.txt water/gen_1777275927_349.txt water/gen_1777275936_352.txt water/gen_1777275944_355.txt water/gen_1777275953_358.txt water/gen_1777275962_361.txt water/gen_1777275970_364.txt water/gen_1777275979_367.txt water/gen_1777275988_370.txt water/gen_1777275997_373.txt water/gen_1777276005_376.txt water/gen_1777276014_379.txt water/gen_1777276023_382.txt water/gen_1777276031_385.txt water/gen_1777276040_388.txt water/gen_1777276049_391.txt water/gen_1777276057_394.txt water/gen_1777276066_397.txt water/gen_1777276075_400.txt water/gen_1777276084_403.txt water/gen_1777276092_406.txt water/gen_1777276101_409.txt water/gen_1777276110_412.txt water/gen_1777276118_415.txt water/gen_1777276127_418.txt water/gen_1777276136_421.txt water/gen_1777276145_424.txt water/gen_1777276153_427.txt water/gen_1777276162_430.txt water/gen_1777276170_433.txt water/gen_1777276179_436.txt water/gen_1777276188_439.txt water/gen_1777276196_442.txt water/gen_1777276205_445.txt water/gen_1777276214_448.txt water/gen_1777276222_451.txt water/gen_1777276231_454.txt water/gen_1777276240_457.txt water/gen_1777276248_460.txt water/gen_1777276257_463.txt water/gen_1777276266_466.txt water/gen_1777276274_469.txt water/gen_1777276283_472.txt water/gen_1777276292_475.txt water/gen_1777276300_478.txt water/gen_1777276309_481.txt water/gen_1777276318_484.txt water/gen_1777276326_487.txt water/gen_1777276335_490.txt water/gen_1777276344_493.txt water/gen_1777276352_496.txt water/gen_1777276361_499.txt water/gen_1777276369_502.txt water/gen_1777276378_505.txt water/gen_1777276387_508.txt water/gen_1777276395_511.txt water/gen_1777276404_514.txt water/gen_1777276413_517.txt water/gen_1777276421_520.txt water/gen_1777276430_523.txt water/gen_1777276438_526.txt water/gen_1777276447_529.txt water/gen_1777276456_532.txt water/gen_1777276464_535.txt water/gen_1777276473_538.txt water/gen_1777276482_541.txt water/gen_1777276490_544.txt water/gen_1777276499_547.txt water/gen_1777276508_550.txt water/gen_1777276516_553.txt water/gen_1777276525_556.txt water/gen_1777276533_559.txt water/gen_1777276542_562.txt water/gen_1777276551_565.txt water/gen_1777276559_568.txt water/gen_1777276568_571.txt water/gen_1777276577_574.txt water/gen_1777276585_577.txt water/gen_1777276594_580.txt water/gen_1777276602_583.txt water/gen_1777276611_586.txt water/gen_1777276620_589.txt water/gen_1777276628_592.txt water/gen_1777276637_595.txt water/gen_1777276645_598.txt water/gen_1777276654_601.txt water/gen_1777276663_604.txt water/gen_1777276671_607.txt water/gen_1777276680_610.txt water/gen_1777276688_613.txt water/gen_1777276697_616.txt water/gen_1777276706_619.txt water/gen_1777276714_622.txt]
[trainer] micro-train burst (12570 bytes, novelty 0.05) — and lo, it feeds again.
[syntropy] action=explore | trend=0.0000 | field_dev=-0.023 | purpose_align=-0.060 | lr_mul=1.30
[aml] burst complete: 32 steps, avg loss 1.5805 (memory freed)
[dna] fire wrote 81 bytes to ecology
[dna] fire wrote 34 bytes to ecology
[dna] fire wrote 114 bytes to ecology
[dna] fire wrote 57 bytes to ecology
[dna] fire wrote 48 bytes to ecology
[dna] fire wrote 107 bytes to ecology
[dna] fire wrote 78 bytes to ecology
[dna] fire wrote 64 bytes to ecology
[dna] fire wrote 46 bytes to ecology
[dna] fire wrote 49 bytes to ecology
[dna] fire wrote 179 bytes to ecology
[dna] fire wrote 83 bytes to ecology
[dna] fire wrote 99 bytes to ecology
[dna] fire wrote 26 bytes to ecology
[dna] fire wrote 128 bytes to ecology
[dna] fire wrote 83 bytes to ecology
[dna] fire wrote 147 bytes to ecology
[dna] fire wrote 39 bytes to ecology
[dna] fire wrote 77 bytes to ecology
[dna] fire wrote 48 bytes to ecology
[dna] fire wrote 173 bytes to ecology
[dna] fire wrote 75 bytes to ecology
[dna] fire wrote 27 bytes to ecology
[dna] fire wrote 157 bytes to ecology
[dna] fire wrote 35 bytes to ecology
[dna] fire wrote 30 bytes to ecology
[dna] fire wrote 56 bytes to ecology
[dna] fire wrote 43 bytes to ecology
[dna] fire wrote 145 bytes to ecology
[dna] fire wrote 7 bytes to ecology
[dna] fire wrote 50 bytes to ecology
[dna] fire wrote 46 bytes to ecology
[dna] fire wrote 46 bytes to ecology
[dna] fire wrote 47 bytes to ecology
[debug-onto] tick=50 corpus=134677 stage=2 freeze=0
[dna] fire wrote 79 bytes to ecology
[dna] fire wrote 25 bytes to ecology
[dna] fire wrote 29 bytes to ecology
[dna] fire wrote 56 bytes to ecology
[dna] fire wrote 73 bytes to ecology
[dna] fire wrote 98 bytes to ecology
[dna] fire wrote 75 bytes to ecology
[dna] fire wrote 85 bytes to ecology
[dna] fire wrote 47 bytes to ecology
[dna] fire wrote 57 bytes to ecology
[dna] fire wrote 114 bytes to ecology
[dna] fire wrote 33 bytes to ecology
[dna] fire wrote 76 bytes to ecology
[dna] fire wrote 39 bytes to ecology
[dna] fire wrote 33 bytes to ecology
[dna] fire wrote 76 bytes to ecology
[dna] fire wrote 24 bytes to ecology
[dna] fire wrote 139 bytes to ecology
[dna] fire wrote 44 bytes to ecology
[dna] fire wrote 54 bytes to ecology
[dna] fire wrote 171 bytes to ecology
[dna] fire wrote 57 bytes to ecology
[dna] fire wrote 77 bytes to ecology
[dna] fire wrote 38 bytes to ecology
[dna] fire wrote 73 bytes to ecology
[dna] fire wrote 82 bytes to ecology
[dna] fire wrote 98 bytes to ecology
[dna] fire wrote 130 bytes to ecology
[dna] fire wrote 35 bytes to ecology
[dna] fire wrote 27 bytes to ecology
[dna] fire wrote 86 bytes to ecology
[dna] fire wrote 30 bytes to ecology
[dna] fire wrote 33 bytes to ecology
[dna] fire wrote 94 bytes to ecology
[dna] fire wrote 43 bytes to ecology
[dna] fire wrote 27 bytes to ecology
[debug-onto] tick=100 corpus=134677 stage=2 freeze=0
[dna] fire wrote 100 bytes to ecology
[dna] fire wrote 48 bytes to ecology
[dna] fire wrote 84 bytes to ecology
[dna] fire wrote 35 bytes to ecology
[dna] fire wrote 136 bytes to ecology
[dna] fire wrote 119 bytes to ecology
[dna] fire wrote 51 bytes to ecology
[dna] fire wrote 164 bytes to ecology
[dna] fire wrote 72 bytes to ecology
[dna] fire wrote 49 bytes to ecology
[dna] fire wrote 34 bytes to ecology
[dna] fire wrote 68 bytes to ecology
[dna] fire wrote 78 bytes to ecology
[dna] fire wrote 55 bytes to ecology
[dna] fire wrote 146 bytes to ecology
[dna] fire wrote 42 bytes to ecology
[dna] fire wrote 143 bytes to ecology
[dna] fire wrote 106 bytes to ecology
[dna] fire wrote 30 bytes to ecology
[dna] fire wrote 45 bytes to ecology
[dna] fire wrote 84 bytes to ecology
[dna] fire wrote 72 bytes to ecology
[dna] fire wrote 23 bytes to ecology
[dna] fire wrote 41 bytes to ecology
[dna] fire wrote 43 bytes to ecology
[dna] fire wrote 35 bytes to ecology
[dna] fire wrote 82 bytes to ecology
[dna] fire wrote 112 bytes to ecology
[dna] fire wrote 52 bytes to ecology
[dna] fire wrote 54 bytes to ecology
[dna] fire wrote 201 bytes to ecology
[dna] fire wrote 55 bytes to ecology
[dna] fire wrote 30 bytes to ecology
[dna] fire wrote 167 bytes to ecology
[dna] fire wrote 36 bytes to ecology
[debug-onto] tick=150 corpus=134677 stage=2 freeze=0
[dna] fire wrote 77 bytes to ecology
[dna] fire wrote 7 bytes to ecology
[dna] fire wrote 65 bytes to ecology
[dna] fire wrote 76 bytes to ecology
[dna] fire wrote 39 bytes to ecology
[dna] fire wrote 70 bytes to ecology
[dna] fire wrote 62 bytes to ecology
[dna] fire wrote 47 bytes to ecology
[dna] fire wrote 47 bytes to ecology
[dna] fire wrote 87 bytes to ecology
[dna] fire wrote 78 bytes to ecology
[dna] fire wrote 73 bytes to ecology
[dna] fire wrote 90 bytes to ecology
[dna] fire wrote 86 bytes to ecology
[dna] fire wrote 104 bytes to ecology
[dna] fire wrote 171 bytes to ecology
[dna] fire wrote 51 bytes to ecology
[dna] fire wrote 38 bytes to ecology
[dna] fire wrote 57 bytes to ecology
[dna] fire wrote 73 bytes to ecology
[dna] fire wrote 23 bytes to ecology
[dna] fire wrote 35 bytes to ecology
[dna] fire wrote 62 bytes to ecology
[dna] fire wrote 50 bytes to ecology
[dna] fire wrote 28 bytes to ecology
[dna] fire wrote 30 bytes to ecology
[dna] fire wrote 33 bytes to ecology
[dna] fire wrote 19 bytes to ecology
[dna] fire wrote 28 bytes to ecology
[dna] fire wrote 69 bytes to ecology
[dna] fire wrote 9 bytes to ecology
[dna] fire wrote 21 bytes to ecology
[dna] fire wrote 140 bytes to ecology
[dna] fire wrote 96 bytes to ecology
[debug-onto] tick=200 corpus=134677 stage=2 freeze=0
[dna] fire wrote 112 bytes to ecology
[dna] fire wrote 104 bytes to ecology
[dna] fire wrote 52 bytes to ecology
[dna] fire wrote 40 bytes to ecology
[dna] fire wrote 56 bytes to ecology
[dna] fire wrote 61 bytes to ecology
[dna] fire wrote 143 bytes to ecology
[dna] fire wrote 24 bytes to ecology
[dna] fire wrote 99 bytes to ecology
[dna] fire wrote 56 bytes to ecology
[dna] fire wrote 52 bytes to ecology
[dna] fire wrote 147 bytes to ecology
[dna] fire wrote 36 bytes to ecology
[dna] fire wrote 72 bytes to ecology
[dna] fire wrote 64 bytes to ecology
[dna] fire wrote 95 bytes to ecology
[dna] fire wrote 99 bytes to ecology
[dna] fire wrote 102 bytes to ecology
[dna] fire wrote 38 bytes to ecology
[dna] fire wrote 45 bytes to ecology
[dna] fire wrote 34 bytes to ecology
[dna] fire wrote 66 bytes to ecology
[dna] fire wrote 88 bytes to ecology
[dna] fire wrote 59 bytes to ecology
[dna] fire wrote 56 bytes to ecology
[dna] fire wrote 114 bytes to ecology
[dna] fire wrote 38 bytes to ecology
[dna] fire wrote 81 bytes to ecology
[dna] fire wrote 135 bytes to ecology
[dna] fire wrote 39 bytes to ecology
[dna] fire wrote 66 bytes to ecology
[dna] fire wrote 66 bytes to ecology
[dna] fire wrote 34 bytes to ecology
[dna] fire wrote 48 bytes to ecology
[dna] fire wrote 99 bytes to ecology
[dna] fire wrote 118 bytes to ecology
[debug-onto] tick=250 corpus=134677 stage=2 freeze=0
[dna] fire wrote 7 bytes to ecology
[dna] fire wrote 57 bytes to ecology
[dna] fire wrote 64 bytes to ecology
[dna] fire wrote 78 bytes to ecology
[dna] fire wrote 37 bytes to ecology
[dna] fire wrote 40 bytes to ecology
[dna] fire wrote 102 bytes to ecology
[dna] fire wrote 93 bytes to ecology
[dna] fire wrote 82 bytes to ecology
[dna] fire wrote 91 bytes to ecology
[dna] fire wrote 58 bytes to ecology
[dna] fire wrote 58 bytes to ecology
[dna] fire wrote 10 bytes to ecology
[dna] fire wrote 49 bytes to ecology
[dna] fire wrote 69 bytes to ecology
[dna] fire wrote 80 bytes to ecology
[dna] fire wrote 59 bytes to ecology
[dna] fire wrote 69 bytes to ecology
[dna] fire wrote 55 bytes to ecology
[dna] fire wrote 30 bytes to ecology
[dna] fire wrote 42 bytes to ecology
[dna] fire wrote 42 bytes to ecology
[dna] fire wrote 26 bytes to ecology
[dna] fire wrote 64 bytes to ecology
[dna] fire wrote 228 bytes to ecology
[dna] fire wrote 40 bytes to ecology
[dna] fire wrote 31 bytes to ecology
[dna] fire wrote 42 bytes to ecology
[dna] fire wrote 68 bytes to ecology
[dna] fire wrote 69 bytes to ecology
[dna] fire wrote 130 bytes to ecology
[dna] fire wrote 21 bytes to ecology
[dna] fire wrote 37 bytes to ecology
[dna] fire wrote 36 bytes to ecology
[dna] fire wrote 48 bytes to ecology
[dna] fire wrote 63 bytes to ecology
[debug-onto] tick=300 corpus=134677 stage=2 freeze=0
[dna] fire wrote 52 bytes to ecology
[dna] fire wrote 45 bytes to ecology
[dna] fire wrote 40 bytes to ecology
[dna] fire wrote 118 bytes to ecology
[dna] fire wrote 60 bytes to ecology
[dna] fire wrote 90 bytes to ecology
[dna] fire wrote 26 bytes to ecology
[dna] fire wrote 68 bytes to ecology
[dna] fire wrote 42 bytes to ecology
[dna] fire wrote 78 bytes to ecology
[dna] fire wrote 88 bytes to ecology
[dna] fire wrote 73 bytes to ecology
[dna] fire wrote 80 bytes to ecology
[dna] fire wrote 52 bytes to ecology
[dna] fire wrote 46 bytes to ecology
[dna] fire wrote 78 bytes to ecology
[dna] fire wrote 30 bytes to ecology
[dna] fire wrote 76 bytes to ecology
[dna] fire wrote 38 bytes to ecology
[dna] fire wrote 241 bytes to ecology
[dna] fire wrote 46 bytes to ecology
[dna] fire wrote 36 bytes to ecology
[dna] fire wrote 57 bytes to ecology
[dna] fire wrote 21 bytes to ecology
[dna] fire wrote 200 bytes to ecology
[dna] fire wrote 28 bytes to ecology
[dna] fire wrote 28 bytes to ecology
[dna] fire wrote 33 bytes to ecology
[dna] fire wrote 124 bytes to ecology
[dna] fire wrote 90 bytes to ecology
[dna] fire wrote 26 bytes to ecology
[dna] fire wrote 143 bytes to ecology
[dna] fire wrote 185 bytes to ecology
[dna] fire wrote 100 bytes to ecology
[debug-onto] tick=350 corpus=134677 stage=2 freeze=0
[dna] fire wrote 51 bytes to ecology
[dna] fire wrote 63 bytes to ecology
[dna] fire wrote 41 bytes to ecology
[dna] fire wrote 50 bytes to ecology
[dna] fire wrote 28 bytes to ecology
[dna] fire wrote 30 bytes to ecology
[dna] fire wrote 29 bytes to ecology
[dna] fire wrote 91 bytes to ecology
[dna] fire wrote 122 bytes to ecology
[dna] fire wrote 19 bytes to ecology
[dna] fire wrote 42 bytes to ecology
[dna] fire wrote 65 bytes to ecology
[dna] fire wrote 38 bytes to ecology
[dna] fire wrote 130 bytes to ecology
[dna] fire wrote 59 bytes to ecology
[dna] fire wrote 48 bytes to ecology
[dna] fire wrote 75 bytes to ecology
[dna] fire wrote 42 bytes to ecology
[dna] fire wrote 151 bytes to ecology
[dna] fire wrote 50 bytes to ecology
[dna] fire wrote 57 bytes to ecology
[dna] fire wrote 31 bytes to ecology
[dna] fire wrote 54 bytes to ecology
[dna] fire wrote 102 bytes to ecology
[dna] fire wrote 25 bytes to ecology
[dna] fire wrote 41 bytes to ecology
[dna] fire wrote 38 bytes to ecology
[dna] fire wrote 28 bytes to ecology
[dna] fire wrote 68 bytes to ecology
[dna] fire wrote 38 bytes to ecology
[dna] fire wrote 71 bytes to ecology
[dna] fire wrote 58 bytes to ecology
[dna] fire wrote 85 bytes to ecology
[dna] fire wrote 55 bytes to ecology
[debug-onto] tick=400 corpus=134677 stage=2 freeze=0
[dna] fire wrote 55 bytes to ecology
[dna] fire wrote 47 bytes to ecology
[dna] fire wrote 97 bytes to ecology
[dna] fire wrote 144 bytes to ecology
[dna] fire wrote 40 bytes to ecology
[dna] fire wrote 20 bytes to ecology
[dna] fire wrote 193 bytes to ecology
[dna] fire wrote 75 bytes to ecology
[dna] fire wrote 160 bytes to ecology
[dna] fire wrote 119 bytes to ecology
[dna] fire wrote 40 bytes to ecology
[dna] fire wrote 100 bytes to ecology
[dna] fire wrote 31 bytes to ecology
[dna] fire wrote 49 bytes to ecology
[dna] fire wrote 81 bytes to ecology
[dna] fire wrote 89 bytes to ecology
[dna] fire wrote 50 bytes to ecology
[dna] fire wrote 37 bytes to ecology
[dna] fire wrote 33 bytes to ecology
[dna] fire wrote 50 bytes to ecology
[dna] fire wrote 110 bytes to ecology
[dna] fire wrote 51 bytes to ecology
[dna] fire wrote 74 bytes to ecology
[dna] fire wrote 34 bytes to ecology
[dna] fire wrote 53 bytes to ecology
[dna] fire wrote 31 bytes to ecology
[dna] fire wrote 99 bytes to ecology
[dna] fire wrote 149 bytes to ecology
[dna] fire wrote 83 bytes to ecology
[dna] fire wrote 44 bytes to ecology
[dna] fire wrote 133 bytes to ecology
[dna] fire wrote 48 bytes to ecology
[dna] fire wrote 53 bytes to ecology
[dna] fire wrote 140 bytes to ecology
[dna] fire wrote 30 bytes to ecology
[dna] fire wrote 36 bytes to ecology
[debug-onto] tick=450 corpus=134677 stage=2 freeze=0
[dna] fire wrote 101 bytes to ecology
[dna] fire wrote 165 bytes to ecology
[dna] fire wrote 25 bytes to ecology
[dna] fire wrote 78 bytes to ecology
[dna] fire wrote 52 bytes to ecology
[dna] fire wrote 51 bytes to ecology
[dna] fire wrote 44 bytes to ecology
[dna] fire wrote 115 bytes to ecology
[dna] fire wrote 50 bytes to ecology
[dna] fire wrote 46 bytes to ecology
[dna] fire wrote 78 bytes to ecology
[dna] fire wrote 61 bytes to ecology
[dna] fire wrote 84 bytes to ecology
[dna] fire wrote 59 bytes to ecology
[dna] fire wrote 40 bytes to ecology
[dna] fire wrote 35 bytes to ecology
[dna] fire wrote 67 bytes to ecology
[dna] fire wrote 62 bytes to ecology
[dna] fire wrote 120 bytes to ecology
[dna] fire wrote 39 bytes to ecology
[dna] fire wrote 28 bytes to ecology
[dna] fire wrote 62 bytes to ecology
[dna] fire wrote 90 bytes to ecology
[dna] fire wrote 51 bytes to ecology
[dna] fire wrote 63 bytes to ecology
[dna] fire wrote 31 bytes to ecology
[dna] fire wrote 49 bytes to ecology
[dna] fire wrote 112 bytes to ecology
[dna] fire wrote 58 bytes to ecology
[dna] fire wrote 7 bytes to ecology
[dna] fire wrote 96 bytes to ecology
[dna] fire wrote 56 bytes to ecology
[dna] fire wrote 29 bytes to ecology
[dna] fire wrote 85 bytes to ecology
[dna] fire wrote 80 bytes to ecology
[dna] fire wrote 101 bytes to ecology
[dna] fire wrote 53 bytes to ecology
[debug-onto] tick=500 corpus=134677 stage=2 freeze=0
[dna] fire wrote 60 bytes to ecology
[dna] fire wrote 73 bytes to ecology
[dna] fire wrote 41 bytes to ecology
[dna] fire wrote 59 bytes to ecology
[dna] fire wrote 108 bytes to ecology
[dna] fire wrote 96 bytes to ecology
[dna] fire wrote 96 bytes to ecology
[dna] fire wrote 45 bytes to ecology
[dna] fire wrote 108 bytes to ecology
[dna] fire wrote 36 bytes to ecology
[dna] fire wrote 87 bytes to ecology
[dna] fire wrote 89 bytes to ecology
[dna] fire wrote 50 bytes to ecology
[dna] fire wrote 59 bytes to ecology
[dna] fire wrote 46 bytes to ecology
[dna] fire wrote 46 bytes to ecology
[dna] fire wrote 140 bytes to ecology
[dna] fire wrote 27 bytes to ecology
[dna] fire wrote 45 bytes to ecology
[dna] fire wrote 49 bytes to ecology
[dna] fire wrote 20 bytes to ecology
[dna] fire wrote 37 bytes to ecology
[dna] fire wrote 38 bytes to ecology
[dna] fire wrote 51 bytes to ecology
[dna] fire wrote 118 bytes to ecology
[dna] fire wrote 39 bytes to ecology
[dna] fire wrote 49 bytes to ecology
[dna] fire wrote 44 bytes to ecology
[dna] fire wrote 121 bytes to ecology
[dna] fire wrote 50 bytes to ecology
[dna] fire wrote 36 bytes to ecology
[dna] fire wrote 50 bytes to ecology
[dna] fire wrote 21 bytes to ecology
[dna] fire wrote 134 bytes to ecology
[debug-onto] tick=550 corpus=134677 stage=2 freeze=0
[dna] fire wrote 23 bytes to ecology
[dna] fire wrote 23 bytes to ecology
[dna] fire wrote 13 bytes to ecology
[dna] fire wrote 127 bytes to ecology
[dna] fire wrote 111 bytes to ecology
[dna] fire wrote 196 bytes to ecology
[dna] fire wrote 59 bytes to ecology
[dna] fire wrote 59 bytes to ecology
[dna] fire wrote 103 bytes to ecology
[dna] fire wrote 70 bytes to ecology
[dna] fire wrote 64 bytes to ecology
[dna] fire wrote 67 bytes to ecology
[dna] fire wrote 84 bytes to ecology
[dna] fire wrote 73 bytes to ecology
[dna] fire wrote 73 bytes to ecology
[dna] fire wrote 221 bytes to ecology
[dna] fire wrote 52 bytes to ecology
[dna] fire wrote 68 bytes to ecology
[dna] fire wrote 154 bytes to ecology
[dna] fire wrote 94 bytes to ecology
[dna] fire wrote 48 bytes to ecology
[dna] fire wrote 133 bytes to ecology
[dna] fire wrote 33 bytes to ecology
[dna] fire wrote 21 bytes to ecology
[dna] fire wrote 27 bytes to ecology
[dna] fire wrote 154 bytes to ecology
[dna] fire wrote 47 bytes to ecology
[dna] fire wrote 85 bytes to ecology
[dna] fire wrote 58 bytes to ecology
[dna] fire wrote 82 bytes to ecology
[dna] fire wrote 87 bytes to ecology
[dna] fire wrote 48 bytes to ecology
[dna] fire wrote 27 bytes to ecology
[dna] fire wrote 19 bytes to ecology
[dna] fire wrote 34 bytes to ecology
[dna] fire wrote 38 bytes to ecology
[dna] fire wrote 29 bytes to ecology
[dna] fire wrote 58 bytes to ecology
[debug-onto] tick=600 corpus=134677 stage=2 freeze=0
[dna] fire wrote 48 bytes to ecology
[dna] fire wrote 26 bytes to ecology
[dna] fire wrote 72 bytes to ecology
[dna] fire wrote 26 bytes to ecology
[dna] fire wrote 35 bytes to ecology
[dna] fire wrote 78 bytes to ecology
[dna] fire wrote 75 bytes to ecology
[dna] fire wrote 27 bytes to ecology
[dna] fire wrote 81 bytes to ecology
[dna] fire wrote 48 bytes to ecology
[dna] fire wrote 200 bytes to ecology
[dna] fire wrote 73 bytes to ecology
[dna] fire wrote 43 bytes to ecology
[dna] fire wrote 25 bytes to ecology
[dna] fire wrote 13 bytes to ecology
[dna] fire wrote 136 bytes to ecology
[dna] fire wrote 131 bytes to ecology
[dna] fire wrote 45 bytes to ecology
[dna] fire wrote 189 bytes to ecology
[dna] fire wrote 58 bytes to ecology
[dna] fire wrote 42 bytes to ecology
[dna] fire wrote 25 bytes to ecology
[dna] fire wrote 42 bytes to ecology
[dna] fire wrote 79 bytes to ecology
[dna] fire wrote 55 bytes to ecology
[dna] fire wrote 44 bytes to ecology
[dna] fire wrote 50 bytes to ecology
[dna] fire wrote 58 bytes to ecology
[dna] fire wrote 199 bytes to ecology
[dna] fire wrote 46 bytes to ecology
[dna] fire wrote 31 bytes to ecology
[dna] fire wrote 33 bytes to ecology
[dna] fire wrote 178 bytes to ecology
[dna] fire wrote 28 bytes to ecology
[dna] fire wrote 62 bytes to ecology
[dna] fire wrote 151 bytes to ecology
[dna] fire wrote 65 bytes to ecology
[debug-onto] tick=650 corpus=134677 stage=2 freeze=0
[dna] fire wrote 29 bytes to ecology
[dna] fire wrote 60 bytes to ecology
[dna] fire wrote 72 bytes to ecology
[dna] fire wrote 44 bytes to ecology
[dna] fire wrote 23 bytes to ecology
[dna] fire wrote 32 bytes to ecology
[dna] fire wrote 103 bytes to ecology
[dna] fire wrote 109 bytes to ecology
[dna] fire wrote 40 bytes to ecology
[dna] fire wrote 96 bytes to ecology
[dna] fire wrote 41 bytes to ecology
[dna] fire wrote 50 bytes to ecology
[dna] fire wrote 51 bytes to ecology
[dna] fire wrote 40 bytes to ecology
[dna] fire wrote 57 bytes to ecology
[dna] fire wrote 52 bytes to ecology
[dna] fire wrote 27 bytes to ecology
[dna] fire wrote 33 bytes to ecology
[dna] fire wrote 33 bytes to ecology
[dna] fire wrote 132 bytes to ecology

[evolution] Organism shutting down gracefully.
