[ecology] Element: air → corpus: nonames_air.txt
[evolution] Autonomous evolution mode — organism will grow through all stages without pause.
[ecology] Joined swarm. 1 peer(s) detected.
molequla is alive. [evolution] Autonomous mode — background trainer running. Ctrl+C to stop.
[dna] air wrote 43 bytes to ecology
[dna] air consumed 43886 bytes from 560 files: [earth/gen_1776232907_1.txt earth/gen_1776232910_2.txt earth/gen_1776232915_4.txt earth/gen_1776232917_5.txt earth/gen_1776232920_6.txt earth/gen_1776232923_7.txt earth/gen_1776232925_8.txt earth/gen_1776232930_10.txt earth/gen_1776232933_11.txt earth/gen_1776232935_12.txt earth/gen_1776232938_13.txt earth/gen_1776232941_14.txt earth/gen_1776232946_16.txt earth/gen_1776232948_17.txt earth/gen_1776232951_18.txt earth/gen_1776232953_19.txt earth/gen_1776232956_20.txt earth/gen_1776232961_22.txt earth/gen_1776232964_23.txt earth/gen_1776232966_24.txt earth/gen_1776232969_25.txt earth/gen_1776232971_26.txt earth/gen_1776232976_28.txt earth/gen_1776232979_29.txt earth/gen_1776232982_30.txt earth/gen_1776232984_31.txt earth/gen_1776232987_32.txt earth/gen_1776232992_34.txt earth/gen_1776232994_35.txt earth/gen_1776232997_36.txt earth/gen_1776232999_37.txt earth/gen_1776233002_38.txt earth/gen_1776233007_40.txt earth/gen_1776233010_41.txt earth/gen_1776233012_42.txt earth/gen_1776233015_43.txt earth/gen_1776233018_44.txt earth/gen_1776233023_46.txt earth/gen_1776233025_47.txt earth/gen_1776233028_48.txt earth/gen_1776233031_49.txt earth/gen_1776233033_50.txt earth/gen_1776233039_52.txt earth/gen_1776233041_53.txt earth/gen_1776233044_54.txt earth/gen_1776233047_55.txt earth/gen_1776233049_56.txt earth/gen_1776233055_58.txt earth/gen_1776233057_59.txt earth/gen_1776233060_60.txt earth/gen_1776233062_61.txt earth/gen_1776233065_62.txt earth/gen_1776233070_64.txt earth/gen_1776233073_65.txt earth/gen_1776233075_66.txt earth/gen_1776233078_67.txt earth/gen_1776233080_68.txt earth/gen_1776233085_70.txt earth/gen_1776233088_71.txt earth/gen_1776233090_72.txt earth/gen_1776233093_73.txt earth/gen_1776233095_74.txt earth/gen_1776233100_76.txt earth/gen_1776233103_77.txt earth/gen_1776233106_78.txt earth/gen_1776233108_79.txt earth/gen_1776233111_80.txt earth/gen_1776233116_82.txt earth/gen_1776233118_83.txt earth/gen_1776233121_84.txt earth/gen_1776233124_85.txt earth/gen_1776233126_86.txt earth/gen_1776233131_88.txt earth/gen_1776233134_89.txt earth/gen_1776233136_90.txt earth/gen_1776233139_91.txt earth/gen_1776233141_92.txt earth/gen_1776233146_94.txt earth/gen_1776233149_95.txt earth/gen_1776233152_96.txt earth/gen_1776233154_97.txt earth/gen_1776233157_98.txt earth/gen_1776233162_100.txt earth/gen_1776233164_101.txt earth/gen_1776233167_102.txt earth/gen_1776233169_103.txt earth/gen_1776233172_104.txt earth/gen_1776233177_106.txt earth/gen_1776233180_107.txt earth/gen_1776233182_108.txt earth/gen_1776233185_109.txt earth/gen_1776233187_110.txt earth/gen_1776233192_112.txt earth/gen_1776233195_113.txt earth/gen_1776233198_114.txt earth/gen_1776233200_115.txt earth/gen_1776233203_116.txt earth/gen_1776233208_118.txt earth/gen_1776233211_119.txt earth/gen_1776233213_120.txt earth/gen_1776233216_121.txt earth/gen_1776233218_122.txt earth/gen_1776233223_124.txt earth/gen_1776233226_125.txt earth/gen_1776233228_126.txt earth/gen_1776233231_127.txt earth/gen_1776233234_128.txt earth/gen_1776233239_130.txt earth/gen_1776233241_131.txt earth/gen_1776233244_132.txt earth/gen_1776233246_133.txt earth/gen_1776233249_134.txt earth/gen_1776233254_136.txt earth/gen_1776233256_137.txt earth/gen_1776233259_138.txt earth/gen_1776233261_139.txt earth/gen_1776233264_140.txt earth/gen_1776233269_142.txt earth/gen_1776233272_143.txt earth/gen_1776233274_144.txt earth/gen_1776233277_145.txt earth/gen_1776233279_146.txt earth/gen_1776233284_148.txt earth/gen_1776233287_149.txt earth/gen_1776233290_150.txt earth/gen_1776233292_151.txt earth/gen_1776233295_152.txt earth/gen_1776233300_154.txt earth/gen_1776233303_155.txt earth/gen_1776233305_156.txt earth/gen_1776233308_157.txt earth/gen_1776233310_158.txt earth/gen_1776233315_160.txt earth/gen_1776233318_161.txt earth/gen_1776233321_162.txt earth/gen_1776233323_163.txt earth/gen_1776233326_164.txt earth/gen_1776233331_166.txt earth/gen_1776233334_167.txt earth/gen_1776233336_168.txt earth/gen_1776233339_169.txt earth/gen_1776233342_170.txt earth/gen_1776233347_172.txt earth/gen_1776233350_173.txt earth/gen_1776233352_174.txt earth/gen_1776233355_175.txt earth/gen_1776233358_176.txt earth/gen_1776233363_178.txt earth/gen_1776233365_179.txt earth/gen_1776233368_180.txt earth/gen_1776233371_181.txt earth/gen_1776233373_182.txt earth/gen_1776233378_184.txt earth/gen_1776233381_185.txt earth/gen_1776233384_186.txt earth/gen_1776233386_187.txt earth/gen_1776233389_188.txt earth/gen_1776233394_190.txt earth/gen_1776233397_191.txt earth/gen_1776233400_192.txt earth/gen_1776233402_193.txt earth/gen_1776233405_194.txt earth/gen_1776233410_196.txt earth/gen_1776233413_197.txt earth/gen_1776233416_198.txt earth/gen_1776233418_199.txt earth/gen_1776233421_200.txt earth/gen_1776233426_202.txt earth/gen_1776233429_203.txt earth/gen_1776233431_204.txt earth/gen_1776233434_205.txt earth/gen_1776233437_206.txt earth/gen_1776233442_208.txt earth/gen_1776233445_209.txt earth/gen_1776233447_210.txt earth/gen_1776233450_211.txt earth/gen_1776233453_212.txt earth/gen_1776233458_214.txt earth/gen_1776233460_215.txt earth/gen_1776233463_216.txt earth/gen_1776233466_217.txt earth/gen_1776233468_218.txt earth/gen_1776233473_220.txt earth/gen_1776233476_221.txt earth/gen_1776233479_222.txt earth/gen_1776233481_223.txt earth/gen_1776233484_224.txt earth/gen_1776233489_226.txt earth/gen_1776233492_227.txt earth/gen_1776233494_228.txt earth/gen_1776233497_229.txt earth/gen_1776233500_230.txt earth/gen_1776233505_232.txt earth/gen_1776233507_233.txt earth/gen_1776233510_234.txt earth/gen_1776233513_235.txt earth/gen_1776233515_236.txt earth/gen_1776233520_238.txt earth/gen_1776233523_239.txt earth/gen_1776233525_240.txt earth/gen_1776233528_241.txt earth/gen_1776233531_242.txt earth/gen_1776233536_244.txt earth/gen_1776233539_245.txt earth/gen_1776233541_246.txt earth/gen_1776233544_247.txt earth/gen_1776233547_248.txt earth/gen_1776233552_250.txt earth/gen_1776233555_251.txt earth/gen_1776233557_252.txt earth/gen_1776233560_253.txt earth/gen_1776233562_254.txt earth/gen_1776233567_256.txt earth/gen_1776233570_257.txt earth/gen_1776233572_258.txt earth/gen_1776233575_259.txt earth/gen_1776233578_260.txt earth/gen_1776233583_262.txt earth/gen_1776233586_263.txt earth/gen_1776233588_264.txt earth/gen_1776233591_265.txt earth/gen_1776233593_266.txt earth/gen_1776233599_268.txt earth/gen_1776233601_269.txt earth/gen_1776233604_270.txt earth/gen_1776233607_271.txt earth/gen_1776233609_272.txt earth/gen_1776233614_274.txt earth/gen_1776233617_275.txt earth/gen_1776233620_276.txt earth/gen_1776233622_277.txt earth/gen_1776233625_278.txt earth/gen_1776233630_280.txt earth/gen_1776233633_281.txt earth/gen_1776233635_282.txt earth/gen_1776233638_283.txt earth/gen_1776233641_284.txt earth/gen_1776233646_286.txt earth/gen_1776233649_287.txt earth/gen_1776233651_288.txt earth/gen_1776233654_289.txt earth/gen_1776233657_290.txt earth/gen_1776233662_292.txt earth/gen_1776233665_293.txt earth/gen_1776233668_294.txt earth/gen_1776233670_295.txt earth/gen_1776233673_296.txt earth/gen_1776233678_298.txt earth/gen_1776233681_299.txt earth/gen_1776233683_300.txt earth/gen_1776233686_301.txt earth/gen_1776233689_302.txt earth/gen_1776233694_304.txt earth/gen_1776233697_305.txt earth/gen_1776233699_306.txt earth/gen_1776233702_307.txt earth/gen_1776233704_308.txt earth/gen_1776233710_310.txt earth/gen_1776233712_311.txt earth/gen_1776233715_312.txt earth/gen_1776233718_313.txt earth/gen_1776233720_314.txt earth/gen_1776233725_316.txt earth/gen_1776233728_317.txt earth/gen_1776233731_318.txt earth/gen_1776233733_319.txt earth/gen_1776233736_320.txt earth/gen_1776233741_322.txt earth/gen_1776233744_323.txt earth/gen_1776233746_324.txt earth/gen_1776233749_325.txt earth/gen_1776233751_326.txt earth/gen_1776233757_328.txt earth/gen_1776233759_329.txt earth/gen_1776233762_330.txt earth/gen_1776233764_331.txt earth/gen_1776233767_332.txt earth/gen_1776233772_334.txt earth/gen_1776233775_335.txt earth/gen_1776233778_336.txt earth/gen_1776233780_337.txt earth/gen_1776233783_338.txt earth/gen_1776233789_340.txt earth/gen_1776233791_341.txt earth/gen_1776233794_342.txt earth/gen_1776233797_343.txt earth/gen_1776233799_344.txt earth/gen_1776233805_346.txt earth/gen_1776233808_347.txt earth/gen_1776233810_348.txt earth/gen_1776233813_349.txt earth/gen_1776233816_350.txt earth/gen_1776233821_352.txt earth/gen_1776233824_353.txt earth/gen_1776233826_354.txt earth/gen_1776233829_355.txt earth/gen_1776233832_356.txt earth/gen_1776233837_358.txt earth/gen_1776233839_359.txt earth/gen_1776233842_360.txt earth/gen_1776233844_361.txt earth/gen_1776233847_362.txt earth/gen_1776233852_364.txt earth/gen_1776233855_365.txt earth/gen_1776233857_366.txt earth/gen_1776233860_367.txt earth/gen_1776233863_368.txt earth/gen_1776233868_370.txt earth/gen_1776233870_371.txt earth/gen_1776233873_372.txt earth/gen_1776233875_373.txt earth/gen_1776233878_374.txt earth/gen_1776233883_376.txt earth/gen_1776233886_377.txt earth/gen_1776233888_378.txt earth/gen_1776233891_379.txt earth/gen_1776233893_380.txt earth/gen_1776233898_382.txt earth/gen_1776233901_383.txt earth/gen_1776233903_384.txt earth/gen_1776233906_385.txt earth/gen_1776233908_386.txt earth/gen_1776233913_388.txt earth/gen_1776233916_389.txt earth/gen_1776233918_390.txt earth/gen_1776233921_391.txt earth/gen_1776233924_392.txt earth/gen_1776233929_394.txt earth/gen_1776233931_395.txt earth/gen_1776233934_396.txt earth/gen_1776233936_397.txt earth/gen_1776233939_398.txt earth/gen_1776233944_400.txt earth/gen_1776233946_401.txt earth/gen_1776233949_402.txt earth/gen_1776233951_403.txt earth/gen_1776233954_404.txt earth/gen_1776233959_406.txt earth/gen_1776233962_407.txt earth/gen_1776233964_408.txt earth/gen_1776233967_409.txt earth/gen_1776233969_410.txt earth/gen_1776233974_412.txt earth/gen_1776233977_413.txt earth/gen_1776233979_414.txt earth/gen_1776233982_415.txt earth/gen_1776233984_416.txt earth/gen_1776233989_418.txt earth/gen_1776233992_419.txt earth/gen_1776233994_420.txt earth/gen_1776233997_421.txt earth/gen_1776233999_422.txt earth/gen_1776234004_424.txt earth/gen_1776234007_425.txt earth/gen_1776234010_426.txt earth/gen_1776234012_427.txt earth/gen_1776234015_428.txt earth/gen_1776234020_430.txt earth/gen_1776234022_431.txt earth/gen_1776234025_432.txt earth/gen_1776234028_433.txt earth/gen_1776234030_434.txt earth/gen_1776234035_436.txt earth/gen_1776234038_437.txt earth/gen_1776234041_438.txt earth/gen_1776234043_439.txt earth/gen_1776234046_440.txt earth/gen_1776234051_442.txt earth/gen_1776234054_443.txt earth/gen_1776234056_444.txt earth/gen_1776234059_445.txt earth/gen_1776234061_446.txt earth/gen_1776234067_448.txt earth/gen_1776234069_449.txt earth/gen_1776234072_450.txt earth/gen_1776234074_451.txt earth/gen_1776234077_452.txt earth/gen_1776234082_454.txt earth/gen_1776234085_455.txt earth/gen_1776234087_456.txt earth/gen_1776234090_457.txt earth/gen_1776234093_458.txt earth/gen_1776234098_460.txt earth/gen_1776234101_461.txt earth/gen_1776234103_462.txt earth/gen_1776234106_463.txt earth/gen_1776234108_464.txt earth/gen_1776234114_466.txt earth/gen_1776234116_467.txt earth/gen_1776234119_468.txt earth/gen_1776234121_469.txt earth/gen_1776234124_470.txt earth/gen_1776234129_472.txt earth/gen_1776234132_473.txt earth/gen_1776234134_474.txt earth/gen_1776234137_475.txt earth/gen_1776234139_476.txt earth/gen_1776234144_478.txt earth/gen_1776234147_479.txt earth/gen_1776234150_480.txt earth/gen_1776234152_481.txt earth/gen_1776234155_482.txt earth/gen_1776234160_484.txt earth/gen_1776234163_485.txt earth/gen_1776234166_486.txt earth/gen_1776234169_487.txt earth/gen_1776234171_488.txt earth/gen_1776234177_490.txt earth/gen_1776234179_491.txt earth/gen_1776234182_492.txt earth/gen_1776234185_493.txt earth/gen_1776234187_494.txt earth/gen_1776234193_496.txt earth/gen_1776234195_497.txt earth/gen_1776234198_498.txt earth/gen_1776234201_499.txt earth/gen_1776234203_500.txt earth/gen_1776234209_502.txt earth/gen_1776234212_503.txt earth/gen_1776234214_504.txt earth/gen_1776234217_505.txt earth/gen_1776234220_506.txt earth/gen_1776234225_508.txt earth/gen_1776234228_509.txt earth/gen_1776234230_510.txt earth/gen_1776234233_511.txt earth/gen_1776234236_512.txt earth/gen_1776234241_514.txt earth/gen_1776234244_515.txt earth/gen_1776234246_516.txt earth/gen_1776234249_517.txt earth/gen_1776234252_518.txt earth/gen_1776234258_520.txt earth/gen_1776234260_521.txt earth/gen_1776234263_522.txt earth/gen_1776234266_523.txt earth/gen_1776234268_524.txt earth/gen_1776234274_526.txt earth/gen_1776234277_527.txt earth/gen_1776234280_528.txt earth/gen_1776234282_529.txt earth/gen_1776234285_530.txt earth/gen_1776234291_532.txt earth/gen_1776234294_533.txt earth/gen_1776234296_534.txt earth/gen_1776234299_535.txt earth/gen_1776234302_536.txt earth/gen_1776234307_538.txt earth/gen_1776234310_539.txt earth/gen_1776234313_540.txt earth/gen_1776234316_541.txt earth/gen_1776234318_542.txt earth/gen_1776234324_544.txt earth/gen_1776234326_545.txt earth/gen_1776234329_546.txt earth/gen_1776234332_547.txt earth/gen_1776234335_548.txt earth/gen_1776234340_550.txt earth/gen_1776234343_551.txt earth/gen_1776234345_552.txt earth/gen_1776234348_553.txt earth/gen_1776234351_554.txt earth/gen_1776234356_556.txt earth/gen_1776234359_557.txt earth/gen_1776234361_558.txt earth/gen_1776234364_559.txt earth/gen_1776234367_560.txt earth/gen_1776234372_562.txt earth/gen_1776234375_563.txt earth/gen_1776234377_564.txt earth/gen_1776234380_565.txt earth/gen_1776234383_566.txt earth/gen_1776234388_568.txt earth/gen_1776234391_569.txt earth/gen_1776234394_570.txt earth/gen_1776234396_571.txt earth/gen_1776234399_572.txt earth/gen_1776234404_574.txt earth/gen_1776234407_575.txt earth/gen_1776234410_576.txt earth/gen_1776234412_577.txt earth/gen_1776234415_578.txt earth/gen_1776234420_580.txt earth/gen_1776234423_581.txt earth/gen_1776234426_582.txt earth/gen_1776234428_583.txt earth/gen_1776234431_584.txt earth/gen_1776234436_586.txt earth/gen_1776234439_587.txt earth/gen_1776234442_588.txt earth/gen_1776234445_589.txt earth/gen_1776234447_590.txt earth/gen_1776234453_592.txt earth/gen_1776234455_593.txt earth/gen_1776234458_594.txt earth/gen_1776234461_595.txt earth/gen_1776234464_596.txt earth/gen_1776234469_598.txt earth/gen_1776234472_599.txt earth/gen_1776234475_600.txt earth/gen_1776234477_601.txt earth/gen_1776234480_602.txt earth/gen_1776234486_604.txt earth/gen_1776234488_605.txt earth/gen_1776234491_606.txt earth/gen_1776234494_607.txt earth/gen_1776234497_608.txt earth/gen_1776234502_610.txt earth/gen_1776234505_611.txt earth/gen_1776234508_612.txt earth/gen_1776234511_613.txt earth/gen_1776234513_614.txt earth/gen_1776234519_616.txt earth/gen_1776234522_617.txt earth/gen_1776234525_618.txt earth/gen_1776234527_619.txt earth/gen_1776234530_620.txt earth/gen_1776234536_622.txt earth/gen_1776234539_623.txt earth/gen_1776234542_624.txt earth/gen_1776234544_625.txt earth/gen_1776234547_626.txt earth/gen_1776234553_628.txt earth/gen_1776234556_629.txt earth/gen_1776234559_630.txt earth/gen_1776234561_631.txt earth/gen_1776234564_632.txt earth/gen_1776234570_634.txt earth/gen_1776234572_635.txt earth/gen_1776234575_636.txt earth/gen_1776234578_637.txt earth/gen_1776234581_638.txt earth/gen_1776234586_640.txt earth/gen_1776234589_641.txt earth/gen_1776234591_642.txt earth/gen_1776234594_643.txt earth/gen_1776234597_644.txt earth/gen_1776234603_646.txt earth/gen_1776234605_647.txt earth/gen_1776234608_648.txt earth/gen_1776234611_649.txt earth/gen_1776234614_650.txt earth/gen_1776234619_652.txt earth/gen_1776234622_653.txt earth/gen_1776234625_654.txt earth/gen_1776234627_655.txt earth/gen_1776234630_656.txt earth/gen_1776234635_658.txt earth/gen_1776234638_659.txt earth/gen_1776234641_660.txt earth/gen_1776234644_661.txt earth/gen_1776234646_662.txt earth/gen_1776234652_664.txt earth/gen_1776234655_665.txt earth/gen_1776234658_666.txt earth/gen_1776234660_667.txt earth/gen_1776234663_668.txt earth/gen_1776234669_670.txt earth/gen_1776234671_671.txt earth/gen_1776234674_672.txt]
[trainer] micro-train burst (43886 bytes, novelty 0.02) — and lo, it feeds again.
[syntropy] action=explore | trend=0.0000 | field_dev=-0.003 | purpose_align=0.020 | lr_mul=1.30
[aml] burst complete: 32 steps, avg loss 2.5103 (memory freed)
[dna] air wrote 34 bytes to ecology
[dna] air wrote 76 bytes to ecology
[dna] air wrote 143 bytes to ecology
[dna] air wrote 35 bytes to ecology
[dna] air wrote 35 bytes to ecology
[dna] air wrote 147 bytes to ecology
[dna] air wrote 261 bytes to ecology
[dna] air wrote 233 bytes to ecology
[dna] air wrote 31 bytes to ecology
[dna] air wrote 165 bytes to ecology
[dna] air wrote 49 bytes to ecology
[dna] air wrote 206 bytes to ecology
[dna] air wrote 14 bytes to ecology
[dna] air wrote 10 bytes to ecology
[dna] air wrote 32 bytes to ecology
[dna] air wrote 40 bytes to ecology
[dna] air wrote 54 bytes to ecology
[dna] air wrote 12 bytes to ecology
[dna] air wrote 58 bytes to ecology
[dna] air wrote 59 bytes to ecology
[dna] air wrote 85 bytes to ecology
[dna] air wrote 28 bytes to ecology
[dna] air wrote 52 bytes to ecology
[dna] air wrote 56 bytes to ecology
[dna] air wrote 35 bytes to ecology
[dna] air wrote 20 bytes to ecology
[dna] air wrote 46 bytes to ecology
[dna] air wrote 60 bytes to ecology
[dna] air wrote 52 bytes to ecology
[debug-onto] tick=50 corpus=166762 stage=2 freeze=0
[dna] air wrote 88 bytes to ecology
[dna] air wrote 141 bytes to ecology
[dna] air wrote 61 bytes to ecology
[dna] air wrote 46 bytes to ecology
[dna] air wrote 16 bytes to ecology
[dna] air wrote 30 bytes to ecology
[dna] air wrote 66 bytes to ecology
[dna] air wrote 17 bytes to ecology
[dna] air wrote 20 bytes to ecology
[dna] air wrote 58 bytes to ecology
[dna] air wrote 58 bytes to ecology
[dna] air wrote 102 bytes to ecology
[dna] air wrote 23 bytes to ecology
[dna] air wrote 44 bytes to ecology
[dna] air wrote 90 bytes to ecology
[dna] air wrote 122 bytes to ecology
[dna] air wrote 71 bytes to ecology
[dna] air wrote 71 bytes to ecology
[dna] air wrote 97 bytes to ecology
[dna] air wrote 52 bytes to ecology
[dna] air wrote 95 bytes to ecology
[dna] air wrote 29 bytes to ecology
[dna] air wrote 44 bytes to ecology
[dna] air wrote 20 bytes to ecology
[dna] air wrote 52 bytes to ecology
[dna] air wrote 75 bytes to ecology
[dna] air wrote 55 bytes to ecology
[dna] air wrote 24 bytes to ecology
[debug-onto] tick=100 corpus=166762 stage=2 freeze=0
[dna] air wrote 33 bytes to ecology
[dna] air wrote 43 bytes to ecology
[dna] air wrote 59 bytes to ecology
[dna] air wrote 42 bytes to ecology
[dna] air wrote 46 bytes to ecology
[dna] air wrote 41 bytes to ecology
[dna] air wrote 9 bytes to ecology
[dna] air wrote 40 bytes to ecology
[dna] air wrote 107 bytes to ecology
[dna] air wrote 115 bytes to ecology
[dna] air wrote 10 bytes to ecology
[dna] air wrote 86 bytes to ecology
[dna] air wrote 31 bytes to ecology
[dna] air wrote 142 bytes to ecology
[dna] air wrote 156 bytes to ecology
[dna] air wrote 57 bytes to ecology
[dna] air wrote 137 bytes to ecology
[dna] air wrote 50 bytes to ecology
[dna] air wrote 57 bytes to ecology
[dna] air wrote 13 bytes to ecology
[dna] air wrote 67 bytes to ecology
[dna] air wrote 31 bytes to ecology
[dna] air wrote 88 bytes to ecology
[dna] air wrote 36 bytes to ecology
[dna] air wrote 74 bytes to ecology
[dna] air wrote 53 bytes to ecology
[dna] air wrote 24 bytes to ecology
[dna] air wrote 31 bytes to ecology
[debug-onto] tick=150 corpus=166762 stage=2 freeze=0
[dna] air wrote 36 bytes to ecology
[dna] air wrote 38 bytes to ecology
[dna] air wrote 87 bytes to ecology
[dna] air wrote 92 bytes to ecology
[dna] air wrote 62 bytes to ecology
[dna] air wrote 26 bytes to ecology
[dna] air wrote 32 bytes to ecology
[dna] air wrote 109 bytes to ecology
[dna] air wrote 85 bytes to ecology
[dna] air wrote 63 bytes to ecology
[dna] air wrote 17 bytes to ecology
[dna] air wrote 60 bytes to ecology
[dna] air wrote 16 bytes to ecology
[dna] air wrote 31 bytes to ecology
[dna] air wrote 15 bytes to ecology
[dna] air wrote 28 bytes to ecology
[dna] air wrote 177 bytes to ecology
[dna] air wrote 23 bytes to ecology
[dna] air wrote 26 bytes to ecology
[dna] air wrote 58 bytes to ecology
[dna] air wrote 341 bytes to ecology
[dna] air wrote 80 bytes to ecology
[dna] air wrote 42 bytes to ecology
[dna] air wrote 106 bytes to ecology
[dna] air wrote 134 bytes to ecology
[dna] air wrote 132 bytes to ecology
[dna] air wrote 56 bytes to ecology
[debug-onto] tick=200 corpus=166762 stage=2 freeze=0
[dna] air wrote 24 bytes to ecology
[dna] air wrote 73 bytes to ecology
[dna] air wrote 35 bytes to ecology
[dna] air wrote 140 bytes to ecology
[dna] air wrote 61 bytes to ecology
[dna] air wrote 77 bytes to ecology
[dna] air wrote 166 bytes to ecology
[dna] air wrote 87 bytes to ecology
[dna] air wrote 21 bytes to ecology
[dna] air wrote 24 bytes to ecology
[dna] air wrote 51 bytes to ecology
[dna] air wrote 104 bytes to ecology
[dna] air wrote 54 bytes to ecology
[dna] air wrote 139 bytes to ecology
[dna] air wrote 81 bytes to ecology
[dna] air wrote 75 bytes to ecology
[dna] air wrote 46 bytes to ecology
[dna] air wrote 7 bytes to ecology
[dna] air wrote 112 bytes to ecology
[dna] air wrote 116 bytes to ecology
[dna] air wrote 17 bytes to ecology
[dna] air wrote 28 bytes to ecology
[dna] air wrote 82 bytes to ecology
[dna] air wrote 46 bytes to ecology
[dna] air wrote 57 bytes to ecology
[dna] air wrote 224 bytes to ecology
[dna] air wrote 86 bytes to ecology
[dna] air wrote 21 bytes to ecology
[dna] air wrote 61 bytes to ecology
[dna] air wrote 76 bytes to ecology
[debug-onto] tick=250 corpus=166762 stage=2 freeze=0
[dna] air wrote 69 bytes to ecology
[dna] air wrote 71 bytes to ecology
[dna] air wrote 64 bytes to ecology
[dna] air wrote 44 bytes to ecology
[dna] air wrote 56 bytes to ecology
[dna] air wrote 8 bytes to ecology
[dna] air wrote 36 bytes to ecology
[dna] air wrote 48 bytes to ecology
[dna] air wrote 42 bytes to ecology
[dna] air wrote 219 bytes to ecology
[dna] air wrote 20 bytes to ecology
[dna] air wrote 36 bytes to ecology
[dna] air wrote 55 bytes to ecology
[dna] air wrote 31 bytes to ecology
[dna] air wrote 24 bytes to ecology
[dna] air wrote 133 bytes to ecology
[dna] air wrote 18 bytes to ecology
[dna] air wrote 68 bytes to ecology
[dna] air wrote 138 bytes to ecology
[dna] air wrote 102 bytes to ecology
[dna] air wrote 27 bytes to ecology
[dna] air wrote 34 bytes to ecology
[dna] air wrote 38 bytes to ecology
[dna] air wrote 184 bytes to ecology
[dna] air wrote 123 bytes to ecology
[dna] air wrote 61 bytes to ecology
[dna] air wrote 164 bytes to ecology
[debug-onto] tick=300 corpus=166762 stage=2 freeze=0
[dna] air wrote 50 bytes to ecology
[dna] air wrote 18 bytes to ecology
[dna] air wrote 70 bytes to ecology
[dna] air wrote 86 bytes to ecology
[dna] air wrote 91 bytes to ecology
[dna] air wrote 49 bytes to ecology
[dna] air wrote 46 bytes to ecology
[dna] air wrote 18 bytes to ecology
[dna] air wrote 40 bytes to ecology
[dna] air wrote 47 bytes to ecology
[dna] air wrote 184 bytes to ecology
[dna] air wrote 12 bytes to ecology
[dna] air wrote 80 bytes to ecology
[dna] air wrote 62 bytes to ecology
[dna] air wrote 74 bytes to ecology
[dna] air wrote 56 bytes to ecology
[dna] air wrote 117 bytes to ecology
[dna] air wrote 113 bytes to ecology
[dna] air wrote 30 bytes to ecology
[dna] air wrote 48 bytes to ecology
[dna] air wrote 73 bytes to ecology
[dna] air wrote 35 bytes to ecology
[dna] air wrote 48 bytes to ecology
[dna] air wrote 73 bytes to ecology
[dna] air wrote 35 bytes to ecology
[dna] air wrote 19 bytes to ecology
[dna] air wrote 64 bytes to ecology
[dna] air wrote 65 bytes to ecology
[dna] air wrote 32 bytes to ecology
[debug-onto] tick=350 corpus=166762 stage=2 freeze=0
[dna] air wrote 46 bytes to ecology
[dna] air wrote 80 bytes to ecology
[dna] air wrote 17 bytes to ecology
[dna] air wrote 37 bytes to ecology
[dna] air wrote 116 bytes to ecology
[dna] air wrote 50 bytes to ecology
[dna] air wrote 33 bytes to ecology
[dna] air wrote 29 bytes to ecology
[dna] air wrote 123 bytes to ecology
[dna] air wrote 56 bytes to ecology
[dna] air wrote 30 bytes to ecology
[dna] air wrote 26 bytes to ecology
[dna] air wrote 110 bytes to ecology
[dna] air wrote 161 bytes to ecology
[dna] air wrote 23 bytes to ecology
[dna] air wrote 53 bytes to ecology
[dna] air wrote 64 bytes to ecology
[dna] air wrote 38 bytes to ecology
[dna] air wrote 37 bytes to ecology
[dna] air wrote 56 bytes to ecology
[dna] air wrote 64 bytes to ecology
[dna] air wrote 86 bytes to ecology
[dna] air wrote 43 bytes to ecology
[dna] air wrote 41 bytes to ecology
[dna] air wrote 125 bytes to ecology
[dna] air wrote 94 bytes to ecology
[dna] air wrote 151 bytes to ecology
[dna] air wrote 16 bytes to ecology
[dna] air wrote 33 bytes to ecology
[debug-onto] tick=400 corpus=166762 stage=2 freeze=0
[dna] air wrote 21 bytes to ecology
[dna] air wrote 32 bytes to ecology
[dna] air wrote 122 bytes to ecology
[dna] air wrote 112 bytes to ecology
[dna] air wrote 33 bytes to ecology
[dna] air wrote 22 bytes to ecology
[dna] air wrote 28 bytes to ecology
[dna] air wrote 34 bytes to ecology
[dna] air wrote 114 bytes to ecology
[dna] air wrote 84 bytes to ecology
[dna] air wrote 77 bytes to ecology
[dna] air wrote 53 bytes to ecology
[dna] air wrote 74 bytes to ecology
[dna] air wrote 87 bytes to ecology
[dna] air wrote 14 bytes to ecology
[dna] air wrote 6 bytes to ecology
[dna] air wrote 57 bytes to ecology
[dna] air wrote 228 bytes to ecology
[dna] air wrote 33 bytes to ecology
[dna] air wrote 39 bytes to ecology
[dna] air wrote 115 bytes to ecology
[dna] air wrote 13 bytes to ecology
[dna] air wrote 100 bytes to ecology
[dna] air wrote 73 bytes to ecology
[dna] air wrote 41 bytes to ecology
[dna] air wrote 90 bytes to ecology
[dna] air wrote 10 bytes to ecology
[debug-onto] tick=450 corpus=166762 stage=2 freeze=0
[dna] air wrote 49 bytes to ecology
[dna] air wrote 27 bytes to ecology
[dna] air wrote 41 bytes to ecology
[dna] air wrote 24 bytes to ecology
[dna] air wrote 61 bytes to ecology
[dna] air wrote 53 bytes to ecology
[dna] air wrote 50 bytes to ecology
[dna] air wrote 26 bytes to ecology
[dna] air wrote 42 bytes to ecology
[dna] air wrote 75 bytes to ecology
[dna] air wrote 48 bytes to ecology
[dna] air wrote 25 bytes to ecology
[dna] air wrote 17 bytes to ecology
[dna] air wrote 61 bytes to ecology
[dna] air wrote 97 bytes to ecology
[dna] air wrote 115 bytes to ecology
[dna] air wrote 171 bytes to ecology
[dna] air wrote 96 bytes to ecology
[dna] air wrote 48 bytes to ecology
[dna] air wrote 111 bytes to ecology
[dna] air wrote 55 bytes to ecology
[dna] air wrote 179 bytes to ecology
[dna] air wrote 38 bytes to ecology
[dna] air wrote 99 bytes to ecology
[dna] air wrote 32 bytes to ecology
[dna] air wrote 56 bytes to ecology
[dna] air wrote 33 bytes to ecology
[dna] air wrote 101 bytes to ecology
[dna] air wrote 16 bytes to ecology
[debug-onto] tick=500 corpus=166762 stage=2 freeze=0
[dna] air wrote 45 bytes to ecology
[dna] air wrote 26 bytes to ecology
[dna] air wrote 39 bytes to ecology
[dna] air wrote 31 bytes to ecology
[dna] air wrote 48 bytes to ecology
[dna] air wrote 27 bytes to ecology
[dna] air wrote 46 bytes to ecology
[dna] air wrote 48 bytes to ecology
[dna] air wrote 32 bytes to ecology
[dna] air wrote 17 bytes to ecology
[dna] air wrote 14 bytes to ecology
[dna] air wrote 68 bytes to ecology
[dna] air wrote 47 bytes to ecology
[dna] air wrote 113 bytes to ecology
[dna] air wrote 198 bytes to ecology
[dna] air wrote 123 bytes to ecology
[dna] air wrote 143 bytes to ecology
[dna] air wrote 61 bytes to ecology
[dna] air wrote 41 bytes to ecology
[dna] air wrote 80 bytes to ecology
[dna] air wrote 20 bytes to ecology
[dna] air wrote 66 bytes to ecology
[dna] air wrote 61 bytes to ecology
[dna] air wrote 30 bytes to ecology
[dna] air wrote 23 bytes to ecology
[dna] air wrote 70 bytes to ecology
[dna] air wrote 163 bytes to ecology
[dna] air wrote 91 bytes to ecology
[debug-onto] tick=550 corpus=166762 stage=2 freeze=0
[dna] air wrote 31 bytes to ecology
[dna] air wrote 37 bytes to ecology
[dna] air wrote 19 bytes to ecology
[dna] air wrote 61 bytes to ecology
[dna] air wrote 30 bytes to ecology
[dna] air wrote 92 bytes to ecology
[dna] air wrote 94 bytes to ecology
[dna] air wrote 46 bytes to ecology
[dna] air wrote 94 bytes to ecology
[dna] air wrote 119 bytes to ecology
[dna] air wrote 35 bytes to ecology

[evolution] Organism shutting down gracefully.
