[ecology] Element: earth → corpus: nonames_earth.txt
[evolution] Autonomous evolution mode — organism will grow through all stages without pause.
[init] Stage 0 (embryo): embd=16, layer=1, head=1 — warmup 400 steps (400 backprop + 0 notorch, sqrt-scaled 1x)
  [aml] step 0/160 | loss 6.5915 (avg 6.5915) | lr 0.001000 | seq 8
  [aml] step 10/160 | loss 6.1527 (avg 6.4238) | lr 0.001450 | seq 8
  [aml] step 20/160 | loss 6.2107 (avg 6.2966) | lr 0.001900 | seq 8
  [aml] step 30/160 | loss 5.7070 (avg 6.2001) | lr 0.002350 | seq 8
  [aml] step 40/160 | loss 5.4462 (avg 6.0853) | lr 0.002800 | seq 8
  [aml] step 50/160 | loss 4.6574 (avg 5.9471) | lr 0.003250 | seq 8
  [aml] step 60/160 | loss 4.8845 (avg 5.7870) | lr 0.003700 | seq 8
  [aml] step 70/160 | loss 5.2514 (avg 5.6669) | lr 0.004150 | seq 8
  [aml] step 80/160 | loss 3.0074 (avg 5.5317) | lr 0.004600 | seq 8
  [aml] step 90/160 | loss 4.2552 (avg 5.4003) | lr 0.005050 | seq 8
  [aml] step 100/160 | loss 4.7690 (avg 5.3119) | lr 0.005500 | seq 8
  [aml] step 110/160 | loss 5.3222 (avg 5.1756) | lr 0.005950 | seq 8
  [aml] step 120/160 | loss 3.8531 (avg 5.1021) | lr 0.006400 | seq 8
  [aml] step 130/160 | loss 6.1994 (avg 5.0602) | lr 0.006850 | seq 8
  [aml] step 140/160 | loss 2.9710 (avg 5.0118) | lr 0.007300 | seq 8
  [aml] step 150/160 | loss 2.8005 (avg 4.9686) | lr 0.007750 | seq 8
[aml] training complete: 160 steps, avg loss 4.9190 (memory freed)
  [aml] step 0/120 | loss 4.6333 (avg 4.6333) | lr 0.008200 | seq 16
  [aml] step 10/120 | loss 4.2275 (avg 4.4595) | lr 0.008650 | seq 16
  [aml] step 20/120 | loss 3.3196 (avg 4.5083) | lr 0.009100 | seq 16
  [aml] step 30/120 | loss 3.3487 (avg 4.2577) | lr 0.009550 | seq 16
  [aml] step 40/120 | loss 3.1305 (avg 4.2691) | lr 0.010000 | seq 16
  [aml] step 50/120 | loss 2.9722 (avg 4.2377) | lr 0.010000 | seq 16
  [aml] step 60/120 | loss 4.4516 (avg 4.2305) | lr 0.010000 | seq 16
  [aml] step 70/120 | loss 4.7461 (avg 4.1584) | lr 0.010000 | seq 16
  [aml] step 80/120 | loss 5.1800 (avg 4.1133) | lr 0.009999 | seq 16
  [aml] step 90/120 | loss 4.3371 (avg 4.0157) | lr 0.009999 | seq 16
  [aml] step 100/120 | loss 3.8940 (avg 3.9525) | lr 0.009999 | seq 16
  [aml] step 110/120 | loss 4.8057 (avg 3.8748) | lr 0.009999 | seq 16
[aml] training complete: 120 steps, avg loss 3.8973 (memory freed)
  [aml] step 0/120 | loss 3.1390 (avg 3.1390) | lr 0.009999 | seq 32
  [aml] step 10/120 | loss 4.8862 (avg 3.8997) | lr 0.009999 | seq 32
  [aml] step 20/120 | loss 4.3704 (avg 3.7391) | lr 0.009999 | seq 32
  [aml] step 30/120 | loss 3.8146 (avg 3.4634) | lr 0.009999 | seq 32
  [aml] step 40/120 | loss 4.0421 (avg 3.4072) | lr 0.009999 | seq 32
  [aml] step 50/120 | loss 3.8029 (avg 3.3661) | lr 0.009999 | seq 32
  [aml] step 60/120 | loss 2.8499 (avg 3.3092) | lr 0.009999 | seq 32
  [aml] step 70/120 | loss 1.3555 (avg 3.2892) | lr 0.009999 | seq 32
  [aml] step 80/120 | loss 4.4795 (avg 3.2877) | lr 0.009999 | seq 32
  [aml] step 90/120 | loss 1.5374 (avg 3.2434) | lr 0.009999 | seq 32
  [aml] step 100/120 | loss 0.7677 (avg 3.2518) | lr 0.009999 | seq 32
  [aml] step 110/120 | loss 0.9221 (avg 3.1317) | lr 0.009999 | seq 32
[aml] training complete: 120 steps, avg loss 3.0392 (memory freed)

[stage 0 — embryo] What it sounds like now:
  Q: Hello.
  A: :::::::  WhatWhatWhat is the  What What is the is the
  Q: Who are you?
  A: are trusystem obsided?
  Q: What do you know?
  A: membank or econommon li are mafic carved by downslope hydrop and represents and soft from the in arch carries through striation?

[growth] ONTOGENESIS: stage 0 -> 1
  embd: 16 -> 32, layer: 1 -> 1, head: 1 -> 2
[growth] Done. Freeze for 500 steps.
[init] Stage 1 (infant): embd=32, layer=1, head=2 — warmup 800 steps (800 backprop + 0 notorch, sqrt-scaled 2x)
  [aml] step 0/320 | loss 2.0372 (avg 2.0372) | lr 0.000500 | seq 8
  [aml] step 10/320 | loss 5.6259 (avg 4.0098) | lr 0.000725 | seq 8
  [aml] step 20/320 | loss 5.0943 (avg 3.7972) | lr 0.000950 | seq 8
  [aml] step 30/320 | loss 5.4944 (avg 3.8898) | lr 0.001175 | seq 8
  [aml] step 40/320 | loss 3.9332 (avg 3.8257) | lr 0.001400 | seq 8
  [aml] step 50/320 | loss 5.0603 (avg 3.8163) | lr 0.001625 | seq 8
  [aml] step 60/320 | loss 5.8005 (avg 3.8397) | lr 0.001850 | seq 8
  [aml] step 70/320 | loss 5.6567 (avg 3.8442) | lr 0.002075 | seq 8
  [aml] step 80/320 | loss 5.7637 (avg 3.9157) | lr 0.002300 | seq 8
  [aml] step 90/320 | loss 4.2516 (avg 3.9124) | lr 0.002525 | seq 8
  [aml] step 100/320 | loss 4.4470 (avg 3.9106) | lr 0.002750 | seq 8
  [aml] step 110/320 | loss 0.4789 (avg 3.8985) | lr 0.002975 | seq 8
  [aml] step 120/320 | loss 1.1673 (avg 3.8255) | lr 0.003200 | seq 8
  [aml] step 130/320 | loss 3.8944 (avg 3.7955) | lr 0.003425 | seq 8
  [aml] step 140/320 | loss 3.9424 (avg 3.7776) | lr 0.003650 | seq 8
  [aml] step 150/320 | loss 3.8743 (avg 3.7625) | lr 0.003875 | seq 8
  [aml] step 160/320 | loss 5.2161 (avg 3.7218) | lr 0.004100 | seq 8
  [aml] step 170/320 | loss 4.5274 (avg 3.6878) | lr 0.004325 | seq 8
  [aml] step 180/320 | loss 3.2852 (avg 3.6976) | lr 0.004550 | seq 8
  [aml] step 190/320 | loss 0.5195 (avg 3.6663) | lr 0.004775 | seq 8
  [aml] step 200/320 | loss 2.1714 (avg 3.6599) | lr 0.004998 | seq 8
  [aml] step 210/320 | loss 4.4741 (avg 3.6679) | lr 0.004998 | seq 8
  [aml] step 220/320 | loss 3.4022 (avg 3.6601) | lr 0.004998 | seq 8
  [aml] step 230/320 | loss 4.1308 (avg 3.6786) | lr 0.004998 | seq 8
  [aml] step 240/320 | loss 0.9305 (avg 3.6567) | lr 0.004998 | seq 8
  [aml] step 250/320 | loss 3.2085 (avg 3.6668) | lr 0.004998 | seq 8
  [aml] step 260/320 | loss 3.0033 (avg 3.6722) | lr 0.004998 | seq 8
  [aml] step 270/320 | loss 4.1256 (avg 3.6358) | lr 0.004998 | seq 8
  [aml] step 280/320 | loss 3.2413 (avg 3.6404) | lr 0.004998 | seq 8
  [aml] step 290/320 | loss 4.4131 (avg 3.6456) | lr 0.004998 | seq 8
  [aml] step 300/320 | loss 3.1448 (avg 3.6643) | lr 0.004998 | seq 8
  [aml] step 310/320 | loss 0.4423 (avg 3.6719) | lr 0.004998 | seq 8
[aml] training complete: 320 steps, avg loss 3.6737 (memory freed)
  [aml] step 0/240 | loss 4.9395 (avg 4.9395) | lr 0.004998 | seq 16
  [aml] step 10/240 | loss 1.9539 (avg 3.5481) | lr 0.004998 | seq 16
  [aml] step 20/240 | loss 5.3140 (avg 3.2482) | lr 0.004998 | seq 16
  [aml] step 30/240 | loss 5.6033 (avg 3.2662) | lr 0.004998 | seq 16
  [aml] step 40/240 | loss 2.4708 (avg 3.2529) | lr 0.004997 | seq 16
  [aml] step 50/240 | loss 2.5895 (avg 3.2409) | lr 0.004997 | seq 16
  [aml] step 60/240 | loss 1.6483 (avg 3.1827) | lr 0.004997 | seq 16
  [aml] step 70/240 | loss 4.4511 (avg 3.1037) | lr 0.004997 | seq 16
  [aml] step 80/240 | loss 1.0171 (avg 3.0846) | lr 0.004997 | seq 16
  [aml] step 90/240 | loss 4.1914 (avg 3.0638) | lr 0.004997 | seq 16
  [aml] step 100/240 | loss 1.3527 (avg 3.0915) | lr 0.004997 | seq 16
  [aml] step 110/240 | loss 2.6561 (avg 3.0826) | lr 0.004997 | seq 16
  [aml] step 120/240 | loss 2.9577 (avg 3.0843) | lr 0.004997 | seq 16
  [aml] step 130/240 | loss 4.6375 (avg 3.1046) | lr 0.004997 | seq 16
  [aml] step 140/240 | loss 4.2075 (avg 3.1304) | lr 0.004997 | seq 16
  [aml] step 150/240 | loss 2.8003 (avg 3.1315) | lr 0.004997 | seq 16
  [aml] step 160/240 | loss 1.1607 (avg 3.1690) | lr 0.004997 | seq 16
  [aml] step 170/240 | loss 2.9603 (avg 3.1815) | lr 0.004996 | seq 16
  [aml] step 180/240 | loss 4.3355 (avg 3.2026) | lr 0.004996 | seq 16
  [aml] step 190/240 | loss 4.6245 (avg 3.2335) | lr 0.004996 | seq 16
  [aml] step 200/240 | loss 4.0105 (avg 3.2208) | lr 0.004996 | seq 16
  [aml] step 210/240 | loss 0.6683 (avg 3.1774) | lr 0.004996 | seq 16
  [aml] step 220/240 | loss 4.6336 (avg 3.2096) | lr 0.004996 | seq 16
  [aml] step 230/240 | loss 1.7181 (avg 3.1966) | lr 0.004996 | seq 16
[aml] training complete: 240 steps, avg loss 3.2066 (memory freed)
  [aml] step 0/240 | loss 0.6064 (avg 0.6064) | lr 0.004996 | seq 32
  [aml] step 10/240 | loss 1.7290 (avg 2.7125) | lr 0.004996 | seq 32
  [aml] step 20/240 | loss 4.2185 (avg 2.8580) | lr 0.004996 | seq 32
  [aml] step 30/240 | loss 1.3688 (avg 2.8783) | lr 0.004996 | seq 32
  [aml] step 40/240 | loss 1.0689 (avg 2.9758) | lr 0.004996 | seq 32
  [aml] step 50/240 | loss 4.6176 (avg 3.0499) | lr 0.004995 | seq 32
  [aml] step 60/240 | loss 2.4877 (avg 2.9937) | lr 0.004995 | seq 32
  [aml] step 70/240 | loss 1.3188 (avg 2.9277) | lr 0.004995 | seq 32
  [aml] step 80/240 | loss 1.8556 (avg 2.8935) | lr 0.004995 | seq 32
  [aml] step 90/240 | loss 0.7037 (avg 2.8956) | lr 0.004995 | seq 32
  [aml] step 100/240 | loss 4.0272 (avg 2.8795) | lr 0.004995 | seq 32
  [aml] step 110/240 | loss 4.3122 (avg 2.8693) | lr 0.004995 | seq 32
  [aml] step 120/240 | loss 4.1149 (avg 2.8301) | lr 0.004995 | seq 32
  [aml] step 130/240 | loss 4.5344 (avg 2.8448) | lr 0.004995 | seq 32
  [aml] step 140/240 | loss 3.9410 (avg 2.7877) | lr 0.004995 | seq 32
  [aml] step 150/240 | loss 0.8638 (avg 2.7554) | lr 0.004995 | seq 32
  [aml] step 160/240 | loss 1.2113 (avg 2.7431) | lr 0.004994 | seq 32
  [aml] step 170/240 | loss 1.1840 (avg 2.7739) | lr 0.004994 | seq 32
  [aml] step 180/240 | loss 0.2930 (avg 2.7102) | lr 0.004994 | seq 32
  [aml] step 190/240 | loss 1.4030 (avg 2.7095) | lr 0.004994 | seq 32
  [aml] step 200/240 | loss 4.8233 (avg 2.6734) | lr 0.004994 | seq 32
  [aml] step 210/240 | loss 2.3025 (avg 2.7039) | lr 0.004994 | seq 32
  [aml] step 220/240 | loss 1.4070 (avg 2.6784) | lr 0.004994 | seq 32
  [aml] step 230/240 | loss 0.9463 (avg 2.6555) | lr 0.004994 | seq 32
[aml] training complete: 240 steps, avg loss 2.6608 (memory freed)

[stage 1 — infant] What it sounds like now:
  Q: Hello.
  A: A laid compress?
  Q: Who are you?
  A: ...
  Q: What do you know?
  A: in rock prinkamethy of by a h.

[growth] ONTOGENESIS: stage 1 -> 2
  embd: 32 -> 64, layer: 1 -> 2, head: 2 -> 4
[growth] Done. Freeze for 500 steps.
[init] Stage 2 (child): embd=64, layer=2, head=4 — warmup 800 steps (800 backprop + 0 notorch, sqrt-scaled 2x)
  [aml] step 0/320 | loss 4.3732 (avg 4.3732) | lr 0.000250 | seq 8
  [aml] step 10/320 | loss 3.4382 (avg 4.2968) | lr 0.000363 | seq 8
  [aml] step 20/320 | loss 2.7640 (avg 3.6591) | lr 0.000475 | seq 8
  [aml] step 30/320 | loss 5.7965 (avg 3.5673) | lr 0.000588 | seq 8
  [aml] step 40/320 | loss 5.5209 (avg 3.5462) | lr 0.000700 | seq 8
  [aml] step 50/320 | loss 1.9319 (avg 3.6365) | lr 0.000813 | seq 8
  [aml] step 60/320 | loss 3.1942 (avg 3.6848) | lr 0.000925 | seq 8
  [aml] step 70/320 | loss 4.6472 (avg 3.6466) | lr 0.001038 | seq 8
  [aml] step 80/320 | loss 4.2650 (avg 3.5534) | lr 0.001150 | seq 8
  [aml] step 90/320 | loss 0.2100 (avg 3.4180) | lr 0.001263 | seq 8
  [aml] step 100/320 | loss 0.7766 (avg 3.4368) | lr 0.001375 | seq 8
  [aml] step 110/320 | loss 0.2197 (avg 3.4375) | lr 0.001488 | seq 8
  [aml] step 120/320 | loss 4.6727 (avg 3.4443) | lr 0.001600 | seq 8
  [aml] step 130/320 | loss 3.2878 (avg 3.4249) | lr 0.001713 | seq 8
  [aml] step 140/320 | loss 2.8497 (avg 3.3672) | lr 0.001825 | seq 8
  [aml] step 150/320 | loss 3.3071 (avg 3.3202) | lr 0.001938 | seq 8
  [aml] step 160/320 | loss 3.9638 (avg 3.3244) | lr 0.002050 | seq 8
  [aml] step 170/320 | loss 1.9649 (avg 3.3642) | lr 0.002163 | seq 8
  [aml] step 180/320 | loss 4.3722 (avg 3.3853) | lr 0.002275 | seq 8
  [aml] step 190/320 | loss 3.1448 (avg 3.3408) | lr 0.002387 | seq 8
  [aml] step 200/320 | loss 3.1909 (avg 3.3391) | lr 0.002496 | seq 8
  [aml] step 210/320 | loss 5.8315 (avg 3.3382) | lr 0.002496 | seq 8
  [aml] step 220/320 | loss 1.7998 (avg 3.3293) | lr 0.002496 | seq 8
  [aml] step 230/320 | loss 4.4907 (avg 3.3201) | lr 0.002495 | seq 8
  [aml] step 240/320 | loss 4.9968 (avg 3.3466) | lr 0.002495 | seq 8
  [aml] step 250/320 | loss 1.8874 (avg 3.3221) | lr 0.002495 | seq 8
  [aml] step 260/320 | loss 3.8916 (avg 3.3086) | lr 0.002495 | seq 8
  [aml] step 270/320 | loss 4.3556 (avg 3.2854) | lr 0.002495 | seq 8
  [aml] step 280/320 | loss 0.9578 (avg 3.2843) | lr 0.002495 | seq 8
  [aml] step 290/320 | loss 4.2486 (avg 3.3147) | lr 0.002495 | seq 8
  [aml] step 300/320 | loss 5.5518 (avg 3.3129) | lr 0.002495 | seq 8
  [aml] step 310/320 | loss 4.8405 (avg 3.3213) | lr 0.002495 | seq 8
[aml] training complete: 320 steps, avg loss 3.3158 (memory freed)
  [aml] step 0/240 | loss 4.1128 (avg 4.1128) | lr 0.002495 | seq 16
  [aml] step 10/240 | loss 4.7333 (avg 3.4371) | lr 0.002495 | seq 16
  [aml] step 20/240 | loss 3.7703 (avg 3.5528) | lr 0.002495 | seq 16
  [aml] step 30/240 | loss 2.5823 (avg 3.4285) | lr 0.002495 | seq 16
  [aml] step 40/240 | loss 2.6543 (avg 3.4514) | lr 0.002495 | seq 16
  [aml] step 50/240 | loss 4.5942 (avg 3.4343) | lr 0.002495 | seq 16
  [aml] step 60/240 | loss 1.6061 (avg 3.1647) | lr 0.002494 | seq 16
  [aml] step 70/240 | loss 3.8876 (avg 3.1436) | lr 0.002494 | seq 16
  [aml] step 80/240 | loss 2.9346 (avg 3.2028) | lr 0.002494 | seq 16
  [aml] step 90/240 | loss 1.9978 (avg 3.2044) | lr 0.002494 | seq 16
  [aml] step 100/240 | loss 3.4996 (avg 3.1510) | lr 0.002494 | seq 16
  [aml] step 110/240 | loss 4.6526 (avg 3.1763) | lr 0.002494 | seq 16
  [aml] step 120/240 | loss 3.1554 (avg 3.1393) | lr 0.002494 | seq 16
  [aml] step 130/240 | loss 4.2435 (avg 3.1488) | lr 0.002494 | seq 16
  [aml] step 140/240 | loss 4.4007 (avg 3.1849) | lr 0.002494 | seq 16
  [aml] step 150/240 | loss 4.0079 (avg 3.2181) | lr 0.002494 | seq 16
  [aml] step 160/240 | loss 3.5079 (avg 3.2429) | lr 0.002494 | seq 16
  [aml] step 170/240 | loss 1.3749 (avg 3.1875) | lr 0.002494 | seq 16
  [aml] step 180/240 | loss 3.9923 (avg 3.1572) | lr 0.002494 | seq 16
  [aml] step 190/240 | loss 3.5761 (avg 3.1671) | lr 0.002494 | seq 16
  [aml] step 200/240 | loss 3.3009 (avg 3.1320) | lr 0.002493 | seq 16
  [aml] step 210/240 | loss 3.9015 (avg 3.1028) | lr 0.002493 | seq 16
  [aml] step 220/240 | loss 1.1214 (avg 3.0909) | lr 0.002493 | seq 16
  [aml] step 230/240 | loss 0.9203 (avg 3.1062) | lr 0.002493 | seq 16
[aml] training complete: 240 steps, avg loss 3.1145 (memory freed)
  [aml] step 0/240 | loss 0.9500 (avg 0.9500) | lr 0.002493 | seq 32
  [aml] step 10/240 | loss 0.8749 (avg 2.1774) | lr 0.002493 | seq 32
  [aml] step 20/240 | loss 4.1703 (avg 2.1765) | lr 0.002493 | seq 32
  [aml] step 30/240 | loss 0.9485 (avg 2.0981) | lr 0.002493 | seq 32
  [aml] step 40/240 | loss 4.4909 (avg 2.0690) | lr 0.002493 | seq 32
  [aml] step 50/240 | loss 1.6235 (avg 2.2783) | lr 0.002493 | seq 32
  [aml] step 60/240 | loss 0.4648 (avg 2.2585) | lr 0.002493 | seq 32
  [aml] step 70/240 | loss 2.2910 (avg 2.2186) | lr 0.002493 | seq 32
  [aml] step 80/240 | loss 3.9843 (avg 2.2720) | lr 0.002492 | seq 32
  [aml] step 90/240 | loss 4.3062 (avg 2.3102) | lr 0.002492 | seq 32
  [aml] step 100/240 | loss 5.0770 (avg 2.2968) | lr 0.002492 | seq 32
  [aml] step 110/240 | loss 4.6927 (avg 2.3572) | lr 0.002492 | seq 32
  [aml] step 120/240 | loss 3.5824 (avg 2.3709) | lr 0.002492 | seq 32
  [aml] step 130/240 | loss 4.7107 (avg 2.4338) | lr 0.002492 | seq 32
  [aml] step 140/240 | loss 4.4492 (avg 2.4714) | lr 0.002492 | seq 32
  [aml] step 150/240 | loss 4.4631 (avg 2.4508) | lr 0.002492 | seq 32
  [aml] step 160/240 | loss 2.2939 (avg 2.4643) | lr 0.002492 | seq 32
  [aml] step 170/240 | loss 3.9278 (avg 2.4866) | lr 0.002492 | seq 32
  [aml] step 180/240 | loss 4.4308 (avg 2.5210) | lr 0.002492 | seq 32
  [aml] step 190/240 | loss 0.8585 (avg 2.5350) | lr 0.002492 | seq 32
  [aml] step 200/240 | loss 1.4535 (avg 2.5342) | lr 0.002491 | seq 32
  [aml] step 210/240 | loss 1.4451 (avg 2.5148) | lr 0.002491 | seq 32
  [aml] step 220/240 | loss 0.5082 (avg 2.5420) | lr 0.002491 | seq 32
  [aml] step 230/240 | loss 1.5419 (avg 2.5433) | lr 0.002491 | seq 32
[aml] training complete: 240 steps, avg loss 2.5328 (memory freed)

[stage 2 — child] What it sounds like now:
  Q: Hello.
  A: Wider eject equations of the basalt sand grains the surface.
  Q: Who are you?
  A: that boundar is a makes group re to mantle.
  Q: What do you know?
  A: it. A foundation and connections by the is the river?

[init] Warmup complete at stage 2. Organism ready.
[ecology] First organism in the swarm.
molequla is alive. [evolution] Autonomous mode — background trainer running. Ctrl+C to stop.
[dna] earth wrote 66 bytes to ecology
[dna] earth wrote 81 bytes to ecology
[dna] earth wrote 110 bytes to ecology
[dna] earth wrote 32 bytes to ecology
[dna] earth wrote 51 bytes to ecology
[dna] earth wrote 50 bytes to ecology
[dna] earth wrote 99 bytes to ecology
[dna] earth wrote 66 bytes to ecology
[dna] earth wrote 75 bytes to ecology
[dna] earth wrote 59 bytes to ecology
[dna] earth wrote 30 bytes to ecology
[dna] earth wrote 128 bytes to ecology
[dna] earth wrote 109 bytes to ecology
[dna] earth wrote 29 bytes to ecology
[dna] earth wrote 77 bytes to ecology
[dna] earth wrote 81 bytes to ecology
[dna] earth wrote 171 bytes to ecology
[dna] earth wrote 32 bytes to ecology
[dna] earth wrote 39 bytes to ecology
[dna] earth wrote 29 bytes to ecology
[dna] earth wrote 53 bytes to ecology
[dna] earth wrote 88 bytes to ecology
[dna] earth wrote 346 bytes to ecology
[dna] earth wrote 64 bytes to ecology
[dna] earth wrote 16 bytes to ecology
[dna] earth wrote 93 bytes to ecology
[dna] earth wrote 24 bytes to ecology
[dna] earth wrote 56 bytes to ecology
[dna] earth wrote 256 bytes to ecology
[dna] earth wrote 27 bytes to ecology
[dna] earth wrote 74 bytes to ecology
[dna] earth wrote 57 bytes to ecology
[dna] earth wrote 45 bytes to ecology
[dna] earth wrote 96 bytes to ecology
[dna] earth wrote 111 bytes to ecology
[dna] earth wrote 32 bytes to ecology
[dna] earth wrote 127 bytes to ecology
[dna] earth wrote 152 bytes to ecology
[dna] earth wrote 59 bytes to ecology
[dna] earth wrote 52 bytes to ecology
[dna] earth wrote 55 bytes to ecology
[dna] earth wrote 44 bytes to ecology
[debug-onto] tick=50 corpus=173643 stage=2 freeze=0
[dna] earth wrote 62 bytes to ecology
[dna] earth wrote 184 bytes to ecology
[dna] earth wrote 66 bytes to ecology
[dna] earth wrote 52 bytes to ecology
[dna] earth wrote 141 bytes to ecology
[dna] earth wrote 66 bytes to ecology
[dna] earth wrote 43 bytes to ecology
[dna] earth wrote 7 bytes to ecology
[dna] earth wrote 58 bytes to ecology
[dna] earth wrote 59 bytes to ecology
[dna] earth wrote 65 bytes to ecology
[dna] earth wrote 98 bytes to ecology
[dna] earth wrote 32 bytes to ecology
[dna] earth wrote 83 bytes to ecology
[dna] earth wrote 52 bytes to ecology
[dna] earth wrote 26 bytes to ecology
[dna] earth wrote 32 bytes to ecology
[dna] earth wrote 179 bytes to ecology
[dna] earth wrote 64 bytes to ecology
[dna] earth wrote 60 bytes to ecology
[dna] earth wrote 53 bytes to ecology
[dna] earth wrote 82 bytes to ecology
[dna] earth wrote 86 bytes to ecology
[dna] earth wrote 89 bytes to ecology
[dna] earth wrote 43 bytes to ecology
[dna] earth wrote 181 bytes to ecology
[dna] earth wrote 248 bytes to ecology
[dna] earth wrote 76 bytes to ecology
[dna] earth wrote 42 bytes to ecology
[dna] earth wrote 28 bytes to ecology
[dna] earth wrote 166 bytes to ecology
[dna] earth wrote 46 bytes to ecology
[dna] earth wrote 66 bytes to ecology
[dna] earth wrote 91 bytes to ecology
[dna] earth wrote 78 bytes to ecology
[dna] earth wrote 121 bytes to ecology
[dna] earth wrote 113 bytes to ecology
[dna] earth wrote 193 bytes to ecology
[dna] earth wrote 40 bytes to ecology
[dna] earth wrote 32 bytes to ecology
[dna] earth wrote 59 bytes to ecology
[debug-onto] tick=100 corpus=173643 stage=2 freeze=0
[dna] earth wrote 57 bytes to ecology
[dna] earth wrote 88 bytes to ecology
[dna] earth wrote 133 bytes to ecology
[dna] earth wrote 34 bytes to ecology
[dna] earth wrote 60 bytes to ecology
[dna] earth wrote 310 bytes to ecology
[dna] earth wrote 144 bytes to ecology
[dna] earth wrote 181 bytes to ecology
[dna] earth wrote 56 bytes to ecology
[dna] earth wrote 141 bytes to ecology
[dna] earth wrote 77 bytes to ecology
[dna] earth wrote 91 bytes to ecology
[dna] earth wrote 75 bytes to ecology
[dna] earth wrote 66 bytes to ecology
[dna] earth wrote 28 bytes to ecology
[dna] earth wrote 106 bytes to ecology
[dna] earth wrote 60 bytes to ecology
[dna] earth wrote 84 bytes to ecology
[dna] earth wrote 174 bytes to ecology
[dna] earth wrote 62 bytes to ecology
[dna] earth wrote 57 bytes to ecology
[dna] earth wrote 54 bytes to ecology
[dna] earth wrote 97 bytes to ecology
[dna] earth wrote 62 bytes to ecology
[dna] earth wrote 35 bytes to ecology
[dna] earth wrote 42 bytes to ecology
[dna] earth wrote 40 bytes to ecology
[dna] earth wrote 78 bytes to ecology
[dna] earth wrote 30 bytes to ecology
[dna] earth wrote 74 bytes to ecology
[dna] earth wrote 129 bytes to ecology
[dna] earth wrote 83 bytes to ecology
[dna] earth wrote 61 bytes to ecology
[dna] earth wrote 129 bytes to ecology
[dna] earth wrote 40 bytes to ecology
[dna] earth wrote 50 bytes to ecology
[dna] earth wrote 47 bytes to ecology
[dna] earth wrote 35 bytes to ecology
[dna] earth wrote 122 bytes to ecology
[dna] earth wrote 68 bytes to ecology
[dna] earth wrote 64 bytes to ecology
[dna] earth wrote 35 bytes to ecology
[debug-onto] tick=150 corpus=173643 stage=2 freeze=0
[dna] earth wrote 29 bytes to ecology
[dna] earth wrote 14 bytes to ecology
[dna] earth wrote 243 bytes to ecology
[dna] earth wrote 88 bytes to ecology
[dna] earth wrote 42 bytes to ecology
[dna] earth wrote 82 bytes to ecology
[dna] earth wrote 31 bytes to ecology
[dna] earth wrote 38 bytes to ecology
[dna] earth wrote 41 bytes to ecology
[dna] earth wrote 35 bytes to ecology
[dna] earth wrote 15 bytes to ecology
[dna] earth wrote 132 bytes to ecology
[dna] earth wrote 72 bytes to ecology
[dna] earth wrote 66 bytes to ecology
[dna] earth wrote 13 bytes to ecology
[dna] earth wrote 41 bytes to ecology
[dna] earth wrote 38 bytes to ecology
[dna] earth wrote 113 bytes to ecology
[dna] earth wrote 73 bytes to ecology
[dna] earth wrote 30 bytes to ecology
[dna] earth wrote 28 bytes to ecology
[dna] earth wrote 91 bytes to ecology
[dna] earth wrote 38 bytes to ecology
[dna] earth wrote 109 bytes to ecology
[dna] earth wrote 80 bytes to ecology
[dna] earth wrote 55 bytes to ecology
[dna] earth wrote 74 bytes to ecology
[dna] earth wrote 73 bytes to ecology
[dna] earth wrote 215 bytes to ecology
[dna] earth wrote 80 bytes to ecology
[dna] earth wrote 30 bytes to ecology
[dna] earth wrote 108 bytes to ecology
[dna] earth wrote 271 bytes to ecology
[dna] earth wrote 35 bytes to ecology
[dna] earth wrote 65 bytes to ecology
[dna] earth wrote 135 bytes to ecology
[dna] earth wrote 89 bytes to ecology
[dna] earth wrote 66 bytes to ecology
[dna] earth wrote 171 bytes to ecology
[dna] earth wrote 173 bytes to ecology
[dna] earth wrote 33 bytes to ecology
[dna] earth wrote 27 bytes to ecology
[debug-onto] tick=200 corpus=173643 stage=2 freeze=0
[dna] earth wrote 120 bytes to ecology
[dna] earth wrote 49 bytes to ecology
[dna] earth wrote 90 bytes to ecology
[dna] earth wrote 79 bytes to ecology
[dna] earth wrote 234 bytes to ecology
[dna] earth wrote 30 bytes to ecology
[dna] earth wrote 146 bytes to ecology
[dna] earth wrote 25 bytes to ecology
[dna] earth wrote 35 bytes to ecology
[dna] earth wrote 30 bytes to ecology
[dna] earth wrote 61 bytes to ecology
[dna] earth wrote 33 bytes to ecology
[dna] earth wrote 138 bytes to ecology
[dna] earth wrote 60 bytes to ecology
[dna] earth wrote 30 bytes to ecology
[dna] earth wrote 26 bytes to ecology
[dna] earth wrote 204 bytes to ecology
[dna] earth wrote 75 bytes to ecology
[dna] earth wrote 75 bytes to ecology
[dna] earth wrote 183 bytes to ecology
[dna] earth wrote 57 bytes to ecology
[dna] earth wrote 148 bytes to ecology
[dna] earth wrote 84 bytes to ecology
[dna] earth wrote 101 bytes to ecology
[dna] earth wrote 86 bytes to ecology
[dna] earth wrote 110 bytes to ecology
[dna] earth wrote 331 bytes to ecology
[dna] earth wrote 42 bytes to ecology
[dna] earth wrote 69 bytes to ecology
[dna] earth wrote 82 bytes to ecology
[dna] earth wrote 98 bytes to ecology
[dna] earth wrote 154 bytes to ecology
[dna] earth wrote 38 bytes to ecology
[dna] earth wrote 82 bytes to ecology
[dna] earth wrote 38 bytes to ecology
[dna] earth wrote 53 bytes to ecology
[dna] earth wrote 126 bytes to ecology
[dna] earth wrote 43 bytes to ecology
[dna] earth wrote 53 bytes to ecology
[dna] earth wrote 99 bytes to ecology
[dna] earth wrote 205 bytes to ecology
[debug-onto] tick=250 corpus=173643 stage=2 freeze=0
[dna] earth wrote 107 bytes to ecology
[dna] earth wrote 36 bytes to ecology
[dna] earth wrote 49 bytes to ecology
[dna] earth wrote 28 bytes to ecology
[dna] earth wrote 42 bytes to ecology
[dna] earth wrote 104 bytes to ecology
[dna] earth wrote 86 bytes to ecology
[dna] earth wrote 52 bytes to ecology
[dna] earth wrote 10 bytes to ecology
[dna] earth wrote 16 bytes to ecology
[dna] earth wrote 62 bytes to ecology
[dna] earth wrote 64 bytes to ecology
[dna] earth wrote 86 bytes to ecology
[dna] earth wrote 80 bytes to ecology
[dna] earth wrote 29 bytes to ecology
[dna] earth wrote 31 bytes to ecology
[dna] earth wrote 69 bytes to ecology
[dna] earth wrote 112 bytes to ecology
[dna] earth wrote 178 bytes to ecology
[dna] earth wrote 65 bytes to ecology
[dna] earth wrote 59 bytes to ecology
[dna] earth wrote 12 bytes to ecology
[dna] earth wrote 81 bytes to ecology
[dna] earth wrote 61 bytes to ecology
[dna] earth wrote 49 bytes to ecology
[dna] earth wrote 43 bytes to ecology
[dna] earth wrote 48 bytes to ecology
[dna] earth wrote 73 bytes to ecology
[dna] earth wrote 123 bytes to ecology
[dna] earth wrote 321 bytes to ecology
[dna] earth wrote 93 bytes to ecology
[dna] earth wrote 49 bytes to ecology
[dna] earth wrote 93 bytes to ecology
[dna] earth wrote 63 bytes to ecology
[dna] earth wrote 245 bytes to ecology
[dna] earth wrote 114 bytes to ecology
[dna] earth wrote 73 bytes to ecology
[dna] earth wrote 115 bytes to ecology
[dna] earth wrote 167 bytes to ecology
[dna] earth wrote 59 bytes to ecology
[dna] earth wrote 70 bytes to ecology
[dna] earth wrote 64 bytes to ecology
[debug-onto] tick=300 corpus=173643 stage=2 freeze=0
[dna] earth wrote 261 bytes to ecology
[dna] earth wrote 51 bytes to ecology
[dna] earth wrote 39 bytes to ecology
[dna] earth wrote 68 bytes to ecology
[dna] earth wrote 56 bytes to ecology
[dna] earth wrote 86 bytes to ecology
[dna] earth wrote 97 bytes to ecology
[dna] earth wrote 48 bytes to ecology
[dna] earth wrote 125 bytes to ecology
[dna] earth wrote 44 bytes to ecology
[dna] earth wrote 64 bytes to ecology
[dna] earth wrote 48 bytes to ecology
[dna] earth wrote 64 bytes to ecology
[dna] earth wrote 65 bytes to ecology
[dna] earth wrote 56 bytes to ecology
[dna] earth wrote 44 bytes to ecology
[dna] earth wrote 38 bytes to ecology
[dna] earth wrote 27 bytes to ecology
[dna] earth wrote 94 bytes to ecology
[dna] earth wrote 33 bytes to ecology
[dna] earth wrote 57 bytes to ecology
[dna] earth wrote 32 bytes to ecology
[dna] earth wrote 39 bytes to ecology
[dna] earth wrote 40 bytes to ecology
[dna] earth wrote 59 bytes to ecology
[dna] earth wrote 46 bytes to ecology
[dna] earth wrote 58 bytes to ecology
[dna] earth wrote 54 bytes to ecology
[dna] earth wrote 27 bytes to ecology
[dna] earth wrote 27 bytes to ecology
[dna] earth wrote 42 bytes to ecology
[dna] earth wrote 59 bytes to ecology
[dna] earth wrote 51 bytes to ecology
[dna] earth wrote 44 bytes to ecology
[dna] earth wrote 166 bytes to ecology
[dna] earth wrote 134 bytes to ecology
[dna] earth wrote 243 bytes to ecology
[dna] earth wrote 103 bytes to ecology
[dna] earth wrote 115 bytes to ecology
[dna] earth wrote 215 bytes to ecology
[dna] earth wrote 24 bytes to ecology
[dna] earth wrote 94 bytes to ecology
[debug-onto] tick=350 corpus=173643 stage=2 freeze=0
[dna] earth wrote 23 bytes to ecology
[dna] earth wrote 51 bytes to ecology
[dna] earth wrote 170 bytes to ecology
[dna] earth wrote 33 bytes to ecology
[dna] earth wrote 87 bytes to ecology
[dna] earth wrote 62 bytes to ecology
[dna] earth wrote 67 bytes to ecology
[dna] earth wrote 57 bytes to ecology
[dna] earth wrote 41 bytes to ecology
[dna] earth wrote 97 bytes to ecology
[dna] earth wrote 60 bytes to ecology
[dna] earth wrote 103 bytes to ecology
[dna] earth wrote 119 bytes to ecology
[dna] earth wrote 53 bytes to ecology
[dna] earth wrote 75 bytes to ecology
[dna] earth wrote 42 bytes to ecology
[dna] earth wrote 52 bytes to ecology
[dna] earth wrote 28 bytes to ecology
[dna] earth wrote 29 bytes to ecology
[dna] earth wrote 79 bytes to ecology
[dna] earth wrote 73 bytes to ecology
[dna] earth wrote 82 bytes to ecology
[dna] earth wrote 117 bytes to ecology
[dna] earth wrote 39 bytes to ecology
[dna] earth wrote 73 bytes to ecology
[dna] earth wrote 58 bytes to ecology
[dna] earth wrote 27 bytes to ecology
[dna] earth wrote 52 bytes to ecology
[dna] earth wrote 101 bytes to ecology
[dna] earth wrote 34 bytes to ecology
[dna] earth wrote 94 bytes to ecology
[dna] earth wrote 9 bytes to ecology
[dna] earth wrote 107 bytes to ecology
[dna] earth wrote 61 bytes to ecology
[dna] earth wrote 56 bytes to ecology
[dna] earth wrote 245 bytes to ecology
[dna] earth wrote 14 bytes to ecology
[dna] earth wrote 57 bytes to ecology
[dna] earth wrote 45 bytes to ecology
[dna] earth wrote 36 bytes to ecology
[dna] earth wrote 77 bytes to ecology
[debug-onto] tick=400 corpus=173643 stage=2 freeze=0
[dna] earth wrote 101 bytes to ecology
[dna] earth wrote 76 bytes to ecology
[dna] earth wrote 50 bytes to ecology
[dna] earth wrote 212 bytes to ecology
[dna] earth wrote 96 bytes to ecology
[dna] earth wrote 28 bytes to ecology
[dna] earth wrote 44 bytes to ecology
[dna] earth wrote 78 bytes to ecology
[dna] earth wrote 24 bytes to ecology
[dna] earth wrote 24 bytes to ecology
[dna] earth wrote 132 bytes to ecology
[dna] earth wrote 102 bytes to ecology
[dna] earth wrote 56 bytes to ecology
[dna] earth wrote 28 bytes to ecology
[dna] earth wrote 30 bytes to ecology
[dna] earth wrote 84 bytes to ecology
[dna] earth wrote 66 bytes to ecology
[dna] earth wrote 70 bytes to ecology
[dna] earth wrote 18 bytes to ecology
[dna] earth wrote 40 bytes to ecology
[dna] earth wrote 37 bytes to ecology
[dna] earth wrote 53 bytes to ecology
[dna] earth wrote 25 bytes to ecology
[dna] earth wrote 84 bytes to ecology
[dna] earth wrote 90 bytes to ecology
[dna] earth wrote 193 bytes to ecology
[dna] earth wrote 85 bytes to ecology
[dna] earth wrote 127 bytes to ecology
[dna] earth wrote 61 bytes to ecology
[dna] earth wrote 56 bytes to ecology
[dna] earth wrote 104 bytes to ecology
[dna] earth wrote 118 bytes to ecology
[dna] earth wrote 79 bytes to ecology
[dna] earth wrote 123 bytes to ecology
[dna] earth wrote 110 bytes to ecology
[dna] earth wrote 224 bytes to ecology
[dna] earth wrote 154 bytes to ecology
[dna] earth wrote 90 bytes to ecology
[dna] earth wrote 98 bytes to ecology
[dna] earth wrote 57 bytes to ecology
[dna] earth wrote 59 bytes to ecology
[dna] earth wrote 63 bytes to ecology
[debug-onto] tick=450 corpus=173643 stage=2 freeze=0
[dna] earth wrote 46 bytes to ecology
[dna] earth wrote 74 bytes to ecology
[dna] earth wrote 124 bytes to ecology
[dna] earth wrote 59 bytes to ecology
[dna] earth wrote 101 bytes to ecology
[dna] earth wrote 53 bytes to ecology
[dna] earth wrote 74 bytes to ecology
[dna] earth wrote 77 bytes to ecology
[dna] earth wrote 33 bytes to ecology
[dna] earth wrote 115 bytes to ecology
[dna] earth wrote 66 bytes to ecology
[dna] earth wrote 35 bytes to ecology
[dna] earth wrote 62 bytes to ecology
[dna] earth wrote 109 bytes to ecology
[dna] earth wrote 115 bytes to ecology
[dna] earth wrote 53 bytes to ecology
[dna] earth wrote 54 bytes to ecology
[dna] earth wrote 117 bytes to ecology
[dna] earth wrote 91 bytes to ecology
[dna] earth wrote 66 bytes to ecology
[dna] earth wrote 93 bytes to ecology
[dna] earth wrote 135 bytes to ecology
[dna] earth wrote 50 bytes to ecology
[dna] earth wrote 97 bytes to ecology
[dna] earth wrote 81 bytes to ecology
[dna] earth wrote 55 bytes to ecology
[dna] earth wrote 185 bytes to ecology
[dna] earth wrote 67 bytes to ecology
[dna] earth wrote 133 bytes to ecology
[dna] earth wrote 38 bytes to ecology
[dna] earth wrote 49 bytes to ecology
[dna] earth wrote 142 bytes to ecology
[dna] earth wrote 46 bytes to ecology
[dna] earth wrote 83 bytes to ecology
[dna] earth wrote 19 bytes to ecology
[dna] earth wrote 55 bytes to ecology
[dna] earth wrote 44 bytes to ecology
[dna] earth wrote 76 bytes to ecology
[dna] earth wrote 98 bytes to ecology
[dna] earth wrote 38 bytes to ecology
[dna] earth wrote 53 bytes to ecology
[dna] earth wrote 83 bytes to ecology
[debug-onto] tick=500 corpus=173643 stage=2 freeze=0
[dna] earth wrote 93 bytes to ecology
[dna] earth wrote 74 bytes to ecology
[dna] earth wrote 37 bytes to ecology
[dna] earth wrote 97 bytes to ecology
[dna] earth wrote 108 bytes to ecology
[dna] earth wrote 124 bytes to ecology
[dna] earth wrote 45 bytes to ecology
[dna] earth wrote 85 bytes to ecology
[dna] earth wrote 32 bytes to ecology
[dna] earth wrote 165 bytes to ecology
[dna] earth wrote 42 bytes to ecology
[dna] earth wrote 58 bytes to ecology
[dna] earth wrote 196 bytes to ecology
[dna] earth wrote 89 bytes to ecology
[dna] earth wrote 17 bytes to ecology
[dna] earth wrote 76 bytes to ecology
[dna] earth wrote 33 bytes to ecology
[dna] earth wrote 19 bytes to ecology
[dna] earth wrote 103 bytes to ecology
[dna] earth wrote 170 bytes to ecology
[dna] earth wrote 116 bytes to ecology
[dna] earth wrote 45 bytes to ecology
[dna] earth wrote 50 bytes to ecology
[dna] earth wrote 69 bytes to ecology
[dna] earth wrote 27 bytes to ecology
[dna] earth wrote 84 bytes to ecology
[dna] earth wrote 110 bytes to ecology
[dna] earth wrote 51 bytes to ecology
[dna] earth wrote 68 bytes to ecology
[dna] earth wrote 79 bytes to ecology
[dna] earth wrote 110 bytes to ecology
[dna] earth wrote 210 bytes to ecology
[dna] earth wrote 41 bytes to ecology
[dna] earth wrote 47 bytes to ecology
[dna] earth wrote 113 bytes to ecology
[dna] earth wrote 102 bytes to ecology
[dna] earth wrote 89 bytes to ecology
[dna] earth wrote 202 bytes to ecology
[dna] earth wrote 237 bytes to ecology
[dna] earth wrote 21 bytes to ecology
[dna] earth wrote 142 bytes to ecology
[debug-onto] tick=550 corpus=173643 stage=2 freeze=0
[dna] earth wrote 55 bytes to ecology
[dna] earth wrote 81 bytes to ecology
[dna] earth wrote 59 bytes to ecology
[dna] earth wrote 57 bytes to ecology
[dna] earth wrote 54 bytes to ecology
[dna] earth wrote 33 bytes to ecology
[dna] earth wrote 36 bytes to ecology
[dna] earth wrote 48 bytes to ecology
[dna] earth wrote 52 bytes to ecology
[dna] earth wrote 128 bytes to ecology
[dna] earth wrote 86 bytes to ecology
[dna] earth wrote 84 bytes to ecology
[dna] earth wrote 49 bytes to ecology
[dna] earth wrote 50 bytes to ecology
[dna] earth wrote 76 bytes to ecology
[dna] earth wrote 27 bytes to ecology
[dna] earth wrote 37 bytes to ecology
[dna] earth wrote 35 bytes to ecology
[dna] earth wrote 42 bytes to ecology
[dna] earth wrote 89 bytes to ecology
[dna] earth wrote 98 bytes to ecology
[dna] earth wrote 67 bytes to ecology
[dna] earth wrote 110 bytes to ecology
[dna] earth wrote 39 bytes to ecology
[dna] earth wrote 54 bytes to ecology
[dna] earth wrote 96 bytes to ecology
[dna] earth wrote 47 bytes to ecology
[dna] earth wrote 185 bytes to ecology
[dna] earth wrote 36 bytes to ecology
[dna] earth wrote 40 bytes to ecology
[dna] earth wrote 40 bytes to ecology
[dna] earth wrote 64 bytes to ecology
[dna] earth wrote 172 bytes to ecology
[dna] earth wrote 138 bytes to ecology
[dna] earth wrote 120 bytes to ecology
[dna] earth wrote 84 bytes to ecology
[dna] earth wrote 26 bytes to ecology
[dna] earth wrote 65 bytes to ecology
[dna] earth wrote 42 bytes to ecology
[dna] earth wrote 43 bytes to ecology
[dna] earth wrote 32 bytes to ecology
[dna] earth wrote 55 bytes to ecology
[debug-onto] tick=600 corpus=173643 stage=2 freeze=0
[dna] earth wrote 46 bytes to ecology
[dna] earth wrote 92 bytes to ecology
[dna] earth wrote 43 bytes to ecology
[dna] earth wrote 48 bytes to ecology
[dna] earth wrote 58 bytes to ecology
[dna] earth wrote 90 bytes to ecology
[dna] earth wrote 32 bytes to ecology
[dna] earth wrote 116 bytes to ecology
[dna] earth wrote 68 bytes to ecology
[dna] earth wrote 52 bytes to ecology
[dna] earth wrote 111 bytes to ecology
[dna] earth wrote 52 bytes to ecology
[dna] earth wrote 32 bytes to ecology
[dna] earth wrote 53 bytes to ecology
[dna] earth wrote 52 bytes to ecology
[dna] earth wrote 82 bytes to ecology
[dna] earth wrote 84 bytes to ecology
[dna] earth wrote 144 bytes to ecology
[dna] earth wrote 21 bytes to ecology
[dna] earth wrote 128 bytes to ecology
[dna] earth wrote 44 bytes to ecology
[dna] earth wrote 111 bytes to ecology
[dna] earth wrote 130 bytes to ecology
[dna] earth wrote 129 bytes to ecology
[dna] earth wrote 27 bytes to ecology
[dna] earth wrote 30 bytes to ecology
[dna] earth wrote 42 bytes to ecology
[dna] earth wrote 43 bytes to ecology
[dna] earth wrote 38 bytes to ecology
[dna] earth wrote 48 bytes to ecology
[dna] earth wrote 93 bytes to ecology
[dna] earth wrote 52 bytes to ecology
[dna] earth wrote 95 bytes to ecology
[dna] earth wrote 39 bytes to ecology
[dna] earth wrote 34 bytes to ecology
[dna] earth wrote 26 bytes to ecology
[dna] earth wrote 177 bytes to ecology
[dna] earth wrote 19 bytes to ecology
[dna] earth wrote 62 bytes to ecology
[dna] earth wrote 27 bytes to ecology
[dna] earth wrote 33 bytes to ecology
[dna] earth wrote 45 bytes to ecology
[debug-onto] tick=650 corpus=173643 stage=2 freeze=0
[dna] earth wrote 78 bytes to ecology
[dna] earth wrote 67 bytes to ecology
[dna] earth wrote 137 bytes to ecology
[dna] earth wrote 40 bytes to ecology
[dna] earth wrote 21 bytes to ecology
[dna] earth wrote 102 bytes to ecology
[dna] earth wrote 27 bytes to ecology
[dna] earth wrote 69 bytes to ecology
[dna] earth wrote 105 bytes to ecology
[dna] earth wrote 115 bytes to ecology
[dna] earth wrote 154 bytes to ecology
[dna] earth wrote 68 bytes to ecology
[dna] earth wrote 107 bytes to ecology
[dna] earth wrote 40 bytes to ecology
[dna] earth wrote 97 bytes to ecology
[dna] earth wrote 91 bytes to ecology
[dna] earth wrote 15 bytes to ecology
[dna] earth wrote 36 bytes to ecology

[evolution] Organism shutting down gracefully.
