[ecology] Element: fire → corpus: nonames_fire.txt
[evolution] Autonomous evolution mode — organism will grow through all stages without pause.
[ecology] Joined swarm. 1 peer(s) detected.
molequla is alive. [evolution] Autonomous mode — background trainer running. Ctrl+C to stop.
[dna] fire wrote 145 bytes to ecology
[dna] fire consumed 32065 bytes from 496 files: [water/gen_1776236481_1.txt water/gen_1776236490_2.txt water/gen_1776236496_4.txt water/gen_1776236499_5.txt water/gen_1776236501_6.txt water/gen_1776236504_7.txt water/gen_1776236507_8.txt water/gen_1776236513_10.txt water/gen_1776236515_11.txt water/gen_1776236518_12.txt water/gen_1776236521_13.txt water/gen_1776236524_14.txt water/gen_1776236529_16.txt water/gen_1776236532_17.txt water/gen_1776236535_18.txt water/gen_1776236538_19.txt water/gen_1776236540_20.txt water/gen_1776236546_22.txt water/gen_1776236549_23.txt water/gen_1776236552_24.txt water/gen_1776236555_25.txt water/gen_1776236558_26.txt water/gen_1776236563_28.txt water/gen_1776236566_29.txt water/gen_1776236569_30.txt water/gen_1776236572_31.txt water/gen_1776236575_32.txt water/gen_1776236581_34.txt water/gen_1776236583_35.txt water/gen_1776236586_36.txt water/gen_1776236589_37.txt water/gen_1776236592_38.txt water/gen_1776236598_40.txt water/gen_1776236601_41.txt water/gen_1776236603_42.txt water/gen_1776236606_43.txt water/gen_1776236609_44.txt water/gen_1776236615_46.txt water/gen_1776236618_47.txt water/gen_1776236621_48.txt water/gen_1776236624_49.txt water/gen_1776236627_50.txt water/gen_1776236632_52.txt water/gen_1776236638_54.txt water/gen_1776236641_55.txt water/gen_1776236644_56.txt water/gen_1776236650_58.txt water/gen_1776236655_60.txt water/gen_1776236658_61.txt water/gen_1776236661_62.txt water/gen_1776236667_64.txt water/gen_1776236670_65.txt water/gen_1776236673_66.txt water/gen_1776236675_67.txt water/gen_1776236678_68.txt water/gen_1776236684_70.txt water/gen_1776236690_72.txt water/gen_1776236693_73.txt water/gen_1776236696_74.txt water/gen_1776236702_76.txt water/gen_1776236704_77.txt water/gen_1776236707_78.txt water/gen_1776236710_79.txt water/gen_1776236713_80.txt water/gen_1776236719_82.txt water/gen_1776236722_83.txt water/gen_1776236725_84.txt water/gen_1776236728_85.txt water/gen_1776236730_86.txt water/gen_1776236736_88.txt water/gen_1776236739_89.txt water/gen_1776236742_90.txt water/gen_1776236745_91.txt water/gen_1776236748_92.txt water/gen_1776236754_94.txt water/gen_1776236757_95.txt water/gen_1776236760_96.txt water/gen_1776236762_97.txt water/gen_1776236765_98.txt water/gen_1776236771_100.txt water/gen_1776236774_101.txt water/gen_1776236777_102.txt water/gen_1776236780_103.txt water/gen_1776236783_104.txt water/gen_1776236789_106.txt water/gen_1776236792_107.txt water/gen_1776236794_108.txt water/gen_1776236797_109.txt water/gen_1776236800_110.txt water/gen_1776236806_112.txt water/gen_1776236809_113.txt water/gen_1776236812_114.txt water/gen_1776236814_115.txt water/gen_1776236817_116.txt water/gen_1776236823_118.txt water/gen_1776236826_119.txt water/gen_1776236829_120.txt water/gen_1776236832_121.txt water/gen_1776236835_122.txt water/gen_1776236840_124.txt water/gen_1776236843_125.txt water/gen_1776236846_126.txt water/gen_1776236849_127.txt water/gen_1776236852_128.txt water/gen_1776236858_130.txt water/gen_1776236861_131.txt water/gen_1776236863_132.txt water/gen_1776236866_133.txt water/gen_1776236869_134.txt water/gen_1776236875_136.txt water/gen_1776236881_138.txt water/gen_1776236884_139.txt water/gen_1776236887_140.txt water/gen_1776236893_142.txt water/gen_1776236896_143.txt water/gen_1776236899_144.txt water/gen_1776236902_145.txt water/gen_1776236905_146.txt water/gen_1776236910_148.txt water/gen_1776236913_149.txt water/gen_1776236916_150.txt water/gen_1776236919_151.txt water/gen_1776236922_152.txt water/gen_1776236928_154.txt water/gen_1776236931_155.txt water/gen_1776236934_156.txt water/gen_1776236937_157.txt water/gen_1776236940_158.txt water/gen_1776236946_160.txt water/gen_1776236949_161.txt water/gen_1776236952_162.txt water/gen_1776236955_163.txt water/gen_1776236958_164.txt water/gen_1776236964_166.txt water/gen_1776236967_167.txt water/gen_1776236970_168.txt water/gen_1776236973_169.txt water/gen_1776236976_170.txt water/gen_1776236982_172.txt water/gen_1776236985_173.txt water/gen_1776236988_174.txt water/gen_1776236991_175.txt water/gen_1776236994_176.txt water/gen_1776237000_178.txt water/gen_1776237003_179.txt water/gen_1776237006_180.txt water/gen_1776237009_181.txt water/gen_1776237012_182.txt water/gen_1776237018_184.txt water/gen_1776237021_185.txt water/gen_1776237024_186.txt water/gen_1776237027_187.txt water/gen_1776237030_188.txt water/gen_1776237036_190.txt water/gen_1776237039_191.txt water/gen_1776237042_192.txt water/gen_1776237045_193.txt water/gen_1776237048_194.txt water/gen_1776237054_196.txt water/gen_1776237060_198.txt water/gen_1776237063_199.txt water/gen_1776237066_200.txt water/gen_1776237071_202.txt water/gen_1776237077_204.txt water/gen_1776237080_205.txt water/gen_1776237083_206.txt water/gen_1776237089_208.txt water/gen_1776237092_209.txt water/gen_1776237094_210.txt water/gen_1776237097_211.txt water/gen_1776237100_212.txt water/gen_1776237106_214.txt water/gen_1776237109_215.txt water/gen_1776237112_216.txt water/gen_1776237115_217.txt water/gen_1776237117_218.txt water/gen_1776237123_220.txt water/gen_1776237126_221.txt water/gen_1776237129_222.txt water/gen_1776237132_223.txt water/gen_1776237135_224.txt water/gen_1776237140_226.txt water/gen_1776237143_227.txt water/gen_1776237146_228.txt water/gen_1776237149_229.txt water/gen_1776237152_230.txt water/gen_1776237158_232.txt water/gen_1776237163_234.txt water/gen_1776237166_235.txt water/gen_1776237169_236.txt water/gen_1776237175_238.txt water/gen_1776237178_239.txt water/gen_1776237181_240.txt water/gen_1776237184_241.txt water/gen_1776237187_242.txt water/gen_1776237193_244.txt water/gen_1776237196_245.txt water/gen_1776237199_246.txt water/gen_1776237201_247.txt water/gen_1776237204_248.txt water/gen_1776237210_250.txt water/gen_1776237213_251.txt water/gen_1776237216_252.txt water/gen_1776237219_253.txt water/gen_1776237222_254.txt water/gen_1776237228_256.txt water/gen_1776237231_257.txt water/gen_1776237234_258.txt water/gen_1776237237_259.txt water/gen_1776237240_260.txt water/gen_1776237246_262.txt water/gen_1776237249_263.txt water/gen_1776237252_264.txt water/gen_1776237255_265.txt water/gen_1776237258_266.txt water/gen_1776237264_268.txt water/gen_1776237270_270.txt water/gen_1776237273_271.txt water/gen_1776237276_272.txt water/gen_1776237282_274.txt water/gen_1776237285_275.txt water/gen_1776237288_276.txt water/gen_1776237291_277.txt water/gen_1776237294_278.txt water/gen_1776237300_280.txt water/gen_1776237303_281.txt water/gen_1776237306_282.txt water/gen_1776237309_283.txt water/gen_1776237312_284.txt water/gen_1776237318_286.txt water/gen_1776237321_287.txt water/gen_1776237324_288.txt water/gen_1776237327_289.txt water/gen_1776237330_290.txt water/gen_1776237336_292.txt water/gen_1776237339_293.txt water/gen_1776237342_294.txt water/gen_1776237345_295.txt water/gen_1776237348_296.txt water/gen_1776237354_298.txt water/gen_1776237357_299.txt water/gen_1776237360_300.txt water/gen_1776237363_301.txt water/gen_1776237366_302.txt water/gen_1776237372_304.txt water/gen_1776237375_305.txt water/gen_1776237378_306.txt water/gen_1776237381_307.txt water/gen_1776237384_308.txt water/gen_1776237390_310.txt water/gen_1776237393_311.txt water/gen_1776237396_312.txt water/gen_1776237399_313.txt water/gen_1776237402_314.txt water/gen_1776237408_316.txt water/gen_1776237411_317.txt water/gen_1776237414_318.txt water/gen_1776237417_319.txt water/gen_1776237420_320.txt water/gen_1776237425_322.txt water/gen_1776237428_323.txt water/gen_1776237431_324.txt water/gen_1776237434_325.txt water/gen_1776237437_326.txt water/gen_1776237443_328.txt water/gen_1776237449_330.txt water/gen_1776237451_331.txt water/gen_1776237454_332.txt water/gen_1776237460_334.txt water/gen_1776237463_335.txt water/gen_1776237466_336.txt water/gen_1776237469_337.txt water/gen_1776237472_338.txt water/gen_1776237477_340.txt water/gen_1776237480_341.txt water/gen_1776237483_342.txt water/gen_1776237485_343.txt water/gen_1776237488_344.txt water/gen_1776237494_346.txt water/gen_1776237497_347.txt water/gen_1776237500_348.txt water/gen_1776237503_349.txt water/gen_1776237506_350.txt water/gen_1776237511_352.txt water/gen_1776237514_353.txt water/gen_1776237517_354.txt water/gen_1776237520_355.txt water/gen_1776237523_356.txt water/gen_1776237528_358.txt water/gen_1776237534_360.txt water/gen_1776237537_361.txt water/gen_1776237540_362.txt water/gen_1776237545_364.txt water/gen_1776237548_365.txt water/gen_1776237551_366.txt water/gen_1776237554_367.txt water/gen_1776237557_368.txt water/gen_1776237563_370.txt water/gen_1776237566_371.txt water/gen_1776237568_372.txt water/gen_1776237571_373.txt water/gen_1776237574_374.txt water/gen_1776237580_376.txt water/gen_1776237586_378.txt water/gen_1776237588_379.txt water/gen_1776237591_380.txt water/gen_1776237597_382.txt water/gen_1776237603_384.txt water/gen_1776237606_385.txt water/gen_1776237608_386.txt water/gen_1776237614_388.txt water/gen_1776237620_390.txt water/gen_1776237623_391.txt water/gen_1776237626_392.txt water/gen_1776237631_394.txt water/gen_1776237634_395.txt water/gen_1776237637_396.txt water/gen_1776237640_397.txt water/gen_1776237643_398.txt water/gen_1776237648_400.txt water/gen_1776237651_401.txt water/gen_1776237654_402.txt water/gen_1776237657_403.txt water/gen_1776237659_404.txt water/gen_1776237665_406.txt water/gen_1776237668_407.txt water/gen_1776237671_408.txt water/gen_1776237674_409.txt water/gen_1776237677_410.txt water/gen_1776237682_412.txt water/gen_1776237685_413.txt water/gen_1776237688_414.txt water/gen_1776237691_415.txt water/gen_1776237694_416.txt water/gen_1776237699_418.txt water/gen_1776237702_419.txt water/gen_1776237705_420.txt water/gen_1776237708_421.txt water/gen_1776237711_422.txt water/gen_1776237716_424.txt water/gen_1776237719_425.txt water/gen_1776237722_426.txt water/gen_1776237725_427.txt water/gen_1776237728_428.txt water/gen_1776237734_430.txt water/gen_1776237737_431.txt water/gen_1776237739_432.txt water/gen_1776237742_433.txt water/gen_1776237745_434.txt water/gen_1776237751_436.txt water/gen_1776237754_437.txt water/gen_1776237757_438.txt water/gen_1776237760_439.txt water/gen_1776237763_440.txt water/gen_1776237768_442.txt water/gen_1776237771_443.txt water/gen_1776237774_444.txt water/gen_1776237777_445.txt water/gen_1776237780_446.txt water/gen_1776237786_448.txt water/gen_1776237791_450.txt water/gen_1776237794_451.txt water/gen_1776237797_452.txt water/gen_1776237803_454.txt water/gen_1776237806_455.txt water/gen_1776237809_456.txt water/gen_1776237812_457.txt water/gen_1776237815_458.txt water/gen_1776237820_460.txt water/gen_1776237823_461.txt water/gen_1776237826_462.txt water/gen_1776237829_463.txt water/gen_1776237832_464.txt water/gen_1776237838_466.txt water/gen_1776237841_467.txt water/gen_1776237844_468.txt water/gen_1776237847_469.txt water/gen_1776237850_470.txt water/gen_1776237856_472.txt water/gen_1776237859_473.txt water/gen_1776237861_474.txt water/gen_1776237864_475.txt water/gen_1776237867_476.txt water/gen_1776237873_478.txt water/gen_1776237876_479.txt water/gen_1776237878_480.txt water/gen_1776237881_481.txt water/gen_1776237884_482.txt water/gen_1776237890_484.txt water/gen_1776237893_485.txt water/gen_1776237896_486.txt water/gen_1776237898_487.txt water/gen_1776237901_488.txt water/gen_1776237907_490.txt water/gen_1776237910_491.txt water/gen_1776237913_492.txt water/gen_1776237915_493.txt water/gen_1776237918_494.txt water/gen_1776237924_496.txt water/gen_1776237927_497.txt water/gen_1776237930_498.txt water/gen_1776237932_499.txt water/gen_1776237935_500.txt water/gen_1776237941_502.txt water/gen_1776237944_503.txt water/gen_1776237946_504.txt water/gen_1776237949_505.txt water/gen_1776237952_506.txt water/gen_1776237957_508.txt water/gen_1776237960_509.txt water/gen_1776237963_510.txt water/gen_1776237966_511.txt water/gen_1776237969_512.txt water/gen_1776237974_514.txt water/gen_1776237977_515.txt water/gen_1776237980_516.txt water/gen_1776237982_517.txt water/gen_1776237985_518.txt water/gen_1776237991_520.txt water/gen_1776237994_521.txt water/gen_1776237996_522.txt water/gen_1776237999_523.txt water/gen_1776238002_524.txt water/gen_1776238007_526.txt water/gen_1776238010_527.txt water/gen_1776238013_528.txt water/gen_1776238016_529.txt water/gen_1776238018_530.txt water/gen_1776238024_532.txt water/gen_1776238027_533.txt water/gen_1776238030_534.txt water/gen_1776238032_535.txt water/gen_1776238035_536.txt water/gen_1776238041_538.txt water/gen_1776238046_540.txt water/gen_1776238049_541.txt water/gen_1776238052_542.txt water/gen_1776238057_544.txt water/gen_1776238063_546.txt water/gen_1776238066_547.txt water/gen_1776238068_548.txt water/gen_1776238074_550.txt water/gen_1776238077_551.txt water/gen_1776238080_552.txt water/gen_1776238082_553.txt water/gen_1776238085_554.txt water/gen_1776238091_556.txt water/gen_1776238094_557.txt water/gen_1776238097_558.txt water/gen_1776238100_559.txt water/gen_1776238102_560.txt water/gen_1776238108_562.txt water/gen_1776238114_564.txt water/gen_1776238117_565.txt water/gen_1776238120_566.txt water/gen_1776238126_568.txt water/gen_1776238129_569.txt water/gen_1776238132_570.txt water/gen_1776238135_571.txt water/gen_1776238138_572.txt water/gen_1776238144_574.txt water/gen_1776238147_575.txt water/gen_1776238150_576.txt water/gen_1776238153_577.txt water/gen_1776238156_578.txt water/gen_1776238162_580.txt water/gen_1776238168_582.txt water/gen_1776238170_583.txt water/gen_1776238173_584.txt water/gen_1776238179_586.txt water/gen_1776238182_587.txt water/gen_1776238185_588.txt water/gen_1776238188_589.txt water/gen_1776238191_590.txt water/gen_1776238197_592.txt water/gen_1776238202_594.txt water/gen_1776238205_595.txt water/gen_1776238208_596.txt water/gen_1776238214_598.txt water/gen_1776238217_599.txt water/gen_1776238220_600.txt water/gen_1776238223_601.txt water/gen_1776238226_602.txt water/gen_1776238231_604.txt water/gen_1776238234_605.txt water/gen_1776238237_606.txt water/gen_1776238240_607.txt water/gen_1776238243_608.txt water/gen_1776238249_610.txt water/gen_1776238252_611.txt water/gen_1776238255_612.txt water/gen_1776238257_613.txt water/gen_1776238260_614.txt water/gen_1776238266_616.txt water/gen_1776238272_618.txt water/gen_1776238274_619.txt]
[trainer] micro-train burst (32065 bytes, novelty 0.02) — and lo, it feeds again.
[syntropy] action=explore | trend=0.0000 | field_dev=0.065 | purpose_align=0.051 | lr_mul=1.30
[aml] burst complete: 32 steps, avg loss 1.8880 (memory freed)
[trainer] growing new delta module (total: 2) — new soul appended.
[dna] fire wrote 16 bytes to ecology
[dna] fire wrote 220 bytes to ecology
[dna] fire wrote 20 bytes to ecology
[dna] fire wrote 27 bytes to ecology
[dna] fire wrote 17 bytes to ecology
[dna] fire wrote 105 bytes to ecology
[dna] fire wrote 33 bytes to ecology
[dna] fire wrote 245 bytes to ecology
[dna] fire wrote 64 bytes to ecology
[dna] fire wrote 60 bytes to ecology
[dna] fire wrote 93 bytes to ecology
[dna] fire wrote 103 bytes to ecology
[dna] fire wrote 8 bytes to ecology
[dna] fire wrote 98 bytes to ecology
[dna] fire wrote 27 bytes to ecology
[dna] fire wrote 45 bytes to ecology
[dna] fire wrote 169 bytes to ecology
[dna] fire wrote 75 bytes to ecology
[dna] fire wrote 54 bytes to ecology
[dna] fire wrote 32 bytes to ecology
[dna] fire wrote 107 bytes to ecology
[dna] fire wrote 179 bytes to ecology
[dna] fire wrote 75 bytes to ecology
[dna] fire wrote 163 bytes to ecology
[dna] fire wrote 97 bytes to ecology
[dna] fire wrote 51 bytes to ecology
[dna] fire wrote 74 bytes to ecology
[dna] fire wrote 24 bytes to ecology
[dna] fire wrote 42 bytes to ecology
[dna] fire wrote 149 bytes to ecology
[dna] fire wrote 111 bytes to ecology
[dna] fire wrote 27 bytes to ecology
[dna] fire wrote 61 bytes to ecology
[debug-onto] tick=50 corpus=154461 stage=2 freeze=0
[dna] fire wrote 18 bytes to ecology
[dna] fire wrote 49 bytes to ecology
[dna] fire wrote 44 bytes to ecology
[dna] fire wrote 53 bytes to ecology
[dna] fire wrote 70 bytes to ecology
[dna] fire wrote 77 bytes to ecology
[dna] fire wrote 63 bytes to ecology
[dna] fire wrote 28 bytes to ecology
[dna] fire wrote 57 bytes to ecology
[dna] fire wrote 71 bytes to ecology
[dna] fire wrote 59 bytes to ecology
[dna] fire wrote 71 bytes to ecology
[dna] fire wrote 63 bytes to ecology
[dna] fire wrote 64 bytes to ecology
[dna] fire wrote 30 bytes to ecology
[dna] fire wrote 77 bytes to ecology
[dna] fire wrote 36 bytes to ecology
[dna] fire wrote 78 bytes to ecology
[dna] fire wrote 66 bytes to ecology
[dna] fire wrote 38 bytes to ecology
[dna] fire wrote 53 bytes to ecology
[dna] fire wrote 73 bytes to ecology
[dna] fire wrote 101 bytes to ecology
[dna] fire wrote 35 bytes to ecology
[dna] fire wrote 169 bytes to ecology
[dna] fire wrote 30 bytes to ecology
[dna] fire wrote 13 bytes to ecology
[dna] fire wrote 35 bytes to ecology
[dna] fire wrote 43 bytes to ecology
[dna] fire wrote 50 bytes to ecology
[dna] fire wrote 77 bytes to ecology
[dna] fire wrote 36 bytes to ecology
[dna] fire wrote 57 bytes to ecology
[debug-onto] tick=100 corpus=154461 stage=2 freeze=0
[dna] fire wrote 57 bytes to ecology
[dna] fire wrote 44 bytes to ecology
[dna] fire wrote 12 bytes to ecology
[dna] fire wrote 70 bytes to ecology
[dna] fire wrote 26 bytes to ecology
[dna] fire wrote 38 bytes to ecology
[dna] fire wrote 35 bytes to ecology
[dna] fire wrote 84 bytes to ecology
[dna] fire wrote 29 bytes to ecology
[dna] fire wrote 83 bytes to ecology
[dna] fire wrote 68 bytes to ecology
[dna] fire wrote 141 bytes to ecology
[dna] fire wrote 27 bytes to ecology
[dna] fire wrote 57 bytes to ecology
[dna] fire wrote 46 bytes to ecology
[dna] fire wrote 61 bytes to ecology
[dna] fire wrote 42 bytes to ecology
[dna] fire wrote 50 bytes to ecology
[dna] fire wrote 38 bytes to ecology
[dna] fire wrote 192 bytes to ecology
[dna] fire wrote 40 bytes to ecology
[dna] fire wrote 204 bytes to ecology
[dna] fire wrote 43 bytes to ecology
[dna] fire wrote 11 bytes to ecology
[dna] fire wrote 25 bytes to ecology
[dna] fire wrote 23 bytes to ecology
[dna] fire wrote 53 bytes to ecology
[dna] fire wrote 30 bytes to ecology
[dna] fire wrote 230 bytes to ecology
[dna] fire wrote 48 bytes to ecology
[dna] fire wrote 39 bytes to ecology
[dna] fire wrote 51 bytes to ecology
[dna] fire wrote 18 bytes to ecology
[debug-onto] tick=150 corpus=154461 stage=2 freeze=0
[dna] fire wrote 37 bytes to ecology
[dna] fire wrote 5 bytes to ecology
[dna] fire wrote 58 bytes to ecology
[dna] fire wrote 139 bytes to ecology
[dna] fire wrote 79 bytes to ecology
[dna] fire wrote 75 bytes to ecology
[dna] fire wrote 139 bytes to ecology
[dna] fire wrote 93 bytes to ecology
[dna] fire wrote 193 bytes to ecology
[dna] fire wrote 111 bytes to ecology
[dna] fire wrote 88 bytes to ecology
[dna] fire wrote 31 bytes to ecology
[dna] fire wrote 41 bytes to ecology
[dna] fire wrote 15 bytes to ecology
[dna] fire wrote 25 bytes to ecology
[dna] fire wrote 118 bytes to ecology
[dna] fire wrote 80 bytes to ecology
[dna] fire wrote 23 bytes to ecology
[dna] fire wrote 76 bytes to ecology
[dna] fire wrote 25 bytes to ecology
[dna] fire wrote 87 bytes to ecology
[dna] fire wrote 128 bytes to ecology
[dna] fire wrote 21 bytes to ecology
[dna] fire wrote 32 bytes to ecology
[dna] fire wrote 33 bytes to ecology
[dna] fire wrote 110 bytes to ecology
[dna] fire wrote 29 bytes to ecology
[dna] fire wrote 58 bytes to ecology
[dna] fire wrote 65 bytes to ecology
[dna] fire wrote 45 bytes to ecology
[dna] fire wrote 107 bytes to ecology
[dna] fire wrote 32 bytes to ecology
[dna] fire wrote 51 bytes to ecology
[dna] fire wrote 20 bytes to ecology
[debug-onto] tick=200 corpus=154461 stage=2 freeze=0
[dna] fire wrote 127 bytes to ecology
[dna] fire wrote 46 bytes to ecology
[dna] fire wrote 42 bytes to ecology
[dna] fire wrote 38 bytes to ecology
[dna] fire wrote 61 bytes to ecology
[dna] fire wrote 89 bytes to ecology
[dna] fire wrote 77 bytes to ecology
[dna] fire wrote 18 bytes to ecology
[dna] fire wrote 37 bytes to ecology
[dna] fire wrote 35 bytes to ecology
[dna] fire wrote 149 bytes to ecology
[dna] fire wrote 28 bytes to ecology
[dna] fire wrote 47 bytes to ecology
[dna] fire wrote 12 bytes to ecology
[dna] fire wrote 216 bytes to ecology
[dna] fire wrote 25 bytes to ecology
[dna] fire wrote 35 bytes to ecology
[dna] fire wrote 77 bytes to ecology
[dna] fire wrote 58 bytes to ecology
[dna] fire wrote 38 bytes to ecology
[dna] fire wrote 40 bytes to ecology
[dna] fire wrote 63 bytes to ecology
[dna] fire wrote 110 bytes to ecology
[dna] fire wrote 31 bytes to ecology
[dna] fire wrote 19 bytes to ecology
[dna] fire wrote 39 bytes to ecology
[dna] fire wrote 154 bytes to ecology
[dna] fire wrote 37 bytes to ecology
[dna] fire wrote 12 bytes to ecology
[dna] fire wrote 65 bytes to ecology
[dna] fire wrote 33 bytes to ecology
[dna] fire wrote 85 bytes to ecology
[dna] fire wrote 26 bytes to ecology
[debug-onto] tick=250 corpus=154461 stage=2 freeze=0
[dna] fire wrote 37 bytes to ecology
[dna] fire wrote 26 bytes to ecology
[dna] fire wrote 27 bytes to ecology
[dna] fire wrote 23 bytes to ecology
[dna] fire wrote 39 bytes to ecology
[dna] fire wrote 38 bytes to ecology
[dna] fire wrote 95 bytes to ecology
[dna] fire wrote 119 bytes to ecology
[dna] fire wrote 31 bytes to ecology
[dna] fire wrote 54 bytes to ecology
[dna] fire wrote 101 bytes to ecology
[dna] fire wrote 95 bytes to ecology
[dna] fire wrote 91 bytes to ecology
[dna] fire wrote 57 bytes to ecology
[dna] fire wrote 111 bytes to ecology
[dna] fire wrote 33 bytes to ecology
[dna] fire wrote 96 bytes to ecology
[dna] fire wrote 91 bytes to ecology
[dna] fire wrote 37 bytes to ecology
[dna] fire wrote 32 bytes to ecology
[dna] fire wrote 73 bytes to ecology
[dna] fire wrote 79 bytes to ecology
[dna] fire wrote 54 bytes to ecology
[dna] fire wrote 25 bytes to ecology
[dna] fire wrote 89 bytes to ecology
[dna] fire wrote 65 bytes to ecology
[dna] fire wrote 49 bytes to ecology
[dna] fire wrote 35 bytes to ecology
[dna] fire wrote 79 bytes to ecology
[dna] fire wrote 77 bytes to ecology
[dna] fire wrote 23 bytes to ecology
[dna] fire wrote 39 bytes to ecology
[dna] fire wrote 39 bytes to ecology
[debug-onto] tick=300 corpus=154461 stage=2 freeze=0
[dna] fire wrote 174 bytes to ecology
[dna] fire wrote 30 bytes to ecology
[dna] fire wrote 38 bytes to ecology
[dna] fire wrote 40 bytes to ecology
[dna] fire wrote 72 bytes to ecology
[dna] fire wrote 47 bytes to ecology
[dna] fire wrote 41 bytes to ecology
[dna] fire wrote 29 bytes to ecology
[dna] fire wrote 66 bytes to ecology
[dna] fire wrote 141 bytes to ecology
[dna] fire wrote 66 bytes to ecology
[dna] fire wrote 28 bytes to ecology
[dna] fire wrote 58 bytes to ecology
[dna] fire wrote 14 bytes to ecology
[dna] fire wrote 22 bytes to ecology
[dna] fire wrote 78 bytes to ecology
[dna] fire wrote 43 bytes to ecology
[dna] fire wrote 18 bytes to ecology
[dna] fire wrote 31 bytes to ecology
[dna] fire wrote 49 bytes to ecology
[dna] fire wrote 131 bytes to ecology
[dna] fire wrote 22 bytes to ecology
[dna] fire wrote 86 bytes to ecology
[dna] fire wrote 72 bytes to ecology
[dna] fire wrote 68 bytes to ecology
[dna] fire wrote 53 bytes to ecology
[dna] fire wrote 80 bytes to ecology
[dna] fire wrote 39 bytes to ecology
[dna] fire wrote 101 bytes to ecology
[dna] fire wrote 26 bytes to ecology
[dna] fire wrote 60 bytes to ecology
[dna] fire wrote 17 bytes to ecology
[dna] fire wrote 127 bytes to ecology
[dna] fire wrote 30 bytes to ecology
[debug-onto] tick=350 corpus=154461 stage=2 freeze=0
[dna] fire wrote 49 bytes to ecology
[dna] fire wrote 120 bytes to ecology
[dna] fire wrote 34 bytes to ecology
[dna] fire wrote 20 bytes to ecology
[dna] fire wrote 20 bytes to ecology
[dna] fire wrote 15 bytes to ecology
[dna] fire wrote 77 bytes to ecology
[dna] fire wrote 123 bytes to ecology
[dna] fire wrote 103 bytes to ecology
[dna] fire wrote 38 bytes to ecology
[dna] fire wrote 29 bytes to ecology
[dna] fire wrote 42 bytes to ecology
[dna] fire wrote 31 bytes to ecology
[dna] fire wrote 151 bytes to ecology
[dna] fire wrote 38 bytes to ecology
[dna] fire wrote 45 bytes to ecology
[dna] fire wrote 94 bytes to ecology
[dna] fire wrote 64 bytes to ecology
[dna] fire wrote 39 bytes to ecology
[dna] fire wrote 41 bytes to ecology
[dna] fire wrote 109 bytes to ecology
[dna] fire wrote 27 bytes to ecology
[dna] fire wrote 31 bytes to ecology
[dna] fire wrote 45 bytes to ecology
[dna] fire wrote 75 bytes to ecology
[dna] fire wrote 31 bytes to ecology
[dna] fire wrote 75 bytes to ecology
[dna] fire wrote 101 bytes to ecology
[dna] fire wrote 61 bytes to ecology
[dna] fire wrote 27 bytes to ecology
[dna] fire wrote 47 bytes to ecology
[dna] fire wrote 148 bytes to ecology
[dna] fire wrote 38 bytes to ecology
[debug-onto] tick=400 corpus=154461 stage=2 freeze=0
[dna] fire wrote 47 bytes to ecology
[dna] fire wrote 10 bytes to ecology
[dna] fire wrote 43 bytes to ecology
[dna] fire wrote 69 bytes to ecology
[dna] fire wrote 13 bytes to ecology
[dna] fire wrote 93 bytes to ecology
[dna] fire wrote 19 bytes to ecology
[dna] fire wrote 72 bytes to ecology
[dna] fire wrote 56 bytes to ecology
[dna] fire wrote 66 bytes to ecology
[dna] fire wrote 27 bytes to ecology
[dna] fire wrote 145 bytes to ecology
[dna] fire wrote 137 bytes to ecology
[dna] fire wrote 100 bytes to ecology
[dna] fire wrote 131 bytes to ecology
[dna] fire wrote 110 bytes to ecology
[dna] fire wrote 63 bytes to ecology
[dna] fire wrote 87 bytes to ecology
[dna] fire wrote 67 bytes to ecology
[dna] fire wrote 29 bytes to ecology
[dna] fire wrote 27 bytes to ecology
[dna] fire wrote 43 bytes to ecology
[dna] fire wrote 56 bytes to ecology
[dna] fire wrote 129 bytes to ecology
[dna] fire wrote 43 bytes to ecology
[dna] fire wrote 77 bytes to ecology
[dna] fire wrote 85 bytes to ecology
[dna] fire wrote 31 bytes to ecology
[dna] fire wrote 172 bytes to ecology
[dna] fire wrote 29 bytes to ecology
[dna] fire wrote 57 bytes to ecology
[dna] fire wrote 55 bytes to ecology
[dna] fire wrote 91 bytes to ecology
[debug-onto] tick=450 corpus=154461 stage=2 freeze=0
[dna] fire wrote 33 bytes to ecology
[dna] fire wrote 57 bytes to ecology
[dna] fire wrote 28 bytes to ecology
[dna] fire wrote 28 bytes to ecology
[dna] fire wrote 52 bytes to ecology
[dna] fire wrote 50 bytes to ecology
[dna] fire wrote 51 bytes to ecology
[dna] fire wrote 8 bytes to ecology
[dna] fire wrote 38 bytes to ecology
[dna] fire wrote 76 bytes to ecology
[dna] fire wrote 61 bytes to ecology
[dna] fire wrote 121 bytes to ecology
[dna] fire wrote 58 bytes to ecology
[dna] fire wrote 42 bytes to ecology
[dna] fire wrote 27 bytes to ecology
[dna] fire wrote 57 bytes to ecology
[dna] fire wrote 98 bytes to ecology
[dna] fire wrote 113 bytes to ecology
[dna] fire wrote 69 bytes to ecology
[dna] fire wrote 37 bytes to ecology
[dna] fire wrote 68 bytes to ecology
[dna] fire wrote 56 bytes to ecology
[dna] fire wrote 41 bytes to ecology
[dna] fire wrote 39 bytes to ecology
[dna] fire wrote 33 bytes to ecology
[dna] fire wrote 13 bytes to ecology
[dna] fire wrote 70 bytes to ecology
[dna] fire wrote 42 bytes to ecology
[dna] fire wrote 8 bytes to ecology
[dna] fire wrote 68 bytes to ecology
[dna] fire wrote 50 bytes to ecology
[dna] fire wrote 93 bytes to ecology
[dna] fire wrote 36 bytes to ecology
[dna] fire wrote 80 bytes to ecology
[debug-onto] tick=500 corpus=154461 stage=2 freeze=0
[dna] fire wrote 127 bytes to ecology
[dna] fire wrote 88 bytes to ecology
[dna] fire wrote 65 bytes to ecology
[dna] fire wrote 14 bytes to ecology
[dna] fire wrote 33 bytes to ecology
[dna] fire wrote 59 bytes to ecology
[dna] fire wrote 58 bytes to ecology
[dna] fire wrote 41 bytes to ecology
[dna] fire wrote 60 bytes to ecology
[dna] fire wrote 35 bytes to ecology
[dna] fire wrote 78 bytes to ecology
[dna] fire wrote 39 bytes to ecology
[dna] fire wrote 71 bytes to ecology
[dna] fire wrote 161 bytes to ecology
[dna] fire wrote 125 bytes to ecology
[dna] fire wrote 47 bytes to ecology
[dna] fire wrote 67 bytes to ecology
[dna] fire wrote 99 bytes to ecology
[dna] fire wrote 46 bytes to ecology
[dna] fire wrote 111 bytes to ecology
[dna] fire wrote 79 bytes to ecology
[dna] fire wrote 269 bytes to ecology
[dna] fire wrote 59 bytes to ecology
[dna] fire wrote 30 bytes to ecology
[dna] fire wrote 32 bytes to ecology
[dna] fire wrote 22 bytes to ecology
[dna] fire wrote 40 bytes to ecology
[dna] fire wrote 41 bytes to ecology
[dna] fire wrote 45 bytes to ecology
[dna] fire wrote 32 bytes to ecology
[dna] fire wrote 84 bytes to ecology
[dna] fire wrote 53 bytes to ecology
[dna] fire wrote 51 bytes to ecology
[debug-onto] tick=550 corpus=154461 stage=2 freeze=0
[dna] fire wrote 72 bytes to ecology
[dna] fire wrote 113 bytes to ecology
[dna] fire wrote 132 bytes to ecology
[dna] fire wrote 31 bytes to ecology
[dna] fire wrote 91 bytes to ecology
[dna] fire wrote 58 bytes to ecology
[dna] fire wrote 64 bytes to ecology
[dna] fire wrote 58 bytes to ecology
[dna] fire wrote 11 bytes to ecology
[dna] fire wrote 133 bytes to ecology
[dna] fire wrote 115 bytes to ecology
[dna] fire wrote 85 bytes to ecology
[dna] fire wrote 22 bytes to ecology
[dna] fire wrote 16 bytes to ecology
[dna] fire wrote 24 bytes to ecology
[dna] fire wrote 124 bytes to ecology
[dna] fire wrote 55 bytes to ecology
[dna] fire wrote 93 bytes to ecology
[dna] fire wrote 51 bytes to ecology
[dna] fire wrote 16 bytes to ecology
[dna] fire wrote 95 bytes to ecology
[dna] fire wrote 39 bytes to ecology
[dna] fire wrote 35 bytes to ecology
[dna] fire wrote 128 bytes to ecology
[dna] fire wrote 33 bytes to ecology
[dna] fire wrote 54 bytes to ecology
[dna] fire wrote 105 bytes to ecology
[dna] fire wrote 118 bytes to ecology
[dna] fire wrote 121 bytes to ecology
[dna] fire wrote 51 bytes to ecology
[dna] fire wrote 64 bytes to ecology
[dna] fire wrote 93 bytes to ecology
[dna] fire wrote 86 bytes to ecology
[debug-onto] tick=600 corpus=154461 stage=2 freeze=0
[dna] fire wrote 33 bytes to ecology
[dna] fire wrote 101 bytes to ecology
[dna] fire wrote 46 bytes to ecology

[evolution] Organism shutting down gracefully.
