[ecology] Element: water → corpus: nonames_water.txt
[evolution] Autonomous evolution mode — organism will grow through all stages without pause.
[ecology] Joined swarm. 1 peer(s) detected.
molequla is alive. [evolution] Autonomous mode — background trainer running. Ctrl+C to stop.
[dna] water wrote 45 bytes to ecology
[dna] water consumed 21152 bytes from 323 files: [air/gen_1776234680_1.txt air/gen_1776234701_4.txt air/gen_1776234711_7.txt air/gen_1776234714_8.txt air/gen_1776234720_10.txt air/gen_1776234730_13.txt air/gen_1776234734_14.txt air/gen_1776234740_16.txt air/gen_1776234750_19.txt air/gen_1776234754_20.txt air/gen_1776234757_21.txt air/gen_1776234760_22.txt air/gen_1776234770_25.txt air/gen_1776234773_26.txt air/gen_1776234776_27.txt air/gen_1776234780_28.txt air/gen_1776234789_31.txt air/gen_1776234793_32.txt air/gen_1776234796_33.txt air/gen_1776234799_34.txt air/gen_1776234808_37.txt air/gen_1776234812_38.txt air/gen_1776234815_39.txt air/gen_1776234818_40.txt air/gen_1776234828_43.txt air/gen_1776234832_44.txt air/gen_1776234835_45.txt air/gen_1776234838_46.txt air/gen_1776234849_49.txt air/gen_1776234852_50.txt air/gen_1776234856_51.txt air/gen_1776234859_52.txt air/gen_1776234869_55.txt air/gen_1776234872_56.txt air/gen_1776234879_58.txt air/gen_1776234888_61.txt air/gen_1776234891_62.txt air/gen_1776234897_64.txt air/gen_1776234907_67.txt air/gen_1776234910_68.txt air/gen_1776234916_70.txt air/gen_1776234925_73.txt air/gen_1776234928_74.txt air/gen_1776234935_76.txt air/gen_1776234944_79.txt air/gen_1776234947_80.txt air/gen_1776234951_81.txt air/gen_1776234954_82.txt air/gen_1776234963_85.txt air/gen_1776234966_86.txt air/gen_1776234972_88.txt air/gen_1776234982_91.txt air/gen_1776234985_92.txt air/gen_1776234988_93.txt air/gen_1776234991_94.txt air/gen_1776235001_97.txt air/gen_1776235004_98.txt air/gen_1776235010_100.txt air/gen_1776235019_103.txt air/gen_1776235022_104.txt air/gen_1776235026_105.txt air/gen_1776235029_106.txt air/gen_1776235038_109.txt air/gen_1776235041_110.txt air/gen_1776235044_111.txt air/gen_1776235047_112.txt air/gen_1776235057_115.txt air/gen_1776235060_116.txt air/gen_1776235066_118.txt air/gen_1776235076_121.txt air/gen_1776235079_122.txt air/gen_1776235082_123.txt air/gen_1776235085_124.txt air/gen_1776235094_127.txt air/gen_1776235098_128.txt air/gen_1776235104_130.txt air/gen_1776235113_133.txt air/gen_1776235116_134.txt air/gen_1776235123_136.txt air/gen_1776235132_139.txt air/gen_1776235135_140.txt air/gen_1776235141_142.txt air/gen_1776235151_145.txt air/gen_1776235154_146.txt air/gen_1776235157_147.txt air/gen_1776235160_148.txt air/gen_1776235169_151.txt air/gen_1776235172_152.txt air/gen_1776235178_154.txt air/gen_1776235188_157.txt air/gen_1776235191_158.txt air/gen_1776235197_160.txt air/gen_1776235206_163.txt air/gen_1776235209_164.txt air/gen_1776235216_166.txt air/gen_1776235225_169.txt air/gen_1776235228_170.txt air/gen_1776235231_171.txt air/gen_1776235234_172.txt air/gen_1776235243_175.txt air/gen_1776235247_176.txt air/gen_1776235253_178.txt air/gen_1776235262_181.txt air/gen_1776235266_182.txt air/gen_1776235272_184.txt air/gen_1776235281_187.txt air/gen_1776235285_188.txt air/gen_1776235291_190.txt air/gen_1776235300_193.txt air/gen_1776235303_194.txt air/gen_1776235309_196.txt air/gen_1776235319_199.txt air/gen_1776235322_200.txt air/gen_1776235328_202.txt air/gen_1776235337_205.txt air/gen_1776235340_206.txt air/gen_1776235347_208.txt air/gen_1776235356_211.txt air/gen_1776235359_212.txt air/gen_1776235365_214.txt air/gen_1776235374_217.txt air/gen_1776235377_218.txt air/gen_1776235380_219.txt air/gen_1776235383_220.txt air/gen_1776235392_223.txt air/gen_1776235395_224.txt air/gen_1776235401_226.txt air/gen_1776235408_228.txt air/gen_1776235411_229.txt air/gen_1776235414_230.txt air/gen_1776235417_231.txt air/gen_1776235420_232.txt air/gen_1776235429_235.txt air/gen_1776235432_236.txt air/gen_1776235438_238.txt air/gen_1776235445_240.txt air/gen_1776235448_241.txt air/gen_1776235451_242.txt air/gen_1776235457_244.txt air/gen_1776235467_247.txt air/gen_1776235470_248.txt air/gen_1776235473_249.txt air/gen_1776235476_250.txt air/gen_1776235482_252.txt air/gen_1776235485_253.txt air/gen_1776235489_254.txt air/gen_1776235495_256.txt air/gen_1776235504_259.txt air/gen_1776235507_260.txt air/gen_1776235513_262.txt air/gen_1776235522_265.txt air/gen_1776235525_266.txt air/gen_1776235532_268.txt air/gen_1776235541_271.txt air/gen_1776235544_272.txt air/gen_1776235551_274.txt air/gen_1776235560_277.txt air/gen_1776235563_278.txt air/gen_1776235566_279.txt air/gen_1776235569_280.txt air/gen_1776235579_283.txt air/gen_1776235582_284.txt air/gen_1776235588_286.txt air/gen_1776235598_289.txt air/gen_1776235601_290.txt air/gen_1776235607_292.txt air/gen_1776235613_294.txt air/gen_1776235616_295.txt air/gen_1776235619_296.txt air/gen_1776235626_298.txt air/gen_1776235635_301.txt air/gen_1776235638_302.txt air/gen_1776235644_304.txt air/gen_1776235654_307.txt air/gen_1776235657_308.txt air/gen_1776235663_310.txt air/gen_1776235672_313.txt air/gen_1776235675_314.txt air/gen_1776235682_316.txt air/gen_1776235691_319.txt air/gen_1776235694_320.txt air/gen_1776235697_321.txt air/gen_1776235700_322.txt air/gen_1776235709_325.txt air/gen_1776235712_326.txt air/gen_1776235715_327.txt air/gen_1776235718_328.txt air/gen_1776235728_331.txt air/gen_1776235731_332.txt air/gen_1776235737_334.txt air/gen_1776235746_337.txt air/gen_1776235749_338.txt air/gen_1776235756_340.txt air/gen_1776235765_343.txt air/gen_1776235768_344.txt air/gen_1776235771_345.txt air/gen_1776235774_346.txt air/gen_1776235783_349.txt air/gen_1776235786_350.txt air/gen_1776235792_352.txt air/gen_1776235802_355.txt air/gen_1776235805_356.txt air/gen_1776235808_357.txt air/gen_1776235811_358.txt air/gen_1776235821_361.txt air/gen_1776235824_362.txt air/gen_1776235830_364.txt air/gen_1776235839_367.txt air/gen_1776235842_368.txt air/gen_1776235845_369.txt air/gen_1776235848_370.txt air/gen_1776235855_372.txt air/gen_1776235858_373.txt air/gen_1776235861_374.txt air/gen_1776235867_376.txt air/gen_1776235877_379.txt air/gen_1776235880_380.txt air/gen_1776235886_382.txt air/gen_1776235896_385.txt air/gen_1776235899_386.txt air/gen_1776235905_388.txt air/gen_1776235914_391.txt air/gen_1776235917_392.txt air/gen_1776235923_394.txt air/gen_1776235933_397.txt air/gen_1776235936_398.txt air/gen_1776235939_399.txt air/gen_1776235942_400.txt air/gen_1776235951_403.txt air/gen_1776235955_404.txt air/gen_1776235961_406.txt air/gen_1776235970_409.txt air/gen_1776235973_410.txt air/gen_1776235976_411.txt air/gen_1776235980_412.txt air/gen_1776235989_415.txt air/gen_1776235992_416.txt air/gen_1776235999_418.txt air/gen_1776236008_421.txt air/gen_1776236011_422.txt air/gen_1776236018_424.txt air/gen_1776236027_427.txt air/gen_1776236030_428.txt air/gen_1776236033_429.txt air/gen_1776236036_430.txt air/gen_1776236046_433.txt air/gen_1776236049_434.txt air/gen_1776236055_436.txt air/gen_1776236061_438.txt air/gen_1776236064_439.txt air/gen_1776236067_440.txt air/gen_1776236073_442.txt air/gen_1776236083_445.txt air/gen_1776236086_446.txt air/gen_1776236092_448.txt air/gen_1776236101_451.txt air/gen_1776236104_452.txt air/gen_1776236110_454.txt air/gen_1776236120_457.txt air/gen_1776236123_458.txt air/gen_1776236129_460.txt air/gen_1776236135_462.txt air/gen_1776236138_463.txt air/gen_1776236141_464.txt air/gen_1776236145_465.txt air/gen_1776236148_466.txt air/gen_1776236157_469.txt air/gen_1776236160_470.txt air/gen_1776236163_471.txt air/gen_1776236166_472.txt air/gen_1776236176_475.txt air/gen_1776236179_476.txt air/gen_1776236185_478.txt air/gen_1776236194_481.txt air/gen_1776236198_482.txt air/gen_1776236201_483.txt air/gen_1776236204_484.txt air/gen_1776236213_487.txt air/gen_1776236217_488.txt air/gen_1776236223_490.txt air/gen_1776236232_493.txt air/gen_1776236235_494.txt air/gen_1776236241_496.txt air/gen_1776236251_499.txt air/gen_1776236260_502.txt air/gen_1776236270_505.txt air/gen_1776236273_506.txt air/gen_1776236279_508.txt air/gen_1776236288_511.txt air/gen_1776236291_512.txt air/gen_1776236297_514.txt air/gen_1776236306_517.txt air/gen_1776236309_518.txt air/gen_1776236312_519.txt air/gen_1776236315_520.txt air/gen_1776236325_523.txt air/gen_1776236328_524.txt air/gen_1776236334_526.txt air/gen_1776236340_528.txt air/gen_1776236343_529.txt air/gen_1776236346_530.txt air/gen_1776236352_532.txt air/gen_1776236358_534.txt air/gen_1776236361_535.txt air/gen_1776236364_536.txt air/gen_1776236370_538.txt air/gen_1776236380_541.txt air/gen_1776236383_542.txt air/gen_1776236389_544.txt air/gen_1776236398_547.txt air/gen_1776236402_548.txt air/gen_1776236408_550.txt air/gen_1776236417_553.txt air/gen_1776236420_554.txt air/gen_1776236426_556.txt air/gen_1776236436_559.txt air/gen_1776236439_560.txt air/gen_1776236445_562.txt air/gen_1776236454_565.txt air/gen_1776236457_566.txt air/gen_1776236464_568.txt air/gen_1776236473_571.txt air/gen_1776236476_572.txt]
[trainer] micro-train burst (21152 bytes, novelty 0.03) — and lo, it feeds again.
[syntropy] action=explore | trend=0.0000 | field_dev=-0.065 | purpose_align=0.032 | lr_mul=1.30
[aml] burst complete: 32 steps, avg loss 1.5990 (memory freed)
[dna] water wrote 75 bytes to ecology
[dna] water wrote 84 bytes to ecology
[dna] water wrote 108 bytes to ecology
[dna] water wrote 42 bytes to ecology
[dna] water wrote 78 bytes to ecology
[dna] water wrote 26 bytes to ecology
[dna] water wrote 28 bytes to ecology
[dna] water wrote 53 bytes to ecology
[dna] water wrote 26 bytes to ecology
[dna] water wrote 40 bytes to ecology
[dna] water wrote 65 bytes to ecology
[dna] water wrote 31 bytes to ecology
[dna] water wrote 14 bytes to ecology
[dna] water wrote 95 bytes to ecology
[dna] water wrote 40 bytes to ecology
[dna] water wrote 38 bytes to ecology
[dna] water wrote 92 bytes to ecology
[dna] water wrote 24 bytes to ecology
[dna] water wrote 28 bytes to ecology
[dna] water wrote 36 bytes to ecology
[dna] water wrote 60 bytes to ecology
[dna] water wrote 143 bytes to ecology
[dna] water wrote 33 bytes to ecology
[dna] water wrote 37 bytes to ecology
[dna] water wrote 141 bytes to ecology
[dna] water wrote 47 bytes to ecology
[dna] water wrote 67 bytes to ecology
[dna] water wrote 44 bytes to ecology
[dna] water wrote 54 bytes to ecology
[dna] water wrote 32 bytes to ecology
[dna] water wrote 81 bytes to ecology
[dna] water wrote 27 bytes to ecology
[dna] water wrote 14 bytes to ecology
[dna] water wrote 167 bytes to ecology
[dna] water wrote 73 bytes to ecology
[dna] water wrote 22 bytes to ecology
[dna] water wrote 32 bytes to ecology
[dna] water wrote 45 bytes to ecology
[dna] water wrote 35 bytes to ecology
[dna] water wrote 59 bytes to ecology
[dna] water wrote 119 bytes to ecology
[debug-onto] tick=50 corpus=147172 stage=2 freeze=0
[dna] water wrote 86 bytes to ecology
[dna] water wrote 28 bytes to ecology
[dna] water wrote 60 bytes to ecology
[dna] water wrote 138 bytes to ecology
[dna] water wrote 47 bytes to ecology
[dna] water wrote 49 bytes to ecology
[dna] water wrote 102 bytes to ecology
[dna] water wrote 47 bytes to ecology
[dna] water wrote 53 bytes to ecology
[dna] water wrote 77 bytes to ecology
[dna] water wrote 27 bytes to ecology
[dna] water wrote 71 bytes to ecology
[dna] water wrote 298 bytes to ecology
[dna] water wrote 30 bytes to ecology
[dna] water wrote 24 bytes to ecology
[dna] water wrote 68 bytes to ecology
[dna] water wrote 60 bytes to ecology
[dna] water wrote 53 bytes to ecology
[dna] water wrote 29 bytes to ecology
[dna] water wrote 44 bytes to ecology
[dna] water wrote 23 bytes to ecology
[dna] water wrote 45 bytes to ecology
[dna] water wrote 72 bytes to ecology
[dna] water wrote 15 bytes to ecology
[dna] water wrote 54 bytes to ecology
[dna] water wrote 41 bytes to ecology
[dna] water wrote 71 bytes to ecology
[dna] water wrote 53 bytes to ecology
[dna] water wrote 29 bytes to ecology
[dna] water wrote 54 bytes to ecology
[dna] water wrote 42 bytes to ecology
[dna] water wrote 189 bytes to ecology
[dna] water wrote 50 bytes to ecology
[dna] water wrote 52 bytes to ecology
[dna] water wrote 116 bytes to ecology
[dna] water wrote 34 bytes to ecology
[dna] water wrote 94 bytes to ecology
[dna] water wrote 46 bytes to ecology
[debug-onto] tick=100 corpus=147172 stage=2 freeze=0
[dna] water wrote 63 bytes to ecology
[dna] water wrote 82 bytes to ecology
[dna] water wrote 134 bytes to ecology
[dna] water wrote 166 bytes to ecology
[dna] water wrote 104 bytes to ecology
[dna] water wrote 63 bytes to ecology
[dna] water wrote 32 bytes to ecology
[dna] water wrote 63 bytes to ecology
[dna] water wrote 37 bytes to ecology
[dna] water wrote 31 bytes to ecology
[dna] water wrote 64 bytes to ecology
[dna] water wrote 36 bytes to ecology
[dna] water wrote 45 bytes to ecology
[dna] water wrote 154 bytes to ecology
[dna] water wrote 38 bytes to ecology
[dna] water wrote 24 bytes to ecology
[dna] water wrote 51 bytes to ecology
[dna] water wrote 65 bytes to ecology
[dna] water wrote 23 bytes to ecology
[dna] water wrote 49 bytes to ecology
[dna] water wrote 36 bytes to ecology
[dna] water wrote 35 bytes to ecology
[dna] water wrote 21 bytes to ecology
[dna] water wrote 65 bytes to ecology
[dna] water wrote 43 bytes to ecology
[dna] water wrote 31 bytes to ecology
[dna] water wrote 73 bytes to ecology
[dna] water wrote 46 bytes to ecology
[dna] water wrote 63 bytes to ecology
[dna] water wrote 131 bytes to ecology
[dna] water wrote 123 bytes to ecology
[dna] water wrote 93 bytes to ecology
[dna] water wrote 68 bytes to ecology
[dna] water wrote 110 bytes to ecology
[dna] water wrote 119 bytes to ecology
[dna] water wrote 92 bytes to ecology
[dna] water wrote 103 bytes to ecology
[dna] water wrote 21 bytes to ecology
[dna] water wrote 40 bytes to ecology
[dna] water wrote 18 bytes to ecology
[dna] water wrote 17 bytes to ecology
[debug-onto] tick=150 corpus=147172 stage=2 freeze=0
[dna] water wrote 49 bytes to ecology
[dna] water wrote 114 bytes to ecology
[dna] water wrote 49 bytes to ecology
[dna] water wrote 42 bytes to ecology
[dna] water wrote 49 bytes to ecology
[dna] water wrote 50 bytes to ecology
[dna] water wrote 37 bytes to ecology
[dna] water wrote 69 bytes to ecology
[dna] water wrote 9 bytes to ecology
[dna] water wrote 29 bytes to ecology
[dna] water wrote 72 bytes to ecology
[dna] water wrote 58 bytes to ecology
[dna] water wrote 93 bytes to ecology
[dna] water wrote 86 bytes to ecology
[dna] water wrote 66 bytes to ecology
[dna] water wrote 109 bytes to ecology
[dna] water wrote 96 bytes to ecology
[dna] water wrote 86 bytes to ecology
[dna] water wrote 66 bytes to ecology
[dna] water wrote 67 bytes to ecology
[dna] water wrote 48 bytes to ecology
[dna] water wrote 84 bytes to ecology
[dna] water wrote 83 bytes to ecology
[dna] water wrote 27 bytes to ecology
[dna] water wrote 50 bytes to ecology
[dna] water wrote 112 bytes to ecology
[dna] water wrote 39 bytes to ecology
[dna] water wrote 47 bytes to ecology
[dna] water wrote 10 bytes to ecology
[dna] water wrote 10 bytes to ecology
[dna] water wrote 54 bytes to ecology
[dna] water wrote 20 bytes to ecology
[dna] water wrote 242 bytes to ecology
[dna] water wrote 51 bytes to ecology
[dna] water wrote 30 bytes to ecology
[dna] water wrote 62 bytes to ecology
[dna] water wrote 91 bytes to ecology
[dna] water wrote 32 bytes to ecology
[dna] water wrote 98 bytes to ecology
[dna] water wrote 38 bytes to ecology
[dna] water wrote 104 bytes to ecology
[debug-onto] tick=200 corpus=147172 stage=2 freeze=0
[dna] water wrote 40 bytes to ecology
[dna] water wrote 26 bytes to ecology
[dna] water wrote 199 bytes to ecology
[dna] water wrote 39 bytes to ecology
[dna] water wrote 149 bytes to ecology
[dna] water wrote 99 bytes to ecology
[dna] water wrote 66 bytes to ecology
[dna] water wrote 50 bytes to ecology
[dna] water wrote 63 bytes to ecology
[dna] water wrote 35 bytes to ecology
[dna] water wrote 73 bytes to ecology
[dna] water wrote 43 bytes to ecology
[dna] water wrote 33 bytes to ecology
[dna] water wrote 125 bytes to ecology
[dna] water wrote 55 bytes to ecology
[dna] water wrote 100 bytes to ecology
[dna] water wrote 97 bytes to ecology
[dna] water wrote 83 bytes to ecology
[dna] water wrote 145 bytes to ecology
[dna] water wrote 79 bytes to ecology
[dna] water wrote 60 bytes to ecology
[dna] water wrote 26 bytes to ecology
[dna] water wrote 75 bytes to ecology
[dna] water wrote 40 bytes to ecology
[dna] water wrote 45 bytes to ecology
[dna] water wrote 32 bytes to ecology
[dna] water wrote 30 bytes to ecology
[dna] water wrote 27 bytes to ecology
[dna] water wrote 45 bytes to ecology
[dna] water wrote 50 bytes to ecology
[dna] water wrote 129 bytes to ecology
[dna] water wrote 89 bytes to ecology
[dna] water wrote 27 bytes to ecology
[dna] water wrote 36 bytes to ecology
[dna] water wrote 163 bytes to ecology
[dna] water wrote 28 bytes to ecology
[dna] water wrote 40 bytes to ecology
[dna] water wrote 34 bytes to ecology
[dna] water wrote 126 bytes to ecology
[debug-onto] tick=250 corpus=147172 stage=2 freeze=0
[dna] water wrote 126 bytes to ecology
[dna] water wrote 57 bytes to ecology
[dna] water wrote 42 bytes to ecology
[dna] water wrote 29 bytes to ecology
[dna] water wrote 213 bytes to ecology
[dna] water wrote 20 bytes to ecology
[dna] water wrote 64 bytes to ecology
[dna] water wrote 38 bytes to ecology
[dna] water wrote 80 bytes to ecology
[dna] water wrote 44 bytes to ecology
[dna] water wrote 57 bytes to ecology
[dna] water wrote 24 bytes to ecology
[dna] water wrote 47 bytes to ecology
[dna] water wrote 10 bytes to ecology
[dna] water wrote 77 bytes to ecology
[dna] water wrote 50 bytes to ecology
[dna] water wrote 57 bytes to ecology
[dna] water wrote 41 bytes to ecology
[dna] water wrote 29 bytes to ecology
[dna] water wrote 28 bytes to ecology
[dna] water wrote 218 bytes to ecology
[dna] water wrote 90 bytes to ecology
[dna] water wrote 110 bytes to ecology
[dna] water wrote 84 bytes to ecology
[dna] water wrote 78 bytes to ecology
[dna] water wrote 75 bytes to ecology
[dna] water wrote 28 bytes to ecology
[dna] water wrote 49 bytes to ecology
[dna] water wrote 66 bytes to ecology
[dna] water wrote 38 bytes to ecology
[dna] water wrote 110 bytes to ecology
[dna] water wrote 146 bytes to ecology
[dna] water wrote 99 bytes to ecology
[dna] water wrote 115 bytes to ecology
[dna] water wrote 42 bytes to ecology
[dna] water wrote 21 bytes to ecology
[dna] water wrote 60 bytes to ecology
[dna] water wrote 51 bytes to ecology
[dna] water wrote 84 bytes to ecology
[dna] water wrote 37 bytes to ecology
[dna] water wrote 39 bytes to ecology
[debug-onto] tick=300 corpus=147172 stage=2 freeze=0
[dna] water wrote 42 bytes to ecology
[dna] water wrote 55 bytes to ecology
[dna] water wrote 46 bytes to ecology
[dna] water wrote 31 bytes to ecology
[dna] water wrote 36 bytes to ecology
[dna] water wrote 23 bytes to ecology
[dna] water wrote 147 bytes to ecology
[dna] water wrote 40 bytes to ecology
[dna] water wrote 123 bytes to ecology
[dna] water wrote 57 bytes to ecology
[dna] water wrote 91 bytes to ecology
[dna] water wrote 123 bytes to ecology
[dna] water wrote 105 bytes to ecology
[dna] water wrote 40 bytes to ecology
[dna] water wrote 53 bytes to ecology
[dna] water wrote 66 bytes to ecology
[dna] water wrote 28 bytes to ecology
[dna] water wrote 134 bytes to ecology
[dna] water wrote 22 bytes to ecology
[dna] water wrote 25 bytes to ecology
[dna] water wrote 47 bytes to ecology
[dna] water wrote 27 bytes to ecology
[dna] water wrote 45 bytes to ecology
[dna] water wrote 81 bytes to ecology
[dna] water wrote 39 bytes to ecology
[dna] water wrote 92 bytes to ecology
[dna] water wrote 34 bytes to ecology
[dna] water wrote 76 bytes to ecology
[dna] water wrote 78 bytes to ecology
[dna] water wrote 32 bytes to ecology
[dna] water wrote 45 bytes to ecology
[dna] water wrote 72 bytes to ecology
[dna] water wrote 40 bytes to ecology
[dna] water wrote 41 bytes to ecology
[dna] water wrote 42 bytes to ecology
[dna] water wrote 79 bytes to ecology
[dna] water wrote 164 bytes to ecology
[dna] water wrote 41 bytes to ecology
[dna] water wrote 109 bytes to ecology
[dna] water wrote 55 bytes to ecology
[dna] water wrote 119 bytes to ecology
[debug-onto] tick=350 corpus=147172 stage=2 freeze=0
[dna] water wrote 116 bytes to ecology
[dna] water wrote 44 bytes to ecology
[dna] water wrote 51 bytes to ecology
[dna] water wrote 45 bytes to ecology
[dna] water wrote 162 bytes to ecology
[dna] water wrote 69 bytes to ecology
[dna] water wrote 20 bytes to ecology
[dna] water wrote 53 bytes to ecology
[dna] water wrote 62 bytes to ecology
[dna] water wrote 35 bytes to ecology
[dna] water wrote 51 bytes to ecology
[dna] water wrote 100 bytes to ecology
[dna] water wrote 109 bytes to ecology
[dna] water wrote 46 bytes to ecology
[dna] water wrote 41 bytes to ecology
[dna] water wrote 51 bytes to ecology
[dna] water wrote 17 bytes to ecology
[dna] water wrote 203 bytes to ecology
[dna] water wrote 62 bytes to ecology
[dna] water wrote 36 bytes to ecology
[dna] water wrote 16 bytes to ecology
[dna] water wrote 203 bytes to ecology
[dna] water wrote 102 bytes to ecology
[dna] water wrote 100 bytes to ecology
[dna] water wrote 46 bytes to ecology
[dna] water wrote 68 bytes to ecology
[dna] water wrote 47 bytes to ecology
[dna] water wrote 86 bytes to ecology
[dna] water wrote 79 bytes to ecology
[dna] water wrote 115 bytes to ecology
[dna] water wrote 124 bytes to ecology
[dna] water wrote 31 bytes to ecology
[dna] water wrote 37 bytes to ecology
[dna] water wrote 106 bytes to ecology
[dna] water wrote 85 bytes to ecology
[dna] water wrote 59 bytes to ecology
[dna] water wrote 28 bytes to ecology
[debug-onto] tick=400 corpus=147172 stage=2 freeze=0
[dna] water wrote 86 bytes to ecology
[dna] water wrote 29 bytes to ecology
[dna] water wrote 43 bytes to ecology
[dna] water wrote 42 bytes to ecology
[dna] water wrote 73 bytes to ecology
[dna] water wrote 62 bytes to ecology
[dna] water wrote 103 bytes to ecology
[dna] water wrote 46 bytes to ecology
[dna] water wrote 81 bytes to ecology
[dna] water wrote 38 bytes to ecology
[dna] water wrote 111 bytes to ecology
[dna] water wrote 22 bytes to ecology
[dna] water wrote 35 bytes to ecology
[dna] water wrote 35 bytes to ecology
[dna] water wrote 24 bytes to ecology
[dna] water wrote 77 bytes to ecology
[dna] water wrote 96 bytes to ecology
[dna] water wrote 41 bytes to ecology
[dna] water wrote 136 bytes to ecology
[dna] water wrote 95 bytes to ecology
[dna] water wrote 55 bytes to ecology
[dna] water wrote 143 bytes to ecology
[dna] water wrote 109 bytes to ecology
[dna] water wrote 27 bytes to ecology
[dna] water wrote 84 bytes to ecology
[dna] water wrote 79 bytes to ecology
[dna] water wrote 81 bytes to ecology
[dna] water wrote 33 bytes to ecology
[dna] water wrote 30 bytes to ecology
[dna] water wrote 177 bytes to ecology
[dna] water wrote 29 bytes to ecology
[dna] water wrote 26 bytes to ecology
[dna] water wrote 52 bytes to ecology
[dna] water wrote 11 bytes to ecology
[dna] water wrote 32 bytes to ecology
[dna] water wrote 50 bytes to ecology
[dna] water wrote 68 bytes to ecology
[dna] water wrote 40 bytes to ecology
[dna] water wrote 32 bytes to ecology
[dna] water wrote 93 bytes to ecology
[dna] water wrote 72 bytes to ecology
[debug-onto] tick=450 corpus=147172 stage=2 freeze=0
[dna] water wrote 69 bytes to ecology
[dna] water wrote 43 bytes to ecology
[dna] water wrote 25 bytes to ecology
[dna] water wrote 31 bytes to ecology
[dna] water wrote 47 bytes to ecology
[dna] water wrote 52 bytes to ecology
[dna] water wrote 41 bytes to ecology
[dna] water wrote 46 bytes to ecology
[dna] water wrote 23 bytes to ecology
[dna] water wrote 37 bytes to ecology
[dna] water wrote 41 bytes to ecology
[dna] water wrote 59 bytes to ecology
[dna] water wrote 37 bytes to ecology
[dna] water wrote 50 bytes to ecology
[dna] water wrote 94 bytes to ecology
[dna] water wrote 36 bytes to ecology
[dna] water wrote 109 bytes to ecology
[dna] water wrote 123 bytes to ecology
[dna] water wrote 69 bytes to ecology
[dna] water wrote 141 bytes to ecology
[dna] water wrote 78 bytes to ecology
[dna] water wrote 102 bytes to ecology
[dna] water wrote 133 bytes to ecology
[dna] water wrote 33 bytes to ecology
[dna] water wrote 55 bytes to ecology
[dna] water wrote 87 bytes to ecology
[dna] water wrote 60 bytes to ecology
[dna] water wrote 69 bytes to ecology
[dna] water wrote 143 bytes to ecology
[dna] water wrote 32 bytes to ecology
[dna] water wrote 25 bytes to ecology
[dna] water wrote 99 bytes to ecology
[dna] water wrote 36 bytes to ecology
[dna] water wrote 57 bytes to ecology
[dna] water wrote 22 bytes to ecology
[dna] water wrote 29 bytes to ecology
[dna] water wrote 91 bytes to ecology
[dna] water wrote 46 bytes to ecology
[dna] water wrote 165 bytes to ecology
[dna] water wrote 51 bytes to ecology
[dna] water wrote 60 bytes to ecology
[dna] water wrote 29 bytes to ecology
[debug-onto] tick=500 corpus=147172 stage=2 freeze=0
[dna] water wrote 25 bytes to ecology
[dna] water wrote 58 bytes to ecology
[dna] water wrote 45 bytes to ecology
[dna] water wrote 26 bytes to ecology
[dna] water wrote 30 bytes to ecology
[dna] water wrote 31 bytes to ecology
[dna] water wrote 62 bytes to ecology
[dna] water wrote 20 bytes to ecology
[dna] water wrote 44 bytes to ecology
[dna] water wrote 13 bytes to ecology
[dna] water wrote 71 bytes to ecology
[dna] water wrote 152 bytes to ecology
[dna] water wrote 33 bytes to ecology
[dna] water wrote 67 bytes to ecology
[dna] water wrote 65 bytes to ecology
[dna] water wrote 44 bytes to ecology
[dna] water wrote 25 bytes to ecology
[dna] water wrote 22 bytes to ecology
[dna] water wrote 31 bytes to ecology
[dna] water wrote 27 bytes to ecology
[dna] water wrote 84 bytes to ecology
[dna] water wrote 47 bytes to ecology
[dna] water wrote 73 bytes to ecology
[dna] water wrote 81 bytes to ecology
[dna] water wrote 44 bytes to ecology
[dna] water wrote 34 bytes to ecology
[dna] water wrote 18 bytes to ecology
[dna] water wrote 87 bytes to ecology
[dna] water wrote 46 bytes to ecology
[dna] water wrote 23 bytes to ecology
[dna] water wrote 55 bytes to ecology
[dna] water wrote 192 bytes to ecology
[dna] water wrote 44 bytes to ecology
[dna] water wrote 33 bytes to ecology
[dna] water wrote 60 bytes to ecology
[dna] water wrote 43 bytes to ecology
[dna] water wrote 38 bytes to ecology
[dna] water wrote 96 bytes to ecology
[dna] water wrote 48 bytes to ecology
[debug-onto] tick=550 corpus=147172 stage=2 freeze=0
[dna] water wrote 148 bytes to ecology
[dna] water wrote 27 bytes to ecology
[dna] water wrote 59 bytes to ecology
[dna] water wrote 103 bytes to ecology
[dna] water wrote 23 bytes to ecology
[dna] water wrote 31 bytes to ecology
[dna] water wrote 76 bytes to ecology
[dna] water wrote 157 bytes to ecology
[dna] water wrote 15 bytes to ecology
[dna] water wrote 117 bytes to ecology
[dna] water wrote 186 bytes to ecology
[dna] water wrote 72 bytes to ecology
[dna] water wrote 37 bytes to ecology
[dna] water wrote 173 bytes to ecology
[dna] water wrote 66 bytes to ecology
[dna] water wrote 79 bytes to ecology
[dna] water wrote 46 bytes to ecology
[dna] water wrote 70 bytes to ecology
[dna] water wrote 115 bytes to ecology
[dna] water wrote 63 bytes to ecology
[dna] water wrote 41 bytes to ecology
[dna] water wrote 76 bytes to ecology
[dna] water wrote 13 bytes to ecology
[dna] water wrote 25 bytes to ecology
[dna] water wrote 31 bytes to ecology
[dna] water wrote 29 bytes to ecology
[dna] water wrote 51 bytes to ecology
[dna] water wrote 82 bytes to ecology
[dna] water wrote 150 bytes to ecology
[dna] water wrote 113 bytes to ecology
[dna] water wrote 18 bytes to ecology
[dna] water wrote 54 bytes to ecology
[dna] water wrote 28 bytes to ecology
[dna] water wrote 53 bytes to ecology
[dna] water wrote 34 bytes to ecology
[dna] water wrote 26 bytes to ecology
[dna] water wrote 18 bytes to ecology
[dna] water wrote 20 bytes to ecology
[dna] water wrote 43 bytes to ecology
[debug-onto] tick=600 corpus=147172 stage=2 freeze=0
[dna] water wrote 71 bytes to ecology
[dna] water wrote 44 bytes to ecology
[dna] water wrote 87 bytes to ecology
[dna] water wrote 67 bytes to ecology
[dna] water wrote 138 bytes to ecology
[dna] water wrote 134 bytes to ecology
[dna] water wrote 59 bytes to ecology
[dna] water wrote 23 bytes to ecology
[dna] water wrote 33 bytes to ecology
[dna] water wrote 91 bytes to ecology
[dna] water wrote 157 bytes to ecology
[dna] water wrote 44 bytes to ecology
[dna] water wrote 40 bytes to ecology
[dna] water wrote 111 bytes to ecology
[dna] water wrote 93 bytes to ecology

[evolution] Organism shutting down gracefully.
