[ecology] Element: air → corpus: nonames_air.txt
[evolution] Autonomous evolution mode — organism will grow through all stages without pause.
[ecology] Joined swarm. 1 peer(s) detected.
molequla is alive. [evolution] Autonomous mode — background trainer running. Ctrl+C to stop.
[dna] air wrote 161 bytes to ecology
[dna] air consumed 17496 bytes from 219 files: [earth/gen_1777617506_1.txt earth/gen_1777617514_4.txt earth/gen_1777617522_7.txt earth/gen_1777617530_10.txt earth/gen_1777617538_13.txt earth/gen_1777617545_16.txt earth/gen_1777617553_19.txt earth/gen_1777617561_22.txt earth/gen_1777617569_25.txt earth/gen_1777617576_28.txt earth/gen_1777617584_31.txt earth/gen_1777617592_34.txt earth/gen_1777617600_37.txt earth/gen_1777617607_40.txt earth/gen_1777617615_43.txt earth/gen_1777617623_46.txt earth/gen_1777617631_49.txt earth/gen_1777617639_52.txt earth/gen_1777617647_55.txt earth/gen_1777617654_58.txt earth/gen_1777617662_61.txt earth/gen_1777617670_64.txt earth/gen_1777617678_67.txt earth/gen_1777617686_70.txt earth/gen_1777617694_73.txt earth/gen_1777617701_76.txt earth/gen_1777617709_79.txt earth/gen_1777617717_82.txt earth/gen_1777617725_85.txt earth/gen_1777617732_88.txt earth/gen_1777617740_91.txt earth/gen_1777617748_94.txt earth/gen_1777617764_100.txt earth/gen_1777617771_103.txt earth/gen_1777617779_106.txt earth/gen_1777617787_109.txt earth/gen_1777617795_112.txt earth/gen_1777617803_115.txt earth/gen_1777617811_118.txt earth/gen_1777617819_121.txt earth/gen_1777617827_124.txt earth/gen_1777617835_127.txt earth/gen_1777617843_130.txt earth/gen_1777617851_133.txt earth/gen_1777617860_136.txt earth/gen_1777617868_139.txt earth/gen_1777617876_142.txt earth/gen_1777617884_145.txt earth/gen_1777617892_148.txt earth/gen_1777617900_151.txt earth/gen_1777617908_154.txt earth/gen_1777617916_157.txt earth/gen_1777617924_160.txt earth/gen_1777617932_163.txt earth/gen_1777617940_166.txt earth/gen_1777617948_169.txt earth/gen_1777617956_172.txt earth/gen_1777617964_175.txt earth/gen_1777617972_178.txt earth/gen_1777617980_181.txt earth/gen_1777617988_184.txt earth/gen_1777617996_187.txt earth/gen_1777618004_190.txt earth/gen_1777618012_193.txt earth/gen_1777618020_196.txt earth/gen_1777618027_199.txt earth/gen_1777618035_202.txt earth/gen_1777618043_205.txt earth/gen_1777618051_208.txt earth/gen_1777618059_211.txt earth/gen_1777618075_217.txt earth/gen_1777618083_220.txt earth/gen_1777618099_226.txt earth/gen_1777618107_229.txt earth/gen_1777618115_232.txt earth/gen_1777618123_235.txt earth/gen_1777618131_238.txt earth/gen_1777618139_241.txt earth/gen_1777618147_244.txt earth/gen_1777618155_247.txt earth/gen_1777618163_250.txt earth/gen_1777618171_253.txt earth/gen_1777618179_256.txt earth/gen_1777618187_259.txt earth/gen_1777618195_262.txt earth/gen_1777618203_265.txt earth/gen_1777618211_268.txt earth/gen_1777618219_271.txt earth/gen_1777618227_274.txt earth/gen_1777618235_277.txt earth/gen_1777618243_280.txt earth/gen_1777618251_283.txt earth/gen_1777618259_286.txt earth/gen_1777618267_289.txt earth/gen_1777618274_292.txt earth/gen_1777618282_295.txt earth/gen_1777618290_298.txt earth/gen_1777618298_301.txt earth/gen_1777618306_304.txt earth/gen_1777618314_307.txt earth/gen_1777618322_310.txt earth/gen_1777618330_313.txt earth/gen_1777618337_316.txt earth/gen_1777618345_319.txt earth/gen_1777618353_322.txt earth/gen_1777618361_325.txt earth/gen_1777618369_328.txt earth/gen_1777618377_331.txt earth/gen_1777618385_334.txt earth/gen_1777618393_337.txt earth/gen_1777618401_340.txt earth/gen_1777618408_343.txt earth/gen_1777618416_346.txt earth/gen_1777618424_349.txt earth/gen_1777618432_352.txt earth/gen_1777618440_355.txt earth/gen_1777618448_358.txt earth/gen_1777618455_361.txt earth/gen_1777618463_364.txt earth/gen_1777618471_367.txt earth/gen_1777618479_370.txt earth/gen_1777618487_373.txt earth/gen_1777618495_376.txt earth/gen_1777618502_379.txt earth/gen_1777618510_382.txt earth/gen_1777618518_385.txt earth/gen_1777618526_388.txt earth/gen_1777618534_391.txt earth/gen_1777618549_397.txt earth/gen_1777618557_400.txt earth/gen_1777618565_403.txt earth/gen_1777618573_406.txt earth/gen_1777618581_409.txt earth/gen_1777618589_412.txt earth/gen_1777618597_415.txt earth/gen_1777618605_418.txt earth/gen_1777618613_421.txt earth/gen_1777618621_424.txt earth/gen_1777618629_427.txt earth/gen_1777618636_430.txt earth/gen_1777618644_433.txt earth/gen_1777618652_436.txt earth/gen_1777618660_439.txt earth/gen_1777618668_442.txt earth/gen_1777618676_445.txt earth/gen_1777618684_448.txt earth/gen_1777618692_451.txt earth/gen_1777618700_454.txt earth/gen_1777618708_457.txt earth/gen_1777618716_460.txt earth/gen_1777618724_463.txt earth/gen_1777618732_466.txt earth/gen_1777618739_469.txt earth/gen_1777618747_472.txt earth/gen_1777618755_475.txt earth/gen_1777618763_478.txt earth/gen_1777618771_481.txt earth/gen_1777618787_487.txt earth/gen_1777618794_490.txt earth/gen_1777618802_493.txt earth/gen_1777618810_496.txt earth/gen_1777618818_499.txt earth/gen_1777618826_502.txt earth/gen_1777618834_505.txt earth/gen_1777618842_508.txt earth/gen_1777618850_511.txt earth/gen_1777618858_514.txt earth/gen_1777618866_517.txt earth/gen_1777618874_520.txt earth/gen_1777618882_523.txt earth/gen_1777618890_526.txt earth/gen_1777618898_529.txt earth/gen_1777618906_532.txt earth/gen_1777618913_535.txt earth/gen_1777618921_538.txt earth/gen_1777618929_541.txt earth/gen_1777618937_544.txt earth/gen_1777618945_547.txt earth/gen_1777618953_550.txt earth/gen_1777618961_553.txt earth/gen_1777618968_556.txt earth/gen_1777618976_559.txt earth/gen_1777618984_562.txt earth/gen_1777618992_565.txt earth/gen_1777619000_568.txt earth/gen_1777619008_571.txt earth/gen_1777619016_574.txt earth/gen_1777619024_577.txt earth/gen_1777619032_580.txt earth/gen_1777619039_583.txt earth/gen_1777619047_586.txt earth/gen_1777619055_589.txt earth/gen_1777619063_592.txt earth/gen_1777619071_595.txt earth/gen_1777619078_598.txt earth/gen_1777619086_601.txt earth/gen_1777619094_604.txt earth/gen_1777619102_607.txt earth/gen_1777619109_610.txt earth/gen_1777619117_613.txt earth/gen_1777619125_616.txt earth/gen_1777619133_619.txt earth/gen_1777619141_622.txt earth/gen_1777619149_625.txt earth/gen_1777619157_628.txt earth/gen_1777619165_631.txt earth/gen_1777619172_634.txt earth/gen_1777619181_637.txt earth/gen_1777619188_640.txt earth/gen_1777619196_643.txt earth/gen_1777619204_646.txt earth/gen_1777619212_649.txt earth/gen_1777619220_652.txt earth/gen_1777619228_655.txt earth/gen_1777619236_658.txt earth/gen_1777619244_661.txt earth/gen_1777619252_664.txt earth/gen_1777619260_667.txt earth/gen_1777619268_670.txt]
[trainer] micro-train burst (17496 bytes, novelty 0.04) — and lo, it feeds again.
[syntropy] action=explore | trend=0.0000 | field_dev=0.047 | purpose_align=-0.007 | lr_mul=1.30
[aml] burst complete: 32 steps, avg loss 2.3272 (memory freed)
[dna] air wrote 39 bytes to ecology
[dna] air wrote 60 bytes to ecology
[dna] air wrote 37 bytes to ecology
[dna] air wrote 39 bytes to ecology
[dna] air wrote 52 bytes to ecology
[dna] air wrote 67 bytes to ecology
[dna] air wrote 22 bytes to ecology
[dna] air wrote 149 bytes to ecology
[dna] air wrote 99 bytes to ecology
[dna] air wrote 53 bytes to ecology
[dna] air wrote 28 bytes to ecology
[dna] air wrote 82 bytes to ecology
[dna] air wrote 148 bytes to ecology
[dna] air wrote 78 bytes to ecology
[dna] air wrote 72 bytes to ecology
[dna] air wrote 41 bytes to ecology
[dna] air wrote 34 bytes to ecology
[dna] air wrote 46 bytes to ecology
[dna] air wrote 34 bytes to ecology
[dna] air wrote 72 bytes to ecology
[dna] air wrote 26 bytes to ecology
[dna] air wrote 69 bytes to ecology
[dna] air wrote 189 bytes to ecology
[dna] air wrote 45 bytes to ecology
[dna] air wrote 94 bytes to ecology
[dna] air wrote 38 bytes to ecology
[dna] air wrote 25 bytes to ecology
[debug-onto] tick=50 corpus=140031 stage=2 freeze=0
[dna] air wrote 110 bytes to ecology
[dna] air wrote 61 bytes to ecology
[dna] air wrote 52 bytes to ecology
[dna] air wrote 37 bytes to ecology
[dna] air wrote 157 bytes to ecology
[dna] air wrote 76 bytes to ecology
[dna] air wrote 100 bytes to ecology
[dna] air wrote 72 bytes to ecology
[dna] air wrote 110 bytes to ecology
[dna] air wrote 14 bytes to ecology
[dna] air wrote 47 bytes to ecology
[dna] air wrote 92 bytes to ecology
[dna] air wrote 125 bytes to ecology
[dna] air wrote 126 bytes to ecology
[dna] air wrote 42 bytes to ecology
[dna] air wrote 48 bytes to ecology
[dna] air wrote 50 bytes to ecology
[dna] air wrote 90 bytes to ecology
[dna] air wrote 88 bytes to ecology
[dna] air wrote 47 bytes to ecology
[dna] air wrote 90 bytes to ecology
[dna] air wrote 109 bytes to ecology
[dna] air wrote 85 bytes to ecology
[dna] air wrote 27 bytes to ecology
[dna] air wrote 31 bytes to ecology
[dna] air wrote 106 bytes to ecology
[dna] air wrote 41 bytes to ecology
[debug-onto] tick=100 corpus=140031 stage=2 freeze=0
[dna] air wrote 160 bytes to ecology
[dna] air wrote 62 bytes to ecology
[dna] air wrote 93 bytes to ecology
[dna] air wrote 54 bytes to ecology
[dna] air wrote 159 bytes to ecology
[dna] air wrote 23 bytes to ecology
[dna] air wrote 27 bytes to ecology
[dna] air wrote 90 bytes to ecology
[dna] air wrote 104 bytes to ecology
[dna] air wrote 52 bytes to ecology
[dna] air wrote 22 bytes to ecology
[dna] air wrote 80 bytes to ecology
[dna] air wrote 26 bytes to ecology
[dna] air wrote 59 bytes to ecology
[dna] air wrote 42 bytes to ecology
[dna] air wrote 83 bytes to ecology
[dna] air wrote 135 bytes to ecology
[dna] air wrote 35 bytes to ecology
[dna] air wrote 41 bytes to ecology
[dna] air wrote 11 bytes to ecology
[dna] air wrote 137 bytes to ecology
[dna] air wrote 24 bytes to ecology
[dna] air wrote 27 bytes to ecology
[dna] air wrote 36 bytes to ecology
[dna] air wrote 13 bytes to ecology
[dna] air wrote 38 bytes to ecology
[debug-onto] tick=150 corpus=140031 stage=2 freeze=0
[dna] air wrote 43 bytes to ecology
[dna] air wrote 30 bytes to ecology
[dna] air wrote 94 bytes to ecology
[dna] air wrote 33 bytes to ecology
[dna] air wrote 37 bytes to ecology
[dna] air wrote 28 bytes to ecology
[dna] air wrote 23 bytes to ecology
[dna] air wrote 13 bytes to ecology
[dna] air wrote 69 bytes to ecology
[dna] air wrote 76 bytes to ecology
[dna] air wrote 102 bytes to ecology
[dna] air wrote 86 bytes to ecology
[dna] air wrote 45 bytes to ecology
[dna] air wrote 165 bytes to ecology
[dna] air wrote 252 bytes to ecology
[dna] air wrote 62 bytes to ecology
[dna] air wrote 35 bytes to ecology
[dna] air wrote 94 bytes to ecology
[dna] air wrote 117 bytes to ecology
[dna] air wrote 160 bytes to ecology
[dna] air wrote 148 bytes to ecology
[dna] air wrote 57 bytes to ecology
[dna] air wrote 35 bytes to ecology
[dna] air wrote 49 bytes to ecology
[dna] air wrote 107 bytes to ecology
[dna] air wrote 39 bytes to ecology
[dna] air wrote 16 bytes to ecology
[dna] air wrote 56 bytes to ecology
[dna] air wrote 51 bytes to ecology
[debug-onto] tick=200 corpus=140031 stage=2 freeze=0
[dna] air wrote 74 bytes to ecology
[dna] air wrote 110 bytes to ecology
[dna] air wrote 41 bytes to ecology
[dna] air wrote 104 bytes to ecology
[dna] air wrote 96 bytes to ecology
[dna] air wrote 47 bytes to ecology
[dna] air wrote 27 bytes to ecology
[dna] air wrote 41 bytes to ecology
[dna] air wrote 25 bytes to ecology
[dna] air wrote 38 bytes to ecology
[dna] air wrote 15 bytes to ecology
[dna] air wrote 98 bytes to ecology
[dna] air wrote 16 bytes to ecology
[dna] air wrote 64 bytes to ecology
[dna] air wrote 28 bytes to ecology
[dna] air wrote 34 bytes to ecology
[dna] air wrote 117 bytes to ecology
[dna] air wrote 59 bytes to ecology
[dna] air wrote 80 bytes to ecology
[dna] air wrote 12 bytes to ecology
[dna] air wrote 98 bytes to ecology
[dna] air wrote 32 bytes to ecology
[dna] air wrote 93 bytes to ecology
[dna] air wrote 173 bytes to ecology
[dna] air wrote 26 bytes to ecology
[dna] air wrote 36 bytes to ecology
[debug-onto] tick=250 corpus=140031 stage=2 freeze=0
[dna] air wrote 39 bytes to ecology
[dna] air wrote 43 bytes to ecology
[dna] air wrote 55 bytes to ecology
[dna] air wrote 69 bytes to ecology
[dna] air wrote 68 bytes to ecology
[dna] air wrote 67 bytes to ecology
[dna] air wrote 36 bytes to ecology
[dna] air wrote 30 bytes to ecology
[dna] air wrote 45 bytes to ecology
[dna] air wrote 52 bytes to ecology
[dna] air wrote 103 bytes to ecology
[dna] air wrote 176 bytes to ecology
[dna] air wrote 113 bytes to ecology
[dna] air wrote 35 bytes to ecology
[dna] air wrote 36 bytes to ecology
[dna] air wrote 43 bytes to ecology
[dna] air wrote 16 bytes to ecology
[dna] air wrote 76 bytes to ecology
[dna] air wrote 124 bytes to ecology
[dna] air wrote 23 bytes to ecology
[dna] air wrote 60 bytes to ecology
[dna] air wrote 25 bytes to ecology
[dna] air wrote 76 bytes to ecology
[dna] air wrote 128 bytes to ecology
[dna] air wrote 39 bytes to ecology
[dna] air wrote 99 bytes to ecology
[debug-onto] tick=300 corpus=140031 stage=2 freeze=0
[dna] air wrote 82 bytes to ecology
[dna] air wrote 96 bytes to ecology
[dna] air wrote 41 bytes to ecology
[dna] air wrote 62 bytes to ecology
[dna] air wrote 67 bytes to ecology
[dna] air wrote 42 bytes to ecology
[dna] air wrote 121 bytes to ecology
[dna] air wrote 29 bytes to ecology
[dna] air wrote 40 bytes to ecology
[dna] air wrote 101 bytes to ecology
[dna] air wrote 95 bytes to ecology
[dna] air wrote 28 bytes to ecology
[dna] air wrote 32 bytes to ecology
[dna] air wrote 46 bytes to ecology
[dna] air wrote 18 bytes to ecology
[dna] air wrote 27 bytes to ecology
[dna] air wrote 22 bytes to ecology
[dna] air wrote 118 bytes to ecology
[dna] air wrote 28 bytes to ecology
[dna] air wrote 89 bytes to ecology
[dna] air wrote 85 bytes to ecology
[dna] air wrote 25 bytes to ecology
[dna] air wrote 19 bytes to ecology
[dna] air wrote 41 bytes to ecology
[dna] air wrote 94 bytes to ecology
[dna] air wrote 80 bytes to ecology
[debug-onto] tick=350 corpus=140031 stage=2 freeze=0
[dna] air wrote 59 bytes to ecology
[dna] air wrote 254 bytes to ecology
[dna] air wrote 34 bytes to ecology
[dna] air wrote 42 bytes to ecology
[dna] air wrote 126 bytes to ecology
[dna] air wrote 65 bytes to ecology
[dna] air wrote 68 bytes to ecology
[dna] air wrote 62 bytes to ecology
[dna] air wrote 26 bytes to ecology
[dna] air wrote 33 bytes to ecology
[dna] air wrote 213 bytes to ecology
[dna] air wrote 22 bytes to ecology
[dna] air wrote 75 bytes to ecology
[dna] air wrote 221 bytes to ecology
[dna] air wrote 87 bytes to ecology
[dna] air wrote 39 bytes to ecology
[dna] air wrote 22 bytes to ecology
[dna] air wrote 140 bytes to ecology
[dna] air wrote 63 bytes to ecology
[dna] air wrote 58 bytes to ecology
[dna] air wrote 162 bytes to ecology
[dna] air wrote 151 bytes to ecology
[dna] air wrote 66 bytes to ecology
[dna] air wrote 35 bytes to ecology
[dna] air wrote 30 bytes to ecology
[dna] air wrote 18 bytes to ecology
[dna] air wrote 106 bytes to ecology
[dna] air wrote 125 bytes to ecology
[debug-onto] tick=400 corpus=140031 stage=2 freeze=0
[dna] air wrote 128 bytes to ecology
[dna] air wrote 14 bytes to ecology
[dna] air wrote 88 bytes to ecology
[dna] air wrote 100 bytes to ecology
[dna] air wrote 35 bytes to ecology
[dna] air wrote 25 bytes to ecology
[dna] air wrote 161 bytes to ecology
[dna] air wrote 30 bytes to ecology
[dna] air wrote 53 bytes to ecology
[dna] air wrote 81 bytes to ecology
[dna] air wrote 36 bytes to ecology
[dna] air wrote 135 bytes to ecology
[dna] air wrote 179 bytes to ecology
[dna] air wrote 58 bytes to ecology
[dna] air wrote 29 bytes to ecology
[dna] air wrote 24 bytes to ecology
[dna] air wrote 53 bytes to ecology
[dna] air wrote 18 bytes to ecology
[dna] air wrote 29 bytes to ecology
[dna] air wrote 35 bytes to ecology
[dna] air wrote 91 bytes to ecology
[dna] air wrote 46 bytes to ecology
[dna] air wrote 155 bytes to ecology
[dna] air wrote 28 bytes to ecology
[dna] air wrote 19 bytes to ecology
[debug-onto] tick=450 corpus=140031 stage=2 freeze=0
[dna] air wrote 49 bytes to ecology
[dna] air wrote 264 bytes to ecology
[dna] air wrote 50 bytes to ecology
[dna] air wrote 109 bytes to ecology
[dna] air wrote 33 bytes to ecology
[dna] air wrote 14 bytes to ecology
[dna] air wrote 53 bytes to ecology
[dna] air wrote 87 bytes to ecology
[dna] air wrote 31 bytes to ecology
[dna] air wrote 70 bytes to ecology
[dna] air wrote 253 bytes to ecology
[dna] air wrote 55 bytes to ecology
[dna] air wrote 39 bytes to ecology
[dna] air wrote 33 bytes to ecology
[dna] air wrote 35 bytes to ecology
[dna] air wrote 28 bytes to ecology
[dna] air wrote 89 bytes to ecology
[dna] air wrote 19 bytes to ecology
[dna] air wrote 52 bytes to ecology
[dna] air wrote 151 bytes to ecology
[dna] air wrote 68 bytes to ecology
[dna] air wrote 8 bytes to ecology
[dna] air wrote 83 bytes to ecology
[dna] air wrote 21 bytes to ecology
[dna] air wrote 46 bytes to ecology
[dna] air wrote 33 bytes to ecology
[dna] air wrote 87 bytes to ecology
[debug-onto] tick=500 corpus=140031 stage=2 freeze=0
[dna] air wrote 88 bytes to ecology
[dna] air wrote 53 bytes to ecology
[dna] air wrote 18 bytes to ecology
[dna] air wrote 26 bytes to ecology
[dna] air wrote 26 bytes to ecology
[dna] air wrote 195 bytes to ecology
[dna] air wrote 88 bytes to ecology
[dna] air wrote 10 bytes to ecology
[dna] air wrote 78 bytes to ecology
[dna] air wrote 11 bytes to ecology
[dna] air wrote 40 bytes to ecology
[dna] air wrote 23 bytes to ecology
[dna] air wrote 73 bytes to ecology
[dna] air wrote 32 bytes to ecology
[dna] air wrote 32 bytes to ecology
[dna] air wrote 92 bytes to ecology
[dna] air wrote 40 bytes to ecology
[dna] air wrote 42 bytes to ecology
[dna] air wrote 67 bytes to ecology
[dna] air wrote 110 bytes to ecology
[dna] air wrote 46 bytes to ecology
[dna] air wrote 100 bytes to ecology
[dna] air wrote 60 bytes to ecology
[dna] air wrote 10 bytes to ecology
[dna] air wrote 30 bytes to ecology
[debug-onto] tick=550 corpus=140031 stage=2 freeze=0
[dna] air wrote 26 bytes to ecology
[dna] air wrote 37 bytes to ecology
[dna] air wrote 68 bytes to ecology
[dna] air wrote 99 bytes to ecology
[dna] air wrote 23 bytes to ecology
[dna] air wrote 81 bytes to ecology
[dna] air wrote 105 bytes to ecology
[dna] air wrote 48 bytes to ecology
[dna] air wrote 48 bytes to ecology
[dna] air wrote 78 bytes to ecology
[dna] air wrote 17 bytes to ecology
[dna] air wrote 56 bytes to ecology
[dna] air wrote 32 bytes to ecology
[dna] air wrote 27 bytes to ecology
[dna] air wrote 73 bytes to ecology
[dna] air wrote 28 bytes to ecology
[dna] air wrote 54 bytes to ecology
[dna] air wrote 150 bytes to ecology
[dna] air wrote 17 bytes to ecology
[dna] air wrote 46 bytes to ecology
[dna] air wrote 70 bytes to ecology
[dna] air wrote 14 bytes to ecology
[dna] air wrote 50 bytes to ecology
[dna] air wrote 323 bytes to ecology
[dna] air wrote 82 bytes to ecology
[dna] air wrote 257 bytes to ecology
[debug-onto] tick=600 corpus=140031 stage=2 freeze=0
[dna] air wrote 17 bytes to ecology
[dna] air wrote 71 bytes to ecology
[dna] air wrote 95 bytes to ecology
[dna] air wrote 73 bytes to ecology
[dna] air wrote 54 bytes to ecology
[dna] air wrote 41 bytes to ecology
[dna] air wrote 34 bytes to ecology
[dna] air wrote 24 bytes to ecology
[dna] air wrote 11 bytes to ecology
[dna] air wrote 33 bytes to ecology
[dna] air wrote 61 bytes to ecology
[dna] air wrote 30 bytes to ecology
[dna] air wrote 108 bytes to ecology
[dna] air wrote 67 bytes to ecology
[dna] air wrote 40 bytes to ecology
[dna] air wrote 49 bytes to ecology
[dna] air wrote 68 bytes to ecology
[dna] air wrote 31 bytes to ecology
[dna] air wrote 26 bytes to ecology
[dna] air wrote 91 bytes to ecology
[dna] air wrote 23 bytes to ecology
[dna] air wrote 27 bytes to ecology
[dna] air wrote 43 bytes to ecology
[dna] air wrote 77 bytes to ecology
[dna] air wrote 124 bytes to ecology
[dna] air wrote 108 bytes to ecology
[dna] air wrote 35 bytes to ecology
[debug-onto] tick=650 corpus=140031 stage=2 freeze=0
[dna] air wrote 42 bytes to ecology
[dna] air wrote 111 bytes to ecology
[dna] air wrote 78 bytes to ecology
[dna] air wrote 26 bytes to ecology
[dna] air wrote 34 bytes to ecology
[dna] air wrote 75 bytes to ecology
[dna] air wrote 94 bytes to ecology
[dna] air wrote 29 bytes to ecology
[dna] air wrote 34 bytes to ecology
[dna] air wrote 15 bytes to ecology
[dna] air wrote 24 bytes to ecology
[dna] air wrote 35 bytes to ecology
[dna] air wrote 74 bytes to ecology

[evolution] Organism shutting down gracefully.
