[ecology] Element: earth → corpus: nonames_earth.txt
[evolution] Autonomous evolution mode — organism will grow through all stages without pause.
[init] Stage 0 (embryo): embd=16, layer=1, head=1 — warmup 400 steps (400 backprop + 0 notorch, sqrt-scaled 1x)
  [aml] step 0/160 | loss 6.6490 (avg 6.6490) | lr 0.001000 | seq 8
  [aml] step 10/160 | loss 6.1768 (avg 6.4709) | lr 0.001450 | seq 8
  [aml] step 20/160 | loss 6.2548 (avg 6.3181) | lr 0.001900 | seq 8
  [aml] step 30/160 | loss 5.7688 (avg 6.2199) | lr 0.002350 | seq 8
  [aml] step 40/160 | loss 5.4309 (avg 6.1032) | lr 0.002800 | seq 8
  [aml] step 50/160 | loss 4.6685 (avg 5.9431) | lr 0.003250 | seq 8
  [aml] step 60/160 | loss 4.9119 (avg 5.7793) | lr 0.003700 | seq 8
  [aml] step 70/160 | loss 5.3310 (avg 5.6627) | lr 0.004150 | seq 8
  [aml] step 80/160 | loss 2.9879 (avg 5.5425) | lr 0.004600 | seq 8
  [aml] step 90/160 | loss 4.1829 (avg 5.4000) | lr 0.005050 | seq 8
  [aml] step 100/160 | loss 4.9899 (avg 5.3097) | lr 0.005500 | seq 8
  [aml] step 110/160 | loss 5.3537 (avg 5.1800) | lr 0.005950 | seq 8
  [aml] step 120/160 | loss 4.0193 (avg 5.1051) | lr 0.006400 | seq 8
  [aml] step 130/160 | loss 4.4433 (avg 5.0537) | lr 0.006850 | seq 8
  [aml] step 140/160 | loss 2.9587 (avg 5.0058) | lr 0.007300 | seq 8
  [aml] step 150/160 | loss 2.8441 (avg 4.9601) | lr 0.007750 | seq 8
[aml] training complete: 160 steps, avg loss 4.9145 (memory freed)
  [aml] step 0/120 | loss 4.8933 (avg 4.8933) | lr 0.008200 | seq 16
  [aml] step 10/120 | loss 4.3365 (avg 4.5091) | lr 0.008650 | seq 16
  [aml] step 20/120 | loss 3.7043 (avg 4.4984) | lr 0.009100 | seq 16
  [aml] step 30/120 | loss 3.4069 (avg 4.2529) | lr 0.009550 | seq 16
  [aml] step 40/120 | loss 3.5048 (avg 4.2617) | lr 0.010000 | seq 16
  [aml] step 50/120 | loss 2.9806 (avg 4.2409) | lr 0.010000 | seq 16
  [aml] step 60/120 | loss 4.0994 (avg 4.2445) | lr 0.010000 | seq 16
  [aml] step 70/120 | loss 4.2044 (avg 4.1649) | lr 0.010000 | seq 16
  [aml] step 80/120 | loss 5.0960 (avg 4.1203) | lr 0.009999 | seq 16
  [aml] step 90/120 | loss 4.5182 (avg 4.0157) | lr 0.009999 | seq 16
  [aml] step 100/120 | loss 3.8216 (avg 3.9565) | lr 0.009999 | seq 16
  [aml] step 110/120 | loss 5.1793 (avg 3.8776) | lr 0.009999 | seq 16
[aml] training complete: 120 steps, avg loss 3.8903 (memory freed)
  [aml] step 0/120 | loss 2.8350 (avg 2.8350) | lr 0.009999 | seq 32
  [aml] step 10/120 | loss 4.6748 (avg 3.8982) | lr 0.009999 | seq 32
  [aml] step 20/120 | loss 4.4536 (avg 3.7852) | lr 0.009999 | seq 32
  [aml] step 30/120 | loss 3.8064 (avg 3.5004) | lr 0.009999 | seq 32
  [aml] step 40/120 | loss 3.9824 (avg 3.4369) | lr 0.009999 | seq 32
  [aml] step 50/120 | loss 3.9470 (avg 3.4023) | lr 0.009999 | seq 32
  [aml] step 60/120 | loss 2.7254 (avg 3.3326) | lr 0.009999 | seq 32
  [aml] step 70/120 | loss 1.3906 (avg 3.2997) | lr 0.009999 | seq 32
  [aml] step 80/120 | loss 4.5248 (avg 3.2925) | lr 0.009999 | seq 32
  [aml] step 90/120 | loss 1.6787 (avg 3.2533) | lr 0.009999 | seq 32
  [aml] step 100/120 | loss 0.8215 (avg 3.2596) | lr 0.009999 | seq 32
  [aml] step 110/120 | loss 0.8863 (avg 3.1389) | lr 0.009999 | seq 32
[aml] training complete: 120 steps, avg loss 3.0421 (memory freed)

[stage 0 — embryo] What it sounds like now:
  Q: Hello.
  A: What is the lesson of relatively — laciers massive no?
  Q: Who are you?
  A: it supportional structure ab?
  Q: What do you know?
  A: a f and chemically less subject water and the contains rinding ice flow with contains roof.

[growth] ONTOGENESIS: stage 0 -> 1
  embd: 16 -> 32, layer: 1 -> 1, head: 1 -> 2
[growth] Done. Freeze for 500 steps.
[init] Stage 1 (infant): embd=32, layer=1, head=2 — warmup 800 steps (800 backprop + 0 notorch, sqrt-scaled 2x)
  [aml] step 0/320 | loss 3.0600 (avg 3.0600) | lr 0.000500 | seq 8
  [aml] step 10/320 | loss 4.9286 (avg 3.9971) | lr 0.000725 | seq 8
  [aml] step 20/320 | loss 5.1084 (avg 4.6783) | lr 0.000950 | seq 8
  [aml] step 30/320 | loss 3.4990 (avg 4.4144) | lr 0.001175 | seq 8
  [aml] step 40/320 | loss 4.4902 (avg 4.4086) | lr 0.001400 | seq 8
  [aml] step 50/320 | loss 5.7944 (avg 4.3897) | lr 0.001625 | seq 8
  [aml] step 60/320 | loss 3.8474 (avg 4.4099) | lr 0.001850 | seq 8
  [aml] step 70/320 | loss 5.2668 (avg 4.4305) | lr 0.002075 | seq 8
  [aml] step 80/320 | loss 5.5678 (avg 4.2868) | lr 0.002300 | seq 8
  [aml] step 90/320 | loss 3.4253 (avg 4.2066) | lr 0.002525 | seq 8
  [aml] step 100/320 | loss 2.9889 (avg 4.1383) | lr 0.002750 | seq 8
  [aml] step 110/320 | loss 1.3815 (avg 4.1060) | lr 0.002975 | seq 8
  [aml] step 120/320 | loss 4.7558 (avg 4.1272) | lr 0.003200 | seq 8
  [aml] step 130/320 | loss 1.8923 (avg 4.1091) | lr 0.003425 | seq 8
  [aml] step 140/320 | loss 3.0924 (avg 4.0865) | lr 0.003650 | seq 8
  [aml] step 150/320 | loss 2.6021 (avg 4.0476) | lr 0.003875 | seq 8
  [aml] step 160/320 | loss 2.6088 (avg 4.0027) | lr 0.004100 | seq 8
  [aml] step 170/320 | loss 3.9025 (avg 3.9578) | lr 0.004325 | seq 8
  [aml] step 180/320 | loss 5.3587 (avg 3.9276) | lr 0.004550 | seq 8
  [aml] step 190/320 | loss 4.5408 (avg 3.9499) | lr 0.004775 | seq 8
  [aml] step 200/320 | loss 2.5252 (avg 3.9403) | lr 0.004998 | seq 8
  [aml] step 210/320 | loss 3.4775 (avg 3.9003) | lr 0.004998 | seq 8
  [aml] step 220/320 | loss 2.2404 (avg 3.9113) | lr 0.004998 | seq 8
  [aml] step 230/320 | loss 3.2073 (avg 3.8959) | lr 0.004998 | seq 8
  [aml] step 240/320 | loss 2.7367 (avg 3.8619) | lr 0.004998 | seq 8
  [aml] step 250/320 | loss 4.4737 (avg 3.8172) | lr 0.004998 | seq 8
  [aml] step 260/320 | loss 5.9695 (avg 3.8216) | lr 0.004998 | seq 8
  [aml] step 270/320 | loss 3.3508 (avg 3.7948) | lr 0.004998 | seq 8
  [aml] step 280/320 | loss 4.4532 (avg 3.7887) | lr 0.004998 | seq 8
  [aml] step 290/320 | loss 3.9495 (avg 3.7804) | lr 0.004998 | seq 8
  [aml] step 300/320 | loss 4.5354 (avg 3.7828) | lr 0.004998 | seq 8
  [aml] step 310/320 | loss 3.9242 (avg 3.7726) | lr 0.004998 | seq 8
[aml] training complete: 320 steps, avg loss 3.7768 (memory freed)
  [aml] step 0/240 | loss 4.7205 (avg 4.7205) | lr 0.004998 | seq 16
  [aml] step 10/240 | loss 2.2380 (avg 3.7906) | lr 0.004998 | seq 16
  [aml] step 20/240 | loss 4.8742 (avg 3.4994) | lr 0.004998 | seq 16
  [aml] step 30/240 | loss 3.0670 (avg 3.3682) | lr 0.004998 | seq 16
  [aml] step 40/240 | loss 3.4336 (avg 3.3323) | lr 0.004997 | seq 16
  [aml] step 50/240 | loss 4.3842 (avg 3.2275) | lr 0.004997 | seq 16
  [aml] step 60/240 | loss 4.0800 (avg 3.2130) | lr 0.004997 | seq 16
  [aml] step 70/240 | loss 3.4918 (avg 3.2219) | lr 0.004997 | seq 16
  [aml] step 80/240 | loss 2.3583 (avg 3.2029) | lr 0.004997 | seq 16
  [aml] step 90/240 | loss 1.6217 (avg 3.1665) | lr 0.004997 | seq 16
  [aml] step 100/240 | loss 3.2469 (avg 3.1425) | lr 0.004997 | seq 16
  [aml] step 110/240 | loss 2.8076 (avg 3.1318) | lr 0.004997 | seq 16
  [aml] step 120/240 | loss 4.2255 (avg 3.1056) | lr 0.004997 | seq 16
  [aml] step 130/240 | loss 1.4040 (avg 3.1389) | lr 0.004997 | seq 16
  [aml] step 140/240 | loss 2.3118 (avg 3.1221) | lr 0.004997 | seq 16
  [aml] step 150/240 | loss 3.6437 (avg 3.1365) | lr 0.004997 | seq 16
  [aml] step 160/240 | loss 2.4645 (avg 3.1466) | lr 0.004997 | seq 16
  [aml] step 170/240 | loss 1.1436 (avg 3.1534) | lr 0.004996 | seq 16
  [aml] step 180/240 | loss 4.2848 (avg 3.1734) | lr 0.004996 | seq 16
  [aml] step 190/240 | loss 4.0131 (avg 3.1777) | lr 0.004996 | seq 16
  [aml] step 200/240 | loss 3.1926 (avg 3.1899) | lr 0.004996 | seq 16
  [aml] step 210/240 | loss 4.6606 (avg 3.2093) | lr 0.004996 | seq 16
  [aml] step 220/240 | loss 1.6969 (avg 3.2348) | lr 0.004996 | seq 16
  [aml] step 230/240 | loss 3.1897 (avg 3.2115) | lr 0.004996 | seq 16
[aml] training complete: 240 steps, avg loss 3.1810 (memory freed)
  [aml] step 0/240 | loss 3.6311 (avg 3.6311) | lr 0.004996 | seq 32
  [aml] step 10/240 | loss 4.6637 (avg 3.6810) | lr 0.004996 | seq 32
  [aml] step 20/240 | loss 4.6981 (avg 3.6282) | lr 0.004996 | seq 32
  [aml] step 30/240 | loss 1.3186 (avg 3.3396) | lr 0.004996 | seq 32
  [aml] step 40/240 | loss 0.8928 (avg 3.2990) | lr 0.004996 | seq 32
  [aml] step 50/240 | loss 4.4094 (avg 3.1473) | lr 0.004995 | seq 32
  [aml] step 60/240 | loss 1.9703 (avg 3.1420) | lr 0.004995 | seq 32
  [aml] step 70/240 | loss 1.2405 (avg 3.1423) | lr 0.004995 | seq 32
  [aml] step 80/240 | loss 0.9133 (avg 3.1239) | lr 0.004995 | seq 32
  [aml] step 90/240 | loss 1.4637 (avg 3.0839) | lr 0.004995 | seq 32
  [aml] step 100/240 | loss 1.6865 (avg 3.0316) | lr 0.004995 | seq 32
  [aml] step 110/240 | loss 1.5094 (avg 2.9932) | lr 0.004995 | seq 32
  [aml] step 120/240 | loss 3.9529 (avg 2.9914) | lr 0.004995 | seq 32
  [aml] step 130/240 | loss 0.9852 (avg 2.9486) | lr 0.004995 | seq 32
  [aml] step 140/240 | loss 3.9164 (avg 2.9351) | lr 0.004995 | seq 32
  [aml] step 150/240 | loss 1.6583 (avg 2.8999) | lr 0.004995 | seq 32
  [aml] step 160/240 | loss 0.9458 (avg 2.9083) | lr 0.004994 | seq 32
  [aml] step 170/240 | loss 0.8358 (avg 2.8604) | lr 0.004994 | seq 32
  [aml] step 180/240 | loss 4.5022 (avg 2.8436) | lr 0.004994 | seq 32
  [aml] step 190/240 | loss 4.0287 (avg 2.8207) | lr 0.004994 | seq 32
  [aml] step 200/240 | loss 3.4905 (avg 2.8428) | lr 0.004994 | seq 32
  [aml] step 210/240 | loss 1.3298 (avg 2.7888) | lr 0.004994 | seq 32
  [aml] step 220/240 | loss 3.6895 (avg 2.7775) | lr 0.004994 | seq 32
  [aml] step 230/240 | loss 0.8647 (avg 2.7263) | lr 0.004994 | seq 32
[aml] training complete: 240 steps, avg loss 2.7543 (memory freed)

[stage 1 — infant] What it sounds like now:
  Q: Hello.
  A: The windward water. Dead loose underground is the block sound of the rock.
  Q: Who are you?
  A: ...
  Q: What do you know?
  A: ...

[growth] ONTOGENESIS: stage 1 -> 2
  embd: 32 -> 64, layer: 1 -> 2, head: 2 -> 4
[growth] Done. Freeze for 500 steps.
[init] Stage 2 (child): embd=64, layer=2, head=4 — warmup 800 steps (800 backprop + 0 notorch, sqrt-scaled 2x)
  [aml] step 0/320 | loss 3.3190 (avg 3.3190) | lr 0.000250 | seq 8
  [aml] step 10/320 | loss 3.3114 (avg 4.0250) | lr 0.000363 | seq 8
  [aml] step 20/320 | loss 3.3833 (avg 3.9608) | lr 0.000475 | seq 8
  [aml] step 30/320 | loss 3.2984 (avg 3.6234) | lr 0.000588 | seq 8
  [aml] step 40/320 | loss 2.5950 (avg 3.6739) | lr 0.000700 | seq 8
  [aml] step 50/320 | loss 3.9465 (avg 3.6040) | lr 0.000813 | seq 8
  [aml] step 60/320 | loss 4.2298 (avg 3.6586) | lr 0.000925 | seq 8
  [aml] step 70/320 | loss 5.2461 (avg 3.6576) | lr 0.001038 | seq 8
  [aml] step 80/320 | loss 0.2541 (avg 3.6170) | lr 0.001150 | seq 8
  [aml] step 90/320 | loss 3.3981 (avg 3.5622) | lr 0.001263 | seq 8
  [aml] step 100/320 | loss 3.2883 (avg 3.4711) | lr 0.001375 | seq 8
  [aml] step 110/320 | loss 4.0335 (avg 3.4726) | lr 0.001488 | seq 8
  [aml] step 120/320 | loss 3.5449 (avg 3.4501) | lr 0.001600 | seq 8
  [aml] step 130/320 | loss 4.0421 (avg 3.4368) | lr 0.001713 | seq 8
  [aml] step 140/320 | loss 3.6374 (avg 3.3994) | lr 0.001825 | seq 8
  [aml] step 150/320 | loss 0.1591 (avg 3.3519) | lr 0.001938 | seq 8
  [aml] step 160/320 | loss 5.6254 (avg 3.3936) | lr 0.002050 | seq 8
  [aml] step 170/320 | loss 2.8412 (avg 3.3974) | lr 0.002163 | seq 8
  [aml] step 180/320 | loss 4.2176 (avg 3.4078) | lr 0.002275 | seq 8
  [aml] step 190/320 | loss 2.4907 (avg 3.4120) | lr 0.002387 | seq 8
  [aml] step 200/320 | loss 2.1488 (avg 3.3982) | lr 0.002496 | seq 8
  [aml] step 210/320 | loss 4.0776 (avg 3.4063) | lr 0.002496 | seq 8
  [aml] step 220/320 | loss 4.1681 (avg 3.4269) | lr 0.002496 | seq 8
  [aml] step 230/320 | loss 1.2698 (avg 3.4037) | lr 0.002495 | seq 8
  [aml] step 240/320 | loss 4.1796 (avg 3.3902) | lr 0.002495 | seq 8
  [aml] step 250/320 | loss 5.2373 (avg 3.4074) | lr 0.002495 | seq 8
  [aml] step 260/320 | loss 1.6294 (avg 3.3799) | lr 0.002495 | seq 8
  [aml] step 270/320 | loss 0.2082 (avg 3.3408) | lr 0.002495 | seq 8
  [aml] step 280/320 | loss 4.6284 (avg 3.3598) | lr 0.002495 | seq 8
  [aml] step 290/320 | loss 4.0578 (avg 3.3630) | lr 0.002495 | seq 8
  [aml] step 300/320 | loss 4.6881 (avg 3.3904) | lr 0.002495 | seq 8
  [aml] step 310/320 | loss 2.1967 (avg 3.3807) | lr 0.002495 | seq 8
[aml] training complete: 320 steps, avg loss 3.3873 (memory freed)
  [aml] step 0/240 | loss 3.4442 (avg 3.4442) | lr 0.002495 | seq 16
  [aml] step 10/240 | loss 2.0175 (avg 3.8222) | lr 0.002495 | seq 16
  [aml] step 20/240 | loss 2.4969 (avg 3.6944) | lr 0.002495 | seq 16
  [aml] step 30/240 | loss 3.1027 (avg 3.7105) | lr 0.002495 | seq 16
  [aml] step 40/240 | loss 1.3834 (avg 3.5181) | lr 0.002495 | seq 16
  [aml] step 50/240 | loss 4.6572 (avg 3.5945) | lr 0.002495 | seq 16
  [aml] step 60/240 | loss 1.5143 (avg 3.4956) | lr 0.002494 | seq 16
  [aml] step 70/240 | loss 1.1818 (avg 3.2283) | lr 0.002494 | seq 16
  [aml] step 80/240 | loss 3.6793 (avg 3.2639) | lr 0.002494 | seq 16
  [aml] step 90/240 | loss 3.9456 (avg 3.3213) | lr 0.002494 | seq 16
  [aml] step 100/240 | loss 1.2698 (avg 3.2624) | lr 0.002494 | seq 16
  [aml] step 110/240 | loss 3.6791 (avg 3.2217) | lr 0.002494 | seq 16
  [aml] step 120/240 | loss 4.0833 (avg 3.2242) | lr 0.002494 | seq 16
  [aml] step 130/240 | loss 3.6720 (avg 3.2001) | lr 0.002494 | seq 16
  [aml] step 140/240 | loss 2.4293 (avg 3.2229) | lr 0.002494 | seq 16
  [aml] step 150/240 | loss 2.4960 (avg 3.2740) | lr 0.002494 | seq 16
  [aml] step 160/240 | loss 4.0868 (avg 3.2953) | lr 0.002494 | seq 16
  [aml] step 170/240 | loss 1.1310 (avg 3.2572) | lr 0.002494 | seq 16
  [aml] step 180/240 | loss 1.0601 (avg 3.2108) | lr 0.002494 | seq 16
  [aml] step 190/240 | loss 1.2432 (avg 3.2016) | lr 0.002494 | seq 16
  [aml] step 200/240 | loss 2.9809 (avg 3.2001) | lr 0.002493 | seq 16
  [aml] step 210/240 | loss 1.3450 (avg 3.1673) | lr 0.002493 | seq 16
  [aml] step 220/240 | loss 4.5915 (avg 3.1425) | lr 0.002493 | seq 16
  [aml] step 230/240 | loss 4.5974 (avg 3.1525) | lr 0.002493 | seq 16
[aml] training complete: 240 steps, avg loss 3.1671 (memory freed)
  [aml] step 0/240 | loss 0.6108 (avg 0.6108) | lr 0.002493 | seq 32
  [aml] step 10/240 | loss 1.4191 (avg 2.2616) | lr 0.002493 | seq 32
  [aml] step 20/240 | loss 0.8021 (avg 2.3990) | lr 0.002493 | seq 32
  [aml] step 30/240 | loss 1.4460 (avg 2.4453) | lr 0.002493 | seq 32
  [aml] step 40/240 | loss 4.9370 (avg 2.3378) | lr 0.002493 | seq 32
  [aml] step 50/240 | loss 4.1433 (avg 2.3090) | lr 0.002493 | seq 32
  [aml] step 60/240 | loss 3.9982 (avg 2.3943) | lr 0.002493 | seq 32
  [aml] step 70/240 | loss 1.2832 (avg 2.3089) | lr 0.002493 | seq 32
  [aml] step 80/240 | loss 0.8104 (avg 2.2833) | lr 0.002492 | seq 32
  [aml] step 90/240 | loss 1.3329 (avg 2.3256) | lr 0.002492 | seq 32
  [aml] step 100/240 | loss 0.9402 (avg 2.3450) | lr 0.002492 | seq 32
  [aml] step 110/240 | loss 1.6950 (avg 2.3040) | lr 0.002492 | seq 32
  [aml] step 120/240 | loss 4.1337 (avg 2.3837) | lr 0.002492 | seq 32
  [aml] step 130/240 | loss 1.3370 (avg 2.4180) | lr 0.002492 | seq 32
  [aml] step 140/240 | loss 4.5241 (avg 2.4946) | lr 0.002492 | seq 32
  [aml] step 150/240 | loss 1.1566 (avg 2.4810) | lr 0.002492 | seq 32
  [aml] step 160/240 | loss 0.6425 (avg 2.4643) | lr 0.002492 | seq 32
  [aml] step 170/240 | loss 0.5605 (avg 2.4750) | lr 0.002492 | seq 32
  [aml] step 180/240 | loss 1.2347 (avg 2.4953) | lr 0.002492 | seq 32
  [aml] step 190/240 | loss 0.9567 (avg 2.5283) | lr 0.002492 | seq 32
  [aml] step 200/240 | loss 1.0896 (avg 2.5385) | lr 0.002491 | seq 32
  [aml] step 210/240 | loss 1.3655 (avg 2.5386) | lr 0.002491 | seq 32
  [aml] step 220/240 | loss 3.0744 (avg 2.5376) | lr 0.002491 | seq 32
  [aml] step 230/240 | loss 1.5246 (avg 2.5444) | lr 0.002491 | seq 32
[aml] training complete: 240 steps, avg loss 2.5660 (memory freed)

[stage 2 — child] What it sounds like now:
  Q: Hello.
  A: A narrow you the river does not along a of the crushing in a coast civalent enough are season water — fields the to the construction.
  Q: Who are you?
  A: ...
  Q: What do you know?
  A: ...

[init] Warmup complete at stage 2. Organism ready.
[ecology] First organism in the swarm.
molequla is alive. [evolution] Autonomous mode — background trainer running. Ctrl+C to stop.
[dna] earth wrote 181 bytes to ecology
[dna] earth wrote 79 bytes to ecology
[dna] earth wrote 95 bytes to ecology
[dna] earth wrote 64 bytes to ecology
[dna] earth wrote 56 bytes to ecology
[dna] earth wrote 51 bytes to ecology
[dna] earth wrote 34 bytes to ecology
[dna] earth wrote 31 bytes to ecology
[dna] earth wrote 56 bytes to ecology
[dna] earth wrote 76 bytes to ecology
[dna] earth wrote 49 bytes to ecology
[dna] earth wrote 48 bytes to ecology
[dna] earth wrote 34 bytes to ecology
[dna] earth wrote 46 bytes to ecology
[dna] earth wrote 39 bytes to ecology
[dna] earth wrote 102 bytes to ecology
[dna] earth wrote 48 bytes to ecology
[debug-onto] tick=50 corpus=173643 stage=2 freeze=0
[dna] earth wrote 49 bytes to ecology
[dna] earth wrote 69 bytes to ecology
[dna] earth wrote 34 bytes to ecology
[dna] earth wrote 122 bytes to ecology
[dna] earth wrote 52 bytes to ecology
[dna] earth wrote 28 bytes to ecology
[dna] earth wrote 33 bytes to ecology
[dna] earth wrote 28 bytes to ecology
[dna] earth wrote 146 bytes to ecology
[dna] earth wrote 79 bytes to ecology
[dna] earth wrote 38 bytes to ecology
[dna] earth wrote 91 bytes to ecology
[dna] earth wrote 104 bytes to ecology
[dna] earth wrote 53 bytes to ecology
[dna] earth wrote 51 bytes to ecology
[dna] earth wrote 7 bytes to ecology
[dna] earth wrote 96 bytes to ecology
[debug-onto] tick=100 corpus=173643 stage=2 freeze=0
[dna] earth wrote 36 bytes to ecology
[dna] earth wrote 148 bytes to ecology
[dna] earth wrote 31 bytes to ecology
[dna] earth wrote 61 bytes to ecology
[dna] earth wrote 105 bytes to ecology
[dna] earth wrote 70 bytes to ecology
[dna] earth wrote 40 bytes to ecology
[dna] earth wrote 69 bytes to ecology
[dna] earth wrote 45 bytes to ecology
[dna] earth wrote 25 bytes to ecology
[dna] earth wrote 69 bytes to ecology
[dna] earth wrote 101 bytes to ecology
[dna] earth wrote 154 bytes to ecology
[dna] earth wrote 33 bytes to ecology
[dna] earth wrote 61 bytes to ecology
[dna] earth wrote 124 bytes to ecology
[debug-onto] tick=150 corpus=173643 stage=2 freeze=0
[dna] earth wrote 31 bytes to ecology
[dna] earth wrote 197 bytes to ecology
[dna] earth wrote 23 bytes to ecology
[dna] earth wrote 175 bytes to ecology
[dna] earth wrote 88 bytes to ecology
[dna] earth wrote 216 bytes to ecology
[dna] earth wrote 52 bytes to ecology
[dna] earth wrote 167 bytes to ecology
[dna] earth wrote 143 bytes to ecology
[dna] earth wrote 111 bytes to ecology
[dna] earth wrote 49 bytes to ecology
[dna] earth wrote 125 bytes to ecology
[dna] earth wrote 48 bytes to ecology
[dna] earth wrote 154 bytes to ecology
[dna] earth wrote 102 bytes to ecology
[dna] earth wrote 26 bytes to ecology
[dna] earth wrote 232 bytes to ecology
[debug-onto] tick=200 corpus=173643 stage=2 freeze=0
[dna] earth wrote 90 bytes to ecology
[dna] earth wrote 101 bytes to ecology
[dna] earth wrote 27 bytes to ecology
[dna] earth wrote 108 bytes to ecology
[dna] earth wrote 7 bytes to ecology
[dna] earth wrote 101 bytes to ecology
[dna] earth wrote 36 bytes to ecology
[dna] earth wrote 5 bytes to ecology
[dna] earth wrote 120 bytes to ecology
[dna] earth wrote 68 bytes to ecology
[dna] earth wrote 32 bytes to ecology
[dna] earth wrote 117 bytes to ecology
[dna] earth wrote 36 bytes to ecology
[dna] earth wrote 85 bytes to ecology
[dna] earth wrote 72 bytes to ecology
[dna] earth wrote 110 bytes to ecology
[dna] earth wrote 87 bytes to ecology
[debug-onto] tick=250 corpus=173643 stage=2 freeze=0
[dna] earth wrote 55 bytes to ecology
[dna] earth wrote 71 bytes to ecology
[dna] earth wrote 26 bytes to ecology
[dna] earth wrote 192 bytes to ecology
[dna] earth wrote 68 bytes to ecology
[dna] earth wrote 129 bytes to ecology
[dna] earth wrote 150 bytes to ecology
[dna] earth wrote 59 bytes to ecology
[dna] earth wrote 75 bytes to ecology
[dna] earth wrote 30 bytes to ecology
[dna] earth wrote 11 bytes to ecology
[dna] earth wrote 98 bytes to ecology
[dna] earth wrote 65 bytes to ecology
[dna] earth wrote 36 bytes to ecology
[dna] earth wrote 108 bytes to ecology
[dna] earth wrote 64 bytes to ecology
[debug-onto] tick=300 corpus=173643 stage=2 freeze=0
[dna] earth wrote 33 bytes to ecology
[dna] earth wrote 258 bytes to ecology
[dna] earth wrote 122 bytes to ecology
[dna] earth wrote 54 bytes to ecology
[dna] earth wrote 72 bytes to ecology
[dna] earth wrote 108 bytes to ecology
[dna] earth wrote 25 bytes to ecology
[dna] earth wrote 256 bytes to ecology
[dna] earth wrote 26 bytes to ecology
[dna] earth wrote 24 bytes to ecology
[dna] earth wrote 147 bytes to ecology
[dna] earth wrote 47 bytes to ecology
[dna] earth wrote 34 bytes to ecology
[dna] earth wrote 71 bytes to ecology
[dna] earth wrote 96 bytes to ecology
[dna] earth wrote 30 bytes to ecology
[dna] earth wrote 57 bytes to ecology
[debug-onto] tick=350 corpus=173643 stage=2 freeze=0
[dna] earth wrote 79 bytes to ecology
[dna] earth wrote 97 bytes to ecology
[dna] earth wrote 40 bytes to ecology
[dna] earth wrote 101 bytes to ecology
[dna] earth wrote 37 bytes to ecology
[dna] earth wrote 45 bytes to ecology
[dna] earth wrote 36 bytes to ecology
[dna] earth wrote 92 bytes to ecology
[dna] earth wrote 43 bytes to ecology
[dna] earth wrote 47 bytes to ecology
[dna] earth wrote 100 bytes to ecology
[dna] earth wrote 47 bytes to ecology
[dna] earth wrote 87 bytes to ecology
[dna] earth wrote 44 bytes to ecology
[dna] earth wrote 8 bytes to ecology
[dna] earth wrote 72 bytes to ecology
[dna] earth wrote 144 bytes to ecology
[debug-onto] tick=400 corpus=173643 stage=2 freeze=0
[dna] earth wrote 158 bytes to ecology
[dna] earth wrote 67 bytes to ecology
[dna] earth wrote 40 bytes to ecology
[dna] earth wrote 64 bytes to ecology
[dna] earth wrote 131 bytes to ecology
[dna] earth wrote 17 bytes to ecology
[dna] earth wrote 45 bytes to ecology
[dna] earth wrote 49 bytes to ecology
[dna] earth wrote 47 bytes to ecology
[dna] earth wrote 64 bytes to ecology
[dna] earth wrote 30 bytes to ecology
[dna] earth wrote 83 bytes to ecology
[dna] earth wrote 152 bytes to ecology
[dna] earth wrote 124 bytes to ecology
[dna] earth wrote 38 bytes to ecology
[dna] earth wrote 77 bytes to ecology
[debug-onto] tick=450 corpus=173643 stage=2 freeze=0
[dna] earth wrote 97 bytes to ecology
[dna] earth wrote 91 bytes to ecology
[dna] earth wrote 248 bytes to ecology
[dna] earth wrote 94 bytes to ecology
[dna] earth wrote 23 bytes to ecology
[dna] earth wrote 50 bytes to ecology
[dna] earth wrote 63 bytes to ecology
[dna] earth wrote 85 bytes to ecology
[dna] earth wrote 89 bytes to ecology
[dna] earth wrote 141 bytes to ecology
[dna] earth wrote 29 bytes to ecology
[dna] earth wrote 8 bytes to ecology
[dna] earth wrote 26 bytes to ecology
[dna] earth wrote 44 bytes to ecology
[dna] earth wrote 94 bytes to ecology
[dna] earth wrote 70 bytes to ecology
[dna] earth wrote 28 bytes to ecology
[debug-onto] tick=500 corpus=173643 stage=2 freeze=0
[dna] earth wrote 25 bytes to ecology
[dna] earth wrote 30 bytes to ecology
[dna] earth wrote 134 bytes to ecology
[dna] earth wrote 93 bytes to ecology
[dna] earth wrote 25 bytes to ecology
[dna] earth wrote 36 bytes to ecology
[dna] earth wrote 47 bytes to ecology
[dna] earth wrote 219 bytes to ecology
[dna] earth wrote 172 bytes to ecology
[dna] earth wrote 25 bytes to ecology
[dna] earth wrote 78 bytes to ecology
[dna] earth wrote 13 bytes to ecology
[dna] earth wrote 120 bytes to ecology
[dna] earth wrote 60 bytes to ecology
[dna] earth wrote 240 bytes to ecology
[dna] earth wrote 41 bytes to ecology
[dna] earth wrote 34 bytes to ecology
[debug-onto] tick=550 corpus=173643 stage=2 freeze=0
[dna] earth wrote 108 bytes to ecology
[dna] earth wrote 40 bytes to ecology
[dna] earth wrote 217 bytes to ecology
[dna] earth wrote 193 bytes to ecology
[dna] earth wrote 44 bytes to ecology
[dna] earth wrote 76 bytes to ecology
[dna] earth wrote 86 bytes to ecology
[dna] earth wrote 149 bytes to ecology
[dna] earth wrote 10 bytes to ecology
[dna] earth wrote 124 bytes to ecology
[dna] earth wrote 41 bytes to ecology
[dna] earth wrote 64 bytes to ecology
[dna] earth wrote 26 bytes to ecology
[dna] earth wrote 95 bytes to ecology
[dna] earth wrote 149 bytes to ecology
[dna] earth wrote 35 bytes to ecology
[debug-onto] tick=600 corpus=173643 stage=2 freeze=0
[dna] earth wrote 80 bytes to ecology
[dna] earth wrote 29 bytes to ecology
[dna] earth wrote 60 bytes to ecology
[dna] earth wrote 72 bytes to ecology
[dna] earth wrote 43 bytes to ecology
[dna] earth wrote 179 bytes to ecology
[dna] earth wrote 37 bytes to ecology
[dna] earth wrote 106 bytes to ecology
[dna] earth wrote 85 bytes to ecology
[dna] earth wrote 101 bytes to ecology
[dna] earth wrote 30 bytes to ecology
[dna] earth wrote 47 bytes to ecology
[dna] earth wrote 125 bytes to ecology
[dna] earth wrote 42 bytes to ecology
[dna] earth wrote 66 bytes to ecology
[dna] earth wrote 75 bytes to ecology
[dna] earth wrote 121 bytes to ecology
[debug-onto] tick=650 corpus=173643 stage=2 freeze=0
[dna] earth wrote 174 bytes to ecology
[dna] earth wrote 74 bytes to ecology
[dna] earth wrote 179 bytes to ecology
[dna] earth wrote 53 bytes to ecology
[dna] earth wrote 61 bytes to ecology
[dna] earth wrote 25 bytes to ecology
[dna] earth wrote 54 bytes to ecology

[evolution] Organism shutting down gracefully.
