[ecology] Element: fire → corpus: nonames_fire.txt
[evolution] Autonomous evolution mode — organism will grow through all stages without pause.
[ecology] Joined swarm. 1 peer(s) detected.
molequla is alive. [evolution] Autonomous mode — background trainer running. Ctrl+C to stop.
[dna] fire wrote 36 bytes to ecology
[dna] fire consumed 18711 bytes from 279 files: [water/gen_1777621079_1.txt water/gen_1777621097_4.txt water/gen_1777621105_7.txt water/gen_1777621114_10.txt water/gen_1777621120_12.txt water/gen_1777621123_13.txt water/gen_1777621132_16.txt water/gen_1777621138_18.txt water/gen_1777621141_19.txt water/gen_1777621150_22.txt water/gen_1777621156_24.txt water/gen_1777621159_25.txt water/gen_1777621168_28.txt water/gen_1777621174_30.txt water/gen_1777621176_31.txt water/gen_1777621185_34.txt water/gen_1777621191_36.txt water/gen_1777621194_37.txt water/gen_1777621203_40.txt water/gen_1777621209_42.txt water/gen_1777621212_43.txt water/gen_1777621221_46.txt water/gen_1777621227_48.txt water/gen_1777621230_49.txt water/gen_1777621239_52.txt water/gen_1777621245_54.txt water/gen_1777621248_55.txt water/gen_1777621256_58.txt water/gen_1777621265_61.txt water/gen_1777621274_64.txt water/gen_1777621280_66.txt water/gen_1777621283_67.txt water/gen_1777621292_70.txt water/gen_1777621298_72.txt water/gen_1777621301_73.txt water/gen_1777621310_76.txt water/gen_1777621315_78.txt water/gen_1777621318_79.txt water/gen_1777621327_82.txt water/gen_1777621333_84.txt water/gen_1777621336_85.txt water/gen_1777621345_88.txt water/gen_1777621351_90.txt water/gen_1777621354_91.txt water/gen_1777621363_94.txt water/gen_1777621369_96.txt water/gen_1777621372_97.txt water/gen_1777621381_100.txt water/gen_1777621387_102.txt water/gen_1777621390_103.txt water/gen_1777621399_106.txt water/gen_1777621408_109.txt water/gen_1777621416_112.txt water/gen_1777621422_114.txt water/gen_1777621425_115.txt water/gen_1777621434_118.txt water/gen_1777621440_120.txt water/gen_1777621443_121.txt water/gen_1777621452_124.txt water/gen_1777621461_127.txt water/gen_1777621470_130.txt water/gen_1777621476_132.txt water/gen_1777621479_133.txt water/gen_1777621488_136.txt water/gen_1777621494_138.txt water/gen_1777621497_139.txt water/gen_1777621506_142.txt water/gen_1777621512_144.txt water/gen_1777621515_145.txt water/gen_1777621524_148.txt water/gen_1777621529_150.txt water/gen_1777621533_151.txt water/gen_1777621541_154.txt water/gen_1777621547_156.txt water/gen_1777621550_157.txt water/gen_1777621559_160.txt water/gen_1777621566_162.txt water/gen_1777621569_163.txt water/gen_1777621578_166.txt water/gen_1777621584_168.txt water/gen_1777621587_169.txt water/gen_1777621595_172.txt water/gen_1777621602_174.txt water/gen_1777621605_175.txt water/gen_1777621614_178.txt water/gen_1777621620_180.txt water/gen_1777621623_181.txt water/gen_1777621632_184.txt water/gen_1777621638_186.txt water/gen_1777621641_187.txt water/gen_1777621650_190.txt water/gen_1777621656_192.txt water/gen_1777621659_193.txt water/gen_1777621668_196.txt water/gen_1777621674_198.txt water/gen_1777621677_199.txt water/gen_1777621686_202.txt water/gen_1777621692_204.txt water/gen_1777621695_205.txt water/gen_1777621704_208.txt water/gen_1777621710_210.txt water/gen_1777621714_211.txt water/gen_1777621723_214.txt water/gen_1777621729_216.txt water/gen_1777621732_217.txt water/gen_1777621741_220.txt water/gen_1777621747_222.txt water/gen_1777621750_223.txt water/gen_1777621759_226.txt water/gen_1777621765_228.txt water/gen_1777621768_229.txt water/gen_1777621776_232.txt water/gen_1777621782_234.txt water/gen_1777621785_235.txt water/gen_1777621794_238.txt water/gen_1777621800_240.txt water/gen_1777621803_241.txt water/gen_1777621812_244.txt water/gen_1777621818_246.txt water/gen_1777621821_247.txt water/gen_1777621830_250.txt water/gen_1777621839_253.txt water/gen_1777621848_256.txt water/gen_1777621866_262.txt water/gen_1777621872_264.txt water/gen_1777621875_265.txt water/gen_1777621884_268.txt water/gen_1777621890_270.txt water/gen_1777621893_271.txt water/gen_1777621902_274.txt water/gen_1777621907_276.txt water/gen_1777621910_277.txt water/gen_1777621919_280.txt water/gen_1777621925_282.txt water/gen_1777621928_283.txt water/gen_1777621937_286.txt water/gen_1777621943_288.txt water/gen_1777621946_289.txt water/gen_1777621955_292.txt water/gen_1777621961_294.txt water/gen_1777621964_295.txt water/gen_1777621973_298.txt water/gen_1777621979_300.txt water/gen_1777621982_301.txt water/gen_1777621991_304.txt water/gen_1777621997_306.txt water/gen_1777622000_307.txt water/gen_1777622010_310.txt water/gen_1777622015_312.txt water/gen_1777622018_313.txt water/gen_1777622027_316.txt water/gen_1777622034_318.txt water/gen_1777622037_319.txt water/gen_1777622046_322.txt water/gen_1777622052_324.txt water/gen_1777622055_325.txt water/gen_1777622063_328.txt water/gen_1777622072_331.txt water/gen_1777622081_334.txt water/gen_1777622090_337.txt water/gen_1777622099_340.txt water/gen_1777622108_343.txt water/gen_1777622117_346.txt water/gen_1777622123_348.txt water/gen_1777622126_349.txt water/gen_1777622135_352.txt water/gen_1777622144_355.txt water/gen_1777622153_358.txt water/gen_1777622159_360.txt water/gen_1777622162_361.txt water/gen_1777622171_364.txt water/gen_1777622177_366.txt water/gen_1777622180_367.txt water/gen_1777622189_370.txt water/gen_1777622195_372.txt water/gen_1777622198_373.txt water/gen_1777622207_376.txt water/gen_1777622213_378.txt water/gen_1777622216_379.txt water/gen_1777622225_382.txt water/gen_1777622231_384.txt water/gen_1777622234_385.txt water/gen_1777622243_388.txt water/gen_1777622249_390.txt water/gen_1777622252_391.txt water/gen_1777622261_394.txt water/gen_1777622270_397.txt water/gen_1777622279_400.txt water/gen_1777622285_402.txt water/gen_1777622288_403.txt water/gen_1777622297_406.txt water/gen_1777622303_408.txt water/gen_1777622306_409.txt water/gen_1777622315_412.txt water/gen_1777622321_414.txt water/gen_1777622324_415.txt water/gen_1777622333_418.txt water/gen_1777622339_420.txt water/gen_1777622342_421.txt water/gen_1777622351_424.txt water/gen_1777622357_426.txt water/gen_1777622360_427.txt water/gen_1777622369_430.txt water/gen_1777622375_432.txt water/gen_1777622378_433.txt water/gen_1777622387_436.txt water/gen_1777622393_438.txt water/gen_1777622396_439.txt water/gen_1777622405_442.txt water/gen_1777622411_444.txt water/gen_1777622414_445.txt water/gen_1777622423_448.txt water/gen_1777622429_450.txt water/gen_1777622432_451.txt water/gen_1777622441_454.txt water/gen_1777622447_456.txt water/gen_1777622450_457.txt water/gen_1777622459_460.txt water/gen_1777622465_462.txt water/gen_1777622468_463.txt water/gen_1777622477_466.txt water/gen_1777622482_468.txt water/gen_1777622485_469.txt water/gen_1777622494_472.txt water/gen_1777622500_474.txt water/gen_1777622503_475.txt water/gen_1777622512_478.txt water/gen_1777622521_481.txt water/gen_1777622530_484.txt water/gen_1777622539_487.txt water/gen_1777622548_490.txt water/gen_1777622554_492.txt water/gen_1777622557_493.txt water/gen_1777622566_496.txt water/gen_1777622575_499.txt water/gen_1777622584_502.txt water/gen_1777622590_504.txt water/gen_1777622593_505.txt water/gen_1777622602_508.txt water/gen_1777622608_510.txt water/gen_1777622611_511.txt water/gen_1777622620_514.txt water/gen_1777622626_516.txt water/gen_1777622629_517.txt water/gen_1777622638_520.txt water/gen_1777622644_522.txt water/gen_1777622648_523.txt water/gen_1777622657_526.txt water/gen_1777622666_529.txt water/gen_1777622675_532.txt water/gen_1777622684_535.txt water/gen_1777622693_538.txt water/gen_1777622699_540.txt water/gen_1777622702_541.txt water/gen_1777622711_544.txt water/gen_1777622717_546.txt water/gen_1777622729_550.txt water/gen_1777622735_552.txt water/gen_1777622738_553.txt water/gen_1777622747_556.txt water/gen_1777622753_558.txt water/gen_1777622756_559.txt water/gen_1777622765_562.txt water/gen_1777622771_564.txt water/gen_1777622774_565.txt water/gen_1777622783_568.txt water/gen_1777622790_570.txt water/gen_1777622793_571.txt water/gen_1777622802_574.txt water/gen_1777622808_576.txt water/gen_1777622811_577.txt water/gen_1777622820_580.txt water/gen_1777622826_582.txt water/gen_1777622829_583.txt water/gen_1777622838_586.txt water/gen_1777622847_589.txt water/gen_1777622856_592.txt water/gen_1777622865_595.txt water/gen_1777622874_598.txt]
[trainer] micro-train burst (18711 bytes, novelty 0.04) — and lo, it feeds again.
[syntropy] action=explore | trend=0.0000 | field_dev=0.072 | purpose_align=-0.009 | lr_mul=1.30
[aml] burst complete: 32 steps, avg loss 1.5868 (memory freed)
[dna] fire wrote 38 bytes to ecology
[dna] fire wrote 72 bytes to ecology
[dna] fire wrote 29 bytes to ecology
[dna] fire wrote 169 bytes to ecology
[dna] fire wrote 34 bytes to ecology
[dna] fire wrote 133 bytes to ecology
[dna] fire wrote 35 bytes to ecology
[dna] fire wrote 47 bytes to ecology
[dna] fire wrote 52 bytes to ecology
[dna] fire wrote 88 bytes to ecology
[dna] fire wrote 29 bytes to ecology
[dna] fire wrote 53 bytes to ecology
[dna] fire wrote 32 bytes to ecology
[dna] fire wrote 55 bytes to ecology
[dna] fire wrote 25 bytes to ecology
[dna] fire wrote 112 bytes to ecology
[debug-onto] tick=50 corpus=140890 stage=2 freeze=0
[dna] fire wrote 43 bytes to ecology
[dna] fire wrote 44 bytes to ecology
[dna] fire wrote 56 bytes to ecology
[dna] fire wrote 50 bytes to ecology
[dna] fire wrote 90 bytes to ecology
[dna] fire wrote 97 bytes to ecology
[dna] fire wrote 28 bytes to ecology
[dna] fire wrote 47 bytes to ecology
[dna] fire wrote 27 bytes to ecology
[dna] fire wrote 9 bytes to ecology
[dna] fire wrote 20 bytes to ecology
[dna] fire wrote 33 bytes to ecology
[dna] fire wrote 36 bytes to ecology
[dna] fire wrote 93 bytes to ecology
[dna] fire wrote 52 bytes to ecology
[dna] fire wrote 22 bytes to ecology
[dna] fire wrote 59 bytes to ecology
[debug-onto] tick=100 corpus=140890 stage=2 freeze=0
[dna] fire wrote 42 bytes to ecology
[dna] fire wrote 50 bytes to ecology
[dna] fire wrote 104 bytes to ecology
[dna] fire wrote 68 bytes to ecology
[dna] fire wrote 30 bytes to ecology
[dna] fire wrote 74 bytes to ecology
[dna] fire wrote 50 bytes to ecology
[dna] fire wrote 66 bytes to ecology
[dna] fire wrote 66 bytes to ecology
[dna] fire wrote 69 bytes to ecology
[dna] fire wrote 7 bytes to ecology
[dna] fire wrote 18 bytes to ecology
[dna] fire wrote 11 bytes to ecology
[dna] fire wrote 65 bytes to ecology
[dna] fire wrote 42 bytes to ecology
[dna] fire wrote 69 bytes to ecology
[debug-onto] tick=150 corpus=140890 stage=2 freeze=0
[dna] fire wrote 41 bytes to ecology
[dna] fire wrote 91 bytes to ecology
[dna] fire wrote 11 bytes to ecology
[dna] fire wrote 87 bytes to ecology
[dna] fire wrote 130 bytes to ecology
[dna] fire wrote 176 bytes to ecology
[dna] fire wrote 34 bytes to ecology
[dna] fire wrote 135 bytes to ecology
[dna] fire wrote 91 bytes to ecology
[dna] fire wrote 14 bytes to ecology
[dna] fire wrote 26 bytes to ecology
[dna] fire wrote 54 bytes to ecology
[dna] fire wrote 59 bytes to ecology
[dna] fire wrote 61 bytes to ecology
[dna] fire wrote 66 bytes to ecology
[dna] fire wrote 9 bytes to ecology
[dna] fire wrote 133 bytes to ecology
[debug-onto] tick=200 corpus=140890 stage=2 freeze=0
[dna] fire wrote 30 bytes to ecology
[dna] fire wrote 21 bytes to ecology
[dna] fire wrote 28 bytes to ecology
[dna] fire wrote 80 bytes to ecology
[dna] fire wrote 61 bytes to ecology
[dna] fire wrote 27 bytes to ecology
[dna] fire wrote 179 bytes to ecology
[dna] fire wrote 337 bytes to ecology
[dna] fire wrote 85 bytes to ecology
[dna] fire wrote 60 bytes to ecology
[dna] fire wrote 35 bytes to ecology
[dna] fire wrote 37 bytes to ecology
[dna] fire wrote 26 bytes to ecology
[dna] fire wrote 42 bytes to ecology
[dna] fire wrote 24 bytes to ecology
[dna] fire wrote 168 bytes to ecology
[dna] fire wrote 54 bytes to ecology
[debug-onto] tick=250 corpus=140890 stage=2 freeze=0
[dna] fire wrote 41 bytes to ecology
[dna] fire wrote 12 bytes to ecology
[dna] fire wrote 71 bytes to ecology
[dna] fire wrote 31 bytes to ecology
[dna] fire wrote 158 bytes to ecology
[dna] fire wrote 50 bytes to ecology
[dna] fire wrote 88 bytes to ecology
[dna] fire wrote 53 bytes to ecology
[dna] fire wrote 43 bytes to ecology
[dna] fire wrote 24 bytes to ecology
[dna] fire wrote 80 bytes to ecology
[dna] fire wrote 43 bytes to ecology
[dna] fire wrote 37 bytes to ecology
[dna] fire wrote 117 bytes to ecology
[dna] fire wrote 24 bytes to ecology
[dna] fire wrote 18 bytes to ecology
[debug-onto] tick=300 corpus=140890 stage=2 freeze=0
[dna] fire wrote 24 bytes to ecology
[dna] fire wrote 37 bytes to ecology
[dna] fire wrote 56 bytes to ecology
[dna] fire wrote 23 bytes to ecology
[dna] fire wrote 84 bytes to ecology
[dna] fire wrote 19 bytes to ecology
[dna] fire wrote 42 bytes to ecology
[dna] fire wrote 183 bytes to ecology
[dna] fire wrote 75 bytes to ecology
[dna] fire wrote 42 bytes to ecology
[dna] fire wrote 91 bytes to ecology
[dna] fire wrote 87 bytes to ecology
[dna] fire wrote 98 bytes to ecology
[dna] fire wrote 45 bytes to ecology
[dna] fire wrote 25 bytes to ecology
[dna] fire wrote 115 bytes to ecology
[dna] fire wrote 52 bytes to ecology
[debug-onto] tick=350 corpus=140890 stage=2 freeze=0
[dna] fire wrote 29 bytes to ecology
[dna] fire wrote 27 bytes to ecology
[dna] fire wrote 17 bytes to ecology
[dna] fire wrote 36 bytes to ecology
[dna] fire wrote 124 bytes to ecology
[dna] fire wrote 77 bytes to ecology
[dna] fire wrote 58 bytes to ecology
[dna] fire wrote 47 bytes to ecology
[dna] fire wrote 25 bytes to ecology
[dna] fire wrote 101 bytes to ecology
[dna] fire wrote 126 bytes to ecology
[dna] fire wrote 7 bytes to ecology
[dna] fire wrote 36 bytes to ecology
[dna] fire wrote 20 bytes to ecology
[dna] fire wrote 73 bytes to ecology
[dna] fire wrote 106 bytes to ecology
[dna] fire wrote 66 bytes to ecology
[debug-onto] tick=400 corpus=140890 stage=2 freeze=0
[dna] fire wrote 48 bytes to ecology
[dna] fire wrote 100 bytes to ecology
[dna] fire wrote 131 bytes to ecology
[dna] fire wrote 76 bytes to ecology
[dna] fire wrote 69 bytes to ecology
[dna] fire wrote 59 bytes to ecology
[dna] fire wrote 50 bytes to ecology
[dna] fire wrote 20 bytes to ecology
[dna] fire wrote 54 bytes to ecology
[dna] fire wrote 60 bytes to ecology
[dna] fire wrote 28 bytes to ecology
[dna] fire wrote 62 bytes to ecology
[dna] fire wrote 27 bytes to ecology
[dna] fire wrote 51 bytes to ecology
[dna] fire wrote 43 bytes to ecology
[dna] fire wrote 28 bytes to ecology
[debug-onto] tick=450 corpus=140890 stage=2 freeze=0
[dna] fire wrote 27 bytes to ecology
[dna] fire wrote 75 bytes to ecology
[dna] fire wrote 32 bytes to ecology
[dna] fire wrote 28 bytes to ecology
[dna] fire wrote 39 bytes to ecology
[dna] fire wrote 21 bytes to ecology
[dna] fire wrote 32 bytes to ecology
[dna] fire wrote 70 bytes to ecology
[dna] fire wrote 68 bytes to ecology
[dna] fire wrote 52 bytes to ecology
[dna] fire wrote 40 bytes to ecology
[dna] fire wrote 26 bytes to ecology
[dna] fire wrote 43 bytes to ecology
[dna] fire wrote 36 bytes to ecology
[dna] fire wrote 61 bytes to ecology
[dna] fire wrote 12 bytes to ecology
[dna] fire wrote 69 bytes to ecology
[debug-onto] tick=500 corpus=140890 stage=2 freeze=0
[dna] fire wrote 96 bytes to ecology
[dna] fire wrote 41 bytes to ecology
[dna] fire wrote 62 bytes to ecology
[dna] fire wrote 46 bytes to ecology
[dna] fire wrote 29 bytes to ecology
[dna] fire wrote 32 bytes to ecology
[dna] fire wrote 139 bytes to ecology
[dna] fire wrote 43 bytes to ecology
[dna] fire wrote 41 bytes to ecology
[dna] fire wrote 61 bytes to ecology
[dna] fire wrote 54 bytes to ecology
[dna] fire wrote 18 bytes to ecology
[dna] fire wrote 89 bytes to ecology
[dna] fire wrote 34 bytes to ecology
[dna] fire wrote 56 bytes to ecology
[dna] fire wrote 38 bytes to ecology
[dna] fire wrote 89 bytes to ecology
[debug-onto] tick=550 corpus=140890 stage=2 freeze=0
[dna] fire wrote 168 bytes to ecology
[dna] fire wrote 45 bytes to ecology
[dna] fire wrote 31 bytes to ecology
[dna] fire wrote 81 bytes to ecology
[dna] fire wrote 26 bytes to ecology
[dna] fire wrote 32 bytes to ecology
[dna] fire wrote 46 bytes to ecology
[dna] fire wrote 36 bytes to ecology
[dna] fire wrote 73 bytes to ecology
[dna] fire wrote 57 bytes to ecology
[dna] fire wrote 86 bytes to ecology
[dna] fire wrote 49 bytes to ecology
[dna] fire wrote 71 bytes to ecology
[dna] fire wrote 106 bytes to ecology
[dna] fire wrote 64 bytes to ecology
[dna] fire wrote 49 bytes to ecology
[debug-onto] tick=600 corpus=140890 stage=2 freeze=0
[dna] fire wrote 77 bytes to ecology
[dna] fire wrote 23 bytes to ecology
[dna] fire wrote 28 bytes to ecology
[dna] fire wrote 52 bytes to ecology
[dna] fire wrote 70 bytes to ecology
[dna] fire wrote 24 bytes to ecology
[dna] fire wrote 98 bytes to ecology
[dna] fire wrote 52 bytes to ecology
[dna] fire wrote 56 bytes to ecology
[dna] fire wrote 35 bytes to ecology
[dna] fire wrote 125 bytes to ecology
[dna] fire wrote 28 bytes to ecology
[dna] fire wrote 29 bytes to ecology
[dna] fire wrote 34 bytes to ecology
[dna] fire wrote 122 bytes to ecology
[dna] fire wrote 95 bytes to ecology

[evolution] Organism shutting down gracefully.
