[ecology] Element: water → corpus: nonames_water.txt
[evolution] Autonomous evolution mode — organism will grow through all stages without pause.
[ecology] Joined swarm. 1 peer(s) detected.
molequla is alive. [evolution] Autonomous mode — background trainer running. Ctrl+C to stop.
[dna] water wrote 27 bytes to ecology
[dna] water consumed 23810 bytes from 358 files: [air/gen_1777619278_1.txt air/gen_1777619290_2.txt air/gen_1777619295_4.txt air/gen_1777619303_7.txt air/gen_1777619305_8.txt air/gen_1777619310_10.txt air/gen_1777619318_13.txt air/gen_1777619321_14.txt air/gen_1777619326_16.txt air/gen_1777619332_18.txt air/gen_1777619334_19.txt air/gen_1777619337_20.txt air/gen_1777619342_22.txt air/gen_1777619351_25.txt air/gen_1777619353_26.txt air/gen_1777619359_28.txt air/gen_1777619366_31.txt air/gen_1777619369_32.txt air/gen_1777619374_34.txt air/gen_1777619380_36.txt air/gen_1777619383_37.txt air/gen_1777619385_38.txt air/gen_1777619391_40.txt air/gen_1777619399_43.txt air/gen_1777619401_44.txt air/gen_1777619407_46.txt air/gen_1777619415_49.txt air/gen_1777619418_50.txt air/gen_1777619423_52.txt air/gen_1777619428_54.txt air/gen_1777619431_55.txt air/gen_1777619434_56.txt air/gen_1777619439_58.txt air/gen_1777619447_61.txt air/gen_1777619450_62.txt air/gen_1777619455_64.txt air/gen_1777619463_67.txt air/gen_1777619466_68.txt air/gen_1777619471_70.txt air/gen_1777619479_73.txt air/gen_1777619482_74.txt air/gen_1777619487_76.txt air/gen_1777619495_79.txt air/gen_1777619498_80.txt air/gen_1777619503_82.txt air/gen_1777619509_84.txt air/gen_1777619511_85.txt air/gen_1777619514_86.txt air/gen_1777619519_88.txt air/gen_1777619527_91.txt air/gen_1777619530_92.txt air/gen_1777619535_94.txt air/gen_1777619543_97.txt air/gen_1777619546_98.txt air/gen_1777619551_100.txt air/gen_1777619559_103.txt air/gen_1777619562_104.txt air/gen_1777619567_106.txt air/gen_1777619575_109.txt air/gen_1777619578_110.txt air/gen_1777619583_112.txt air/gen_1777619591_115.txt air/gen_1777619594_116.txt air/gen_1777619600_118.txt air/gen_1777619607_121.txt air/gen_1777619610_122.txt air/gen_1777619615_124.txt air/gen_1777619623_127.txt air/gen_1777619626_128.txt air/gen_1777619631_130.txt air/gen_1777619637_132.txt air/gen_1777619639_133.txt air/gen_1777619642_134.txt air/gen_1777619647_136.txt air/gen_1777619655_139.txt air/gen_1777619658_140.txt air/gen_1777619663_142.txt air/gen_1777619671_145.txt air/gen_1777619674_146.txt air/gen_1777619679_148.txt air/gen_1777619684_150.txt air/gen_1777619687_151.txt air/gen_1777619690_152.txt air/gen_1777619695_154.txt air/gen_1777619703_157.txt air/gen_1777619706_158.txt air/gen_1777619711_160.txt air/gen_1777619719_163.txt air/gen_1777619722_164.txt air/gen_1777619727_166.txt air/gen_1777619735_169.txt air/gen_1777619738_170.txt air/gen_1777619744_172.txt air/gen_1777619749_174.txt air/gen_1777619752_175.txt air/gen_1777619755_176.txt air/gen_1777619760_178.txt air/gen_1777619768_181.txt air/gen_1777619771_182.txt air/gen_1777619776_184.txt air/gen_1777619782_186.txt air/gen_1777619784_187.txt air/gen_1777619787_188.txt air/gen_1777619792_190.txt air/gen_1777619800_193.txt air/gen_1777619803_194.txt air/gen_1777619808_196.txt air/gen_1777619814_198.txt air/gen_1777619816_199.txt air/gen_1777619819_200.txt air/gen_1777619824_202.txt air/gen_1777619833_205.txt air/gen_1777619835_206.txt air/gen_1777619841_208.txt air/gen_1777619849_211.txt air/gen_1777619851_212.txt air/gen_1777619857_214.txt air/gen_1777619865_217.txt air/gen_1777619867_218.txt air/gen_1777619873_220.txt air/gen_1777619878_222.txt air/gen_1777619881_223.txt air/gen_1777619883_224.txt air/gen_1777619889_226.txt air/gen_1777619896_229.txt air/gen_1777619899_230.txt air/gen_1777619904_232.txt air/gen_1777619912_235.txt air/gen_1777619915_236.txt air/gen_1777619920_238.txt air/gen_1777619928_241.txt air/gen_1777619931_242.txt air/gen_1777619936_244.txt air/gen_1777619944_247.txt air/gen_1777619947_248.txt air/gen_1777619952_250.txt air/gen_1777619960_253.txt air/gen_1777619963_254.txt air/gen_1777619968_256.txt air/gen_1777619976_259.txt air/gen_1777619979_260.txt air/gen_1777619984_262.txt air/gen_1777619992_265.txt air/gen_1777619994_266.txt air/gen_1777619999_268.txt air/gen_1777620007_271.txt air/gen_1777620010_272.txt air/gen_1777620015_274.txt air/gen_1777620023_277.txt air/gen_1777620026_278.txt air/gen_1777620031_280.txt air/gen_1777620039_283.txt air/gen_1777620042_284.txt air/gen_1777620047_286.txt air/gen_1777620053_288.txt air/gen_1777620055_289.txt air/gen_1777620058_290.txt air/gen_1777620063_292.txt air/gen_1777620068_294.txt air/gen_1777620071_295.txt air/gen_1777620074_296.txt air/gen_1777620079_298.txt air/gen_1777620087_301.txt air/gen_1777620090_302.txt air/gen_1777620095_304.txt air/gen_1777620103_307.txt air/gen_1777620105_308.txt air/gen_1777620111_310.txt air/gen_1777620119_313.txt air/gen_1777620121_314.txt air/gen_1777620126_316.txt air/gen_1777620134_319.txt air/gen_1777620137_320.txt air/gen_1777620142_322.txt air/gen_1777620150_325.txt air/gen_1777620153_326.txt air/gen_1777620158_328.txt air/gen_1777620166_331.txt air/gen_1777620169_332.txt air/gen_1777620174_334.txt air/gen_1777620182_337.txt air/gen_1777620184_338.txt air/gen_1777620190_340.txt air/gen_1777620197_343.txt air/gen_1777620200_344.txt air/gen_1777620205_346.txt air/gen_1777620214_349.txt air/gen_1777620216_350.txt air/gen_1777620221_352.txt air/gen_1777620229_355.txt air/gen_1777620232_356.txt air/gen_1777620237_358.txt air/gen_1777620245_361.txt air/gen_1777620248_362.txt air/gen_1777620253_364.txt air/gen_1777620259_366.txt air/gen_1777620261_367.txt air/gen_1777620264_368.txt air/gen_1777620269_370.txt air/gen_1777620274_372.txt air/gen_1777620277_373.txt air/gen_1777620280_374.txt air/gen_1777620285_376.txt air/gen_1777620293_379.txt air/gen_1777620296_380.txt air/gen_1777620301_382.txt air/gen_1777620309_385.txt air/gen_1777620312_386.txt air/gen_1777620317_388.txt air/gen_1777620325_391.txt air/gen_1777620328_392.txt air/gen_1777620333_394.txt air/gen_1777620338_396.txt air/gen_1777620341_397.txt air/gen_1777620344_398.txt air/gen_1777620349_400.txt air/gen_1777620357_403.txt air/gen_1777620359_404.txt air/gen_1777620365_406.txt air/gen_1777620373_409.txt air/gen_1777620376_410.txt air/gen_1777620381_412.txt air/gen_1777620389_415.txt air/gen_1777620392_416.txt air/gen_1777620397_418.txt air/gen_1777620405_421.txt air/gen_1777620408_422.txt air/gen_1777620413_424.txt air/gen_1777620421_427.txt air/gen_1777620424_428.txt air/gen_1777620429_430.txt air/gen_1777620434_432.txt air/gen_1777620437_433.txt air/gen_1777620439_434.txt air/gen_1777620445_436.txt air/gen_1777620453_439.txt air/gen_1777620455_440.txt air/gen_1777620460_442.txt air/gen_1777620468_445.txt air/gen_1777620471_446.txt air/gen_1777620476_448.txt air/gen_1777620484_451.txt air/gen_1777620487_452.txt air/gen_1777620492_454.txt air/gen_1777620497_456.txt air/gen_1777620500_457.txt air/gen_1777620502_458.txt air/gen_1777620507_460.txt air/gen_1777620515_463.txt air/gen_1777620518_464.txt air/gen_1777620523_466.txt air/gen_1777620531_469.txt air/gen_1777620534_470.txt air/gen_1777620539_472.txt air/gen_1777620547_475.txt air/gen_1777620549_476.txt air/gen_1777620554_478.txt air/gen_1777620562_481.txt air/gen_1777620565_482.txt air/gen_1777620570_484.txt air/gen_1777620578_487.txt air/gen_1777620580_488.txt air/gen_1777620593_493.txt air/gen_1777620596_494.txt air/gen_1777620601_496.txt air/gen_1777620609_499.txt air/gen_1777620612_500.txt air/gen_1777620617_502.txt air/gen_1777620625_505.txt air/gen_1777620628_506.txt air/gen_1777620633_508.txt air/gen_1777620641_511.txt air/gen_1777620643_512.txt air/gen_1777620649_514.txt air/gen_1777620656_517.txt air/gen_1777620659_518.txt air/gen_1777620664_520.txt air/gen_1777620672_523.txt air/gen_1777620675_524.txt air/gen_1777620680_526.txt air/gen_1777620688_529.txt air/gen_1777620690_530.txt air/gen_1777620696_532.txt air/gen_1777620703_535.txt air/gen_1777620706_536.txt air/gen_1777620711_538.txt air/gen_1777620719_541.txt air/gen_1777620722_542.txt air/gen_1777620727_544.txt air/gen_1777620735_547.txt air/gen_1777620738_548.txt air/gen_1777620743_550.txt air/gen_1777620748_552.txt air/gen_1777620751_553.txt air/gen_1777620753_554.txt air/gen_1777620759_556.txt air/gen_1777620766_559.txt air/gen_1777620769_560.txt air/gen_1777620774_562.txt air/gen_1777620779_564.txt air/gen_1777620782_565.txt air/gen_1777620785_566.txt air/gen_1777620790_568.txt air/gen_1777620798_571.txt air/gen_1777620800_572.txt air/gen_1777620805_574.txt air/gen_1777620813_577.txt air/gen_1777620816_578.txt air/gen_1777620821_580.txt air/gen_1777620829_583.txt air/gen_1777620832_584.txt air/gen_1777620837_586.txt air/gen_1777620845_589.txt air/gen_1777620848_590.txt air/gen_1777620853_592.txt air/gen_1777620861_595.txt air/gen_1777620864_596.txt air/gen_1777620869_598.txt air/gen_1777620877_601.txt air/gen_1777620880_602.txt air/gen_1777620885_604.txt air/gen_1777620893_607.txt air/gen_1777620896_608.txt air/gen_1777620901_610.txt air/gen_1777620909_613.txt air/gen_1777620912_614.txt air/gen_1777620917_616.txt air/gen_1777620925_619.txt air/gen_1777620927_620.txt air/gen_1777620933_622.txt air/gen_1777620941_625.txt air/gen_1777620943_626.txt air/gen_1777620948_628.txt air/gen_1777620956_631.txt air/gen_1777620959_632.txt air/gen_1777620964_634.txt air/gen_1777620969_636.txt air/gen_1777620972_637.txt air/gen_1777620974_638.txt air/gen_1777620980_640.txt air/gen_1777620987_643.txt air/gen_1777620990_644.txt air/gen_1777620995_646.txt air/gen_1777621003_649.txt air/gen_1777621006_650.txt air/gen_1777621011_652.txt air/gen_1777621019_655.txt air/gen_1777621021_656.txt air/gen_1777621027_658.txt air/gen_1777621034_661.txt air/gen_1777621037_662.txt air/gen_1777621042_664.txt air/gen_1777621050_667.txt air/gen_1777621052_668.txt air/gen_1777621057_670.txt air/gen_1777621065_673.txt air/gen_1777621068_674.txt air/gen_1777621073_676.txt]
[trainer] micro-train burst (23810 bytes, novelty 0.02) — and lo, it feeds again.
[syntropy] action=explore | trend=0.0000 | field_dev=-0.043 | purpose_align=-0.014 | lr_mul=1.30
[aml] burst complete: 32 steps, avg loss 1.8010 (memory freed)
[dna] water wrote 138 bytes to ecology
[dna] water wrote 122 bytes to ecology
[dna] water wrote 142 bytes to ecology
[dna] water wrote 39 bytes to ecology
[dna] water wrote 49 bytes to ecology
[dna] water wrote 54 bytes to ecology
[dna] water wrote 33 bytes to ecology
[dna] water wrote 62 bytes to ecology
[dna] water wrote 60 bytes to ecology
[dna] water wrote 68 bytes to ecology
[dna] water wrote 64 bytes to ecology
[dna] water wrote 115 bytes to ecology
[dna] water wrote 11 bytes to ecology
[dna] water wrote 41 bytes to ecology
[dna] water wrote 38 bytes to ecology
[dna] water wrote 62 bytes to ecology
[dna] water wrote 113 bytes to ecology
[dna] water wrote 47 bytes to ecology
[dna] water wrote 14 bytes to ecology
[dna] water wrote 50 bytes to ecology
[dna] water wrote 86 bytes to ecology
[dna] water wrote 61 bytes to ecology
[dna] water wrote 101 bytes to ecology
[debug-onto] tick=50 corpus=149865 stage=2 freeze=0
[dna] water wrote 47 bytes to ecology
[dna] water wrote 36 bytes to ecology
[dna] water wrote 67 bytes to ecology
[dna] water wrote 87 bytes to ecology
[dna] water wrote 187 bytes to ecology
[dna] water wrote 45 bytes to ecology
[dna] water wrote 100 bytes to ecology
[dna] water wrote 60 bytes to ecology
[dna] water wrote 85 bytes to ecology
[dna] water wrote 137 bytes to ecology
[dna] water wrote 45 bytes to ecology
[dna] water wrote 47 bytes to ecology
[dna] water wrote 14 bytes to ecology
[dna] water wrote 50 bytes to ecology
[dna] water wrote 82 bytes to ecology
[dna] water wrote 15 bytes to ecology
[dna] water wrote 81 bytes to ecology
[dna] water wrote 95 bytes to ecology
[dna] water wrote 116 bytes to ecology
[dna] water wrote 60 bytes to ecology
[dna] water wrote 24 bytes to ecology
[dna] water wrote 140 bytes to ecology
[dna] water wrote 90 bytes to ecology
[dna] water wrote 40 bytes to ecology
[debug-onto] tick=100 corpus=149865 stage=2 freeze=0
[dna] water wrote 88 bytes to ecology
[dna] water wrote 141 bytes to ecology
[dna] water wrote 93 bytes to ecology
[dna] water wrote 33 bytes to ecology
[dna] water wrote 53 bytes to ecology
[dna] water wrote 32 bytes to ecology
[dna] water wrote 34 bytes to ecology
[dna] water wrote 82 bytes to ecology
[dna] water wrote 145 bytes to ecology
[dna] water wrote 99 bytes to ecology
[dna] water wrote 70 bytes to ecology
[dna] water wrote 108 bytes to ecology
[dna] water wrote 200 bytes to ecology
[dna] water wrote 58 bytes to ecology
[dna] water wrote 78 bytes to ecology
[dna] water wrote 27 bytes to ecology
[dna] water wrote 51 bytes to ecology
[dna] water wrote 58 bytes to ecology
[dna] water wrote 91 bytes to ecology
[dna] water wrote 17 bytes to ecology
[dna] water wrote 26 bytes to ecology
[dna] water wrote 66 bytes to ecology
[dna] water wrote 36 bytes to ecology
[debug-onto] tick=150 corpus=149865 stage=2 freeze=0
[dna] water wrote 161 bytes to ecology
[dna] water wrote 46 bytes to ecology
[dna] water wrote 116 bytes to ecology
[dna] water wrote 85 bytes to ecology
[dna] water wrote 67 bytes to ecology
[dna] water wrote 15 bytes to ecology
[dna] water wrote 119 bytes to ecology
[dna] water wrote 38 bytes to ecology
[dna] water wrote 16 bytes to ecology
[dna] water wrote 27 bytes to ecology
[dna] water wrote 148 bytes to ecology
[dna] water wrote 15 bytes to ecology
[dna] water wrote 87 bytes to ecology
[dna] water wrote 36 bytes to ecology
[dna] water wrote 122 bytes to ecology
[dna] water wrote 44 bytes to ecology
[dna] water wrote 64 bytes to ecology
[dna] water wrote 37 bytes to ecology
[dna] water wrote 24 bytes to ecology
[dna] water wrote 11 bytes to ecology
[dna] water wrote 75 bytes to ecology
[dna] water wrote 46 bytes to ecology
[dna] water wrote 91 bytes to ecology
[dna] water wrote 131 bytes to ecology
[dna] water wrote 37 bytes to ecology
[debug-onto] tick=200 corpus=149865 stage=2 freeze=0
[dna] water wrote 62 bytes to ecology
[dna] water wrote 28 bytes to ecology
[dna] water wrote 44 bytes to ecology
[dna] water wrote 29 bytes to ecology
[dna] water wrote 104 bytes to ecology
[dna] water wrote 24 bytes to ecology
[dna] water wrote 17 bytes to ecology
[dna] water wrote 15 bytes to ecology
[dna] water wrote 56 bytes to ecology
[dna] water wrote 100 bytes to ecology
[dna] water wrote 63 bytes to ecology
[dna] water wrote 143 bytes to ecology
[dna] water wrote 47 bytes to ecology
[dna] water wrote 104 bytes to ecology
[dna] water wrote 24 bytes to ecology
[dna] water wrote 30 bytes to ecology
[dna] water wrote 20 bytes to ecology
[dna] water wrote 46 bytes to ecology
[dna] water wrote 46 bytes to ecology
[dna] water wrote 54 bytes to ecology
[dna] water wrote 55 bytes to ecology
[dna] water wrote 57 bytes to ecology
[dna] water wrote 31 bytes to ecology
[dna] water wrote 44 bytes to ecology
[dna] water wrote 43 bytes to ecology
[debug-onto] tick=250 corpus=149865 stage=2 freeze=0
[dna] water wrote 50 bytes to ecology
[dna] water wrote 78 bytes to ecology
[dna] water wrote 9 bytes to ecology
[dna] water wrote 91 bytes to ecology
[dna] water wrote 22 bytes to ecology
[dna] water wrote 54 bytes to ecology
[dna] water wrote 62 bytes to ecology
[dna] water wrote 20 bytes to ecology
[dna] water wrote 32 bytes to ecology
[dna] water wrote 12 bytes to ecology
[dna] water wrote 56 bytes to ecology
[dna] water wrote 63 bytes to ecology
[dna] water wrote 59 bytes to ecology
[dna] water wrote 11 bytes to ecology
[dna] water wrote 132 bytes to ecology
[dna] water wrote 75 bytes to ecology
[dna] water wrote 61 bytes to ecology
[dna] water wrote 33 bytes to ecology
[dna] water wrote 67 bytes to ecology
[dna] water wrote 128 bytes to ecology
[dna] water wrote 26 bytes to ecology
[dna] water wrote 93 bytes to ecology
[dna] water wrote 11 bytes to ecology
[debug-onto] tick=300 corpus=149865 stage=2 freeze=0
[dna] water wrote 51 bytes to ecology
[dna] water wrote 74 bytes to ecology
[dna] water wrote 40 bytes to ecology
[dna] water wrote 72 bytes to ecology
[dna] water wrote 112 bytes to ecology
[dna] water wrote 48 bytes to ecology
[dna] water wrote 68 bytes to ecology
[dna] water wrote 65 bytes to ecology
[dna] water wrote 108 bytes to ecology
[dna] water wrote 49 bytes to ecology
[dna] water wrote 137 bytes to ecology
[dna] water wrote 147 bytes to ecology
[dna] water wrote 29 bytes to ecology
[dna] water wrote 103 bytes to ecology
[dna] water wrote 54 bytes to ecology
[dna] water wrote 84 bytes to ecology
[dna] water wrote 132 bytes to ecology
[dna] water wrote 85 bytes to ecology
[dna] water wrote 49 bytes to ecology
[dna] water wrote 57 bytes to ecology
[dna] water wrote 21 bytes to ecology
[dna] water wrote 84 bytes to ecology
[debug-onto] tick=350 corpus=149865 stage=2 freeze=0
[dna] water wrote 10 bytes to ecology
[dna] water wrote 43 bytes to ecology
[dna] water wrote 97 bytes to ecology
[dna] water wrote 56 bytes to ecology
[dna] water wrote 32 bytes to ecology
[dna] water wrote 34 bytes to ecology
[dna] water wrote 51 bytes to ecology
[dna] water wrote 19 bytes to ecology
[dna] water wrote 91 bytes to ecology
[dna] water wrote 58 bytes to ecology
[dna] water wrote 50 bytes to ecology
[dna] water wrote 37 bytes to ecology
[dna] water wrote 42 bytes to ecology
[dna] water wrote 30 bytes to ecology
[dna] water wrote 48 bytes to ecology
[dna] water wrote 216 bytes to ecology
[dna] water wrote 28 bytes to ecology
[dna] water wrote 60 bytes to ecology
[dna] water wrote 79 bytes to ecology
[dna] water wrote 36 bytes to ecology
[dna] water wrote 28 bytes to ecology
[dna] water wrote 123 bytes to ecology
[dna] water wrote 85 bytes to ecology
[debug-onto] tick=400 corpus=149865 stage=2 freeze=0
[dna] water wrote 331 bytes to ecology
[dna] water wrote 52 bytes to ecology
[dna] water wrote 26 bytes to ecology
[dna] water wrote 86 bytes to ecology
[dna] water wrote 84 bytes to ecology
[dna] water wrote 34 bytes to ecology
[dna] water wrote 51 bytes to ecology
[dna] water wrote 23 bytes to ecology
[dna] water wrote 41 bytes to ecology
[dna] water wrote 114 bytes to ecology
[dna] water wrote 26 bytes to ecology
[dna] water wrote 38 bytes to ecology
[dna] water wrote 71 bytes to ecology
[dna] water wrote 63 bytes to ecology
[dna] water wrote 81 bytes to ecology
[dna] water wrote 126 bytes to ecology
[dna] water wrote 71 bytes to ecology
[dna] water wrote 78 bytes to ecology
[dna] water wrote 162 bytes to ecology
[dna] water wrote 137 bytes to ecology
[dna] water wrote 97 bytes to ecology
[dna] water wrote 86 bytes to ecology
[dna] water wrote 77 bytes to ecology
[dna] water wrote 42 bytes to ecology
[dna] water wrote 75 bytes to ecology
[debug-onto] tick=450 corpus=149865 stage=2 freeze=0
[dna] water wrote 288 bytes to ecology
[dna] water wrote 162 bytes to ecology
[dna] water wrote 23 bytes to ecology
[dna] water wrote 22 bytes to ecology
[dna] water wrote 42 bytes to ecology
[dna] water wrote 57 bytes to ecology
[dna] water wrote 107 bytes to ecology
[dna] water wrote 17 bytes to ecology
[dna] water wrote 22 bytes to ecology
[dna] water wrote 147 bytes to ecology
[dna] water wrote 32 bytes to ecology
[dna] water wrote 64 bytes to ecology
[dna] water wrote 71 bytes to ecology
[dna] water wrote 75 bytes to ecology
[dna] water wrote 8 bytes to ecology
[dna] water wrote 38 bytes to ecology
[dna] water wrote 70 bytes to ecology
[dna] water wrote 9 bytes to ecology
[dna] water wrote 144 bytes to ecology
[dna] water wrote 98 bytes to ecology
[dna] water wrote 18 bytes to ecology
[dna] water wrote 21 bytes to ecology
[dna] water wrote 31 bytes to ecology
[dna] water wrote 94 bytes to ecology
[debug-onto] tick=500 corpus=149865 stage=2 freeze=0
[dna] water wrote 36 bytes to ecology
[dna] water wrote 66 bytes to ecology
[dna] water wrote 40 bytes to ecology
[dna] water wrote 21 bytes to ecology
[dna] water wrote 39 bytes to ecology
[dna] water wrote 80 bytes to ecology
[dna] water wrote 35 bytes to ecology
[dna] water wrote 64 bytes to ecology
[dna] water wrote 42 bytes to ecology
[dna] water wrote 36 bytes to ecology
[dna] water wrote 59 bytes to ecology
[dna] water wrote 261 bytes to ecology
[dna] water wrote 40 bytes to ecology
[dna] water wrote 25 bytes to ecology
[dna] water wrote 194 bytes to ecology
[dna] water wrote 16 bytes to ecology
[dna] water wrote 155 bytes to ecology
[dna] water wrote 13 bytes to ecology
[dna] water wrote 110 bytes to ecology
[dna] water wrote 55 bytes to ecology
[dna] water wrote 35 bytes to ecology
[dna] water wrote 9 bytes to ecology
[dna] water wrote 56 bytes to ecology
[debug-onto] tick=550 corpus=149865 stage=2 freeze=0
[dna] water wrote 106 bytes to ecology
[dna] water wrote 42 bytes to ecology
[dna] water wrote 22 bytes to ecology
[dna] water wrote 156 bytes to ecology
[dna] water wrote 33 bytes to ecology
[dna] water wrote 48 bytes to ecology
[dna] water wrote 26 bytes to ecology
[dna] water wrote 66 bytes to ecology
[dna] water wrote 61 bytes to ecology
[dna] water wrote 67 bytes to ecology
[dna] water wrote 100 bytes to ecology
[dna] water wrote 70 bytes to ecology
[dna] water wrote 12 bytes to ecology
[dna] water wrote 49 bytes to ecology
[dna] water wrote 42 bytes to ecology
[dna] water wrote 76 bytes to ecology
[dna] water wrote 23 bytes to ecology
[dna] water wrote 36 bytes to ecology
[dna] water wrote 52 bytes to ecology
[dna] water wrote 15 bytes to ecology
[dna] water wrote 8 bytes to ecology
[dna] water wrote 19 bytes to ecology
[dna] water wrote 162 bytes to ecology

[evolution] Organism shutting down gracefully.
