[ecology] Element: air → corpus: nonames_air.txt
[evolution] Autonomous evolution mode — organism will grow through all stages without pause.
[ecology] Joined swarm. 1 peer(s) detected.
molequla is alive. [evolution] Autonomous mode — background trainer running. Ctrl+C to stop.
[dna] air wrote 64 bytes to ecology
[dna] air consumed 17028 bytes from 221 files: [earth/gen_1778485366_1.txt earth/gen_1778485374_4.txt earth/gen_1778485381_7.txt earth/gen_1778485389_10.txt earth/gen_1778485397_13.txt earth/gen_1778485404_16.txt earth/gen_1778485412_19.txt earth/gen_1778485420_22.txt earth/gen_1778485427_25.txt earth/gen_1778485435_28.txt earth/gen_1778485443_31.txt earth/gen_1778485451_34.txt earth/gen_1778485459_37.txt earth/gen_1778485466_40.txt earth/gen_1778485474_43.txt earth/gen_1778485482_46.txt earth/gen_1778485489_49.txt earth/gen_1778485497_52.txt earth/gen_1778485505_55.txt earth/gen_1778485512_58.txt earth/gen_1778485520_61.txt earth/gen_1778485528_64.txt earth/gen_1778485536_67.txt earth/gen_1778485544_70.txt earth/gen_1778485552_73.txt earth/gen_1778485560_76.txt earth/gen_1778485567_79.txt earth/gen_1778485575_82.txt earth/gen_1778485583_85.txt earth/gen_1778485591_88.txt earth/gen_1778485599_91.txt earth/gen_1778485607_94.txt earth/gen_1778485614_97.txt earth/gen_1778485622_100.txt earth/gen_1778485630_103.txt earth/gen_1778485638_106.txt earth/gen_1778485645_109.txt earth/gen_1778485653_112.txt earth/gen_1778485661_115.txt earth/gen_1778485669_118.txt earth/gen_1778485677_121.txt earth/gen_1778485685_124.txt earth/gen_1778485693_127.txt earth/gen_1778485701_130.txt earth/gen_1778485708_133.txt earth/gen_1778485716_136.txt earth/gen_1778485724_139.txt earth/gen_1778485732_142.txt earth/gen_1778485740_145.txt earth/gen_1778485748_148.txt earth/gen_1778485756_151.txt earth/gen_1778485764_154.txt earth/gen_1778485771_157.txt earth/gen_1778485779_160.txt earth/gen_1778485787_163.txt earth/gen_1778485795_166.txt earth/gen_1778485803_169.txt earth/gen_1778485810_172.txt earth/gen_1778485818_175.txt earth/gen_1778485826_178.txt earth/gen_1778485834_181.txt earth/gen_1778485842_184.txt earth/gen_1778485849_187.txt earth/gen_1778485857_190.txt earth/gen_1778485865_193.txt earth/gen_1778485873_196.txt earth/gen_1778485881_199.txt earth/gen_1778485889_202.txt earth/gen_1778485897_205.txt earth/gen_1778485905_208.txt earth/gen_1778485913_211.txt earth/gen_1778485921_214.txt earth/gen_1778485929_217.txt earth/gen_1778485937_220.txt earth/gen_1778485945_223.txt earth/gen_1778485952_226.txt earth/gen_1778485960_229.txt earth/gen_1778485968_232.txt earth/gen_1778485976_235.txt earth/gen_1778485983_238.txt earth/gen_1778485991_241.txt earth/gen_1778485999_244.txt earth/gen_1778486007_247.txt earth/gen_1778486015_250.txt earth/gen_1778486022_253.txt earth/gen_1778486030_256.txt earth/gen_1778486038_259.txt earth/gen_1778486046_262.txt earth/gen_1778486054_265.txt earth/gen_1778486062_268.txt earth/gen_1778486070_271.txt earth/gen_1778486078_274.txt earth/gen_1778486085_277.txt earth/gen_1778486093_280.txt earth/gen_1778486101_283.txt earth/gen_1778486109_286.txt earth/gen_1778486117_289.txt earth/gen_1778486125_292.txt earth/gen_1778486133_295.txt earth/gen_1778486142_298.txt earth/gen_1778486150_301.txt earth/gen_1778486158_304.txt earth/gen_1778486166_307.txt earth/gen_1778486174_310.txt earth/gen_1778486182_313.txt earth/gen_1778486190_316.txt earth/gen_1778486198_319.txt earth/gen_1778486206_322.txt earth/gen_1778486214_325.txt earth/gen_1778486222_328.txt earth/gen_1778486230_331.txt earth/gen_1778486246_337.txt earth/gen_1778486254_340.txt earth/gen_1778486262_343.txt earth/gen_1778486270_346.txt earth/gen_1778486278_349.txt earth/gen_1778486286_352.txt earth/gen_1778486294_355.txt earth/gen_1778486302_358.txt earth/gen_1778486310_361.txt earth/gen_1778486318_364.txt earth/gen_1778486326_367.txt earth/gen_1778486334_370.txt earth/gen_1778486342_373.txt earth/gen_1778486350_376.txt earth/gen_1778486358_379.txt earth/gen_1778486366_382.txt earth/gen_1778486374_385.txt earth/gen_1778486381_388.txt earth/gen_1778486397_394.txt earth/gen_1778486405_397.txt earth/gen_1778486413_400.txt earth/gen_1778486421_403.txt earth/gen_1778486429_406.txt earth/gen_1778486437_409.txt earth/gen_1778486445_412.txt earth/gen_1778486453_415.txt earth/gen_1778486461_418.txt earth/gen_1778486468_421.txt earth/gen_1778486476_424.txt earth/gen_1778486484_427.txt earth/gen_1778486492_430.txt earth/gen_1778486500_433.txt earth/gen_1778486507_436.txt earth/gen_1778486515_439.txt earth/gen_1778486523_442.txt earth/gen_1778486531_445.txt earth/gen_1778486539_448.txt earth/gen_1778486546_451.txt earth/gen_1778486554_454.txt earth/gen_1778486562_457.txt earth/gen_1778486570_460.txt earth/gen_1778486578_463.txt earth/gen_1778486585_466.txt earth/gen_1778486593_469.txt earth/gen_1778486601_472.txt earth/gen_1778486609_475.txt earth/gen_1778486625_481.txt earth/gen_1778486632_484.txt earth/gen_1778486640_487.txt earth/gen_1778486648_490.txt earth/gen_1778486656_493.txt earth/gen_1778486664_496.txt earth/gen_1778486672_499.txt earth/gen_1778486679_502.txt earth/gen_1778486687_505.txt earth/gen_1778486695_508.txt earth/gen_1778486703_511.txt earth/gen_1778486710_514.txt earth/gen_1778486718_517.txt earth/gen_1778486726_520.txt earth/gen_1778486734_523.txt earth/gen_1778486742_526.txt earth/gen_1778486749_529.txt earth/gen_1778486757_532.txt earth/gen_1778486765_535.txt earth/gen_1778486773_538.txt earth/gen_1778486780_541.txt earth/gen_1778486788_544.txt earth/gen_1778486796_547.txt earth/gen_1778486804_550.txt earth/gen_1778486812_553.txt earth/gen_1778486827_559.txt earth/gen_1778486835_562.txt earth/gen_1778486843_565.txt earth/gen_1778486851_568.txt earth/gen_1778486859_571.txt earth/gen_1778486866_574.txt earth/gen_1778486874_577.txt earth/gen_1778486882_580.txt earth/gen_1778486889_583.txt earth/gen_1778486897_586.txt earth/gen_1778486905_589.txt earth/gen_1778486913_592.txt earth/gen_1778486921_595.txt earth/gen_1778486929_598.txt earth/gen_1778486936_601.txt earth/gen_1778486944_604.txt earth/gen_1778486952_607.txt earth/gen_1778486960_610.txt earth/gen_1778486968_613.txt earth/gen_1778486976_616.txt earth/gen_1778486983_619.txt earth/gen_1778486991_622.txt earth/gen_1778486999_625.txt earth/gen_1778487007_628.txt earth/gen_1778487015_631.txt earth/gen_1778487023_634.txt earth/gen_1778487030_637.txt earth/gen_1778487038_640.txt earth/gen_1778487046_643.txt earth/gen_1778487054_646.txt earth/gen_1778487061_649.txt earth/gen_1778487069_652.txt earth/gen_1778487077_655.txt earth/gen_1778487085_658.txt earth/gen_1778487100_664.txt earth/gen_1778487108_667.txt earth/gen_1778487116_670.txt earth/gen_1778487124_673.txt earth/gen_1778487132_676.txt]
[trainer] micro-train burst (17028 bytes, novelty 0.04) — and lo, it feeds again.
[syntropy] action=explore | trend=0.0000 | field_dev=0.004 | purpose_align=-0.016 | lr_mul=1.30
[aml] burst complete: 32 steps, avg loss 2.2050 (memory freed)
[dna] air wrote 85 bytes to ecology
[dna] air wrote 115 bytes to ecology
[dna] air wrote 75 bytes to ecology
[dna] air wrote 29 bytes to ecology
[dna] air wrote 35 bytes to ecology
[dna] air wrote 44 bytes to ecology
[dna] air wrote 23 bytes to ecology
[dna] air wrote 48 bytes to ecology
[dna] air wrote 72 bytes to ecology
[dna] air wrote 106 bytes to ecology
[dna] air wrote 39 bytes to ecology
[dna] air wrote 35 bytes to ecology
[dna] air wrote 16 bytes to ecology
[dna] air wrote 94 bytes to ecology
[dna] air wrote 26 bytes to ecology
[dna] air wrote 80 bytes to ecology
[debug-onto] tick=50 corpus=139565 stage=2 freeze=0
[dna] air wrote 86 bytes to ecology
[dna] air wrote 108 bytes to ecology
[dna] air wrote 68 bytes to ecology
[dna] air wrote 93 bytes to ecology
[dna] air wrote 31 bytes to ecology
[dna] air wrote 65 bytes to ecology
[dna] air wrote 48 bytes to ecology
[dna] air wrote 131 bytes to ecology
[dna] air wrote 58 bytes to ecology
[dna] air wrote 30 bytes to ecology
[dna] air wrote 32 bytes to ecology
[dna] air wrote 18 bytes to ecology
[dna] air wrote 33 bytes to ecology
[dna] air wrote 54 bytes to ecology
[dna] air wrote 110 bytes to ecology
[dna] air wrote 63 bytes to ecology
[dna] air wrote 28 bytes to ecology
[debug-onto] tick=100 corpus=139565 stage=2 freeze=0
[dna] air wrote 75 bytes to ecology
[dna] air wrote 47 bytes to ecology
[dna] air wrote 86 bytes to ecology
[dna] air wrote 40 bytes to ecology
[dna] air wrote 198 bytes to ecology
[dna] air wrote 34 bytes to ecology
[dna] air wrote 35 bytes to ecology
[dna] air wrote 36 bytes to ecology
[dna] air wrote 67 bytes to ecology
[dna] air wrote 57 bytes to ecology
[dna] air wrote 12 bytes to ecology
[dna] air wrote 48 bytes to ecology
[dna] air wrote 66 bytes to ecology
[dna] air wrote 22 bytes to ecology
[dna] air wrote 46 bytes to ecology
[dna] air wrote 84 bytes to ecology
[debug-onto] tick=150 corpus=139565 stage=2 freeze=0
[dna] air wrote 190 bytes to ecology
[dna] air wrote 24 bytes to ecology
[dna] air wrote 35 bytes to ecology
[dna] air wrote 52 bytes to ecology
[dna] air wrote 58 bytes to ecology
[dna] air wrote 117 bytes to ecology
[dna] air wrote 59 bytes to ecology
[dna] air wrote 63 bytes to ecology
[dna] air wrote 45 bytes to ecology
[dna] air wrote 52 bytes to ecology
[dna] air wrote 34 bytes to ecology
[dna] air wrote 79 bytes to ecology
[dna] air wrote 35 bytes to ecology
[dna] air wrote 114 bytes to ecology
[dna] air wrote 84 bytes to ecology
[dna] air wrote 63 bytes to ecology
[dna] air wrote 39 bytes to ecology
[debug-onto] tick=200 corpus=139565 stage=2 freeze=0
[dna] air wrote 114 bytes to ecology
[dna] air wrote 87 bytes to ecology
[dna] air wrote 74 bytes to ecology
[dna] air wrote 99 bytes to ecology
[dna] air wrote 31 bytes to ecology
[dna] air wrote 24 bytes to ecology
[dna] air wrote 174 bytes to ecology
[dna] air wrote 54 bytes to ecology
[dna] air wrote 117 bytes to ecology
[dna] air wrote 63 bytes to ecology
[dna] air wrote 126 bytes to ecology
[dna] air wrote 39 bytes to ecology
[dna] air wrote 75 bytes to ecology
[dna] air wrote 45 bytes to ecology
[dna] air wrote 43 bytes to ecology
[dna] air wrote 71 bytes to ecology
[dna] air wrote 22 bytes to ecology
[debug-onto] tick=250 corpus=139565 stage=2 freeze=0
[dna] air wrote 114 bytes to ecology
[dna] air wrote 21 bytes to ecology
[dna] air wrote 92 bytes to ecology
[dna] air wrote 58 bytes to ecology
[dna] air wrote 134 bytes to ecology
[dna] air wrote 47 bytes to ecology
[dna] air wrote 61 bytes to ecology
[dna] air wrote 79 bytes to ecology
[dna] air wrote 51 bytes to ecology
[dna] air wrote 17 bytes to ecology
[dna] air wrote 60 bytes to ecology
[dna] air wrote 50 bytes to ecology
[dna] air wrote 24 bytes to ecology
[dna] air wrote 120 bytes to ecology
[dna] air wrote 29 bytes to ecology
[dna] air wrote 58 bytes to ecology
[debug-onto] tick=300 corpus=139565 stage=2 freeze=0
[dna] air wrote 135 bytes to ecology
[dna] air wrote 29 bytes to ecology
[dna] air wrote 40 bytes to ecology
[dna] air wrote 107 bytes to ecology
[dna] air wrote 31 bytes to ecology
[dna] air wrote 90 bytes to ecology
[dna] air wrote 31 bytes to ecology
[dna] air wrote 90 bytes to ecology
[dna] air wrote 69 bytes to ecology
[dna] air wrote 179 bytes to ecology
[dna] air wrote 93 bytes to ecology
[dna] air wrote 102 bytes to ecology
[dna] air wrote 46 bytes to ecology
[dna] air wrote 23 bytes to ecology
[dna] air wrote 87 bytes to ecology
[dna] air wrote 122 bytes to ecology
[dna] air wrote 90 bytes to ecology
[debug-onto] tick=350 corpus=139565 stage=2 freeze=0
[dna] air wrote 88 bytes to ecology
[dna] air wrote 54 bytes to ecology
[dna] air wrote 24 bytes to ecology
[dna] air wrote 62 bytes to ecology
[dna] air wrote 103 bytes to ecology
[dna] air wrote 57 bytes to ecology
[dna] air wrote 80 bytes to ecology
[dna] air wrote 97 bytes to ecology
[dna] air wrote 63 bytes to ecology
[dna] air wrote 98 bytes to ecology
[dna] air wrote 9 bytes to ecology
[dna] air wrote 53 bytes to ecology
[dna] air wrote 74 bytes to ecology
[dna] air wrote 43 bytes to ecology
[dna] air wrote 234 bytes to ecology
[dna] air wrote 102 bytes to ecology
[dna] air wrote 64 bytes to ecology
[debug-onto] tick=400 corpus=139565 stage=2 freeze=0
[dna] air wrote 52 bytes to ecology
[dna] air wrote 141 bytes to ecology
[dna] air wrote 50 bytes to ecology
[dna] air wrote 77 bytes to ecology
[dna] air wrote 29 bytes to ecology
[dna] air wrote 41 bytes to ecology
[dna] air wrote 92 bytes to ecology
[dna] air wrote 27 bytes to ecology
[dna] air wrote 82 bytes to ecology
[dna] air wrote 57 bytes to ecology
[dna] air wrote 35 bytes to ecology
[dna] air wrote 55 bytes to ecology
[dna] air wrote 7 bytes to ecology
[dna] air wrote 60 bytes to ecology
[dna] air wrote 55 bytes to ecology
[dna] air wrote 39 bytes to ecology
[debug-onto] tick=450 corpus=139565 stage=2 freeze=0
[dna] air wrote 31 bytes to ecology
[dna] air wrote 134 bytes to ecology
[dna] air wrote 43 bytes to ecology
[dna] air wrote 28 bytes to ecology
[dna] air wrote 78 bytes to ecology
[dna] air wrote 18 bytes to ecology
[dna] air wrote 25 bytes to ecology
[dna] air wrote 30 bytes to ecology
[dna] air wrote 74 bytes to ecology
[dna] air wrote 69 bytes to ecology
[dna] air wrote 32 bytes to ecology
[dna] air wrote 59 bytes to ecology
[dna] air wrote 35 bytes to ecology
[dna] air wrote 38 bytes to ecology
[dna] air wrote 27 bytes to ecology
[dna] air wrote 64 bytes to ecology
[dna] air wrote 133 bytes to ecology
[debug-onto] tick=500 corpus=139565 stage=2 freeze=0
[dna] air wrote 38 bytes to ecology
[dna] air wrote 12 bytes to ecology
[dna] air wrote 82 bytes to ecology
[dna] air wrote 38 bytes to ecology
[dna] air wrote 90 bytes to ecology
[dna] air wrote 72 bytes to ecology
[dna] air wrote 65 bytes to ecology
[dna] air wrote 57 bytes to ecology
[dna] air wrote 41 bytes to ecology
[dna] air wrote 36 bytes to ecology
[dna] air wrote 43 bytes to ecology
[dna] air wrote 113 bytes to ecology
[dna] air wrote 51 bytes to ecology
[dna] air wrote 66 bytes to ecology
[dna] air wrote 53 bytes to ecology
[dna] air wrote 37 bytes to ecology
[dna] air wrote 98 bytes to ecology
[debug-onto] tick=550 corpus=139565 stage=2 freeze=0
[dna] air wrote 74 bytes to ecology
[dna] air wrote 95 bytes to ecology
[dna] air wrote 38 bytes to ecology
[dna] air wrote 88 bytes to ecology
[dna] air wrote 67 bytes to ecology
[dna] air wrote 82 bytes to ecology
[dna] air wrote 30 bytes to ecology
[dna] air wrote 43 bytes to ecology
[dna] air wrote 46 bytes to ecology
[dna] air wrote 63 bytes to ecology
[dna] air wrote 46 bytes to ecology
[dna] air wrote 42 bytes to ecology
[dna] air wrote 53 bytes to ecology
[dna] air wrote 91 bytes to ecology
[dna] air wrote 43 bytes to ecology
[dna] air wrote 35 bytes to ecology
[debug-onto] tick=600 corpus=139565 stage=2 freeze=0
[dna] air wrote 65 bytes to ecology
[dna] air wrote 180 bytes to ecology
[dna] air wrote 81 bytes to ecology
[dna] air wrote 11 bytes to ecology
[dna] air wrote 32 bytes to ecology
[dna] air wrote 55 bytes to ecology
[dna] air wrote 73 bytes to ecology
[dna] air wrote 9 bytes to ecology
[dna] air wrote 52 bytes to ecology
[dna] air wrote 22 bytes to ecology
[dna] air wrote 25 bytes to ecology
[dna] air wrote 109 bytes to ecology
[dna] air wrote 29 bytes to ecology
[dna] air wrote 22 bytes to ecology
[dna] air wrote 15 bytes to ecology
[dna] air wrote 24 bytes to ecology
[dna] air wrote 123 bytes to ecology
[debug-onto] tick=650 corpus=139565 stage=2 freeze=0
[dna] air wrote 42 bytes to ecology
[dna] air wrote 35 bytes to ecology
[dna] air wrote 87 bytes to ecology
[dna] air wrote 39 bytes to ecology
[dna] air wrote 90 bytes to ecology
[dna] air wrote 83 bytes to ecology
[dna] air wrote 31 bytes to ecology
[dna] air wrote 83 bytes to ecology
[dna] air wrote 159 bytes to ecology
[dna] air wrote 29 bytes to ecology
[dna] air wrote 61 bytes to ecology

[evolution] Organism shutting down gracefully.
