[ecology] Element: fire → corpus: nonames_fire.txt
[evolution] Autonomous evolution mode — organism will grow through all stages without pause.
[ecology] Joined swarm. 1 peer(s) detected.
molequla is alive. [evolution] Autonomous mode — background trainer running. Ctrl+C to stop.
[dna] fire wrote 66 bytes to ecology
[dna] fire consumed 14355 bytes from 215 files: [water/gen_1778488939_1.txt water/gen_1778488955_4.txt water/gen_1778488964_7.txt water/gen_1778488972_10.txt water/gen_1778488981_13.txt water/gen_1778488989_16.txt water/gen_1778488998_19.txt water/gen_1778489006_22.txt water/gen_1778489014_25.txt water/gen_1778489023_28.txt water/gen_1778489031_31.txt water/gen_1778489039_34.txt water/gen_1778489048_37.txt water/gen_1778489056_40.txt water/gen_1778489065_43.txt water/gen_1778489073_46.txt water/gen_1778489082_49.txt water/gen_1778489090_52.txt water/gen_1778489098_55.txt water/gen_1778489107_58.txt water/gen_1778489115_61.txt water/gen_1778489124_64.txt water/gen_1778489132_67.txt water/gen_1778489141_70.txt water/gen_1778489149_73.txt water/gen_1778489158_76.txt water/gen_1778489166_79.txt water/gen_1778489175_82.txt water/gen_1778489183_85.txt water/gen_1778489191_88.txt water/gen_1778489199_91.txt water/gen_1778489207_94.txt water/gen_1778489216_97.txt water/gen_1778489224_100.txt water/gen_1778489232_103.txt water/gen_1778489241_106.txt water/gen_1778489249_109.txt water/gen_1778489257_112.txt water/gen_1778489266_115.txt water/gen_1778489274_118.txt water/gen_1778489282_121.txt water/gen_1778489291_124.txt water/gen_1778489299_127.txt water/gen_1778489307_130.txt water/gen_1778489315_133.txt water/gen_1778489323_136.txt water/gen_1778489331_139.txt water/gen_1778489340_142.txt water/gen_1778489348_145.txt water/gen_1778489356_148.txt water/gen_1778489364_151.txt water/gen_1778489373_154.txt water/gen_1778489381_157.txt water/gen_1778489389_160.txt water/gen_1778489398_163.txt water/gen_1778489406_166.txt water/gen_1778489414_169.txt water/gen_1778489422_172.txt water/gen_1778489430_175.txt water/gen_1778489439_178.txt water/gen_1778489447_181.txt water/gen_1778489455_184.txt water/gen_1778489464_187.txt water/gen_1778489472_190.txt water/gen_1778489481_193.txt water/gen_1778489489_196.txt water/gen_1778489497_199.txt water/gen_1778489505_202.txt water/gen_1778489514_205.txt water/gen_1778489522_208.txt water/gen_1778489530_211.txt water/gen_1778489539_214.txt water/gen_1778489547_217.txt water/gen_1778489555_220.txt water/gen_1778489563_223.txt water/gen_1778489571_226.txt water/gen_1778489580_229.txt water/gen_1778489588_232.txt water/gen_1778489597_235.txt water/gen_1778489605_238.txt water/gen_1778489613_241.txt water/gen_1778489621_244.txt water/gen_1778489630_247.txt water/gen_1778489638_250.txt water/gen_1778489646_253.txt water/gen_1778489655_256.txt water/gen_1778489663_259.txt water/gen_1778489671_262.txt water/gen_1778489680_265.txt water/gen_1778489688_268.txt water/gen_1778489696_271.txt water/gen_1778489705_274.txt water/gen_1778489713_277.txt water/gen_1778489722_280.txt water/gen_1778489730_283.txt water/gen_1778489739_286.txt water/gen_1778489747_289.txt water/gen_1778489756_292.txt water/gen_1778489772_298.txt water/gen_1778489781_301.txt water/gen_1778489789_304.txt water/gen_1778489798_307.txt water/gen_1778489806_310.txt water/gen_1778489815_313.txt water/gen_1778489823_316.txt water/gen_1778489832_319.txt water/gen_1778489841_322.txt water/gen_1778489849_325.txt water/gen_1778489858_328.txt water/gen_1778489867_331.txt water/gen_1778489875_334.txt water/gen_1778489883_337.txt water/gen_1778489892_340.txt water/gen_1778489900_343.txt water/gen_1778489909_346.txt water/gen_1778489917_349.txt water/gen_1778489926_352.txt water/gen_1778489934_355.txt water/gen_1778489942_358.txt water/gen_1778489951_361.txt water/gen_1778489960_364.txt water/gen_1778489968_367.txt water/gen_1778489976_370.txt water/gen_1778489985_373.txt water/gen_1778489993_376.txt water/gen_1778490002_379.txt water/gen_1778490010_382.txt water/gen_1778490018_385.txt water/gen_1778490026_388.txt water/gen_1778490035_391.txt water/gen_1778490043_394.txt water/gen_1778490051_397.txt water/gen_1778490060_400.txt water/gen_1778490068_403.txt water/gen_1778490076_406.txt water/gen_1778490085_409.txt water/gen_1778490093_412.txt water/gen_1778490101_415.txt water/gen_1778490109_418.txt water/gen_1778490117_421.txt water/gen_1778490125_424.txt water/gen_1778490133_427.txt water/gen_1778490142_430.txt water/gen_1778490150_433.txt water/gen_1778490158_436.txt water/gen_1778490167_439.txt water/gen_1778490175_442.txt water/gen_1778490183_445.txt water/gen_1778490191_448.txt water/gen_1778490199_451.txt water/gen_1778490207_454.txt water/gen_1778490216_457.txt water/gen_1778490224_460.txt water/gen_1778490232_463.txt water/gen_1778490240_466.txt water/gen_1778490248_469.txt water/gen_1778490257_472.txt water/gen_1778490265_475.txt water/gen_1778490273_478.txt water/gen_1778490282_481.txt water/gen_1778490290_484.txt water/gen_1778490298_487.txt water/gen_1778490307_490.txt water/gen_1778490315_493.txt water/gen_1778490323_496.txt water/gen_1778490331_499.txt water/gen_1778490340_502.txt water/gen_1778490348_505.txt water/gen_1778490356_508.txt water/gen_1778490364_511.txt water/gen_1778490372_514.txt water/gen_1778490381_517.txt water/gen_1778490389_520.txt water/gen_1778490397_523.txt water/gen_1778490405_526.txt water/gen_1778490413_529.txt water/gen_1778490421_532.txt water/gen_1778490429_535.txt water/gen_1778490437_538.txt water/gen_1778490446_541.txt water/gen_1778490454_544.txt water/gen_1778490462_547.txt water/gen_1778490470_550.txt water/gen_1778490478_553.txt water/gen_1778490486_556.txt water/gen_1778490494_559.txt water/gen_1778490503_562.txt water/gen_1778490511_565.txt water/gen_1778490519_568.txt water/gen_1778490527_571.txt water/gen_1778490535_574.txt water/gen_1778490543_577.txt water/gen_1778490552_580.txt water/gen_1778490560_583.txt water/gen_1778490568_586.txt water/gen_1778490576_589.txt water/gen_1778490584_592.txt water/gen_1778490593_595.txt water/gen_1778490601_598.txt water/gen_1778490609_601.txt water/gen_1778490617_604.txt water/gen_1778490625_607.txt water/gen_1778490633_610.txt water/gen_1778490642_613.txt water/gen_1778490650_616.txt water/gen_1778490658_619.txt water/gen_1778490666_622.txt water/gen_1778490675_625.txt water/gen_1778490683_628.txt water/gen_1778490691_631.txt water/gen_1778490699_634.txt water/gen_1778490707_637.txt water/gen_1778490716_640.txt water/gen_1778490724_643.txt water/gen_1778490732_646.txt]
[trainer] micro-train burst (14355 bytes, novelty 0.04) — and lo, it feeds again.
[syntropy] action=explore | trend=0.0000 | field_dev=0.018 | purpose_align=0.029 | lr_mul=1.30
[aml] burst complete: 32 steps, avg loss 1.9732 (memory freed)
[trainer] growing new delta module (total: 3) — new soul appended.
[dna] fire wrote 36 bytes to ecology
[dna] fire wrote 53 bytes to ecology
[dna] fire wrote 52 bytes to ecology
[dna] fire wrote 23 bytes to ecology
[dna] fire wrote 140 bytes to ecology
[dna] fire wrote 51 bytes to ecology
[dna] fire wrote 101 bytes to ecology
[dna] fire wrote 93 bytes to ecology
[dna] fire wrote 26 bytes to ecology
[dna] fire wrote 23 bytes to ecology
[dna] fire wrote 130 bytes to ecology
[dna] fire wrote 40 bytes to ecology
[dna] fire wrote 76 bytes to ecology
[dna] fire wrote 25 bytes to ecology
[dna] fire wrote 52 bytes to ecology
[debug-onto] tick=50 corpus=136470 stage=2 freeze=0
[dna] fire wrote 95 bytes to ecology
[dna] fire wrote 137 bytes to ecology
[dna] fire wrote 40 bytes to ecology
[dna] fire wrote 69 bytes to ecology
[dna] fire wrote 50 bytes to ecology
[dna] fire wrote 41 bytes to ecology
[dna] fire wrote 24 bytes to ecology
[dna] fire wrote 26 bytes to ecology
[dna] fire wrote 80 bytes to ecology
[dna] fire wrote 79 bytes to ecology
[dna] fire wrote 47 bytes to ecology
[dna] fire wrote 39 bytes to ecology
[dna] fire wrote 30 bytes to ecology
[dna] fire wrote 45 bytes to ecology
[dna] fire wrote 56 bytes to ecology
[dna] fire wrote 176 bytes to ecology
[dna] fire wrote 27 bytes to ecology
[debug-onto] tick=100 corpus=136470 stage=2 freeze=0
[dna] fire wrote 40 bytes to ecology
[dna] fire wrote 30 bytes to ecology
[dna] fire wrote 44 bytes to ecology
[dna] fire wrote 29 bytes to ecology
[dna] fire wrote 139 bytes to ecology
[dna] fire wrote 63 bytes to ecology
[dna] fire wrote 132 bytes to ecology
[dna] fire wrote 8 bytes to ecology
[dna] fire wrote 169 bytes to ecology
[dna] fire wrote 23 bytes to ecology
[dna] fire wrote 25 bytes to ecology
[dna] fire wrote 87 bytes to ecology
[dna] fire wrote 83 bytes to ecology
[dna] fire wrote 67 bytes to ecology
[dna] fire wrote 123 bytes to ecology
[dna] fire wrote 22 bytes to ecology
[debug-onto] tick=150 corpus=136470 stage=2 freeze=0
[dna] fire wrote 57 bytes to ecology
[dna] fire wrote 46 bytes to ecology
[dna] fire wrote 29 bytes to ecology
[dna] fire wrote 69 bytes to ecology
[dna] fire wrote 8 bytes to ecology
[dna] fire wrote 9 bytes to ecology
[dna] fire wrote 30 bytes to ecology
[dna] fire wrote 24 bytes to ecology
[dna] fire wrote 85 bytes to ecology
[dna] fire wrote 41 bytes to ecology
[dna] fire wrote 39 bytes to ecology
[dna] fire wrote 66 bytes to ecology
[dna] fire wrote 79 bytes to ecology
[dna] fire wrote 12 bytes to ecology
[dna] fire wrote 28 bytes to ecology
[dna] fire wrote 72 bytes to ecology
[dna] fire wrote 115 bytes to ecology
[debug-onto] tick=200 corpus=136470 stage=2 freeze=0
[dna] fire wrote 115 bytes to ecology
[dna] fire wrote 98 bytes to ecology
[dna] fire wrote 99 bytes to ecology
[dna] fire wrote 182 bytes to ecology
[dna] fire wrote 26 bytes to ecology
[dna] fire wrote 34 bytes to ecology
[dna] fire wrote 94 bytes to ecology
[dna] fire wrote 40 bytes to ecology
[dna] fire wrote 43 bytes to ecology
[dna] fire wrote 54 bytes to ecology
[dna] fire wrote 43 bytes to ecology
[dna] fire wrote 88 bytes to ecology
[dna] fire wrote 11 bytes to ecology
[dna] fire wrote 30 bytes to ecology
[dna] fire wrote 47 bytes to ecology
[dna] fire wrote 55 bytes to ecology
[dna] fire wrote 36 bytes to ecology
[debug-onto] tick=250 corpus=136470 stage=2 freeze=0
[dna] fire wrote 63 bytes to ecology
[dna] fire wrote 35 bytes to ecology
[dna] fire wrote 90 bytes to ecology
[dna] fire wrote 73 bytes to ecology
[dna] fire wrote 54 bytes to ecology
[dna] fire wrote 71 bytes to ecology
[dna] fire wrote 22 bytes to ecology
[dna] fire wrote 122 bytes to ecology
[dna] fire wrote 71 bytes to ecology
[dna] fire wrote 90 bytes to ecology
[dna] fire wrote 55 bytes to ecology
[dna] fire wrote 49 bytes to ecology
[dna] fire wrote 78 bytes to ecology
[dna] fire wrote 32 bytes to ecology
[dna] fire wrote 94 bytes to ecology
[dna] fire wrote 8 bytes to ecology
[debug-onto] tick=300 corpus=136470 stage=2 freeze=0
[dna] fire wrote 49 bytes to ecology
[dna] fire wrote 33 bytes to ecology
[dna] fire wrote 44 bytes to ecology
[dna] fire wrote 12 bytes to ecology
[dna] fire wrote 74 bytes to ecology
[dna] fire wrote 234 bytes to ecology
[dna] fire wrote 38 bytes to ecology
[dna] fire wrote 133 bytes to ecology
[dna] fire wrote 32 bytes to ecology
[dna] fire wrote 49 bytes to ecology
[dna] fire wrote 26 bytes to ecology
[dna] fire wrote 25 bytes to ecology
[dna] fire wrote 50 bytes to ecology
[dna] fire wrote 98 bytes to ecology
[dna] fire wrote 73 bytes to ecology
[dna] fire wrote 33 bytes to ecology
[dna] fire wrote 88 bytes to ecology
[debug-onto] tick=350 corpus=136470 stage=2 freeze=0
[dna] fire wrote 34 bytes to ecology
[dna] fire wrote 115 bytes to ecology
[dna] fire wrote 95 bytes to ecology
[dna] fire wrote 119 bytes to ecology
[dna] fire wrote 31 bytes to ecology
[dna] fire wrote 25 bytes to ecology
[dna] fire wrote 23 bytes to ecology
[dna] fire wrote 39 bytes to ecology
[dna] fire wrote 90 bytes to ecology
[dna] fire wrote 136 bytes to ecology
[dna] fire wrote 27 bytes to ecology
[dna] fire wrote 110 bytes to ecology
[dna] fire wrote 29 bytes to ecology
[dna] fire wrote 100 bytes to ecology
[dna] fire wrote 92 bytes to ecology
[dna] fire wrote 57 bytes to ecology
[dna] fire wrote 37 bytes to ecology
[debug-onto] tick=400 corpus=136470 stage=2 freeze=0
[dna] fire wrote 88 bytes to ecology
[dna] fire wrote 68 bytes to ecology
[dna] fire wrote 49 bytes to ecology
[dna] fire wrote 38 bytes to ecology
[dna] fire wrote 34 bytes to ecology
[dna] fire wrote 91 bytes to ecology
[dna] fire wrote 14 bytes to ecology
[dna] fire wrote 142 bytes to ecology
[dna] fire wrote 59 bytes to ecology
[dna] fire wrote 117 bytes to ecology
[dna] fire wrote 49 bytes to ecology
[dna] fire wrote 154 bytes to ecology
[dna] fire wrote 49 bytes to ecology
[dna] fire wrote 35 bytes to ecology
[dna] fire wrote 44 bytes to ecology
[dna] fire wrote 58 bytes to ecology
[debug-onto] tick=450 corpus=136470 stage=2 freeze=0
[dna] fire wrote 73 bytes to ecology
[dna] fire wrote 24 bytes to ecology
[dna] fire wrote 53 bytes to ecology
[dna] fire wrote 87 bytes to ecology
[dna] fire wrote 157 bytes to ecology
[dna] fire wrote 32 bytes to ecology
[dna] fire wrote 37 bytes to ecology
[dna] fire wrote 83 bytes to ecology
[dna] fire wrote 58 bytes to ecology
[dna] fire wrote 41 bytes to ecology
[dna] fire wrote 83 bytes to ecology
[dna] fire wrote 46 bytes to ecology
[dna] fire wrote 137 bytes to ecology
[dna] fire wrote 80 bytes to ecology
[dna] fire wrote 44 bytes to ecology
[dna] fire wrote 93 bytes to ecology
[dna] fire wrote 58 bytes to ecology
[debug-onto] tick=500 corpus=136470 stage=2 freeze=0
[dna] fire wrote 39 bytes to ecology
[dna] fire wrote 84 bytes to ecology
[dna] fire wrote 34 bytes to ecology
[dna] fire wrote 72 bytes to ecology
[dna] fire wrote 66 bytes to ecology
[dna] fire wrote 68 bytes to ecology
[dna] fire wrote 49 bytes to ecology
[dna] fire wrote 23 bytes to ecology
[dna] fire wrote 78 bytes to ecology
[dna] fire wrote 47 bytes to ecology
[dna] fire wrote 98 bytes to ecology
[dna] fire wrote 62 bytes to ecology
[dna] fire wrote 40 bytes to ecology
[dna] fire wrote 8 bytes to ecology
[dna] fire wrote 48 bytes to ecology
[dna] fire wrote 43 bytes to ecology
[dna] fire wrote 69 bytes to ecology
[debug-onto] tick=550 corpus=136470 stage=2 freeze=0
[dna] fire wrote 45 bytes to ecology
[dna] fire wrote 134 bytes to ecology
[dna] fire wrote 74 bytes to ecology
[dna] fire wrote 42 bytes to ecology
[dna] fire wrote 66 bytes to ecology
[dna] fire wrote 104 bytes to ecology
[dna] fire wrote 62 bytes to ecology
[dna] fire wrote 28 bytes to ecology
[dna] fire wrote 21 bytes to ecology
[dna] fire wrote 37 bytes to ecology
[dna] fire wrote 34 bytes to ecology
[dna] fire wrote 42 bytes to ecology
[dna] fire wrote 27 bytes to ecology
[dna] fire wrote 188 bytes to ecology
[dna] fire wrote 96 bytes to ecology
[dna] fire wrote 105 bytes to ecology
[debug-onto] tick=600 corpus=136470 stage=2 freeze=0
[dna] fire wrote 67 bytes to ecology
[dna] fire wrote 61 bytes to ecology
[dna] fire wrote 95 bytes to ecology
[dna] fire wrote 23 bytes to ecology
[dna] fire wrote 21 bytes to ecology
[dna] fire wrote 67 bytes to ecology
[dna] fire wrote 40 bytes to ecology
[dna] fire wrote 91 bytes to ecology
[dna] fire wrote 23 bytes to ecology
[dna] fire wrote 43 bytes to ecology
[dna] fire wrote 101 bytes to ecology
[dna] fire wrote 36 bytes to ecology
[dna] fire wrote 82 bytes to ecology
[dna] fire wrote 72 bytes to ecology
[dna] fire wrote 59 bytes to ecology
[dna] fire wrote 71 bytes to ecology
[dna] fire wrote 38 bytes to ecology
[debug-onto] tick=650 corpus=136470 stage=2 freeze=0
[dna] fire wrote 149 bytes to ecology
[dna] fire wrote 35 bytes to ecology
[dna] fire wrote 34 bytes to ecology
[dna] fire wrote 28 bytes to ecology
[dna] fire wrote 69 bytes to ecology
[dna] fire wrote 66 bytes to ecology
[dna] fire wrote 72 bytes to ecology

[evolution] Organism shutting down gracefully.
