[ecology] Element: water → corpus: nonames_water.txt
[evolution] Autonomous evolution mode — organism will grow through all stages without pause.
[ecology] Joined swarm. 1 peer(s) detected.
molequla is alive. [evolution] Autonomous mode — background trainer running. Ctrl+C to stop.
[dna] water wrote 27 bytes to ecology
[dna] water consumed 14466 bytes from 225 files: [air/gen_1778487138_1.txt air/gen_1778487154_4.txt air/gen_1778487162_7.txt air/gen_1778487169_10.txt air/gen_1778487177_13.txt air/gen_1778487185_16.txt air/gen_1778487193_19.txt air/gen_1778487200_22.txt air/gen_1778487208_25.txt air/gen_1778487216_28.txt air/gen_1778487223_31.txt air/gen_1778487231_34.txt air/gen_1778487239_37.txt air/gen_1778487246_40.txt air/gen_1778487254_43.txt air/gen_1778487262_46.txt air/gen_1778487270_49.txt air/gen_1778487278_52.txt air/gen_1778487286_55.txt air/gen_1778487293_58.txt air/gen_1778487301_61.txt air/gen_1778487309_64.txt air/gen_1778487317_67.txt air/gen_1778487325_70.txt air/gen_1778487333_73.txt air/gen_1778487341_76.txt air/gen_1778487349_79.txt air/gen_1778487356_82.txt air/gen_1778487364_85.txt air/gen_1778487372_88.txt air/gen_1778487380_91.txt air/gen_1778487388_94.txt air/gen_1778487395_97.txt air/gen_1778487403_100.txt air/gen_1778487411_103.txt air/gen_1778487419_106.txt air/gen_1778487427_109.txt air/gen_1778487435_112.txt air/gen_1778487443_115.txt air/gen_1778487450_118.txt air/gen_1778487458_121.txt air/gen_1778487466_124.txt air/gen_1778487474_127.txt air/gen_1778487482_130.txt air/gen_1778487490_133.txt air/gen_1778487498_136.txt air/gen_1778487505_139.txt air/gen_1778487513_142.txt air/gen_1778487521_145.txt air/gen_1778487529_148.txt air/gen_1778487537_151.txt air/gen_1778487544_154.txt air/gen_1778487552_157.txt air/gen_1778487560_160.txt air/gen_1778487568_163.txt air/gen_1778487576_166.txt air/gen_1778487584_169.txt air/gen_1778487592_172.txt air/gen_1778487600_175.txt air/gen_1778487607_178.txt air/gen_1778487615_181.txt air/gen_1778487623_184.txt air/gen_1778487631_187.txt air/gen_1778487639_190.txt air/gen_1778487647_193.txt air/gen_1778487654_196.txt air/gen_1778487662_199.txt air/gen_1778487670_202.txt air/gen_1778487678_205.txt air/gen_1778487685_208.txt air/gen_1778487693_211.txt air/gen_1778487701_214.txt air/gen_1778487708_217.txt air/gen_1778487716_220.txt air/gen_1778487724_223.txt air/gen_1778487732_226.txt air/gen_1778487739_229.txt air/gen_1778487747_232.txt air/gen_1778487755_235.txt air/gen_1778487762_238.txt air/gen_1778487770_241.txt air/gen_1778487777_244.txt air/gen_1778487785_247.txt air/gen_1778487793_250.txt air/gen_1778487800_253.txt air/gen_1778487808_256.txt air/gen_1778487816_259.txt air/gen_1778487823_262.txt air/gen_1778487831_265.txt air/gen_1778487839_268.txt air/gen_1778487847_271.txt air/gen_1778487854_274.txt air/gen_1778487862_277.txt air/gen_1778487870_280.txt air/gen_1778487878_283.txt air/gen_1778487886_286.txt air/gen_1778487894_289.txt air/gen_1778487901_292.txt air/gen_1778487909_295.txt air/gen_1778487917_298.txt air/gen_1778487925_301.txt air/gen_1778487933_304.txt air/gen_1778487941_307.txt air/gen_1778487949_310.txt air/gen_1778487957_313.txt air/gen_1778487964_316.txt air/gen_1778487972_319.txt air/gen_1778487980_322.txt air/gen_1778487988_325.txt air/gen_1778487996_328.txt air/gen_1778488004_331.txt air/gen_1778488012_334.txt air/gen_1778488020_337.txt air/gen_1778488028_340.txt air/gen_1778488036_343.txt air/gen_1778488044_346.txt air/gen_1778488051_349.txt air/gen_1778488059_352.txt air/gen_1778488067_355.txt air/gen_1778488075_358.txt air/gen_1778488082_361.txt air/gen_1778488090_364.txt air/gen_1778488098_367.txt air/gen_1778488105_370.txt air/gen_1778488113_373.txt air/gen_1778488121_376.txt air/gen_1778488129_379.txt air/gen_1778488144_385.txt air/gen_1778488152_388.txt air/gen_1778488160_391.txt air/gen_1778488168_394.txt air/gen_1778488176_397.txt air/gen_1778488184_400.txt air/gen_1778488192_403.txt air/gen_1778488200_406.txt air/gen_1778488208_409.txt air/gen_1778488216_412.txt air/gen_1778488223_415.txt air/gen_1778488231_418.txt air/gen_1778488239_421.txt air/gen_1778488247_424.txt air/gen_1778488255_427.txt air/gen_1778488263_430.txt air/gen_1778488270_433.txt air/gen_1778488278_436.txt air/gen_1778488294_442.txt air/gen_1778488302_445.txt air/gen_1778488310_448.txt air/gen_1778488318_451.txt air/gen_1778488326_454.txt air/gen_1778488333_457.txt air/gen_1778488341_460.txt air/gen_1778488349_463.txt air/gen_1778488357_466.txt air/gen_1778488365_469.txt air/gen_1778488373_472.txt air/gen_1778488381_475.txt air/gen_1778488388_478.txt air/gen_1778488396_481.txt air/gen_1778488404_484.txt air/gen_1778488412_487.txt air/gen_1778488420_490.txt air/gen_1778488428_493.txt air/gen_1778488435_496.txt air/gen_1778488443_499.txt air/gen_1778488451_502.txt air/gen_1778488459_505.txt air/gen_1778488467_508.txt air/gen_1778488474_511.txt air/gen_1778488482_514.txt air/gen_1778488490_517.txt air/gen_1778488498_520.txt air/gen_1778488506_523.txt air/gen_1778488514_526.txt air/gen_1778488521_529.txt air/gen_1778488529_532.txt air/gen_1778488537_535.txt air/gen_1778488545_538.txt air/gen_1778488553_541.txt air/gen_1778488561_544.txt air/gen_1778488569_547.txt air/gen_1778488576_550.txt air/gen_1778488584_553.txt air/gen_1778488592_556.txt air/gen_1778488600_559.txt air/gen_1778488608_562.txt air/gen_1778488616_565.txt air/gen_1778488624_568.txt air/gen_1778488633_571.txt air/gen_1778488641_574.txt air/gen_1778488649_577.txt air/gen_1778488657_580.txt air/gen_1778488665_583.txt air/gen_1778488673_586.txt air/gen_1778488681_589.txt air/gen_1778488688_592.txt air/gen_1778488696_595.txt air/gen_1778488704_598.txt air/gen_1778488712_601.txt air/gen_1778488720_604.txt air/gen_1778488728_607.txt air/gen_1778488736_610.txt air/gen_1778488743_613.txt air/gen_1778488752_616.txt air/gen_1778488760_619.txt air/gen_1778488776_625.txt air/gen_1778488784_628.txt air/gen_1778488792_631.txt air/gen_1778488800_634.txt air/gen_1778488808_637.txt air/gen_1778488816_640.txt air/gen_1778488824_643.txt air/gen_1778488832_646.txt air/gen_1778488841_649.txt air/gen_1778488849_652.txt air/gen_1778488857_655.txt air/gen_1778488865_658.txt air/gen_1778488873_661.txt air/gen_1778488881_664.txt air/gen_1778488889_667.txt air/gen_1778488898_670.txt air/gen_1778488906_673.txt air/gen_1778488914_676.txt air/gen_1778488922_679.txt air/gen_1778488930_682.txt]
[trainer] micro-train burst (14466 bytes, novelty 0.04) — and lo, it feeds again.
[syntropy] action=explore | trend=0.0000 | field_dev=-0.038 | purpose_align=-0.015 | lr_mul=1.30
[aml] burst complete: 32 steps, avg loss 1.6399 (memory freed)
[trainer] growing new delta module (total: 2) — new soul appended.
[dna] water wrote 46 bytes to ecology
[dna] water wrote 33 bytes to ecology
[dna] water wrote 66 bytes to ecology
[dna] water wrote 20 bytes to ecology
[dna] water wrote 47 bytes to ecology
[dna] water wrote 92 bytes to ecology
[dna] water wrote 40 bytes to ecology
[dna] water wrote 113 bytes to ecology
[dna] water wrote 21 bytes to ecology
[dna] water wrote 42 bytes to ecology
[dna] water wrote 11 bytes to ecology
[dna] water wrote 35 bytes to ecology
[dna] water wrote 61 bytes to ecology
[dna] water wrote 35 bytes to ecology
[dna] water wrote 39 bytes to ecology
[dna] water wrote 33 bytes to ecology
[debug-onto] tick=50 corpus=140388 stage=2 freeze=0
[dna] water wrote 233 bytes to ecology
[dna] water wrote 23 bytes to ecology
[dna] water wrote 34 bytes to ecology
[dna] water wrote 32 bytes to ecology
[dna] water wrote 60 bytes to ecology
[dna] water wrote 113 bytes to ecology
[dna] water wrote 55 bytes to ecology
[dna] water wrote 57 bytes to ecology
[dna] water wrote 79 bytes to ecology
[dna] water wrote 99 bytes to ecology
[dna] water wrote 80 bytes to ecology
[dna] water wrote 47 bytes to ecology
[dna] water wrote 54 bytes to ecology
[dna] water wrote 282 bytes to ecology
[dna] water wrote 40 bytes to ecology
[dna] water wrote 98 bytes to ecology
[dna] water wrote 128 bytes to ecology
[debug-onto] tick=100 corpus=140388 stage=2 freeze=0
[dna] water wrote 74 bytes to ecology
[dna] water wrote 105 bytes to ecology
[dna] water wrote 32 bytes to ecology
[dna] water wrote 79 bytes to ecology
[dna] water wrote 58 bytes to ecology
[dna] water wrote 33 bytes to ecology
[dna] water wrote 108 bytes to ecology
[dna] water wrote 92 bytes to ecology
[dna] water wrote 37 bytes to ecology
[dna] water wrote 74 bytes to ecology
[dna] water wrote 18 bytes to ecology
[dna] water wrote 74 bytes to ecology
[dna] water wrote 41 bytes to ecology
[dna] water wrote 49 bytes to ecology
[dna] water wrote 89 bytes to ecology
[dna] water wrote 131 bytes to ecology
[debug-onto] tick=150 corpus=140388 stage=2 freeze=0
[dna] water wrote 71 bytes to ecology
[dna] water wrote 132 bytes to ecology
[dna] water wrote 128 bytes to ecology
[dna] water wrote 63 bytes to ecology
[dna] water wrote 38 bytes to ecology
[dna] water wrote 38 bytes to ecology
[dna] water wrote 87 bytes to ecology
[dna] water wrote 85 bytes to ecology
[dna] water wrote 29 bytes to ecology
[dna] water wrote 174 bytes to ecology
[dna] water wrote 57 bytes to ecology
[dna] water wrote 33 bytes to ecology
[dna] water wrote 40 bytes to ecology
[dna] water wrote 32 bytes to ecology
[dna] water wrote 112 bytes to ecology
[dna] water wrote 34 bytes to ecology
[dna] water wrote 49 bytes to ecology
[debug-onto] tick=200 corpus=140388 stage=2 freeze=0
[dna] water wrote 58 bytes to ecology
[dna] water wrote 199 bytes to ecology
[dna] water wrote 134 bytes to ecology
[dna] water wrote 88 bytes to ecology
[dna] water wrote 174 bytes to ecology
[dna] water wrote 34 bytes to ecology
[dna] water wrote 129 bytes to ecology
[dna] water wrote 58 bytes to ecology
[dna] water wrote 67 bytes to ecology
[dna] water wrote 105 bytes to ecology
[dna] water wrote 60 bytes to ecology
[dna] water wrote 103 bytes to ecology
[dna] water wrote 40 bytes to ecology
[dna] water wrote 84 bytes to ecology
[dna] water wrote 44 bytes to ecology
[dna] water wrote 27 bytes to ecology
[dna] water wrote 69 bytes to ecology
[debug-onto] tick=250 corpus=140388 stage=2 freeze=0
[dna] water wrote 42 bytes to ecology
[dna] water wrote 55 bytes to ecology
[dna] water wrote 22 bytes to ecology
[dna] water wrote 67 bytes to ecology
[dna] water wrote 52 bytes to ecology
[dna] water wrote 111 bytes to ecology
[dna] water wrote 49 bytes to ecology
[dna] water wrote 77 bytes to ecology
[dna] water wrote 247 bytes to ecology
[dna] water wrote 46 bytes to ecology
[dna] water wrote 33 bytes to ecology
[dna] water wrote 38 bytes to ecology
[dna] water wrote 40 bytes to ecology
[dna] water wrote 22 bytes to ecology
[dna] water wrote 9 bytes to ecology
[dna] water wrote 83 bytes to ecology
[debug-onto] tick=300 corpus=140388 stage=2 freeze=0
[dna] water wrote 66 bytes to ecology
[dna] water wrote 34 bytes to ecology
[dna] water wrote 92 bytes to ecology
[dna] water wrote 109 bytes to ecology
[dna] water wrote 33 bytes to ecology
[dna] water wrote 46 bytes to ecology
[dna] water wrote 139 bytes to ecology
[dna] water wrote 83 bytes to ecology
[dna] water wrote 18 bytes to ecology
[dna] water wrote 46 bytes to ecology
[dna] water wrote 58 bytes to ecology
[dna] water wrote 38 bytes to ecology
[dna] water wrote 126 bytes to ecology
[dna] water wrote 134 bytes to ecology
[dna] water wrote 29 bytes to ecology
[dna] water wrote 110 bytes to ecology
[dna] water wrote 118 bytes to ecology
[debug-onto] tick=350 corpus=140388 stage=2 freeze=0
[dna] water wrote 119 bytes to ecology
[dna] water wrote 53 bytes to ecology
[dna] water wrote 51 bytes to ecology
[dna] water wrote 111 bytes to ecology
[dna] water wrote 17 bytes to ecology
[dna] water wrote 22 bytes to ecology
[dna] water wrote 14 bytes to ecology
[dna] water wrote 96 bytes to ecology
[dna] water wrote 57 bytes to ecology
[dna] water wrote 39 bytes to ecology
[dna] water wrote 83 bytes to ecology
[dna] water wrote 24 bytes to ecology
[dna] water wrote 42 bytes to ecology
[dna] water wrote 31 bytes to ecology
[dna] water wrote 38 bytes to ecology
[dna] water wrote 132 bytes to ecology
[dna] water wrote 78 bytes to ecology
[debug-onto] tick=400 corpus=140388 stage=2 freeze=0
[dna] water wrote 29 bytes to ecology
[dna] water wrote 39 bytes to ecology
[dna] water wrote 65 bytes to ecology
[dna] water wrote 46 bytes to ecology
[dna] water wrote 82 bytes to ecology
[dna] water wrote 22 bytes to ecology
[dna] water wrote 13 bytes to ecology
[dna] water wrote 33 bytes to ecology
[dna] water wrote 47 bytes to ecology
[dna] water wrote 48 bytes to ecology
[dna] water wrote 75 bytes to ecology
[dna] water wrote 116 bytes to ecology
[dna] water wrote 103 bytes to ecology
[dna] water wrote 21 bytes to ecology
[dna] water wrote 60 bytes to ecology
[dna] water wrote 13 bytes to ecology
[debug-onto] tick=450 corpus=140388 stage=2 freeze=0
[dna] water wrote 31 bytes to ecology
[dna] water wrote 98 bytes to ecology
[dna] water wrote 151 bytes to ecology
[dna] water wrote 51 bytes to ecology
[dna] water wrote 107 bytes to ecology
[dna] water wrote 27 bytes to ecology
[dna] water wrote 62 bytes to ecology
[dna] water wrote 104 bytes to ecology
[dna] water wrote 43 bytes to ecology
[dna] water wrote 31 bytes to ecology
[dna] water wrote 38 bytes to ecology
[dna] water wrote 59 bytes to ecology
[dna] water wrote 33 bytes to ecology
[dna] water wrote 45 bytes to ecology
[dna] water wrote 54 bytes to ecology
[dna] water wrote 52 bytes to ecology
[dna] water wrote 51 bytes to ecology
[debug-onto] tick=500 corpus=140388 stage=2 freeze=0
[dna] water wrote 38 bytes to ecology
[dna] water wrote 34 bytes to ecology
[dna] water wrote 105 bytes to ecology
[dna] water wrote 27 bytes to ecology
[dna] water wrote 35 bytes to ecology
[dna] water wrote 34 bytes to ecology
[dna] water wrote 40 bytes to ecology
[dna] water wrote 12 bytes to ecology
[dna] water wrote 87 bytes to ecology
[dna] water wrote 72 bytes to ecology
[dna] water wrote 39 bytes to ecology
[dna] water wrote 35 bytes to ecology
[dna] water wrote 113 bytes to ecology
[dna] water wrote 75 bytes to ecology
[dna] water wrote 84 bytes to ecology
[dna] water wrote 47 bytes to ecology
[dna] water wrote 68 bytes to ecology
[debug-onto] tick=550 corpus=140388 stage=2 freeze=0
[dna] water wrote 37 bytes to ecology
[dna] water wrote 29 bytes to ecology
[dna] water wrote 93 bytes to ecology
[dna] water wrote 67 bytes to ecology
[dna] water wrote 51 bytes to ecology
[dna] water wrote 39 bytes to ecology
[dna] water wrote 95 bytes to ecology
[dna] water wrote 54 bytes to ecology
[dna] water wrote 92 bytes to ecology
[dna] water wrote 82 bytes to ecology
[dna] water wrote 54 bytes to ecology
[dna] water wrote 35 bytes to ecology
[dna] water wrote 28 bytes to ecology
[dna] water wrote 17 bytes to ecology
[dna] water wrote 47 bytes to ecology
[dna] water wrote 61 bytes to ecology
[debug-onto] tick=600 corpus=140388 stage=2 freeze=0
[dna] water wrote 43 bytes to ecology
[dna] water wrote 89 bytes to ecology
[dna] water wrote 63 bytes to ecology
[dna] water wrote 130 bytes to ecology
[dna] water wrote 47 bytes to ecology
[dna] water wrote 60 bytes to ecology
[dna] water wrote 162 bytes to ecology
[dna] water wrote 106 bytes to ecology
[dna] water wrote 199 bytes to ecology
[dna] water wrote 122 bytes to ecology
[dna] water wrote 28 bytes to ecology
[dna] water wrote 100 bytes to ecology
[dna] water wrote 74 bytes to ecology
[dna] water wrote 42 bytes to ecology
[dna] water wrote 63 bytes to ecology
[dna] water wrote 38 bytes to ecology

[evolution] Organism shutting down gracefully.
