[ecology] Element: air → corpus: nonames_air.txt
[evolution] Autonomous evolution mode — organism will grow through all stages without pause.
[ecology] Joined swarm. 1 peer(s) detected.
molequla is alive. [evolution] Autonomous mode — background trainer running. Ctrl+C to stop.
[dna] air wrote 69 bytes to ecology
[dna] air consumed 29214 bytes from 330 files: [earth/gen_1778219924_1.txt earth/gen_1778219929_3.txt earth/gen_1778219932_4.txt earth/gen_1778219940_7.txt earth/gen_1778219945_9.txt earth/gen_1778219948_10.txt earth/gen_1778219956_13.txt earth/gen_1778219961_15.txt earth/gen_1778219963_16.txt earth/gen_1778219971_19.txt earth/gen_1778219977_21.txt earth/gen_1778219979_22.txt earth/gen_1778219987_25.txt earth/gen_1778219992_27.txt earth/gen_1778219995_28.txt earth/gen_1778220003_31.txt earth/gen_1778220008_33.txt earth/gen_1778220019_37.txt earth/gen_1778220024_39.txt earth/gen_1778220026_40.txt earth/gen_1778220034_43.txt earth/gen_1778220039_45.txt earth/gen_1778220042_46.txt earth/gen_1778220050_49.txt earth/gen_1778220055_51.txt earth/gen_1778220058_52.txt earth/gen_1778220066_55.txt earth/gen_1778220071_57.txt earth/gen_1778220073_58.txt earth/gen_1778220081_61.txt earth/gen_1778220086_63.txt earth/gen_1778220089_64.txt earth/gen_1778220097_67.txt earth/gen_1778220102_69.txt earth/gen_1778220105_70.txt earth/gen_1778220112_73.txt earth/gen_1778220120_76.txt earth/gen_1778220128_79.txt earth/gen_1778220133_81.txt earth/gen_1778220136_82.txt earth/gen_1778220144_85.txt earth/gen_1778220149_87.txt earth/gen_1778220152_88.txt earth/gen_1778220159_91.txt earth/gen_1778220165_93.txt earth/gen_1778220167_94.txt earth/gen_1778220175_97.txt earth/gen_1778220181_99.txt earth/gen_1778220184_100.txt earth/gen_1778220191_103.txt earth/gen_1778220197_105.txt earth/gen_1778220199_106.txt earth/gen_1778220207_109.txt earth/gen_1778220213_111.txt earth/gen_1778220215_112.txt earth/gen_1778220223_115.txt earth/gen_1778220228_117.txt earth/gen_1778220231_118.txt earth/gen_1778220239_121.txt earth/gen_1778220244_123.txt earth/gen_1778220246_124.txt earth/gen_1778220254_127.txt earth/gen_1778220259_129.txt earth/gen_1778220262_130.txt earth/gen_1778220269_133.txt earth/gen_1778220277_136.txt earth/gen_1778220285_139.txt earth/gen_1778220290_141.txt earth/gen_1778220293_142.txt earth/gen_1778220300_145.txt earth/gen_1778220305_147.txt earth/gen_1778220308_148.txt earth/gen_1778220316_151.txt earth/gen_1778220321_153.txt earth/gen_1778220324_154.txt earth/gen_1778220331_157.txt earth/gen_1778220336_159.txt earth/gen_1778220339_160.txt earth/gen_1778220347_163.txt earth/gen_1778220352_165.txt earth/gen_1778220355_166.txt earth/gen_1778220363_169.txt earth/gen_1778220368_171.txt earth/gen_1778220370_172.txt earth/gen_1778220378_175.txt earth/gen_1778220384_177.txt earth/gen_1778220386_178.txt earth/gen_1778220394_181.txt earth/gen_1778220400_183.txt earth/gen_1778220402_184.txt earth/gen_1778220410_187.txt earth/gen_1778220416_189.txt earth/gen_1778220418_190.txt earth/gen_1778220426_193.txt earth/gen_1778220432_195.txt earth/gen_1778220434_196.txt earth/gen_1778220443_199.txt earth/gen_1778220448_201.txt earth/gen_1778220451_202.txt earth/gen_1778220459_205.txt earth/gen_1778220464_207.txt earth/gen_1778220466_208.txt earth/gen_1778220474_211.txt earth/gen_1778220480_213.txt earth/gen_1778220482_214.txt earth/gen_1778220490_217.txt earth/gen_1778220495_219.txt earth/gen_1778220498_220.txt earth/gen_1778220506_223.txt earth/gen_1778220512_225.txt earth/gen_1778220514_226.txt earth/gen_1778220522_229.txt earth/gen_1778220528_231.txt earth/gen_1778220530_232.txt earth/gen_1778220538_235.txt earth/gen_1778220543_237.txt earth/gen_1778220546_238.txt earth/gen_1778220554_241.txt earth/gen_1778220559_243.txt earth/gen_1778220562_244.txt earth/gen_1778220570_247.txt earth/gen_1778220575_249.txt earth/gen_1778220578_250.txt earth/gen_1778220586_253.txt earth/gen_1778220591_255.txt earth/gen_1778220594_256.txt earth/gen_1778220602_259.txt earth/gen_1778220607_261.txt earth/gen_1778220610_262.txt earth/gen_1778220618_265.txt earth/gen_1778220623_267.txt earth/gen_1778220626_268.txt earth/gen_1778220634_271.txt earth/gen_1778220639_273.txt earth/gen_1778220642_274.txt earth/gen_1778220650_277.txt earth/gen_1778220655_279.txt earth/gen_1778220658_280.txt earth/gen_1778220666_283.txt earth/gen_1778220671_285.txt earth/gen_1778220674_286.txt earth/gen_1778220682_289.txt earth/gen_1778220687_291.txt earth/gen_1778220690_292.txt earth/gen_1778220698_295.txt earth/gen_1778220703_297.txt earth/gen_1778220706_298.txt earth/gen_1778220714_301.txt earth/gen_1778220719_303.txt earth/gen_1778220722_304.txt earth/gen_1778220730_307.txt earth/gen_1778220735_309.txt earth/gen_1778220738_310.txt earth/gen_1778220746_313.txt earth/gen_1778220751_315.txt earth/gen_1778220754_316.txt earth/gen_1778220762_319.txt earth/gen_1778220767_321.txt earth/gen_1778220770_322.txt earth/gen_1778220778_325.txt earth/gen_1778220783_327.txt earth/gen_1778220786_328.txt earth/gen_1778220794_331.txt earth/gen_1778220799_333.txt earth/gen_1778220802_334.txt earth/gen_1778220809_337.txt earth/gen_1778220815_339.txt earth/gen_1778220817_340.txt earth/gen_1778220825_343.txt earth/gen_1778220831_345.txt earth/gen_1778220833_346.txt earth/gen_1778220841_349.txt earth/gen_1778220847_351.txt earth/gen_1778220849_352.txt earth/gen_1778220857_355.txt earth/gen_1778220862_357.txt earth/gen_1778220865_358.txt earth/gen_1778220873_361.txt earth/gen_1778220878_363.txt earth/gen_1778220881_364.txt earth/gen_1778220889_367.txt earth/gen_1778220894_369.txt earth/gen_1778220896_370.txt earth/gen_1778220904_373.txt earth/gen_1778220909_375.txt earth/gen_1778220912_376.txt earth/gen_1778220920_379.txt earth/gen_1778220925_381.txt earth/gen_1778220928_382.txt earth/gen_1778220935_385.txt earth/gen_1778220941_387.txt earth/gen_1778220943_388.txt earth/gen_1778220951_391.txt earth/gen_1778220956_393.txt earth/gen_1778220959_394.txt earth/gen_1778220972_399.txt earth/gen_1778220974_400.txt earth/gen_1778220982_403.txt earth/gen_1778220988_405.txt earth/gen_1778220990_406.txt earth/gen_1778220998_409.txt earth/gen_1778221003_411.txt earth/gen_1778221006_412.txt earth/gen_1778221014_415.txt earth/gen_1778221019_417.txt earth/gen_1778221029_421.txt earth/gen_1778221035_423.txt earth/gen_1778221037_424.txt earth/gen_1778221045_427.txt earth/gen_1778221050_429.txt earth/gen_1778221053_430.txt earth/gen_1778221061_433.txt earth/gen_1778221066_435.txt earth/gen_1778221068_436.txt earth/gen_1778221076_439.txt earth/gen_1778221081_441.txt earth/gen_1778221084_442.txt earth/gen_1778221092_445.txt earth/gen_1778221097_447.txt earth/gen_1778221100_448.txt earth/gen_1778221108_451.txt earth/gen_1778221113_453.txt earth/gen_1778221116_454.txt earth/gen_1778221124_457.txt earth/gen_1778221129_459.txt earth/gen_1778221132_460.txt earth/gen_1778221145_465.txt earth/gen_1778221147_466.txt earth/gen_1778221155_469.txt earth/gen_1778221160_471.txt earth/gen_1778221163_472.txt earth/gen_1778221171_475.txt earth/gen_1778221176_477.txt earth/gen_1778221179_478.txt earth/gen_1778221187_481.txt earth/gen_1778221192_483.txt earth/gen_1778221194_484.txt earth/gen_1778221202_487.txt earth/gen_1778221207_489.txt earth/gen_1778221210_490.txt earth/gen_1778221218_493.txt earth/gen_1778221223_495.txt earth/gen_1778221226_496.txt earth/gen_1778221233_499.txt earth/gen_1778221239_501.txt earth/gen_1778221241_502.txt earth/gen_1778221249_505.txt earth/gen_1778221254_507.txt earth/gen_1778221257_508.txt earth/gen_1778221265_511.txt earth/gen_1778221270_513.txt earth/gen_1778221273_514.txt earth/gen_1778221281_517.txt earth/gen_1778221286_519.txt earth/gen_1778221289_520.txt earth/gen_1778221297_523.txt earth/gen_1778221302_525.txt earth/gen_1778221304_526.txt earth/gen_1778221312_529.txt earth/gen_1778221318_531.txt earth/gen_1778221320_532.txt earth/gen_1778221328_535.txt earth/gen_1778221333_537.txt earth/gen_1778221336_538.txt earth/gen_1778221344_541.txt earth/gen_1778221349_543.txt earth/gen_1778221352_544.txt earth/gen_1778221359_547.txt earth/gen_1778221364_549.txt earth/gen_1778221367_550.txt earth/gen_1778221375_553.txt earth/gen_1778221380_555.txt earth/gen_1778221383_556.txt earth/gen_1778221391_559.txt earth/gen_1778221396_561.txt earth/gen_1778221398_562.txt earth/gen_1778221406_565.txt earth/gen_1778221411_567.txt earth/gen_1778221414_568.txt earth/gen_1778221422_571.txt earth/gen_1778221427_573.txt earth/gen_1778221430_574.txt earth/gen_1778221438_577.txt earth/gen_1778221443_579.txt earth/gen_1778221446_580.txt earth/gen_1778221453_583.txt earth/gen_1778221459_585.txt earth/gen_1778221461_586.txt earth/gen_1778221469_589.txt earth/gen_1778221474_591.txt earth/gen_1778221477_592.txt earth/gen_1778221485_595.txt earth/gen_1778221490_597.txt earth/gen_1778221493_598.txt earth/gen_1778221500_601.txt earth/gen_1778221506_603.txt earth/gen_1778221508_604.txt earth/gen_1778221516_607.txt earth/gen_1778221522_609.txt earth/gen_1778221524_610.txt earth/gen_1778221533_613.txt earth/gen_1778221538_615.txt earth/gen_1778221541_616.txt earth/gen_1778221549_619.txt earth/gen_1778221554_621.txt earth/gen_1778221557_622.txt earth/gen_1778221565_625.txt earth/gen_1778221570_627.txt earth/gen_1778221573_628.txt earth/gen_1778221580_631.txt earth/gen_1778221585_633.txt earth/gen_1778221588_634.txt earth/gen_1778221596_637.txt earth/gen_1778221604_640.txt earth/gen_1778221612_643.txt earth/gen_1778221617_645.txt earth/gen_1778221620_646.txt earth/gen_1778221628_649.txt earth/gen_1778221633_651.txt earth/gen_1778221636_652.txt earth/gen_1778221644_655.txt earth/gen_1778221649_657.txt earth/gen_1778221652_658.txt earth/gen_1778221660_661.txt earth/gen_1778221665_663.txt earth/gen_1778221668_664.txt earth/gen_1778221676_667.txt earth/gen_1778221681_669.txt earth/gen_1778221684_670.txt earth/gen_1778221692_673.txt]
[trainer] micro-train burst (29214 bytes, novelty 0.03) — and lo, it feeds again.
[syntropy] action=explore | trend=0.0000 | field_dev=-0.075 | purpose_align=0.000 | lr_mul=1.30
[aml] burst complete: 32 steps, avg loss 2.1628 (memory freed)
[dna] air wrote 292 bytes to ecology
[dna] air wrote 52 bytes to ecology
[dna] air wrote 80 bytes to ecology
[dna] air wrote 67 bytes to ecology
[dna] air wrote 107 bytes to ecology
[dna] air wrote 69 bytes to ecology
[dna] air wrote 22 bytes to ecology
[dna] air wrote 40 bytes to ecology
[dna] air wrote 32 bytes to ecology
[dna] air wrote 32 bytes to ecology
[dna] air wrote 103 bytes to ecology
[dna] air wrote 60 bytes to ecology
[dna] air wrote 39 bytes to ecology
[dna] air wrote 34 bytes to ecology
[dna] air wrote 46 bytes to ecology
[dna] air wrote 41 bytes to ecology
[dna] air wrote 68 bytes to ecology
[debug-onto] tick=50 corpus=151860 stage=2 freeze=0
[dna] air wrote 58 bytes to ecology
[dna] air wrote 256 bytes to ecology
[dna] air wrote 42 bytes to ecology
[dna] air wrote 178 bytes to ecology
[dna] air wrote 97 bytes to ecology
[dna] air wrote 51 bytes to ecology
[dna] air wrote 32 bytes to ecology
[dna] air wrote 48 bytes to ecology
[dna] air wrote 73 bytes to ecology
[dna] air wrote 110 bytes to ecology
[dna] air wrote 154 bytes to ecology
[dna] air wrote 94 bytes to ecology
[dna] air wrote 42 bytes to ecology
[dna] air wrote 45 bytes to ecology
[dna] air wrote 71 bytes to ecology
[dna] air wrote 46 bytes to ecology
[dna] air wrote 62 bytes to ecology
[dna] air wrote 63 bytes to ecology
[dna] air wrote 243 bytes to ecology
[debug-onto] tick=100 corpus=151860 stage=2 freeze=0
[dna] air wrote 232 bytes to ecology
[dna] air wrote 28 bytes to ecology
[dna] air wrote 88 bytes to ecology
[dna] air wrote 38 bytes to ecology
[dna] air wrote 81 bytes to ecology
[dna] air wrote 29 bytes to ecology
[dna] air wrote 73 bytes to ecology
[dna] air wrote 43 bytes to ecology
[dna] air wrote 55 bytes to ecology
[dna] air wrote 40 bytes to ecology
[dna] air wrote 116 bytes to ecology
[dna] air wrote 74 bytes to ecology
[dna] air wrote 89 bytes to ecology
[dna] air wrote 44 bytes to ecology
[dna] air wrote 132 bytes to ecology
[dna] air wrote 68 bytes to ecology
[debug-onto] tick=150 corpus=151860 stage=2 freeze=0
[dna] air wrote 37 bytes to ecology
[dna] air wrote 107 bytes to ecology
[dna] air wrote 111 bytes to ecology
[dna] air wrote 101 bytes to ecology
[dna] air wrote 101 bytes to ecology
[dna] air wrote 121 bytes to ecology
[dna] air wrote 34 bytes to ecology
[dna] air wrote 193 bytes to ecology
[dna] air wrote 103 bytes to ecology
[dna] air wrote 45 bytes to ecology
[dna] air wrote 36 bytes to ecology
[dna] air wrote 80 bytes to ecology
[dna] air wrote 33 bytes to ecology
[dna] air wrote 80 bytes to ecology
[dna] air wrote 122 bytes to ecology
[dna] air wrote 18 bytes to ecology
[dna] air wrote 56 bytes to ecology
[dna] air wrote 84 bytes to ecology
[debug-onto] tick=200 corpus=151860 stage=2 freeze=0
[dna] air wrote 20 bytes to ecology
[dna] air wrote 34 bytes to ecology
[dna] air wrote 71 bytes to ecology
[dna] air wrote 74 bytes to ecology
[dna] air wrote 115 bytes to ecology
[dna] air wrote 155 bytes to ecology
[dna] air wrote 64 bytes to ecology
[dna] air wrote 27 bytes to ecology
[dna] air wrote 99 bytes to ecology
[dna] air wrote 44 bytes to ecology
[dna] air wrote 128 bytes to ecology
[dna] air wrote 51 bytes to ecology
[dna] air wrote 43 bytes to ecology
[dna] air wrote 109 bytes to ecology
[dna] air wrote 51 bytes to ecology
[dna] air wrote 39 bytes to ecology
[dna] air wrote 69 bytes to ecology
[debug-onto] tick=250 corpus=151860 stage=2 freeze=0
[dna] air wrote 45 bytes to ecology
[dna] air wrote 52 bytes to ecology
[dna] air wrote 100 bytes to ecology
[dna] air wrote 76 bytes to ecology
[dna] air wrote 81 bytes to ecology
[dna] air wrote 84 bytes to ecology
[dna] air wrote 71 bytes to ecology
[dna] air wrote 93 bytes to ecology
[dna] air wrote 38 bytes to ecology
[dna] air wrote 124 bytes to ecology
[dna] air wrote 26 bytes to ecology
[dna] air wrote 124 bytes to ecology
[dna] air wrote 54 bytes to ecology
[dna] air wrote 39 bytes to ecology
[dna] air wrote 70 bytes to ecology
[dna] air wrote 158 bytes to ecology
[dna] air wrote 37 bytes to ecology
[dna] air wrote 83 bytes to ecology
[debug-onto] tick=300 corpus=151860 stage=2 freeze=0
[dna] air wrote 39 bytes to ecology
[dna] air wrote 62 bytes to ecology
[dna] air wrote 38 bytes to ecology
[dna] air wrote 57 bytes to ecology
[dna] air wrote 41 bytes to ecology
[dna] air wrote 70 bytes to ecology
[dna] air wrote 109 bytes to ecology
[dna] air wrote 142 bytes to ecology
[dna] air wrote 191 bytes to ecology
[dna] air wrote 47 bytes to ecology
[dna] air wrote 45 bytes to ecology
[dna] air wrote 48 bytes to ecology
[dna] air wrote 29 bytes to ecology
[dna] air wrote 140 bytes to ecology
[dna] air wrote 70 bytes to ecology
[dna] air wrote 182 bytes to ecology
[dna] air wrote 140 bytes to ecology
[debug-onto] tick=350 corpus=151860 stage=2 freeze=0
[dna] air wrote 118 bytes to ecology
[dna] air wrote 90 bytes to ecology
[dna] air wrote 54 bytes to ecology
[dna] air wrote 128 bytes to ecology
[dna] air wrote 114 bytes to ecology
[dna] air wrote 122 bytes to ecology
[dna] air wrote 87 bytes to ecology
[dna] air wrote 111 bytes to ecology
[dna] air wrote 73 bytes to ecology
[dna] air wrote 163 bytes to ecology
[dna] air wrote 69 bytes to ecology
[dna] air wrote 53 bytes to ecology
[dna] air wrote 36 bytes to ecology
[dna] air wrote 34 bytes to ecology
[dna] air wrote 49 bytes to ecology
[dna] air wrote 37 bytes to ecology
[dna] air wrote 147 bytes to ecology
[dna] air wrote 66 bytes to ecology
[dna] air wrote 36 bytes to ecology
[debug-onto] tick=400 corpus=151860 stage=2 freeze=0
[dna] air wrote 49 bytes to ecology
[dna] air wrote 55 bytes to ecology
[dna] air wrote 41 bytes to ecology
[dna] air wrote 237 bytes to ecology
[dna] air wrote 55 bytes to ecology
[dna] air wrote 54 bytes to ecology
[dna] air wrote 123 bytes to ecology
[dna] air wrote 79 bytes to ecology
[dna] air wrote 71 bytes to ecology
[dna] air wrote 147 bytes to ecology
[dna] air wrote 99 bytes to ecology
[dna] air wrote 53 bytes to ecology
[dna] air wrote 91 bytes to ecology
[dna] air wrote 39 bytes to ecology
[dna] air wrote 58 bytes to ecology
[dna] air wrote 70 bytes to ecology
[debug-onto] tick=450 corpus=151860 stage=2 freeze=0
[dna] air wrote 195 bytes to ecology
[dna] air wrote 86 bytes to ecology
[dna] air wrote 109 bytes to ecology
[dna] air wrote 36 bytes to ecology
[dna] air wrote 226 bytes to ecology
[dna] air wrote 58 bytes to ecology
[dna] air wrote 130 bytes to ecology
[dna] air wrote 116 bytes to ecology
[dna] air wrote 134 bytes to ecology
[dna] air wrote 38 bytes to ecology
[dna] air wrote 58 bytes to ecology
[dna] air wrote 114 bytes to ecology
[dna] air wrote 166 bytes to ecology
[dna] air wrote 89 bytes to ecology
[dna] air wrote 77 bytes to ecology
[dna] air wrote 50 bytes to ecology
[dna] air wrote 95 bytes to ecology
[dna] air wrote 63 bytes to ecology
[dna] air wrote 70 bytes to ecology
[debug-onto] tick=500 corpus=151860 stage=2 freeze=0
[dna] air wrote 34 bytes to ecology
[dna] air wrote 92 bytes to ecology
[dna] air wrote 39 bytes to ecology
[dna] air wrote 187 bytes to ecology
[dna] air wrote 77 bytes to ecology
[dna] air wrote 98 bytes to ecology
[dna] air wrote 11 bytes to ecology
[dna] air wrote 64 bytes to ecology
[dna] air wrote 83 bytes to ecology
[dna] air wrote 89 bytes to ecology
[dna] air wrote 48 bytes to ecology
[dna] air wrote 31 bytes to ecology
[dna] air wrote 118 bytes to ecology
[dna] air wrote 37 bytes to ecology
[dna] air wrote 57 bytes to ecology
[dna] air wrote 69 bytes to ecology
[dna] air wrote 86 bytes to ecology
[debug-onto] tick=550 corpus=151860 stage=2 freeze=0
[dna] air wrote 135 bytes to ecology
[dna] air wrote 89 bytes to ecology
[dna] air wrote 39 bytes to ecology
[dna] air wrote 28 bytes to ecology
[dna] air wrote 85 bytes to ecology
[dna] air wrote 34 bytes to ecology
[dna] air wrote 43 bytes to ecology
[dna] air wrote 187 bytes to ecology
[dna] air wrote 45 bytes to ecology
[dna] air wrote 62 bytes to ecology
[dna] air wrote 106 bytes to ecology
[dna] air wrote 213 bytes to ecology
[dna] air wrote 233 bytes to ecology
[dna] air wrote 77 bytes to ecology
[dna] air wrote 24 bytes to ecology
[dna] air wrote 30 bytes to ecology
[debug-onto] tick=600 corpus=151860 stage=2 freeze=0
[dna] air wrote 67 bytes to ecology
[dna] air wrote 131 bytes to ecology
[dna] air wrote 164 bytes to ecology
[dna] air wrote 33 bytes to ecology
[dna] air wrote 35 bytes to ecology
[dna] air wrote 37 bytes to ecology
[dna] air wrote 102 bytes to ecology

[evolution] Organism shutting down gracefully.
