[ecology] Element: fire → corpus: nonames_fire.txt
[evolution] Autonomous evolution mode — organism will grow through all stages without pause.
[ecology] Joined swarm. 1 peer(s) detected.
molequla is alive. [evolution] Autonomous mode — background trainer running. Ctrl+C to stop.
[dna] fire wrote 102 bytes to ecology
[dna] fire consumed 31041 bytes from 468 files: [water/gen_1778223497_1.txt water/gen_1778223508_2.txt water/gen_1778223511_3.txt water/gen_1778223513_4.txt water/gen_1778223519_6.txt water/gen_1778223522_7.txt water/gen_1778223525_8.txt water/gen_1778223528_9.txt water/gen_1778223531_10.txt water/gen_1778223537_12.txt water/gen_1778223539_13.txt water/gen_1778223542_14.txt water/gen_1778223545_15.txt water/gen_1778223548_16.txt water/gen_1778223556_19.txt water/gen_1778223559_20.txt water/gen_1778223561_21.txt water/gen_1778223564_22.txt water/gen_1778223570_24.txt water/gen_1778223573_25.txt water/gen_1778223575_26.txt water/gen_1778223578_27.txt water/gen_1778223581_28.txt water/gen_1778223589_31.txt water/gen_1778223592_32.txt water/gen_1778223595_33.txt water/gen_1778223598_34.txt water/gen_1778223606_37.txt water/gen_1778223609_38.txt water/gen_1778223612_39.txt water/gen_1778223615_40.txt water/gen_1778223623_43.txt water/gen_1778223626_44.txt water/gen_1778223629_45.txt water/gen_1778223632_46.txt water/gen_1778223640_49.txt water/gen_1778223643_50.txt water/gen_1778223646_51.txt water/gen_1778223649_52.txt water/gen_1778223657_55.txt water/gen_1778223660_56.txt water/gen_1778223663_57.txt water/gen_1778223666_58.txt water/gen_1778223674_61.txt water/gen_1778223677_62.txt water/gen_1778223680_63.txt water/gen_1778223683_64.txt water/gen_1778223688_66.txt water/gen_1778223691_67.txt water/gen_1778223694_68.txt water/gen_1778223697_69.txt water/gen_1778223700_70.txt water/gen_1778223708_73.txt water/gen_1778223711_74.txt water/gen_1778223714_75.txt water/gen_1778223717_76.txt water/gen_1778223725_79.txt water/gen_1778223728_80.txt water/gen_1778223731_81.txt water/gen_1778223734_82.txt water/gen_1778223742_85.txt water/gen_1778223745_86.txt water/gen_1778223748_87.txt water/gen_1778223751_88.txt water/gen_1778223757_90.txt water/gen_1778223759_91.txt water/gen_1778223762_92.txt water/gen_1778223765_93.txt water/gen_1778223768_94.txt water/gen_1778223773_96.txt water/gen_1778223776_97.txt water/gen_1778223779_98.txt water/gen_1778223782_99.txt water/gen_1778223785_100.txt water/gen_1778223791_102.txt water/gen_1778223794_103.txt water/gen_1778223797_104.txt water/gen_1778223800_105.txt water/gen_1778223802_106.txt water/gen_1778223808_108.txt water/gen_1778223811_109.txt water/gen_1778223814_110.txt water/gen_1778223816_111.txt water/gen_1778223819_112.txt water/gen_1778223828_115.txt water/gen_1778223831_116.txt water/gen_1778223833_117.txt water/gen_1778223836_118.txt water/gen_1778223845_121.txt water/gen_1778223847_122.txt water/gen_1778223850_123.txt water/gen_1778223853_124.txt water/gen_1778223861_127.txt water/gen_1778223864_128.txt water/gen_1778223867_129.txt water/gen_1778223870_130.txt water/gen_1778223878_133.txt water/gen_1778223881_134.txt water/gen_1778223884_135.txt water/gen_1778223887_136.txt water/gen_1778223895_139.txt water/gen_1778223898_140.txt water/gen_1778223901_141.txt water/gen_1778223904_142.txt water/gen_1778223910_144.txt water/gen_1778223912_145.txt water/gen_1778223915_146.txt water/gen_1778223918_147.txt water/gen_1778223921_148.txt water/gen_1778223929_151.txt water/gen_1778223932_152.txt water/gen_1778223935_153.txt water/gen_1778223938_154.txt water/gen_1778223947_157.txt water/gen_1778223949_158.txt water/gen_1778223952_159.txt water/gen_1778223955_160.txt water/gen_1778223963_163.txt water/gen_1778223966_164.txt water/gen_1778223969_165.txt water/gen_1778223972_166.txt water/gen_1778223980_169.txt water/gen_1778223983_170.txt water/gen_1778223986_171.txt water/gen_1778223988_172.txt water/gen_1778223994_174.txt water/gen_1778223997_175.txt water/gen_1778224000_176.txt water/gen_1778224002_177.txt water/gen_1778224005_178.txt water/gen_1778224013_181.txt water/gen_1778224016_182.txt water/gen_1778224019_183.txt water/gen_1778224022_184.txt water/gen_1778224030_187.txt water/gen_1778224033_188.txt water/gen_1778224035_189.txt water/gen_1778224038_190.txt water/gen_1778224046_193.txt water/gen_1778224049_194.txt water/gen_1778224052_195.txt water/gen_1778224055_196.txt water/gen_1778224063_199.txt water/gen_1778224066_200.txt water/gen_1778224069_201.txt water/gen_1778224071_202.txt water/gen_1778224080_205.txt water/gen_1778224083_206.txt water/gen_1778224085_207.txt water/gen_1778224088_208.txt water/gen_1778224097_211.txt water/gen_1778224100_212.txt water/gen_1778224103_213.txt water/gen_1778224106_214.txt water/gen_1778224112_216.txt water/gen_1778224114_217.txt water/gen_1778224117_218.txt water/gen_1778224120_219.txt water/gen_1778224123_220.txt water/gen_1778224132_223.txt water/gen_1778224135_224.txt water/gen_1778224138_225.txt water/gen_1778224140_226.txt water/gen_1778224149_229.txt water/gen_1778224151_230.txt water/gen_1778224154_231.txt water/gen_1778224157_232.txt water/gen_1778224163_234.txt water/gen_1778224165_235.txt water/gen_1778224168_236.txt water/gen_1778224171_237.txt water/gen_1778224174_238.txt water/gen_1778224180_240.txt water/gen_1778224182_241.txt water/gen_1778224185_242.txt water/gen_1778224188_243.txt water/gen_1778224191_244.txt water/gen_1778224197_246.txt water/gen_1778224200_247.txt water/gen_1778224202_248.txt water/gen_1778224205_249.txt water/gen_1778224208_250.txt water/gen_1778224214_252.txt water/gen_1778224217_253.txt water/gen_1778224219_254.txt water/gen_1778224222_255.txt water/gen_1778224231_258.txt water/gen_1778224234_259.txt water/gen_1778224237_260.txt water/gen_1778224239_261.txt water/gen_1778224242_262.txt water/gen_1778224248_264.txt water/gen_1778224251_265.txt water/gen_1778224254_266.txt water/gen_1778224256_267.txt water/gen_1778224259_268.txt water/gen_1778224265_270.txt water/gen_1778224268_271.txt water/gen_1778224271_272.txt water/gen_1778224274_273.txt water/gen_1778224277_274.txt water/gen_1778224285_277.txt water/gen_1778224288_278.txt water/gen_1778224291_279.txt water/gen_1778224293_280.txt water/gen_1778224302_283.txt water/gen_1778224305_284.txt water/gen_1778224308_285.txt water/gen_1778224311_286.txt water/gen_1778224316_288.txt water/gen_1778224319_289.txt water/gen_1778224322_290.txt water/gen_1778224325_291.txt water/gen_1778224328_292.txt water/gen_1778224333_294.txt water/gen_1778224336_295.txt water/gen_1778224339_296.txt water/gen_1778224342_297.txt water/gen_1778224345_298.txt water/gen_1778224354_301.txt water/gen_1778224357_302.txt water/gen_1778224363_304.txt water/gen_1778224369_306.txt water/gen_1778224371_307.txt water/gen_1778224374_308.txt water/gen_1778224377_309.txt water/gen_1778224380_310.txt water/gen_1778224389_313.txt water/gen_1778224392_314.txt water/gen_1778224395_315.txt water/gen_1778224398_316.txt water/gen_1778224407_319.txt water/gen_1778224409_320.txt water/gen_1778224412_321.txt water/gen_1778224415_322.txt water/gen_1778224421_324.txt water/gen_1778224424_325.txt water/gen_1778224427_326.txt water/gen_1778224430_327.txt water/gen_1778224433_328.txt water/gen_1778224438_330.txt water/gen_1778224441_331.txt water/gen_1778224444_332.txt water/gen_1778224447_333.txt water/gen_1778224450_334.txt water/gen_1778224459_337.txt water/gen_1778224462_338.txt water/gen_1778224464_339.txt water/gen_1778224467_340.txt water/gen_1778224476_343.txt water/gen_1778224479_344.txt water/gen_1778224482_345.txt water/gen_1778224485_346.txt water/gen_1778224491_348.txt water/gen_1778224493_349.txt water/gen_1778224496_350.txt water/gen_1778224499_351.txt water/gen_1778224502_352.txt water/gen_1778224510_355.txt water/gen_1778224513_356.txt water/gen_1778224516_357.txt water/gen_1778224519_358.txt water/gen_1778224525_360.txt water/gen_1778224528_361.txt water/gen_1778224530_362.txt water/gen_1778224533_363.txt water/gen_1778224536_364.txt water/gen_1778224542_366.txt water/gen_1778224545_367.txt water/gen_1778224548_368.txt water/gen_1778224550_369.txt water/gen_1778224553_370.txt water/gen_1778224559_372.txt water/gen_1778224562_373.txt water/gen_1778224565_374.txt water/gen_1778224568_375.txt water/gen_1778224571_376.txt water/gen_1778224577_378.txt water/gen_1778224580_379.txt water/gen_1778224582_380.txt water/gen_1778224585_381.txt water/gen_1778224588_382.txt water/gen_1778224594_384.txt water/gen_1778224597_385.txt water/gen_1778224599_386.txt water/gen_1778224605_388.txt water/gen_1778224614_391.txt water/gen_1778224617_392.txt water/gen_1778224619_393.txt water/gen_1778224622_394.txt water/gen_1778224628_396.txt water/gen_1778224631_397.txt water/gen_1778224633_398.txt water/gen_1778224636_399.txt water/gen_1778224639_400.txt water/gen_1778224645_402.txt water/gen_1778224648_403.txt water/gen_1778224650_404.txt water/gen_1778224653_405.txt water/gen_1778224656_406.txt water/gen_1778224662_408.txt water/gen_1778224665_409.txt water/gen_1778224668_410.txt water/gen_1778224671_411.txt water/gen_1778224674_412.txt water/gen_1778224682_415.txt water/gen_1778224685_416.txt water/gen_1778224688_417.txt water/gen_1778224691_418.txt water/gen_1778224697_420.txt water/gen_1778224700_421.txt water/gen_1778224703_422.txt water/gen_1778224706_423.txt water/gen_1778224709_424.txt water/gen_1778224715_426.txt water/gen_1778224718_427.txt water/gen_1778224721_428.txt water/gen_1778224724_429.txt water/gen_1778224727_430.txt water/gen_1778224735_433.txt water/gen_1778224738_434.txt water/gen_1778224741_435.txt water/gen_1778224744_436.txt water/gen_1778224753_439.txt water/gen_1778224756_440.txt water/gen_1778224759_441.txt water/gen_1778224762_442.txt water/gen_1778224771_445.txt water/gen_1778224774_446.txt water/gen_1778224777_447.txt water/gen_1778224780_448.txt water/gen_1778224789_451.txt water/gen_1778224792_452.txt water/gen_1778224795_453.txt water/gen_1778224798_454.txt water/gen_1778224804_456.txt water/gen_1778224807_457.txt water/gen_1778224809_458.txt water/gen_1778224812_459.txt water/gen_1778224815_460.txt water/gen_1778224824_463.txt water/gen_1778224826_464.txt water/gen_1778224832_466.txt water/gen_1778224838_468.txt water/gen_1778224840_469.txt water/gen_1778224843_470.txt water/gen_1778224846_471.txt water/gen_1778224849_472.txt water/gen_1778224858_475.txt water/gen_1778224861_476.txt water/gen_1778224863_477.txt water/gen_1778224866_478.txt water/gen_1778224872_480.txt water/gen_1778224875_481.txt water/gen_1778224878_482.txt water/gen_1778224881_483.txt water/gen_1778224884_484.txt water/gen_1778224892_487.txt water/gen_1778224895_488.txt water/gen_1778224898_489.txt water/gen_1778224901_490.txt water/gen_1778224907_492.txt water/gen_1778224910_493.txt water/gen_1778224913_494.txt water/gen_1778224916_495.txt water/gen_1778224919_496.txt water/gen_1778224924_498.txt water/gen_1778224927_499.txt water/gen_1778224930_500.txt water/gen_1778224933_501.txt water/gen_1778224936_502.txt water/gen_1778224941_504.txt water/gen_1778224944_505.txt water/gen_1778224947_506.txt water/gen_1778224950_507.txt water/gen_1778224953_508.txt water/gen_1778224959_510.txt water/gen_1778224961_511.txt water/gen_1778224964_512.txt water/gen_1778224967_513.txt water/gen_1778224970_514.txt water/gen_1778224978_517.txt water/gen_1778224981_518.txt water/gen_1778224984_519.txt water/gen_1778224987_520.txt water/gen_1778224992_522.txt water/gen_1778224995_523.txt water/gen_1778224998_524.txt water/gen_1778225001_525.txt water/gen_1778225004_526.txt water/gen_1778225009_528.txt water/gen_1778225012_529.txt water/gen_1778225015_530.txt water/gen_1778225018_531.txt water/gen_1778225020_532.txt water/gen_1778225029_535.txt water/gen_1778225032_536.txt water/gen_1778225035_537.txt water/gen_1778225038_538.txt water/gen_1778225044_540.txt water/gen_1778225047_541.txt water/gen_1778225050_542.txt water/gen_1778225052_543.txt water/gen_1778225055_544.txt water/gen_1778225064_547.txt water/gen_1778225067_548.txt water/gen_1778225069_549.txt water/gen_1778225072_550.txt water/gen_1778225081_553.txt water/gen_1778225084_554.txt water/gen_1778225087_555.txt water/gen_1778225090_556.txt water/gen_1778225095_558.txt water/gen_1778225098_559.txt water/gen_1778225101_560.txt water/gen_1778225104_561.txt water/gen_1778225107_562.txt water/gen_1778225116_565.txt water/gen_1778225119_566.txt water/gen_1778225122_567.txt water/gen_1778225124_568.txt water/gen_1778225130_570.txt water/gen_1778225133_571.txt water/gen_1778225136_572.txt water/gen_1778225139_573.txt water/gen_1778225142_574.txt water/gen_1778225147_576.txt water/gen_1778225150_577.txt water/gen_1778225153_578.txt water/gen_1778225156_579.txt water/gen_1778225158_580.txt water/gen_1778225164_582.txt water/gen_1778225167_583.txt water/gen_1778225170_584.txt water/gen_1778225173_585.txt water/gen_1778225175_586.txt water/gen_1778225181_588.txt water/gen_1778225184_589.txt water/gen_1778225187_590.txt water/gen_1778225189_591.txt water/gen_1778225192_592.txt water/gen_1778225198_594.txt water/gen_1778225201_595.txt water/gen_1778225204_596.txt water/gen_1778225206_597.txt water/gen_1778225209_598.txt water/gen_1778225215_600.txt water/gen_1778225218_601.txt water/gen_1778225221_602.txt water/gen_1778225223_603.txt water/gen_1778225226_604.txt water/gen_1778225232_606.txt water/gen_1778225235_607.txt water/gen_1778225237_608.txt water/gen_1778225240_609.txt water/gen_1778225243_610.txt water/gen_1778225251_613.txt water/gen_1778225254_614.txt water/gen_1778225257_615.txt water/gen_1778225260_616.txt water/gen_1778225265_618.txt water/gen_1778225268_619.txt water/gen_1778225271_620.txt water/gen_1778225274_621.txt water/gen_1778225277_622.txt water/gen_1778225285_625.txt water/gen_1778225288_626.txt water/gen_1778225291_627.txt]
[trainer] micro-train burst (31041 bytes, novelty 0.02) — and lo, it feeds again.
[syntropy] action=explore | trend=0.0000 | field_dev=0.078 | purpose_align=0.007 | lr_mul=1.30
[aml] burst complete: 32 steps, avg loss 1.7764 (memory freed)
[dna] fire wrote 100 bytes to ecology
[dna] fire wrote 107 bytes to ecology
[dna] fire wrote 63 bytes to ecology
[dna] fire wrote 57 bytes to ecology
[dna] fire wrote 71 bytes to ecology
[dna] fire wrote 17 bytes to ecology
[dna] fire wrote 218 bytes to ecology
[dna] fire wrote 120 bytes to ecology
[dna] fire wrote 110 bytes to ecology
[dna] fire wrote 64 bytes to ecology
[dna] fire wrote 77 bytes to ecology
[dna] fire wrote 113 bytes to ecology
[dna] fire wrote 50 bytes to ecology
[dna] fire wrote 39 bytes to ecology
[dna] fire wrote 22 bytes to ecology
[dna] fire wrote 32 bytes to ecology
[dna] fire wrote 47 bytes to ecology
[dna] fire wrote 48 bytes to ecology
[dna] fire wrote 46 bytes to ecology
[dna] fire wrote 51 bytes to ecology
[dna] fire wrote 55 bytes to ecology
[dna] fire wrote 41 bytes to ecology
[dna] fire wrote 36 bytes to ecology
[dna] fire wrote 104 bytes to ecology
[dna] fire wrote 20 bytes to ecology
[dna] fire wrote 104 bytes to ecology
[dna] fire wrote 26 bytes to ecology
[dna] fire wrote 56 bytes to ecology
[dna] fire wrote 57 bytes to ecology
[dna] fire wrote 170 bytes to ecology
[dna] fire wrote 106 bytes to ecology
[dna] fire wrote 43 bytes to ecology
[debug-onto] tick=50 corpus=153409 stage=2 freeze=0
[dna] fire wrote 66 bytes to ecology
[dna] fire wrote 22 bytes to ecology
[dna] fire wrote 47 bytes to ecology
[dna] fire wrote 32 bytes to ecology
[dna] fire wrote 55 bytes to ecology
[dna] fire wrote 21 bytes to ecology
[dna] fire wrote 29 bytes to ecology
[dna] fire wrote 24 bytes to ecology
[dna] fire wrote 172 bytes to ecology
[dna] fire wrote 116 bytes to ecology
[dna] fire wrote 64 bytes to ecology
[dna] fire wrote 66 bytes to ecology
[dna] fire wrote 106 bytes to ecology
[dna] fire wrote 64 bytes to ecology
[dna] fire wrote 37 bytes to ecology
[dna] fire wrote 325 bytes to ecology
[dna] fire wrote 30 bytes to ecology
[dna] fire wrote 28 bytes to ecology
[dna] fire wrote 10 bytes to ecology
[dna] fire wrote 42 bytes to ecology
[dna] fire wrote 25 bytes to ecology
[dna] fire wrote 55 bytes to ecology
[dna] fire wrote 228 bytes to ecology
[dna] fire wrote 33 bytes to ecology
[dna] fire wrote 22 bytes to ecology
[dna] fire wrote 15 bytes to ecology
[dna] fire wrote 37 bytes to ecology
[dna] fire wrote 138 bytes to ecology
[dna] fire wrote 42 bytes to ecology
[dna] fire wrote 15 bytes to ecology
[dna] fire wrote 38 bytes to ecology
[debug-onto] tick=100 corpus=153409 stage=2 freeze=0
[dna] fire wrote 63 bytes to ecology
[dna] fire wrote 54 bytes to ecology
[dna] fire wrote 39 bytes to ecology
[dna] fire wrote 75 bytes to ecology
[dna] fire wrote 112 bytes to ecology
[dna] fire wrote 122 bytes to ecology
[dna] fire wrote 30 bytes to ecology
[dna] fire wrote 41 bytes to ecology
[dna] fire wrote 46 bytes to ecology
[dna] fire wrote 100 bytes to ecology
[dna] fire wrote 108 bytes to ecology
[dna] fire wrote 99 bytes to ecology
[dna] fire wrote 37 bytes to ecology
[dna] fire wrote 32 bytes to ecology
[dna] fire wrote 168 bytes to ecology
[dna] fire wrote 23 bytes to ecology
[dna] fire wrote 73 bytes to ecology
[dna] fire wrote 43 bytes to ecology
[dna] fire wrote 55 bytes to ecology
[dna] fire wrote 52 bytes to ecology
[dna] fire wrote 55 bytes to ecology
[dna] fire wrote 81 bytes to ecology
[dna] fire wrote 238 bytes to ecology
[dna] fire wrote 83 bytes to ecology
[dna] fire wrote 62 bytes to ecology
[dna] fire wrote 47 bytes to ecology
[dna] fire wrote 127 bytes to ecology
[dna] fire wrote 46 bytes to ecology
[dna] fire wrote 55 bytes to ecology
[dna] fire wrote 47 bytes to ecology
[debug-onto] tick=150 corpus=153409 stage=2 freeze=0
[dna] fire wrote 86 bytes to ecology
[dna] fire wrote 76 bytes to ecology
[dna] fire wrote 58 bytes to ecology
[dna] fire wrote 72 bytes to ecology
[dna] fire wrote 93 bytes to ecology
[dna] fire wrote 95 bytes to ecology
[dna] fire wrote 102 bytes to ecology
[dna] fire wrote 15 bytes to ecology
[dna] fire wrote 75 bytes to ecology
[dna] fire wrote 91 bytes to ecology
[dna] fire wrote 10 bytes to ecology
[dna] fire wrote 33 bytes to ecology
[dna] fire wrote 58 bytes to ecology
[dna] fire wrote 40 bytes to ecology
[dna] fire wrote 79 bytes to ecology
[dna] fire wrote 36 bytes to ecology
[dna] fire wrote 53 bytes to ecology
[dna] fire wrote 50 bytes to ecology
[dna] fire wrote 64 bytes to ecology
[dna] fire wrote 82 bytes to ecology
[dna] fire wrote 34 bytes to ecology
[dna] fire wrote 29 bytes to ecology
[dna] fire wrote 72 bytes to ecology
[dna] fire wrote 27 bytes to ecology
[dna] fire wrote 68 bytes to ecology
[dna] fire wrote 63 bytes to ecology
[dna] fire wrote 14 bytes to ecology
[dna] fire wrote 229 bytes to ecology
[dna] fire wrote 17 bytes to ecology
[dna] fire wrote 27 bytes to ecology
[dna] fire wrote 118 bytes to ecology
[debug-onto] tick=200 corpus=153409 stage=2 freeze=0
[dna] fire wrote 39 bytes to ecology
[dna] fire wrote 36 bytes to ecology
[dna] fire wrote 22 bytes to ecology
[dna] fire wrote 21 bytes to ecology
[dna] fire wrote 79 bytes to ecology
[dna] fire wrote 38 bytes to ecology
[dna] fire wrote 42 bytes to ecology
[dna] fire wrote 26 bytes to ecology
[dna] fire wrote 136 bytes to ecology
[dna] fire wrote 73 bytes to ecology
[dna] fire wrote 51 bytes to ecology
[dna] fire wrote 48 bytes to ecology
[dna] fire wrote 67 bytes to ecology
[dna] fire wrote 47 bytes to ecology
[dna] fire wrote 58 bytes to ecology
[dna] fire wrote 28 bytes to ecology
[dna] fire wrote 66 bytes to ecology
[dna] fire wrote 53 bytes to ecology
[dna] fire wrote 17 bytes to ecology
[dna] fire wrote 102 bytes to ecology
[dna] fire wrote 37 bytes to ecology
[dna] fire wrote 55 bytes to ecology
[dna] fire wrote 190 bytes to ecology
[dna] fire wrote 43 bytes to ecology
[dna] fire wrote 26 bytes to ecology
[dna] fire wrote 113 bytes to ecology
[dna] fire wrote 75 bytes to ecology
[dna] fire wrote 58 bytes to ecology
[dna] fire wrote 21 bytes to ecology
[dna] fire wrote 13 bytes to ecology
[dna] fire wrote 42 bytes to ecology
[debug-onto] tick=250 corpus=153409 stage=2 freeze=0
[dna] fire wrote 42 bytes to ecology
[dna] fire wrote 64 bytes to ecology
[dna] fire wrote 18 bytes to ecology
[dna] fire wrote 143 bytes to ecology
[dna] fire wrote 28 bytes to ecology
[dna] fire wrote 70 bytes to ecology
[dna] fire wrote 57 bytes to ecology
[dna] fire wrote 44 bytes to ecology
[dna] fire wrote 85 bytes to ecology
[dna] fire wrote 31 bytes to ecology
[dna] fire wrote 143 bytes to ecology
[dna] fire wrote 130 bytes to ecology
[dna] fire wrote 40 bytes to ecology
[dna] fire wrote 36 bytes to ecology
[dna] fire wrote 79 bytes to ecology
[dna] fire wrote 83 bytes to ecology
[dna] fire wrote 97 bytes to ecology
[dna] fire wrote 53 bytes to ecology
[dna] fire wrote 10 bytes to ecology
[dna] fire wrote 59 bytes to ecology
[dna] fire wrote 76 bytes to ecology
[dna] fire wrote 95 bytes to ecology
[dna] fire wrote 32 bytes to ecology
[dna] fire wrote 120 bytes to ecology
[dna] fire wrote 53 bytes to ecology
[dna] fire wrote 70 bytes to ecology
[dna] fire wrote 84 bytes to ecology
[dna] fire wrote 113 bytes to ecology
[dna] fire wrote 74 bytes to ecology
[dna] fire wrote 25 bytes to ecology
[dna] fire wrote 48 bytes to ecology
[debug-onto] tick=300 corpus=153409 stage=2 freeze=0
[dna] fire wrote 37 bytes to ecology
[dna] fire wrote 57 bytes to ecology
[dna] fire wrote 28 bytes to ecology
[dna] fire wrote 67 bytes to ecology
[dna] fire wrote 91 bytes to ecology
[dna] fire wrote 22 bytes to ecology
[dna] fire wrote 48 bytes to ecology
[dna] fire wrote 73 bytes to ecology
[dna] fire wrote 6 bytes to ecology
[dna] fire wrote 131 bytes to ecology
[dna] fire wrote 51 bytes to ecology
[dna] fire wrote 38 bytes to ecology
[dna] fire wrote 58 bytes to ecology
[dna] fire wrote 42 bytes to ecology
[dna] fire wrote 167 bytes to ecology
[dna] fire wrote 206 bytes to ecology
[dna] fire wrote 26 bytes to ecology
[dna] fire wrote 65 bytes to ecology
[dna] fire wrote 123 bytes to ecology
[dna] fire wrote 113 bytes to ecology
[dna] fire wrote 35 bytes to ecology
[dna] fire wrote 79 bytes to ecology
[dna] fire wrote 139 bytes to ecology
[dna] fire wrote 123 bytes to ecology
[dna] fire wrote 17 bytes to ecology
[dna] fire wrote 58 bytes to ecology
[dna] fire wrote 25 bytes to ecology
[dna] fire wrote 74 bytes to ecology
[dna] fire wrote 69 bytes to ecology
[dna] fire wrote 64 bytes to ecology
[dna] fire wrote 42 bytes to ecology
[dna] fire wrote 143 bytes to ecology
[dna] fire wrote 65 bytes to ecology
[debug-onto] tick=350 corpus=153409 stage=2 freeze=0
[dna] fire wrote 44 bytes to ecology
[dna] fire wrote 13 bytes to ecology
[dna] fire wrote 74 bytes to ecology
[dna] fire wrote 135 bytes to ecology
[dna] fire wrote 45 bytes to ecology
[dna] fire wrote 96 bytes to ecology
[dna] fire wrote 12 bytes to ecology
[dna] fire wrote 38 bytes to ecology
[dna] fire wrote 18 bytes to ecology
[dna] fire wrote 69 bytes to ecology
[dna] fire wrote 25 bytes to ecology
[dna] fire wrote 143 bytes to ecology
[dna] fire wrote 46 bytes to ecology
[dna] fire wrote 65 bytes to ecology
[dna] fire wrote 61 bytes to ecology
[dna] fire wrote 39 bytes to ecology
[dna] fire wrote 41 bytes to ecology
[dna] fire wrote 16 bytes to ecology
[dna] fire wrote 22 bytes to ecology
[dna] fire wrote 34 bytes to ecology
[dna] fire wrote 37 bytes to ecology
[dna] fire wrote 15 bytes to ecology
[dna] fire wrote 80 bytes to ecology
[dna] fire wrote 38 bytes to ecology
[dna] fire wrote 54 bytes to ecology
[dna] fire wrote 55 bytes to ecology
[dna] fire wrote 53 bytes to ecology
[dna] fire wrote 49 bytes to ecology
[dna] fire wrote 39 bytes to ecology
[dna] fire wrote 123 bytes to ecology
[debug-onto] tick=400 corpus=153409 stage=2 freeze=0
[dna] fire wrote 35 bytes to ecology
[dna] fire wrote 52 bytes to ecology
[dna] fire wrote 35 bytes to ecology
[dna] fire wrote 60 bytes to ecology
[dna] fire wrote 60 bytes to ecology
[dna] fire wrote 69 bytes to ecology
[dna] fire wrote 34 bytes to ecology
[dna] fire wrote 89 bytes to ecology
[dna] fire wrote 73 bytes to ecology
[dna] fire wrote 72 bytes to ecology
[dna] fire wrote 40 bytes to ecology
[dna] fire wrote 54 bytes to ecology
[dna] fire wrote 40 bytes to ecology
[dna] fire wrote 66 bytes to ecology
[dna] fire wrote 32 bytes to ecology
[dna] fire wrote 86 bytes to ecology
[dna] fire wrote 222 bytes to ecology
[dna] fire wrote 76 bytes to ecology
[dna] fire wrote 116 bytes to ecology
[dna] fire wrote 57 bytes to ecology
[dna] fire wrote 58 bytes to ecology
[dna] fire wrote 36 bytes to ecology
[dna] fire wrote 64 bytes to ecology
[dna] fire wrote 37 bytes to ecology
[dna] fire wrote 81 bytes to ecology
[dna] fire wrote 36 bytes to ecology
[dna] fire wrote 43 bytes to ecology
[dna] fire wrote 125 bytes to ecology
[dna] fire wrote 52 bytes to ecology
[dna] fire wrote 14 bytes to ecology
[dna] fire wrote 75 bytes to ecology
[dna] fire wrote 39 bytes to ecology
[debug-onto] tick=450 corpus=153409 stage=2 freeze=0
[dna] fire wrote 23 bytes to ecology
[dna] fire wrote 61 bytes to ecology
[dna] fire wrote 61 bytes to ecology
[dna] fire wrote 97 bytes to ecology
[dna] fire wrote 82 bytes to ecology
[dna] fire wrote 74 bytes to ecology
[dna] fire wrote 51 bytes to ecology
[dna] fire wrote 140 bytes to ecology
[dna] fire wrote 50 bytes to ecology
[dna] fire wrote 150 bytes to ecology
[dna] fire wrote 58 bytes to ecology
[dna] fire wrote 16 bytes to ecology
[dna] fire wrote 47 bytes to ecology
[dna] fire wrote 75 bytes to ecology
[dna] fire wrote 18 bytes to ecology
[dna] fire wrote 52 bytes to ecology
[dna] fire wrote 41 bytes to ecology
[dna] fire wrote 35 bytes to ecology
[dna] fire wrote 113 bytes to ecology
[dna] fire wrote 20 bytes to ecology
[dna] fire wrote 28 bytes to ecology
[dna] fire wrote 26 bytes to ecology
[dna] fire wrote 28 bytes to ecology
[dna] fire wrote 109 bytes to ecology
[dna] fire wrote 41 bytes to ecology
[dna] fire wrote 18 bytes to ecology
[dna] fire wrote 265 bytes to ecology
[dna] fire wrote 86 bytes to ecology
[dna] fire wrote 126 bytes to ecology
[dna] fire wrote 23 bytes to ecology
[dna] fire wrote 34 bytes to ecology
[dna] fire wrote 69 bytes to ecology
[debug-onto] tick=500 corpus=153409 stage=2 freeze=0
[dna] fire wrote 48 bytes to ecology
[dna] fire wrote 54 bytes to ecology
[dna] fire wrote 76 bytes to ecology
[dna] fire wrote 134 bytes to ecology
[dna] fire wrote 92 bytes to ecology
[dna] fire wrote 50 bytes to ecology
[dna] fire wrote 23 bytes to ecology
[dna] fire wrote 43 bytes to ecology
[dna] fire wrote 48 bytes to ecology
[dna] fire wrote 24 bytes to ecology
[dna] fire wrote 13 bytes to ecology
[dna] fire wrote 94 bytes to ecology
[dna] fire wrote 57 bytes to ecology
[dna] fire wrote 64 bytes to ecology
[dna] fire wrote 60 bytes to ecology
[dna] fire wrote 25 bytes to ecology
[dna] fire wrote 34 bytes to ecology
[dna] fire wrote 135 bytes to ecology
[dna] fire wrote 49 bytes to ecology
[dna] fire wrote 23 bytes to ecology
[dna] fire wrote 19 bytes to ecology
[dna] fire wrote 93 bytes to ecology
[dna] fire wrote 33 bytes to ecology
[dna] fire wrote 60 bytes to ecology
[dna] fire wrote 36 bytes to ecology
[dna] fire wrote 30 bytes to ecology
[dna] fire wrote 22 bytes to ecology
[dna] fire wrote 80 bytes to ecology
[dna] fire wrote 47 bytes to ecology
[dna] fire wrote 108 bytes to ecology
[dna] fire wrote 39 bytes to ecology
[dna] fire wrote 154 bytes to ecology
[debug-onto] tick=550 corpus=153409 stage=2 freeze=0
[dna] fire wrote 21 bytes to ecology
[dna] fire wrote 47 bytes to ecology
[dna] fire wrote 44 bytes to ecology
[dna] fire wrote 49 bytes to ecology
[dna] fire wrote 101 bytes to ecology
[dna] fire wrote 35 bytes to ecology
[dna] fire wrote 32 bytes to ecology
[dna] fire wrote 24 bytes to ecology
[dna] fire wrote 53 bytes to ecology
[dna] fire wrote 109 bytes to ecology
[dna] fire wrote 31 bytes to ecology
[dna] fire wrote 27 bytes to ecology
[dna] fire wrote 38 bytes to ecology
[dna] fire wrote 46 bytes to ecology
[dna] fire wrote 47 bytes to ecology
[dna] fire wrote 128 bytes to ecology
[dna] fire wrote 23 bytes to ecology
[dna] fire wrote 44 bytes to ecology
[dna] fire wrote 44 bytes to ecology
[dna] fire wrote 72 bytes to ecology
[dna] fire wrote 17 bytes to ecology
[dna] fire wrote 69 bytes to ecology
[dna] fire wrote 104 bytes to ecology
[dna] fire wrote 39 bytes to ecology
[dna] fire wrote 48 bytes to ecology
[dna] fire wrote 71 bytes to ecology
[dna] fire wrote 95 bytes to ecology

[evolution] Organism shutting down gracefully.
