[ecology] Element: water → corpus: nonames_water.txt
[evolution] Autonomous evolution mode — organism will grow through all stages without pause.
[ecology] Joined swarm. 1 peer(s) detected.
molequla is alive. [evolution] Autonomous mode — background trainer running. Ctrl+C to stop.
[dna] water wrote 58 bytes to ecology
[dna] water consumed 17745 bytes from 217 files: [air/gen_1778221696_1.txt air/gen_1778221715_4.txt air/gen_1778221724_7.txt air/gen_1778221732_10.txt air/gen_1778221741_13.txt air/gen_1778221749_16.txt air/gen_1778221758_19.txt air/gen_1778221767_22.txt air/gen_1778221775_25.txt air/gen_1778221784_28.txt air/gen_1778221793_31.txt air/gen_1778221798_33.txt air/gen_1778221801_34.txt air/gen_1778221810_37.txt air/gen_1778221819_40.txt air/gen_1778221827_43.txt air/gen_1778221836_46.txt air/gen_1778221845_49.txt air/gen_1778221851_51.txt air/gen_1778221854_52.txt air/gen_1778221862_55.txt air/gen_1778221871_58.txt air/gen_1778221880_61.txt air/gen_1778221883_62.txt air/gen_1778221889_64.txt air/gen_1778221898_67.txt air/gen_1778221906_70.txt air/gen_1778221915_73.txt air/gen_1778221924_76.txt air/gen_1778221933_79.txt air/gen_1778221941_82.txt air/gen_1778221950_85.txt air/gen_1778221959_88.txt air/gen_1778221968_91.txt air/gen_1778221977_94.txt air/gen_1778221986_97.txt air/gen_1778221995_100.txt air/gen_1778222004_103.txt air/gen_1778222013_106.txt air/gen_1778222021_109.txt air/gen_1778222030_112.txt air/gen_1778222039_115.txt air/gen_1778222048_118.txt air/gen_1778222057_121.txt air/gen_1778222066_124.txt air/gen_1778222074_127.txt air/gen_1778222083_130.txt air/gen_1778222092_133.txt air/gen_1778222101_136.txt air/gen_1778222110_139.txt air/gen_1778222119_142.txt air/gen_1778222127_145.txt air/gen_1778222136_148.txt air/gen_1778222144_151.txt air/gen_1778222153_154.txt air/gen_1778222162_157.txt air/gen_1778222171_160.txt air/gen_1778222180_163.txt air/gen_1778222188_166.txt air/gen_1778222197_169.txt air/gen_1778222203_171.txt air/gen_1778222206_172.txt air/gen_1778222214_175.txt air/gen_1778222223_178.txt air/gen_1778222231_181.txt air/gen_1778222240_184.txt air/gen_1778222248_187.txt air/gen_1778222257_190.txt air/gen_1778222266_193.txt air/gen_1778222274_196.txt air/gen_1778222283_199.txt air/gen_1778222292_202.txt air/gen_1778222300_205.txt air/gen_1778222309_208.txt air/gen_1778222318_211.txt air/gen_1778222327_214.txt air/gen_1778222336_217.txt air/gen_1778222345_220.txt air/gen_1778222353_223.txt air/gen_1778222362_226.txt air/gen_1778222371_229.txt air/gen_1778222380_232.txt air/gen_1778222388_235.txt air/gen_1778222397_238.txt air/gen_1778222406_241.txt air/gen_1778222414_244.txt air/gen_1778222423_247.txt air/gen_1778222431_250.txt air/gen_1778222440_253.txt air/gen_1778222449_256.txt air/gen_1778222458_259.txt air/gen_1778222467_262.txt air/gen_1778222476_265.txt air/gen_1778222481_267.txt air/gen_1778222484_268.txt air/gen_1778222493_271.txt air/gen_1778222501_274.txt air/gen_1778222510_277.txt air/gen_1778222518_280.txt air/gen_1778222527_283.txt air/gen_1778222535_286.txt air/gen_1778222544_289.txt air/gen_1778222552_292.txt air/gen_1778222561_295.txt air/gen_1778222564_296.txt air/gen_1778222570_298.txt air/gen_1778222578_301.txt air/gen_1778222586_304.txt air/gen_1778222595_307.txt air/gen_1778222603_310.txt air/gen_1778222612_313.txt air/gen_1778222621_316.txt air/gen_1778222629_319.txt air/gen_1778222638_322.txt air/gen_1778222646_325.txt air/gen_1778222655_328.txt air/gen_1778222663_331.txt air/gen_1778222672_334.txt air/gen_1778222680_337.txt air/gen_1778222689_340.txt air/gen_1778222698_343.txt air/gen_1778222706_346.txt air/gen_1778222715_349.txt air/gen_1778222724_352.txt air/gen_1778222732_355.txt air/gen_1778222735_356.txt air/gen_1778222741_358.txt air/gen_1778222750_361.txt air/gen_1778222759_364.txt air/gen_1778222767_367.txt air/gen_1778222776_370.txt air/gen_1778222785_373.txt air/gen_1778222793_376.txt air/gen_1778222802_379.txt air/gen_1778222810_382.txt air/gen_1778222819_385.txt air/gen_1778222825_387.txt air/gen_1778222828_388.txt air/gen_1778222836_391.txt air/gen_1778222845_394.txt air/gen_1778222853_397.txt air/gen_1778222862_400.txt air/gen_1778222871_403.txt air/gen_1778222879_406.txt air/gen_1778222888_409.txt air/gen_1778222897_412.txt air/gen_1778222905_415.txt air/gen_1778222914_418.txt air/gen_1778222923_421.txt air/gen_1778222932_424.txt air/gen_1778222940_427.txt air/gen_1778222949_430.txt air/gen_1778222958_433.txt air/gen_1778222966_436.txt air/gen_1778222975_439.txt air/gen_1778222984_442.txt air/gen_1778222992_445.txt air/gen_1778223001_448.txt air/gen_1778223010_451.txt air/gen_1778223016_453.txt air/gen_1778223018_454.txt air/gen_1778223027_457.txt air/gen_1778223036_460.txt air/gen_1778223044_463.txt air/gen_1778223053_466.txt air/gen_1778223062_469.txt air/gen_1778223071_472.txt air/gen_1778223080_475.txt air/gen_1778223086_477.txt air/gen_1778223089_478.txt air/gen_1778223097_481.txt air/gen_1778223106_484.txt air/gen_1778223115_487.txt air/gen_1778223124_490.txt air/gen_1778223132_493.txt air/gen_1778223141_496.txt air/gen_1778223150_499.txt air/gen_1778223159_502.txt air/gen_1778223168_505.txt air/gen_1778223177_508.txt air/gen_1778223185_511.txt air/gen_1778223194_514.txt air/gen_1778223203_517.txt air/gen_1778223212_520.txt air/gen_1778223221_523.txt air/gen_1778223229_526.txt air/gen_1778223238_529.txt air/gen_1778223247_532.txt air/gen_1778223256_535.txt air/gen_1778223265_538.txt air/gen_1778223273_541.txt air/gen_1778223282_544.txt air/gen_1778223291_547.txt air/gen_1778223299_550.txt air/gen_1778223308_553.txt air/gen_1778223317_556.txt air/gen_1778223325_559.txt air/gen_1778223334_562.txt air/gen_1778223343_565.txt air/gen_1778223351_568.txt air/gen_1778223360_571.txt air/gen_1778223369_574.txt air/gen_1778223377_577.txt air/gen_1778223386_580.txt air/gen_1778223395_583.txt air/gen_1778223403_586.txt air/gen_1778223412_589.txt air/gen_1778223421_592.txt air/gen_1778223430_595.txt air/gen_1778223439_598.txt air/gen_1778223447_601.txt air/gen_1778223456_604.txt air/gen_1778223465_607.txt air/gen_1778223468_608.txt air/gen_1778223474_610.txt air/gen_1778223482_613.txt air/gen_1778223491_616.txt]
[trainer] micro-train burst (17745 bytes, novelty 0.04) — and lo, it feeds again.
[syntropy] action=steady | trend=0.0000 | field_dev=0.183 | purpose_align=0.005 | lr_mul=1.00
[aml] burst complete: 32 steps, avg loss 1.6760 (memory freed)
[dna] water wrote 28 bytes to ecology
[dna] water wrote 50 bytes to ecology
[dna] water wrote 62 bytes to ecology
[dna] water wrote 51 bytes to ecology
[dna] water wrote 54 bytes to ecology
[dna] water wrote 15 bytes to ecology
[dna] water wrote 34 bytes to ecology
[dna] water wrote 82 bytes to ecology
[dna] water wrote 54 bytes to ecology
[dna] water wrote 114 bytes to ecology
[dna] water wrote 87 bytes to ecology
[dna] water wrote 63 bytes to ecology
[dna] water wrote 161 bytes to ecology
[dna] water wrote 115 bytes to ecology
[dna] water wrote 74 bytes to ecology
[dna] water wrote 55 bytes to ecology
[dna] water wrote 117 bytes to ecology
[dna] water wrote 46 bytes to ecology
[dna] water wrote 123 bytes to ecology
[dna] water wrote 111 bytes to ecology
[dna] water wrote 82 bytes to ecology
[dna] water wrote 43 bytes to ecology
[dna] water wrote 29 bytes to ecology
[dna] water wrote 53 bytes to ecology
[dna] water wrote 85 bytes to ecology
[dna] water wrote 103 bytes to ecology
[dna] water wrote 109 bytes to ecology
[dna] water wrote 117 bytes to ecology
[dna] water wrote 106 bytes to ecology
[dna] water wrote 79 bytes to ecology
[dna] water wrote 97 bytes to ecology
[dna] water wrote 71 bytes to ecology
[dna] water wrote 72 bytes to ecology
[dna] water wrote 57 bytes to ecology
[dna] water wrote 43 bytes to ecology
[dna] water wrote 86 bytes to ecology
[debug-onto] tick=50 corpus=143659 stage=2 freeze=0
[dna] water wrote 14 bytes to ecology
[dna] water wrote 54 bytes to ecology
[dna] water wrote 49 bytes to ecology
[dna] water wrote 79 bytes to ecology
[dna] water wrote 61 bytes to ecology
[dna] water wrote 54 bytes to ecology
[dna] water wrote 34 bytes to ecology
[dna] water wrote 41 bytes to ecology
[dna] water wrote 24 bytes to ecology
[dna] water wrote 39 bytes to ecology
[dna] water wrote 69 bytes to ecology
[dna] water wrote 49 bytes to ecology
[dna] water wrote 133 bytes to ecology
[dna] water wrote 41 bytes to ecology
[dna] water wrote 45 bytes to ecology
[dna] water wrote 42 bytes to ecology
[dna] water wrote 120 bytes to ecology
[dna] water wrote 169 bytes to ecology
[dna] water wrote 32 bytes to ecology
[dna] water wrote 27 bytes to ecology
[dna] water wrote 21 bytes to ecology
[dna] water wrote 86 bytes to ecology
[dna] water wrote 204 bytes to ecology
[dna] water wrote 48 bytes to ecology
[dna] water wrote 28 bytes to ecology
[dna] water wrote 181 bytes to ecology
[dna] water wrote 92 bytes to ecology
[dna] water wrote 42 bytes to ecology
[dna] water wrote 32 bytes to ecology
[dna] water wrote 40 bytes to ecology
[dna] water wrote 18 bytes to ecology
[dna] water wrote 91 bytes to ecology
[dna] water wrote 49 bytes to ecology
[dna] water wrote 60 bytes to ecology
[dna] water wrote 28 bytes to ecology
[dna] water wrote 19 bytes to ecology
[dna] water wrote 43 bytes to ecology
[debug-onto] tick=100 corpus=143659 stage=2 freeze=0
[dna] water wrote 110 bytes to ecology
[dna] water wrote 96 bytes to ecology
[dna] water wrote 26 bytes to ecology
[dna] water wrote 40 bytes to ecology
[dna] water wrote 12 bytes to ecology
[dna] water wrote 35 bytes to ecology
[dna] water wrote 10 bytes to ecology
[dna] water wrote 54 bytes to ecology
[dna] water wrote 38 bytes to ecology
[dna] water wrote 42 bytes to ecology
[dna] water wrote 45 bytes to ecology
[dna] water wrote 61 bytes to ecology
[dna] water wrote 32 bytes to ecology
[dna] water wrote 33 bytes to ecology
[dna] water wrote 87 bytes to ecology
[dna] water wrote 28 bytes to ecology
[dna] water wrote 87 bytes to ecology
[dna] water wrote 40 bytes to ecology
[dna] water wrote 36 bytes to ecology
[dna] water wrote 119 bytes to ecology
[dna] water wrote 98 bytes to ecology
[dna] water wrote 52 bytes to ecology
[dna] water wrote 42 bytes to ecology
[dna] water wrote 35 bytes to ecology
[dna] water wrote 35 bytes to ecology
[dna] water wrote 82 bytes to ecology
[dna] water wrote 84 bytes to ecology
[dna] water wrote 15 bytes to ecology
[dna] water wrote 29 bytes to ecology
[dna] water wrote 47 bytes to ecology
[dna] water wrote 69 bytes to ecology
[dna] water wrote 30 bytes to ecology
[dna] water wrote 53 bytes to ecology
[dna] water wrote 61 bytes to ecology
[dna] water wrote 45 bytes to ecology
[debug-onto] tick=150 corpus=143659 stage=2 freeze=0
[dna] water wrote 118 bytes to ecology
[dna] water wrote 34 bytes to ecology
[dna] water wrote 82 bytes to ecology
[dna] water wrote 75 bytes to ecology
[dna] water wrote 104 bytes to ecology
[dna] water wrote 31 bytes to ecology
[dna] water wrote 36 bytes to ecology
[dna] water wrote 43 bytes to ecology
[dna] water wrote 151 bytes to ecology
[dna] water wrote 46 bytes to ecology
[dna] water wrote 44 bytes to ecology
[dna] water wrote 47 bytes to ecology
[dna] water wrote 82 bytes to ecology
[dna] water wrote 114 bytes to ecology
[dna] water wrote 28 bytes to ecology
[dna] water wrote 50 bytes to ecology
[dna] water wrote 76 bytes to ecology
[dna] water wrote 139 bytes to ecology
[dna] water wrote 110 bytes to ecology
[dna] water wrote 79 bytes to ecology
[dna] water wrote 27 bytes to ecology
[dna] water wrote 28 bytes to ecology
[dna] water wrote 104 bytes to ecology
[dna] water wrote 175 bytes to ecology
[dna] water wrote 38 bytes to ecology
[dna] water wrote 31 bytes to ecology
[dna] water wrote 91 bytes to ecology
[dna] water wrote 26 bytes to ecology
[dna] water wrote 77 bytes to ecology
[dna] water wrote 49 bytes to ecology
[dna] water wrote 18 bytes to ecology
[dna] water wrote 28 bytes to ecology
[dna] water wrote 12 bytes to ecology
[dna] water wrote 53 bytes to ecology
[dna] water wrote 71 bytes to ecology
[debug-onto] tick=200 corpus=143659 stage=2 freeze=0
[dna] water wrote 101 bytes to ecology
[dna] water wrote 43 bytes to ecology
[dna] water wrote 35 bytes to ecology
[dna] water wrote 68 bytes to ecology
[dna] water wrote 126 bytes to ecology
[dna] water wrote 86 bytes to ecology
[dna] water wrote 127 bytes to ecology
[dna] water wrote 26 bytes to ecology
[dna] water wrote 42 bytes to ecology
[dna] water wrote 63 bytes to ecology
[dna] water wrote 34 bytes to ecology
[dna] water wrote 49 bytes to ecology
[dna] water wrote 39 bytes to ecology
[dna] water wrote 162 bytes to ecology
[dna] water wrote 71 bytes to ecology
[dna] water wrote 143 bytes to ecology
[dna] water wrote 145 bytes to ecology
[dna] water wrote 105 bytes to ecology
[dna] water wrote 15 bytes to ecology
[dna] water wrote 61 bytes to ecology
[dna] water wrote 38 bytes to ecology
[dna] water wrote 58 bytes to ecology
[dna] water wrote 55 bytes to ecology
[dna] water wrote 10 bytes to ecology
[dna] water wrote 45 bytes to ecology
[dna] water wrote 68 bytes to ecology
[dna] water wrote 16 bytes to ecology
[dna] water wrote 42 bytes to ecology
[dna] water wrote 16 bytes to ecology
[dna] water wrote 57 bytes to ecology
[dna] water wrote 22 bytes to ecology
[dna] water wrote 27 bytes to ecology
[dna] water wrote 108 bytes to ecology
[dna] water wrote 62 bytes to ecology
[dna] water wrote 44 bytes to ecology
[dna] water wrote 48 bytes to ecology
[dna] water wrote 33 bytes to ecology
[dna] water wrote 71 bytes to ecology
[debug-onto] tick=250 corpus=143659 stage=2 freeze=0
[dna] water wrote 63 bytes to ecology
[dna] water wrote 34 bytes to ecology
[dna] water wrote 27 bytes to ecology
[dna] water wrote 29 bytes to ecology
[dna] water wrote 8 bytes to ecology
[dna] water wrote 20 bytes to ecology
[dna] water wrote 99 bytes to ecology
[dna] water wrote 25 bytes to ecology
[dna] water wrote 43 bytes to ecology
[dna] water wrote 41 bytes to ecology
[dna] water wrote 81 bytes to ecology
[dna] water wrote 86 bytes to ecology
[dna] water wrote 15 bytes to ecology
[dna] water wrote 14 bytes to ecology
[dna] water wrote 332 bytes to ecology
[dna] water wrote 15 bytes to ecology
[dna] water wrote 49 bytes to ecology
[dna] water wrote 16 bytes to ecology
[dna] water wrote 29 bytes to ecology
[dna] water wrote 198 bytes to ecology
[dna] water wrote 62 bytes to ecology
[dna] water wrote 97 bytes to ecology
[dna] water wrote 50 bytes to ecology
[dna] water wrote 91 bytes to ecology
[dna] water wrote 68 bytes to ecology
[dna] water wrote 146 bytes to ecology
[dna] water wrote 111 bytes to ecology
[dna] water wrote 204 bytes to ecology
[dna] water wrote 21 bytes to ecology
[dna] water wrote 52 bytes to ecology
[dna] water wrote 15 bytes to ecology
[dna] water wrote 113 bytes to ecology
[dna] water wrote 45 bytes to ecology
[dna] water wrote 36 bytes to ecology
[dna] water wrote 114 bytes to ecology
[dna] water wrote 189 bytes to ecology
[dna] water wrote 77 bytes to ecology
[dna] water wrote 111 bytes to ecology
[debug-onto] tick=300 corpus=143659 stage=2 freeze=0
[dna] water wrote 60 bytes to ecology
[dna] water wrote 100 bytes to ecology
[dna] water wrote 9 bytes to ecology
[dna] water wrote 98 bytes to ecology
[dna] water wrote 29 bytes to ecology
[dna] water wrote 40 bytes to ecology
[dna] water wrote 85 bytes to ecology
[dna] water wrote 32 bytes to ecology
[dna] water wrote 58 bytes to ecology
[dna] water wrote 46 bytes to ecology
[dna] water wrote 79 bytes to ecology
[dna] water wrote 39 bytes to ecology
[dna] water wrote 75 bytes to ecology
[dna] water wrote 37 bytes to ecology
[dna] water wrote 71 bytes to ecology
[dna] water wrote 17 bytes to ecology
[dna] water wrote 53 bytes to ecology
[dna] water wrote 126 bytes to ecology
[dna] water wrote 51 bytes to ecology
[dna] water wrote 80 bytes to ecology
[dna] water wrote 47 bytes to ecology
[dna] water wrote 51 bytes to ecology
[dna] water wrote 16 bytes to ecology
[dna] water wrote 29 bytes to ecology
[dna] water wrote 94 bytes to ecology
[dna] water wrote 53 bytes to ecology
[dna] water wrote 42 bytes to ecology
[dna] water wrote 41 bytes to ecology
[dna] water wrote 32 bytes to ecology
[dna] water wrote 37 bytes to ecology
[dna] water wrote 82 bytes to ecology
[dna] water wrote 52 bytes to ecology
[dna] water wrote 106 bytes to ecology
[dna] water wrote 43 bytes to ecology
[dna] water wrote 34 bytes to ecology
[dna] water wrote 143 bytes to ecology
[dna] water wrote 59 bytes to ecology
[dna] water wrote 43 bytes to ecology
[debug-onto] tick=350 corpus=143659 stage=2 freeze=0
[dna] water wrote 218 bytes to ecology
[dna] water wrote 30 bytes to ecology
[dna] water wrote 45 bytes to ecology
[dna] water wrote 58 bytes to ecology
[dna] water wrote 31 bytes to ecology
[dna] water wrote 120 bytes to ecology
[dna] water wrote 21 bytes to ecology
[dna] water wrote 47 bytes to ecology
[dna] water wrote 11 bytes to ecology
[dna] water wrote 61 bytes to ecology
[dna] water wrote 91 bytes to ecology
[dna] water wrote 143 bytes to ecology
[dna] water wrote 134 bytes to ecology
[dna] water wrote 65 bytes to ecology
[dna] water wrote 42 bytes to ecology
[dna] water wrote 118 bytes to ecology
[dna] water wrote 46 bytes to ecology
[dna] water wrote 72 bytes to ecology
[dna] water wrote 45 bytes to ecology
[dna] water wrote 149 bytes to ecology
[dna] water wrote 80 bytes to ecology
[dna] water wrote 49 bytes to ecology
[dna] water wrote 37 bytes to ecology
[dna] water wrote 52 bytes to ecology
[dna] water wrote 58 bytes to ecology
[dna] water wrote 39 bytes to ecology
[dna] water wrote 27 bytes to ecology
[dna] water wrote 51 bytes to ecology
[dna] water wrote 11 bytes to ecology
[dna] water wrote 9 bytes to ecology
[dna] water wrote 170 bytes to ecology
[dna] water wrote 43 bytes to ecology
[dna] water wrote 88 bytes to ecology
[dna] water wrote 33 bytes to ecology
[dna] water wrote 70 bytes to ecology
[dna] water wrote 86 bytes to ecology
[dna] water wrote 50 bytes to ecology
[dna] water wrote 39 bytes to ecology
[dna] water wrote 50 bytes to ecology
[dna] water wrote 40 bytes to ecology
[debug-onto] tick=400 corpus=143659 stage=2 freeze=0
[dna] water wrote 30 bytes to ecology
[dna] water wrote 50 bytes to ecology
[dna] water wrote 39 bytes to ecology
[dna] water wrote 46 bytes to ecology
[dna] water wrote 79 bytes to ecology
[dna] water wrote 208 bytes to ecology
[dna] water wrote 37 bytes to ecology
[dna] water wrote 168 bytes to ecology
[dna] water wrote 27 bytes to ecology
[dna] water wrote 178 bytes to ecology
[dna] water wrote 33 bytes to ecology
[dna] water wrote 23 bytes to ecology
[dna] water wrote 54 bytes to ecology
[dna] water wrote 40 bytes to ecology
[dna] water wrote 31 bytes to ecology
[dna] water wrote 80 bytes to ecology
[dna] water wrote 104 bytes to ecology
[dna] water wrote 30 bytes to ecology
[dna] water wrote 34 bytes to ecology
[dna] water wrote 50 bytes to ecology
[dna] water wrote 62 bytes to ecology
[dna] water wrote 68 bytes to ecology
[dna] water wrote 80 bytes to ecology
[dna] water wrote 61 bytes to ecology
[dna] water wrote 212 bytes to ecology
[dna] water wrote 26 bytes to ecology
[dna] water wrote 39 bytes to ecology
[dna] water wrote 60 bytes to ecology
[dna] water wrote 24 bytes to ecology
[dna] water wrote 63 bytes to ecology
[dna] water wrote 44 bytes to ecology
[dna] water wrote 139 bytes to ecology
[dna] water wrote 44 bytes to ecology
[dna] water wrote 72 bytes to ecology
[dna] water wrote 109 bytes to ecology
[dna] water wrote 20 bytes to ecology
[debug-onto] tick=450 corpus=143659 stage=2 freeze=0
[dna] water wrote 87 bytes to ecology
[dna] water wrote 16 bytes to ecology
[dna] water wrote 36 bytes to ecology
[dna] water wrote 70 bytes to ecology
[dna] water wrote 72 bytes to ecology
[dna] water wrote 107 bytes to ecology
[dna] water wrote 52 bytes to ecology
[dna] water wrote 24 bytes to ecology
[dna] water wrote 100 bytes to ecology
[dna] water wrote 77 bytes to ecology
[dna] water wrote 50 bytes to ecology
[dna] water wrote 8 bytes to ecology
[dna] water wrote 41 bytes to ecology
[dna] water wrote 143 bytes to ecology
[dna] water wrote 33 bytes to ecology
[dna] water wrote 28 bytes to ecology
[dna] water wrote 110 bytes to ecology
[dna] water wrote 49 bytes to ecology
[dna] water wrote 165 bytes to ecology
[dna] water wrote 25 bytes to ecology
[dna] water wrote 55 bytes to ecology
[dna] water wrote 101 bytes to ecology
[dna] water wrote 117 bytes to ecology
[dna] water wrote 93 bytes to ecology
[dna] water wrote 30 bytes to ecology
[dna] water wrote 99 bytes to ecology
[dna] water wrote 65 bytes to ecology
[dna] water wrote 21 bytes to ecology
[dna] water wrote 10 bytes to ecology
[dna] water wrote 37 bytes to ecology
[dna] water wrote 24 bytes to ecology
[dna] water wrote 101 bytes to ecology
[dna] water wrote 17 bytes to ecology
[dna] water wrote 67 bytes to ecology
[dna] water wrote 41 bytes to ecology
[dna] water wrote 151 bytes to ecology
[dna] water wrote 19 bytes to ecology
[dna] water wrote 87 bytes to ecology
[dna] water wrote 53 bytes to ecology
[debug-onto] tick=500 corpus=143659 stage=2 freeze=0
[dna] water wrote 44 bytes to ecology
[dna] water wrote 55 bytes to ecology
[dna] water wrote 54 bytes to ecology
[dna] water wrote 221 bytes to ecology
[dna] water wrote 27 bytes to ecology
[dna] water wrote 96 bytes to ecology
[dna] water wrote 115 bytes to ecology
[dna] water wrote 40 bytes to ecology
[dna] water wrote 27 bytes to ecology
[dna] water wrote 89 bytes to ecology
[dna] water wrote 30 bytes to ecology
[dna] water wrote 60 bytes to ecology
[dna] water wrote 72 bytes to ecology
[dna] water wrote 55 bytes to ecology
[dna] water wrote 99 bytes to ecology
[dna] water wrote 45 bytes to ecology
[dna] water wrote 25 bytes to ecology
[dna] water wrote 56 bytes to ecology
[dna] water wrote 133 bytes to ecology
[dna] water wrote 170 bytes to ecology
[dna] water wrote 125 bytes to ecology
[dna] water wrote 49 bytes to ecology
[dna] water wrote 40 bytes to ecology
[dna] water wrote 56 bytes to ecology
[dna] water wrote 57 bytes to ecology
[dna] water wrote 34 bytes to ecology
[dna] water wrote 30 bytes to ecology
[dna] water wrote 42 bytes to ecology
[dna] water wrote 41 bytes to ecology
[dna] water wrote 45 bytes to ecology
[dna] water wrote 98 bytes to ecology
[dna] water wrote 22 bytes to ecology
[dna] water wrote 124 bytes to ecology
[dna] water wrote 46 bytes to ecology
[dna] water wrote 72 bytes to ecology
[dna] water wrote 196 bytes to ecology
[dna] water wrote 15 bytes to ecology
[dna] water wrote 83 bytes to ecology
[dna] water wrote 60 bytes to ecology
[debug-onto] tick=550 corpus=143659 stage=2 freeze=0
[dna] water wrote 88 bytes to ecology
[dna] water wrote 66 bytes to ecology
[dna] water wrote 216 bytes to ecology
[dna] water wrote 29 bytes to ecology
[dna] water wrote 54 bytes to ecology
[dna] water wrote 29 bytes to ecology
[dna] water wrote 76 bytes to ecology
[dna] water wrote 37 bytes to ecology
[dna] water wrote 89 bytes to ecology
[dna] water wrote 111 bytes to ecology
[dna] water wrote 91 bytes to ecology
[dna] water wrote 70 bytes to ecology
[dna] water wrote 60 bytes to ecology
[dna] water wrote 95 bytes to ecology
[dna] water wrote 71 bytes to ecology
[dna] water wrote 30 bytes to ecology
[dna] water wrote 34 bytes to ecology
[dna] water wrote 29 bytes to ecology
[dna] water wrote 28 bytes to ecology
[dna] water wrote 57 bytes to ecology
[dna] water wrote 71 bytes to ecology
[dna] water wrote 43 bytes to ecology
[dna] water wrote 24 bytes to ecology
[dna] water wrote 22 bytes to ecology
[dna] water wrote 32 bytes to ecology
[dna] water wrote 18 bytes to ecology
[dna] water wrote 238 bytes to ecology
[dna] water wrote 32 bytes to ecology
[dna] water wrote 18 bytes to ecology
[dna] water wrote 42 bytes to ecology
[dna] water wrote 18 bytes to ecology
[dna] water wrote 92 bytes to ecology
[dna] water wrote 107 bytes to ecology
[dna] water wrote 89 bytes to ecology
[dna] water wrote 53 bytes to ecology
[dna] water wrote 62 bytes to ecology
[dna] water wrote 88 bytes to ecology
[dna] water wrote 33 bytes to ecology
[dna] water wrote 92 bytes to ecology
[debug-onto] tick=600 corpus=143659 stage=2 freeze=0
[dna] water wrote 24 bytes to ecology
[dna] water wrote 36 bytes to ecology
[dna] water wrote 121 bytes to ecology
[dna] water wrote 100 bytes to ecology
[dna] water wrote 34 bytes to ecology
[dna] water wrote 185 bytes to ecology
[dna] water wrote 10 bytes to ecology
[dna] water wrote 98 bytes to ecology
[dna] water wrote 28 bytes to ecology
[dna] water wrote 129 bytes to ecology
[dna] water wrote 52 bytes to ecology
[dna] water wrote 81 bytes to ecology
[dna] water wrote 121 bytes to ecology
[dna] water wrote 80 bytes to ecology
[dna] water wrote 64 bytes to ecology
[dna] water wrote 95 bytes to ecology
[dna] water wrote 30 bytes to ecology
[dna] water wrote 92 bytes to ecology
[dna] water wrote 89 bytes to ecology
[dna] water wrote 27 bytes to ecology
[dna] water wrote 178 bytes to ecology

[evolution] Organism shutting down gracefully.
