[ecology] Element: air → corpus: nonames_air.txt
[evolution] Autonomous evolution mode — organism will grow through all stages without pause.
[ecology] Joined swarm. 1 peer(s) detected.
molequla is alive. [evolution] Autonomous mode — background trainer running. Ctrl+C to stop.
[dna] air wrote 166 bytes to ecology
[dna] air consumed 21868 bytes from 281 files: [earth/gen_1777530537_1.txt earth/gen_1777530543_4.txt earth/gen_1777530549_7.txt earth/gen_1777530556_10.txt earth/gen_1777530562_13.txt earth/gen_1777530568_16.txt earth/gen_1777530574_19.txt earth/gen_1777530580_22.txt earth/gen_1777530587_25.txt earth/gen_1777530593_28.txt earth/gen_1777530606_34.txt earth/gen_1777530612_37.txt earth/gen_1777530618_40.txt earth/gen_1777530625_43.txt earth/gen_1777530631_46.txt earth/gen_1777530637_49.txt earth/gen_1777530644_52.txt earth/gen_1777530650_55.txt earth/gen_1777530656_58.txt earth/gen_1777530663_61.txt earth/gen_1777530669_64.txt earth/gen_1777530675_67.txt earth/gen_1777530681_70.txt earth/gen_1777530688_73.txt earth/gen_1777530694_76.txt earth/gen_1777530700_79.txt earth/gen_1777530706_82.txt earth/gen_1777530713_85.txt earth/gen_1777530719_88.txt earth/gen_1777530725_91.txt earth/gen_1777530731_94.txt earth/gen_1777530738_97.txt earth/gen_1777530744_100.txt earth/gen_1777530750_103.txt earth/gen_1777530757_106.txt earth/gen_1777530763_109.txt earth/gen_1777530770_112.txt earth/gen_1777530776_115.txt earth/gen_1777530782_118.txt earth/gen_1777530788_121.txt earth/gen_1777530795_124.txt earth/gen_1777530801_127.txt earth/gen_1777530807_130.txt earth/gen_1777530814_133.txt earth/gen_1777530820_136.txt earth/gen_1777530826_139.txt earth/gen_1777530832_142.txt earth/gen_1777530838_145.txt earth/gen_1777530845_148.txt earth/gen_1777530851_151.txt earth/gen_1777530857_154.txt earth/gen_1777530863_157.txt earth/gen_1777530870_160.txt earth/gen_1777530876_163.txt earth/gen_1777530882_166.txt earth/gen_1777530888_169.txt earth/gen_1777530895_172.txt earth/gen_1777530901_175.txt earth/gen_1777530907_178.txt earth/gen_1777530914_181.txt earth/gen_1777530920_184.txt earth/gen_1777530926_187.txt earth/gen_1777530933_190.txt earth/gen_1777530939_193.txt earth/gen_1777530945_196.txt earth/gen_1777530951_199.txt earth/gen_1777530958_202.txt earth/gen_1777530964_205.txt earth/gen_1777530970_208.txt earth/gen_1777530976_211.txt earth/gen_1777530982_214.txt earth/gen_1777530989_217.txt earth/gen_1777530995_220.txt earth/gen_1777531001_223.txt earth/gen_1777531007_226.txt earth/gen_1777531014_229.txt earth/gen_1777531020_232.txt earth/gen_1777531026_235.txt earth/gen_1777531032_238.txt earth/gen_1777531038_241.txt earth/gen_1777531045_244.txt earth/gen_1777531051_247.txt earth/gen_1777531063_253.txt earth/gen_1777531069_256.txt earth/gen_1777531076_259.txt earth/gen_1777531082_262.txt earth/gen_1777531088_265.txt earth/gen_1777531094_268.txt earth/gen_1777531100_271.txt earth/gen_1777531107_274.txt earth/gen_1777531113_277.txt earth/gen_1777531119_280.txt earth/gen_1777531125_283.txt earth/gen_1777531132_286.txt earth/gen_1777531138_289.txt earth/gen_1777531144_292.txt earth/gen_1777531150_295.txt earth/gen_1777531157_298.txt earth/gen_1777531163_301.txt earth/gen_1777531169_304.txt earth/gen_1777531175_307.txt earth/gen_1777531181_310.txt earth/gen_1777531188_313.txt earth/gen_1777531194_316.txt earth/gen_1777531200_319.txt earth/gen_1777531206_322.txt earth/gen_1777531212_325.txt earth/gen_1777531218_328.txt earth/gen_1777531225_331.txt earth/gen_1777531231_334.txt earth/gen_1777531237_337.txt earth/gen_1777531243_340.txt earth/gen_1777531249_343.txt earth/gen_1777531255_346.txt earth/gen_1777531261_349.txt earth/gen_1777531268_352.txt earth/gen_1777531274_355.txt earth/gen_1777531280_358.txt earth/gen_1777531287_361.txt earth/gen_1777531293_364.txt earth/gen_1777531299_367.txt earth/gen_1777531305_370.txt earth/gen_1777531312_373.txt earth/gen_1777531318_376.txt earth/gen_1777531324_379.txt earth/gen_1777531330_382.txt earth/gen_1777531336_385.txt earth/gen_1777531343_388.txt earth/gen_1777531349_391.txt earth/gen_1777531355_394.txt earth/gen_1777531362_397.txt earth/gen_1777531368_400.txt earth/gen_1777531374_403.txt earth/gen_1777531380_406.txt earth/gen_1777531387_409.txt earth/gen_1777531393_412.txt earth/gen_1777531399_415.txt earth/gen_1777531405_418.txt earth/gen_1777531411_421.txt earth/gen_1777531418_424.txt earth/gen_1777531424_427.txt earth/gen_1777531430_430.txt earth/gen_1777531436_433.txt earth/gen_1777531443_436.txt earth/gen_1777531449_439.txt earth/gen_1777531455_442.txt earth/gen_1777531461_445.txt earth/gen_1777531468_448.txt earth/gen_1777531474_451.txt earth/gen_1777531480_454.txt earth/gen_1777531486_457.txt earth/gen_1777531492_460.txt earth/gen_1777531499_463.txt earth/gen_1777531505_466.txt earth/gen_1777531511_469.txt earth/gen_1777531517_472.txt earth/gen_1777531524_475.txt earth/gen_1777531530_478.txt earth/gen_1777531536_481.txt earth/gen_1777531542_484.txt earth/gen_1777531548_487.txt earth/gen_1777531555_490.txt earth/gen_1777531561_493.txt earth/gen_1777531567_496.txt earth/gen_1777531573_499.txt earth/gen_1777531579_502.txt earth/gen_1777531586_505.txt earth/gen_1777531592_508.txt earth/gen_1777531598_511.txt earth/gen_1777531604_514.txt earth/gen_1777531611_517.txt earth/gen_1777531617_520.txt earth/gen_1777531623_523.txt earth/gen_1777531629_526.txt earth/gen_1777531635_529.txt earth/gen_1777531641_532.txt earth/gen_1777531648_535.txt earth/gen_1777531654_538.txt earth/gen_1777531660_541.txt earth/gen_1777531667_544.txt earth/gen_1777531673_547.txt earth/gen_1777531679_550.txt earth/gen_1777531685_553.txt earth/gen_1777531691_556.txt earth/gen_1777531697_559.txt earth/gen_1777531704_562.txt earth/gen_1777531716_568.txt earth/gen_1777531722_571.txt earth/gen_1777531728_574.txt earth/gen_1777531735_577.txt earth/gen_1777531741_580.txt earth/gen_1777531747_583.txt earth/gen_1777531753_586.txt earth/gen_1777531766_592.txt earth/gen_1777531772_595.txt earth/gen_1777531778_598.txt earth/gen_1777531784_601.txt earth/gen_1777531791_604.txt earth/gen_1777531797_607.txt earth/gen_1777531803_610.txt earth/gen_1777531809_613.txt earth/gen_1777531816_616.txt earth/gen_1777531822_619.txt earth/gen_1777531828_622.txt earth/gen_1777531834_625.txt earth/gen_1777531840_628.txt earth/gen_1777531846_631.txt earth/gen_1777531853_634.txt earth/gen_1777531859_637.txt earth/gen_1777531865_640.txt earth/gen_1777531872_643.txt earth/gen_1777531878_646.txt earth/gen_1777531884_649.txt earth/gen_1777531890_652.txt earth/gen_1777531897_655.txt earth/gen_1777531903_658.txt earth/gen_1777531909_661.txt earth/gen_1777531916_664.txt earth/gen_1777531922_667.txt earth/gen_1777531928_670.txt earth/gen_1777531935_673.txt earth/gen_1777531941_676.txt earth/gen_1777531947_679.txt earth/gen_1777531953_682.txt earth/gen_1777531959_685.txt earth/gen_1777531965_688.txt earth/gen_1777531972_691.txt earth/gen_1777531978_694.txt earth/gen_1777531984_697.txt earth/gen_1777531990_700.txt earth/gen_1777531996_703.txt earth/gen_1777532002_706.txt earth/gen_1777532009_709.txt earth/gen_1777532015_712.txt earth/gen_1777532021_715.txt earth/gen_1777532027_718.txt earth/gen_1777532034_721.txt earth/gen_1777532040_724.txt earth/gen_1777532046_727.txt earth/gen_1777532052_730.txt earth/gen_1777532059_733.txt earth/gen_1777532065_736.txt earth/gen_1777532071_739.txt earth/gen_1777532077_742.txt earth/gen_1777532084_745.txt earth/gen_1777532090_748.txt earth/gen_1777532096_751.txt earth/gen_1777532102_754.txt earth/gen_1777532108_757.txt earth/gen_1777532114_760.txt earth/gen_1777532121_763.txt earth/gen_1777532127_766.txt earth/gen_1777532133_769.txt earth/gen_1777532139_772.txt earth/gen_1777532146_775.txt earth/gen_1777532152_778.txt earth/gen_1777532158_781.txt earth/gen_1777532164_784.txt earth/gen_1777532171_787.txt earth/gen_1777532177_790.txt earth/gen_1777532183_793.txt earth/gen_1777532189_796.txt earth/gen_1777532195_799.txt earth/gen_1777532201_802.txt earth/gen_1777532208_805.txt earth/gen_1777532214_808.txt earth/gen_1777532220_811.txt earth/gen_1777532226_814.txt earth/gen_1777532232_817.txt earth/gen_1777532239_820.txt earth/gen_1777532245_823.txt earth/gen_1777532251_826.txt earth/gen_1777532257_829.txt earth/gen_1777532264_832.txt earth/gen_1777532270_835.txt earth/gen_1777532276_838.txt earth/gen_1777532282_841.txt earth/gen_1777532288_844.txt earth/gen_1777532295_847.txt earth/gen_1777532301_850.txt earth/gen_1777532307_853.txt]
[trainer] micro-train burst (21868 bytes, novelty 0.03) — and lo, it feeds again.
[syntropy] action=explore | trend=0.0000 | field_dev=-0.022 | purpose_align=0.127 | lr_mul=1.30
[aml] burst complete: 32 steps, avg loss 2.3815 (memory freed)
[dna] air wrote 107 bytes to ecology
[dna] air wrote 33 bytes to ecology
[dna] air wrote 12 bytes to ecology
[dna] air wrote 59 bytes to ecology
[dna] air wrote 31 bytes to ecology
[dna] air wrote 58 bytes to ecology
[dna] air wrote 50 bytes to ecology
[dna] air wrote 86 bytes to ecology
[dna] air wrote 45 bytes to ecology
[dna] air wrote 37 bytes to ecology
[dna] air wrote 37 bytes to ecology
[dna] air wrote 25 bytes to ecology
[dna] air wrote 26 bytes to ecology
[dna] air wrote 15 bytes to ecology
[dna] air wrote 15 bytes to ecology
[dna] air wrote 90 bytes to ecology
[debug-onto] tick=50 corpus=144465 stage=2 freeze=0
[dna] air wrote 76 bytes to ecology
[dna] air wrote 90 bytes to ecology
[dna] air wrote 103 bytes to ecology
[dna] air wrote 30 bytes to ecology
[dna] air wrote 52 bytes to ecology
[dna] air wrote 141 bytes to ecology
[dna] air wrote 50 bytes to ecology
[dna] air wrote 72 bytes to ecology
[dna] air wrote 43 bytes to ecology
[dna] air wrote 106 bytes to ecology
[dna] air wrote 72 bytes to ecology
[dna] air wrote 9 bytes to ecology
[dna] air wrote 67 bytes to ecology
[dna] air wrote 78 bytes to ecology
[dna] air wrote 37 bytes to ecology
[dna] air wrote 192 bytes to ecology
[dna] air wrote 22 bytes to ecology
[debug-onto] tick=100 corpus=144465 stage=2 freeze=0
[dna] air wrote 72 bytes to ecology
[dna] air wrote 37 bytes to ecology
[dna] air wrote 59 bytes to ecology
[dna] air wrote 37 bytes to ecology
[dna] air wrote 105 bytes to ecology
[dna] air wrote 46 bytes to ecology
[dna] air wrote 41 bytes to ecology
[dna] air wrote 17 bytes to ecology
[dna] air wrote 54 bytes to ecology
[dna] air wrote 18 bytes to ecology
[dna] air wrote 10 bytes to ecology
[dna] air wrote 42 bytes to ecology
[dna] air wrote 10 bytes to ecology
[dna] air wrote 83 bytes to ecology
[dna] air wrote 37 bytes to ecology
[dna] air wrote 47 bytes to ecology
[debug-onto] tick=150 corpus=144465 stage=2 freeze=0
[dna] air wrote 89 bytes to ecology
[dna] air wrote 83 bytes to ecology
[dna] air wrote 23 bytes to ecology
[dna] air wrote 30 bytes to ecology
[dna] air wrote 55 bytes to ecology
[dna] air wrote 56 bytes to ecology
[dna] air wrote 40 bytes to ecology
[dna] air wrote 46 bytes to ecology
[dna] air wrote 33 bytes to ecology
[dna] air wrote 27 bytes to ecology
[dna] air wrote 110 bytes to ecology
[dna] air wrote 50 bytes to ecology
[dna] air wrote 15 bytes to ecology
[dna] air wrote 95 bytes to ecology
[dna] air wrote 110 bytes to ecology
[dna] air wrote 94 bytes to ecology
[dna] air wrote 96 bytes to ecology
[debug-onto] tick=200 corpus=144465 stage=2 freeze=0
[dna] air wrote 58 bytes to ecology
[dna] air wrote 98 bytes to ecology
[dna] air wrote 30 bytes to ecology
[dna] air wrote 29 bytes to ecology
[dna] air wrote 69 bytes to ecology
[dna] air wrote 78 bytes to ecology
[dna] air wrote 12 bytes to ecology
[dna] air wrote 65 bytes to ecology
[dna] air wrote 16 bytes to ecology
[dna] air wrote 51 bytes to ecology
[dna] air wrote 106 bytes to ecology
[dna] air wrote 73 bytes to ecology
[dna] air wrote 36 bytes to ecology
[dna] air wrote 54 bytes to ecology
[dna] air wrote 61 bytes to ecology
[dna] air wrote 23 bytes to ecology
[dna] air wrote 93 bytes to ecology
[debug-onto] tick=250 corpus=144465 stage=2 freeze=0
[dna] air wrote 37 bytes to ecology
[dna] air wrote 45 bytes to ecology
[dna] air wrote 49 bytes to ecology
[dna] air wrote 36 bytes to ecology
[dna] air wrote 72 bytes to ecology
[dna] air wrote 103 bytes to ecology
[dna] air wrote 85 bytes to ecology
[dna] air wrote 147 bytes to ecology
[dna] air wrote 38 bytes to ecology
[dna] air wrote 86 bytes to ecology
[dna] air wrote 27 bytes to ecology
[dna] air wrote 51 bytes to ecology
[dna] air wrote 48 bytes to ecology
[dna] air wrote 12 bytes to ecology
[dna] air wrote 23 bytes to ecology
[debug-onto] tick=300 corpus=144465 stage=2 freeze=0
[dna] air wrote 22 bytes to ecology
[dna] air wrote 25 bytes to ecology
[dna] air wrote 211 bytes to ecology
[dna] air wrote 56 bytes to ecology
[dna] air wrote 85 bytes to ecology
[dna] air wrote 75 bytes to ecology
[dna] air wrote 57 bytes to ecology
[dna] air wrote 44 bytes to ecology
[dna] air wrote 59 bytes to ecology
[dna] air wrote 39 bytes to ecology
[dna] air wrote 136 bytes to ecology
[dna] air wrote 76 bytes to ecology
[dna] air wrote 26 bytes to ecology
[dna] air wrote 68 bytes to ecology
[dna] air wrote 48 bytes to ecology
[dna] air wrote 205 bytes to ecology
[dna] air wrote 121 bytes to ecology
[debug-onto] tick=350 corpus=144465 stage=2 freeze=0
[dna] air wrote 112 bytes to ecology
[dna] air wrote 114 bytes to ecology
[dna] air wrote 32 bytes to ecology
[dna] air wrote 34 bytes to ecology
[dna] air wrote 10 bytes to ecology
[dna] air wrote 21 bytes to ecology
[dna] air wrote 28 bytes to ecology
[dna] air wrote 61 bytes to ecology
[dna] air wrote 39 bytes to ecology
[dna] air wrote 73 bytes to ecology
[dna] air wrote 25 bytes to ecology
[dna] air wrote 43 bytes to ecology
[dna] air wrote 87 bytes to ecology
[dna] air wrote 30 bytes to ecology
[dna] air wrote 39 bytes to ecology
[dna] air wrote 78 bytes to ecology
[dna] air wrote 35 bytes to ecology
[debug-onto] tick=400 corpus=144465 stage=2 freeze=0
[dna] air wrote 54 bytes to ecology
[dna] air wrote 111 bytes to ecology
[dna] air wrote 64 bytes to ecology
[dna] air wrote 6 bytes to ecology
[dna] air wrote 13 bytes to ecology
[dna] air wrote 83 bytes to ecology
[dna] air wrote 58 bytes to ecology
[dna] air wrote 148 bytes to ecology
[dna] air wrote 34 bytes to ecology
[dna] air wrote 56 bytes to ecology
[dna] air wrote 37 bytes to ecology
[dna] air wrote 37 bytes to ecology
[dna] air wrote 54 bytes to ecology
[dna] air wrote 38 bytes to ecology
[dna] air wrote 101 bytes to ecology
[dna] air wrote 93 bytes to ecology
[debug-onto] tick=450 corpus=144465 stage=2 freeze=0
[dna] air wrote 68 bytes to ecology
[dna] air wrote 54 bytes to ecology
[dna] air wrote 19 bytes to ecology
[dna] air wrote 52 bytes to ecology
[dna] air wrote 86 bytes to ecology
[dna] air wrote 53 bytes to ecology
[dna] air wrote 10 bytes to ecology
[dna] air wrote 31 bytes to ecology
[dna] air wrote 39 bytes to ecology
[dna] air wrote 31 bytes to ecology
[dna] air wrote 61 bytes to ecology
[dna] air wrote 151 bytes to ecology
[dna] air wrote 60 bytes to ecology
[dna] air wrote 76 bytes to ecology
[dna] air wrote 55 bytes to ecology
[dna] air wrote 45 bytes to ecology
[dna] air wrote 10 bytes to ecology
[debug-onto] tick=500 corpus=144465 stage=2 freeze=0
[dna] air wrote 147 bytes to ecology
[dna] air wrote 25 bytes to ecology
[dna] air wrote 81 bytes to ecology
[dna] air wrote 164 bytes to ecology
[dna] air wrote 135 bytes to ecology
[dna] air wrote 128 bytes to ecology
[dna] air wrote 41 bytes to ecology
[dna] air wrote 71 bytes to ecology
[dna] air wrote 64 bytes to ecology
[dna] air wrote 9 bytes to ecology
[dna] air wrote 40 bytes to ecology
[dna] air wrote 108 bytes to ecology
[dna] air wrote 91 bytes to ecology
[dna] air wrote 69 bytes to ecology
[dna] air wrote 35 bytes to ecology
[dna] air wrote 49 bytes to ecology
[dna] air wrote 134 bytes to ecology
[debug-onto] tick=550 corpus=144465 stage=2 freeze=0
[dna] air wrote 64 bytes to ecology
[dna] air wrote 10 bytes to ecology
[dna] air wrote 95 bytes to ecology
[dna] air wrote 86 bytes to ecology
[dna] air wrote 62 bytes to ecology
[dna] air wrote 38 bytes to ecology
[dna] air wrote 106 bytes to ecology
[dna] air wrote 34 bytes to ecology
[dna] air wrote 95 bytes to ecology
[dna] air wrote 45 bytes to ecology
[dna] air wrote 123 bytes to ecology
[dna] air wrote 63 bytes to ecology
[dna] air wrote 9 bytes to ecology
[dna] air wrote 36 bytes to ecology
[dna] air wrote 40 bytes to ecology
[dna] air wrote 155 bytes to ecology
[debug-onto] tick=600 corpus=144465 stage=2 freeze=0
[dna] air wrote 79 bytes to ecology
[dna] air wrote 75 bytes to ecology
[dna] air wrote 10 bytes to ecology
[dna] air wrote 76 bytes to ecology
[dna] air wrote 60 bytes to ecology
[dna] air wrote 94 bytes to ecology
[dna] air wrote 121 bytes to ecology
[dna] air wrote 30 bytes to ecology
[dna] air wrote 34 bytes to ecology
[dna] air wrote 43 bytes to ecology
[dna] air wrote 47 bytes to ecology
[dna] air wrote 31 bytes to ecology
[dna] air wrote 79 bytes to ecology
[dna] air wrote 33 bytes to ecology
[dna] air wrote 29 bytes to ecology
[dna] air wrote 102 bytes to ecology
[dna] air wrote 28 bytes to ecology
[debug-onto] tick=650 corpus=144465 stage=2 freeze=0
[dna] air wrote 37 bytes to ecology
[dna] air wrote 88 bytes to ecology
[dna] air wrote 26 bytes to ecology
[dna] air wrote 47 bytes to ecology
[dna] air wrote 52 bytes to ecology
[dna] air wrote 26 bytes to ecology
[dna] air wrote 32 bytes to ecology
[dna] air wrote 221 bytes to ecology
[dna] air wrote 29 bytes to ecology
[dna] air wrote 85 bytes to ecology
[dna] air wrote 48 bytes to ecology
[dna] air wrote 34 bytes to ecology
[dna] air wrote 29 bytes to ecology
[dna] air wrote 75 bytes to ecology
[dna] air wrote 48 bytes to ecology
[dna] air wrote 146 bytes to ecology
[dna] air wrote 31 bytes to ecology
[debug-onto] tick=700 corpus=144465 stage=2 freeze=0
[dna] air wrote 115 bytes to ecology
[dna] air wrote 32 bytes to ecology
[dna] air wrote 36 bytes to ecology
[dna] air wrote 68 bytes to ecology
[dna] air wrote 32 bytes to ecology
[dna] air wrote 27 bytes to ecology
[dna] air wrote 85 bytes to ecology
[dna] air wrote 211 bytes to ecology
[dna] air wrote 63 bytes to ecology
[dna] air wrote 33 bytes to ecology
[dna] air wrote 50 bytes to ecology
[dna] air wrote 55 bytes to ecology
[dna] air wrote 225 bytes to ecology
[dna] air wrote 47 bytes to ecology
[dna] air wrote 9 bytes to ecology
[dna] air wrote 60 bytes to ecology
[debug-onto] tick=750 corpus=144465 stage=2 freeze=0
[dna] air wrote 87 bytes to ecology
[dna] air wrote 60 bytes to ecology
[dna] air wrote 43 bytes to ecology
[dna] air wrote 61 bytes to ecology
[dna] air wrote 62 bytes to ecology
[dna] air wrote 34 bytes to ecology
[dna] air wrote 52 bytes to ecology
[dna] air wrote 31 bytes to ecology
[dna] air wrote 9 bytes to ecology
[dna] air wrote 34 bytes to ecology
[dna] air wrote 84 bytes to ecology
[dna] air wrote 159 bytes to ecology
[dna] air wrote 73 bytes to ecology
[dna] air wrote 85 bytes to ecology
[dna] air wrote 53 bytes to ecology
[dna] air wrote 64 bytes to ecology
[dna] air wrote 79 bytes to ecology
[debug-onto] tick=800 corpus=144465 stage=2 freeze=0
[dna] air wrote 88 bytes to ecology
[dna] air wrote 54 bytes to ecology
[dna] air wrote 54 bytes to ecology
[dna] air wrote 5 bytes to ecology
[dna] air wrote 57 bytes to ecology
[dna] air wrote 84 bytes to ecology
[dna] air wrote 10 bytes to ecology
[dna] air wrote 31 bytes to ecology
[dna] air wrote 70 bytes to ecology
[dna] air wrote 78 bytes to ecology

[evolution] Organism shutting down gracefully.
