[ecology] Element: earth → corpus: nonames_earth.txt
[evolution] Autonomous evolution mode — organism will grow through all stages without pause.
[init] Stage 0 (embryo): embd=16, layer=1, head=1 — warmup 400 steps (400 backprop + 0 notorch, sqrt-scaled 1x)
  [aml] step 0/160 | loss 6.5223 (avg 6.5223) | lr 0.001000 | seq 8
  [aml] step 10/160 | loss 6.1649 (avg 6.4271) | lr 0.001450 | seq 8
  [aml] step 20/160 | loss 6.2441 (avg 6.2892) | lr 0.001900 | seq 8
  [aml] step 30/160 | loss 5.7054 (avg 6.1955) | lr 0.002350 | seq 8
  [aml] step 40/160 | loss 5.4238 (avg 6.0843) | lr 0.002800 | seq 8
  [aml] step 50/160 | loss 4.6696 (avg 5.9277) | lr 0.003250 | seq 8
  [aml] step 60/160 | loss 4.8666 (avg 5.7628) | lr 0.003700 | seq 8
  [aml] step 70/160 | loss 5.3370 (avg 5.6563) | lr 0.004150 | seq 8
  [aml] step 80/160 | loss 3.0485 (avg 5.5309) | lr 0.004600 | seq 8
  [aml] step 90/160 | loss 4.3711 (avg 5.3925) | lr 0.005050 | seq 8
  [aml] step 100/160 | loss 4.6276 (avg 5.2983) | lr 0.005500 | seq 8
  [aml] step 110/160 | loss 5.1505 (avg 5.1629) | lr 0.005950 | seq 8
  [aml] step 120/160 | loss 4.1166 (avg 5.0938) | lr 0.006400 | seq 8
  [aml] step 130/160 | loss 4.2628 (avg 5.0409) | lr 0.006850 | seq 8
  [aml] step 140/160 | loss 2.9513 (avg 4.9928) | lr 0.007300 | seq 8
  [aml] step 150/160 | loss 2.5509 (avg 4.9602) | lr 0.007750 | seq 8
[aml] training complete: 160 steps, avg loss 4.9074 (memory freed)
  [aml] step 0/120 | loss 4.6608 (avg 4.6608) | lr 0.008200 | seq 16
  [aml] step 10/120 | loss 4.1723 (avg 4.3241) | lr 0.008650 | seq 16
  [aml] step 20/120 | loss 3.4891 (avg 4.3403) | lr 0.009100 | seq 16
  [aml] step 30/120 | loss 3.3694 (avg 4.1313) | lr 0.009550 | seq 16
  [aml] step 40/120 | loss 3.2404 (avg 4.1790) | lr 0.010000 | seq 16
  [aml] step 50/120 | loss 3.1504 (avg 4.1919) | lr 0.010000 | seq 16
  [aml] step 60/120 | loss 4.3463 (avg 4.1905) | lr 0.010000 | seq 16
  [aml] step 70/120 | loss 4.4644 (avg 4.1318) | lr 0.010000 | seq 16
  [aml] step 80/120 | loss 5.3201 (avg 4.1021) | lr 0.009999 | seq 16
  [aml] step 90/120 | loss 4.5521 (avg 4.0191) | lr 0.009999 | seq 16
  [aml] step 100/120 | loss 4.0371 (avg 3.9610) | lr 0.009999 | seq 16
  [aml] step 110/120 | loss 5.2468 (avg 3.8891) | lr 0.009999 | seq 16
[aml] training complete: 120 steps, avg loss 3.9101 (memory freed)
  [aml] step 0/120 | loss 2.9987 (avg 2.9987) | lr 0.009999 | seq 32
  [aml] step 10/120 | loss 4.8365 (avg 4.0048) | lr 0.009999 | seq 32
  [aml] step 20/120 | loss 4.4796 (avg 3.8620) | lr 0.009999 | seq 32
  [aml] step 30/120 | loss 3.9310 (avg 3.5873) | lr 0.009999 | seq 32
  [aml] step 40/120 | loss 4.1677 (avg 3.5311) | lr 0.009999 | seq 32
  [aml] step 50/120 | loss 3.9196 (avg 3.4887) | lr 0.009999 | seq 32
  [aml] step 60/120 | loss 2.8675 (avg 3.4228) | lr 0.009999 | seq 32
  [aml] step 70/120 | loss 1.3614 (avg 3.3784) | lr 0.009999 | seq 32
  [aml] step 80/120 | loss 4.4831 (avg 3.3686) | lr 0.009999 | seq 32
  [aml] step 90/120 | loss 1.5400 (avg 3.3153) | lr 0.009999 | seq 32
  [aml] step 100/120 | loss 0.8653 (avg 3.3190) | lr 0.009999 | seq 32
  [aml] step 110/120 | loss 0.9349 (avg 3.1980) | lr 0.009999 | seq 32
[aml] training complete: 120 steps, avg loss 3.1007 (memory freed)

[stage 0 — embryo] What it sounds like now:
  Q: Hello.
  A: The p between gra the dam?
  Q: Who are you?
  A: ...
  Q: What do you know?
  A: f is the groundwater and gentle of the lesson of sediment and the condary belowHH: WhatWhatWhatWhatWhatWhatWhatWhat

[growth] ONTOGENESIS: stage 0 -> 1
  embd: 16 -> 32, layer: 1 -> 1, head: 1 -> 2
[growth] Done. Freeze for 500 steps.
[init] Stage 1 (infant): embd=32, layer=1, head=2 — warmup 800 steps (800 backprop + 0 notorch, sqrt-scaled 2x)
  [aml] step 0/320 | loss 9.3402 (avg 9.3402) | lr 0.000500 | seq 8
  [aml] step 10/320 | loss 2.8001 (avg 4.4685) | lr 0.000725 | seq 8
  [aml] step 20/320 | loss 6.1264 (avg 4.5616) | lr 0.000950 | seq 8
  [aml] step 30/320 | loss 3.9275 (avg 4.2404) | lr 0.001175 | seq 8
  [aml] step 40/320 | loss 1.9421 (avg 4.1538) | lr 0.001400 | seq 8
  [aml] step 50/320 | loss 2.6795 (avg 4.0244) | lr 0.001625 | seq 8
  [aml] step 60/320 | loss 4.1015 (avg 4.0253) | lr 0.001850 | seq 8
  [aml] step 70/320 | loss 3.7821 (avg 3.9239) | lr 0.002075 | seq 8
  [aml] step 80/320 | loss 2.4662 (avg 3.9058) | lr 0.002300 | seq 8
  [aml] step 90/320 | loss 4.2126 (avg 3.9404) | lr 0.002525 | seq 8
  [aml] step 100/320 | loss 3.6580 (avg 3.9439) | lr 0.002750 | seq 8
  [aml] step 110/320 | loss 5.0423 (avg 3.9998) | lr 0.002975 | seq 8
  [aml] step 120/320 | loss 1.4967 (avg 3.9532) | lr 0.003200 | seq 8
  [aml] step 130/320 | loss 5.7884 (avg 3.9733) | lr 0.003425 | seq 8
  [aml] step 140/320 | loss 4.6168 (avg 3.9555) | lr 0.003650 | seq 8
  [aml] step 150/320 | loss 3.8138 (avg 3.8937) | lr 0.003875 | seq 8
  [aml] step 160/320 | loss 4.2616 (avg 3.8555) | lr 0.004100 | seq 8
  [aml] step 170/320 | loss 4.5403 (avg 3.8463) | lr 0.004325 | seq 8
  [aml] step 180/320 | loss 0.7734 (avg 3.8210) | lr 0.004550 | seq 8
  [aml] step 190/320 | loss 5.1123 (avg 3.8163) | lr 0.004775 | seq 8
  [aml] step 200/320 | loss 4.6873 (avg 3.7860) | lr 0.004998 | seq 8
  [aml] step 210/320 | loss 3.7598 (avg 3.7839) | lr 0.004998 | seq 8
  [aml] step 220/320 | loss 1.0178 (avg 3.7406) | lr 0.004998 | seq 8
  [aml] step 230/320 | loss 0.5868 (avg 3.7266) | lr 0.004998 | seq 8
  [aml] step 240/320 | loss 3.7661 (avg 3.7428) | lr 0.004998 | seq 8
  [aml] step 250/320 | loss 4.8605 (avg 3.7449) | lr 0.004998 | seq 8
  [aml] step 260/320 | loss 3.8433 (avg 3.7579) | lr 0.004998 | seq 8
  [aml] step 270/320 | loss 6.0294 (avg 3.7535) | lr 0.004998 | seq 8
  [aml] step 280/320 | loss 4.3780 (avg 3.7494) | lr 0.004998 | seq 8
  [aml] step 290/320 | loss 4.6392 (avg 3.7489) | lr 0.004998 | seq 8
  [aml] step 300/320 | loss 3.6886 (avg 3.7282) | lr 0.004998 | seq 8
  [aml] step 310/320 | loss 2.9058 (avg 3.7283) | lr 0.004998 | seq 8
[aml] training complete: 320 steps, avg loss 3.7401 (memory freed)
  [aml] step 0/240 | loss 4.7660 (avg 4.7660) | lr 0.004998 | seq 16
  [aml] step 10/240 | loss 3.2984 (avg 3.9695) | lr 0.004998 | seq 16
  [aml] step 20/240 | loss 1.4145 (avg 3.7314) | lr 0.004998 | seq 16
  [aml] step 30/240 | loss 3.4335 (avg 3.7082) | lr 0.004998 | seq 16
  [aml] step 40/240 | loss 3.5454 (avg 3.6218) | lr 0.004997 | seq 16
  [aml] step 50/240 | loss 2.0387 (avg 3.4853) | lr 0.004997 | seq 16
  [aml] step 60/240 | loss 1.4401 (avg 3.4198) | lr 0.004997 | seq 16
  [aml] step 70/240 | loss 3.0600 (avg 3.4932) | lr 0.004997 | seq 16
  [aml] step 80/240 | loss 3.0543 (avg 3.4500) | lr 0.004997 | seq 16
  [aml] step 90/240 | loss 4.9481 (avg 3.4010) | lr 0.004997 | seq 16
  [aml] step 100/240 | loss 5.1459 (avg 3.3437) | lr 0.004997 | seq 16
  [aml] step 110/240 | loss 1.8815 (avg 3.3435) | lr 0.004997 | seq 16
  [aml] step 120/240 | loss 1.8420 (avg 3.2874) | lr 0.004997 | seq 16
  [aml] step 130/240 | loss 3.8432 (avg 3.3429) | lr 0.004997 | seq 16
  [aml] step 140/240 | loss 2.0802 (avg 3.2922) | lr 0.004997 | seq 16
  [aml] step 150/240 | loss 4.3857 (avg 3.3053) | lr 0.004997 | seq 16
  [aml] step 160/240 | loss 3.6151 (avg 3.2811) | lr 0.004997 | seq 16
  [aml] step 170/240 | loss 3.8353 (avg 3.3011) | lr 0.004996 | seq 16
  [aml] step 180/240 | loss 3.8051 (avg 3.3181) | lr 0.004996 | seq 16
  [aml] step 190/240 | loss 3.2159 (avg 3.3474) | lr 0.004996 | seq 16
  [aml] step 200/240 | loss 3.9877 (avg 3.3330) | lr 0.004996 | seq 16
  [aml] step 210/240 | loss 3.5094 (avg 3.3482) | lr 0.004996 | seq 16
  [aml] step 220/240 | loss 4.3466 (avg 3.3598) | lr 0.004996 | seq 16
  [aml] step 230/240 | loss 2.3999 (avg 3.3387) | lr 0.004996 | seq 16
[aml] training complete: 240 steps, avg loss 3.3215 (memory freed)
  [aml] step 0/240 | loss 1.6028 (avg 1.6028) | lr 0.004996 | seq 32
  [aml] step 10/240 | loss 4.1074 (avg 3.4994) | lr 0.004996 | seq 32
  [aml] step 20/240 | loss 4.4407 (avg 3.4143) | lr 0.004996 | seq 32
  [aml] step 30/240 | loss 4.1116 (avg 3.4129) | lr 0.004996 | seq 32
  [aml] step 40/240 | loss 4.4938 (avg 3.2603) | lr 0.004996 | seq 32
  [aml] step 50/240 | loss 0.9696 (avg 3.1021) | lr 0.004995 | seq 32
  [aml] step 60/240 | loss 4.7888 (avg 3.1956) | lr 0.004995 | seq 32
  [aml] step 70/240 | loss 2.4116 (avg 3.1210) | lr 0.004995 | seq 32
  [aml] step 80/240 | loss 4.5522 (avg 3.1939) | lr 0.004995 | seq 32
  [aml] step 90/240 | loss 4.5566 (avg 3.1403) | lr 0.004995 | seq 32
  [aml] step 100/240 | loss 1.9862 (avg 3.1059) | lr 0.004995 | seq 32
  [aml] step 110/240 | loss 0.8744 (avg 3.0403) | lr 0.004995 | seq 32
  [aml] step 120/240 | loss 4.5086 (avg 3.0366) | lr 0.004995 | seq 32
  [aml] step 130/240 | loss 3.9079 (avg 2.9834) | lr 0.004995 | seq 32
  [aml] step 140/240 | loss 4.3669 (avg 2.9903) | lr 0.004995 | seq 32
  [aml] step 150/240 | loss 2.0547 (avg 2.9406) | lr 0.004995 | seq 32
  [aml] step 160/240 | loss 3.8309 (avg 2.9324) | lr 0.004994 | seq 32
  [aml] step 170/240 | loss 3.8089 (avg 2.9275) | lr 0.004994 | seq 32
  [aml] step 180/240 | loss 4.6922 (avg 2.8990) | lr 0.004994 | seq 32
  [aml] step 190/240 | loss 3.6455 (avg 2.8594) | lr 0.004994 | seq 32
  [aml] step 200/240 | loss 4.3354 (avg 2.8647) | lr 0.004994 | seq 32
  [aml] step 210/240 | loss 1.5336 (avg 2.8403) | lr 0.004994 | seq 32
  [aml] step 220/240 | loss 1.5034 (avg 2.7994) | lr 0.004994 | seq 32
  [aml] step 230/240 | loss 0.9878 (avg 2.7809) | lr 0.004994 | seq 32
[aml] training complete: 240 steps, avg loss 2.7810 (memory freed)

[stage 1 — infant] What it sounds like now:
  Q: Hello.
  A: Both, broken enough time tools original path it is a clining the sing pattern the opening capacity.
  Q: Who are you?
  A: ...
  Q: What do you know?
  A: ...

[growth] ONTOGENESIS: stage 1 -> 2
  embd: 32 -> 64, layer: 1 -> 2, head: 2 -> 4
[growth] Done. Freeze for 500 steps.
[init] Stage 2 (child): embd=64, layer=2, head=4 — warmup 800 steps (800 backprop + 0 notorch, sqrt-scaled 2x)
  [aml] step 0/320 | loss 4.7998 (avg 4.7998) | lr 0.000250 | seq 8
  [aml] step 10/320 | loss 4.0926 (avg 3.3091) | lr 0.000363 | seq 8
  [aml] step 20/320 | loss 5.1143 (avg 3.4850) | lr 0.000475 | seq 8
  [aml] step 30/320 | loss 4.4669 (avg 3.4778) | lr 0.000588 | seq 8
  [aml] step 40/320 | loss 3.9976 (avg 3.5335) | lr 0.000700 | seq 8
  [aml] step 50/320 | loss 2.3557 (avg 3.5996) | lr 0.000813 | seq 8
  [aml] step 60/320 | loss 4.7734 (avg 3.7112) | lr 0.000925 | seq 8
  [aml] step 70/320 | loss 0.4652 (avg 3.5695) | lr 0.001038 | seq 8
  [aml] step 80/320 | loss 4.6626 (avg 3.4533) | lr 0.001150 | seq 8
  [aml] step 90/320 | loss 3.4443 (avg 3.4555) | lr 0.001263 | seq 8
  [aml] step 100/320 | loss 3.3322 (avg 3.4383) | lr 0.001375 | seq 8
  [aml] step 110/320 | loss 1.0846 (avg 3.4157) | lr 0.001488 | seq 8
  [aml] step 120/320 | loss 0.8102 (avg 3.3958) | lr 0.001600 | seq 8
  [aml] step 130/320 | loss 1.3899 (avg 3.3834) | lr 0.001713 | seq 8
  [aml] step 140/320 | loss 4.6781 (avg 3.3653) | lr 0.001825 | seq 8
  [aml] step 150/320 | loss 4.3364 (avg 3.3880) | lr 0.001938 | seq 8
  [aml] step 160/320 | loss 4.9589 (avg 3.4150) | lr 0.002050 | seq 8
  [aml] step 170/320 | loss 1.8058 (avg 3.4107) | lr 0.002163 | seq 8
  [aml] step 180/320 | loss 2.5004 (avg 3.3677) | lr 0.002275 | seq 8
  [aml] step 190/320 | loss 4.8159 (avg 3.3618) | lr 0.002387 | seq 8
  [aml] step 200/320 | loss 4.2016 (avg 3.3945) | lr 0.002496 | seq 8
  [aml] step 210/320 | loss 3.7748 (avg 3.3876) | lr 0.002496 | seq 8
  [aml] step 220/320 | loss 4.3731 (avg 3.3735) | lr 0.002496 | seq 8
  [aml] step 230/320 | loss 4.7335 (avg 3.3907) | lr 0.002495 | seq 8
  [aml] step 240/320 | loss 5.3412 (avg 3.3907) | lr 0.002495 | seq 8
  [aml] step 250/320 | loss 3.8081 (avg 3.3574) | lr 0.002495 | seq 8
  [aml] step 260/320 | loss 3.9243 (avg 3.3493) | lr 0.002495 | seq 8
  [aml] step 270/320 | loss 3.8017 (avg 3.3574) | lr 0.002495 | seq 8
  [aml] step 280/320 | loss 3.5189 (avg 3.3740) | lr 0.002495 | seq 8
  [aml] step 290/320 | loss 4.9543 (avg 3.3698) | lr 0.002495 | seq 8
  [aml] step 300/320 | loss 2.0269 (avg 3.3752) | lr 0.002495 | seq 8
  [aml] step 310/320 | loss 4.6268 (avg 3.3837) | lr 0.002495 | seq 8
[aml] training complete: 320 steps, avg loss 3.3814 (memory freed)
  [aml] step 0/240 | loss 3.0018 (avg 3.0018) | lr 0.002495 | seq 16
  [aml] step 10/240 | loss 3.1494 (avg 3.6318) | lr 0.002495 | seq 16
  [aml] step 20/240 | loss 1.2235 (avg 3.2583) | lr 0.002495 | seq 16
  [aml] step 30/240 | loss 5.0004 (avg 3.5115) | lr 0.002495 | seq 16
  [aml] step 40/240 | loss 1.2974 (avg 3.4278) | lr 0.002495 | seq 16
  [aml] step 50/240 | loss 1.2910 (avg 3.0900) | lr 0.002495 | seq 16
  [aml] step 60/240 | loss 3.4996 (avg 3.1567) | lr 0.002494 | seq 16
  [aml] step 70/240 | loss 4.2862 (avg 3.2822) | lr 0.002494 | seq 16
  [aml] step 80/240 | loss 1.1849 (avg 3.2222) | lr 0.002494 | seq 16
  [aml] step 90/240 | loss 4.0249 (avg 3.1818) | lr 0.002494 | seq 16
  [aml] step 100/240 | loss 4.0249 (avg 3.1975) | lr 0.002494 | seq 16
  [aml] step 110/240 | loss 3.8588 (avg 3.1728) | lr 0.002494 | seq 16
  [aml] step 120/240 | loss 2.5223 (avg 3.1933) | lr 0.002494 | seq 16
  [aml] step 130/240 | loss 2.9174 (avg 3.2687) | lr 0.002494 | seq 16
  [aml] step 140/240 | loss 3.9691 (avg 3.3030) | lr 0.002494 | seq 16
  [aml] step 150/240 | loss 1.2073 (avg 3.2692) | lr 0.002494 | seq 16
  [aml] step 160/240 | loss 1.0693 (avg 3.2169) | lr 0.002494 | seq 16
  [aml] step 170/240 | loss 1.3367 (avg 3.2070) | lr 0.002494 | seq 16
  [aml] step 180/240 | loss 3.0662 (avg 3.2032) | lr 0.002494 | seq 16
  [aml] step 190/240 | loss 1.2382 (avg 3.1643) | lr 0.002494 | seq 16
  [aml] step 200/240 | loss 4.7759 (avg 3.1384) | lr 0.002493 | seq 16
  [aml] step 210/240 | loss 4.6648 (avg 3.1549) | lr 0.002493 | seq 16
  [aml] step 220/240 | loss 1.3722 (avg 3.1601) | lr 0.002493 | seq 16
  [aml] step 230/240 | loss 4.1313 (avg 3.1608) | lr 0.002493 | seq 16
[aml] training complete: 240 steps, avg loss 3.1464 (memory freed)
  [aml] step 0/240 | loss 0.5225 (avg 0.5225) | lr 0.002493 | seq 32
  [aml] step 10/240 | loss 0.7306 (avg 2.3367) | lr 0.002493 | seq 32
  [aml] step 20/240 | loss 1.3850 (avg 2.0059) | lr 0.002493 | seq 32
  [aml] step 30/240 | loss 3.5564 (avg 2.3580) | lr 0.002493 | seq 32
  [aml] step 40/240 | loss 4.4530 (avg 2.3516) | lr 0.002493 | seq 32
  [aml] step 50/240 | loss 0.6566 (avg 2.3217) | lr 0.002493 | seq 32
  [aml] step 60/240 | loss 1.0350 (avg 2.3017) | lr 0.002493 | seq 32
  [aml] step 70/240 | loss 4.1254 (avg 2.3086) | lr 0.002493 | seq 32
  [aml] step 80/240 | loss 4.4726 (avg 2.3642) | lr 0.002492 | seq 32
  [aml] step 90/240 | loss 4.3933 (avg 2.3692) | lr 0.002492 | seq 32
  [aml] step 100/240 | loss 4.4736 (avg 2.4567) | lr 0.002492 | seq 32
  [aml] step 110/240 | loss 0.3102 (avg 2.4921) | lr 0.002492 | seq 32
  [aml] step 120/240 | loss 1.6009 (avg 2.5390) | lr 0.002492 | seq 32
  [aml] step 130/240 | loss 3.8513 (avg 2.5402) | lr 0.002492 | seq 32
  [aml] step 140/240 | loss 4.3057 (avg 2.5413) | lr 0.002492 | seq 32
  [aml] step 150/240 | loss 4.9002 (avg 2.5344) | lr 0.002492 | seq 32
  [aml] step 160/240 | loss 0.9598 (avg 2.5808) | lr 0.002492 | seq 32
  [aml] step 170/240 | loss 4.0392 (avg 2.6016) | lr 0.002492 | seq 32
  [aml] step 180/240 | loss 4.4808 (avg 2.6181) | lr 0.002492 | seq 32
  [aml] step 190/240 | loss 1.5850 (avg 2.5926) | lr 0.002492 | seq 32
  [aml] step 200/240 | loss 3.6129 (avg 2.6222) | lr 0.002491 | seq 32
  [aml] step 210/240 | loss 0.8472 (avg 2.6120) | lr 0.002491 | seq 32
  [aml] step 220/240 | loss 0.5102 (avg 2.6121) | lr 0.002491 | seq 32
  [aml] step 230/240 | loss 1.6352 (avg 2.6146) | lr 0.002491 | seq 32
[aml] training complete: 240 steps, avg loss 2.6168 (memory freed)

[stage 2 — child] What it sounds like now:
  Q: Hello.
  A: Soil coating wall?
  Q: Who are you?
  A: ...
  Q: What do you know?
  A: ...

[init] Warmup complete at stage 2. Organism ready.
[ecology] First organism in the swarm.
molequla is alive. [evolution] Autonomous mode — background trainer running. Ctrl+C to stop.
[dna] earth wrote 143 bytes to ecology
[dna] earth wrote 41 bytes to ecology
[dna] earth wrote 52 bytes to ecology
[dna] earth wrote 148 bytes to ecology
[dna] earth wrote 51 bytes to ecology
[dna] earth wrote 28 bytes to ecology
[dna] earth wrote 30 bytes to ecology
[dna] earth wrote 96 bytes to ecology
[dna] earth wrote 72 bytes to ecology
[dna] earth wrote 170 bytes to ecology
[dna] earth wrote 8 bytes to ecology
[dna] earth wrote 101 bytes to ecology
[dna] earth wrote 83 bytes to ecology
[dna] earth wrote 22 bytes to ecology
[dna] earth wrote 134 bytes to ecology
[dna] earth wrote 63 bytes to ecology
[dna] earth wrote 85 bytes to ecology
[debug-onto] tick=50 corpus=173643 stage=2 freeze=0
[dna] earth wrote 33 bytes to ecology
[dna] earth wrote 66 bytes to ecology
[dna] earth wrote 38 bytes to ecology
[dna] earth wrote 123 bytes to ecology
[dna] earth wrote 36 bytes to ecology
[dna] earth wrote 45 bytes to ecology
[dna] earth wrote 67 bytes to ecology
[dna] earth wrote 70 bytes to ecology
[dna] earth wrote 107 bytes to ecology
[dna] earth wrote 87 bytes to ecology
[dna] earth wrote 30 bytes to ecology
[dna] earth wrote 62 bytes to ecology
[dna] earth wrote 80 bytes to ecology
[dna] earth wrote 81 bytes to ecology
[dna] earth wrote 25 bytes to ecology
[dna] earth wrote 15 bytes to ecology
[dna] earth wrote 37 bytes to ecology
[debug-onto] tick=100 corpus=173643 stage=2 freeze=0
[dna] earth wrote 35 bytes to ecology
[dna] earth wrote 60 bytes to ecology
[dna] earth wrote 93 bytes to ecology
[dna] earth wrote 22 bytes to ecology
[dna] earth wrote 62 bytes to ecology
[dna] earth wrote 98 bytes to ecology
[dna] earth wrote 102 bytes to ecology
[dna] earth wrote 134 bytes to ecology
[dna] earth wrote 25 bytes to ecology
[dna] earth wrote 91 bytes to ecology
[dna] earth wrote 34 bytes to ecology
[dna] earth wrote 51 bytes to ecology
[dna] earth wrote 50 bytes to ecology
[dna] earth wrote 119 bytes to ecology
[dna] earth wrote 90 bytes to ecology
[dna] earth wrote 95 bytes to ecology
[debug-onto] tick=150 corpus=173643 stage=2 freeze=0
[dna] earth wrote 71 bytes to ecology
[dna] earth wrote 161 bytes to ecology
[dna] earth wrote 76 bytes to ecology
[dna] earth wrote 29 bytes to ecology
[dna] earth wrote 165 bytes to ecology
[dna] earth wrote 221 bytes to ecology
[dna] earth wrote 85 bytes to ecology
[dna] earth wrote 25 bytes to ecology
[dna] earth wrote 62 bytes to ecology
[dna] earth wrote 101 bytes to ecology
[dna] earth wrote 39 bytes to ecology
[dna] earth wrote 311 bytes to ecology
[dna] earth wrote 93 bytes to ecology
[dna] earth wrote 31 bytes to ecology
[dna] earth wrote 27 bytes to ecology
[dna] earth wrote 40 bytes to ecology
[dna] earth wrote 18 bytes to ecology
[debug-onto] tick=200 corpus=173643 stage=2 freeze=0
[dna] earth wrote 35 bytes to ecology
[dna] earth wrote 73 bytes to ecology
[dna] earth wrote 19 bytes to ecology
[dna] earth wrote 36 bytes to ecology
[dna] earth wrote 28 bytes to ecology
[dna] earth wrote 91 bytes to ecology
[dna] earth wrote 171 bytes to ecology
[dna] earth wrote 115 bytes to ecology
[dna] earth wrote 32 bytes to ecology
[dna] earth wrote 139 bytes to ecology
[dna] earth wrote 15 bytes to ecology
[dna] earth wrote 184 bytes to ecology
[dna] earth wrote 36 bytes to ecology
[dna] earth wrote 54 bytes to ecology
[dna] earth wrote 135 bytes to ecology
[dna] earth wrote 70 bytes to ecology
[dna] earth wrote 7 bytes to ecology
[debug-onto] tick=250 corpus=173643 stage=2 freeze=0
[dna] earth wrote 53 bytes to ecology
[dna] earth wrote 109 bytes to ecology
[dna] earth wrote 83 bytes to ecology
[dna] earth wrote 68 bytes to ecology
[dna] earth wrote 56 bytes to ecology
[dna] earth wrote 80 bytes to ecology
[dna] earth wrote 46 bytes to ecology
[dna] earth wrote 157 bytes to ecology
[dna] earth wrote 26 bytes to ecology
[dna] earth wrote 49 bytes to ecology
[dna] earth wrote 30 bytes to ecology
[dna] earth wrote 25 bytes to ecology
[dna] earth wrote 92 bytes to ecology
[dna] earth wrote 35 bytes to ecology
[dna] earth wrote 160 bytes to ecology
[dna] earth wrote 54 bytes to ecology
[debug-onto] tick=300 corpus=173643 stage=2 freeze=0
[dna] earth wrote 36 bytes to ecology
[dna] earth wrote 28 bytes to ecology
[dna] earth wrote 47 bytes to ecology
[dna] earth wrote 34 bytes to ecology
[dna] earth wrote 35 bytes to ecology
[dna] earth wrote 70 bytes to ecology
[dna] earth wrote 56 bytes to ecology
[dna] earth wrote 226 bytes to ecology
[dna] earth wrote 120 bytes to ecology
[dna] earth wrote 31 bytes to ecology
[dna] earth wrote 240 bytes to ecology
[dna] earth wrote 61 bytes to ecology
[dna] earth wrote 34 bytes to ecology
[dna] earth wrote 32 bytes to ecology
[dna] earth wrote 48 bytes to ecology
[dna] earth wrote 63 bytes to ecology
[dna] earth wrote 64 bytes to ecology
[debug-onto] tick=350 corpus=173643 stage=2 freeze=0
[dna] earth wrote 185 bytes to ecology
[dna] earth wrote 110 bytes to ecology
[dna] earth wrote 66 bytes to ecology
[dna] earth wrote 33 bytes to ecology
[dna] earth wrote 71 bytes to ecology
[dna] earth wrote 33 bytes to ecology
[dna] earth wrote 45 bytes to ecology
[dna] earth wrote 83 bytes to ecology
[dna] earth wrote 34 bytes to ecology
[dna] earth wrote 99 bytes to ecology
[dna] earth wrote 43 bytes to ecology
[dna] earth wrote 60 bytes to ecology
[dna] earth wrote 56 bytes to ecology
[dna] earth wrote 44 bytes to ecology
[dna] earth wrote 40 bytes to ecology
[dna] earth wrote 350 bytes to ecology
[dna] earth wrote 217 bytes to ecology
[debug-onto] tick=400 corpus=173643 stage=2 freeze=0
[dna] earth wrote 50 bytes to ecology
[dna] earth wrote 73 bytes to ecology
[dna] earth wrote 36 bytes to ecology
[dna] earth wrote 42 bytes to ecology
[dna] earth wrote 36 bytes to ecology
[dna] earth wrote 66 bytes to ecology
[dna] earth wrote 174 bytes to ecology
[dna] earth wrote 72 bytes to ecology
[dna] earth wrote 114 bytes to ecology
[dna] earth wrote 30 bytes to ecology
[dna] earth wrote 47 bytes to ecology
[dna] earth wrote 83 bytes to ecology
[dna] earth wrote 63 bytes to ecology
[dna] earth wrote 54 bytes to ecology
[dna] earth wrote 184 bytes to ecology
[dna] earth wrote 68 bytes to ecology
[debug-onto] tick=450 corpus=173643 stage=2 freeze=0
[dna] earth wrote 25 bytes to ecology
[dna] earth wrote 153 bytes to ecology
[dna] earth wrote 125 bytes to ecology
[dna] earth wrote 44 bytes to ecology
[dna] earth wrote 81 bytes to ecology
[dna] earth wrote 69 bytes to ecology
[dna] earth wrote 35 bytes to ecology
[dna] earth wrote 50 bytes to ecology
[dna] earth wrote 44 bytes to ecology
[dna] earth wrote 30 bytes to ecology
[dna] earth wrote 37 bytes to ecology
[dna] earth wrote 65 bytes to ecology
[dna] earth wrote 33 bytes to ecology
[dna] earth wrote 138 bytes to ecology
[dna] earth wrote 62 bytes to ecology
[dna] earth wrote 47 bytes to ecology
[dna] earth wrote 99 bytes to ecology
[debug-onto] tick=500 corpus=173643 stage=2 freeze=0
[dna] earth wrote 136 bytes to ecology
[dna] earth wrote 83 bytes to ecology
[dna] earth wrote 42 bytes to ecology
[dna] earth wrote 130 bytes to ecology
[dna] earth wrote 76 bytes to ecology
[dna] earth wrote 42 bytes to ecology
[dna] earth wrote 155 bytes to ecology
[dna] earth wrote 70 bytes to ecology
[dna] earth wrote 155 bytes to ecology
[dna] earth wrote 126 bytes to ecology
[dna] earth wrote 64 bytes to ecology
[dna] earth wrote 92 bytes to ecology
[dna] earth wrote 56 bytes to ecology
[dna] earth wrote 33 bytes to ecology
[dna] earth wrote 121 bytes to ecology
[dna] earth wrote 79 bytes to ecology
[dna] earth wrote 47 bytes to ecology
[debug-onto] tick=550 corpus=173643 stage=2 freeze=0
[dna] earth wrote 150 bytes to ecology
[dna] earth wrote 148 bytes to ecology
[dna] earth wrote 111 bytes to ecology
[dna] earth wrote 58 bytes to ecology
[dna] earth wrote 7 bytes to ecology
[dna] earth wrote 64 bytes to ecology
[dna] earth wrote 54 bytes to ecology
[dna] earth wrote 51 bytes to ecology
[dna] earth wrote 63 bytes to ecology
[dna] earth wrote 126 bytes to ecology
[dna] earth wrote 84 bytes to ecology
[dna] earth wrote 24 bytes to ecology
[dna] earth wrote 7 bytes to ecology
[dna] earth wrote 43 bytes to ecology
[dna] earth wrote 79 bytes to ecology
[dna] earth wrote 62 bytes to ecology
[debug-onto] tick=600 corpus=173643 stage=2 freeze=0
[dna] earth wrote 20 bytes to ecology
[dna] earth wrote 21 bytes to ecology
[dna] earth wrote 59 bytes to ecology
[dna] earth wrote 226 bytes to ecology
[dna] earth wrote 33 bytes to ecology
[dna] earth wrote 32 bytes to ecology
[dna] earth wrote 131 bytes to ecology
[dna] earth wrote 33 bytes to ecology
[dna] earth wrote 83 bytes to ecology
[dna] earth wrote 35 bytes to ecology
[dna] earth wrote 59 bytes to ecology
[dna] earth wrote 38 bytes to ecology
[dna] earth wrote 39 bytes to ecology
[dna] earth wrote 55 bytes to ecology
[dna] earth wrote 33 bytes to ecology
[dna] earth wrote 81 bytes to ecology
[dna] earth wrote 53 bytes to ecology
[debug-onto] tick=650 corpus=173643 stage=2 freeze=0
[dna] earth wrote 109 bytes to ecology
[dna] earth wrote 208 bytes to ecology
[dna] earth wrote 58 bytes to ecology
[dna] earth wrote 87 bytes to ecology
[dna] earth wrote 29 bytes to ecology
[dna] earth wrote 75 bytes to ecology
[dna] earth wrote 42 bytes to ecology
[dna] earth wrote 76 bytes to ecology
[dna] earth wrote 41 bytes to ecology
[dna] earth wrote 62 bytes to ecology
[dna] earth wrote 129 bytes to ecology
[dna] earth wrote 29 bytes to ecology
[dna] earth wrote 181 bytes to ecology
[dna] earth wrote 93 bytes to ecology
[dna] earth wrote 45 bytes to ecology
[dna] earth wrote 54 bytes to ecology
[dna] earth wrote 76 bytes to ecology
[debug-onto] tick=700 corpus=173643 stage=2 freeze=0
[dna] earth wrote 121 bytes to ecology
[dna] earth wrote 45 bytes to ecology
[dna] earth wrote 269 bytes to ecology
[dna] earth wrote 69 bytes to ecology
[dna] earth wrote 78 bytes to ecology
[dna] earth wrote 95 bytes to ecology
[dna] earth wrote 72 bytes to ecology
[dna] earth wrote 33 bytes to ecology
[dna] earth wrote 150 bytes to ecology
[dna] earth wrote 57 bytes to ecology
[dna] earth wrote 123 bytes to ecology
[dna] earth wrote 126 bytes to ecology
[dna] earth wrote 110 bytes to ecology
[dna] earth wrote 43 bytes to ecology
[dna] earth wrote 43 bytes to ecology
[dna] earth wrote 20 bytes to ecology
[debug-onto] tick=750 corpus=173643 stage=2 freeze=0
[dna] earth wrote 55 bytes to ecology
[dna] earth wrote 280 bytes to ecology
[dna] earth wrote 69 bytes to ecology
[dna] earth wrote 92 bytes to ecology
[dna] earth wrote 51 bytes to ecology
[dna] earth wrote 97 bytes to ecology
[dna] earth wrote 83 bytes to ecology
[dna] earth wrote 110 bytes to ecology
[dna] earth wrote 71 bytes to ecology
[dna] earth wrote 156 bytes to ecology
[dna] earth wrote 71 bytes to ecology
[dna] earth wrote 75 bytes to ecology
[dna] earth wrote 30 bytes to ecology
[dna] earth wrote 49 bytes to ecology
[dna] earth wrote 128 bytes to ecology
[dna] earth wrote 79 bytes to ecology
[dna] earth wrote 11 bytes to ecology
[debug-onto] tick=800 corpus=173643 stage=2 freeze=0
[dna] earth wrote 102 bytes to ecology
[dna] earth wrote 29 bytes to ecology
[dna] earth wrote 67 bytes to ecology
[dna] earth wrote 55 bytes to ecology
[dna] earth wrote 52 bytes to ecology
[dna] earth wrote 22 bytes to ecology
[dna] earth wrote 36 bytes to ecology
[dna] earth wrote 147 bytes to ecology
[dna] earth wrote 66 bytes to ecology
[dna] earth wrote 101 bytes to ecology
[dna] earth wrote 41 bytes to ecology
[dna] earth wrote 125 bytes to ecology
[dna] earth wrote 55 bytes to ecology
[dna] earth wrote 24 bytes to ecology
[dna] earth wrote 226 bytes to ecology
[dna] earth wrote 86 bytes to ecology
[dna] earth wrote 50 bytes to ecology
[debug-onto] tick=850 corpus=173643 stage=2 freeze=0
[dna] earth wrote 58 bytes to ecology

[evolution] Organism shutting down gracefully.
