[ecology] Element: fire → corpus: nonames_fire.txt
[evolution] Autonomous evolution mode — organism will grow through all stages without pause.
[ecology] Joined swarm. 1 peer(s) detected.
molequla is alive. [evolution] Autonomous mode — background trainer running. Ctrl+C to stop.
[dna] fire wrote 99 bytes to ecology
[dna] fire consumed 14822 bytes from 264 files: [water/gen_1777534116_1.txt water/gen_1777534130_4.txt water/gen_1777534136_7.txt water/gen_1777534143_10.txt water/gen_1777534150_13.txt water/gen_1777534156_16.txt water/gen_1777534163_19.txt water/gen_1777534170_22.txt water/gen_1777534176_25.txt water/gen_1777534183_28.txt water/gen_1777534190_31.txt water/gen_1777534196_34.txt water/gen_1777534203_37.txt water/gen_1777534209_40.txt water/gen_1777534216_43.txt water/gen_1777534222_46.txt water/gen_1777534229_49.txt water/gen_1777534235_52.txt water/gen_1777534242_55.txt water/gen_1777534248_58.txt water/gen_1777534255_61.txt water/gen_1777534262_64.txt water/gen_1777534268_67.txt water/gen_1777534275_70.txt water/gen_1777534282_73.txt water/gen_1777534288_76.txt water/gen_1777534295_79.txt water/gen_1777534301_82.txt water/gen_1777534308_85.txt water/gen_1777534315_88.txt water/gen_1777534321_91.txt water/gen_1777534328_94.txt water/gen_1777534335_97.txt water/gen_1777534341_100.txt water/gen_1777534348_103.txt water/gen_1777534355_106.txt water/gen_1777534361_109.txt water/gen_1777534368_112.txt water/gen_1777534375_115.txt water/gen_1777534381_118.txt water/gen_1777534388_121.txt water/gen_1777534395_124.txt water/gen_1777534401_127.txt water/gen_1777534408_130.txt water/gen_1777534414_133.txt water/gen_1777534421_136.txt water/gen_1777534428_139.txt water/gen_1777534434_142.txt water/gen_1777534441_145.txt water/gen_1777534448_148.txt water/gen_1777534455_151.txt water/gen_1777534461_154.txt water/gen_1777534468_157.txt water/gen_1777534475_160.txt water/gen_1777534482_163.txt water/gen_1777534489_166.txt water/gen_1777534496_169.txt water/gen_1777534503_172.txt water/gen_1777534510_175.txt water/gen_1777534517_178.txt water/gen_1777534524_181.txt water/gen_1777534530_184.txt water/gen_1777534544_190.txt water/gen_1777534551_193.txt water/gen_1777534558_196.txt water/gen_1777534565_199.txt water/gen_1777534572_202.txt water/gen_1777534579_205.txt water/gen_1777534586_208.txt water/gen_1777534593_211.txt water/gen_1777534600_214.txt water/gen_1777534607_217.txt water/gen_1777534614_220.txt water/gen_1777534621_223.txt water/gen_1777534628_226.txt water/gen_1777534634_229.txt water/gen_1777534641_232.txt water/gen_1777534648_235.txt water/gen_1777534655_238.txt water/gen_1777534662_241.txt water/gen_1777534668_244.txt water/gen_1777534675_247.txt water/gen_1777534682_250.txt water/gen_1777534689_253.txt water/gen_1777534696_256.txt water/gen_1777534703_259.txt water/gen_1777534710_262.txt water/gen_1777534717_265.txt water/gen_1777534723_268.txt water/gen_1777534730_271.txt water/gen_1777534737_274.txt water/gen_1777534744_277.txt water/gen_1777534751_280.txt water/gen_1777534757_283.txt water/gen_1777534764_286.txt water/gen_1777534771_289.txt water/gen_1777534778_292.txt water/gen_1777534785_295.txt water/gen_1777534792_298.txt water/gen_1777534799_301.txt water/gen_1777534806_304.txt water/gen_1777534813_307.txt water/gen_1777534820_310.txt water/gen_1777534826_313.txt water/gen_1777534833_316.txt water/gen_1777534840_319.txt water/gen_1777534847_322.txt water/gen_1777534853_325.txt water/gen_1777534860_328.txt water/gen_1777534867_331.txt water/gen_1777534874_334.txt water/gen_1777534880_337.txt water/gen_1777534887_340.txt water/gen_1777534894_343.txt water/gen_1777534901_346.txt water/gen_1777534907_349.txt water/gen_1777534914_352.txt water/gen_1777534921_355.txt water/gen_1777534928_358.txt water/gen_1777534934_361.txt water/gen_1777534941_364.txt water/gen_1777534948_367.txt water/gen_1777534954_370.txt water/gen_1777534961_373.txt water/gen_1777534968_376.txt water/gen_1777534974_379.txt water/gen_1777534981_382.txt water/gen_1777534988_385.txt water/gen_1777534995_388.txt water/gen_1777535002_391.txt water/gen_1777535009_394.txt water/gen_1777535016_397.txt water/gen_1777535023_400.txt water/gen_1777535030_403.txt water/gen_1777535037_406.txt water/gen_1777535044_409.txt water/gen_1777535051_412.txt water/gen_1777535058_415.txt water/gen_1777535065_418.txt water/gen_1777535072_421.txt water/gen_1777535079_424.txt water/gen_1777535087_427.txt water/gen_1777535094_430.txt water/gen_1777535101_433.txt water/gen_1777535108_436.txt water/gen_1777535115_439.txt water/gen_1777535122_442.txt water/gen_1777535129_445.txt water/gen_1777535136_448.txt water/gen_1777535143_451.txt water/gen_1777535151_454.txt water/gen_1777535158_457.txt water/gen_1777535165_460.txt water/gen_1777535172_463.txt water/gen_1777535179_466.txt water/gen_1777535186_469.txt water/gen_1777535193_472.txt water/gen_1777535200_475.txt water/gen_1777535207_478.txt water/gen_1777535214_481.txt water/gen_1777535221_484.txt water/gen_1777535228_487.txt water/gen_1777535235_490.txt water/gen_1777535241_493.txt water/gen_1777535248_496.txt water/gen_1777535255_499.txt water/gen_1777535261_502.txt water/gen_1777535268_505.txt water/gen_1777535274_508.txt water/gen_1777535281_511.txt water/gen_1777535288_514.txt water/gen_1777535294_517.txt water/gen_1777535301_520.txt water/gen_1777535307_523.txt water/gen_1777535314_526.txt water/gen_1777535321_529.txt water/gen_1777535328_532.txt water/gen_1777535334_535.txt water/gen_1777535341_538.txt water/gen_1777535348_541.txt water/gen_1777535354_544.txt water/gen_1777535361_547.txt water/gen_1777535367_550.txt water/gen_1777535374_553.txt water/gen_1777535381_556.txt water/gen_1777535388_559.txt water/gen_1777535394_562.txt water/gen_1777535401_565.txt water/gen_1777535408_568.txt water/gen_1777535414_571.txt water/gen_1777535421_574.txt water/gen_1777535428_577.txt water/gen_1777535434_580.txt water/gen_1777535441_583.txt water/gen_1777535448_586.txt water/gen_1777535454_589.txt water/gen_1777535461_592.txt water/gen_1777535468_595.txt water/gen_1777535474_598.txt water/gen_1777535481_601.txt water/gen_1777535488_604.txt water/gen_1777535495_607.txt water/gen_1777535502_610.txt water/gen_1777535509_613.txt water/gen_1777535516_616.txt water/gen_1777535523_619.txt water/gen_1777535530_622.txt water/gen_1777535536_625.txt water/gen_1777535543_628.txt water/gen_1777535550_631.txt water/gen_1777535556_634.txt water/gen_1777535563_637.txt water/gen_1777535570_640.txt water/gen_1777535577_643.txt water/gen_1777535583_646.txt water/gen_1777535590_649.txt water/gen_1777535597_652.txt water/gen_1777535604_655.txt water/gen_1777535610_658.txt water/gen_1777535617_661.txt water/gen_1777535624_664.txt water/gen_1777535631_667.txt water/gen_1777535638_670.txt water/gen_1777535645_673.txt water/gen_1777535651_676.txt water/gen_1777535658_679.txt water/gen_1777535665_682.txt water/gen_1777535672_685.txt water/gen_1777535678_688.txt water/gen_1777535685_691.txt water/gen_1777535692_694.txt water/gen_1777535698_697.txt water/gen_1777535705_700.txt water/gen_1777535712_703.txt water/gen_1777535718_706.txt water/gen_1777535725_709.txt water/gen_1777535732_712.txt water/gen_1777535738_715.txt water/gen_1777535745_718.txt water/gen_1777535751_721.txt water/gen_1777535758_724.txt water/gen_1777535765_727.txt water/gen_1777535772_730.txt water/gen_1777535778_733.txt water/gen_1777535785_736.txt water/gen_1777535792_739.txt water/gen_1777535799_742.txt water/gen_1777535806_745.txt water/gen_1777535812_748.txt water/gen_1777535819_751.txt water/gen_1777535826_754.txt water/gen_1777535832_757.txt water/gen_1777535839_760.txt water/gen_1777535846_763.txt water/gen_1777535853_766.txt water/gen_1777535859_769.txt water/gen_1777535866_772.txt water/gen_1777535873_775.txt water/gen_1777535879_778.txt water/gen_1777535886_781.txt water/gen_1777535893_784.txt water/gen_1777535899_787.txt water/gen_1777535906_790.txt water/gen_1777535913_793.txt]
[trainer] micro-train burst (14822 bytes, novelty 0.04) — and lo, it feeds again.
[syntropy] action=steady | trend=0.0000 | field_dev=0.132 | purpose_align=0.136 | lr_mul=1.00
[aml] burst complete: 32 steps, avg loss 1.6179 (memory freed)
[dna] fire wrote 81 bytes to ecology
[dna] fire wrote 94 bytes to ecology
[dna] fire wrote 56 bytes to ecology
[dna] fire wrote 110 bytes to ecology
[dna] fire wrote 97 bytes to ecology
[dna] fire wrote 30 bytes to ecology
[dna] fire wrote 69 bytes to ecology
[dna] fire wrote 61 bytes to ecology
[dna] fire wrote 81 bytes to ecology
[dna] fire wrote 40 bytes to ecology
[dna] fire wrote 29 bytes to ecology
[dna] fire wrote 86 bytes to ecology
[dna] fire wrote 30 bytes to ecology
[dna] fire wrote 57 bytes to ecology
[dna] fire wrote 21 bytes to ecology
[dna] fire wrote 29 bytes to ecology
[debug-onto] tick=50 corpus=136986 stage=2 freeze=0
[dna] fire wrote 74 bytes to ecology
[dna] fire wrote 39 bytes to ecology
[dna] fire wrote 12 bytes to ecology
[dna] fire wrote 39 bytes to ecology
[dna] fire wrote 30 bytes to ecology
[dna] fire wrote 59 bytes to ecology
[dna] fire wrote 112 bytes to ecology
[dna] fire wrote 23 bytes to ecology
[dna] fire wrote 38 bytes to ecology
[dna] fire wrote 26 bytes to ecology
[dna] fire wrote 26 bytes to ecology
[dna] fire wrote 120 bytes to ecology
[dna] fire wrote 65 bytes to ecology
[dna] fire wrote 23 bytes to ecology
[dna] fire wrote 48 bytes to ecology
[dna] fire wrote 66 bytes to ecology
[dna] fire wrote 41 bytes to ecology
[debug-onto] tick=100 corpus=136986 stage=2 freeze=0
[dna] fire wrote 54 bytes to ecology
[dna] fire wrote 41 bytes to ecology
[dna] fire wrote 38 bytes to ecology
[dna] fire wrote 45 bytes to ecology
[dna] fire wrote 48 bytes to ecology
[dna] fire wrote 40 bytes to ecology
[dna] fire wrote 12 bytes to ecology
[dna] fire wrote 12 bytes to ecology
[dna] fire wrote 120 bytes to ecology
[dna] fire wrote 52 bytes to ecology
[dna] fire wrote 33 bytes to ecology
[dna] fire wrote 27 bytes to ecology
[dna] fire wrote 53 bytes to ecology
[dna] fire wrote 38 bytes to ecology
[dna] fire wrote 41 bytes to ecology
[dna] fire wrote 44 bytes to ecology
[debug-onto] tick=150 corpus=136986 stage=2 freeze=0
[dna] fire wrote 66 bytes to ecology
[dna] fire wrote 65 bytes to ecology
[dna] fire wrote 93 bytes to ecology
[dna] fire wrote 51 bytes to ecology
[dna] fire wrote 113 bytes to ecology
[dna] fire wrote 56 bytes to ecology
[dna] fire wrote 82 bytes to ecology
[dna] fire wrote 139 bytes to ecology
[dna] fire wrote 39 bytes to ecology
[dna] fire wrote 149 bytes to ecology
[dna] fire wrote 64 bytes to ecology
[dna] fire wrote 30 bytes to ecology
[dna] fire wrote 40 bytes to ecology
[dna] fire wrote 108 bytes to ecology
[dna] fire wrote 103 bytes to ecology
[dna] fire wrote 58 bytes to ecology
[dna] fire wrote 67 bytes to ecology
[debug-onto] tick=200 corpus=136986 stage=2 freeze=0
[dna] fire wrote 51 bytes to ecology
[dna] fire wrote 36 bytes to ecology
[dna] fire wrote 72 bytes to ecology
[dna] fire wrote 66 bytes to ecology
[dna] fire wrote 21 bytes to ecology
[dna] fire wrote 100 bytes to ecology
[dna] fire wrote 36 bytes to ecology
[dna] fire wrote 60 bytes to ecology
[dna] fire wrote 59 bytes to ecology
[dna] fire wrote 303 bytes to ecology
[dna] fire wrote 31 bytes to ecology
[dna] fire wrote 124 bytes to ecology
[dna] fire wrote 46 bytes to ecology
[dna] fire wrote 59 bytes to ecology
[dna] fire wrote 60 bytes to ecology
[dna] fire wrote 110 bytes to ecology
[dna] fire wrote 44 bytes to ecology
[debug-onto] tick=250 corpus=136986 stage=2 freeze=0
[dna] fire wrote 76 bytes to ecology
[dna] fire wrote 63 bytes to ecology
[dna] fire wrote 43 bytes to ecology
[dna] fire wrote 42 bytes to ecology
[dna] fire wrote 37 bytes to ecology
[dna] fire wrote 42 bytes to ecology
[dna] fire wrote 26 bytes to ecology
[dna] fire wrote 14 bytes to ecology
[dna] fire wrote 49 bytes to ecology
[dna] fire wrote 30 bytes to ecology
[dna] fire wrote 32 bytes to ecology
[dna] fire wrote 20 bytes to ecology
[dna] fire wrote 57 bytes to ecology
[dna] fire wrote 51 bytes to ecology
[dna] fire wrote 34 bytes to ecology
[dna] fire wrote 32 bytes to ecology
[debug-onto] tick=300 corpus=136986 stage=2 freeze=0
[dna] fire wrote 16 bytes to ecology
[dna] fire wrote 44 bytes to ecology
[dna] fire wrote 71 bytes to ecology
[dna] fire wrote 50 bytes to ecology
[dna] fire wrote 48 bytes to ecology
[dna] fire wrote 29 bytes to ecology
[dna] fire wrote 26 bytes to ecology
[dna] fire wrote 73 bytes to ecology
[dna] fire wrote 34 bytes to ecology
[dna] fire wrote 30 bytes to ecology
[dna] fire wrote 32 bytes to ecology
[dna] fire wrote 30 bytes to ecology
[dna] fire wrote 55 bytes to ecology
[dna] fire wrote 46 bytes to ecology
[dna] fire wrote 58 bytes to ecology
[dna] fire wrote 57 bytes to ecology
[dna] fire wrote 52 bytes to ecology
[debug-onto] tick=350 corpus=136986 stage=2 freeze=0
[dna] fire wrote 41 bytes to ecology
[dna] fire wrote 22 bytes to ecology
[dna] fire wrote 53 bytes to ecology
[dna] fire wrote 62 bytes to ecology
[dna] fire wrote 49 bytes to ecology
[dna] fire wrote 24 bytes to ecology
[dna] fire wrote 94 bytes to ecology
[dna] fire wrote 35 bytes to ecology
[dna] fire wrote 72 bytes to ecology
[dna] fire wrote 18 bytes to ecology
[dna] fire wrote 51 bytes to ecology
[dna] fire wrote 64 bytes to ecology
[dna] fire wrote 28 bytes to ecology
[dna] fire wrote 31 bytes to ecology
[dna] fire wrote 24 bytes to ecology
[dna] fire wrote 154 bytes to ecology
[dna] fire wrote 12 bytes to ecology
[debug-onto] tick=400 corpus=136986 stage=2 freeze=0
[dna] fire wrote 35 bytes to ecology
[dna] fire wrote 152 bytes to ecology
[dna] fire wrote 15 bytes to ecology
[dna] fire wrote 26 bytes to ecology
[dna] fire wrote 14 bytes to ecology
[dna] fire wrote 85 bytes to ecology
[dna] fire wrote 48 bytes to ecology
[dna] fire wrote 51 bytes to ecology
[dna] fire wrote 170 bytes to ecology
[dna] fire wrote 98 bytes to ecology
[dna] fire wrote 53 bytes to ecology
[dna] fire wrote 67 bytes to ecology
[dna] fire wrote 45 bytes to ecology
[dna] fire wrote 28 bytes to ecology
[dna] fire wrote 5 bytes to ecology
[dna] fire wrote 8 bytes to ecology
[debug-onto] tick=450 corpus=136986 stage=2 freeze=0
[dna] fire wrote 8 bytes to ecology
[dna] fire wrote 36 bytes to ecology
[dna] fire wrote 31 bytes to ecology
[dna] fire wrote 76 bytes to ecology
[dna] fire wrote 46 bytes to ecology
[dna] fire wrote 26 bytes to ecology
[dna] fire wrote 28 bytes to ecology
[dna] fire wrote 57 bytes to ecology
[dna] fire wrote 31 bytes to ecology
[dna] fire wrote 53 bytes to ecology
[dna] fire wrote 50 bytes to ecology
[dna] fire wrote 9 bytes to ecology
[dna] fire wrote 59 bytes to ecology
[dna] fire wrote 24 bytes to ecology
[dna] fire wrote 124 bytes to ecology
[dna] fire wrote 47 bytes to ecology
[dna] fire wrote 86 bytes to ecology
[debug-onto] tick=500 corpus=136986 stage=2 freeze=0
[dna] fire wrote 50 bytes to ecology
[dna] fire wrote 64 bytes to ecology
[dna] fire wrote 89 bytes to ecology
[dna] fire wrote 36 bytes to ecology
[dna] fire wrote 22 bytes to ecology
[dna] fire wrote 39 bytes to ecology
[dna] fire wrote 51 bytes to ecology
[dna] fire wrote 108 bytes to ecology
[dna] fire wrote 82 bytes to ecology
[dna] fire wrote 57 bytes to ecology
[dna] fire wrote 26 bytes to ecology
[dna] fire wrote 53 bytes to ecology
[dna] fire wrote 13 bytes to ecology
[dna] fire wrote 71 bytes to ecology
[dna] fire wrote 47 bytes to ecology
[dna] fire wrote 92 bytes to ecology
[dna] fire wrote 57 bytes to ecology
[debug-onto] tick=550 corpus=136986 stage=2 freeze=0
[dna] fire wrote 63 bytes to ecology
[dna] fire wrote 23 bytes to ecology
[dna] fire wrote 134 bytes to ecology
[dna] fire wrote 37 bytes to ecology
[dna] fire wrote 29 bytes to ecology
[dna] fire wrote 76 bytes to ecology
[dna] fire wrote 31 bytes to ecology
[dna] fire wrote 28 bytes to ecology
[dna] fire wrote 275 bytes to ecology
[dna] fire wrote 148 bytes to ecology
[dna] fire wrote 44 bytes to ecology
[dna] fire wrote 63 bytes to ecology
[dna] fire wrote 56 bytes to ecology
[dna] fire wrote 38 bytes to ecology
[dna] fire wrote 35 bytes to ecology
[dna] fire wrote 45 bytes to ecology
[debug-onto] tick=600 corpus=136986 stage=2 freeze=0
[dna] fire wrote 60 bytes to ecology
[dna] fire wrote 46 bytes to ecology
[dna] fire wrote 17 bytes to ecology
[dna] fire wrote 105 bytes to ecology
[dna] fire wrote 46 bytes to ecology
[dna] fire wrote 15 bytes to ecology
[dna] fire wrote 58 bytes to ecology
[dna] fire wrote 66 bytes to ecology
[dna] fire wrote 33 bytes to ecology
[dna] fire wrote 15 bytes to ecology
[dna] fire wrote 53 bytes to ecology
[dna] fire wrote 130 bytes to ecology
[dna] fire wrote 107 bytes to ecology
[dna] fire wrote 82 bytes to ecology
[dna] fire wrote 82 bytes to ecology
[dna] fire wrote 55 bytes to ecology
[dna] fire wrote 57 bytes to ecology
[debug-onto] tick=650 corpus=136986 stage=2 freeze=0
[dna] fire wrote 47 bytes to ecology
[dna] fire wrote 21 bytes to ecology
[dna] fire wrote 97 bytes to ecology
[dna] fire wrote 60 bytes to ecology
[dna] fire wrote 11 bytes to ecology
[dna] fire wrote 53 bytes to ecology
[dna] fire wrote 82 bytes to ecology
[dna] fire wrote 31 bytes to ecology
[dna] fire wrote 111 bytes to ecology
[dna] fire wrote 43 bytes to ecology
[dna] fire wrote 116 bytes to ecology
[dna] fire wrote 97 bytes to ecology
[dna] fire wrote 82 bytes to ecology
[dna] fire wrote 19 bytes to ecology
[dna] fire wrote 25 bytes to ecology
[dna] fire wrote 100 bytes to ecology
[dna] fire wrote 38 bytes to ecology
[debug-onto] tick=700 corpus=136986 stage=2 freeze=0
[dna] fire wrote 132 bytes to ecology
[dna] fire wrote 25 bytes to ecology
[dna] fire wrote 28 bytes to ecology
[dna] fire wrote 45 bytes to ecology
[dna] fire wrote 48 bytes to ecology
[dna] fire wrote 76 bytes to ecology
[dna] fire wrote 36 bytes to ecology
[dna] fire wrote 154 bytes to ecology
[dna] fire wrote 19 bytes to ecology
[dna] fire wrote 60 bytes to ecology
[dna] fire wrote 10 bytes to ecology
[dna] fire wrote 15 bytes to ecology
[dna] fire wrote 31 bytes to ecology
[dna] fire wrote 48 bytes to ecology
[dna] fire wrote 60 bytes to ecology
[dna] fire wrote 61 bytes to ecology
[debug-onto] tick=750 corpus=136986 stage=2 freeze=0
[dna] fire wrote 53 bytes to ecology
[dna] fire wrote 48 bytes to ecology
[dna] fire wrote 68 bytes to ecology
[dna] fire wrote 71 bytes to ecology
[dna] fire wrote 47 bytes to ecology
[dna] fire wrote 73 bytes to ecology
[dna] fire wrote 20 bytes to ecology
[dna] fire wrote 46 bytes to ecology
[dna] fire wrote 223 bytes to ecology
[dna] fire wrote 19 bytes to ecology
[dna] fire wrote 38 bytes to ecology
[dna] fire wrote 69 bytes to ecology
[dna] fire wrote 39 bytes to ecology
[dna] fire wrote 41 bytes to ecology
[dna] fire wrote 110 bytes to ecology
[dna] fire wrote 60 bytes to ecology
[dna] fire wrote 50 bytes to ecology
[debug-onto] tick=800 corpus=136986 stage=2 freeze=0
[dna] fire wrote 112 bytes to ecology
[dna] fire wrote 146 bytes to ecology
[dna] fire wrote 77 bytes to ecology
[dna] fire wrote 48 bytes to ecology
[dna] fire wrote 41 bytes to ecology
[dna] fire wrote 10 bytes to ecology
[dna] fire wrote 63 bytes to ecology
[dna] fire wrote 22 bytes to ecology
[dna] fire wrote 15 bytes to ecology
[dna] fire wrote 113 bytes to ecology
[dna] fire wrote 59 bytes to ecology

[evolution] Organism shutting down gracefully.
