[ecology] Element: water → corpus: nonames_water.txt
[evolution] Autonomous evolution mode — organism will grow through all stages without pause.
[ecology] Joined swarm. 1 peer(s) detected.
molequla is alive. [evolution] Autonomous mode — background trainer running. Ctrl+C to stop.
[dna] water wrote 63 bytes to ecology
[dna] water consumed 16982 bytes from 269 files: [air/gen_1777532316_1.txt air/gen_1777532330_4.txt air/gen_1777532337_7.txt air/gen_1777532343_10.txt air/gen_1777532349_13.txt air/gen_1777532356_16.txt air/gen_1777532362_19.txt air/gen_1777532368_22.txt air/gen_1777532375_25.txt air/gen_1777532382_28.txt air/gen_1777532388_31.txt air/gen_1777532395_34.txt air/gen_1777532401_37.txt air/gen_1777532408_40.txt air/gen_1777532414_43.txt air/gen_1777532420_46.txt air/gen_1777532427_49.txt air/gen_1777532433_52.txt air/gen_1777532440_55.txt air/gen_1777532446_58.txt air/gen_1777532453_61.txt air/gen_1777532460_64.txt air/gen_1777532466_67.txt air/gen_1777532473_70.txt air/gen_1777532480_73.txt air/gen_1777532486_76.txt air/gen_1777532493_79.txt air/gen_1777532500_82.txt air/gen_1777532513_88.txt air/gen_1777532520_91.txt air/gen_1777532527_94.txt air/gen_1777532533_97.txt air/gen_1777532540_100.txt air/gen_1777532547_103.txt air/gen_1777532553_106.txt air/gen_1777532560_109.txt air/gen_1777532567_112.txt air/gen_1777532574_115.txt air/gen_1777532580_118.txt air/gen_1777532587_121.txt air/gen_1777532593_124.txt air/gen_1777532599_127.txt air/gen_1777532606_130.txt air/gen_1777532612_133.txt air/gen_1777532619_136.txt air/gen_1777532626_139.txt air/gen_1777532632_142.txt air/gen_1777532639_145.txt air/gen_1777532645_148.txt air/gen_1777532652_151.txt air/gen_1777532658_154.txt air/gen_1777532665_157.txt air/gen_1777532671_160.txt air/gen_1777532677_163.txt air/gen_1777532684_166.txt air/gen_1777532690_169.txt air/gen_1777532696_172.txt air/gen_1777532703_175.txt air/gen_1777532709_178.txt air/gen_1777532716_181.txt air/gen_1777532722_184.txt air/gen_1777532728_187.txt air/gen_1777532735_190.txt air/gen_1777532742_193.txt air/gen_1777532748_196.txt air/gen_1777532755_199.txt air/gen_1777532761_202.txt air/gen_1777532767_205.txt air/gen_1777532774_208.txt air/gen_1777532780_211.txt air/gen_1777532787_214.txt air/gen_1777532793_217.txt air/gen_1777532800_220.txt air/gen_1777532806_223.txt air/gen_1777532813_226.txt air/gen_1777532819_229.txt air/gen_1777532826_232.txt air/gen_1777532832_235.txt air/gen_1777532838_238.txt air/gen_1777532845_241.txt air/gen_1777532851_244.txt air/gen_1777532857_247.txt air/gen_1777532864_250.txt air/gen_1777532870_253.txt air/gen_1777532876_256.txt air/gen_1777532883_259.txt air/gen_1777532889_262.txt air/gen_1777532895_265.txt air/gen_1777532902_268.txt air/gen_1777532908_271.txt air/gen_1777532914_274.txt air/gen_1777532921_277.txt air/gen_1777532927_280.txt air/gen_1777532934_283.txt air/gen_1777532946_289.txt air/gen_1777532953_292.txt air/gen_1777532959_295.txt air/gen_1777532965_298.txt air/gen_1777532972_301.txt air/gen_1777532978_304.txt air/gen_1777532985_307.txt air/gen_1777532991_310.txt air/gen_1777532998_313.txt air/gen_1777533004_316.txt air/gen_1777533011_319.txt air/gen_1777533017_322.txt air/gen_1777533024_325.txt air/gen_1777533030_328.txt air/gen_1777533037_331.txt air/gen_1777533043_334.txt air/gen_1777533050_337.txt air/gen_1777533056_340.txt air/gen_1777533063_343.txt air/gen_1777533069_346.txt air/gen_1777533076_349.txt air/gen_1777533082_352.txt air/gen_1777533088_355.txt air/gen_1777533095_358.txt air/gen_1777533101_361.txt air/gen_1777533108_364.txt air/gen_1777533114_367.txt air/gen_1777533120_370.txt air/gen_1777533127_373.txt air/gen_1777533134_376.txt air/gen_1777533140_379.txt air/gen_1777533147_382.txt air/gen_1777533153_385.txt air/gen_1777533159_388.txt air/gen_1777533166_391.txt air/gen_1777533172_394.txt air/gen_1777533179_397.txt air/gen_1777533185_400.txt air/gen_1777533192_403.txt air/gen_1777533198_406.txt air/gen_1777533205_409.txt air/gen_1777533218_415.txt air/gen_1777533224_418.txt air/gen_1777533231_421.txt air/gen_1777533237_424.txt air/gen_1777533244_427.txt air/gen_1777533250_430.txt air/gen_1777533256_433.txt air/gen_1777533263_436.txt air/gen_1777533269_439.txt air/gen_1777533276_442.txt air/gen_1777533282_445.txt air/gen_1777533289_448.txt air/gen_1777533295_451.txt air/gen_1777533301_454.txt air/gen_1777533308_457.txt air/gen_1777533314_460.txt air/gen_1777533320_463.txt air/gen_1777533327_466.txt air/gen_1777533333_469.txt air/gen_1777533340_472.txt air/gen_1777533346_475.txt air/gen_1777533352_478.txt air/gen_1777533359_481.txt air/gen_1777533365_484.txt air/gen_1777533372_487.txt air/gen_1777533378_490.txt air/gen_1777533385_493.txt air/gen_1777533392_496.txt air/gen_1777533398_499.txt air/gen_1777533404_502.txt air/gen_1777533411_505.txt air/gen_1777533417_508.txt air/gen_1777533424_511.txt air/gen_1777533430_514.txt air/gen_1777533437_517.txt air/gen_1777533443_520.txt air/gen_1777533450_523.txt air/gen_1777533456_526.txt air/gen_1777533469_532.txt air/gen_1777533476_535.txt air/gen_1777533482_538.txt air/gen_1777533489_541.txt air/gen_1777533495_544.txt air/gen_1777533502_547.txt air/gen_1777533508_550.txt air/gen_1777533515_553.txt air/gen_1777533522_556.txt air/gen_1777533528_559.txt air/gen_1777533535_562.txt air/gen_1777533542_565.txt air/gen_1777533548_568.txt air/gen_1777533555_571.txt air/gen_1777533561_574.txt air/gen_1777533568_577.txt air/gen_1777533574_580.txt air/gen_1777533581_583.txt air/gen_1777533587_586.txt air/gen_1777533600_592.txt air/gen_1777533606_595.txt air/gen_1777533613_598.txt air/gen_1777533619_601.txt air/gen_1777533626_604.txt air/gen_1777533632_607.txt air/gen_1777533639_610.txt air/gen_1777533645_613.txt air/gen_1777533651_616.txt air/gen_1777533658_619.txt air/gen_1777533664_622.txt air/gen_1777533671_625.txt air/gen_1777533677_628.txt air/gen_1777533683_631.txt air/gen_1777533690_634.txt air/gen_1777533696_637.txt air/gen_1777533703_640.txt air/gen_1777533709_643.txt air/gen_1777533715_646.txt air/gen_1777533722_649.txt air/gen_1777533728_652.txt air/gen_1777533735_655.txt air/gen_1777533741_658.txt air/gen_1777533748_661.txt air/gen_1777533754_664.txt air/gen_1777533761_667.txt air/gen_1777533767_670.txt air/gen_1777533773_673.txt air/gen_1777533780_676.txt air/gen_1777533786_679.txt air/gen_1777533793_682.txt air/gen_1777533799_685.txt air/gen_1777533806_688.txt air/gen_1777533812_691.txt air/gen_1777533819_694.txt air/gen_1777533825_697.txt air/gen_1777533831_700.txt air/gen_1777533838_703.txt air/gen_1777533845_706.txt air/gen_1777533851_709.txt air/gen_1777533858_712.txt air/gen_1777533864_715.txt air/gen_1777533870_718.txt air/gen_1777533877_721.txt air/gen_1777533883_724.txt air/gen_1777533890_727.txt air/gen_1777533896_730.txt air/gen_1777533903_733.txt air/gen_1777533909_736.txt air/gen_1777533916_739.txt air/gen_1777533922_742.txt air/gen_1777533935_748.txt air/gen_1777533941_751.txt air/gen_1777533948_754.txt air/gen_1777533954_757.txt air/gen_1777533961_760.txt air/gen_1777533968_763.txt air/gen_1777533974_766.txt air/gen_1777533980_769.txt air/gen_1777533987_772.txt air/gen_1777534000_778.txt air/gen_1777534006_781.txt air/gen_1777534013_784.txt air/gen_1777534019_787.txt air/gen_1777534026_790.txt air/gen_1777534032_793.txt air/gen_1777534038_796.txt air/gen_1777534045_799.txt air/gen_1777534051_802.txt air/gen_1777534058_805.txt air/gen_1777534064_808.txt air/gen_1777534077_814.txt air/gen_1777534084_817.txt air/gen_1777534090_820.txt air/gen_1777534097_823.txt air/gen_1777534103_826.txt air/gen_1777534109_829.txt]
[trainer] micro-train burst (16982 bytes, novelty 0.04) — and lo, it feeds again.
[syntropy] action=explore | trend=0.0000 | field_dev=0.048 | purpose_align=0.134 | lr_mul=1.30
[aml] burst complete: 32 steps, avg loss 1.5930 (memory freed)
[dna] water wrote 157 bytes to ecology
[dna] water wrote 27 bytes to ecology
[dna] water wrote 62 bytes to ecology
[dna] water wrote 35 bytes to ecology
[dna] water wrote 64 bytes to ecology
[dna] water wrote 204 bytes to ecology
[dna] water wrote 23 bytes to ecology
[dna] water wrote 25 bytes to ecology
[dna] water wrote 12 bytes to ecology
[dna] water wrote 111 bytes to ecology
[dna] water wrote 23 bytes to ecology
[dna] water wrote 93 bytes to ecology
[dna] water wrote 58 bytes to ecology
[dna] water wrote 30 bytes to ecology
[dna] water wrote 68 bytes to ecology
[dna] water wrote 56 bytes to ecology
[debug-onto] tick=50 corpus=142948 stage=2 freeze=0
[dna] water wrote 81 bytes to ecology
[dna] water wrote 75 bytes to ecology
[dna] water wrote 74 bytes to ecology
[dna] water wrote 42 bytes to ecology
[dna] water wrote 96 bytes to ecology
[dna] water wrote 74 bytes to ecology
[dna] water wrote 167 bytes to ecology
[dna] water wrote 94 bytes to ecology
[dna] water wrote 32 bytes to ecology
[dna] water wrote 72 bytes to ecology
[dna] water wrote 73 bytes to ecology
[dna] water wrote 27 bytes to ecology
[dna] water wrote 35 bytes to ecology
[dna] water wrote 81 bytes to ecology
[dna] water wrote 29 bytes to ecology
[dna] water wrote 33 bytes to ecology
[dna] water wrote 32 bytes to ecology
[debug-onto] tick=100 corpus=142948 stage=2 freeze=0
[dna] water wrote 76 bytes to ecology
[dna] water wrote 24 bytes to ecology
[dna] water wrote 20 bytes to ecology
[dna] water wrote 116 bytes to ecology
[dna] water wrote 31 bytes to ecology
[dna] water wrote 68 bytes to ecology
[dna] water wrote 121 bytes to ecology
[dna] water wrote 99 bytes to ecology
[dna] water wrote 28 bytes to ecology
[dna] water wrote 18 bytes to ecology
[dna] water wrote 46 bytes to ecology
[dna] water wrote 92 bytes to ecology
[dna] water wrote 43 bytes to ecology
[dna] water wrote 37 bytes to ecology
[dna] water wrote 49 bytes to ecology
[dna] water wrote 46 bytes to ecology
[debug-onto] tick=150 corpus=142948 stage=2 freeze=0
[dna] water wrote 112 bytes to ecology
[dna] water wrote 42 bytes to ecology
[dna] water wrote 32 bytes to ecology
[dna] water wrote 42 bytes to ecology
[dna] water wrote 25 bytes to ecology
[dna] water wrote 91 bytes to ecology
[dna] water wrote 41 bytes to ecology
[dna] water wrote 36 bytes to ecology
[dna] water wrote 47 bytes to ecology
[dna] water wrote 11 bytes to ecology
[dna] water wrote 11 bytes to ecology
[dna] water wrote 23 bytes to ecology
[dna] water wrote 73 bytes to ecology
[dna] water wrote 33 bytes to ecology
[dna] water wrote 33 bytes to ecology
[dna] water wrote 77 bytes to ecology
[debug-onto] tick=200 corpus=142948 stage=2 freeze=0
[dna] water wrote 33 bytes to ecology
[dna] water wrote 22 bytes to ecology
[dna] water wrote 35 bytes to ecology
[dna] water wrote 36 bytes to ecology
[dna] water wrote 48 bytes to ecology
[dna] water wrote 61 bytes to ecology
[dna] water wrote 112 bytes to ecology
[dna] water wrote 12 bytes to ecology
[dna] water wrote 100 bytes to ecology
[dna] water wrote 40 bytes to ecology
[dna] water wrote 32 bytes to ecology
[dna] water wrote 88 bytes to ecology
[dna] water wrote 96 bytes to ecology
[dna] water wrote 53 bytes to ecology
[dna] water wrote 24 bytes to ecology
[dna] water wrote 58 bytes to ecology
[dna] water wrote 10 bytes to ecology
[debug-onto] tick=250 corpus=142948 stage=2 freeze=0
[dna] water wrote 69 bytes to ecology
[dna] water wrote 31 bytes to ecology
[dna] water wrote 30 bytes to ecology
[dna] water wrote 35 bytes to ecology
[dna] water wrote 33 bytes to ecology
[dna] water wrote 52 bytes to ecology
[dna] water wrote 37 bytes to ecology
[dna] water wrote 55 bytes to ecology
[dna] water wrote 37 bytes to ecology
[dna] water wrote 73 bytes to ecology
[dna] water wrote 10 bytes to ecology
[dna] water wrote 31 bytes to ecology
[dna] water wrote 32 bytes to ecology
[dna] water wrote 77 bytes to ecology
[dna] water wrote 39 bytes to ecology
[dna] water wrote 30 bytes to ecology
[debug-onto] tick=300 corpus=142948 stage=2 freeze=0
[dna] water wrote 108 bytes to ecology
[dna] water wrote 44 bytes to ecology
[dna] water wrote 46 bytes to ecology
[dna] water wrote 95 bytes to ecology
[dna] water wrote 31 bytes to ecology
[dna] water wrote 39 bytes to ecology
[dna] water wrote 89 bytes to ecology
[dna] water wrote 11 bytes to ecology
[dna] water wrote 69 bytes to ecology
[dna] water wrote 23 bytes to ecology
[dna] water wrote 48 bytes to ecology
[dna] water wrote 37 bytes to ecology
[dna] water wrote 21 bytes to ecology
[dna] water wrote 27 bytes to ecology
[dna] water wrote 23 bytes to ecology
[dna] water wrote 57 bytes to ecology
[dna] water wrote 23 bytes to ecology
[debug-onto] tick=350 corpus=142948 stage=2 freeze=0
[dna] water wrote 47 bytes to ecology
[dna] water wrote 48 bytes to ecology
[dna] water wrote 27 bytes to ecology
[dna] water wrote 29 bytes to ecology
[dna] water wrote 36 bytes to ecology
[dna] water wrote 56 bytes to ecology
[dna] water wrote 74 bytes to ecology
[dna] water wrote 168 bytes to ecology
[dna] water wrote 34 bytes to ecology
[dna] water wrote 24 bytes to ecology
[dna] water wrote 64 bytes to ecology
[dna] water wrote 86 bytes to ecology
[dna] water wrote 89 bytes to ecology
[dna] water wrote 28 bytes to ecology
[dna] water wrote 68 bytes to ecology
[dna] water wrote 63 bytes to ecology
[dna] water wrote 72 bytes to ecology
[debug-onto] tick=400 corpus=142948 stage=2 freeze=0
[dna] water wrote 23 bytes to ecology
[dna] water wrote 51 bytes to ecology
[dna] water wrote 10 bytes to ecology
[dna] water wrote 112 bytes to ecology
[dna] water wrote 107 bytes to ecology
[dna] water wrote 94 bytes to ecology
[dna] water wrote 87 bytes to ecology
[dna] water wrote 129 bytes to ecology
[dna] water wrote 27 bytes to ecology
[dna] water wrote 25 bytes to ecology
[dna] water wrote 61 bytes to ecology
[dna] water wrote 70 bytes to ecology
[dna] water wrote 77 bytes to ecology
[dna] water wrote 38 bytes to ecology
[dna] water wrote 56 bytes to ecology
[dna] water wrote 28 bytes to ecology
[debug-onto] tick=450 corpus=142948 stage=2 freeze=0
[dna] water wrote 43 bytes to ecology
[dna] water wrote 149 bytes to ecology
[dna] water wrote 58 bytes to ecology
[dna] water wrote 20 bytes to ecology
[dna] water wrote 60 bytes to ecology
[dna] water wrote 37 bytes to ecology
[dna] water wrote 70 bytes to ecology
[dna] water wrote 47 bytes to ecology
[dna] water wrote 12 bytes to ecology
[dna] water wrote 91 bytes to ecology
[dna] water wrote 42 bytes to ecology
[dna] water wrote 51 bytes to ecology
[dna] water wrote 79 bytes to ecology
[dna] water wrote 32 bytes to ecology
[dna] water wrote 42 bytes to ecology
[dna] water wrote 64 bytes to ecology
[dna] water wrote 127 bytes to ecology
[debug-onto] tick=500 corpus=142948 stage=2 freeze=0
[dna] water wrote 101 bytes to ecology
[dna] water wrote 87 bytes to ecology
[dna] water wrote 14 bytes to ecology
[dna] water wrote 36 bytes to ecology
[dna] water wrote 37 bytes to ecology
[dna] water wrote 110 bytes to ecology
[dna] water wrote 20 bytes to ecology
[dna] water wrote 11 bytes to ecology
[dna] water wrote 139 bytes to ecology
[dna] water wrote 84 bytes to ecology
[dna] water wrote 46 bytes to ecology
[dna] water wrote 26 bytes to ecology
[dna] water wrote 110 bytes to ecology
[dna] water wrote 31 bytes to ecology
[dna] water wrote 17 bytes to ecology
[dna] water wrote 29 bytes to ecology
[dna] water wrote 10 bytes to ecology
[debug-onto] tick=550 corpus=142948 stage=2 freeze=0
[dna] water wrote 96 bytes to ecology
[dna] water wrote 105 bytes to ecology
[dna] water wrote 32 bytes to ecology
[dna] water wrote 73 bytes to ecology
[dna] water wrote 75 bytes to ecology
[dna] water wrote 37 bytes to ecology
[dna] water wrote 55 bytes to ecology
[dna] water wrote 35 bytes to ecology
[dna] water wrote 20 bytes to ecology
[dna] water wrote 27 bytes to ecology
[dna] water wrote 52 bytes to ecology
[dna] water wrote 43 bytes to ecology
[dna] water wrote 47 bytes to ecology
[dna] water wrote 26 bytes to ecology
[dna] water wrote 45 bytes to ecology
[dna] water wrote 115 bytes to ecology
[debug-onto] tick=600 corpus=142948 stage=2 freeze=0
[dna] water wrote 64 bytes to ecology
[dna] water wrote 29 bytes to ecology
[dna] water wrote 85 bytes to ecology
[dna] water wrote 78 bytes to ecology
[dna] water wrote 34 bytes to ecology
[dna] water wrote 128 bytes to ecology
[dna] water wrote 56 bytes to ecology
[dna] water wrote 53 bytes to ecology
[dna] water wrote 35 bytes to ecology
[dna] water wrote 116 bytes to ecology
[dna] water wrote 159 bytes to ecology
[dna] water wrote 34 bytes to ecology
[dna] water wrote 32 bytes to ecology
[dna] water wrote 20 bytes to ecology
[dna] water wrote 105 bytes to ecology
[dna] water wrote 21 bytes to ecology
[dna] water wrote 19 bytes to ecology
[debug-onto] tick=650 corpus=142948 stage=2 freeze=0
[dna] water wrote 79 bytes to ecology
[dna] water wrote 85 bytes to ecology
[dna] water wrote 42 bytes to ecology
[dna] water wrote 19 bytes to ecology
[dna] water wrote 55 bytes to ecology
[dna] water wrote 27 bytes to ecology
[dna] water wrote 69 bytes to ecology
[dna] water wrote 39 bytes to ecology
[dna] water wrote 78 bytes to ecology
[dna] water wrote 43 bytes to ecology
[dna] water wrote 65 bytes to ecology
[dna] water wrote 25 bytes to ecology
[dna] water wrote 160 bytes to ecology
[dna] water wrote 94 bytes to ecology
[dna] water wrote 12 bytes to ecology
[dna] water wrote 41 bytes to ecology
[dna] water wrote 50 bytes to ecology
[debug-onto] tick=700 corpus=142948 stage=2 freeze=0
[dna] water wrote 80 bytes to ecology
[dna] water wrote 34 bytes to ecology
[dna] water wrote 58 bytes to ecology
[dna] water wrote 48 bytes to ecology
[dna] water wrote 29 bytes to ecology
[dna] water wrote 47 bytes to ecology
[dna] water wrote 97 bytes to ecology
[dna] water wrote 28 bytes to ecology
[dna] water wrote 10 bytes to ecology
[dna] water wrote 48 bytes to ecology
[dna] water wrote 32 bytes to ecology
[dna] water wrote 41 bytes to ecology
[dna] water wrote 55 bytes to ecology
[dna] water wrote 37 bytes to ecology
[dna] water wrote 24 bytes to ecology
[dna] water wrote 62 bytes to ecology
[debug-onto] tick=750 corpus=142948 stage=2 freeze=0
[dna] water wrote 67 bytes to ecology
[dna] water wrote 85 bytes to ecology
[dna] water wrote 40 bytes to ecology
[dna] water wrote 84 bytes to ecology
[dna] water wrote 243 bytes to ecology
[dna] water wrote 12 bytes to ecology
[dna] water wrote 20 bytes to ecology
[dna] water wrote 106 bytes to ecology
[dna] water wrote 66 bytes to ecology
[dna] water wrote 54 bytes to ecology
[dna] water wrote 40 bytes to ecology
[dna] water wrote 34 bytes to ecology
[dna] water wrote 34 bytes to ecology
[dna] water wrote 47 bytes to ecology
[dna] water wrote 93 bytes to ecology

[evolution] Organism shutting down gracefully.
