[ecology] Element: earth → corpus: nonames_earth.txt
[evolution] Autonomous evolution mode — organism will grow through all stages without pause.
[init] Stage 0 (embryo): embd=16, layer=1, head=1 — warmup 400 steps (400 backprop + 0 notorch, sqrt-scaled 1x)
  [aml] step 0/160 | loss 6.5510 (avg 6.5510) | lr 0.001000 | seq 8
  [aml] step 10/160 | loss 6.1763 (avg 6.4416) | lr 0.001450 | seq 8
  [aml] step 20/160 | loss 6.2188 (avg 6.2913) | lr 0.001900 | seq 8
  [aml] step 30/160 | loss 5.7725 (avg 6.1856) | lr 0.002350 | seq 8
  [aml] step 40/160 | loss 5.4073 (avg 6.0661) | lr 0.002800 | seq 8
  [aml] step 50/160 | loss 4.6806 (avg 5.9190) | lr 0.003250 | seq 8
  [aml] step 60/160 | loss 4.9058 (avg 5.7631) | lr 0.003700 | seq 8
  [aml] step 70/160 | loss 5.3941 (avg 5.6484) | lr 0.004150 | seq 8
  [aml] step 80/160 | loss 3.0069 (avg 5.5310) | lr 0.004600 | seq 8
  [aml] step 90/160 | loss 4.1690 (avg 5.3860) | lr 0.005050 | seq 8
  [aml] step 100/160 | loss 5.0196 (avg 5.2975) | lr 0.005500 | seq 8
  [aml] step 110/160 | loss 5.3985 (avg 5.1695) | lr 0.005950 | seq 8
  [aml] step 120/160 | loss 3.9613 (avg 5.0976) | lr 0.006400 | seq 8
  [aml] step 130/160 | loss 4.3826 (avg 5.0481) | lr 0.006850 | seq 8
  [aml] step 140/160 | loss 3.0190 (avg 5.0134) | lr 0.007300 | seq 8
  [aml] step 150/160 | loss 2.8646 (avg 4.9903) | lr 0.007750 | seq 8
[aml] training complete: 160 steps, avg loss 4.9476 (memory freed)
  [aml] step 0/120 | loss 4.8523 (avg 4.8523) | lr 0.008200 | seq 16
  [aml] step 10/120 | loss 4.2192 (avg 4.4522) | lr 0.008650 | seq 16
  [aml] step 20/120 | loss 3.4053 (avg 4.4223) | lr 0.009100 | seq 16
  [aml] step 30/120 | loss 3.4395 (avg 4.2347) | lr 0.009550 | seq 16
  [aml] step 40/120 | loss 3.0492 (avg 4.2987) | lr 0.010000 | seq 16
  [aml] step 50/120 | loss 3.0253 (avg 4.2799) | lr 0.010000 | seq 16
  [aml] step 60/120 | loss 4.4972 (avg 4.3084) | lr 0.010000 | seq 16
  [aml] step 70/120 | loss 4.2613 (avg 4.2541) | lr 0.010000 | seq 16
  [aml] step 80/120 | loss 5.2587 (avg 4.2173) | lr 0.009999 | seq 16
  [aml] step 90/120 | loss 4.4224 (avg 4.1270) | lr 0.009999 | seq 16
  [aml] step 100/120 | loss 3.8372 (avg 4.0749) | lr 0.009999 | seq 16
  [aml] step 110/120 | loss 5.0013 (avg 3.9941) | lr 0.009999 | seq 16
[aml] training complete: 120 steps, avg loss 4.0054 (memory freed)
  [aml] step 0/120 | loss 2.6434 (avg 2.6434) | lr 0.009999 | seq 32
  [aml] step 10/120 | loss 4.9913 (avg 4.1041) | lr 0.009999 | seq 32
  [aml] step 20/120 | loss 4.4147 (avg 3.9119) | lr 0.009999 | seq 32
  [aml] step 30/120 | loss 3.9113 (avg 3.6099) | lr 0.009999 | seq 32
  [aml] step 40/120 | loss 3.9012 (avg 3.5406) | lr 0.009999 | seq 32
  [aml] step 50/120 | loss 4.1064 (avg 3.5012) | lr 0.009999 | seq 32
  [aml] step 60/120 | loss 2.8081 (avg 3.4311) | lr 0.009999 | seq 32
  [aml] step 70/120 | loss 1.4596 (avg 3.4023) | lr 0.009999 | seq 32
  [aml] step 80/120 | loss 4.4965 (avg 3.3947) | lr 0.009999 | seq 32
  [aml] step 90/120 | loss 1.5691 (avg 3.3393) | lr 0.009999 | seq 32
  [aml] step 100/120 | loss 0.8494 (avg 3.3418) | lr 0.009999 | seq 32
  [aml] step 110/120 | loss 0.9140 (avg 3.2142) | lr 0.009999 | seq 32
[aml] training complete: 120 steps, avg loss 3.1206 (memory freed)

[stage 0 — embryo] What it sounds like now:
  Q: Hello.
  A: The d out d water. A f and sediment.
  Q: Who are you?
  A: it does?
  Q: What do you know?
  A: ?

[growth] ONTOGENESIS: stage 0 -> 1
  embd: 16 -> 32, layer: 1 -> 1, head: 1 -> 2
[growth] Done. Freeze for 500 steps.
[init] Stage 1 (infant): embd=32, layer=1, head=2 — warmup 800 steps (800 backprop + 0 notorch, sqrt-scaled 2x)
  [aml] step 0/320 | loss 8.0713 (avg 8.0713) | lr 0.000500 | seq 8
  [aml] step 10/320 | loss 5.5270 (avg 5.0601) | lr 0.000725 | seq 8
  [aml] step 20/320 | loss 6.2645 (avg 4.7788) | lr 0.000950 | seq 8
  [aml] step 30/320 | loss 2.4432 (avg 4.5040) | lr 0.001175 | seq 8
  [aml] step 40/320 | loss 3.5683 (avg 4.2026) | lr 0.001400 | seq 8
  [aml] step 50/320 | loss 5.0233 (avg 4.0960) | lr 0.001625 | seq 8
  [aml] step 60/320 | loss 2.4577 (avg 4.0731) | lr 0.001850 | seq 8
  [aml] step 70/320 | loss 4.6971 (avg 4.0587) | lr 0.002075 | seq 8
  [aml] step 80/320 | loss 3.7599 (avg 4.1657) | lr 0.002300 | seq 8
  [aml] step 90/320 | loss 3.4128 (avg 4.1489) | lr 0.002525 | seq 8
  [aml] step 100/320 | loss 4.7971 (avg 4.1849) | lr 0.002750 | seq 8
  [aml] step 110/320 | loss 2.9187 (avg 4.1760) | lr 0.002975 | seq 8
  [aml] step 120/320 | loss 4.7386 (avg 4.1691) | lr 0.003200 | seq 8
  [aml] step 130/320 | loss 4.8885 (avg 4.1525) | lr 0.003425 | seq 8
  [aml] step 140/320 | loss 4.6862 (avg 4.0972) | lr 0.003650 | seq 8
  [aml] step 150/320 | loss 3.5438 (avg 4.0617) | lr 0.003875 | seq 8
  [aml] step 160/320 | loss 2.6597 (avg 4.0905) | lr 0.004100 | seq 8
  [aml] step 170/320 | loss 4.3978 (avg 4.0586) | lr 0.004325 | seq 8
  [aml] step 180/320 | loss 4.7192 (avg 4.0684) | lr 0.004550 | seq 8
  [aml] step 190/320 | loss 5.2301 (avg 4.0460) | lr 0.004775 | seq 8
  [aml] step 200/320 | loss 5.3966 (avg 4.0058) | lr 0.004998 | seq 8
  [aml] step 210/320 | loss 3.2483 (avg 3.9719) | lr 0.004998 | seq 8
  [aml] step 220/320 | loss 4.6332 (avg 3.9737) | lr 0.004998 | seq 8
  [aml] step 230/320 | loss 4.3926 (avg 3.9739) | lr 0.004998 | seq 8
  [aml] step 240/320 | loss 2.7324 (avg 3.9450) | lr 0.004998 | seq 8
  [aml] step 250/320 | loss 4.4101 (avg 3.9518) | lr 0.004998 | seq 8
  [aml] step 260/320 | loss 3.5482 (avg 3.9356) | lr 0.004998 | seq 8
  [aml] step 270/320 | loss 3.0543 (avg 3.9377) | lr 0.004998 | seq 8
  [aml] step 280/320 | loss 1.0309 (avg 3.8862) | lr 0.004998 | seq 8
  [aml] step 290/320 | loss 4.8595 (avg 3.8710) | lr 0.004998 | seq 8
  [aml] step 300/320 | loss 4.0824 (avg 3.8615) | lr 0.004998 | seq 8
  [aml] step 310/320 | loss 4.6411 (avg 3.8310) | lr 0.004998 | seq 8
[aml] training complete: 320 steps, avg loss 3.8346 (memory freed)
  [aml] step 0/240 | loss 5.8901 (avg 5.8901) | lr 0.004998 | seq 16
  [aml] step 10/240 | loss 2.6909 (avg 3.8522) | lr 0.004998 | seq 16
  [aml] step 20/240 | loss 4.3622 (avg 3.7084) | lr 0.004998 | seq 16
  [aml] step 30/240 | loss 4.5156 (avg 3.6555) | lr 0.004998 | seq 16
  [aml] step 40/240 | loss 3.3553 (avg 3.6498) | lr 0.004997 | seq 16
  [aml] step 50/240 | loss 4.1205 (avg 3.6314) | lr 0.004997 | seq 16
  [aml] step 60/240 | loss 4.6208 (avg 3.4844) | lr 0.004997 | seq 16
  [aml] step 70/240 | loss 1.9545 (avg 3.4427) | lr 0.004997 | seq 16
  [aml] step 80/240 | loss 1.7092 (avg 3.4047) | lr 0.004997 | seq 16
  [aml] step 90/240 | loss 4.6236 (avg 3.3318) | lr 0.004997 | seq 16
  [aml] step 100/240 | loss 4.3938 (avg 3.3150) | lr 0.004997 | seq 16
  [aml] step 110/240 | loss 2.5677 (avg 3.3004) | lr 0.004997 | seq 16
  [aml] step 120/240 | loss 2.4019 (avg 3.2971) | lr 0.004997 | seq 16
  [aml] step 130/240 | loss 1.4194 (avg 3.2653) | lr 0.004997 | seq 16
  [aml] step 140/240 | loss 4.5472 (avg 3.2237) | lr 0.004997 | seq 16
  [aml] step 150/240 | loss 0.9367 (avg 3.2044) | lr 0.004997 | seq 16
  [aml] step 160/240 | loss 4.0604 (avg 3.1669) | lr 0.004997 | seq 16
  [aml] step 170/240 | loss 4.2458 (avg 3.2060) | lr 0.004996 | seq 16
  [aml] step 180/240 | loss 2.6431 (avg 3.1893) | lr 0.004996 | seq 16
  [aml] step 190/240 | loss 4.6790 (avg 3.2000) | lr 0.004996 | seq 16
  [aml] step 200/240 | loss 4.8065 (avg 3.2162) | lr 0.004996 | seq 16
  [aml] step 210/240 | loss 4.0854 (avg 3.2229) | lr 0.004996 | seq 16
  [aml] step 220/240 | loss 4.5543 (avg 3.2226) | lr 0.004996 | seq 16
  [aml] step 230/240 | loss 2.0086 (avg 3.2275) | lr 0.004996 | seq 16
[aml] training complete: 240 steps, avg loss 3.2373 (memory freed)
  [aml] step 0/240 | loss 1.7412 (avg 1.7412) | lr 0.004996 | seq 32
  [aml] step 10/240 | loss 4.1060 (avg 3.0469) | lr 0.004996 | seq 32
  [aml] step 20/240 | loss 3.9261 (avg 3.2419) | lr 0.004996 | seq 32
  [aml] step 30/240 | loss 0.7769 (avg 3.0254) | lr 0.004996 | seq 32
  [aml] step 40/240 | loss 0.7372 (avg 2.8234) | lr 0.004996 | seq 32
  [aml] step 50/240 | loss 3.9574 (avg 2.9023) | lr 0.004995 | seq 32
  [aml] step 60/240 | loss 3.8172 (avg 3.0267) | lr 0.004995 | seq 32
  [aml] step 70/240 | loss 4.5043 (avg 3.0579) | lr 0.004995 | seq 32
  [aml] step 80/240 | loss 1.3966 (avg 3.0136) | lr 0.004995 | seq 32
  [aml] step 90/240 | loss 0.6457 (avg 2.9915) | lr 0.004995 | seq 32
  [aml] step 100/240 | loss 4.1480 (avg 3.0114) | lr 0.004995 | seq 32
  [aml] step 110/240 | loss 3.9977 (avg 2.9894) | lr 0.004995 | seq 32
  [aml] step 120/240 | loss 4.0896 (avg 2.9976) | lr 0.004995 | seq 32
  [aml] step 130/240 | loss 3.4885 (avg 3.0118) | lr 0.004995 | seq 32
  [aml] step 140/240 | loss 0.8841 (avg 2.9581) | lr 0.004995 | seq 32
  [aml] step 150/240 | loss 3.9851 (avg 2.9444) | lr 0.004995 | seq 32
  [aml] step 160/240 | loss 3.7624 (avg 2.9250) | lr 0.004994 | seq 32
  [aml] step 170/240 | loss 1.1145 (avg 2.9057) | lr 0.004994 | seq 32
  [aml] step 180/240 | loss 1.1302 (avg 2.8960) | lr 0.004994 | seq 32
  [aml] step 190/240 | loss 0.8651 (avg 2.8856) | lr 0.004994 | seq 32
  [aml] step 200/240 | loss 0.9409 (avg 2.8611) | lr 0.004994 | seq 32
  [aml] step 210/240 | loss 1.3187 (avg 2.8686) | lr 0.004994 | seq 32
  [aml] step 220/240 | loss 1.7457 (avg 2.8321) | lr 0.004994 | seq 32
  [aml] step 230/240 | loss 0.5877 (avg 2.8035) | lr 0.004994 | seq 32
[aml] training complete: 240 steps, avg loss 2.7982 (memory freed)

[stage 1 — infant] What it sounds like now:
  Q: Hello.
  A: Experiod when minerals by teaches?
  Q: Who are you?
  A: ...
  Q: What do you know?
  A: ...

[growth] ONTOGENESIS: stage 1 -> 2
  embd: 32 -> 64, layer: 1 -> 2, head: 2 -> 4
[growth] Done. Freeze for 500 steps.
[init] Stage 2 (child): embd=64, layer=2, head=4 — warmup 800 steps (800 backprop + 0 notorch, sqrt-scaled 2x)
  [aml] step 0/320 | loss 5.2741 (avg 5.2741) | lr 0.000250 | seq 8
  [aml] step 10/320 | loss 4.7641 (avg 4.1779) | lr 0.000363 | seq 8
  [aml] step 20/320 | loss 7.2008 (avg 4.2715) | lr 0.000475 | seq 8
  [aml] step 30/320 | loss 0.7809 (avg 3.9358) | lr 0.000588 | seq 8
  [aml] step 40/320 | loss 3.4396 (avg 3.7421) | lr 0.000700 | seq 8
  [aml] step 50/320 | loss 3.4543 (avg 3.6949) | lr 0.000813 | seq 8
  [aml] step 60/320 | loss 4.0660 (avg 3.6398) | lr 0.000925 | seq 8
  [aml] step 70/320 | loss 1.2113 (avg 3.5954) | lr 0.001038 | seq 8
  [aml] step 80/320 | loss 3.3490 (avg 3.5856) | lr 0.001150 | seq 8
  [aml] step 90/320 | loss 4.1272 (avg 3.5558) | lr 0.001263 | seq 8
  [aml] step 100/320 | loss 4.1552 (avg 3.4627) | lr 0.001375 | seq 8
  [aml] step 110/320 | loss 1.6776 (avg 3.4313) | lr 0.001488 | seq 8
  [aml] step 120/320 | loss 4.0139 (avg 3.4421) | lr 0.001600 | seq 8
  [aml] step 130/320 | loss 4.5220 (avg 3.4282) | lr 0.001713 | seq 8
  [aml] step 140/320 | loss 2.9254 (avg 3.4511) | lr 0.001825 | seq 8
  [aml] step 150/320 | loss 3.1789 (avg 3.4202) | lr 0.001938 | seq 8
  [aml] step 160/320 | loss 4.8360 (avg 3.4280) | lr 0.002050 | seq 8
  [aml] step 170/320 | loss 3.8203 (avg 3.4009) | lr 0.002163 | seq 8
  [aml] step 180/320 | loss 2.7496 (avg 3.4093) | lr 0.002275 | seq 8
  [aml] step 190/320 | loss 1.7008 (avg 3.3724) | lr 0.002387 | seq 8
  [aml] step 200/320 | loss 4.8984 (avg 3.3750) | lr 0.002496 | seq 8
  [aml] step 210/320 | loss 5.1294 (avg 3.3873) | lr 0.002496 | seq 8
  [aml] step 220/320 | loss 1.9358 (avg 3.3907) | lr 0.002496 | seq 8
  [aml] step 230/320 | loss 4.3399 (avg 3.3719) | lr 0.002495 | seq 8
  [aml] step 240/320 | loss 1.3700 (avg 3.3566) | lr 0.002495 | seq 8
  [aml] step 250/320 | loss 3.7233 (avg 3.3531) | lr 0.002495 | seq 8
  [aml] step 260/320 | loss 3.2900 (avg 3.3662) | lr 0.002495 | seq 8
  [aml] step 270/320 | loss 4.4372 (avg 3.3855) | lr 0.002495 | seq 8
  [aml] step 280/320 | loss 1.4636 (avg 3.3701) | lr 0.002495 | seq 8
  [aml] step 290/320 | loss 2.2048 (avg 3.3495) | lr 0.002495 | seq 8
  [aml] step 300/320 | loss 3.9407 (avg 3.3640) | lr 0.002495 | seq 8
  [aml] step 310/320 | loss 3.3932 (avg 3.3533) | lr 0.002495 | seq 8
[aml] training complete: 320 steps, avg loss 3.3583 (memory freed)
  [aml] step 0/240 | loss 3.4742 (avg 3.4742) | lr 0.002495 | seq 16
  [aml] step 10/240 | loss 4.6436 (avg 3.6439) | lr 0.002495 | seq 16
  [aml] step 20/240 | loss 2.8524 (avg 3.6842) | lr 0.002495 | seq 16
  [aml] step 30/240 | loss 3.7947 (avg 3.3357) | lr 0.002495 | seq 16
  [aml] step 40/240 | loss 4.7325 (avg 3.5152) | lr 0.002495 | seq 16
  [aml] step 50/240 | loss 1.6182 (avg 3.4168) | lr 0.002495 | seq 16
  [aml] step 60/240 | loss 4.3948 (avg 3.4080) | lr 0.002494 | seq 16
  [aml] step 70/240 | loss 4.8806 (avg 3.4500) | lr 0.002494 | seq 16
  [aml] step 80/240 | loss 1.8500 (avg 3.4559) | lr 0.002494 | seq 16
  [aml] step 90/240 | loss 1.2406 (avg 3.4595) | lr 0.002494 | seq 16
  [aml] step 100/240 | loss 1.7313 (avg 3.4344) | lr 0.002494 | seq 16
  [aml] step 110/240 | loss 2.0084 (avg 3.4328) | lr 0.002494 | seq 16
  [aml] step 120/240 | loss 4.2823 (avg 3.4316) | lr 0.002494 | seq 16
  [aml] step 130/240 | loss 1.2042 (avg 3.2816) | lr 0.002494 | seq 16
  [aml] step 140/240 | loss 2.5151 (avg 3.2694) | lr 0.002494 | seq 16
  [aml] step 150/240 | loss 4.5874 (avg 3.3039) | lr 0.002494 | seq 16
  [aml] step 160/240 | loss 1.8198 (avg 3.2778) | lr 0.002494 | seq 16
  [aml] step 170/240 | loss 3.0940 (avg 3.2461) | lr 0.002494 | seq 16
  [aml] step 180/240 | loss 0.9822 (avg 3.2449) | lr 0.002494 | seq 16
  [aml] step 190/240 | loss 1.5262 (avg 3.2199) | lr 0.002494 | seq 16
  [aml] step 200/240 | loss 2.0089 (avg 3.2261) | lr 0.002493 | seq 16
  [aml] step 210/240 | loss 4.7349 (avg 3.2539) | lr 0.002493 | seq 16
  [aml] step 220/240 | loss 4.4712 (avg 3.2687) | lr 0.002493 | seq 16
  [aml] step 230/240 | loss 3.9870 (avg 3.2836) | lr 0.002493 | seq 16
[aml] training complete: 240 steps, avg loss 3.2420 (memory freed)
  [aml] step 0/240 | loss 4.2438 (avg 4.2438) | lr 0.002493 | seq 32
  [aml] step 10/240 | loss 4.2011 (avg 2.6393) | lr 0.002493 | seq 32
  [aml] step 20/240 | loss 4.2495 (avg 2.8313) | lr 0.002493 | seq 32
  [aml] step 30/240 | loss 2.3841 (avg 2.6096) | lr 0.002493 | seq 32
  [aml] step 40/240 | loss 0.9744 (avg 2.5534) | lr 0.002493 | seq 32
  [aml] step 50/240 | loss 3.2434 (avg 2.5267) | lr 0.002493 | seq 32
  [aml] step 60/240 | loss 3.3952 (avg 2.6107) | lr 0.002493 | seq 32
  [aml] step 70/240 | loss 0.9335 (avg 2.6758) | lr 0.002493 | seq 32
  [aml] step 80/240 | loss 4.2375 (avg 2.7191) | lr 0.002492 | seq 32
  [aml] step 90/240 | loss 1.3896 (avg 2.6698) | lr 0.002492 | seq 32
  [aml] step 100/240 | loss 0.8069 (avg 2.5743) | lr 0.002492 | seq 32
  [aml] step 110/240 | loss 0.6443 (avg 2.5470) | lr 0.002492 | seq 32
  [aml] step 120/240 | loss 1.1275 (avg 2.4697) | lr 0.002492 | seq 32
  [aml] step 130/240 | loss 3.9602 (avg 2.5343) | lr 0.002492 | seq 32
  [aml] step 140/240 | loss 4.1379 (avg 2.5119) | lr 0.002492 | seq 32
  [aml] step 150/240 | loss 1.0031 (avg 2.4687) | lr 0.002492 | seq 32
  [aml] step 160/240 | loss 4.0989 (avg 2.4665) | lr 0.002492 | seq 32
  [aml] step 170/240 | loss 3.9995 (avg 2.4747) | lr 0.002492 | seq 32
  [aml] step 180/240 | loss 1.0206 (avg 2.4507) | lr 0.002492 | seq 32
  [aml] step 190/240 | loss 4.0768 (avg 2.4773) | lr 0.002492 | seq 32
  [aml] step 200/240 | loss 1.5730 (avg 2.4804) | lr 0.002491 | seq 32
  [aml] step 210/240 | loss 0.7423 (avg 2.5077) | lr 0.002491 | seq 32
  [aml] step 220/240 | loss 0.9324 (avg 2.5298) | lr 0.002491 | seq 32
  [aml] step 230/240 | loss 0.5828 (avg 2.5143) | lr 0.002491 | seq 32
[aml] training complete: 240 steps, avg loss 2.5246 (memory freed)

[stage 2 — child] What it sounds like now:
  Q: Hello.
  A: Th Cliff — in its base and Cement cracked by wat
  Q: Who are you?
  A: ...
  Q: What do you know?
  A: ...

[init] Warmup complete at stage 2. Organism ready.
[ecology] First organism in the swarm.
molequla is alive. [evolution] Autonomous mode — background trainer running. Ctrl+C to stop.
[dna] earth wrote 27 bytes to ecology
[dna] earth wrote 8 bytes to ecology
[dna] earth wrote 39 bytes to ecology
[dna] earth wrote 51 bytes to ecology
[dna] earth wrote 111 bytes to ecology
[dna] earth wrote 37 bytes to ecology
[dna] earth wrote 71 bytes to ecology
[dna] earth wrote 38 bytes to ecology
[dna] earth wrote 152 bytes to ecology
[dna] earth wrote 26 bytes to ecology
[dna] earth wrote 74 bytes to ecology
[dna] earth wrote 108 bytes to ecology
[dna] earth wrote 51 bytes to ecology
[dna] earth wrote 77 bytes to ecology
[dna] earth wrote 90 bytes to ecology
[dna] earth wrote 56 bytes to ecology
[dna] earth wrote 138 bytes to ecology
[dna] earth wrote 29 bytes to ecology
[dna] earth wrote 33 bytes to ecology
[debug-onto] tick=50 corpus=173643 stage=2 freeze=0
[dna] earth wrote 184 bytes to ecology
[dna] earth wrote 112 bytes to ecology
[dna] earth wrote 22 bytes to ecology
[dna] earth wrote 16 bytes to ecology
[dna] earth wrote 110 bytes to ecology
[dna] earth wrote 99 bytes to ecology
[dna] earth wrote 28 bytes to ecology
[dna] earth wrote 6 bytes to ecology
[dna] earth wrote 70 bytes to ecology
[dna] earth wrote 31 bytes to ecology
[dna] earth wrote 143 bytes to ecology
[dna] earth wrote 42 bytes to ecology
[dna] earth wrote 87 bytes to ecology
[dna] earth wrote 81 bytes to ecology
[dna] earth wrote 37 bytes to ecology
[dna] earth wrote 100 bytes to ecology
[dna] earth wrote 37 bytes to ecology
[dna] earth wrote 107 bytes to ecology
[dna] earth wrote 52 bytes to ecology
[dna] earth wrote 177 bytes to ecology
[dna] earth wrote 99 bytes to ecology
[debug-onto] tick=100 corpus=173643 stage=2 freeze=0
[dna] earth wrote 8 bytes to ecology
[dna] earth wrote 41 bytes to ecology
[dna] earth wrote 143 bytes to ecology
[dna] earth wrote 59 bytes to ecology
[dna] earth wrote 91 bytes to ecology
[dna] earth wrote 74 bytes to ecology
[dna] earth wrote 36 bytes to ecology
[dna] earth wrote 8 bytes to ecology
[dna] earth wrote 70 bytes to ecology
[dna] earth wrote 67 bytes to ecology
[dna] earth wrote 27 bytes to ecology
[dna] earth wrote 62 bytes to ecology
[dna] earth wrote 213 bytes to ecology
[dna] earth wrote 29 bytes to ecology
[dna] earth wrote 5 bytes to ecology
[dna] earth wrote 44 bytes to ecology
[dna] earth wrote 35 bytes to ecology
[dna] earth wrote 167 bytes to ecology
[debug-onto] tick=150 corpus=173643 stage=2 freeze=0
[dna] earth wrote 51 bytes to ecology
[dna] earth wrote 92 bytes to ecology
[dna] earth wrote 42 bytes to ecology
[dna] earth wrote 45 bytes to ecology
[dna] earth wrote 76 bytes to ecology
[dna] earth wrote 6 bytes to ecology
[dna] earth wrote 76 bytes to ecology
[dna] earth wrote 181 bytes to ecology
[dna] earth wrote 39 bytes to ecology
[dna] earth wrote 35 bytes to ecology
[dna] earth wrote 48 bytes to ecology
[dna] earth wrote 21 bytes to ecology
[dna] earth wrote 28 bytes to ecology
[dna] earth wrote 9 bytes to ecology
[dna] earth wrote 194 bytes to ecology
[dna] earth wrote 49 bytes to ecology
[dna] earth wrote 146 bytes to ecology
[dna] earth wrote 244 bytes to ecology
[dna] earth wrote 40 bytes to ecology
[debug-onto] tick=200 corpus=173643 stage=2 freeze=0
[dna] earth wrote 96 bytes to ecology
[dna] earth wrote 108 bytes to ecology
[dna] earth wrote 31 bytes to ecology
[dna] earth wrote 69 bytes to ecology
[dna] earth wrote 19 bytes to ecology
[dna] earth wrote 7 bytes to ecology
[dna] earth wrote 57 bytes to ecology
[dna] earth wrote 72 bytes to ecology
[dna] earth wrote 34 bytes to ecology
[dna] earth wrote 220 bytes to ecology
[dna] earth wrote 125 bytes to ecology
[dna] earth wrote 42 bytes to ecology
[dna] earth wrote 117 bytes to ecology
[dna] earth wrote 173 bytes to ecology
[dna] earth wrote 192 bytes to ecology
[dna] earth wrote 36 bytes to ecology
[dna] earth wrote 40 bytes to ecology
[dna] earth wrote 285 bytes to ecology
[debug-onto] tick=250 corpus=173643 stage=2 freeze=0
[dna] earth wrote 119 bytes to ecology
[dna] earth wrote 142 bytes to ecology
[dna] earth wrote 57 bytes to ecology
[dna] earth wrote 28 bytes to ecology
[dna] earth wrote 105 bytes to ecology
[dna] earth wrote 71 bytes to ecology
[dna] earth wrote 101 bytes to ecology
[dna] earth wrote 33 bytes to ecology
[dna] earth wrote 55 bytes to ecology
[dna] earth wrote 97 bytes to ecology
[dna] earth wrote 42 bytes to ecology
[dna] earth wrote 72 bytes to ecology
[dna] earth wrote 92 bytes to ecology
[dna] earth wrote 182 bytes to ecology
[dna] earth wrote 54 bytes to ecology
[dna] earth wrote 80 bytes to ecology
[dna] earth wrote 33 bytes to ecology
[dna] earth wrote 141 bytes to ecology
[dna] earth wrote 33 bytes to ecology
[dna] earth wrote 84 bytes to ecology
[debug-onto] tick=300 corpus=173643 stage=2 freeze=0
[dna] earth wrote 78 bytes to ecology
[dna] earth wrote 51 bytes to ecology
[dna] earth wrote 120 bytes to ecology
[dna] earth wrote 62 bytes to ecology
[dna] earth wrote 129 bytes to ecology
[dna] earth wrote 147 bytes to ecology
[dna] earth wrote 145 bytes to ecology
[dna] earth wrote 87 bytes to ecology
[dna] earth wrote 71 bytes to ecology
[dna] earth wrote 57 bytes to ecology
[dna] earth wrote 42 bytes to ecology
[dna] earth wrote 31 bytes to ecology
[dna] earth wrote 133 bytes to ecology
[dna] earth wrote 81 bytes to ecology
[dna] earth wrote 83 bytes to ecology
[dna] earth wrote 100 bytes to ecology
[dna] earth wrote 32 bytes to ecology
[dna] earth wrote 162 bytes to ecology
[dna] earth wrote 78 bytes to ecology
[dna] earth wrote 81 bytes to ecology
[dna] earth wrote 93 bytes to ecology
[debug-onto] tick=350 corpus=173643 stage=2 freeze=0
[dna] earth wrote 52 bytes to ecology
[dna] earth wrote 41 bytes to ecology
[dna] earth wrote 136 bytes to ecology
[dna] earth wrote 50 bytes to ecology
[dna] earth wrote 52 bytes to ecology
[dna] earth wrote 66 bytes to ecology
[dna] earth wrote 69 bytes to ecology
[dna] earth wrote 36 bytes to ecology
[dna] earth wrote 38 bytes to ecology
[dna] earth wrote 97 bytes to ecology
[dna] earth wrote 73 bytes to ecology
[dna] earth wrote 68 bytes to ecology
[dna] earth wrote 77 bytes to ecology
[dna] earth wrote 63 bytes to ecology
[dna] earth wrote 90 bytes to ecology
[dna] earth wrote 88 bytes to ecology
[dna] earth wrote 25 bytes to ecology
[dna] earth wrote 45 bytes to ecology
[dna] earth wrote 33 bytes to ecology
[dna] earth wrote 29 bytes to ecology
[debug-onto] tick=400 corpus=173643 stage=2 freeze=0
[dna] earth wrote 34 bytes to ecology
[dna] earth wrote 164 bytes to ecology
[dna] earth wrote 37 bytes to ecology
[dna] earth wrote 8 bytes to ecology
[dna] earth wrote 50 bytes to ecology
[dna] earth wrote 59 bytes to ecology
[dna] earth wrote 67 bytes to ecology
[dna] earth wrote 8 bytes to ecology
[dna] earth wrote 87 bytes to ecology
[dna] earth wrote 34 bytes to ecology
[dna] earth wrote 65 bytes to ecology
[dna] earth wrote 23 bytes to ecology
[dna] earth wrote 34 bytes to ecology
[dna] earth wrote 90 bytes to ecology
[dna] earth wrote 108 bytes to ecology
[dna] earth wrote 123 bytes to ecology
[dna] earth wrote 38 bytes to ecology
[dna] earth wrote 116 bytes to ecology
[dna] earth wrote 74 bytes to ecology
[dna] earth wrote 57 bytes to ecology
[debug-onto] tick=450 corpus=173643 stage=2 freeze=0
[dna] earth wrote 155 bytes to ecology
[dna] earth wrote 17 bytes to ecology
[dna] earth wrote 27 bytes to ecology
[dna] earth wrote 27 bytes to ecology
[dna] earth wrote 157 bytes to ecology
[dna] earth wrote 26 bytes to ecology
[dna] earth wrote 40 bytes to ecology
[dna] earth wrote 240 bytes to ecology
[dna] earth wrote 202 bytes to ecology
[dna] earth wrote 88 bytes to ecology
[dna] earth wrote 139 bytes to ecology
[dna] earth wrote 98 bytes to ecology
[dna] earth wrote 100 bytes to ecology
[dna] earth wrote 41 bytes to ecology
[dna] earth wrote 22 bytes to ecology
[dna] earth wrote 357 bytes to ecology
[dna] earth wrote 70 bytes to ecology
[dna] earth wrote 121 bytes to ecology
[dna] earth wrote 27 bytes to ecology
[dna] earth wrote 57 bytes to ecology
[debug-onto] tick=500 corpus=173643 stage=2 freeze=0
[dna] earth wrote 131 bytes to ecology
[dna] earth wrote 41 bytes to ecology
[dna] earth wrote 119 bytes to ecology
[dna] earth wrote 283 bytes to ecology
[dna] earth wrote 40 bytes to ecology
[dna] earth wrote 184 bytes to ecology
[dna] earth wrote 20 bytes to ecology
[dna] earth wrote 29 bytes to ecology
[dna] earth wrote 18 bytes to ecology
[dna] earth wrote 29 bytes to ecology
[dna] earth wrote 74 bytes to ecology
[dna] earth wrote 19 bytes to ecology
[dna] earth wrote 101 bytes to ecology
[dna] earth wrote 68 bytes to ecology
[dna] earth wrote 35 bytes to ecology
[dna] earth wrote 61 bytes to ecology
[dna] earth wrote 94 bytes to ecology
[dna] earth wrote 234 bytes to ecology
[dna] earth wrote 19 bytes to ecology
[dna] earth wrote 102 bytes to ecology
[dna] earth wrote 92 bytes to ecology
[dna] earth wrote 95 bytes to ecology
[debug-onto] tick=550 corpus=173643 stage=2 freeze=0
[dna] earth wrote 30 bytes to ecology
[dna] earth wrote 82 bytes to ecology
[dna] earth wrote 79 bytes to ecology
[dna] earth wrote 153 bytes to ecology
[dna] earth wrote 46 bytes to ecology
[dna] earth wrote 26 bytes to ecology
[dna] earth wrote 178 bytes to ecology
[dna] earth wrote 63 bytes to ecology
[dna] earth wrote 46 bytes to ecology
[dna] earth wrote 17 bytes to ecology
[dna] earth wrote 63 bytes to ecology
[dna] earth wrote 146 bytes to ecology
[dna] earth wrote 81 bytes to ecology
[dna] earth wrote 51 bytes to ecology
[dna] earth wrote 25 bytes to ecology
[dna] earth wrote 116 bytes to ecology
[dna] earth wrote 95 bytes to ecology
[debug-onto] tick=600 corpus=173643 stage=2 freeze=0
[dna] earth wrote 63 bytes to ecology
[dna] earth wrote 33 bytes to ecology
[dna] earth wrote 51 bytes to ecology
[dna] earth wrote 111 bytes to ecology
[dna] earth wrote 340 bytes to ecology
[dna] earth wrote 90 bytes to ecology
[dna] earth wrote 53 bytes to ecology
[dna] earth wrote 47 bytes to ecology
[dna] earth wrote 27 bytes to ecology
[dna] earth wrote 32 bytes to ecology
[dna] earth wrote 26 bytes to ecology
[dna] earth wrote 53 bytes to ecology
[dna] earth wrote 39 bytes to ecology
[dna] earth wrote 133 bytes to ecology
[dna] earth wrote 9 bytes to ecology
[dna] earth wrote 54 bytes to ecology
[dna] earth wrote 26 bytes to ecology
[dna] earth wrote 66 bytes to ecology
[dna] earth wrote 107 bytes to ecology
[dna] earth wrote 22 bytes to ecology
[debug-onto] tick=650 corpus=173643 stage=2 freeze=0
[dna] earth wrote 51 bytes to ecology
[dna] earth wrote 104 bytes to ecology
[dna] earth wrote 48 bytes to ecology
[dna] earth wrote 90 bytes to ecology
[dna] earth wrote 63 bytes to ecology
[dna] earth wrote 68 bytes to ecology
[dna] earth wrote 43 bytes to ecology
[dna] earth wrote 88 bytes to ecology

[evolution] Organism shutting down gracefully.
