[ecology] Element: fire → corpus: nonames_fire.txt
[evolution] Autonomous evolution mode — organism will grow through all stages without pause.
[ecology] Joined swarm. 1 peer(s) detected.
molequla is alive. [evolution] Autonomous mode — background trainer running. Ctrl+C to stop.
[dna] fire wrote 40 bytes to ecology
[dna] fire consumed 20033 bytes from 328 files: [water/gen_1777965465_1.txt water/gen_1777965483_4.txt water/gen_1777965489_6.txt water/gen_1777965492_7.txt water/gen_1777965500_10.txt water/gen_1777965506_12.txt water/gen_1777965509_13.txt water/gen_1777965517_16.txt water/gen_1777965520_17.txt water/gen_1777965523_18.txt water/gen_1777965526_19.txt water/gen_1777965535_22.txt water/gen_1777965537_23.txt water/gen_1777965540_24.txt water/gen_1777965543_25.txt water/gen_1777965552_28.txt water/gen_1777965555_29.txt water/gen_1777965558_30.txt water/gen_1777965560_31.txt water/gen_1777965569_34.txt water/gen_1777965575_36.txt water/gen_1777965578_37.txt water/gen_1777965586_40.txt water/gen_1777965592_42.txt water/gen_1777965595_43.txt water/gen_1777965603_46.txt water/gen_1777965606_47.txt water/gen_1777965609_48.txt water/gen_1777965612_49.txt water/gen_1777965621_52.txt water/gen_1777965627_54.txt water/gen_1777965630_55.txt water/gen_1777965638_58.txt water/gen_1777965644_60.txt water/gen_1777965647_61.txt water/gen_1777965655_64.txt water/gen_1777965661_66.txt water/gen_1777965664_67.txt water/gen_1777965673_70.txt water/gen_1777965675_71.txt water/gen_1777965678_72.txt water/gen_1777965681_73.txt water/gen_1777965690_76.txt water/gen_1777965695_78.txt water/gen_1777965698_79.txt water/gen_1777965707_82.txt water/gen_1777965713_84.txt water/gen_1777965715_85.txt water/gen_1777965724_88.txt water/gen_1777965741_94.txt water/gen_1777965750_97.txt water/gen_1777965758_100.txt water/gen_1777965764_102.txt water/gen_1777965767_103.txt water/gen_1777965775_106.txt water/gen_1777965778_107.txt water/gen_1777965781_108.txt water/gen_1777965784_109.txt water/gen_1777965793_112.txt water/gen_1777965796_113.txt water/gen_1777965798_114.txt water/gen_1777965801_115.txt water/gen_1777965810_118.txt water/gen_1777965813_119.txt water/gen_1777965816_120.txt water/gen_1777965818_121.txt water/gen_1777965827_124.txt water/gen_1777965833_126.txt water/gen_1777965835_127.txt water/gen_1777965844_130.txt water/gen_1777965850_132.txt water/gen_1777965853_133.txt water/gen_1777965861_136.txt water/gen_1777965867_138.txt water/gen_1777965870_139.txt water/gen_1777965878_142.txt water/gen_1777965887_145.txt water/gen_1777965896_148.txt water/gen_1777965901_150.txt water/gen_1777965904_151.txt water/gen_1777965913_154.txt water/gen_1777965919_156.txt water/gen_1777965921_157.txt water/gen_1777965930_160.txt water/gen_1777965933_161.txt water/gen_1777965936_162.txt water/gen_1777965939_163.txt water/gen_1777965948_166.txt water/gen_1777965953_168.txt water/gen_1777965956_169.txt water/gen_1777965965_172.txt water/gen_1777965971_174.txt water/gen_1777965974_175.txt water/gen_1777965982_178.txt water/gen_1777965988_180.txt water/gen_1777965991_181.txt water/gen_1777965999_184.txt water/gen_1777966005_186.txt water/gen_1777966008_187.txt water/gen_1777966017_190.txt water/gen_1777966020_191.txt water/gen_1777966022_192.txt water/gen_1777966025_193.txt water/gen_1777966034_196.txt water/gen_1777966040_198.txt water/gen_1777966043_199.txt water/gen_1777966052_202.txt water/gen_1777966054_203.txt water/gen_1777966057_204.txt water/gen_1777966060_205.txt water/gen_1777966069_208.txt water/gen_1777966072_209.txt water/gen_1777966075_210.txt water/gen_1777966077_211.txt water/gen_1777966086_214.txt water/gen_1777966089_215.txt water/gen_1777966092_216.txt water/gen_1777966095_217.txt water/gen_1777966103_220.txt water/gen_1777966106_221.txt water/gen_1777966112_223.txt water/gen_1777966121_226.txt water/gen_1777966127_228.txt water/gen_1777966130_229.txt water/gen_1777966138_232.txt water/gen_1777966144_234.txt water/gen_1777966147_235.txt water/gen_1777966155_238.txt water/gen_1777966161_240.txt water/gen_1777966164_241.txt water/gen_1777966173_244.txt water/gen_1777966178_246.txt water/gen_1777966181_247.txt water/gen_1777966190_250.txt water/gen_1777966196_252.txt water/gen_1777966199_253.txt water/gen_1777966207_256.txt water/gen_1777966210_257.txt water/gen_1777966213_258.txt water/gen_1777966216_259.txt water/gen_1777966225_262.txt water/gen_1777966231_264.txt water/gen_1777966234_265.txt water/gen_1777966242_268.txt water/gen_1777966248_270.txt water/gen_1777966251_271.txt water/gen_1777966259_274.txt water/gen_1777966262_275.txt water/gen_1777966265_276.txt water/gen_1777966268_277.txt water/gen_1777966277_280.txt water/gen_1777966283_282.txt water/gen_1777966286_283.txt water/gen_1777966294_286.txt water/gen_1777966300_288.txt water/gen_1777966303_289.txt water/gen_1777966312_292.txt water/gen_1777966315_293.txt water/gen_1777966317_294.txt water/gen_1777966320_295.txt water/gen_1777966329_298.txt water/gen_1777966335_300.txt water/gen_1777966338_301.txt water/gen_1777966346_304.txt water/gen_1777966352_306.txt water/gen_1777966355_307.txt water/gen_1777966364_310.txt water/gen_1777966369_312.txt water/gen_1777966372_313.txt water/gen_1777966381_316.txt water/gen_1777966384_317.txt water/gen_1777966387_318.txt water/gen_1777966390_319.txt water/gen_1777966398_322.txt water/gen_1777966407_325.txt water/gen_1777966416_328.txt water/gen_1777966421_330.txt water/gen_1777966424_331.txt water/gen_1777966433_334.txt water/gen_1777966436_335.txt water/gen_1777966438_336.txt water/gen_1777966441_337.txt water/gen_1777966450_340.txt water/gen_1777966456_342.txt water/gen_1777966459_343.txt water/gen_1777966467_346.txt water/gen_1777966473_348.txt water/gen_1777966476_349.txt water/gen_1777966485_352.txt water/gen_1777966491_354.txt water/gen_1777966493_355.txt water/gen_1777966502_358.txt water/gen_1777966508_360.txt water/gen_1777966511_361.txt water/gen_1777966519_364.txt water/gen_1777966525_366.txt water/gen_1777966528_367.txt water/gen_1777966537_370.txt water/gen_1777966543_372.txt water/gen_1777966546_373.txt water/gen_1777966554_376.txt water/gen_1777966560_378.txt water/gen_1777966563_379.txt water/gen_1777966572_382.txt water/gen_1777966578_384.txt water/gen_1777966581_385.txt water/gen_1777966589_388.txt water/gen_1777966595_390.txt water/gen_1777966598_391.txt water/gen_1777966607_394.txt water/gen_1777966613_396.txt water/gen_1777966616_397.txt water/gen_1777966624_400.txt water/gen_1777966630_402.txt water/gen_1777966633_403.txt water/gen_1777966642_406.txt water/gen_1777966648_408.txt water/gen_1777966651_409.txt water/gen_1777966659_412.txt water/gen_1777966665_414.txt water/gen_1777966668_415.txt water/gen_1777966677_418.txt water/gen_1777966682_420.txt water/gen_1777966685_421.txt water/gen_1777966694_424.txt water/gen_1777966697_425.txt water/gen_1777966700_426.txt water/gen_1777966703_427.txt water/gen_1777966712_430.txt water/gen_1777966717_432.txt water/gen_1777966720_433.txt water/gen_1777966729_436.txt water/gen_1777966735_438.txt water/gen_1777966738_439.txt water/gen_1777966746_442.txt water/gen_1777966752_444.txt water/gen_1777966755_445.txt water/gen_1777966764_448.txt water/gen_1777966767_449.txt water/gen_1777966770_450.txt water/gen_1777966773_451.txt water/gen_1777966781_454.txt water/gen_1777966787_456.txt water/gen_1777966790_457.txt water/gen_1777966799_460.txt water/gen_1777966804_462.txt water/gen_1777966807_463.txt water/gen_1777966816_466.txt water/gen_1777966819_467.txt water/gen_1777966822_468.txt water/gen_1777966825_469.txt water/gen_1777966834_472.txt water/gen_1777966842_475.txt water/gen_1777966851_478.txt water/gen_1777966857_480.txt water/gen_1777966860_481.txt water/gen_1777966869_484.txt water/gen_1777966875_486.txt water/gen_1777966877_487.txt water/gen_1777966886_490.txt water/gen_1777966892_492.txt water/gen_1777966895_493.txt water/gen_1777966904_496.txt water/gen_1777966909_498.txt water/gen_1777966912_499.txt water/gen_1777966921_502.txt water/gen_1777966924_503.txt water/gen_1777966927_504.txt water/gen_1777966930_505.txt water/gen_1777966939_508.txt water/gen_1777966941_509.txt water/gen_1777966944_510.txt water/gen_1777966947_511.txt water/gen_1777966956_514.txt water/gen_1777966962_516.txt water/gen_1777966965_517.txt water/gen_1777966973_520.txt water/gen_1777966979_522.txt water/gen_1777966982_523.txt water/gen_1777966991_526.txt water/gen_1777967000_529.txt water/gen_1777967008_532.txt water/gen_1777967017_535.txt water/gen_1777967026_538.txt water/gen_1777967032_540.txt water/gen_1777967035_541.txt water/gen_1777967044_544.txt water/gen_1777967050_546.txt water/gen_1777967053_547.txt water/gen_1777967061_550.txt water/gen_1777967067_552.txt water/gen_1777967070_553.txt water/gen_1777967079_556.txt water/gen_1777967085_558.txt water/gen_1777967088_559.txt water/gen_1777967096_562.txt water/gen_1777967102_564.txt water/gen_1777967105_565.txt water/gen_1777967114_568.txt water/gen_1777967120_570.txt water/gen_1777967123_571.txt water/gen_1777967132_574.txt water/gen_1777967135_575.txt water/gen_1777967138_576.txt water/gen_1777967141_577.txt water/gen_1777967149_580.txt water/gen_1777967152_581.txt water/gen_1777967155_582.txt water/gen_1777967158_583.txt water/gen_1777967167_586.txt water/gen_1777967173_588.txt water/gen_1777967176_589.txt water/gen_1777967185_592.txt water/gen_1777967188_593.txt water/gen_1777967191_594.txt water/gen_1777967194_595.txt water/gen_1777967202_598.txt water/gen_1777967208_600.txt water/gen_1777967211_601.txt water/gen_1777967220_604.txt water/gen_1777967226_606.txt water/gen_1777967228_607.txt water/gen_1777967237_610.txt water/gen_1777967240_611.txt water/gen_1777967243_612.txt water/gen_1777967246_613.txt water/gen_1777967255_616.txt water/gen_1777967261_618.txt]
[trainer] micro-train burst (20033 bytes, novelty 0.04) — and lo, it feeds again.
[syntropy] action=explore | trend=0.0000 | field_dev=0.002 | purpose_align=0.053 | lr_mul=1.30
[aml] burst complete: 32 steps, avg loss 1.3198 (memory freed)
[dna] fire wrote 80 bytes to ecology
[dna] fire wrote 42 bytes to ecology
[dna] fire wrote 66 bytes to ecology
[dna] fire wrote 85 bytes to ecology
[dna] fire wrote 55 bytes to ecology
[dna] fire wrote 80 bytes to ecology
[dna] fire wrote 149 bytes to ecology
[dna] fire wrote 25 bytes to ecology
[dna] fire wrote 126 bytes to ecology
[dna] fire wrote 38 bytes to ecology
[dna] fire wrote 24 bytes to ecology
[dna] fire wrote 107 bytes to ecology
[dna] fire wrote 126 bytes to ecology
[dna] fire wrote 53 bytes to ecology
[dna] fire wrote 42 bytes to ecology
[dna] fire wrote 72 bytes to ecology
[debug-onto] tick=50 corpus=142261 stage=2 freeze=0
[dna] fire wrote 95 bytes to ecology
[dna] fire wrote 86 bytes to ecology
[dna] fire wrote 32 bytes to ecology
[dna] fire wrote 71 bytes to ecology
[dna] fire wrote 60 bytes to ecology
[dna] fire wrote 77 bytes to ecology
[dna] fire wrote 59 bytes to ecology
[dna] fire wrote 67 bytes to ecology
[dna] fire wrote 57 bytes to ecology
[dna] fire wrote 71 bytes to ecology
[dna] fire wrote 77 bytes to ecology
[dna] fire wrote 117 bytes to ecology
[dna] fire wrote 52 bytes to ecology
[dna] fire wrote 153 bytes to ecology
[dna] fire wrote 42 bytes to ecology
[dna] fire wrote 62 bytes to ecology
[dna] fire wrote 110 bytes to ecology
[debug-onto] tick=100 corpus=142261 stage=2 freeze=0
[dna] fire wrote 24 bytes to ecology
[dna] fire wrote 174 bytes to ecology
[dna] fire wrote 67 bytes to ecology
[dna] fire wrote 26 bytes to ecology
[dna] fire wrote 117 bytes to ecology
[dna] fire wrote 71 bytes to ecology
[dna] fire wrote 100 bytes to ecology
[dna] fire wrote 105 bytes to ecology
[dna] fire wrote 46 bytes to ecology
[dna] fire wrote 142 bytes to ecology
[dna] fire wrote 52 bytes to ecology
[dna] fire wrote 261 bytes to ecology
[dna] fire wrote 49 bytes to ecology
[dna] fire wrote 205 bytes to ecology
[dna] fire wrote 63 bytes to ecology
[dna] fire wrote 50 bytes to ecology
[debug-onto] tick=150 corpus=142261 stage=2 freeze=0
[dna] fire wrote 40 bytes to ecology
[dna] fire wrote 139 bytes to ecology
[dna] fire wrote 70 bytes to ecology
[dna] fire wrote 45 bytes to ecology
[dna] fire wrote 40 bytes to ecology
[dna] fire wrote 97 bytes to ecology
[dna] fire wrote 11 bytes to ecology
[dna] fire wrote 78 bytes to ecology
[dna] fire wrote 71 bytes to ecology
[dna] fire wrote 33 bytes to ecology
[dna] fire wrote 83 bytes to ecology
[dna] fire wrote 36 bytes to ecology
[dna] fire wrote 21 bytes to ecology
[dna] fire wrote 23 bytes to ecology
[dna] fire wrote 122 bytes to ecology
[dna] fire wrote 55 bytes to ecology
[dna] fire wrote 74 bytes to ecology
[debug-onto] tick=200 corpus=142261 stage=2 freeze=0
[dna] fire wrote 65 bytes to ecology
[dna] fire wrote 27 bytes to ecology
[dna] fire wrote 37 bytes to ecology
[dna] fire wrote 106 bytes to ecology
[dna] fire wrote 84 bytes to ecology
[dna] fire wrote 54 bytes to ecology
[dna] fire wrote 37 bytes to ecology
[dna] fire wrote 155 bytes to ecology
[dna] fire wrote 45 bytes to ecology
[dna] fire wrote 156 bytes to ecology
[dna] fire wrote 48 bytes to ecology
[dna] fire wrote 66 bytes to ecology
[dna] fire wrote 75 bytes to ecology
[dna] fire wrote 82 bytes to ecology
[dna] fire wrote 40 bytes to ecology
[dna] fire wrote 48 bytes to ecology
[dna] fire wrote 17 bytes to ecology
[debug-onto] tick=250 corpus=142261 stage=2 freeze=0
[dna] fire wrote 46 bytes to ecology
[dna] fire wrote 49 bytes to ecology
[dna] fire wrote 113 bytes to ecology
[dna] fire wrote 92 bytes to ecology
[dna] fire wrote 28 bytes to ecology
[dna] fire wrote 32 bytes to ecology
[dna] fire wrote 33 bytes to ecology
[dna] fire wrote 26 bytes to ecology
[dna] fire wrote 30 bytes to ecology
[dna] fire wrote 94 bytes to ecology
[dna] fire wrote 193 bytes to ecology
[dna] fire wrote 47 bytes to ecology
[dna] fire wrote 91 bytes to ecology
[dna] fire wrote 136 bytes to ecology
[dna] fire wrote 45 bytes to ecology
[dna] fire wrote 34 bytes to ecology
[debug-onto] tick=300 corpus=142261 stage=2 freeze=0
[dna] fire wrote 32 bytes to ecology
[dna] fire wrote 121 bytes to ecology
[dna] fire wrote 153 bytes to ecology
[dna] fire wrote 183 bytes to ecology
[dna] fire wrote 41 bytes to ecology
[dna] fire wrote 27 bytes to ecology
[dna] fire wrote 54 bytes to ecology
[dna] fire wrote 112 bytes to ecology
[dna] fire wrote 180 bytes to ecology
[dna] fire wrote 126 bytes to ecology
[dna] fire wrote 25 bytes to ecology
[dna] fire wrote 78 bytes to ecology
[dna] fire wrote 32 bytes to ecology
[dna] fire wrote 96 bytes to ecology
[dna] fire wrote 32 bytes to ecology
[dna] fire wrote 15 bytes to ecology
[dna] fire wrote 35 bytes to ecology
[debug-onto] tick=350 corpus=142261 stage=2 freeze=0
[dna] fire wrote 54 bytes to ecology
[dna] fire wrote 90 bytes to ecology
[dna] fire wrote 167 bytes to ecology
[dna] fire wrote 57 bytes to ecology
[dna] fire wrote 39 bytes to ecology
[dna] fire wrote 114 bytes to ecology
[dna] fire wrote 204 bytes to ecology
[dna] fire wrote 45 bytes to ecology
[dna] fire wrote 54 bytes to ecology
[dna] fire wrote 94 bytes to ecology
[dna] fire wrote 40 bytes to ecology
[dna] fire wrote 41 bytes to ecology
[dna] fire wrote 65 bytes to ecology
[dna] fire wrote 126 bytes to ecology
[dna] fire wrote 37 bytes to ecology
[dna] fire wrote 26 bytes to ecology
[dna] fire wrote 45 bytes to ecology
[debug-onto] tick=400 corpus=142261 stage=2 freeze=0
[dna] fire wrote 50 bytes to ecology
[dna] fire wrote 90 bytes to ecology
[dna] fire wrote 111 bytes to ecology
[dna] fire wrote 63 bytes to ecology
[dna] fire wrote 55 bytes to ecology
[dna] fire wrote 38 bytes to ecology
[dna] fire wrote 42 bytes to ecology
[dna] fire wrote 92 bytes to ecology
[dna] fire wrote 38 bytes to ecology
[dna] fire wrote 127 bytes to ecology
[dna] fire wrote 55 bytes to ecology
[dna] fire wrote 37 bytes to ecology
[dna] fire wrote 83 bytes to ecology
[dna] fire wrote 29 bytes to ecology
[dna] fire wrote 32 bytes to ecology
[dna] fire wrote 79 bytes to ecology
[debug-onto] tick=450 corpus=142261 stage=2 freeze=0
[dna] fire wrote 35 bytes to ecology
[dna] fire wrote 90 bytes to ecology
[dna] fire wrote 140 bytes to ecology
[dna] fire wrote 63 bytes to ecology
[dna] fire wrote 87 bytes to ecology
[dna] fire wrote 33 bytes to ecology
[dna] fire wrote 192 bytes to ecology
[dna] fire wrote 77 bytes to ecology
[dna] fire wrote 34 bytes to ecology
[dna] fire wrote 59 bytes to ecology
[dna] fire wrote 172 bytes to ecology
[dna] fire wrote 93 bytes to ecology
[dna] fire wrote 107 bytes to ecology
[dna] fire wrote 75 bytes to ecology
[dna] fire wrote 64 bytes to ecology
[dna] fire wrote 94 bytes to ecology
[dna] fire wrote 111 bytes to ecology
[debug-onto] tick=500 corpus=142261 stage=2 freeze=0
[dna] fire wrote 106 bytes to ecology
[dna] fire wrote 166 bytes to ecology
[dna] fire wrote 78 bytes to ecology
[dna] fire wrote 87 bytes to ecology
[dna] fire wrote 104 bytes to ecology
[dna] fire wrote 139 bytes to ecology
[dna] fire wrote 54 bytes to ecology
[dna] fire wrote 73 bytes to ecology
[dna] fire wrote 101 bytes to ecology
[dna] fire wrote 73 bytes to ecology
[dna] fire wrote 106 bytes to ecology
[dna] fire wrote 73 bytes to ecology
[dna] fire wrote 46 bytes to ecology
[dna] fire wrote 36 bytes to ecology
[dna] fire wrote 24 bytes to ecology
[dna] fire wrote 41 bytes to ecology
[dna] fire wrote 68 bytes to ecology
[debug-onto] tick=550 corpus=142261 stage=2 freeze=0
[dna] fire wrote 101 bytes to ecology
[dna] fire wrote 100 bytes to ecology
[dna] fire wrote 182 bytes to ecology
[dna] fire wrote 97 bytes to ecology
[dna] fire wrote 27 bytes to ecology
[dna] fire wrote 75 bytes to ecology
[dna] fire wrote 127 bytes to ecology
[dna] fire wrote 62 bytes to ecology
[dna] fire wrote 72 bytes to ecology
[dna] fire wrote 59 bytes to ecology
[dna] fire wrote 143 bytes to ecology
[dna] fire wrote 234 bytes to ecology
[dna] fire wrote 47 bytes to ecology
[dna] fire wrote 19 bytes to ecology
[dna] fire wrote 153 bytes to ecology
[dna] fire wrote 49 bytes to ecology
[debug-onto] tick=600 corpus=142261 stage=2 freeze=0
[dna] fire wrote 42 bytes to ecology
[dna] fire wrote 60 bytes to ecology
[dna] fire wrote 45 bytes to ecology
[dna] fire wrote 33 bytes to ecology
[dna] fire wrote 86 bytes to ecology
[dna] fire wrote 56 bytes to ecology
[dna] fire wrote 80 bytes to ecology
[dna] fire wrote 57 bytes to ecology
[dna] fire wrote 93 bytes to ecology
[dna] fire wrote 51 bytes to ecology
[dna] fire wrote 72 bytes to ecology
[dna] fire wrote 23 bytes to ecology
[dna] fire wrote 85 bytes to ecology

[evolution] Organism shutting down gracefully.
