[ecology] Element: water → corpus: nonames_water.txt
[evolution] Autonomous evolution mode — organism will grow through all stages without pause.
[ecology] Joined swarm. 1 peer(s) detected.
molequla is alive. [evolution] Autonomous mode — background trainer running. Ctrl+C to stop.
[dna] water wrote 44 bytes to ecology
[dna] water consumed 16697 bytes from 221 files: [air/gen_1777963665_1.txt air/gen_1777963681_4.txt air/gen_1777963689_7.txt air/gen_1777963697_10.txt air/gen_1777963705_13.txt air/gen_1777963713_16.txt air/gen_1777963721_19.txt air/gen_1777963729_22.txt air/gen_1777963737_25.txt air/gen_1777963745_28.txt air/gen_1777963753_31.txt air/gen_1777963761_34.txt air/gen_1777963769_37.txt air/gen_1777963777_40.txt air/gen_1777963785_43.txt air/gen_1777963793_46.txt air/gen_1777963801_49.txt air/gen_1777963809_52.txt air/gen_1777963817_55.txt air/gen_1777963825_58.txt air/gen_1777963833_61.txt air/gen_1777963841_64.txt air/gen_1777963849_67.txt air/gen_1777963857_70.txt air/gen_1777963865_73.txt air/gen_1777963872_76.txt air/gen_1777963880_79.txt air/gen_1777963888_82.txt air/gen_1777963896_85.txt air/gen_1777963904_88.txt air/gen_1777963912_91.txt air/gen_1777963920_94.txt air/gen_1777963936_100.txt air/gen_1777963944_103.txt air/gen_1777963952_106.txt air/gen_1777963960_109.txt air/gen_1777963968_112.txt air/gen_1777963976_115.txt air/gen_1777963984_118.txt air/gen_1777963992_121.txt air/gen_1777964000_124.txt air/gen_1777964008_127.txt air/gen_1777964016_130.txt air/gen_1777964024_133.txt air/gen_1777964032_136.txt air/gen_1777964040_139.txt air/gen_1777964048_142.txt air/gen_1777964056_145.txt air/gen_1777964064_148.txt air/gen_1777964072_151.txt air/gen_1777964080_154.txt air/gen_1777964088_157.txt air/gen_1777964096_160.txt air/gen_1777964104_163.txt air/gen_1777964112_166.txt air/gen_1777964120_169.txt air/gen_1777964128_172.txt air/gen_1777964136_175.txt air/gen_1777964144_178.txt air/gen_1777964152_181.txt air/gen_1777964160_184.txt air/gen_1777964168_187.txt air/gen_1777964176_190.txt air/gen_1777964184_193.txt air/gen_1777964192_196.txt air/gen_1777964200_199.txt air/gen_1777964208_202.txt air/gen_1777964216_205.txt air/gen_1777964224_208.txt air/gen_1777964232_211.txt air/gen_1777964239_214.txt air/gen_1777964247_217.txt air/gen_1777964255_220.txt air/gen_1777964263_223.txt air/gen_1777964271_226.txt air/gen_1777964279_229.txt air/gen_1777964287_232.txt air/gen_1777964295_235.txt air/gen_1777964303_238.txt air/gen_1777964311_241.txt air/gen_1777964319_244.txt air/gen_1777964327_247.txt air/gen_1777964335_250.txt air/gen_1777964343_253.txt air/gen_1777964351_256.txt air/gen_1777964359_259.txt air/gen_1777964367_262.txt air/gen_1777964375_265.txt air/gen_1777964383_268.txt air/gen_1777964391_271.txt air/gen_1777964399_274.txt air/gen_1777964407_277.txt air/gen_1777964415_280.txt air/gen_1777964423_283.txt air/gen_1777964431_286.txt air/gen_1777964439_289.txt air/gen_1777964447_292.txt air/gen_1777964455_295.txt air/gen_1777964463_298.txt air/gen_1777964471_301.txt air/gen_1777964479_304.txt air/gen_1777964486_307.txt air/gen_1777964494_310.txt air/gen_1777964502_313.txt air/gen_1777964510_316.txt air/gen_1777964518_319.txt air/gen_1777964526_322.txt air/gen_1777964534_325.txt air/gen_1777964542_328.txt air/gen_1777964550_331.txt air/gen_1777964558_334.txt air/gen_1777964566_337.txt air/gen_1777964574_340.txt air/gen_1777964582_343.txt air/gen_1777964590_346.txt air/gen_1777964598_349.txt air/gen_1777964606_352.txt air/gen_1777964614_355.txt air/gen_1777964622_358.txt air/gen_1777964630_361.txt air/gen_1777964638_364.txt air/gen_1777964646_367.txt air/gen_1777964654_370.txt air/gen_1777964662_373.txt air/gen_1777964670_376.txt air/gen_1777964678_379.txt air/gen_1777964686_382.txt air/gen_1777964694_385.txt air/gen_1777964702_388.txt air/gen_1777964710_391.txt air/gen_1777964718_394.txt air/gen_1777964726_397.txt air/gen_1777964734_400.txt air/gen_1777964742_403.txt air/gen_1777964750_406.txt air/gen_1777964758_409.txt air/gen_1777964766_412.txt air/gen_1777964774_415.txt air/gen_1777964782_418.txt air/gen_1777964790_421.txt air/gen_1777964798_424.txt air/gen_1777964806_427.txt air/gen_1777964814_430.txt air/gen_1777964822_433.txt air/gen_1777964830_436.txt air/gen_1777964838_439.txt air/gen_1777964846_442.txt air/gen_1777964854_445.txt air/gen_1777964862_448.txt air/gen_1777964870_451.txt air/gen_1777964878_454.txt air/gen_1777964886_457.txt air/gen_1777964894_460.txt air/gen_1777964902_463.txt air/gen_1777964910_466.txt air/gen_1777964918_469.txt air/gen_1777964926_472.txt air/gen_1777964934_475.txt air/gen_1777964942_478.txt air/gen_1777964951_481.txt air/gen_1777964959_484.txt air/gen_1777964967_487.txt air/gen_1777964975_490.txt air/gen_1777964983_493.txt air/gen_1777964991_496.txt air/gen_1777964999_499.txt air/gen_1777965007_502.txt air/gen_1777965015_505.txt air/gen_1777965023_508.txt air/gen_1777965031_511.txt air/gen_1777965039_514.txt air/gen_1777965048_517.txt air/gen_1777965055_520.txt air/gen_1777965064_523.txt air/gen_1777965079_529.txt air/gen_1777965087_532.txt air/gen_1777965096_535.txt air/gen_1777965103_538.txt air/gen_1777965111_541.txt air/gen_1777965120_544.txt air/gen_1777965128_547.txt air/gen_1777965136_550.txt air/gen_1777965144_553.txt air/gen_1777965152_556.txt air/gen_1777965160_559.txt air/gen_1777965168_562.txt air/gen_1777965176_565.txt air/gen_1777965184_568.txt air/gen_1777965192_571.txt air/gen_1777965200_574.txt air/gen_1777965208_577.txt air/gen_1777965216_580.txt air/gen_1777965224_583.txt air/gen_1777965232_586.txt air/gen_1777965240_589.txt air/gen_1777965248_592.txt air/gen_1777965256_595.txt air/gen_1777965264_598.txt air/gen_1777965272_601.txt air/gen_1777965280_604.txt air/gen_1777965288_607.txt air/gen_1777965296_610.txt air/gen_1777965304_613.txt air/gen_1777965312_616.txt air/gen_1777965320_619.txt air/gen_1777965328_622.txt air/gen_1777965336_625.txt air/gen_1777965344_628.txt air/gen_1777965352_631.txt air/gen_1777965360_634.txt air/gen_1777965368_637.txt air/gen_1777965384_643.txt air/gen_1777965392_646.txt air/gen_1777965400_649.txt air/gen_1777965408_652.txt air/gen_1777965416_655.txt air/gen_1777965424_658.txt air/gen_1777965432_661.txt air/gen_1777965440_664.txt air/gen_1777965448_667.txt air/gen_1777965456_670.txt]
[trainer] micro-train burst (16697 bytes, novelty 0.03) — and lo, it feeds again.
[syntropy] action=explore | trend=0.0000 | field_dev=-0.070 | purpose_align=0.052 | lr_mul=1.30
[aml] burst complete: 32 steps, avg loss 1.7850 (memory freed)
[dna] water wrote 78 bytes to ecology
[dna] water wrote 18 bytes to ecology
[dna] water wrote 68 bytes to ecology
[dna] water wrote 27 bytes to ecology
[dna] water wrote 17 bytes to ecology
[dna] water wrote 52 bytes to ecology
[dna] water wrote 124 bytes to ecology
[dna] water wrote 106 bytes to ecology
[dna] water wrote 68 bytes to ecology
[dna] water wrote 45 bytes to ecology
[dna] water wrote 80 bytes to ecology
[dna] water wrote 43 bytes to ecology
[dna] water wrote 44 bytes to ecology
[dna] water wrote 23 bytes to ecology
[dna] water wrote 54 bytes to ecology
[dna] water wrote 40 bytes to ecology
[dna] water wrote 56 bytes to ecology
[dna] water wrote 70 bytes to ecology
[dna] water wrote 48 bytes to ecology
[dna] water wrote 44 bytes to ecology
[dna] water wrote 51 bytes to ecology
[dna] water wrote 40 bytes to ecology
[dna] water wrote 14 bytes to ecology
[dna] water wrote 72 bytes to ecology
[dna] water wrote 86 bytes to ecology
[dna] water wrote 24 bytes to ecology
[dna] water wrote 108 bytes to ecology
[dna] water wrote 40 bytes to ecology
[debug-onto] tick=50 corpus=142615 stage=2 freeze=0
[dna] water wrote 128 bytes to ecology
[dna] water wrote 62 bytes to ecology
[dna] water wrote 85 bytes to ecology
[dna] water wrote 10 bytes to ecology
[dna] water wrote 16 bytes to ecology
[dna] water wrote 75 bytes to ecology
[dna] water wrote 23 bytes to ecology
[dna] water wrote 58 bytes to ecology
[dna] water wrote 54 bytes to ecology
[dna] water wrote 126 bytes to ecology
[dna] water wrote 58 bytes to ecology
[dna] water wrote 48 bytes to ecology
[dna] water wrote 28 bytes to ecology
[dna] water wrote 135 bytes to ecology
[dna] water wrote 78 bytes to ecology
[dna] water wrote 33 bytes to ecology
[dna] water wrote 79 bytes to ecology
[dna] water wrote 163 bytes to ecology
[dna] water wrote 119 bytes to ecology
[dna] water wrote 105 bytes to ecology
[dna] water wrote 7 bytes to ecology
[dna] water wrote 64 bytes to ecology
[dna] water wrote 51 bytes to ecology
[dna] water wrote 39 bytes to ecology
[debug-onto] tick=100 corpus=142615 stage=2 freeze=0
[dna] water wrote 25 bytes to ecology
[dna] water wrote 112 bytes to ecology
[dna] water wrote 126 bytes to ecology
[dna] water wrote 25 bytes to ecology
[dna] water wrote 74 bytes to ecology
[dna] water wrote 93 bytes to ecology
[dna] water wrote 88 bytes to ecology
[dna] water wrote 96 bytes to ecology
[dna] water wrote 73 bytes to ecology
[dna] water wrote 32 bytes to ecology
[dna] water wrote 26 bytes to ecology
[dna] water wrote 29 bytes to ecology
[dna] water wrote 52 bytes to ecology
[dna] water wrote 44 bytes to ecology
[dna] water wrote 62 bytes to ecology
[dna] water wrote 9 bytes to ecology
[dna] water wrote 38 bytes to ecology
[dna] water wrote 66 bytes to ecology
[dna] water wrote 43 bytes to ecology
[dna] water wrote 49 bytes to ecology
[dna] water wrote 58 bytes to ecology
[dna] water wrote 43 bytes to ecology
[dna] water wrote 32 bytes to ecology
[dna] water wrote 27 bytes to ecology
[dna] water wrote 56 bytes to ecology
[dna] water wrote 53 bytes to ecology
[dna] water wrote 24 bytes to ecology
[dna] water wrote 16 bytes to ecology
[debug-onto] tick=150 corpus=142615 stage=2 freeze=0
[dna] water wrote 39 bytes to ecology
[dna] water wrote 59 bytes to ecology
[dna] water wrote 92 bytes to ecology
[dna] water wrote 35 bytes to ecology
[dna] water wrote 30 bytes to ecology
[dna] water wrote 74 bytes to ecology
[dna] water wrote 59 bytes to ecology
[dna] water wrote 70 bytes to ecology
[dna] water wrote 136 bytes to ecology
[dna] water wrote 31 bytes to ecology
[dna] water wrote 35 bytes to ecology
[dna] water wrote 67 bytes to ecology
[dna] water wrote 23 bytes to ecology
[dna] water wrote 39 bytes to ecology
[dna] water wrote 97 bytes to ecology
[dna] water wrote 36 bytes to ecology
[dna] water wrote 37 bytes to ecology
[dna] water wrote 62 bytes to ecology
[dna] water wrote 99 bytes to ecology
[dna] water wrote 59 bytes to ecology
[dna] water wrote 24 bytes to ecology
[dna] water wrote 84 bytes to ecology
[dna] water wrote 24 bytes to ecology
[dna] water wrote 135 bytes to ecology
[dna] water wrote 58 bytes to ecology
[dna] water wrote 18 bytes to ecology
[dna] water wrote 32 bytes to ecology
[debug-onto] tick=200 corpus=142615 stage=2 freeze=0
[dna] water wrote 109 bytes to ecology
[dna] water wrote 12 bytes to ecology
[dna] water wrote 17 bytes to ecology
[dna] water wrote 40 bytes to ecology
[dna] water wrote 36 bytes to ecology
[dna] water wrote 190 bytes to ecology
[dna] water wrote 59 bytes to ecology
[dna] water wrote 89 bytes to ecology
[dna] water wrote 123 bytes to ecology
[dna] water wrote 38 bytes to ecology
[dna] water wrote 14 bytes to ecology
[dna] water wrote 35 bytes to ecology
[dna] water wrote 68 bytes to ecology
[dna] water wrote 18 bytes to ecology
[dna] water wrote 8 bytes to ecology
[dna] water wrote 27 bytes to ecology
[dna] water wrote 105 bytes to ecology
[dna] water wrote 73 bytes to ecology
[dna] water wrote 37 bytes to ecology
[dna] water wrote 44 bytes to ecology
[dna] water wrote 147 bytes to ecology
[dna] water wrote 17 bytes to ecology
[dna] water wrote 29 bytes to ecology
[dna] water wrote 15 bytes to ecology
[dna] water wrote 58 bytes to ecology
[dna] water wrote 34 bytes to ecology
[dna] water wrote 39 bytes to ecology
[dna] water wrote 113 bytes to ecology
[dna] water wrote 56 bytes to ecology
[debug-onto] tick=250 corpus=142615 stage=2 freeze=0
[dna] water wrote 43 bytes to ecology
[dna] water wrote 29 bytes to ecology
[dna] water wrote 118 bytes to ecology
[dna] water wrote 39 bytes to ecology
[dna] water wrote 70 bytes to ecology
[dna] water wrote 66 bytes to ecology
[dna] water wrote 37 bytes to ecology
[dna] water wrote 96 bytes to ecology
[dna] water wrote 44 bytes to ecology
[dna] water wrote 53 bytes to ecology
[dna] water wrote 12 bytes to ecology
[dna] water wrote 36 bytes to ecology
[dna] water wrote 56 bytes to ecology
[dna] water wrote 89 bytes to ecology
[dna] water wrote 91 bytes to ecology
[dna] water wrote 163 bytes to ecology
[dna] water wrote 55 bytes to ecology
[dna] water wrote 17 bytes to ecology
[dna] water wrote 89 bytes to ecology
[dna] water wrote 57 bytes to ecology
[dna] water wrote 69 bytes to ecology
[dna] water wrote 60 bytes to ecology
[dna] water wrote 60 bytes to ecology
[dna] water wrote 14 bytes to ecology
[dna] water wrote 28 bytes to ecology
[dna] water wrote 54 bytes to ecology
[dna] water wrote 66 bytes to ecology
[dna] water wrote 13 bytes to ecology
[debug-onto] tick=300 corpus=142615 stage=2 freeze=0
[dna] water wrote 71 bytes to ecology
[dna] water wrote 114 bytes to ecology
[dna] water wrote 73 bytes to ecology
[dna] water wrote 89 bytes to ecology
[dna] water wrote 53 bytes to ecology
[dna] water wrote 82 bytes to ecology
[dna] water wrote 44 bytes to ecology
[dna] water wrote 36 bytes to ecology
[dna] water wrote 41 bytes to ecology
[dna] water wrote 42 bytes to ecology
[dna] water wrote 57 bytes to ecology
[dna] water wrote 31 bytes to ecology
[dna] water wrote 9 bytes to ecology
[dna] water wrote 72 bytes to ecology
[dna] water wrote 28 bytes to ecology
[dna] water wrote 11 bytes to ecology
[dna] water wrote 70 bytes to ecology
[dna] water wrote 78 bytes to ecology
[dna] water wrote 33 bytes to ecology
[dna] water wrote 27 bytes to ecology
[dna] water wrote 89 bytes to ecology
[dna] water wrote 24 bytes to ecology
[dna] water wrote 146 bytes to ecology
[dna] water wrote 58 bytes to ecology
[dna] water wrote 78 bytes to ecology
[dna] water wrote 109 bytes to ecology
[dna] water wrote 88 bytes to ecology
[debug-onto] tick=350 corpus=142615 stage=2 freeze=0
[dna] water wrote 163 bytes to ecology
[dna] water wrote 47 bytes to ecology
[dna] water wrote 17 bytes to ecology
[dna] water wrote 59 bytes to ecology
[dna] water wrote 35 bytes to ecology
[dna] water wrote 80 bytes to ecology
[dna] water wrote 102 bytes to ecology
[dna] water wrote 18 bytes to ecology
[dna] water wrote 86 bytes to ecology
[dna] water wrote 110 bytes to ecology
[dna] water wrote 47 bytes to ecology
[dna] water wrote 31 bytes to ecology
[dna] water wrote 55 bytes to ecology
[dna] water wrote 23 bytes to ecology
[dna] water wrote 97 bytes to ecology
[dna] water wrote 22 bytes to ecology
[dna] water wrote 75 bytes to ecology
[dna] water wrote 64 bytes to ecology
[dna] water wrote 40 bytes to ecology
[dna] water wrote 57 bytes to ecology
[dna] water wrote 44 bytes to ecology
[dna] water wrote 37 bytes to ecology
[dna] water wrote 58 bytes to ecology
[dna] water wrote 92 bytes to ecology
[dna] water wrote 84 bytes to ecology
[debug-onto] tick=400 corpus=142615 stage=2 freeze=0
[dna] water wrote 74 bytes to ecology
[dna] water wrote 93 bytes to ecology
[dna] water wrote 107 bytes to ecology
[dna] water wrote 13 bytes to ecology
[dna] water wrote 163 bytes to ecology
[dna] water wrote 52 bytes to ecology
[dna] water wrote 15 bytes to ecology
[dna] water wrote 28 bytes to ecology
[dna] water wrote 36 bytes to ecology
[dna] water wrote 16 bytes to ecology
[dna] water wrote 50 bytes to ecology
[dna] water wrote 33 bytes to ecology
[dna] water wrote 28 bytes to ecology
[dna] water wrote 58 bytes to ecology
[dna] water wrote 92 bytes to ecology
[dna] water wrote 68 bytes to ecology
[dna] water wrote 30 bytes to ecology
[dna] water wrote 54 bytes to ecology
[dna] water wrote 41 bytes to ecology
[dna] water wrote 98 bytes to ecology
[dna] water wrote 61 bytes to ecology
[dna] water wrote 99 bytes to ecology
[dna] water wrote 100 bytes to ecology
[dna] water wrote 101 bytes to ecology
[dna] water wrote 42 bytes to ecology
[dna] water wrote 21 bytes to ecology
[dna] water wrote 34 bytes to ecology
[debug-onto] tick=450 corpus=142615 stage=2 freeze=0
[dna] water wrote 155 bytes to ecology
[dna] water wrote 149 bytes to ecology
[dna] water wrote 43 bytes to ecology
[dna] water wrote 35 bytes to ecology
[dna] water wrote 48 bytes to ecology
[dna] water wrote 58 bytes to ecology
[dna] water wrote 74 bytes to ecology
[dna] water wrote 80 bytes to ecology
[dna] water wrote 107 bytes to ecology
[dna] water wrote 84 bytes to ecology
[dna] water wrote 30 bytes to ecology
[dna] water wrote 89 bytes to ecology
[dna] water wrote 9 bytes to ecology
[dna] water wrote 47 bytes to ecology
[dna] water wrote 34 bytes to ecology
[dna] water wrote 85 bytes to ecology
[dna] water wrote 78 bytes to ecology
[dna] water wrote 74 bytes to ecology
[dna] water wrote 148 bytes to ecology
[dna] water wrote 62 bytes to ecology
[dna] water wrote 78 bytes to ecology
[dna] water wrote 28 bytes to ecology
[dna] water wrote 46 bytes to ecology
[dna] water wrote 73 bytes to ecology
[dna] water wrote 34 bytes to ecology
[dna] water wrote 28 bytes to ecology
[debug-onto] tick=500 corpus=142615 stage=2 freeze=0
[dna] water wrote 98 bytes to ecology
[dna] water wrote 26 bytes to ecology
[dna] water wrote 27 bytes to ecology
[dna] water wrote 97 bytes to ecology
[dna] water wrote 47 bytes to ecology
[dna] water wrote 66 bytes to ecology
[dna] water wrote 13 bytes to ecology
[dna] water wrote 52 bytes to ecology
[dna] water wrote 59 bytes to ecology
[dna] water wrote 16 bytes to ecology
[dna] water wrote 44 bytes to ecology
[dna] water wrote 51 bytes to ecology
[dna] water wrote 83 bytes to ecology
[dna] water wrote 89 bytes to ecology
[dna] water wrote 38 bytes to ecology
[dna] water wrote 9 bytes to ecology
[dna] water wrote 25 bytes to ecology
[dna] water wrote 80 bytes to ecology
[dna] water wrote 172 bytes to ecology
[dna] water wrote 58 bytes to ecology
[dna] water wrote 32 bytes to ecology
[dna] water wrote 87 bytes to ecology
[dna] water wrote 57 bytes to ecology
[dna] water wrote 15 bytes to ecology
[dna] water wrote 73 bytes to ecology
[dna] water wrote 34 bytes to ecology
[debug-onto] tick=550 corpus=142615 stage=2 freeze=0
[dna] water wrote 65 bytes to ecology
[dna] water wrote 53 bytes to ecology
[dna] water wrote 126 bytes to ecology
[dna] water wrote 7 bytes to ecology
[dna] water wrote 36 bytes to ecology
[dna] water wrote 43 bytes to ecology
[dna] water wrote 103 bytes to ecology
[dna] water wrote 127 bytes to ecology
[dna] water wrote 33 bytes to ecology
[dna] water wrote 87 bytes to ecology
[dna] water wrote 56 bytes to ecology
[dna] water wrote 42 bytes to ecology
[dna] water wrote 60 bytes to ecology
[dna] water wrote 89 bytes to ecology
[dna] water wrote 22 bytes to ecology
[dna] water wrote 58 bytes to ecology
[dna] water wrote 57 bytes to ecology
[dna] water wrote 114 bytes to ecology
[dna] water wrote 21 bytes to ecology
[dna] water wrote 126 bytes to ecology
[dna] water wrote 26 bytes to ecology
[dna] water wrote 82 bytes to ecology
[dna] water wrote 66 bytes to ecology
[dna] water wrote 137 bytes to ecology
[dna] water wrote 63 bytes to ecology
[dna] water wrote 49 bytes to ecology
[dna] water wrote 122 bytes to ecology
[dna] water wrote 39 bytes to ecology
[dna] water wrote 75 bytes to ecology
[debug-onto] tick=600 corpus=142615 stage=2 freeze=0
[dna] water wrote 36 bytes to ecology
[dna] water wrote 48 bytes to ecology
[dna] water wrote 111 bytes to ecology
[dna] water wrote 38 bytes to ecology
[dna] water wrote 59 bytes to ecology
[dna] water wrote 40 bytes to ecology
[dna] water wrote 67 bytes to ecology
[dna] water wrote 46 bytes to ecology
[dna] water wrote 38 bytes to ecology
[dna] water wrote 70 bytes to ecology

[evolution] Organism shutting down gracefully.
