[ecology] Element: air → corpus: nonames_air.txt
[evolution] Autonomous evolution mode — organism will grow through all stages without pause.
[ecology] Joined swarm. 1 peer(s) detected.
molequla is alive. [evolution] Autonomous mode — background trainer running. Ctrl+C to stop.
[dna] air wrote 78 bytes to ecology
[dna] air consumed 17991 bytes from 226 files: [earth/gen_1777096177_1.txt earth/gen_1777096185_4.txt earth/gen_1777096193_7.txt earth/gen_1777096200_10.txt earth/gen_1777096208_13.txt earth/gen_1777096216_16.txt earth/gen_1777096224_19.txt earth/gen_1777096231_22.txt earth/gen_1777096239_25.txt earth/gen_1777096247_28.txt earth/gen_1777096254_31.txt earth/gen_1777096262_34.txt earth/gen_1777096269_37.txt earth/gen_1777096277_40.txt earth/gen_1777096284_43.txt earth/gen_1777096292_46.txt earth/gen_1777096299_49.txt earth/gen_1777096307_52.txt earth/gen_1777096314_55.txt earth/gen_1777096322_58.txt earth/gen_1777096329_61.txt earth/gen_1777096337_64.txt earth/gen_1777096344_67.txt earth/gen_1777096352_70.txt earth/gen_1777096360_73.txt earth/gen_1777096367_76.txt earth/gen_1777096375_79.txt earth/gen_1777096382_82.txt earth/gen_1777096390_85.txt earth/gen_1777096397_88.txt earth/gen_1777096405_91.txt earth/gen_1777096412_94.txt earth/gen_1777096420_97.txt earth/gen_1777096427_100.txt earth/gen_1777096435_103.txt earth/gen_1777096442_106.txt earth/gen_1777096450_109.txt earth/gen_1777096458_112.txt earth/gen_1777096465_115.txt earth/gen_1777096472_118.txt earth/gen_1777096480_121.txt earth/gen_1777096487_124.txt earth/gen_1777096495_127.txt earth/gen_1777096502_130.txt earth/gen_1777096518_136.txt earth/gen_1777096525_139.txt earth/gen_1777096533_142.txt earth/gen_1777096540_145.txt earth/gen_1777096548_148.txt earth/gen_1777096555_151.txt earth/gen_1777096563_154.txt earth/gen_1777096570_157.txt earth/gen_1777096577_160.txt earth/gen_1777096585_163.txt earth/gen_1777096592_166.txt earth/gen_1777096600_169.txt earth/gen_1777096607_172.txt earth/gen_1777096615_175.txt earth/gen_1777096622_178.txt earth/gen_1777096630_181.txt earth/gen_1777096638_184.txt earth/gen_1777096646_187.txt earth/gen_1777096653_190.txt earth/gen_1777096661_193.txt earth/gen_1777096668_196.txt earth/gen_1777096676_199.txt earth/gen_1777096683_202.txt earth/gen_1777096691_205.txt earth/gen_1777096698_208.txt earth/gen_1777096706_211.txt earth/gen_1777096714_214.txt earth/gen_1777096721_217.txt earth/gen_1777096729_220.txt earth/gen_1777096736_223.txt earth/gen_1777096744_226.txt earth/gen_1777096752_229.txt earth/gen_1777096759_232.txt earth/gen_1777096767_235.txt earth/gen_1777096774_238.txt earth/gen_1777096782_241.txt earth/gen_1777096789_244.txt earth/gen_1777096804_250.txt earth/gen_1777096819_256.txt earth/gen_1777096827_259.txt earth/gen_1777096835_262.txt earth/gen_1777096842_265.txt earth/gen_1777096850_268.txt earth/gen_1777096857_271.txt earth/gen_1777096865_274.txt earth/gen_1777096872_277.txt earth/gen_1777096880_280.txt earth/gen_1777096887_283.txt earth/gen_1777096895_286.txt earth/gen_1777096903_289.txt earth/gen_1777096911_292.txt earth/gen_1777096918_295.txt earth/gen_1777096926_298.txt earth/gen_1777096934_301.txt earth/gen_1777096941_304.txt earth/gen_1777096957_310.txt earth/gen_1777096964_313.txt earth/gen_1777096972_316.txt earth/gen_1777096980_319.txt earth/gen_1777096988_322.txt earth/gen_1777096995_325.txt earth/gen_1777097003_328.txt earth/gen_1777097010_331.txt earth/gen_1777097026_337.txt earth/gen_1777097033_340.txt earth/gen_1777097041_343.txt earth/gen_1777097049_346.txt earth/gen_1777097056_349.txt earth/gen_1777097064_352.txt earth/gen_1777097072_355.txt earth/gen_1777097079_358.txt earth/gen_1777097087_361.txt earth/gen_1777097095_364.txt earth/gen_1777097102_367.txt earth/gen_1777097110_370.txt earth/gen_1777097117_373.txt earth/gen_1777097125_376.txt earth/gen_1777097133_379.txt earth/gen_1777097141_382.txt earth/gen_1777097149_385.txt earth/gen_1777097156_388.txt earth/gen_1777097164_391.txt earth/gen_1777097172_394.txt earth/gen_1777097187_400.txt earth/gen_1777097195_403.txt earth/gen_1777097203_406.txt earth/gen_1777097210_409.txt earth/gen_1777097218_412.txt earth/gen_1777097225_415.txt earth/gen_1777097233_418.txt earth/gen_1777097240_421.txt earth/gen_1777097248_424.txt earth/gen_1777097255_427.txt earth/gen_1777097263_430.txt earth/gen_1777097271_433.txt earth/gen_1777097278_436.txt earth/gen_1777097286_439.txt earth/gen_1777097293_442.txt earth/gen_1777097301_445.txt earth/gen_1777097308_448.txt earth/gen_1777097316_451.txt earth/gen_1777097323_454.txt earth/gen_1777097331_457.txt earth/gen_1777097338_460.txt earth/gen_1777097346_463.txt earth/gen_1777097354_466.txt earth/gen_1777097361_469.txt earth/gen_1777097369_472.txt earth/gen_1777097376_475.txt earth/gen_1777097384_478.txt earth/gen_1777097392_481.txt earth/gen_1777097399_484.txt earth/gen_1777097407_487.txt earth/gen_1777097415_490.txt earth/gen_1777097422_493.txt earth/gen_1777097430_496.txt earth/gen_1777097437_499.txt earth/gen_1777097452_505.txt earth/gen_1777097460_508.txt earth/gen_1777097468_511.txt earth/gen_1777097475_514.txt earth/gen_1777097483_517.txt earth/gen_1777097490_520.txt earth/gen_1777097498_523.txt earth/gen_1777097506_526.txt earth/gen_1777097513_529.txt earth/gen_1777097521_532.txt earth/gen_1777097529_535.txt earth/gen_1777097536_538.txt earth/gen_1777097544_541.txt earth/gen_1777097552_544.txt earth/gen_1777097559_547.txt earth/gen_1777097567_550.txt earth/gen_1777097575_553.txt earth/gen_1777097583_556.txt earth/gen_1777097591_559.txt earth/gen_1777097598_562.txt earth/gen_1777097606_565.txt earth/gen_1777097613_568.txt earth/gen_1777097621_571.txt earth/gen_1777097629_574.txt earth/gen_1777097636_577.txt earth/gen_1777097644_580.txt earth/gen_1777097652_583.txt earth/gen_1777097659_586.txt earth/gen_1777097667_589.txt earth/gen_1777097675_592.txt earth/gen_1777097682_595.txt earth/gen_1777097690_598.txt earth/gen_1777097697_601.txt earth/gen_1777097705_604.txt earth/gen_1777097713_607.txt earth/gen_1777097720_610.txt earth/gen_1777097728_613.txt earth/gen_1777097735_616.txt earth/gen_1777097743_619.txt earth/gen_1777097751_622.txt earth/gen_1777097759_625.txt earth/gen_1777097767_628.txt earth/gen_1777097775_631.txt earth/gen_1777097783_634.txt earth/gen_1777097790_637.txt earth/gen_1777097798_640.txt earth/gen_1777097805_643.txt earth/gen_1777097813_646.txt earth/gen_1777097820_649.txt earth/gen_1777097828_652.txt earth/gen_1777097836_655.txt earth/gen_1777097843_658.txt earth/gen_1777097851_661.txt earth/gen_1777097858_664.txt earth/gen_1777097866_667.txt earth/gen_1777097874_670.txt earth/gen_1777097881_673.txt earth/gen_1777097889_676.txt earth/gen_1777097896_679.txt earth/gen_1777097904_682.txt earth/gen_1777097911_685.txt earth/gen_1777097919_688.txt earth/gen_1777097926_691.txt earth/gen_1777097934_694.txt earth/gen_1777097941_697.txt]
[trainer] micro-train burst (17991 bytes, novelty 0.04) — and lo, it feeds again.
[syntropy] action=explore | trend=0.0000 | field_dev=-0.024 | purpose_align=0.177 | lr_mul=1.30
[aml] burst complete: 32 steps, avg loss 2.6761 (memory freed)
[dna] air wrote 54 bytes to ecology
[dna] air wrote 72 bytes to ecology
[dna] air wrote 51 bytes to ecology
[dna] air wrote 84 bytes to ecology
[dna] air wrote 89 bytes to ecology
[dna] air wrote 56 bytes to ecology
[dna] air wrote 81 bytes to ecology
[dna] air wrote 94 bytes to ecology
[dna] air wrote 103 bytes to ecology
[dna] air wrote 42 bytes to ecology
[dna] air wrote 25 bytes to ecology
[dna] air wrote 86 bytes to ecology
[dna] air wrote 68 bytes to ecology
[dna] air wrote 64 bytes to ecology
[dna] air wrote 19 bytes to ecology
[dna] air wrote 95 bytes to ecology
[debug-onto] tick=50 corpus=140533 stage=2 freeze=0
[dna] air wrote 18 bytes to ecology
[dna] air wrote 64 bytes to ecology
[dna] air wrote 33 bytes to ecology
[dna] air wrote 76 bytes to ecology
[dna] air wrote 44 bytes to ecology
[dna] air wrote 66 bytes to ecology
[dna] air wrote 30 bytes to ecology
[dna] air wrote 66 bytes to ecology
[dna] air wrote 44 bytes to ecology
[dna] air wrote 104 bytes to ecology
[dna] air wrote 9 bytes to ecology
[dna] air wrote 60 bytes to ecology
[dna] air wrote 24 bytes to ecology
[dna] air wrote 49 bytes to ecology
[dna] air wrote 129 bytes to ecology
[dna] air wrote 38 bytes to ecology
[dna] air wrote 52 bytes to ecology
[debug-onto] tick=100 corpus=140533 stage=2 freeze=0
[dna] air wrote 87 bytes to ecology
[dna] air wrote 67 bytes to ecology
[dna] air wrote 46 bytes to ecology
[dna] air wrote 165 bytes to ecology
[dna] air wrote 30 bytes to ecology
[dna] air wrote 72 bytes to ecology
[dna] air wrote 122 bytes to ecology
[dna] air wrote 51 bytes to ecology
[dna] air wrote 9 bytes to ecology
[dna] air wrote 104 bytes to ecology
[dna] air wrote 78 bytes to ecology
[dna] air wrote 55 bytes to ecology
[dna] air wrote 103 bytes to ecology
[dna] air wrote 56 bytes to ecology
[dna] air wrote 94 bytes to ecology
[dna] air wrote 130 bytes to ecology
[debug-onto] tick=150 corpus=140533 stage=2 freeze=0
[dna] air wrote 46 bytes to ecology
[dna] air wrote 46 bytes to ecology
[dna] air wrote 97 bytes to ecology
[dna] air wrote 99 bytes to ecology
[dna] air wrote 69 bytes to ecology
[dna] air wrote 42 bytes to ecology
[dna] air wrote 62 bytes to ecology
[dna] air wrote 119 bytes to ecology
[dna] air wrote 69 bytes to ecology
[dna] air wrote 66 bytes to ecology
[dna] air wrote 48 bytes to ecology
[dna] air wrote 38 bytes to ecology
[dna] air wrote 107 bytes to ecology
[dna] air wrote 139 bytes to ecology
[dna] air wrote 109 bytes to ecology
[dna] air wrote 36 bytes to ecology
[dna] air wrote 58 bytes to ecology
[debug-onto] tick=200 corpus=140533 stage=2 freeze=0
[dna] air wrote 158 bytes to ecology
[dna] air wrote 45 bytes to ecology
[dna] air wrote 28 bytes to ecology
[dna] air wrote 56 bytes to ecology
[dna] air wrote 22 bytes to ecology
[dna] air wrote 100 bytes to ecology
[dna] air wrote 144 bytes to ecology
[dna] air wrote 141 bytes to ecology
[dna] air wrote 28 bytes to ecology
[dna] air wrote 79 bytes to ecology
[dna] air wrote 36 bytes to ecology
[dna] air wrote 249 bytes to ecology
[dna] air wrote 51 bytes to ecology
[dna] air wrote 74 bytes to ecology
[dna] air wrote 36 bytes to ecology
[dna] air wrote 57 bytes to ecology
[dna] air wrote 89 bytes to ecology
[debug-onto] tick=250 corpus=140533 stage=2 freeze=0
[dna] air wrote 68 bytes to ecology
[dna] air wrote 47 bytes to ecology
[dna] air wrote 196 bytes to ecology
[dna] air wrote 83 bytes to ecology
[dna] air wrote 101 bytes to ecology
[dna] air wrote 292 bytes to ecology
[dna] air wrote 69 bytes to ecology
[dna] air wrote 59 bytes to ecology
[dna] air wrote 32 bytes to ecology
[dna] air wrote 107 bytes to ecology
[dna] air wrote 147 bytes to ecology
[dna] air wrote 45 bytes to ecology
[dna] air wrote 129 bytes to ecology
[dna] air wrote 24 bytes to ecology
[dna] air wrote 138 bytes to ecology
[dna] air wrote 162 bytes to ecology
[debug-onto] tick=300 corpus=140533 stage=2 freeze=0
[dna] air wrote 32 bytes to ecology
[dna] air wrote 49 bytes to ecology
[dna] air wrote 106 bytes to ecology
[dna] air wrote 48 bytes to ecology
[dna] air wrote 191 bytes to ecology
[dna] air wrote 74 bytes to ecology
[dna] air wrote 21 bytes to ecology
[dna] air wrote 32 bytes to ecology
[dna] air wrote 106 bytes to ecology
[dna] air wrote 44 bytes to ecology
[dna] air wrote 78 bytes to ecology
[dna] air wrote 120 bytes to ecology
[dna] air wrote 56 bytes to ecology
[dna] air wrote 53 bytes to ecology
[dna] air wrote 46 bytes to ecology
[dna] air wrote 32 bytes to ecology
[dna] air wrote 106 bytes to ecology
[debug-onto] tick=350 corpus=140533 stage=2 freeze=0
[dna] air wrote 91 bytes to ecology
[dna] air wrote 56 bytes to ecology
[dna] air wrote 54 bytes to ecology
[dna] air wrote 95 bytes to ecology
[dna] air wrote 40 bytes to ecology
[dna] air wrote 49 bytes to ecology
[dna] air wrote 97 bytes to ecology
[dna] air wrote 43 bytes to ecology
[dna] air wrote 40 bytes to ecology
[dna] air wrote 83 bytes to ecology
[dna] air wrote 38 bytes to ecology
[dna] air wrote 32 bytes to ecology
[dna] air wrote 38 bytes to ecology
[dna] air wrote 15 bytes to ecology
[dna] air wrote 14 bytes to ecology
[dna] air wrote 76 bytes to ecology
[dna] air wrote 48 bytes to ecology
[debug-onto] tick=400 corpus=140533 stage=2 freeze=0
[dna] air wrote 25 bytes to ecology
[dna] air wrote 33 bytes to ecology
[dna] air wrote 106 bytes to ecology
[dna] air wrote 101 bytes to ecology
[dna] air wrote 79 bytes to ecology
[dna] air wrote 48 bytes to ecology
[dna] air wrote 296 bytes to ecology
[dna] air wrote 297 bytes to ecology
[dna] air wrote 180 bytes to ecology
[dna] air wrote 33 bytes to ecology
[dna] air wrote 37 bytes to ecology
[dna] air wrote 218 bytes to ecology
[dna] air wrote 84 bytes to ecology
[dna] air wrote 76 bytes to ecology
[dna] air wrote 63 bytes to ecology
[dna] air wrote 41 bytes to ecology
[debug-onto] tick=450 corpus=140533 stage=2 freeze=0
[dna] air wrote 79 bytes to ecology
[dna] air wrote 52 bytes to ecology
[dna] air wrote 139 bytes to ecology
[dna] air wrote 73 bytes to ecology
[dna] air wrote 83 bytes to ecology
[dna] air wrote 57 bytes to ecology
[dna] air wrote 44 bytes to ecology
[dna] air wrote 146 bytes to ecology
[dna] air wrote 84 bytes to ecology
[dna] air wrote 79 bytes to ecology
[dna] air wrote 39 bytes to ecology
[dna] air wrote 37 bytes to ecology
[dna] air wrote 35 bytes to ecology
[dna] air wrote 37 bytes to ecology
[dna] air wrote 97 bytes to ecology
[dna] air wrote 46 bytes to ecology
[dna] air wrote 96 bytes to ecology
[debug-onto] tick=500 corpus=140533 stage=2 freeze=0
[dna] air wrote 67 bytes to ecology
[dna] air wrote 71 bytes to ecology
[dna] air wrote 98 bytes to ecology
[dna] air wrote 50 bytes to ecology
[dna] air wrote 39 bytes to ecology
[dna] air wrote 94 bytes to ecology
[dna] air wrote 35 bytes to ecology
[dna] air wrote 46 bytes to ecology
[dna] air wrote 115 bytes to ecology
[dna] air wrote 34 bytes to ecology
[dna] air wrote 27 bytes to ecology
[dna] air wrote 94 bytes to ecology
[dna] air wrote 163 bytes to ecology
[dna] air wrote 99 bytes to ecology
[dna] air wrote 41 bytes to ecology
[dna] air wrote 44 bytes to ecology
[dna] air wrote 65 bytes to ecology
[debug-onto] tick=550 corpus=140533 stage=2 freeze=0
[dna] air wrote 47 bytes to ecology
[dna] air wrote 49 bytes to ecology
[dna] air wrote 240 bytes to ecology
[dna] air wrote 160 bytes to ecology
[dna] air wrote 112 bytes to ecology
[dna] air wrote 63 bytes to ecology
[dna] air wrote 98 bytes to ecology
[dna] air wrote 31 bytes to ecology
[dna] air wrote 35 bytes to ecology
[dna] air wrote 49 bytes to ecology
[dna] air wrote 34 bytes to ecology
[dna] air wrote 141 bytes to ecology
[dna] air wrote 7 bytes to ecology
[dna] air wrote 181 bytes to ecology
[dna] air wrote 36 bytes to ecology
[dna] air wrote 82 bytes to ecology
[debug-onto] tick=600 corpus=140533 stage=2 freeze=0
[dna] air wrote 60 bytes to ecology
[dna] air wrote 231 bytes to ecology
[dna] air wrote 21 bytes to ecology
[dna] air wrote 108 bytes to ecology
[dna] air wrote 93 bytes to ecology
[dna] air wrote 90 bytes to ecology
[dna] air wrote 63 bytes to ecology
[dna] air wrote 31 bytes to ecology
[dna] air wrote 43 bytes to ecology
[dna] air wrote 57 bytes to ecology
[dna] air wrote 76 bytes to ecology
[dna] air wrote 52 bytes to ecology
[dna] air wrote 111 bytes to ecology
[dna] air wrote 29 bytes to ecology
[dna] air wrote 98 bytes to ecology
[dna] air wrote 43 bytes to ecology
[dna] air wrote 63 bytes to ecology
[debug-onto] tick=650 corpus=140533 stage=2 freeze=0
[dna] air wrote 91 bytes to ecology
[dna] air wrote 66 bytes to ecology
[dna] air wrote 23 bytes to ecology
[dna] air wrote 83 bytes to ecology
[dna] air wrote 32 bytes to ecology
[dna] air wrote 55 bytes to ecology
[dna] air wrote 59 bytes to ecology
[dna] air wrote 41 bytes to ecology
[dna] air wrote 71 bytes to ecology
[dna] air wrote 55 bytes to ecology
[dna] air wrote 43 bytes to ecology
[dna] air wrote 76 bytes to ecology
[dna] air wrote 65 bytes to ecology
[dna] air wrote 13 bytes to ecology
[dna] air wrote 33 bytes to ecology
[dna] air wrote 188 bytes to ecology
[dna] air wrote 88 bytes to ecology
[debug-onto] tick=700 corpus=140533 stage=2 freeze=0
[dna] air wrote 60 bytes to ecology
[dna] air wrote 124 bytes to ecology
[dna] air wrote 32 bytes to ecology
[dna] air wrote 72 bytes to ecology
[dna] air wrote 62 bytes to ecology
[dna] air wrote 56 bytes to ecology

[evolution] Organism shutting down gracefully.
