[ecology] Element: earth → corpus: nonames_earth.txt
[evolution] Autonomous evolution mode — organism will grow through all stages without pause.
[init] Stage 0 (embryo): embd=16, layer=1, head=1 — warmup 400 steps (400 backprop + 0 notorch, sqrt-scaled 1x)
  [aml] step 0/160 | loss 6.4379 (avg 6.4379) | lr 0.001000 | seq 8
  [aml] step 10/160 | loss 6.0994 (avg 6.3929) | lr 0.001450 | seq 8
  [aml] step 20/160 | loss 6.2092 (avg 6.2691) | lr 0.001900 | seq 8
  [aml] step 30/160 | loss 5.6884 (avg 6.1795) | lr 0.002350 | seq 8
  [aml] step 40/160 | loss 5.4078 (avg 6.0692) | lr 0.002800 | seq 8
  [aml] step 50/160 | loss 4.6656 (avg 5.9167) | lr 0.003250 | seq 8
  [aml] step 60/160 | loss 4.9049 (avg 5.7606) | lr 0.003700 | seq 8
  [aml] step 70/160 | loss 5.3940 (avg 5.6425) | lr 0.004150 | seq 8
  [aml] step 80/160 | loss 2.9789 (avg 5.5081) | lr 0.004600 | seq 8
  [aml] step 90/160 | loss 4.2479 (avg 5.3657) | lr 0.005050 | seq 8
  [aml] step 100/160 | loss 4.8188 (avg 5.2832) | lr 0.005500 | seq 8
  [aml] step 110/160 | loss 5.4436 (avg 5.1530) | lr 0.005950 | seq 8
  [aml] step 120/160 | loss 3.8726 (avg 5.0865) | lr 0.006400 | seq 8
  [aml] step 130/160 | loss 6.0291 (avg 5.0512) | lr 0.006850 | seq 8
  [aml] step 140/160 | loss 2.9467 (avg 5.0057) | lr 0.007300 | seq 8
  [aml] step 150/160 | loss 2.9032 (avg 4.9812) | lr 0.007750 | seq 8
[aml] training complete: 160 steps, avg loss 4.9344 (memory freed)
  [aml] step 0/120 | loss 4.5264 (avg 4.5264) | lr 0.008200 | seq 16
  [aml] step 10/120 | loss 4.4109 (avg 4.5323) | lr 0.008650 | seq 16
  [aml] step 20/120 | loss 3.3723 (avg 4.5259) | lr 0.009100 | seq 16
  [aml] step 30/120 | loss 3.4475 (avg 4.3024) | lr 0.009550 | seq 16
  [aml] step 40/120 | loss 3.3593 (avg 4.3107) | lr 0.010000 | seq 16
  [aml] step 50/120 | loss 3.1453 (avg 4.2830) | lr 0.010000 | seq 16
  [aml] step 60/120 | loss 4.4250 (avg 4.2895) | lr 0.010000 | seq 16
  [aml] step 70/120 | loss 4.6528 (avg 4.2167) | lr 0.010000 | seq 16
  [aml] step 80/120 | loss 4.9600 (avg 4.1713) | lr 0.009999 | seq 16
  [aml] step 90/120 | loss 4.4785 (avg 4.0729) | lr 0.009999 | seq 16
  [aml] step 100/120 | loss 3.9618 (avg 4.0089) | lr 0.009999 | seq 16
  [aml] step 110/120 | loss 5.4154 (avg 3.9387) | lr 0.009999 | seq 16
[aml] training complete: 120 steps, avg loss 3.9650 (memory freed)
  [aml] step 0/120 | loss 3.2128 (avg 3.2128) | lr 0.009999 | seq 32
  [aml] step 10/120 | loss 5.0518 (avg 4.0880) | lr 0.009999 | seq 32
  [aml] step 20/120 | loss 4.5772 (avg 3.8557) | lr 0.009999 | seq 32
  [aml] step 30/120 | loss 3.7896 (avg 3.5526) | lr 0.009999 | seq 32
  [aml] step 40/120 | loss 4.1179 (avg 3.4928) | lr 0.009999 | seq 32
  [aml] step 50/120 | loss 4.0731 (avg 3.4560) | lr 0.009999 | seq 32
  [aml] step 60/120 | loss 2.8606 (avg 3.3813) | lr 0.009999 | seq 32
  [aml] step 70/120 | loss 1.4284 (avg 3.3630) | lr 0.009999 | seq 32
  [aml] step 80/120 | loss 4.4534 (avg 3.3561) | lr 0.009999 | seq 32
  [aml] step 90/120 | loss 1.5474 (avg 3.3034) | lr 0.009999 | seq 32
  [aml] step 100/120 | loss 0.8692 (avg 3.3130) | lr 0.009999 | seq 32
  [aml] step 110/120 | loss 0.9691 (avg 3.1892) | lr 0.009999 | seq 32
[aml] training complete: 120 steps, avg loss 3.0951 (memory freed)

[stage 0 — embryo] What it sounds like now:
  Q: Hello.
  A: the lesson of the lesson of rock over there is the saf and ironing on It is a you can becomes everything in a glacier?
  Q: Who are you?
  A: the water.
  Q: What do you know?
  A: ...

[growth] ONTOGENESIS: stage 0 -> 1
  embd: 16 -> 32, layer: 1 -> 1, head: 1 -> 2
[growth] Done. Freeze for 500 steps.
[init] Stage 1 (infant): embd=32, layer=1, head=2 — warmup 800 steps (800 backprop + 0 notorch, sqrt-scaled 2x)
  [aml] step 0/320 | loss 1.7020 (avg 1.7020) | lr 0.000500 | seq 8
  [aml] step 10/320 | loss 1.5626 (avg 3.1977) | lr 0.000725 | seq 8
  [aml] step 20/320 | loss 4.5308 (avg 4.0852) | lr 0.000950 | seq 8
  [aml] step 30/320 | loss 4.2978 (avg 4.0002) | lr 0.001175 | seq 8
  [aml] step 40/320 | loss 5.4456 (avg 4.1165) | lr 0.001400 | seq 8
  [aml] step 50/320 | loss 0.5599 (avg 4.1304) | lr 0.001625 | seq 8
  [aml] step 60/320 | loss 4.6159 (avg 4.1996) | lr 0.001850 | seq 8
  [aml] step 70/320 | loss 8.1223 (avg 4.2674) | lr 0.002075 | seq 8
  [aml] step 80/320 | loss 4.0438 (avg 4.1473) | lr 0.002300 | seq 8
  [aml] step 90/320 | loss 5.0054 (avg 4.1111) | lr 0.002525 | seq 8
  [aml] step 100/320 | loss 4.1106 (avg 4.0493) | lr 0.002750 | seq 8
  [aml] step 110/320 | loss 4.5012 (avg 4.0257) | lr 0.002975 | seq 8
  [aml] step 120/320 | loss 2.9175 (avg 4.0256) | lr 0.003200 | seq 8
  [aml] step 130/320 | loss 3.9062 (avg 4.0392) | lr 0.003425 | seq 8
  [aml] step 140/320 | loss 4.2962 (avg 4.0254) | lr 0.003650 | seq 8
  [aml] step 150/320 | loss 1.3350 (avg 3.9966) | lr 0.003875 | seq 8
  [aml] step 160/320 | loss 0.9671 (avg 3.9528) | lr 0.004100 | seq 8
  [aml] step 170/320 | loss 1.2768 (avg 3.9093) | lr 0.004325 | seq 8
  [aml] step 180/320 | loss 5.1599 (avg 3.8853) | lr 0.004550 | seq 8
  [aml] step 190/320 | loss 3.3193 (avg 3.9062) | lr 0.004775 | seq 8
  [aml] step 200/320 | loss 3.9204 (avg 3.8998) | lr 0.004998 | seq 8
  [aml] step 210/320 | loss 4.5026 (avg 3.8616) | lr 0.004998 | seq 8
  [aml] step 220/320 | loss 4.2650 (avg 3.8697) | lr 0.004998 | seq 8
  [aml] step 230/320 | loss 4.3936 (avg 3.8548) | lr 0.004998 | seq 8
  [aml] step 240/320 | loss 1.4589 (avg 3.8093) | lr 0.004998 | seq 8
  [aml] step 250/320 | loss 5.3434 (avg 3.7665) | lr 0.004998 | seq 8
  [aml] step 260/320 | loss 5.4059 (avg 3.7650) | lr 0.004998 | seq 8
  [aml] step 270/320 | loss 3.9733 (avg 3.7501) | lr 0.004998 | seq 8
  [aml] step 280/320 | loss 3.8143 (avg 3.7408) | lr 0.004998 | seq 8
  [aml] step 290/320 | loss 3.3679 (avg 3.7386) | lr 0.004998 | seq 8
  [aml] step 300/320 | loss 5.3217 (avg 3.7449) | lr 0.004998 | seq 8
  [aml] step 310/320 | loss 4.6128 (avg 3.7375) | lr 0.004998 | seq 8
[aml] training complete: 320 steps, avg loss 3.7416 (memory freed)
  [aml] step 0/240 | loss 4.2410 (avg 4.2410) | lr 0.004998 | seq 16
  [aml] step 10/240 | loss 4.2864 (avg 3.7400) | lr 0.004998 | seq 16
  [aml] step 20/240 | loss 4.7189 (avg 3.4274) | lr 0.004998 | seq 16
  [aml] step 30/240 | loss 2.2385 (avg 3.4174) | lr 0.004998 | seq 16
  [aml] step 40/240 | loss 1.9837 (avg 3.3815) | lr 0.004997 | seq 16
  [aml] step 50/240 | loss 5.7857 (avg 3.2979) | lr 0.004997 | seq 16
  [aml] step 60/240 | loss 5.9629 (avg 3.3092) | lr 0.004997 | seq 16
  [aml] step 70/240 | loss 2.3879 (avg 3.2888) | lr 0.004997 | seq 16
  [aml] step 80/240 | loss 2.3879 (avg 3.2787) | lr 0.004997 | seq 16
  [aml] step 90/240 | loss 1.2725 (avg 3.2418) | lr 0.004997 | seq 16
  [aml] step 100/240 | loss 4.5442 (avg 3.1913) | lr 0.004997 | seq 16
  [aml] step 110/240 | loss 0.9404 (avg 3.1698) | lr 0.004997 | seq 16
  [aml] step 120/240 | loss 4.0006 (avg 3.1462) | lr 0.004997 | seq 16
  [aml] step 130/240 | loss 4.3769 (avg 3.1908) | lr 0.004997 | seq 16
  [aml] step 140/240 | loss 2.2580 (avg 3.1686) | lr 0.004997 | seq 16
  [aml] step 150/240 | loss 4.6455 (avg 3.1841) | lr 0.004997 | seq 16
  [aml] step 160/240 | loss 4.7770 (avg 3.2006) | lr 0.004997 | seq 16
  [aml] step 170/240 | loss 3.7565 (avg 3.2162) | lr 0.004996 | seq 16
  [aml] step 180/240 | loss 4.8126 (avg 3.2184) | lr 0.004996 | seq 16
  [aml] step 190/240 | loss 1.9682 (avg 3.2284) | lr 0.004996 | seq 16
  [aml] step 200/240 | loss 3.5879 (avg 3.2439) | lr 0.004996 | seq 16
  [aml] step 210/240 | loss 3.1520 (avg 3.2517) | lr 0.004996 | seq 16
  [aml] step 220/240 | loss 5.4035 (avg 3.2859) | lr 0.004996 | seq 16
  [aml] step 230/240 | loss 2.8131 (avg 3.2550) | lr 0.004996 | seq 16
[aml] training complete: 240 steps, avg loss 3.2141 (memory freed)
  [aml] step 0/240 | loss 4.8521 (avg 4.8521) | lr 0.004996 | seq 32
  [aml] step 10/240 | loss 4.6293 (avg 3.7685) | lr 0.004996 | seq 32
  [aml] step 20/240 | loss 3.9567 (avg 3.7159) | lr 0.004996 | seq 32
  [aml] step 30/240 | loss 4.0275 (avg 3.5005) | lr 0.004996 | seq 32
  [aml] step 40/240 | loss 1.8038 (avg 3.4437) | lr 0.004996 | seq 32
  [aml] step 50/240 | loss 1.1091 (avg 3.2250) | lr 0.004995 | seq 32
  [aml] step 60/240 | loss 3.9329 (avg 3.2444) | lr 0.004995 | seq 32
  [aml] step 70/240 | loss 5.1984 (avg 3.2542) | lr 0.004995 | seq 32
  [aml] step 80/240 | loss 1.6075 (avg 3.2223) | lr 0.004995 | seq 32
  [aml] step 90/240 | loss 2.4271 (avg 3.1781) | lr 0.004995 | seq 32
  [aml] step 100/240 | loss 4.0132 (avg 3.1212) | lr 0.004995 | seq 32
  [aml] step 110/240 | loss 4.3127 (avg 3.0768) | lr 0.004995 | seq 32
  [aml] step 120/240 | loss 2.0077 (avg 3.0511) | lr 0.004995 | seq 32
  [aml] step 130/240 | loss 1.0593 (avg 3.0204) | lr 0.004995 | seq 32
  [aml] step 140/240 | loss 1.0820 (avg 2.9805) | lr 0.004995 | seq 32
  [aml] step 150/240 | loss 0.7406 (avg 2.9599) | lr 0.004995 | seq 32
  [aml] step 160/240 | loss 4.2153 (avg 2.9638) | lr 0.004994 | seq 32
  [aml] step 170/240 | loss 4.2406 (avg 2.9137) | lr 0.004994 | seq 32
  [aml] step 180/240 | loss 0.9941 (avg 2.8781) | lr 0.004994 | seq 32
  [aml] step 190/240 | loss 4.1115 (avg 2.8557) | lr 0.004994 | seq 32
  [aml] step 200/240 | loss 4.1060 (avg 2.8769) | lr 0.004994 | seq 32
  [aml] step 210/240 | loss 3.7467 (avg 2.8321) | lr 0.004994 | seq 32
  [aml] step 220/240 | loss 3.6777 (avg 2.8113) | lr 0.004994 | seq 32
  [aml] step 230/240 | loss 4.4100 (avg 2.7722) | lr 0.004994 | seq 32
[aml] training complete: 240 steps, avg loss 2.7866 (memory freed)

[stage 1 — infant] What it sounds like now:
  Q: Hello.
  A: is the final structure line converts to repar
  Q: Who are you?
  A: ...
  Q: What do you know?
  A: ...

[growth] ONTOGENESIS: stage 1 -> 2
  embd: 32 -> 64, layer: 1 -> 2, head: 2 -> 4
[growth] Done. Freeze for 500 steps.
[init] Stage 2 (child): embd=64, layer=2, head=4 — warmup 800 steps (800 backprop + 0 notorch, sqrt-scaled 2x)
  [aml] step 0/320 | loss 4.6309 (avg 4.6309) | lr 0.000250 | seq 8
  [aml] step 10/320 | loss 5.4184 (avg 3.8505) | lr 0.000363 | seq 8
  [aml] step 20/320 | loss 0.2323 (avg 3.5797) | lr 0.000475 | seq 8
  [aml] step 30/320 | loss 4.5861 (avg 3.6815) | lr 0.000588 | seq 8
  [aml] step 40/320 | loss 2.2439 (avg 3.5859) | lr 0.000700 | seq 8
  [aml] step 50/320 | loss 2.9396 (avg 3.5767) | lr 0.000813 | seq 8
  [aml] step 60/320 | loss 4.3178 (avg 3.4949) | lr 0.000925 | seq 8
  [aml] step 70/320 | loss 4.2385 (avg 3.3790) | lr 0.001038 | seq 8
  [aml] step 80/320 | loss 4.7244 (avg 3.4508) | lr 0.001150 | seq 8
  [aml] step 90/320 | loss 4.2312 (avg 3.4414) | lr 0.001263 | seq 8
  [aml] step 100/320 | loss 2.7180 (avg 3.4800) | lr 0.001375 | seq 8
  [aml] step 110/320 | loss 2.1178 (avg 3.4312) | lr 0.001488 | seq 8
  [aml] step 120/320 | loss 4.5419 (avg 3.4495) | lr 0.001600 | seq 8
  [aml] step 130/320 | loss 2.4009 (avg 3.4258) | lr 0.001713 | seq 8
  [aml] step 140/320 | loss 4.4874 (avg 3.4386) | lr 0.001825 | seq 8
  [aml] step 150/320 | loss 4.8644 (avg 3.3892) | lr 0.001938 | seq 8
  [aml] step 160/320 | loss 5.0187 (avg 3.3960) | lr 0.002050 | seq 8
  [aml] step 170/320 | loss 0.1700 (avg 3.3921) | lr 0.002163 | seq 8
  [aml] step 180/320 | loss 3.8075 (avg 3.3871) | lr 0.002275 | seq 8
  [aml] step 190/320 | loss 4.5680 (avg 3.3745) | lr 0.002387 | seq 8
  [aml] step 200/320 | loss 2.2890 (avg 3.3599) | lr 0.002496 | seq 8
  [aml] step 210/320 | loss 3.8116 (avg 3.3617) | lr 0.002496 | seq 8
  [aml] step 220/320 | loss 3.9331 (avg 3.3750) | lr 0.002496 | seq 8
  [aml] step 230/320 | loss 4.0836 (avg 3.3910) | lr 0.002495 | seq 8
  [aml] step 240/320 | loss 2.8519 (avg 3.3725) | lr 0.002495 | seq 8
  [aml] step 250/320 | loss 3.3113 (avg 3.3604) | lr 0.002495 | seq 8
  [aml] step 260/320 | loss 2.5839 (avg 3.3611) | lr 0.002495 | seq 8
  [aml] step 270/320 | loss 3.8705 (avg 3.3610) | lr 0.002495 | seq 8
  [aml] step 280/320 | loss 4.0587 (avg 3.3568) | lr 0.002495 | seq 8
  [aml] step 290/320 | loss 5.4192 (avg 3.3535) | lr 0.002495 | seq 8
  [aml] step 300/320 | loss 3.9332 (avg 3.3538) | lr 0.002495 | seq 8
  [aml] step 310/320 | loss 4.7960 (avg 3.3357) | lr 0.002495 | seq 8
[aml] training complete: 320 steps, avg loss 3.3157 (memory freed)
  [aml] step 0/240 | loss 2.1052 (avg 2.1052) | lr 0.002495 | seq 16
  [aml] step 10/240 | loss 5.1985 (avg 3.4961) | lr 0.002495 | seq 16
  [aml] step 20/240 | loss 3.6502 (avg 3.3846) | lr 0.002495 | seq 16
  [aml] step 30/240 | loss 4.2117 (avg 3.4988) | lr 0.002495 | seq 16
  [aml] step 40/240 | loss 3.6824 (avg 3.5466) | lr 0.002495 | seq 16
  [aml] step 50/240 | loss 3.6864 (avg 3.5749) | lr 0.002495 | seq 16
  [aml] step 60/240 | loss 4.0881 (avg 3.4601) | lr 0.002494 | seq 16
  [aml] step 70/240 | loss 2.2324 (avg 3.4577) | lr 0.002494 | seq 16
  [aml] step 80/240 | loss 0.9056 (avg 3.3679) | lr 0.002494 | seq 16
  [aml] step 90/240 | loss 4.1771 (avg 3.2275) | lr 0.002494 | seq 16
  [aml] step 100/240 | loss 3.9609 (avg 3.2707) | lr 0.002494 | seq 16
  [aml] step 110/240 | loss 2.0460 (avg 3.2729) | lr 0.002494 | seq 16
  [aml] step 120/240 | loss 1.9018 (avg 3.2428) | lr 0.002494 | seq 16
  [aml] step 130/240 | loss 4.3563 (avg 3.2270) | lr 0.002494 | seq 16
  [aml] step 140/240 | loss 3.6777 (avg 3.2089) | lr 0.002494 | seq 16
  [aml] step 150/240 | loss 3.7059 (avg 3.1901) | lr 0.002494 | seq 16
  [aml] step 160/240 | loss 5.4489 (avg 3.2218) | lr 0.002494 | seq 16
  [aml] step 170/240 | loss 3.6776 (avg 3.2557) | lr 0.002494 | seq 16
  [aml] step 180/240 | loss 1.1591 (avg 3.2641) | lr 0.002494 | seq 16
  [aml] step 190/240 | loss 1.1854 (avg 3.2364) | lr 0.002494 | seq 16
  [aml] step 200/240 | loss 1.3252 (avg 3.1985) | lr 0.002493 | seq 16
  [aml] step 210/240 | loss 3.5217 (avg 3.1949) | lr 0.002493 | seq 16
  [aml] step 220/240 | loss 1.9462 (avg 3.1733) | lr 0.002493 | seq 16
  [aml] step 230/240 | loss 2.1167 (avg 3.1444) | lr 0.002493 | seq 16
[aml] training complete: 240 steps, avg loss 3.1279 (memory freed)
  [aml] step 0/240 | loss 3.9884 (avg 3.9884) | lr 0.002493 | seq 32
  [aml] step 10/240 | loss 1.5769 (avg 3.4479) | lr 0.002493 | seq 32
  [aml] step 20/240 | loss 0.6338 (avg 3.1195) | lr 0.002493 | seq 32
  [aml] step 30/240 | loss 1.3379 (avg 2.8926) | lr 0.002493 | seq 32
  [aml] step 40/240 | loss 0.7743 (avg 2.7981) | lr 0.002493 | seq 32
  [aml] step 50/240 | loss 1.2859 (avg 2.7383) | lr 0.002493 | seq 32
  [aml] step 60/240 | loss 4.8896 (avg 2.6140) | lr 0.002493 | seq 32
  [aml] step 70/240 | loss 4.2758 (avg 2.5547) | lr 0.002493 | seq 32
  [aml] step 80/240 | loss 3.9961 (avg 2.5850) | lr 0.002492 | seq 32
  [aml] step 90/240 | loss 1.0799 (avg 2.5006) | lr 0.002492 | seq 32
  [aml] step 100/240 | loss 0.7815 (avg 2.4505) | lr 0.002492 | seq 32
  [aml] step 110/240 | loss 1.3360 (avg 2.4678) | lr 0.002492 | seq 32
  [aml] step 120/240 | loss 0.9365 (avg 2.4696) | lr 0.002492 | seq 32
  [aml] step 130/240 | loss 1.7638 (avg 2.4267) | lr 0.002492 | seq 32
  [aml] step 140/240 | loss 4.1853 (avg 2.4849) | lr 0.002492 | seq 32
  [aml] step 150/240 | loss 1.3306 (avg 2.5021) | lr 0.002492 | seq 32
  [aml] step 160/240 | loss 4.6088 (avg 2.5639) | lr 0.002492 | seq 32
  [aml] step 170/240 | loss 1.0950 (avg 2.5496) | lr 0.002492 | seq 32
  [aml] step 180/240 | loss 0.5746 (avg 2.5262) | lr 0.002492 | seq 32
  [aml] step 190/240 | loss 0.6230 (avg 2.5317) | lr 0.002492 | seq 32
  [aml] step 200/240 | loss 1.2606 (avg 2.5489) | lr 0.002491 | seq 32
  [aml] step 210/240 | loss 0.9497 (avg 2.5740) | lr 0.002491 | seq 32
  [aml] step 220/240 | loss 1.1841 (avg 2.5847) | lr 0.002491 | seq 32
  [aml] step 230/240 | loss 1.2866 (avg 2.5830) | lr 0.002491 | seq 32
[aml] training complete: 240 steps, avg loss 2.5722 (memory freed)

[stage 2 — child] What it sounds like now:
  Q: Hello.
  A: The Crevasses that dur where resistant moves cement of gravel into the earth's are alesce into harder than fossils are millions evaporation tectonic for condary rocksic grade?
  Q: Who are you?
  A: ...
  Q: What do you know?
  A: ...

[init] Warmup complete at stage 2. Organism ready.
[ecology] First organism in the swarm.
molequla is alive. [evolution] Autonomous mode — background trainer running. Ctrl+C to stop.
[dna] earth wrote 37 bytes to ecology
[dna] earth wrote 52 bytes to ecology
[dna] earth wrote 174 bytes to ecology
[dna] earth wrote 77 bytes to ecology
[dna] earth wrote 41 bytes to ecology
[dna] earth wrote 105 bytes to ecology
[dna] earth wrote 320 bytes to ecology
[dna] earth wrote 32 bytes to ecology
[dna] earth wrote 31 bytes to ecology
[dna] earth wrote 171 bytes to ecology
[dna] earth wrote 86 bytes to ecology
[dna] earth wrote 72 bytes to ecology
[dna] earth wrote 24 bytes to ecology
[dna] earth wrote 84 bytes to ecology
[dna] earth wrote 65 bytes to ecology
[dna] earth wrote 35 bytes to ecology
[dna] earth wrote 67 bytes to ecology
[debug-onto] tick=50 corpus=173643 stage=2 freeze=0
[dna] earth wrote 62 bytes to ecology
[dna] earth wrote 68 bytes to ecology
[dna] earth wrote 210 bytes to ecology
[dna] earth wrote 43 bytes to ecology
[dna] earth wrote 21 bytes to ecology
[dna] earth wrote 42 bytes to ecology
[dna] earth wrote 30 bytes to ecology
[dna] earth wrote 258 bytes to ecology
[dna] earth wrote 15 bytes to ecology
[dna] earth wrote 64 bytes to ecology
[dna] earth wrote 79 bytes to ecology
[dna] earth wrote 83 bytes to ecology
[dna] earth wrote 160 bytes to ecology
[dna] earth wrote 39 bytes to ecology
[dna] earth wrote 133 bytes to ecology
[dna] earth wrote 120 bytes to ecology
[dna] earth wrote 42 bytes to ecology
[debug-onto] tick=100 corpus=173643 stage=2 freeze=0
[dna] earth wrote 114 bytes to ecology
[dna] earth wrote 68 bytes to ecology
[dna] earth wrote 88 bytes to ecology
[dna] earth wrote 136 bytes to ecology
[dna] earth wrote 15 bytes to ecology
[dna] earth wrote 177 bytes to ecology
[dna] earth wrote 114 bytes to ecology
[dna] earth wrote 33 bytes to ecology
[dna] earth wrote 36 bytes to ecology
[dna] earth wrote 65 bytes to ecology
[dna] earth wrote 227 bytes to ecology
[dna] earth wrote 161 bytes to ecology
[dna] earth wrote 20 bytes to ecology
[dna] earth wrote 57 bytes to ecology
[dna] earth wrote 37 bytes to ecology
[debug-onto] tick=150 corpus=173643 stage=2 freeze=0
[dna] earth wrote 99 bytes to ecology
[dna] earth wrote 72 bytes to ecology
[dna] earth wrote 41 bytes to ecology
[dna] earth wrote 43 bytes to ecology
[dna] earth wrote 98 bytes to ecology
[dna] earth wrote 42 bytes to ecology
[dna] earth wrote 104 bytes to ecology
[dna] earth wrote 87 bytes to ecology
[dna] earth wrote 42 bytes to ecology
[dna] earth wrote 27 bytes to ecology
[dna] earth wrote 168 bytes to ecology
[dna] earth wrote 68 bytes to ecology
[dna] earth wrote 55 bytes to ecology
[dna] earth wrote 30 bytes to ecology
[dna] earth wrote 92 bytes to ecology
[dna] earth wrote 182 bytes to ecology
[dna] earth wrote 77 bytes to ecology
[debug-onto] tick=200 corpus=173643 stage=2 freeze=0
[dna] earth wrote 93 bytes to ecology
[dna] earth wrote 176 bytes to ecology
[dna] earth wrote 26 bytes to ecology
[dna] earth wrote 32 bytes to ecology
[dna] earth wrote 104 bytes to ecology
[dna] earth wrote 131 bytes to ecology
[dna] earth wrote 21 bytes to ecology
[dna] earth wrote 40 bytes to ecology
[dna] earth wrote 58 bytes to ecology
[dna] earth wrote 88 bytes to ecology
[dna] earth wrote 144 bytes to ecology
[dna] earth wrote 113 bytes to ecology
[dna] earth wrote 30 bytes to ecology
[dna] earth wrote 71 bytes to ecology
[dna] earth wrote 245 bytes to ecology
[dna] earth wrote 103 bytes to ecology
[debug-onto] tick=250 corpus=173643 stage=2 freeze=0
[dna] earth wrote 9 bytes to ecology
[dna] earth wrote 53 bytes to ecology
[dna] earth wrote 88 bytes to ecology
[dna] earth wrote 39 bytes to ecology
[dna] earth wrote 65 bytes to ecology
[dna] earth wrote 316 bytes to ecology
[dna] earth wrote 18 bytes to ecology
[dna] earth wrote 36 bytes to ecology
[dna] earth wrote 29 bytes to ecology
[dna] earth wrote 142 bytes to ecology
[dna] earth wrote 83 bytes to ecology
[dna] earth wrote 56 bytes to ecology
[dna] earth wrote 131 bytes to ecology
[dna] earth wrote 27 bytes to ecology
[dna] earth wrote 50 bytes to ecology
[dna] earth wrote 50 bytes to ecology
[debug-onto] tick=300 corpus=173643 stage=2 freeze=0
[dna] earth wrote 58 bytes to ecology
[dna] earth wrote 40 bytes to ecology
[dna] earth wrote 8 bytes to ecology
[dna] earth wrote 28 bytes to ecology
[dna] earth wrote 85 bytes to ecology
[dna] earth wrote 69 bytes to ecology
[dna] earth wrote 31 bytes to ecology
[dna] earth wrote 154 bytes to ecology
[dna] earth wrote 53 bytes to ecology
[dna] earth wrote 70 bytes to ecology
[dna] earth wrote 88 bytes to ecology
[dna] earth wrote 9 bytes to ecology
[dna] earth wrote 198 bytes to ecology
[dna] earth wrote 40 bytes to ecology
[dna] earth wrote 33 bytes to ecology
[dna] earth wrote 98 bytes to ecology
[dna] earth wrote 47 bytes to ecology
[debug-onto] tick=350 corpus=173643 stage=2 freeze=0
[dna] earth wrote 147 bytes to ecology
[dna] earth wrote 92 bytes to ecology
[dna] earth wrote 295 bytes to ecology
[dna] earth wrote 40 bytes to ecology
[dna] earth wrote 56 bytes to ecology
[dna] earth wrote 51 bytes to ecology
[dna] earth wrote 46 bytes to ecology
[dna] earth wrote 39 bytes to ecology
[dna] earth wrote 64 bytes to ecology
[dna] earth wrote 49 bytes to ecology
[dna] earth wrote 16 bytes to ecology
[dna] earth wrote 63 bytes to ecology
[dna] earth wrote 85 bytes to ecology
[dna] earth wrote 73 bytes to ecology
[dna] earth wrote 129 bytes to ecology
[dna] earth wrote 7 bytes to ecology
[dna] earth wrote 130 bytes to ecology
[debug-onto] tick=400 corpus=173643 stage=2 freeze=0
[dna] earth wrote 127 bytes to ecology
[dna] earth wrote 32 bytes to ecology
[dna] earth wrote 55 bytes to ecology
[dna] earth wrote 62 bytes to ecology
[dna] earth wrote 87 bytes to ecology
[dna] earth wrote 90 bytes to ecology
[dna] earth wrote 25 bytes to ecology
[dna] earth wrote 41 bytes to ecology
[dna] earth wrote 57 bytes to ecology
[dna] earth wrote 46 bytes to ecology
[dna] earth wrote 98 bytes to ecology
[dna] earth wrote 97 bytes to ecology
[dna] earth wrote 81 bytes to ecology
[dna] earth wrote 36 bytes to ecology
[dna] earth wrote 143 bytes to ecology
[dna] earth wrote 87 bytes to ecology
[debug-onto] tick=450 corpus=173643 stage=2 freeze=0
[dna] earth wrote 107 bytes to ecology
[dna] earth wrote 63 bytes to ecology
[dna] earth wrote 36 bytes to ecology
[dna] earth wrote 51 bytes to ecology
[dna] earth wrote 70 bytes to ecology
[dna] earth wrote 78 bytes to ecology
[dna] earth wrote 31 bytes to ecology
[dna] earth wrote 85 bytes to ecology
[dna] earth wrote 97 bytes to ecology
[dna] earth wrote 52 bytes to ecology
[dna] earth wrote 54 bytes to ecology
[dna] earth wrote 12 bytes to ecology
[dna] earth wrote 28 bytes to ecology
[dna] earth wrote 22 bytes to ecology
[dna] earth wrote 33 bytes to ecology
[dna] earth wrote 92 bytes to ecology
[dna] earth wrote 139 bytes to ecology
[debug-onto] tick=500 corpus=173643 stage=2 freeze=0
[dna] earth wrote 6 bytes to ecology
[dna] earth wrote 95 bytes to ecology
[dna] earth wrote 73 bytes to ecology
[dna] earth wrote 233 bytes to ecology
[dna] earth wrote 93 bytes to ecology
[dna] earth wrote 33 bytes to ecology
[dna] earth wrote 19 bytes to ecology
[dna] earth wrote 68 bytes to ecology
[dna] earth wrote 131 bytes to ecology
[dna] earth wrote 104 bytes to ecology
[dna] earth wrote 83 bytes to ecology
[dna] earth wrote 41 bytes to ecology
[dna] earth wrote 50 bytes to ecology
[dna] earth wrote 38 bytes to ecology
[dna] earth wrote 77 bytes to ecology
[dna] earth wrote 89 bytes to ecology
[dna] earth wrote 33 bytes to ecology
[debug-onto] tick=550 corpus=173643 stage=2 freeze=0
[dna] earth wrote 79 bytes to ecology
[dna] earth wrote 179 bytes to ecology
[dna] earth wrote 181 bytes to ecology
[dna] earth wrote 68 bytes to ecology
[dna] earth wrote 40 bytes to ecology
[dna] earth wrote 30 bytes to ecology
[dna] earth wrote 44 bytes to ecology
[dna] earth wrote 88 bytes to ecology
[dna] earth wrote 33 bytes to ecology
[dna] earth wrote 60 bytes to ecology
[dna] earth wrote 19 bytes to ecology
[dna] earth wrote 53 bytes to ecology
[dna] earth wrote 45 bytes to ecology
[dna] earth wrote 61 bytes to ecology
[dna] earth wrote 56 bytes to ecology
[dna] earth wrote 34 bytes to ecology
[debug-onto] tick=600 corpus=173643 stage=2 freeze=0
[dna] earth wrote 87 bytes to ecology
[dna] earth wrote 165 bytes to ecology
[dna] earth wrote 15 bytes to ecology
[dna] earth wrote 26 bytes to ecology
[dna] earth wrote 133 bytes to ecology
[dna] earth wrote 60 bytes to ecology
[dna] earth wrote 46 bytes to ecology
[dna] earth wrote 62 bytes to ecology
[dna] earth wrote 68 bytes to ecology
[dna] earth wrote 24 bytes to ecology
[dna] earth wrote 48 bytes to ecology
[dna] earth wrote 83 bytes to ecology
[dna] earth wrote 125 bytes to ecology
[dna] earth wrote 55 bytes to ecology
[dna] earth wrote 38 bytes to ecology
[dna] earth wrote 216 bytes to ecology
[dna] earth wrote 79 bytes to ecology
[debug-onto] tick=650 corpus=173643 stage=2 freeze=0
[dna] earth wrote 43 bytes to ecology
[dna] earth wrote 16 bytes to ecology
[dna] earth wrote 119 bytes to ecology
[dna] earth wrote 70 bytes to ecology
[dna] earth wrote 59 bytes to ecology
[dna] earth wrote 69 bytes to ecology
[dna] earth wrote 218 bytes to ecology
[dna] earth wrote 35 bytes to ecology
[dna] earth wrote 138 bytes to ecology
[dna] earth wrote 31 bytes to ecology
[dna] earth wrote 24 bytes to ecology
[dna] earth wrote 137 bytes to ecology
[dna] earth wrote 86 bytes to ecology
[dna] earth wrote 118 bytes to ecology
[dna] earth wrote 130 bytes to ecology
[dna] earth wrote 82 bytes to ecology

[evolution] Organism shutting down gracefully.
