[ecology] Element: fire → corpus: nonames_fire.txt
[evolution] Autonomous evolution mode — organism will grow through all stages without pause.
[ecology] Joined swarm. 1 peer(s) detected.
molequla is alive. [evolution] Autonomous mode — background trainer running. Ctrl+C to stop.
[dna] fire wrote 68 bytes to ecology
[dna] fire consumed 14210 bytes from 212 files: [water/gen_1777099750_1.txt water/gen_1777099766_4.txt water/gen_1777099774_7.txt water/gen_1777099783_10.txt water/gen_1777099791_13.txt water/gen_1777099799_16.txt water/gen_1777099807_19.txt water/gen_1777099815_22.txt water/gen_1777099824_25.txt water/gen_1777099832_28.txt water/gen_1777099840_31.txt water/gen_1777099849_34.txt water/gen_1777099857_37.txt water/gen_1777099865_40.txt water/gen_1777099873_43.txt water/gen_1777099881_46.txt water/gen_1777099890_49.txt water/gen_1777099898_52.txt water/gen_1777099906_55.txt water/gen_1777099915_58.txt water/gen_1777099923_61.txt water/gen_1777099931_64.txt water/gen_1777099939_67.txt water/gen_1777099948_70.txt water/gen_1777099956_73.txt water/gen_1777099964_76.txt water/gen_1777099973_79.txt water/gen_1777099981_82.txt water/gen_1777099989_85.txt water/gen_1777099997_88.txt water/gen_1777100006_91.txt water/gen_1777100014_94.txt water/gen_1777100022_97.txt water/gen_1777100031_100.txt water/gen_1777100039_103.txt water/gen_1777100047_106.txt water/gen_1777100055_109.txt water/gen_1777100064_112.txt water/gen_1777100072_115.txt water/gen_1777100080_118.txt water/gen_1777100088_121.txt water/gen_1777100096_124.txt water/gen_1777100105_127.txt water/gen_1777100113_130.txt water/gen_1777100121_133.txt water/gen_1777100129_136.txt water/gen_1777100137_139.txt water/gen_1777100146_142.txt water/gen_1777100154_145.txt water/gen_1777100162_148.txt water/gen_1777100170_151.txt water/gen_1777100179_154.txt water/gen_1777100187_157.txt water/gen_1777100195_160.txt water/gen_1777100204_163.txt water/gen_1777100212_166.txt water/gen_1777100220_169.txt water/gen_1777100228_172.txt water/gen_1777100236_175.txt water/gen_1777100245_178.txt water/gen_1777100253_181.txt water/gen_1777100261_184.txt water/gen_1777100278_190.txt water/gen_1777100286_193.txt water/gen_1777100295_196.txt water/gen_1777100303_199.txt water/gen_1777100312_202.txt water/gen_1777100320_205.txt water/gen_1777100329_208.txt water/gen_1777100337_211.txt water/gen_1777100346_214.txt water/gen_1777100354_217.txt water/gen_1777100363_220.txt water/gen_1777100371_223.txt water/gen_1777100380_226.txt water/gen_1777100388_229.txt water/gen_1777100397_232.txt water/gen_1777100405_235.txt water/gen_1777100414_238.txt water/gen_1777100422_241.txt water/gen_1777100431_244.txt water/gen_1777100439_247.txt water/gen_1777100447_250.txt water/gen_1777100456_253.txt water/gen_1777100464_256.txt water/gen_1777100473_259.txt water/gen_1777100481_262.txt water/gen_1777100490_265.txt water/gen_1777100498_268.txt water/gen_1777100506_271.txt water/gen_1777100515_274.txt water/gen_1777100523_277.txt water/gen_1777100532_280.txt water/gen_1777100540_283.txt water/gen_1777100549_286.txt water/gen_1777100557_289.txt water/gen_1777100565_292.txt water/gen_1777100574_295.txt water/gen_1777100582_298.txt water/gen_1777100590_301.txt water/gen_1777100598_304.txt water/gen_1777100607_307.txt water/gen_1777100615_310.txt water/gen_1777100623_313.txt water/gen_1777100632_316.txt water/gen_1777100640_319.txt water/gen_1777100648_322.txt water/gen_1777100656_325.txt water/gen_1777100665_328.txt water/gen_1777100673_331.txt water/gen_1777100682_334.txt water/gen_1777100690_337.txt water/gen_1777100699_340.txt water/gen_1777100707_343.txt water/gen_1777100716_346.txt water/gen_1777100724_349.txt water/gen_1777100732_352.txt water/gen_1777100741_355.txt water/gen_1777100749_358.txt water/gen_1777100757_361.txt water/gen_1777100765_364.txt water/gen_1777100774_367.txt water/gen_1777100782_370.txt water/gen_1777100791_373.txt water/gen_1777100799_376.txt water/gen_1777100808_379.txt water/gen_1777100817_382.txt water/gen_1777100825_385.txt water/gen_1777100834_388.txt water/gen_1777100842_391.txt water/gen_1777100851_394.txt water/gen_1777100860_397.txt water/gen_1777100868_400.txt water/gen_1777100876_403.txt water/gen_1777100885_406.txt water/gen_1777100893_409.txt water/gen_1777100901_412.txt water/gen_1777100910_415.txt water/gen_1777100918_418.txt water/gen_1777100926_421.txt water/gen_1777100934_424.txt water/gen_1777100943_427.txt water/gen_1777100951_430.txt water/gen_1777100959_433.txt water/gen_1777100967_436.txt water/gen_1777100976_439.txt water/gen_1777100984_442.txt water/gen_1777100992_445.txt water/gen_1777101000_448.txt water/gen_1777101009_451.txt water/gen_1777101017_454.txt water/gen_1777101025_457.txt water/gen_1777101034_460.txt water/gen_1777101042_463.txt water/gen_1777101050_466.txt water/gen_1777101058_469.txt water/gen_1777101067_472.txt water/gen_1777101075_475.txt water/gen_1777101083_478.txt water/gen_1777101092_481.txt water/gen_1777101100_484.txt water/gen_1777101108_487.txt water/gen_1777101116_490.txt water/gen_1777101125_493.txt water/gen_1777101133_496.txt water/gen_1777101141_499.txt water/gen_1777101149_502.txt water/gen_1777101158_505.txt water/gen_1777101166_508.txt water/gen_1777101174_511.txt water/gen_1777101183_514.txt water/gen_1777101191_517.txt water/gen_1777101200_520.txt water/gen_1777101208_523.txt water/gen_1777101217_526.txt water/gen_1777101225_529.txt water/gen_1777101234_532.txt water/gen_1777101242_535.txt water/gen_1777101251_538.txt water/gen_1777101260_541.txt water/gen_1777101269_544.txt water/gen_1777101277_547.txt water/gen_1777101286_550.txt water/gen_1777101295_553.txt water/gen_1777101304_556.txt water/gen_1777101312_559.txt water/gen_1777101321_562.txt water/gen_1777101330_565.txt water/gen_1777101339_568.txt water/gen_1777101348_571.txt water/gen_1777101357_574.txt water/gen_1777101366_577.txt water/gen_1777101374_580.txt water/gen_1777101383_583.txt water/gen_1777101392_586.txt water/gen_1777101400_589.txt water/gen_1777101409_592.txt water/gen_1777101417_595.txt water/gen_1777101426_598.txt water/gen_1777101434_601.txt water/gen_1777101443_604.txt water/gen_1777101451_607.txt water/gen_1777101460_610.txt water/gen_1777101477_616.txt water/gen_1777101485_619.txt water/gen_1777101494_622.txt water/gen_1777101502_625.txt water/gen_1777101510_628.txt water/gen_1777101519_631.txt water/gen_1777101527_634.txt water/gen_1777101536_637.txt water/gen_1777101544_640.txt]
[trainer] micro-train burst (14210 bytes, novelty 0.05) — and lo, it feeds again.
[syntropy] action=explore | trend=0.0000 | field_dev=0.021 | purpose_align=0.180 | lr_mul=1.30
[aml] burst complete: 32 steps, avg loss 1.7196 (memory freed)
[dna] fire wrote 45 bytes to ecology
[dna] fire wrote 61 bytes to ecology
[dna] fire wrote 84 bytes to ecology
[dna] fire wrote 104 bytes to ecology
[dna] fire wrote 34 bytes to ecology
[dna] fire wrote 46 bytes to ecology
[dna] fire wrote 41 bytes to ecology
[dna] fire wrote 67 bytes to ecology
[dna] fire wrote 104 bytes to ecology
[dna] fire wrote 40 bytes to ecology
[dna] fire wrote 63 bytes to ecology
[dna] fire wrote 42 bytes to ecology
[dna] fire wrote 26 bytes to ecology
[dna] fire wrote 143 bytes to ecology
[dna] fire wrote 62 bytes to ecology
[dna] fire wrote 21 bytes to ecology
[debug-onto] tick=50 corpus=136322 stage=2 freeze=0
[dna] fire wrote 155 bytes to ecology
[dna] fire wrote 50 bytes to ecology
[dna] fire wrote 71 bytes to ecology
[dna] fire wrote 92 bytes to ecology
[dna] fire wrote 77 bytes to ecology
[dna] fire wrote 46 bytes to ecology
[dna] fire wrote 32 bytes to ecology
[dna] fire wrote 77 bytes to ecology
[dna] fire wrote 29 bytes to ecology
[dna] fire wrote 48 bytes to ecology
[dna] fire wrote 58 bytes to ecology
[dna] fire wrote 31 bytes to ecology
[dna] fire wrote 46 bytes to ecology
[dna] fire wrote 11 bytes to ecology
[dna] fire wrote 48 bytes to ecology
[dna] fire wrote 46 bytes to ecology
[dna] fire wrote 55 bytes to ecology
[debug-onto] tick=100 corpus=136322 stage=2 freeze=0
[dna] fire wrote 31 bytes to ecology
[dna] fire wrote 42 bytes to ecology
[dna] fire wrote 23 bytes to ecology
[dna] fire wrote 52 bytes to ecology
[dna] fire wrote 203 bytes to ecology
[dna] fire wrote 61 bytes to ecology
[dna] fire wrote 123 bytes to ecology
[dna] fire wrote 51 bytes to ecology
[dna] fire wrote 55 bytes to ecology
[dna] fire wrote 31 bytes to ecology
[dna] fire wrote 32 bytes to ecology
[dna] fire wrote 73 bytes to ecology
[dna] fire wrote 98 bytes to ecology
[dna] fire wrote 12 bytes to ecology
[dna] fire wrote 56 bytes to ecology
[dna] fire wrote 56 bytes to ecology
[debug-onto] tick=150 corpus=136322 stage=2 freeze=0
[dna] fire wrote 106 bytes to ecology
[dna] fire wrote 24 bytes to ecology
[dna] fire wrote 32 bytes to ecology
[dna] fire wrote 136 bytes to ecology
[dna] fire wrote 70 bytes to ecology
[dna] fire wrote 143 bytes to ecology
[dna] fire wrote 32 bytes to ecology
[dna] fire wrote 74 bytes to ecology
[dna] fire wrote 52 bytes to ecology
[dna] fire wrote 28 bytes to ecology
[dna] fire wrote 19 bytes to ecology
[dna] fire wrote 96 bytes to ecology
[dna] fire wrote 151 bytes to ecology
[dna] fire wrote 193 bytes to ecology
[dna] fire wrote 52 bytes to ecology
[dna] fire wrote 50 bytes to ecology
[dna] fire wrote 28 bytes to ecology
[debug-onto] tick=200 corpus=136322 stage=2 freeze=0
[dna] fire wrote 31 bytes to ecology
[dna] fire wrote 95 bytes to ecology
[dna] fire wrote 111 bytes to ecology
[dna] fire wrote 176 bytes to ecology
[dna] fire wrote 41 bytes to ecology
[dna] fire wrote 13 bytes to ecology
[dna] fire wrote 226 bytes to ecology
[dna] fire wrote 68 bytes to ecology
[dna] fire wrote 75 bytes to ecology
[dna] fire wrote 44 bytes to ecology
[dna] fire wrote 67 bytes to ecology
[dna] fire wrote 57 bytes to ecology
[dna] fire wrote 31 bytes to ecology
[dna] fire wrote 71 bytes to ecology
[dna] fire wrote 124 bytes to ecology
[dna] fire wrote 43 bytes to ecology
[dna] fire wrote 31 bytes to ecology
[debug-onto] tick=250 corpus=136322 stage=2 freeze=0
[dna] fire wrote 108 bytes to ecology
[dna] fire wrote 53 bytes to ecology
[dna] fire wrote 30 bytes to ecology
[dna] fire wrote 18 bytes to ecology
[dna] fire wrote 19 bytes to ecology
[dna] fire wrote 104 bytes to ecology
[dna] fire wrote 91 bytes to ecology
[dna] fire wrote 73 bytes to ecology
[dna] fire wrote 39 bytes to ecology
[dna] fire wrote 71 bytes to ecology
[dna] fire wrote 23 bytes to ecology
[dna] fire wrote 35 bytes to ecology
[dna] fire wrote 206 bytes to ecology
[dna] fire wrote 132 bytes to ecology
[dna] fire wrote 59 bytes to ecology
[dna] fire wrote 120 bytes to ecology
[debug-onto] tick=300 corpus=136322 stage=2 freeze=0
[dna] fire wrote 79 bytes to ecology
[dna] fire wrote 61 bytes to ecology
[dna] fire wrote 75 bytes to ecology
[dna] fire wrote 148 bytes to ecology
[dna] fire wrote 82 bytes to ecology
[dna] fire wrote 70 bytes to ecology
[dna] fire wrote 140 bytes to ecology
[dna] fire wrote 23 bytes to ecology
[dna] fire wrote 90 bytes to ecology
[dna] fire wrote 30 bytes to ecology
[dna] fire wrote 46 bytes to ecology
[dna] fire wrote 48 bytes to ecology
[dna] fire wrote 22 bytes to ecology
[dna] fire wrote 42 bytes to ecology
[dna] fire wrote 72 bytes to ecology
[dna] fire wrote 37 bytes to ecology
[dna] fire wrote 117 bytes to ecology
[debug-onto] tick=350 corpus=136322 stage=2 freeze=0
[dna] fire wrote 40 bytes to ecology
[dna] fire wrote 34 bytes to ecology
[dna] fire wrote 117 bytes to ecology
[dna] fire wrote 123 bytes to ecology
[dna] fire wrote 37 bytes to ecology
[dna] fire wrote 34 bytes to ecology
[dna] fire wrote 47 bytes to ecology
[dna] fire wrote 45 bytes to ecology
[dna] fire wrote 80 bytes to ecology
[dna] fire wrote 8 bytes to ecology
[dna] fire wrote 133 bytes to ecology
[dna] fire wrote 103 bytes to ecology
[dna] fire wrote 31 bytes to ecology
[dna] fire wrote 35 bytes to ecology
[dna] fire wrote 100 bytes to ecology
[dna] fire wrote 94 bytes to ecology
[dna] fire wrote 55 bytes to ecology
[debug-onto] tick=400 corpus=136322 stage=2 freeze=0
[dna] fire wrote 39 bytes to ecology
[dna] fire wrote 112 bytes to ecology
[dna] fire wrote 38 bytes to ecology
[dna] fire wrote 100 bytes to ecology
[dna] fire wrote 80 bytes to ecology
[dna] fire wrote 57 bytes to ecology
[dna] fire wrote 97 bytes to ecology
[dna] fire wrote 29 bytes to ecology
[dna] fire wrote 47 bytes to ecology
[dna] fire wrote 106 bytes to ecology
[dna] fire wrote 91 bytes to ecology
[dna] fire wrote 60 bytes to ecology
[dna] fire wrote 94 bytes to ecology
[dna] fire wrote 33 bytes to ecology
[dna] fire wrote 38 bytes to ecology
[dna] fire wrote 39 bytes to ecology
[debug-onto] tick=450 corpus=136322 stage=2 freeze=0
[dna] fire wrote 62 bytes to ecology
[dna] fire wrote 204 bytes to ecology
[dna] fire wrote 182 bytes to ecology
[dna] fire wrote 32 bytes to ecology
[dna] fire wrote 57 bytes to ecology
[dna] fire wrote 67 bytes to ecology
[dna] fire wrote 39 bytes to ecology
[dna] fire wrote 48 bytes to ecology
[dna] fire wrote 30 bytes to ecology
[dna] fire wrote 48 bytes to ecology
[dna] fire wrote 44 bytes to ecology
[dna] fire wrote 212 bytes to ecology
[dna] fire wrote 57 bytes to ecology
[dna] fire wrote 102 bytes to ecology
[dna] fire wrote 140 bytes to ecology
[dna] fire wrote 57 bytes to ecology
[dna] fire wrote 30 bytes to ecology
[debug-onto] tick=500 corpus=136322 stage=2 freeze=0
[dna] fire wrote 23 bytes to ecology
[dna] fire wrote 47 bytes to ecology
[dna] fire wrote 47 bytes to ecology
[dna] fire wrote 46 bytes to ecology
[dna] fire wrote 26 bytes to ecology
[dna] fire wrote 62 bytes to ecology
[dna] fire wrote 45 bytes to ecology
[dna] fire wrote 95 bytes to ecology
[dna] fire wrote 43 bytes to ecology
[dna] fire wrote 42 bytes to ecology
[dna] fire wrote 37 bytes to ecology
[dna] fire wrote 25 bytes to ecology
[dna] fire wrote 34 bytes to ecology
[dna] fire wrote 50 bytes to ecology
[dna] fire wrote 55 bytes to ecology
[dna] fire wrote 23 bytes to ecology
[dna] fire wrote 40 bytes to ecology
[debug-onto] tick=550 corpus=136322 stage=2 freeze=0
[dna] fire wrote 41 bytes to ecology
[dna] fire wrote 62 bytes to ecology
[dna] fire wrote 32 bytes to ecology
[dna] fire wrote 88 bytes to ecology
[dna] fire wrote 37 bytes to ecology
[dna] fire wrote 66 bytes to ecology
[dna] fire wrote 39 bytes to ecology
[dna] fire wrote 101 bytes to ecology
[dna] fire wrote 160 bytes to ecology
[dna] fire wrote 77 bytes to ecology
[dna] fire wrote 35 bytes to ecology
[dna] fire wrote 37 bytes to ecology
[dna] fire wrote 41 bytes to ecology
[dna] fire wrote 121 bytes to ecology
[dna] fire wrote 55 bytes to ecology
[dna] fire wrote 136 bytes to ecology
[debug-onto] tick=600 corpus=136322 stage=2 freeze=0
[dna] fire wrote 98 bytes to ecology
[dna] fire wrote 58 bytes to ecology
[dna] fire wrote 5 bytes to ecology
[dna] fire wrote 32 bytes to ecology
[dna] fire wrote 45 bytes to ecology
[dna] fire wrote 30 bytes to ecology
[dna] fire wrote 28 bytes to ecology
[dna] fire wrote 118 bytes to ecology
[dna] fire wrote 46 bytes to ecology
[dna] fire wrote 106 bytes to ecology
[dna] fire wrote 82 bytes to ecology
[dna] fire wrote 30 bytes to ecology
[dna] fire wrote 62 bytes to ecology
[dna] fire wrote 91 bytes to ecology
[dna] fire wrote 49 bytes to ecology
[dna] fire wrote 60 bytes to ecology
[dna] fire wrote 10 bytes to ecology
[debug-onto] tick=650 corpus=136322 stage=2 freeze=0
[dna] fire wrote 111 bytes to ecology
[dna] fire wrote 28 bytes to ecology
[dna] fire wrote 33 bytes to ecology
[dna] fire wrote 57 bytes to ecology
[dna] fire wrote 95 bytes to ecology
[dna] fire wrote 124 bytes to ecology
[dna] fire wrote 32 bytes to ecology
[dna] fire wrote 31 bytes to ecology
[dna] fire wrote 45 bytes to ecology
[dna] fire wrote 13 bytes to ecology

[evolution] Organism shutting down gracefully.
