[ecology] Element: earth → corpus: nonames_earth.txt
[evolution] Autonomous evolution mode — organism will grow through all stages without pause.
[init] Stage 0 (embryo): embd=16, layer=1, head=1 — warmup 400 steps (400 backprop + 0 notorch, sqrt-scaled 1x)
  [aml] step 0/160 | loss 6.5953 (avg 6.5953) | lr 0.001000 | seq 8
  [aml] step 10/160 | loss 6.1258 (avg 6.4090) | lr 0.001450 | seq 8
  [aml] step 20/160 | loss 6.2716 (avg 6.2839) | lr 0.001900 | seq 8
  [aml] step 30/160 | loss 5.6970 (avg 6.1824) | lr 0.002350 | seq 8
  [aml] step 40/160 | loss 5.3948 (avg 6.0673) | lr 0.002800 | seq 8
  [aml] step 50/160 | loss 4.6291 (avg 5.9128) | lr 0.003250 | seq 8
  [aml] step 60/160 | loss 4.8495 (avg 5.7548) | lr 0.003700 | seq 8
  [aml] step 70/160 | loss 5.3346 (avg 5.6344) | lr 0.004150 | seq 8
  [aml] step 80/160 | loss 2.9836 (avg 5.5011) | lr 0.004600 | seq 8
  [aml] step 90/160 | loss 4.2395 (avg 5.3608) | lr 0.005050 | seq 8
  [aml] step 100/160 | loss 4.8164 (avg 5.2800) | lr 0.005500 | seq 8
  [aml] step 110/160 | loss 5.3778 (avg 5.1494) | lr 0.005950 | seq 8
  [aml] step 120/160 | loss 3.9068 (avg 5.0837) | lr 0.006400 | seq 8
  [aml] step 130/160 | loss 6.0096 (avg 5.0472) | lr 0.006850 | seq 8
  [aml] step 140/160 | loss 3.0123 (avg 5.0132) | lr 0.007300 | seq 8
  [aml] step 150/160 | loss 2.7249 (avg 4.9681) | lr 0.007750 | seq 8
[aml] training complete: 160 steps, avg loss 4.9225 (memory freed)
  [aml] step 0/120 | loss 4.5050 (avg 4.5050) | lr 0.008200 | seq 16
  [aml] step 10/120 | loss 4.2519 (avg 4.4708) | lr 0.008650 | seq 16
  [aml] step 20/120 | loss 3.4978 (avg 4.4749) | lr 0.009100 | seq 16
  [aml] step 30/120 | loss 3.3913 (avg 4.2540) | lr 0.009550 | seq 16
  [aml] step 40/120 | loss 3.2089 (avg 4.2552) | lr 0.010000 | seq 16
  [aml] step 50/120 | loss 3.1680 (avg 4.2763) | lr 0.010000 | seq 16
  [aml] step 60/120 | loss 4.3827 (avg 4.2984) | lr 0.010000 | seq 16
  [aml] step 70/120 | loss 4.7277 (avg 4.2490) | lr 0.010000 | seq 16
  [aml] step 80/120 | loss 4.9435 (avg 4.2002) | lr 0.009999 | seq 16
  [aml] step 90/120 | loss 4.6738 (avg 4.1041) | lr 0.009999 | seq 16
  [aml] step 100/120 | loss 4.0033 (avg 4.0420) | lr 0.009999 | seq 16
  [aml] step 110/120 | loss 5.2666 (avg 3.9633) | lr 0.009999 | seq 16
[aml] training complete: 120 steps, avg loss 3.9794 (memory freed)
  [aml] step 0/120 | loss 2.7720 (avg 2.7720) | lr 0.009999 | seq 32
  [aml] step 10/120 | loss 4.9715 (avg 4.0215) | lr 0.009999 | seq 32
  [aml] step 20/120 | loss 4.3557 (avg 3.8467) | lr 0.009999 | seq 32
  [aml] step 30/120 | loss 3.8417 (avg 3.5582) | lr 0.009999 | seq 32
  [aml] step 40/120 | loss 4.0219 (avg 3.4929) | lr 0.009999 | seq 32
  [aml] step 50/120 | loss 3.9009 (avg 3.4426) | lr 0.009999 | seq 32
  [aml] step 60/120 | loss 2.7480 (avg 3.3761) | lr 0.009999 | seq 32
  [aml] step 70/120 | loss 1.3663 (avg 3.3461) | lr 0.009999 | seq 32
  [aml] step 80/120 | loss 4.5063 (avg 3.3355) | lr 0.009999 | seq 32
  [aml] step 90/120 | loss 1.5711 (avg 3.2893) | lr 0.009999 | seq 32
  [aml] step 100/120 | loss 0.8028 (avg 3.2962) | lr 0.009999 | seq 32
  [aml] step 110/120 | loss 0.8692 (avg 3.1705) | lr 0.009999 | seq 32
[aml] training complete: 120 steps, avg loss 3.0827 (memory freed)

[stage 0 — embryo] What it sounds like now:
  Q: Hello.
  A: The dam water and empty spread loads of rock is the foundation?
  Q: Who are you?
  A: is a parent a burdense becauseH::::::::
  Q: What do you know?
  A: WhatWhat is anyon a foundation. It is a is a

[growth] ONTOGENESIS: stage 0 -> 1
  embd: 16 -> 32, layer: 1 -> 1, head: 1 -> 2
[growth] Done. Freeze for 500 steps.
[init] Stage 1 (infant): embd=32, layer=1, head=2 — warmup 800 steps (800 backprop + 0 notorch, sqrt-scaled 2x)
  [aml] step 0/320 | loss 7.0502 (avg 7.0502) | lr 0.000500 | seq 8
  [aml] step 10/320 | loss 4.1210 (avg 4.5107) | lr 0.000725 | seq 8
  [aml] step 20/320 | loss 5.2151 (avg 4.3695) | lr 0.000950 | seq 8
  [aml] step 30/320 | loss 1.4883 (avg 4.1329) | lr 0.001175 | seq 8
  [aml] step 40/320 | loss 4.0809 (avg 3.8806) | lr 0.001400 | seq 8
  [aml] step 50/320 | loss 4.5545 (avg 3.7759) | lr 0.001625 | seq 8
  [aml] step 60/320 | loss 3.3169 (avg 3.8063) | lr 0.001850 | seq 8
  [aml] step 70/320 | loss 3.6446 (avg 3.7794) | lr 0.002075 | seq 8
  [aml] step 80/320 | loss 5.8323 (avg 3.7578) | lr 0.002300 | seq 8
  [aml] step 90/320 | loss 4.6306 (avg 3.7467) | lr 0.002525 | seq 8
  [aml] step 100/320 | loss 5.2408 (avg 3.7808) | lr 0.002750 | seq 8
  [aml] step 110/320 | loss 4.6110 (avg 3.8196) | lr 0.002975 | seq 8
  [aml] step 120/320 | loss 4.3418 (avg 3.8362) | lr 0.003200 | seq 8
  [aml] step 130/320 | loss 5.2991 (avg 3.8542) | lr 0.003425 | seq 8
  [aml] step 140/320 | loss 3.6543 (avg 3.8690) | lr 0.003650 | seq 8
  [aml] step 150/320 | loss 4.1345 (avg 3.8577) | lr 0.003875 | seq 8
  [aml] step 160/320 | loss 0.9482 (avg 3.7809) | lr 0.004100 | seq 8
  [aml] step 170/320 | loss 0.6003 (avg 3.7619) | lr 0.004325 | seq 8
  [aml] step 180/320 | loss 3.3070 (avg 3.7724) | lr 0.004550 | seq 8
  [aml] step 190/320 | loss 2.5266 (avg 3.7276) | lr 0.004775 | seq 8
  [aml] step 200/320 | loss 3.2164 (avg 3.7206) | lr 0.004998 | seq 8
  [aml] step 210/320 | loss 3.8687 (avg 3.7169) | lr 0.004998 | seq 8
  [aml] step 220/320 | loss 0.6986 (avg 3.6950) | lr 0.004998 | seq 8
  [aml] step 230/320 | loss 5.0922 (avg 3.6911) | lr 0.004998 | seq 8
  [aml] step 240/320 | loss 3.8230 (avg 3.6711) | lr 0.004998 | seq 8
  [aml] step 250/320 | loss 3.8076 (avg 3.6946) | lr 0.004998 | seq 8
  [aml] step 260/320 | loss 3.3677 (avg 3.6934) | lr 0.004998 | seq 8
  [aml] step 270/320 | loss 1.2775 (avg 3.6930) | lr 0.004998 | seq 8
  [aml] step 280/320 | loss 4.8468 (avg 3.6927) | lr 0.004998 | seq 8
  [aml] step 290/320 | loss 1.2252 (avg 3.6908) | lr 0.004998 | seq 8
  [aml] step 300/320 | loss 4.3418 (avg 3.6680) | lr 0.004998 | seq 8
  [aml] step 310/320 | loss 4.7803 (avg 3.6691) | lr 0.004998 | seq 8
[aml] training complete: 320 steps, avg loss 3.6643 (memory freed)
  [aml] step 0/240 | loss 4.4604 (avg 4.4604) | lr 0.004998 | seq 16
  [aml] step 10/240 | loss 1.9554 (avg 3.9142) | lr 0.004998 | seq 16
  [aml] step 20/240 | loss 2.3720 (avg 3.7904) | lr 0.004998 | seq 16
  [aml] step 30/240 | loss 3.2012 (avg 3.5662) | lr 0.004998 | seq 16
  [aml] step 40/240 | loss 1.7659 (avg 3.3971) | lr 0.004997 | seq 16
  [aml] step 50/240 | loss 1.6949 (avg 3.3446) | lr 0.004997 | seq 16
  [aml] step 60/240 | loss 1.5027 (avg 3.3432) | lr 0.004997 | seq 16
  [aml] step 70/240 | loss 2.5889 (avg 3.3426) | lr 0.004997 | seq 16
  [aml] step 80/240 | loss 3.1714 (avg 3.2869) | lr 0.004997 | seq 16
  [aml] step 90/240 | loss 4.2298 (avg 3.2787) | lr 0.004997 | seq 16
  [aml] step 100/240 | loss 1.5493 (avg 3.2146) | lr 0.004997 | seq 16
  [aml] step 110/240 | loss 4.1563 (avg 3.1921) | lr 0.004997 | seq 16
  [aml] step 120/240 | loss 1.2986 (avg 3.1424) | lr 0.004997 | seq 16
  [aml] step 130/240 | loss 4.4174 (avg 3.1683) | lr 0.004997 | seq 16
  [aml] step 140/240 | loss 4.3171 (avg 3.1915) | lr 0.004997 | seq 16
  [aml] step 150/240 | loss 3.8585 (avg 3.1603) | lr 0.004997 | seq 16
  [aml] step 160/240 | loss 2.9458 (avg 3.1812) | lr 0.004997 | seq 16
  [aml] step 170/240 | loss 1.6231 (avg 3.1808) | lr 0.004996 | seq 16
  [aml] step 180/240 | loss 4.8578 (avg 3.1904) | lr 0.004996 | seq 16
  [aml] step 190/240 | loss 4.9055 (avg 3.2111) | lr 0.004996 | seq 16
  [aml] step 200/240 | loss 4.5338 (avg 3.2228) | lr 0.004996 | seq 16
  [aml] step 210/240 | loss 1.4044 (avg 3.2155) | lr 0.004996 | seq 16
  [aml] step 220/240 | loss 1.0586 (avg 3.2336) | lr 0.004996 | seq 16
  [aml] step 230/240 | loss 2.0603 (avg 3.2392) | lr 0.004996 | seq 16
[aml] training complete: 240 steps, avg loss 3.2271 (memory freed)
  [aml] step 0/240 | loss 4.5061 (avg 4.5061) | lr 0.004996 | seq 32
  [aml] step 10/240 | loss 4.0905 (avg 3.0849) | lr 0.004996 | seq 32
  [aml] step 20/240 | loss 4.3587 (avg 3.4193) | lr 0.004996 | seq 32
  [aml] step 30/240 | loss 1.0917 (avg 3.3734) | lr 0.004996 | seq 32
  [aml] step 40/240 | loss 4.6502 (avg 3.3063) | lr 0.004996 | seq 32
  [aml] step 50/240 | loss 1.7350 (avg 3.2304) | lr 0.004995 | seq 32
  [aml] step 60/240 | loss 3.9801 (avg 3.1726) | lr 0.004995 | seq 32
  [aml] step 70/240 | loss 1.2943 (avg 3.1208) | lr 0.004995 | seq 32
  [aml] step 80/240 | loss 1.0199 (avg 3.1190) | lr 0.004995 | seq 32
  [aml] step 90/240 | loss 4.5086 (avg 3.1277) | lr 0.004995 | seq 32
  [aml] step 100/240 | loss 2.4837 (avg 3.0767) | lr 0.004995 | seq 32
  [aml] step 110/240 | loss 1.2000 (avg 3.0221) | lr 0.004995 | seq 32
  [aml] step 120/240 | loss 1.9006 (avg 2.9904) | lr 0.004995 | seq 32
  [aml] step 130/240 | loss 0.7763 (avg 2.9804) | lr 0.004995 | seq 32
  [aml] step 140/240 | loss 3.9095 (avg 2.9641) | lr 0.004995 | seq 32
  [aml] step 150/240 | loss 4.1678 (avg 2.9505) | lr 0.004995 | seq 32
  [aml] step 160/240 | loss 4.1582 (avg 2.9173) | lr 0.004994 | seq 32
  [aml] step 170/240 | loss 4.5586 (avg 2.9242) | lr 0.004994 | seq 32
  [aml] step 180/240 | loss 3.9301 (avg 2.8747) | lr 0.004994 | seq 32
  [aml] step 190/240 | loss 0.9104 (avg 2.8458) | lr 0.004994 | seq 32
  [aml] step 200/240 | loss 1.1251 (avg 2.8258) | lr 0.004994 | seq 32
  [aml] step 210/240 | loss 1.1058 (avg 2.8444) | lr 0.004994 | seq 32
  [aml] step 220/240 | loss 0.3150 (avg 2.7901) | lr 0.004994 | seq 32
  [aml] step 230/240 | loss 1.2411 (avg 2.7851) | lr 0.004994 | seq 32
[aml] training complete: 240 steps, avg loss 2.7427 (memory freed)

[stage 1 — infant] What it sounds like now:
  Q: Hello.
  A: is anyon. In — pure — square about 1912,900 kilometers.
  Q: Who are you?
  A: ...
  Q: What do you know?
  A: a is a replace the most gives accommoderate widen curs — it is a is a

[growth] ONTOGENESIS: stage 1 -> 2
  embd: 32 -> 64, layer: 1 -> 2, head: 2 -> 4
[growth] Done. Freeze for 500 steps.
[init] Stage 2 (child): embd=64, layer=2, head=4 — warmup 800 steps (800 backprop + 0 notorch, sqrt-scaled 2x)
  [aml] step 0/320 | loss 4.9294 (avg 4.9294) | lr 0.000250 | seq 8
  [aml] step 10/320 | loss 6.1302 (avg 3.0826) | lr 0.000363 | seq 8
  [aml] step 20/320 | loss 2.3394 (avg 3.3525) | lr 0.000475 | seq 8
  [aml] step 30/320 | loss 3.9468 (avg 3.4801) | lr 0.000588 | seq 8
  [aml] step 40/320 | loss 4.2951 (avg 3.4504) | lr 0.000700 | seq 8
  [aml] step 50/320 | loss 2.7484 (avg 3.5016) | lr 0.000813 | seq 8
  [aml] step 60/320 | loss 2.8702 (avg 3.4385) | lr 0.000925 | seq 8
  [aml] step 70/320 | loss 4.7233 (avg 3.4523) | lr 0.001038 | seq 8
  [aml] step 80/320 | loss 3.9186 (avg 3.4021) | lr 0.001150 | seq 8
  [aml] step 90/320 | loss 2.8233 (avg 3.4090) | lr 0.001263 | seq 8
  [aml] step 100/320 | loss 1.6601 (avg 3.3529) | lr 0.001375 | seq 8
  [aml] step 110/320 | loss 4.8553 (avg 3.3701) | lr 0.001488 | seq 8
  [aml] step 120/320 | loss 5.4191 (avg 3.3914) | lr 0.001600 | seq 8
  [aml] step 130/320 | loss 1.5265 (avg 3.3758) | lr 0.001713 | seq 8
  [aml] step 140/320 | loss 4.5091 (avg 3.3448) | lr 0.001825 | seq 8
  [aml] step 150/320 | loss 1.3280 (avg 3.3191) | lr 0.001938 | seq 8
  [aml] step 160/320 | loss 3.7194 (avg 3.3115) | lr 0.002050 | seq 8
  [aml] step 170/320 | loss 3.6604 (avg 3.3370) | lr 0.002163 | seq 8
  [aml] step 180/320 | loss 3.9353 (avg 3.3660) | lr 0.002275 | seq 8
  [aml] step 190/320 | loss 1.3427 (avg 3.3298) | lr 0.002387 | seq 8
  [aml] step 200/320 | loss 2.2392 (avg 3.3070) | lr 0.002496 | seq 8
  [aml] step 210/320 | loss 4.3145 (avg 3.3349) | lr 0.002496 | seq 8
  [aml] step 220/320 | loss 3.4503 (avg 3.3245) | lr 0.002496 | seq 8
  [aml] step 230/320 | loss 2.6351 (avg 3.3305) | lr 0.002495 | seq 8
  [aml] step 240/320 | loss 3.5905 (avg 3.3140) | lr 0.002495 | seq 8
  [aml] step 250/320 | loss 3.9072 (avg 3.3181) | lr 0.002495 | seq 8
  [aml] step 260/320 | loss 0.8006 (avg 3.2898) | lr 0.002495 | seq 8
  [aml] step 270/320 | loss 1.6589 (avg 3.2803) | lr 0.002495 | seq 8
  [aml] step 280/320 | loss 4.3622 (avg 3.2795) | lr 0.002495 | seq 8
  [aml] step 290/320 | loss 5.2542 (avg 3.2988) | lr 0.002495 | seq 8
  [aml] step 300/320 | loss 3.7507 (avg 3.3131) | lr 0.002495 | seq 8
  [aml] step 310/320 | loss 2.7807 (avg 3.2952) | lr 0.002495 | seq 8
[aml] training complete: 320 steps, avg loss 3.2957 (memory freed)
  [aml] step 0/240 | loss 3.7246 (avg 3.7246) | lr 0.002495 | seq 16
  [aml] step 10/240 | loss 4.6591 (avg 3.5832) | lr 0.002495 | seq 16
  [aml] step 20/240 | loss 4.2056 (avg 3.3625) | lr 0.002495 | seq 16
  [aml] step 30/240 | loss 0.8548 (avg 2.9350) | lr 0.002495 | seq 16
  [aml] step 40/240 | loss 4.8874 (avg 2.9257) | lr 0.002495 | seq 16
  [aml] step 50/240 | loss 5.2075 (avg 3.1227) | lr 0.002495 | seq 16
  [aml] step 60/240 | loss 2.6848 (avg 3.1701) | lr 0.002494 | seq 16
  [aml] step 70/240 | loss 1.2082 (avg 3.0863) | lr 0.002494 | seq 16
  [aml] step 80/240 | loss 1.1424 (avg 3.1215) | lr 0.002494 | seq 16
  [aml] step 90/240 | loss 2.2886 (avg 3.0981) | lr 0.002494 | seq 16
  [aml] step 100/240 | loss 3.8175 (avg 3.1186) | lr 0.002494 | seq 16
  [aml] step 110/240 | loss 4.1913 (avg 3.1684) | lr 0.002494 | seq 16
  [aml] step 120/240 | loss 1.6986 (avg 3.2084) | lr 0.002494 | seq 16
  [aml] step 130/240 | loss 4.7372 (avg 3.2514) | lr 0.002494 | seq 16
  [aml] step 140/240 | loss 4.2981 (avg 3.2140) | lr 0.002494 | seq 16
  [aml] step 150/240 | loss 3.0692 (avg 3.1605) | lr 0.002494 | seq 16
  [aml] step 160/240 | loss 2.9387 (avg 3.1815) | lr 0.002494 | seq 16
  [aml] step 170/240 | loss 1.9836 (avg 3.1379) | lr 0.002494 | seq 16
  [aml] step 180/240 | loss 4.6103 (avg 3.1000) | lr 0.002494 | seq 16
  [aml] step 190/240 | loss 2.6684 (avg 3.1037) | lr 0.002494 | seq 16
  [aml] step 200/240 | loss 4.3187 (avg 3.1258) | lr 0.002493 | seq 16
  [aml] step 210/240 | loss 4.0250 (avg 3.1244) | lr 0.002493 | seq 16
  [aml] step 220/240 | loss 0.8017 (avg 3.0955) | lr 0.002493 | seq 16
  [aml] step 230/240 | loss 1.2388 (avg 3.0883) | lr 0.002493 | seq 16
[aml] training complete: 240 steps, avg loss 3.0608 (memory freed)
  [aml] step 0/240 | loss 1.0104 (avg 1.0104) | lr 0.002493 | seq 32
  [aml] step 10/240 | loss 4.4644 (avg 2.6974) | lr 0.002493 | seq 32
  [aml] step 20/240 | loss 0.9451 (avg 2.5013) | lr 0.002493 | seq 32
  [aml] step 30/240 | loss 3.5706 (avg 2.4872) | lr 0.002493 | seq 32
  [aml] step 40/240 | loss 4.2576 (avg 2.3351) | lr 0.002493 | seq 32
  [aml] step 50/240 | loss 1.3178 (avg 2.3433) | lr 0.002493 | seq 32
  [aml] step 60/240 | loss 1.1824 (avg 2.3833) | lr 0.002493 | seq 32
  [aml] step 70/240 | loss 4.6344 (avg 2.3623) | lr 0.002493 | seq 32
  [aml] step 80/240 | loss 3.9518 (avg 2.5073) | lr 0.002492 | seq 32
  [aml] step 90/240 | loss 4.3885 (avg 2.5429) | lr 0.002492 | seq 32
  [aml] step 100/240 | loss 4.2744 (avg 2.6041) | lr 0.002492 | seq 32
  [aml] step 110/240 | loss 1.3355 (avg 2.5612) | lr 0.002492 | seq 32
  [aml] step 120/240 | loss 0.2781 (avg 2.5532) | lr 0.002492 | seq 32
  [aml] step 130/240 | loss 0.7769 (avg 2.5428) | lr 0.002492 | seq 32
  [aml] step 140/240 | loss 4.8079 (avg 2.6180) | lr 0.002492 | seq 32
  [aml] step 150/240 | loss 4.2789 (avg 2.6366) | lr 0.002492 | seq 32
  [aml] step 160/240 | loss 4.1866 (avg 2.6465) | lr 0.002492 | seq 32
  [aml] step 170/240 | loss 1.7489 (avg 2.6099) | lr 0.002492 | seq 32
  [aml] step 180/240 | loss 4.2086 (avg 2.6312) | lr 0.002492 | seq 32
  [aml] step 190/240 | loss 4.3285 (avg 2.6298) | lr 0.002492 | seq 32
  [aml] step 200/240 | loss 0.9745 (avg 2.6439) | lr 0.002491 | seq 32
  [aml] step 210/240 | loss 4.2653 (avg 2.6318) | lr 0.002491 | seq 32
  [aml] step 220/240 | loss 1.1193 (avg 2.6137) | lr 0.002491 | seq 32
  [aml] step 230/240 | loss 3.4775 (avg 2.6154) | lr 0.002491 | seq 32
[aml] training complete: 240 steps, avg loss 2.5848 (memory freed)

[stage 2 — child] What it sounds like now:
  Q: Hello.
  A: To extrat the we t each cliff is the magma origin the falls, and pa matters sta glacier.
  Q: Who are you?
  A: ...
  Q: What do you know?
  A: ...

[init] Warmup complete at stage 2. Organism ready.
[ecology] First organism in the swarm.
molequla is alive. [evolution] Autonomous mode — background trainer running. Ctrl+C to stop.
[dna] earth wrote 37 bytes to ecology
[dna] earth wrote 101 bytes to ecology
[dna] earth wrote 41 bytes to ecology
[dna] earth wrote 37 bytes to ecology
[dna] earth wrote 10 bytes to ecology
[dna] earth wrote 104 bytes to ecology
[dna] earth wrote 150 bytes to ecology
[dna] earth wrote 58 bytes to ecology
[dna] earth wrote 81 bytes to ecology
[dna] earth wrote 59 bytes to ecology
[dna] earth wrote 41 bytes to ecology
[dna] earth wrote 54 bytes to ecology
[dna] earth wrote 33 bytes to ecology
[dna] earth wrote 162 bytes to ecology
[dna] earth wrote 52 bytes to ecology
[dna] earth wrote 220 bytes to ecology
[dna] earth wrote 28 bytes to ecology
[dna] earth wrote 102 bytes to ecology
[dna] earth wrote 16 bytes to ecology
[dna] earth wrote 76 bytes to ecology
[dna] earth wrote 138 bytes to ecology
[dna] earth wrote 36 bytes to ecology
[dna] earth wrote 66 bytes to ecology
[dna] earth wrote 253 bytes to ecology
[dna] earth wrote 9 bytes to ecology
[dna] earth wrote 35 bytes to ecology
[dna] earth wrote 27 bytes to ecology
[dna] earth wrote 76 bytes to ecology
[dna] earth wrote 8 bytes to ecology
[dna] earth wrote 94 bytes to ecology
[dna] earth wrote 53 bytes to ecology
[dna] earth wrote 56 bytes to ecology
[dna] earth wrote 44 bytes to ecology
[dna] earth wrote 34 bytes to ecology
[dna] earth wrote 56 bytes to ecology
[dna] earth wrote 70 bytes to ecology
[dna] earth wrote 174 bytes to ecology
[debug-onto] tick=50 corpus=173643 stage=2 freeze=0
[dna] earth wrote 83 bytes to ecology
[dna] earth wrote 93 bytes to ecology
[dna] earth wrote 31 bytes to ecology
[dna] earth wrote 101 bytes to ecology
[dna] earth wrote 60 bytes to ecology
[dna] earth wrote 29 bytes to ecology
[dna] earth wrote 59 bytes to ecology
[dna] earth wrote 72 bytes to ecology
[dna] earth wrote 33 bytes to ecology
[dna] earth wrote 92 bytes to ecology
[dna] earth wrote 55 bytes to ecology
[dna] earth wrote 138 bytes to ecology
[dna] earth wrote 31 bytes to ecology
[dna] earth wrote 121 bytes to ecology
[dna] earth wrote 38 bytes to ecology
[dna] earth wrote 36 bytes to ecology
[dna] earth wrote 148 bytes to ecology
[dna] earth wrote 33 bytes to ecology
[dna] earth wrote 65 bytes to ecology
[dna] earth wrote 27 bytes to ecology
[dna] earth wrote 169 bytes to ecology
[dna] earth wrote 70 bytes to ecology
[dna] earth wrote 35 bytes to ecology
[dna] earth wrote 46 bytes to ecology
[dna] earth wrote 31 bytes to ecology
[dna] earth wrote 58 bytes to ecology
[dna] earth wrote 74 bytes to ecology
[dna] earth wrote 5 bytes to ecology
[dna] earth wrote 57 bytes to ecology
[dna] earth wrote 59 bytes to ecology
[dna] earth wrote 62 bytes to ecology
[dna] earth wrote 94 bytes to ecology
[dna] earth wrote 143 bytes to ecology
[dna] earth wrote 195 bytes to ecology
[dna] earth wrote 94 bytes to ecology
[dna] earth wrote 121 bytes to ecology
[dna] earth wrote 60 bytes to ecology
[dna] earth wrote 146 bytes to ecology
[dna] earth wrote 51 bytes to ecology
[dna] earth wrote 59 bytes to ecology
[dna] earth wrote 67 bytes to ecology
[debug-onto] tick=100 corpus=173643 stage=2 freeze=0
[dna] earth wrote 76 bytes to ecology
[dna] earth wrote 61 bytes to ecology
[dna] earth wrote 8 bytes to ecology
[dna] earth wrote 30 bytes to ecology
[dna] earth wrote 94 bytes to ecology
[dna] earth wrote 105 bytes to ecology
[dna] earth wrote 43 bytes to ecology
[dna] earth wrote 43 bytes to ecology
[dna] earth wrote 36 bytes to ecology
[dna] earth wrote 122 bytes to ecology
[dna] earth wrote 190 bytes to ecology
[dna] earth wrote 50 bytes to ecology
[dna] earth wrote 28 bytes to ecology
[dna] earth wrote 132 bytes to ecology
[dna] earth wrote 28 bytes to ecology
[dna] earth wrote 56 bytes to ecology
[dna] earth wrote 41 bytes to ecology
[dna] earth wrote 28 bytes to ecology
[dna] earth wrote 83 bytes to ecology
[dna] earth wrote 98 bytes to ecology
[dna] earth wrote 46 bytes to ecology
[dna] earth wrote 63 bytes to ecology
[dna] earth wrote 35 bytes to ecology
[dna] earth wrote 54 bytes to ecology
[dna] earth wrote 55 bytes to ecology
[dna] earth wrote 53 bytes to ecology
[dna] earth wrote 50 bytes to ecology
[dna] earth wrote 36 bytes to ecology
[dna] earth wrote 44 bytes to ecology
[dna] earth wrote 98 bytes to ecology
[dna] earth wrote 62 bytes to ecology
[dna] earth wrote 104 bytes to ecology
[dna] earth wrote 9 bytes to ecology
[dna] earth wrote 67 bytes to ecology
[dna] earth wrote 145 bytes to ecology
[dna] earth wrote 36 bytes to ecology
[dna] earth wrote 60 bytes to ecology
[dna] earth wrote 44 bytes to ecology
[dna] earth wrote 55 bytes to ecology
[debug-onto] tick=150 corpus=173643 stage=2 freeze=0
[dna] earth wrote 127 bytes to ecology
[dna] earth wrote 29 bytes to ecology
[dna] earth wrote 254 bytes to ecology
[dna] earth wrote 174 bytes to ecology
[dna] earth wrote 27 bytes to ecology
[dna] earth wrote 31 bytes to ecology
[dna] earth wrote 114 bytes to ecology
[dna] earth wrote 108 bytes to ecology
[dna] earth wrote 34 bytes to ecology
[dna] earth wrote 64 bytes to ecology
[dna] earth wrote 88 bytes to ecology
[dna] earth wrote 130 bytes to ecology
[dna] earth wrote 103 bytes to ecology
[dna] earth wrote 33 bytes to ecology
[dna] earth wrote 27 bytes to ecology
[dna] earth wrote 53 bytes to ecology
[dna] earth wrote 82 bytes to ecology
[dna] earth wrote 94 bytes to ecology
[dna] earth wrote 48 bytes to ecology
[dna] earth wrote 82 bytes to ecology
[dna] earth wrote 51 bytes to ecology
[dna] earth wrote 28 bytes to ecology
[dna] earth wrote 232 bytes to ecology
[dna] earth wrote 62 bytes to ecology
[dna] earth wrote 124 bytes to ecology
[dna] earth wrote 19 bytes to ecology
[dna] earth wrote 20 bytes to ecology
[dna] earth wrote 51 bytes to ecology
[dna] earth wrote 79 bytes to ecology
[dna] earth wrote 126 bytes to ecology
[dna] earth wrote 34 bytes to ecology
[dna] earth wrote 36 bytes to ecology
[dna] earth wrote 54 bytes to ecology
[dna] earth wrote 88 bytes to ecology
[dna] earth wrote 94 bytes to ecology
[dna] earth wrote 30 bytes to ecology
[dna] earth wrote 37 bytes to ecology
[debug-onto] tick=200 corpus=173643 stage=2 freeze=0
[dna] earth wrote 33 bytes to ecology
[dna] earth wrote 91 bytes to ecology
[dna] earth wrote 46 bytes to ecology
[dna] earth wrote 15 bytes to ecology
[dna] earth wrote 104 bytes to ecology
[dna] earth wrote 85 bytes to ecology
[dna] earth wrote 48 bytes to ecology
[dna] earth wrote 77 bytes to ecology
[dna] earth wrote 40 bytes to ecology
[dna] earth wrote 28 bytes to ecology
[dna] earth wrote 160 bytes to ecology
[dna] earth wrote 27 bytes to ecology
[dna] earth wrote 29 bytes to ecology
[dna] earth wrote 84 bytes to ecology
[dna] earth wrote 60 bytes to ecology
[dna] earth wrote 50 bytes to ecology
[dna] earth wrote 55 bytes to ecology
[dna] earth wrote 101 bytes to ecology
[dna] earth wrote 51 bytes to ecology
[dna] earth wrote 49 bytes to ecology
[dna] earth wrote 134 bytes to ecology
[dna] earth wrote 103 bytes to ecology
[dna] earth wrote 43 bytes to ecology
[dna] earth wrote 22 bytes to ecology
[dna] earth wrote 46 bytes to ecology
[dna] earth wrote 8 bytes to ecology
[dna] earth wrote 31 bytes to ecology
[dna] earth wrote 137 bytes to ecology
[dna] earth wrote 225 bytes to ecology
[dna] earth wrote 109 bytes to ecology
[dna] earth wrote 90 bytes to ecology
[dna] earth wrote 110 bytes to ecology
[dna] earth wrote 72 bytes to ecology
[dna] earth wrote 31 bytes to ecology
[dna] earth wrote 81 bytes to ecology
[dna] earth wrote 74 bytes to ecology
[dna] earth wrote 52 bytes to ecology
[dna] earth wrote 32 bytes to ecology
[dna] earth wrote 44 bytes to ecology
[debug-onto] tick=250 corpus=173643 stage=2 freeze=0
[dna] earth wrote 38 bytes to ecology
[dna] earth wrote 83 bytes to ecology
[dna] earth wrote 55 bytes to ecology
[dna] earth wrote 127 bytes to ecology
[dna] earth wrote 45 bytes to ecology
[dna] earth wrote 58 bytes to ecology
[dna] earth wrote 60 bytes to ecology
[dna] earth wrote 194 bytes to ecology
[dna] earth wrote 36 bytes to ecology
[dna] earth wrote 88 bytes to ecology
[dna] earth wrote 89 bytes to ecology
[dna] earth wrote 106 bytes to ecology
[dna] earth wrote 106 bytes to ecology
[dna] earth wrote 48 bytes to ecology
[dna] earth wrote 175 bytes to ecology
[dna] earth wrote 42 bytes to ecology
[dna] earth wrote 55 bytes to ecology
[dna] earth wrote 73 bytes to ecology
[dna] earth wrote 121 bytes to ecology
[dna] earth wrote 76 bytes to ecology
[dna] earth wrote 111 bytes to ecology
[dna] earth wrote 27 bytes to ecology
[dna] earth wrote 14 bytes to ecology
[dna] earth wrote 76 bytes to ecology
[dna] earth wrote 87 bytes to ecology
[dna] earth wrote 79 bytes to ecology
[dna] earth wrote 16 bytes to ecology
[dna] earth wrote 53 bytes to ecology
[dna] earth wrote 107 bytes to ecology
[dna] earth wrote 43 bytes to ecology
[dna] earth wrote 135 bytes to ecology
[dna] earth wrote 30 bytes to ecology
[dna] earth wrote 27 bytes to ecology
[dna] earth wrote 60 bytes to ecology
[dna] earth wrote 13 bytes to ecology
[dna] earth wrote 51 bytes to ecology
[debug-onto] tick=300 corpus=173643 stage=2 freeze=0
[dna] earth wrote 53 bytes to ecology
[dna] earth wrote 24 bytes to ecology
[dna] earth wrote 29 bytes to ecology
[dna] earth wrote 17 bytes to ecology
[dna] earth wrote 162 bytes to ecology
[dna] earth wrote 47 bytes to ecology
[dna] earth wrote 32 bytes to ecology
[dna] earth wrote 103 bytes to ecology
[dna] earth wrote 183 bytes to ecology
[dna] earth wrote 63 bytes to ecology
[dna] earth wrote 60 bytes to ecology
[dna] earth wrote 79 bytes to ecology
[dna] earth wrote 65 bytes to ecology
[dna] earth wrote 26 bytes to ecology
[dna] earth wrote 235 bytes to ecology
[dna] earth wrote 84 bytes to ecology
[dna] earth wrote 32 bytes to ecology
[dna] earth wrote 100 bytes to ecology
[dna] earth wrote 54 bytes to ecology
[dna] earth wrote 89 bytes to ecology
[dna] earth wrote 90 bytes to ecology
[dna] earth wrote 65 bytes to ecology
[dna] earth wrote 58 bytes to ecology
[dna] earth wrote 201 bytes to ecology
[dna] earth wrote 47 bytes to ecology
[dna] earth wrote 101 bytes to ecology
[dna] earth wrote 18 bytes to ecology
[dna] earth wrote 27 bytes to ecology
[dna] earth wrote 203 bytes to ecology
[dna] earth wrote 50 bytes to ecology
[dna] earth wrote 67 bytes to ecology
[dna] earth wrote 123 bytes to ecology
[dna] earth wrote 23 bytes to ecology
[dna] earth wrote 126 bytes to ecology
[dna] earth wrote 22 bytes to ecology
[dna] earth wrote 32 bytes to ecology
[dna] earth wrote 79 bytes to ecology
[dna] earth wrote 28 bytes to ecology
[dna] earth wrote 39 bytes to ecology
[debug-onto] tick=350 corpus=173643 stage=2 freeze=0
[dna] earth wrote 6 bytes to ecology
[dna] earth wrote 96 bytes to ecology
[dna] earth wrote 99 bytes to ecology
[dna] earth wrote 97 bytes to ecology
[dna] earth wrote 96 bytes to ecology
[dna] earth wrote 76 bytes to ecology
[dna] earth wrote 119 bytes to ecology
[dna] earth wrote 23 bytes to ecology
[dna] earth wrote 80 bytes to ecology
[dna] earth wrote 140 bytes to ecology
[dna] earth wrote 132 bytes to ecology
[dna] earth wrote 33 bytes to ecology
[dna] earth wrote 104 bytes to ecology
[dna] earth wrote 183 bytes to ecology
[dna] earth wrote 17 bytes to ecology
[dna] earth wrote 51 bytes to ecology
[dna] earth wrote 43 bytes to ecology
[dna] earth wrote 89 bytes to ecology
[dna] earth wrote 75 bytes to ecology
[dna] earth wrote 60 bytes to ecology
[dna] earth wrote 13 bytes to ecology
[dna] earth wrote 33 bytes to ecology
[dna] earth wrote 37 bytes to ecology
[dna] earth wrote 123 bytes to ecology
[dna] earth wrote 103 bytes to ecology
[dna] earth wrote 61 bytes to ecology
[dna] earth wrote 52 bytes to ecology
[dna] earth wrote 123 bytes to ecology
[dna] earth wrote 28 bytes to ecology
[dna] earth wrote 40 bytes to ecology
[dna] earth wrote 19 bytes to ecology
[dna] earth wrote 134 bytes to ecology
[dna] earth wrote 45 bytes to ecology
[dna] earth wrote 51 bytes to ecology
[dna] earth wrote 31 bytes to ecology
[dna] earth wrote 95 bytes to ecology
[dna] earth wrote 40 bytes to ecology
[dna] earth wrote 65 bytes to ecology
[dna] earth wrote 13 bytes to ecology
[dna] earth wrote 53 bytes to ecology
[dna] earth wrote 28 bytes to ecology
[dna] earth wrote 110 bytes to ecology
[debug-onto] tick=400 corpus=173643 stage=2 freeze=0
[dna] earth wrote 58 bytes to ecology
[dna] earth wrote 60 bytes to ecology
[dna] earth wrote 114 bytes to ecology
[dna] earth wrote 98 bytes to ecology
[dna] earth wrote 38 bytes to ecology
[dna] earth wrote 57 bytes to ecology
[dna] earth wrote 24 bytes to ecology
[dna] earth wrote 46 bytes to ecology
[dna] earth wrote 24 bytes to ecology
[dna] earth wrote 160 bytes to ecology
[dna] earth wrote 73 bytes to ecology
[dna] earth wrote 17 bytes to ecology
[dna] earth wrote 77 bytes to ecology
[dna] earth wrote 56 bytes to ecology
[dna] earth wrote 57 bytes to ecology
[dna] earth wrote 88 bytes to ecology
[dna] earth wrote 40 bytes to ecology
[dna] earth wrote 37 bytes to ecology
[dna] earth wrote 41 bytes to ecology
[dna] earth wrote 66 bytes to ecology
[dna] earth wrote 48 bytes to ecology
[dna] earth wrote 7 bytes to ecology
[dna] earth wrote 45 bytes to ecology
[dna] earth wrote 40 bytes to ecology
[dna] earth wrote 125 bytes to ecology
[dna] earth wrote 68 bytes to ecology
[dna] earth wrote 97 bytes to ecology
[dna] earth wrote 79 bytes to ecology
[dna] earth wrote 19 bytes to ecology
[dna] earth wrote 21 bytes to ecology
[dna] earth wrote 75 bytes to ecology
[dna] earth wrote 67 bytes to ecology
[dna] earth wrote 41 bytes to ecology
[dna] earth wrote 88 bytes to ecology
[dna] earth wrote 24 bytes to ecology
[dna] earth wrote 69 bytes to ecology
[debug-onto] tick=450 corpus=173643 stage=2 freeze=0
[dna] earth wrote 97 bytes to ecology
[dna] earth wrote 148 bytes to ecology
[dna] earth wrote 102 bytes to ecology
[dna] earth wrote 64 bytes to ecology
[dna] earth wrote 19 bytes to ecology
[dna] earth wrote 135 bytes to ecology
[dna] earth wrote 36 bytes to ecology
[dna] earth wrote 175 bytes to ecology
[dna] earth wrote 100 bytes to ecology
[dna] earth wrote 116 bytes to ecology
[dna] earth wrote 86 bytes to ecology
[dna] earth wrote 58 bytes to ecology
[dna] earth wrote 75 bytes to ecology
[dna] earth wrote 71 bytes to ecology
[dna] earth wrote 33 bytes to ecology
[dna] earth wrote 146 bytes to ecology
[dna] earth wrote 52 bytes to ecology
[dna] earth wrote 34 bytes to ecology
[dna] earth wrote 137 bytes to ecology
[dna] earth wrote 59 bytes to ecology
[dna] earth wrote 34 bytes to ecology
[dna] earth wrote 38 bytes to ecology
[dna] earth wrote 31 bytes to ecology
[dna] earth wrote 104 bytes to ecology
[dna] earth wrote 83 bytes to ecology
[dna] earth wrote 33 bytes to ecology
[dna] earth wrote 40 bytes to ecology
[dna] earth wrote 126 bytes to ecology
[dna] earth wrote 30 bytes to ecology
[dna] earth wrote 211 bytes to ecology
[dna] earth wrote 96 bytes to ecology
[dna] earth wrote 94 bytes to ecology
[dna] earth wrote 15 bytes to ecology
[dna] earth wrote 23 bytes to ecology
[dna] earth wrote 48 bytes to ecology
[dna] earth wrote 73 bytes to ecology
[dna] earth wrote 90 bytes to ecology
[dna] earth wrote 212 bytes to ecology
[dna] earth wrote 150 bytes to ecology
[debug-onto] tick=500 corpus=173643 stage=2 freeze=0
[dna] earth wrote 64 bytes to ecology
[dna] earth wrote 146 bytes to ecology
[dna] earth wrote 124 bytes to ecology
[dna] earth wrote 23 bytes to ecology
[dna] earth wrote 47 bytes to ecology
[dna] earth wrote 30 bytes to ecology
[dna] earth wrote 51 bytes to ecology
[dna] earth wrote 43 bytes to ecology
[dna] earth wrote 125 bytes to ecology
[dna] earth wrote 61 bytes to ecology
[dna] earth wrote 60 bytes to ecology
[dna] earth wrote 81 bytes to ecology
[dna] earth wrote 55 bytes to ecology
[dna] earth wrote 25 bytes to ecology
[dna] earth wrote 145 bytes to ecology
[dna] earth wrote 173 bytes to ecology
[dna] earth wrote 73 bytes to ecology
[dna] earth wrote 115 bytes to ecology
[dna] earth wrote 57 bytes to ecology
[dna] earth wrote 84 bytes to ecology
[dna] earth wrote 228 bytes to ecology
[dna] earth wrote 52 bytes to ecology
[dna] earth wrote 51 bytes to ecology
[dna] earth wrote 82 bytes to ecology
[dna] earth wrote 18 bytes to ecology
[dna] earth wrote 34 bytes to ecology
[dna] earth wrote 121 bytes to ecology
[dna] earth wrote 75 bytes to ecology
[dna] earth wrote 27 bytes to ecology
[dna] earth wrote 83 bytes to ecology
[dna] earth wrote 116 bytes to ecology
[dna] earth wrote 52 bytes to ecology
[dna] earth wrote 203 bytes to ecology
[dna] earth wrote 84 bytes to ecology
[dna] earth wrote 61 bytes to ecology
[dna] earth wrote 74 bytes to ecology
[dna] earth wrote 181 bytes to ecology
[dna] earth wrote 53 bytes to ecology
[debug-onto] tick=550 corpus=173643 stage=2 freeze=0
[dna] earth wrote 52 bytes to ecology
[dna] earth wrote 43 bytes to ecology
[dna] earth wrote 32 bytes to ecology
[dna] earth wrote 43 bytes to ecology
[dna] earth wrote 71 bytes to ecology
[dna] earth wrote 40 bytes to ecology
[dna] earth wrote 104 bytes to ecology
[dna] earth wrote 44 bytes to ecology
[dna] earth wrote 33 bytes to ecology
[dna] earth wrote 86 bytes to ecology
[dna] earth wrote 121 bytes to ecology
[dna] earth wrote 51 bytes to ecology
[dna] earth wrote 30 bytes to ecology
[dna] earth wrote 58 bytes to ecology
[dna] earth wrote 35 bytes to ecology
[dna] earth wrote 88 bytes to ecology
[dna] earth wrote 42 bytes to ecology
[dna] earth wrote 46 bytes to ecology
[dna] earth wrote 143 bytes to ecology
[dna] earth wrote 57 bytes to ecology
[dna] earth wrote 80 bytes to ecology
[dna] earth wrote 85 bytes to ecology
[dna] earth wrote 165 bytes to ecology
[dna] earth wrote 61 bytes to ecology
[dna] earth wrote 99 bytes to ecology
[dna] earth wrote 42 bytes to ecology
[dna] earth wrote 75 bytes to ecology
[dna] earth wrote 140 bytes to ecology
[dna] earth wrote 75 bytes to ecology
[dna] earth wrote 87 bytes to ecology
[dna] earth wrote 57 bytes to ecology
[dna] earth wrote 68 bytes to ecology
[dna] earth wrote 41 bytes to ecology
[dna] earth wrote 50 bytes to ecology
[dna] earth wrote 59 bytes to ecology
[dna] earth wrote 30 bytes to ecology
[dna] earth wrote 127 bytes to ecology
[dna] earth wrote 169 bytes to ecology
[dna] earth wrote 52 bytes to ecology
[debug-onto] tick=600 corpus=173643 stage=2 freeze=0
[dna] earth wrote 37 bytes to ecology
[dna] earth wrote 22 bytes to ecology
[dna] earth wrote 97 bytes to ecology
[dna] earth wrote 27 bytes to ecology
[dna] earth wrote 31 bytes to ecology
[dna] earth wrote 27 bytes to ecology
[dna] earth wrote 102 bytes to ecology
[dna] earth wrote 124 bytes to ecology
[dna] earth wrote 80 bytes to ecology
[dna] earth wrote 90 bytes to ecology
[dna] earth wrote 65 bytes to ecology
[dna] earth wrote 44 bytes to ecology
[dna] earth wrote 42 bytes to ecology
[dna] earth wrote 66 bytes to ecology
[dna] earth wrote 138 bytes to ecology
[dna] earth wrote 84 bytes to ecology
[dna] earth wrote 90 bytes to ecology
[dna] earth wrote 39 bytes to ecology
[dna] earth wrote 40 bytes to ecology
[dna] earth wrote 82 bytes to ecology
[dna] earth wrote 30 bytes to ecology
[dna] earth wrote 87 bytes to ecology
[dna] earth wrote 55 bytes to ecology
[dna] earth wrote 114 bytes to ecology
[dna] earth wrote 8 bytes to ecology
[dna] earth wrote 47 bytes to ecology
[dna] earth wrote 56 bytes to ecology
[dna] earth wrote 77 bytes to ecology
[dna] earth wrote 94 bytes to ecology
[dna] earth wrote 53 bytes to ecology
[dna] earth wrote 65 bytes to ecology
[dna] earth wrote 29 bytes to ecology
[dna] earth wrote 43 bytes to ecology
[dna] earth wrote 70 bytes to ecology
[dna] earth wrote 113 bytes to ecology
[dna] earth wrote 42 bytes to ecology
[dna] earth wrote 46 bytes to ecology
[dna] earth wrote 9 bytes to ecology
[dna] earth wrote 90 bytes to ecology
[debug-onto] tick=650 corpus=173643 stage=2 freeze=0
[dna] earth wrote 34 bytes to ecology
[dna] earth wrote 92 bytes to ecology
[dna] earth wrote 86 bytes to ecology
[dna] earth wrote 81 bytes to ecology
[dna] earth wrote 215 bytes to ecology
[dna] earth wrote 45 bytes to ecology
[dna] earth wrote 38 bytes to ecology
[dna] earth wrote 159 bytes to ecology
[dna] earth wrote 207 bytes to ecology
[dna] earth wrote 80 bytes to ecology
[dna] earth wrote 12 bytes to ecology
[dna] earth wrote 73 bytes to ecology
[dna] earth wrote 37 bytes to ecology
[dna] earth wrote 26 bytes to ecology
[dna] earth wrote 43 bytes to ecology
[dna] earth wrote 153 bytes to ecology
[dna] earth wrote 27 bytes to ecology
[dna] earth wrote 88 bytes to ecology
[dna] earth wrote 41 bytes to ecology
[dna] earth wrote 157 bytes to ecology
[dna] earth wrote 78 bytes to ecology
[dna] earth wrote 35 bytes to ecology
[dna] earth wrote 56 bytes to ecology
[dna] earth wrote 53 bytes to ecology
[dna] earth wrote 28 bytes to ecology
[dna] earth wrote 42 bytes to ecology
[dna] earth wrote 51 bytes to ecology
[dna] earth wrote 28 bytes to ecology
[dna] earth wrote 86 bytes to ecology
[dna] earth wrote 48 bytes to ecology
[dna] earth wrote 96 bytes to ecology
[dna] earth wrote 93 bytes to ecology
[dna] earth wrote 202 bytes to ecology
[dna] earth wrote 33 bytes to ecology
[dna] earth wrote 99 bytes to ecology
[dna] earth wrote 21 bytes to ecology
[dna] earth wrote 9 bytes to ecology
[dna] earth wrote 58 bytes to ecology
[debug-onto] tick=700 corpus=173643 stage=2 freeze=0
[dna] earth wrote 49 bytes to ecology
[dna] earth wrote 57 bytes to ecology
[dna] earth wrote 15 bytes to ecology
[dna] earth wrote 168 bytes to ecology
[dna] earth wrote 33 bytes to ecology
[dna] earth wrote 23 bytes to ecology
[dna] earth wrote 28 bytes to ecology
[dna] earth wrote 54 bytes to ecology
[dna] earth wrote 102 bytes to ecology
[dna] earth wrote 43 bytes to ecology
[dna] earth wrote 41 bytes to ecology
[dna] earth wrote 27 bytes to ecology
[dna] earth wrote 39 bytes to ecology
[dna] earth wrote 146 bytes to ecology
[dna] earth wrote 44 bytes to ecology
[dna] earth wrote 70 bytes to ecology
[dna] earth wrote 21 bytes to ecology
[dna] earth wrote 41 bytes to ecology
[dna] earth wrote 145 bytes to ecology
[dna] earth wrote 24 bytes to ecology
[dna] earth wrote 22 bytes to ecology
[dna] earth wrote 83 bytes to ecology
[dna] earth wrote 124 bytes to ecology
[dna] earth wrote 41 bytes to ecology

[evolution] Organism shutting down gracefully.
