[ecology] Element: fire → corpus: nonames_fire.txt
[evolution] Autonomous evolution mode — organism will grow through all stages without pause.
[ecology] Joined swarm. 1 peer(s) detected.
molequla is alive. [evolution] Autonomous mode — background trainer running. Ctrl+C to stop.
[dna] fire wrote 39 bytes to ecology
[dna] fire consumed 14324 bytes from 230 files: [water/gen_1776928024_1.txt water/gen_1776928040_4.txt water/gen_1776928047_7.txt water/gen_1776928055_10.txt water/gen_1776928063_13.txt water/gen_1776928071_16.txt water/gen_1776928078_19.txt water/gen_1776928086_22.txt water/gen_1776928094_25.txt water/gen_1776928101_28.txt water/gen_1776928109_31.txt water/gen_1776928117_34.txt water/gen_1776928124_37.txt water/gen_1776928132_40.txt water/gen_1776928140_43.txt water/gen_1776928147_46.txt water/gen_1776928155_49.txt water/gen_1776928163_52.txt water/gen_1776928170_55.txt water/gen_1776928178_58.txt water/gen_1776928186_61.txt water/gen_1776928194_64.txt water/gen_1776928201_67.txt water/gen_1776928209_70.txt water/gen_1776928217_73.txt water/gen_1776928224_76.txt water/gen_1776928232_79.txt water/gen_1776928240_82.txt water/gen_1776928247_85.txt water/gen_1776928255_88.txt water/gen_1776928263_91.txt water/gen_1776928270_94.txt water/gen_1776928278_97.txt water/gen_1776928286_100.txt water/gen_1776928294_103.txt water/gen_1776928301_106.txt water/gen_1776928309_109.txt water/gen_1776928317_112.txt water/gen_1776928325_115.txt water/gen_1776928333_118.txt water/gen_1776928340_121.txt water/gen_1776928348_124.txt water/gen_1776928356_127.txt water/gen_1776928364_130.txt water/gen_1776928372_133.txt water/gen_1776928379_136.txt water/gen_1776928387_139.txt water/gen_1776928395_142.txt water/gen_1776928402_145.txt water/gen_1776928410_148.txt water/gen_1776928418_151.txt water/gen_1776928426_154.txt water/gen_1776928434_157.txt water/gen_1776928441_160.txt water/gen_1776928449_163.txt water/gen_1776928457_166.txt water/gen_1776928464_169.txt water/gen_1776928472_172.txt water/gen_1776928480_175.txt water/gen_1776928488_178.txt water/gen_1776928495_181.txt water/gen_1776928503_184.txt water/gen_1776928511_187.txt water/gen_1776928518_190.txt water/gen_1776928526_193.txt water/gen_1776928534_196.txt water/gen_1776928542_199.txt water/gen_1776928549_202.txt water/gen_1776928557_205.txt water/gen_1776928565_208.txt water/gen_1776928572_211.txt water/gen_1776928580_214.txt water/gen_1776928588_217.txt water/gen_1776928596_220.txt water/gen_1776928604_223.txt water/gen_1776928611_226.txt water/gen_1776928619_229.txt water/gen_1776928627_232.txt water/gen_1776928635_235.txt water/gen_1776928642_238.txt water/gen_1776928650_241.txt water/gen_1776928658_244.txt water/gen_1776928666_247.txt water/gen_1776928673_250.txt water/gen_1776928681_253.txt water/gen_1776928689_256.txt water/gen_1776928697_259.txt water/gen_1776928712_265.txt water/gen_1776928720_268.txt water/gen_1776928728_271.txt water/gen_1776928736_274.txt water/gen_1776928743_277.txt water/gen_1776928751_280.txt water/gen_1776928759_283.txt water/gen_1776928767_286.txt water/gen_1776928774_289.txt water/gen_1776928782_292.txt water/gen_1776928790_295.txt water/gen_1776928798_298.txt water/gen_1776928806_301.txt water/gen_1776928813_304.txt water/gen_1776928821_307.txt water/gen_1776928829_310.txt water/gen_1776928836_313.txt water/gen_1776928844_316.txt water/gen_1776928852_319.txt water/gen_1776928859_322.txt water/gen_1776928867_325.txt water/gen_1776928875_328.txt water/gen_1776928883_331.txt water/gen_1776928890_334.txt water/gen_1776928898_337.txt water/gen_1776928906_340.txt water/gen_1776928913_343.txt water/gen_1776928921_346.txt water/gen_1776928929_349.txt water/gen_1776928937_352.txt water/gen_1776928944_355.txt water/gen_1776928952_358.txt water/gen_1776928960_361.txt water/gen_1776928968_364.txt water/gen_1776928975_367.txt water/gen_1776928983_370.txt water/gen_1776928991_373.txt water/gen_1776928998_376.txt water/gen_1776929006_379.txt water/gen_1776929014_382.txt water/gen_1776929022_385.txt water/gen_1776929029_388.txt water/gen_1776929037_391.txt water/gen_1776929045_394.txt water/gen_1776929052_397.txt water/gen_1776929060_400.txt water/gen_1776929068_403.txt water/gen_1776929075_406.txt water/gen_1776929083_409.txt water/gen_1776929091_412.txt water/gen_1776929099_415.txt water/gen_1776929106_418.txt water/gen_1776929114_421.txt water/gen_1776929122_424.txt water/gen_1776929129_427.txt water/gen_1776929137_430.txt water/gen_1776929145_433.txt water/gen_1776929153_436.txt water/gen_1776929160_439.txt water/gen_1776929168_442.txt water/gen_1776929176_445.txt water/gen_1776929184_448.txt water/gen_1776929191_451.txt water/gen_1776929199_454.txt water/gen_1776929207_457.txt water/gen_1776929215_460.txt water/gen_1776929223_463.txt water/gen_1776929230_466.txt water/gen_1776929238_469.txt water/gen_1776929246_472.txt water/gen_1776929254_475.txt water/gen_1776929262_478.txt water/gen_1776929269_481.txt water/gen_1776929277_484.txt water/gen_1776929285_487.txt water/gen_1776929293_490.txt water/gen_1776929300_493.txt water/gen_1776929308_496.txt water/gen_1776929316_499.txt water/gen_1776929324_502.txt water/gen_1776929331_505.txt water/gen_1776929339_508.txt water/gen_1776929347_511.txt water/gen_1776929354_514.txt water/gen_1776929362_517.txt water/gen_1776929370_520.txt water/gen_1776929378_523.txt water/gen_1776929385_526.txt water/gen_1776929393_529.txt water/gen_1776929401_532.txt water/gen_1776929409_535.txt water/gen_1776929416_538.txt water/gen_1776929424_541.txt water/gen_1776929432_544.txt water/gen_1776929440_547.txt water/gen_1776929447_550.txt water/gen_1776929455_553.txt water/gen_1776929463_556.txt water/gen_1776929470_559.txt water/gen_1776929478_562.txt water/gen_1776929486_565.txt water/gen_1776929494_568.txt water/gen_1776929501_571.txt water/gen_1776929509_574.txt water/gen_1776929517_577.txt water/gen_1776929525_580.txt water/gen_1776929532_583.txt water/gen_1776929540_586.txt water/gen_1776929548_589.txt water/gen_1776929555_592.txt water/gen_1776929563_595.txt water/gen_1776929571_598.txt water/gen_1776929579_601.txt water/gen_1776929586_604.txt water/gen_1776929594_607.txt water/gen_1776929602_610.txt water/gen_1776929609_613.txt water/gen_1776929617_616.txt water/gen_1776929625_619.txt water/gen_1776929632_622.txt water/gen_1776929640_625.txt water/gen_1776929648_628.txt water/gen_1776929655_631.txt water/gen_1776929663_634.txt water/gen_1776929671_637.txt water/gen_1776929679_640.txt water/gen_1776929686_643.txt water/gen_1776929694_646.txt water/gen_1776929702_649.txt water/gen_1776929709_652.txt water/gen_1776929717_655.txt water/gen_1776929725_658.txt water/gen_1776929733_661.txt water/gen_1776929748_667.txt water/gen_1776929756_670.txt water/gen_1776929763_673.txt water/gen_1776929771_676.txt water/gen_1776929779_679.txt water/gen_1776929786_682.txt water/gen_1776929794_685.txt water/gen_1776929802_688.txt water/gen_1776929810_691.txt water/gen_1776929817_694.txt]
[trainer] micro-train burst (14324 bytes, novelty 0.04) — and lo, it feeds again.
[syntropy] action=explore | trend=0.0000 | field_dev=0.081 | purpose_align=-0.188 | lr_mul=1.30
[aml] burst complete: 32 steps, avg loss 1.9044 (memory freed)
[dna] fire wrote 19 bytes to ecology
[dna] fire wrote 47 bytes to ecology
[dna] fire wrote 119 bytes to ecology
[dna] fire wrote 84 bytes to ecology
[dna] fire wrote 83 bytes to ecology
[dna] fire wrote 33 bytes to ecology
[dna] fire wrote 42 bytes to ecology
[dna] fire wrote 101 bytes to ecology
[dna] fire wrote 19 bytes to ecology
[dna] fire wrote 37 bytes to ecology
[dna] fire wrote 57 bytes to ecology
[dna] fire wrote 31 bytes to ecology
[dna] fire wrote 20 bytes to ecology
[dna] fire wrote 42 bytes to ecology
[dna] fire wrote 103 bytes to ecology
[dna] fire wrote 38 bytes to ecology
[dna] fire wrote 29 bytes to ecology
[dna] fire wrote 74 bytes to ecology
[dna] fire wrote 55 bytes to ecology
[dna] fire wrote 97 bytes to ecology
[dna] fire wrote 61 bytes to ecology
[debug-onto] tick=50 corpus=136454 stage=2 freeze=0
[dna] fire wrote 30 bytes to ecology
[dna] fire wrote 24 bytes to ecology
[dna] fire wrote 68 bytes to ecology
[dna] fire wrote 62 bytes to ecology
[dna] fire wrote 165 bytes to ecology
[dna] fire wrote 18 bytes to ecology
[dna] fire wrote 132 bytes to ecology
[dna] fire wrote 58 bytes to ecology
[dna] fire wrote 27 bytes to ecology
[dna] fire wrote 73 bytes to ecology
[dna] fire wrote 48 bytes to ecology
[dna] fire wrote 29 bytes to ecology
[dna] fire wrote 55 bytes to ecology
[dna] fire wrote 28 bytes to ecology
[dna] fire wrote 169 bytes to ecology
[dna] fire wrote 42 bytes to ecology
[dna] fire wrote 114 bytes to ecology
[dna] fire wrote 48 bytes to ecology
[dna] fire wrote 40 bytes to ecology
[dna] fire wrote 76 bytes to ecology
[dna] fire wrote 255 bytes to ecology
[dna] fire wrote 17 bytes to ecology
[debug-onto] tick=100 corpus=136454 stage=2 freeze=0
[dna] fire wrote 71 bytes to ecology
[dna] fire wrote 43 bytes to ecology
[dna] fire wrote 61 bytes to ecology
[dna] fire wrote 63 bytes to ecology
[dna] fire wrote 29 bytes to ecology
[dna] fire wrote 82 bytes to ecology
[dna] fire wrote 93 bytes to ecology
[dna] fire wrote 48 bytes to ecology
[dna] fire wrote 29 bytes to ecology
[dna] fire wrote 34 bytes to ecology
[dna] fire wrote 56 bytes to ecology
[dna] fire wrote 89 bytes to ecology
[dna] fire wrote 45 bytes to ecology
[dna] fire wrote 118 bytes to ecology
[dna] fire wrote 48 bytes to ecology
[dna] fire wrote 30 bytes to ecology
[dna] fire wrote 30 bytes to ecology
[dna] fire wrote 37 bytes to ecology
[dna] fire wrote 16 bytes to ecology
[debug-onto] tick=150 corpus=136454 stage=2 freeze=0
[dna] fire wrote 31 bytes to ecology
[dna] fire wrote 21 bytes to ecology
[dna] fire wrote 120 bytes to ecology
[dna] fire wrote 26 bytes to ecology
[dna] fire wrote 81 bytes to ecology
[dna] fire wrote 50 bytes to ecology
[dna] fire wrote 45 bytes to ecology
[dna] fire wrote 162 bytes to ecology
[dna] fire wrote 58 bytes to ecology
[dna] fire wrote 114 bytes to ecology
[dna] fire wrote 18 bytes to ecology
[dna] fire wrote 92 bytes to ecology
[dna] fire wrote 64 bytes to ecology
[dna] fire wrote 93 bytes to ecology
[dna] fire wrote 75 bytes to ecology
[dna] fire wrote 27 bytes to ecology
[dna] fire wrote 53 bytes to ecology
[dna] fire wrote 12 bytes to ecology
[dna] fire wrote 78 bytes to ecology
[dna] fire wrote 124 bytes to ecology
[debug-onto] tick=200 corpus=136454 stage=2 freeze=0
[dna] fire wrote 73 bytes to ecology
[dna] fire wrote 126 bytes to ecology
[dna] fire wrote 33 bytes to ecology
[dna] fire wrote 139 bytes to ecology
[dna] fire wrote 16 bytes to ecology
[dna] fire wrote 28 bytes to ecology
[dna] fire wrote 28 bytes to ecology
[dna] fire wrote 66 bytes to ecology
[dna] fire wrote 75 bytes to ecology
[dna] fire wrote 61 bytes to ecology
[dna] fire wrote 82 bytes to ecology
[dna] fire wrote 34 bytes to ecology
[dna] fire wrote 41 bytes to ecology
[dna] fire wrote 109 bytes to ecology
[dna] fire wrote 29 bytes to ecology
[dna] fire wrote 102 bytes to ecology
[dna] fire wrote 98 bytes to ecology
[dna] fire wrote 57 bytes to ecology
[dna] fire wrote 60 bytes to ecology
[debug-onto] tick=250 corpus=136454 stage=2 freeze=0
[dna] fire wrote 29 bytes to ecology
[dna] fire wrote 100 bytes to ecology
[dna] fire wrote 44 bytes to ecology
[dna] fire wrote 55 bytes to ecology
[dna] fire wrote 49 bytes to ecology
[dna] fire wrote 44 bytes to ecology
[dna] fire wrote 92 bytes to ecology
[dna] fire wrote 15 bytes to ecology
[dna] fire wrote 45 bytes to ecology
[dna] fire wrote 45 bytes to ecology
[dna] fire wrote 107 bytes to ecology
[dna] fire wrote 12 bytes to ecology
[dna] fire wrote 97 bytes to ecology
[dna] fire wrote 26 bytes to ecology
[dna] fire wrote 30 bytes to ecology
[dna] fire wrote 93 bytes to ecology
[dna] fire wrote 9 bytes to ecology
[dna] fire wrote 28 bytes to ecology
[dna] fire wrote 107 bytes to ecology
[dna] fire wrote 10 bytes to ecology
[debug-onto] tick=300 corpus=136454 stage=2 freeze=0
[dna] fire wrote 84 bytes to ecology
[dna] fire wrote 56 bytes to ecology
[dna] fire wrote 46 bytes to ecology
[dna] fire wrote 62 bytes to ecology
[dna] fire wrote 31 bytes to ecology
[dna] fire wrote 49 bytes to ecology
[dna] fire wrote 44 bytes to ecology
[dna] fire wrote 59 bytes to ecology
[dna] fire wrote 22 bytes to ecology
[dna] fire wrote 57 bytes to ecology
[dna] fire wrote 49 bytes to ecology
[dna] fire wrote 51 bytes to ecology
[dna] fire wrote 8 bytes to ecology
[dna] fire wrote 32 bytes to ecology
[dna] fire wrote 38 bytes to ecology
[dna] fire wrote 24 bytes to ecology
[dna] fire wrote 75 bytes to ecology
[dna] fire wrote 79 bytes to ecology
[dna] fire wrote 40 bytes to ecology
[debug-onto] tick=350 corpus=136454 stage=2 freeze=0
[dna] fire wrote 49 bytes to ecology
[dna] fire wrote 76 bytes to ecology
[dna] fire wrote 37 bytes to ecology
[dna] fire wrote 37 bytes to ecology
[dna] fire wrote 105 bytes to ecology
[dna] fire wrote 38 bytes to ecology
[dna] fire wrote 68 bytes to ecology
[dna] fire wrote 113 bytes to ecology
[dna] fire wrote 81 bytes to ecology
[dna] fire wrote 6 bytes to ecology
[dna] fire wrote 32 bytes to ecology
[dna] fire wrote 100 bytes to ecology
[dna] fire wrote 44 bytes to ecology
[dna] fire wrote 56 bytes to ecology
[dna] fire wrote 67 bytes to ecology
[dna] fire wrote 21 bytes to ecology
[dna] fire wrote 33 bytes to ecology
[dna] fire wrote 46 bytes to ecology
[dna] fire wrote 96 bytes to ecology
[debug-onto] tick=400 corpus=136454 stage=2 freeze=0
[dna] fire wrote 122 bytes to ecology
[dna] fire wrote 162 bytes to ecology
[dna] fire wrote 80 bytes to ecology
[dna] fire wrote 42 bytes to ecology
[dna] fire wrote 65 bytes to ecology
[dna] fire wrote 48 bytes to ecology
[dna] fire wrote 50 bytes to ecology
[dna] fire wrote 27 bytes to ecology
[dna] fire wrote 46 bytes to ecology
[dna] fire wrote 33 bytes to ecology
[dna] fire wrote 30 bytes to ecology
[dna] fire wrote 102 bytes to ecology
[dna] fire wrote 48 bytes to ecology
[dna] fire wrote 97 bytes to ecology
[dna] fire wrote 39 bytes to ecology
[dna] fire wrote 48 bytes to ecology
[dna] fire wrote 47 bytes to ecology
[dna] fire wrote 57 bytes to ecology
[dna] fire wrote 197 bytes to ecology
[dna] fire wrote 269 bytes to ecology
[dna] fire wrote 143 bytes to ecology
[dna] fire wrote 49 bytes to ecology
[dna] fire wrote 47 bytes to ecology
[debug-onto] tick=450 corpus=136454 stage=2 freeze=0
[dna] fire wrote 93 bytes to ecology
[dna] fire wrote 35 bytes to ecology
[dna] fire wrote 125 bytes to ecology
[dna] fire wrote 44 bytes to ecology
[dna] fire wrote 47 bytes to ecology
[dna] fire wrote 34 bytes to ecology
[dna] fire wrote 28 bytes to ecology
[dna] fire wrote 86 bytes to ecology
[dna] fire wrote 34 bytes to ecology
[dna] fire wrote 56 bytes to ecology
[dna] fire wrote 142 bytes to ecology
[dna] fire wrote 39 bytes to ecology
[dna] fire wrote 44 bytes to ecology
[dna] fire wrote 111 bytes to ecology
[dna] fire wrote 55 bytes to ecology
[dna] fire wrote 26 bytes to ecology
[dna] fire wrote 52 bytes to ecology
[dna] fire wrote 138 bytes to ecology
[dna] fire wrote 128 bytes to ecology
[dna] fire wrote 50 bytes to ecology
[dna] fire wrote 56 bytes to ecology
[dna] fire wrote 41 bytes to ecology
[debug-onto] tick=500 corpus=136454 stage=2 freeze=0
[dna] fire wrote 76 bytes to ecology
[dna] fire wrote 135 bytes to ecology
[dna] fire wrote 23 bytes to ecology
[dna] fire wrote 44 bytes to ecology
[dna] fire wrote 28 bytes to ecology
[dna] fire wrote 86 bytes to ecology
[dna] fire wrote 61 bytes to ecology
[dna] fire wrote 68 bytes to ecology
[dna] fire wrote 119 bytes to ecology
[dna] fire wrote 24 bytes to ecology
[dna] fire wrote 21 bytes to ecology
[dna] fire wrote 41 bytes to ecology
[dna] fire wrote 69 bytes to ecology
[dna] fire wrote 40 bytes to ecology
[dna] fire wrote 63 bytes to ecology
[dna] fire wrote 30 bytes to ecology
[dna] fire wrote 32 bytes to ecology
[dna] fire wrote 97 bytes to ecology
[dna] fire wrote 59 bytes to ecology
[dna] fire wrote 62 bytes to ecology
[debug-onto] tick=550 corpus=136454 stage=2 freeze=0
[dna] fire wrote 41 bytes to ecology
[dna] fire wrote 105 bytes to ecology
[dna] fire wrote 155 bytes to ecology
[dna] fire wrote 46 bytes to ecology
[dna] fire wrote 48 bytes to ecology
[dna] fire wrote 92 bytes to ecology
[dna] fire wrote 42 bytes to ecology
[dna] fire wrote 59 bytes to ecology
[dna] fire wrote 152 bytes to ecology
[dna] fire wrote 30 bytes to ecology
[dna] fire wrote 56 bytes to ecology
[dna] fire wrote 105 bytes to ecology
[dna] fire wrote 53 bytes to ecology
[dna] fire wrote 35 bytes to ecology
[dna] fire wrote 51 bytes to ecology
[dna] fire wrote 51 bytes to ecology
[dna] fire wrote 59 bytes to ecology
[dna] fire wrote 49 bytes to ecology
[dna] fire wrote 44 bytes to ecology
[dna] fire wrote 25 bytes to ecology
[dna] fire wrote 92 bytes to ecology
[debug-onto] tick=600 corpus=136454 stage=2 freeze=0
[dna] fire wrote 7 bytes to ecology
[dna] fire wrote 64 bytes to ecology
[dna] fire wrote 34 bytes to ecology
[dna] fire wrote 39 bytes to ecology
[dna] fire wrote 41 bytes to ecology
[dna] fire wrote 141 bytes to ecology
[dna] fire wrote 56 bytes to ecology
[dna] fire wrote 85 bytes to ecology
[dna] fire wrote 22 bytes to ecology
[dna] fire wrote 24 bytes to ecology
[dna] fire wrote 30 bytes to ecology
[dna] fire wrote 96 bytes to ecology
[dna] fire wrote 137 bytes to ecology
[dna] fire wrote 73 bytes to ecology
[dna] fire wrote 73 bytes to ecology
[dna] fire wrote 43 bytes to ecology
[dna] fire wrote 32 bytes to ecology
[dna] fire wrote 126 bytes to ecology
[debug-onto] tick=650 corpus=136454 stage=2 freeze=0
[dna] fire wrote 38 bytes to ecology
[dna] fire wrote 111 bytes to ecology
[dna] fire wrote 20 bytes to ecology
[dna] fire wrote 28 bytes to ecology
[dna] fire wrote 11 bytes to ecology
[dna] fire wrote 65 bytes to ecology
[dna] fire wrote 12 bytes to ecology
[dna] fire wrote 35 bytes to ecology
[dna] fire wrote 99 bytes to ecology
[dna] fire wrote 33 bytes to ecology
[dna] fire wrote 78 bytes to ecology
[dna] fire wrote 43 bytes to ecology
[dna] fire wrote 123 bytes to ecology
[dna] fire wrote 9 bytes to ecology
[dna] fire wrote 100 bytes to ecology
[dna] fire wrote 77 bytes to ecology
[dna] fire wrote 67 bytes to ecology
[dna] fire wrote 82 bytes to ecology
[dna] fire wrote 169 bytes to ecology
[dna] fire wrote 38 bytes to ecology
[dna] fire wrote 79 bytes to ecology
[debug-onto] tick=700 corpus=136454 stage=2 freeze=0
[dna] fire wrote 31 bytes to ecology
[dna] fire wrote 55 bytes to ecology
[dna] fire wrote 43 bytes to ecology
[dna] fire wrote 70 bytes to ecology
[dna] fire wrote 6 bytes to ecology
[dna] fire wrote 28 bytes to ecology
[dna] fire wrote 150 bytes to ecology
[dna] fire wrote 97 bytes to ecology
[dna] fire wrote 75 bytes to ecology

[evolution] Organism shutting down gracefully.
