[ecology] Element: water → corpus: nonames_water.txt
[evolution] Autonomous evolution mode — organism will grow through all stages without pause.
[ecology] Joined swarm. 1 peer(s) detected.
molequla is alive. [evolution] Autonomous mode — background trainer running. Ctrl+C to stop.
[dna] water wrote 34 bytes to ecology
[dna] water consumed 14564 bytes from 207 files: [air/gen_1776926223_1.txt air/gen_1776926243_4.txt air/gen_1776926252_7.txt air/gen_1776926260_10.txt air/gen_1776926269_13.txt air/gen_1776926278_16.txt air/gen_1776926286_19.txt air/gen_1776926295_22.txt air/gen_1776926304_25.txt air/gen_1776926312_28.txt air/gen_1776926321_31.txt air/gen_1776926330_34.txt air/gen_1776926338_37.txt air/gen_1776926347_40.txt air/gen_1776926356_43.txt air/gen_1776926365_46.txt air/gen_1776926373_49.txt air/gen_1776926382_52.txt air/gen_1776926391_55.txt air/gen_1776926399_58.txt air/gen_1776926408_61.txt air/gen_1776926416_64.txt air/gen_1776926425_67.txt air/gen_1776926434_70.txt air/gen_1776926442_73.txt air/gen_1776926451_76.txt air/gen_1776926460_79.txt air/gen_1776926469_82.txt air/gen_1776926477_85.txt air/gen_1776926486_88.txt air/gen_1776926495_91.txt air/gen_1776926503_94.txt air/gen_1776926512_97.txt air/gen_1776926520_100.txt air/gen_1776926529_103.txt air/gen_1776926538_106.txt air/gen_1776926546_109.txt air/gen_1776926555_112.txt air/gen_1776926564_115.txt air/gen_1776926572_118.txt air/gen_1776926581_121.txt air/gen_1776926589_124.txt air/gen_1776926598_127.txt air/gen_1776926607_130.txt air/gen_1776926615_133.txt air/gen_1776926624_136.txt air/gen_1776926632_139.txt air/gen_1776926641_142.txt air/gen_1776926649_145.txt air/gen_1776926658_148.txt air/gen_1776926667_151.txt air/gen_1776926675_154.txt air/gen_1776926684_157.txt air/gen_1776926692_160.txt air/gen_1776926701_163.txt air/gen_1776926710_166.txt air/gen_1776926718_169.txt air/gen_1776926727_172.txt air/gen_1776926735_175.txt air/gen_1776926744_178.txt air/gen_1776926752_181.txt air/gen_1776926761_184.txt air/gen_1776926770_187.txt air/gen_1776926778_190.txt air/gen_1776926787_193.txt air/gen_1776926796_196.txt air/gen_1776926804_199.txt air/gen_1776926813_202.txt air/gen_1776926821_205.txt air/gen_1776926830_208.txt air/gen_1776926839_211.txt air/gen_1776926847_214.txt air/gen_1776926856_217.txt air/gen_1776926865_220.txt air/gen_1776926873_223.txt air/gen_1776926882_226.txt air/gen_1776926891_229.txt air/gen_1776926899_232.txt air/gen_1776926908_235.txt air/gen_1776926916_238.txt air/gen_1776926925_241.txt air/gen_1776926933_244.txt air/gen_1776926942_247.txt air/gen_1776926951_250.txt air/gen_1776926959_253.txt air/gen_1776926968_256.txt air/gen_1776926976_259.txt air/gen_1776926985_262.txt air/gen_1776926994_265.txt air/gen_1776927002_268.txt air/gen_1776927011_271.txt air/gen_1776927019_274.txt air/gen_1776927028_277.txt air/gen_1776927036_280.txt air/gen_1776927045_283.txt air/gen_1776927053_286.txt air/gen_1776927062_289.txt air/gen_1776927070_292.txt air/gen_1776927079_295.txt air/gen_1776927087_298.txt air/gen_1776927096_301.txt air/gen_1776927104_304.txt air/gen_1776927113_307.txt air/gen_1776927122_310.txt air/gen_1776927130_313.txt air/gen_1776927139_316.txt air/gen_1776927148_319.txt air/gen_1776927156_322.txt air/gen_1776927165_325.txt air/gen_1776927174_328.txt air/gen_1776927182_331.txt air/gen_1776927191_334.txt air/gen_1776927199_337.txt air/gen_1776927208_340.txt air/gen_1776927217_343.txt air/gen_1776927225_346.txt air/gen_1776927234_349.txt air/gen_1776927242_352.txt air/gen_1776927251_355.txt air/gen_1776927259_358.txt air/gen_1776927268_361.txt air/gen_1776927277_364.txt air/gen_1776927285_367.txt air/gen_1776927294_370.txt air/gen_1776927302_373.txt air/gen_1776927311_376.txt air/gen_1776927319_379.txt air/gen_1776927328_382.txt air/gen_1776927337_385.txt air/gen_1776927345_388.txt air/gen_1776927354_391.txt air/gen_1776927363_394.txt air/gen_1776927371_397.txt air/gen_1776927380_400.txt air/gen_1776927389_403.txt air/gen_1776927397_406.txt air/gen_1776927406_409.txt air/gen_1776927414_412.txt air/gen_1776927423_415.txt air/gen_1776927432_418.txt air/gen_1776927440_421.txt air/gen_1776927449_424.txt air/gen_1776927458_427.txt air/gen_1776927466_430.txt air/gen_1776927475_433.txt air/gen_1776927483_436.txt air/gen_1776927492_439.txt air/gen_1776927501_442.txt air/gen_1776927509_445.txt air/gen_1776927518_448.txt air/gen_1776927526_451.txt air/gen_1776927535_454.txt air/gen_1776927543_457.txt air/gen_1776927552_460.txt air/gen_1776927561_463.txt air/gen_1776927569_466.txt air/gen_1776927578_469.txt air/gen_1776927587_472.txt air/gen_1776927595_475.txt air/gen_1776927604_478.txt air/gen_1776927612_481.txt air/gen_1776927621_484.txt air/gen_1776927629_487.txt air/gen_1776927638_490.txt air/gen_1776927646_493.txt air/gen_1776927655_496.txt air/gen_1776927663_499.txt air/gen_1776927672_502.txt air/gen_1776927681_505.txt air/gen_1776927689_508.txt air/gen_1776927698_511.txt air/gen_1776927706_514.txt air/gen_1776927715_517.txt air/gen_1776927724_520.txt air/gen_1776927732_523.txt air/gen_1776927741_526.txt air/gen_1776927749_529.txt air/gen_1776927758_532.txt air/gen_1776927767_535.txt air/gen_1776927784_541.txt air/gen_1776927792_544.txt air/gen_1776927801_547.txt air/gen_1776927810_550.txt air/gen_1776927818_553.txt air/gen_1776927827_556.txt air/gen_1776927835_559.txt air/gen_1776927844_562.txt air/gen_1776927853_565.txt air/gen_1776927861_568.txt air/gen_1776927870_571.txt air/gen_1776927878_574.txt air/gen_1776927887_577.txt air/gen_1776927896_580.txt air/gen_1776927904_583.txt air/gen_1776927913_586.txt air/gen_1776927922_589.txt air/gen_1776927930_592.txt air/gen_1776927939_595.txt air/gen_1776927948_598.txt air/gen_1776927956_601.txt air/gen_1776927965_604.txt air/gen_1776927973_607.txt air/gen_1776927982_610.txt air/gen_1776927991_613.txt air/gen_1776927999_616.txt air/gen_1776928008_619.txt air/gen_1776928017_622.txt]
[trainer] micro-train burst (14564 bytes, novelty 0.05) — and lo, it feeds again.
[syntropy] action=explore | trend=0.0000 | field_dev=-0.021 | purpose_align=-0.174 | lr_mul=1.30
[aml] burst complete: 32 steps, avg loss 1.7328 (memory freed)
[dna] water wrote 146 bytes to ecology
[dna] water wrote 47 bytes to ecology
[dna] water wrote 25 bytes to ecology
[dna] water wrote 64 bytes to ecology
[dna] water wrote 69 bytes to ecology
[dna] water wrote 52 bytes to ecology
[dna] water wrote 127 bytes to ecology
[dna] water wrote 129 bytes to ecology
[dna] water wrote 44 bytes to ecology
[dna] water wrote 43 bytes to ecology
[dna] water wrote 85 bytes to ecology
[dna] water wrote 23 bytes to ecology
[dna] water wrote 37 bytes to ecology
[dna] water wrote 69 bytes to ecology
[dna] water wrote 13 bytes to ecology
[dna] water wrote 104 bytes to ecology
[debug-onto] tick=50 corpus=140468 stage=2 freeze=0
[dna] water wrote 53 bytes to ecology
[dna] water wrote 72 bytes to ecology
[dna] water wrote 103 bytes to ecology
[dna] water wrote 59 bytes to ecology
[dna] water wrote 25 bytes to ecology
[dna] water wrote 74 bytes to ecology
[dna] water wrote 83 bytes to ecology
[dna] water wrote 141 bytes to ecology
[dna] water wrote 31 bytes to ecology
[dna] water wrote 35 bytes to ecology
[dna] water wrote 76 bytes to ecology
[dna] water wrote 39 bytes to ecology
[dna] water wrote 42 bytes to ecology
[dna] water wrote 72 bytes to ecology
[dna] water wrote 26 bytes to ecology
[dna] water wrote 74 bytes to ecology
[dna] water wrote 46 bytes to ecology
[debug-onto] tick=100 corpus=140468 stage=2 freeze=0
[dna] water wrote 96 bytes to ecology
[dna] water wrote 56 bytes to ecology
[dna] water wrote 57 bytes to ecology
[dna] water wrote 43 bytes to ecology
[dna] water wrote 104 bytes to ecology
[dna] water wrote 89 bytes to ecology
[dna] water wrote 102 bytes to ecology
[dna] water wrote 38 bytes to ecology
[dna] water wrote 59 bytes to ecology
[dna] water wrote 24 bytes to ecology
[dna] water wrote 181 bytes to ecology
[dna] water wrote 59 bytes to ecology
[dna] water wrote 28 bytes to ecology
[dna] water wrote 105 bytes to ecology
[dna] water wrote 53 bytes to ecology
[dna] water wrote 82 bytes to ecology
[debug-onto] tick=150 corpus=140468 stage=2 freeze=0
[dna] water wrote 59 bytes to ecology
[dna] water wrote 17 bytes to ecology
[dna] water wrote 54 bytes to ecology
[dna] water wrote 40 bytes to ecology
[dna] water wrote 54 bytes to ecology
[dna] water wrote 82 bytes to ecology
[dna] water wrote 74 bytes to ecology
[dna] water wrote 75 bytes to ecology
[dna] water wrote 68 bytes to ecology
[dna] water wrote 58 bytes to ecology
[dna] water wrote 58 bytes to ecology
[dna] water wrote 39 bytes to ecology
[dna] water wrote 72 bytes to ecology
[dna] water wrote 28 bytes to ecology
[dna] water wrote 83 bytes to ecology
[dna] water wrote 99 bytes to ecology
[dna] water wrote 58 bytes to ecology
[debug-onto] tick=200 corpus=140468 stage=2 freeze=0
[dna] water wrote 37 bytes to ecology
[dna] water wrote 45 bytes to ecology
[dna] water wrote 110 bytes to ecology
[dna] water wrote 66 bytes to ecology
[dna] water wrote 31 bytes to ecology
[dna] water wrote 57 bytes to ecology
[dna] water wrote 24 bytes to ecology
[dna] water wrote 125 bytes to ecology
[dna] water wrote 48 bytes to ecology
[dna] water wrote 54 bytes to ecology
[dna] water wrote 31 bytes to ecology
[dna] water wrote 53 bytes to ecology
[dna] water wrote 38 bytes to ecology
[dna] water wrote 93 bytes to ecology
[dna] water wrote 74 bytes to ecology
[dna] water wrote 76 bytes to ecology
[dna] water wrote 105 bytes to ecology
[debug-onto] tick=250 corpus=140468 stage=2 freeze=0
[dna] water wrote 28 bytes to ecology
[dna] water wrote 154 bytes to ecology
[dna] water wrote 49 bytes to ecology
[dna] water wrote 8 bytes to ecology
[dna] water wrote 51 bytes to ecology
[dna] water wrote 105 bytes to ecology
[dna] water wrote 81 bytes to ecology
[dna] water wrote 69 bytes to ecology
[dna] water wrote 54 bytes to ecology
[dna] water wrote 13 bytes to ecology
[dna] water wrote 91 bytes to ecology
[dna] water wrote 37 bytes to ecology
[dna] water wrote 37 bytes to ecology
[dna] water wrote 103 bytes to ecology
[dna] water wrote 150 bytes to ecology
[dna] water wrote 288 bytes to ecology
[debug-onto] tick=300 corpus=140468 stage=2 freeze=0
[dna] water wrote 44 bytes to ecology
[dna] water wrote 42 bytes to ecology
[dna] water wrote 39 bytes to ecology
[dna] water wrote 94 bytes to ecology
[dna] water wrote 81 bytes to ecology
[dna] water wrote 86 bytes to ecology
[dna] water wrote 37 bytes to ecology
[dna] water wrote 67 bytes to ecology
[dna] water wrote 27 bytes to ecology
[dna] water wrote 45 bytes to ecology
[dna] water wrote 120 bytes to ecology
[dna] water wrote 39 bytes to ecology
[dna] water wrote 59 bytes to ecology
[dna] water wrote 50 bytes to ecology
[dna] water wrote 60 bytes to ecology
[dna] water wrote 29 bytes to ecology
[dna] water wrote 35 bytes to ecology
[debug-onto] tick=350 corpus=140468 stage=2 freeze=0
[dna] water wrote 45 bytes to ecology
[dna] water wrote 33 bytes to ecology
[dna] water wrote 26 bytes to ecology
[dna] water wrote 84 bytes to ecology
[dna] water wrote 82 bytes to ecology
[dna] water wrote 70 bytes to ecology
[dna] water wrote 47 bytes to ecology
[dna] water wrote 25 bytes to ecology
[dna] water wrote 111 bytes to ecology
[dna] water wrote 23 bytes to ecology
[dna] water wrote 51 bytes to ecology
[dna] water wrote 68 bytes to ecology
[dna] water wrote 56 bytes to ecology
[dna] water wrote 90 bytes to ecology
[dna] water wrote 53 bytes to ecology
[dna] water wrote 29 bytes to ecology
[dna] water wrote 32 bytes to ecology
[debug-onto] tick=400 corpus=140468 stage=2 freeze=0
[dna] water wrote 60 bytes to ecology
[dna] water wrote 36 bytes to ecology
[dna] water wrote 75 bytes to ecology
[dna] water wrote 32 bytes to ecology
[dna] water wrote 50 bytes to ecology
[dna] water wrote 71 bytes to ecology
[dna] water wrote 34 bytes to ecology
[dna] water wrote 168 bytes to ecology
[dna] water wrote 38 bytes to ecology
[dna] water wrote 84 bytes to ecology
[dna] water wrote 109 bytes to ecology
[dna] water wrote 43 bytes to ecology
[dna] water wrote 143 bytes to ecology
[dna] water wrote 34 bytes to ecology
[dna] water wrote 33 bytes to ecology
[dna] water wrote 51 bytes to ecology
[debug-onto] tick=450 corpus=140468 stage=2 freeze=0
[dna] water wrote 95 bytes to ecology
[dna] water wrote 73 bytes to ecology
[dna] water wrote 53 bytes to ecology
[dna] water wrote 16 bytes to ecology
[dna] water wrote 43 bytes to ecology
[dna] water wrote 38 bytes to ecology
[dna] water wrote 31 bytes to ecology
[dna] water wrote 28 bytes to ecology
[dna] water wrote 94 bytes to ecology
[dna] water wrote 31 bytes to ecology
[dna] water wrote 58 bytes to ecology
[dna] water wrote 29 bytes to ecology
[dna] water wrote 23 bytes to ecology
[dna] water wrote 58 bytes to ecology
[dna] water wrote 21 bytes to ecology
[dna] water wrote 41 bytes to ecology
[dna] water wrote 92 bytes to ecology
[debug-onto] tick=500 corpus=140468 stage=2 freeze=0
[dna] water wrote 44 bytes to ecology
[dna] water wrote 66 bytes to ecology
[dna] water wrote 42 bytes to ecology
[dna] water wrote 25 bytes to ecology
[dna] water wrote 43 bytes to ecology
[dna] water wrote 51 bytes to ecology
[dna] water wrote 41 bytes to ecology
[dna] water wrote 35 bytes to ecology
[dna] water wrote 121 bytes to ecology
[dna] water wrote 28 bytes to ecology
[dna] water wrote 100 bytes to ecology
[dna] water wrote 53 bytes to ecology
[dna] water wrote 49 bytes to ecology
[dna] water wrote 43 bytes to ecology
[dna] water wrote 64 bytes to ecology
[dna] water wrote 40 bytes to ecology
[dna] water wrote 32 bytes to ecology
[debug-onto] tick=550 corpus=140468 stage=2 freeze=0
[dna] water wrote 134 bytes to ecology
[dna] water wrote 134 bytes to ecology
[dna] water wrote 26 bytes to ecology
[dna] water wrote 34 bytes to ecology
[dna] water wrote 27 bytes to ecology
[dna] water wrote 65 bytes to ecology
[dna] water wrote 155 bytes to ecology
[dna] water wrote 64 bytes to ecology
[dna] water wrote 64 bytes to ecology
[dna] water wrote 47 bytes to ecology
[dna] water wrote 121 bytes to ecology
[dna] water wrote 31 bytes to ecology
[dna] water wrote 36 bytes to ecology
[dna] water wrote 93 bytes to ecology
[dna] water wrote 31 bytes to ecology
[dna] water wrote 116 bytes to ecology
[debug-onto] tick=600 corpus=140468 stage=2 freeze=0
[dna] water wrote 34 bytes to ecology
[dna] water wrote 24 bytes to ecology
[dna] water wrote 62 bytes to ecology
[dna] water wrote 54 bytes to ecology
[dna] water wrote 37 bytes to ecology
[dna] water wrote 35 bytes to ecology
[dna] water wrote 28 bytes to ecology
[dna] water wrote 50 bytes to ecology
[dna] water wrote 73 bytes to ecology
[dna] water wrote 88 bytes to ecology
[dna] water wrote 35 bytes to ecology
[dna] water wrote 33 bytes to ecology
[dna] water wrote 23 bytes to ecology
[dna] water wrote 76 bytes to ecology
[dna] water wrote 58 bytes to ecology
[dna] water wrote 59 bytes to ecology
[dna] water wrote 76 bytes to ecology
[debug-onto] tick=650 corpus=140468 stage=2 freeze=0
[dna] water wrote 63 bytes to ecology
[dna] water wrote 54 bytes to ecology
[dna] water wrote 121 bytes to ecology
[dna] water wrote 73 bytes to ecology
[dna] water wrote 9 bytes to ecology
[dna] water wrote 95 bytes to ecology
[dna] water wrote 72 bytes to ecology
[dna] water wrote 12 bytes to ecology
[dna] water wrote 65 bytes to ecology
[dna] water wrote 45 bytes to ecology
[dna] water wrote 74 bytes to ecology
[dna] water wrote 85 bytes to ecology
[dna] water wrote 103 bytes to ecology
[dna] water wrote 33 bytes to ecology
[dna] water wrote 32 bytes to ecology

[evolution] Organism shutting down gracefully.
