[ecology] Element: air → corpus: nonames_air.txt
[evolution] Autonomous evolution mode — organism will grow through all stages without pause.
[ecology] Joined swarm. 1 peer(s) detected.
molequla is alive. [evolution] Autonomous mode — background trainer running. Ctrl+C to stop.
[dna] air wrote 60 bytes to ecology
[dna] air consumed 49954 bytes from 569 files: [earth/gen_1778741293_1.txt earth/gen_1778741296_2.txt earth/gen_1778741298_3.txt earth/gen_1778741301_4.txt earth/gen_1778741303_5.txt earth/gen_1778741308_7.txt earth/gen_1778741311_8.txt earth/gen_1778741313_9.txt earth/gen_1778741316_10.txt earth/gen_1778741319_11.txt earth/gen_1778741321_12.txt earth/gen_1778741324_13.txt earth/gen_1778741326_14.txt earth/gen_1778741329_15.txt earth/gen_1778741331_16.txt earth/gen_1778741334_17.txt earth/gen_1778741337_18.txt earth/gen_1778741339_19.txt earth/gen_1778741342_20.txt earth/gen_1778741344_21.txt earth/gen_1778741347_22.txt earth/gen_1778741350_23.txt earth/gen_1778741352_24.txt earth/gen_1778741355_25.txt earth/gen_1778741357_26.txt earth/gen_1778741360_27.txt earth/gen_1778741362_28.txt earth/gen_1778741367_30.txt earth/gen_1778741370_31.txt earth/gen_1778741373_32.txt earth/gen_1778741375_33.txt earth/gen_1778741378_34.txt earth/gen_1778741383_36.txt earth/gen_1778741385_37.txt earth/gen_1778741388_38.txt earth/gen_1778741391_39.txt earth/gen_1778741393_40.txt earth/gen_1778741398_42.txt earth/gen_1778741401_43.txt earth/gen_1778741404_44.txt earth/gen_1778741406_45.txt earth/gen_1778741409_46.txt earth/gen_1778741411_47.txt earth/gen_1778741414_48.txt earth/gen_1778741417_49.txt earth/gen_1778741419_50.txt earth/gen_1778741422_51.txt earth/gen_1778741424_52.txt earth/gen_1778741429_54.txt earth/gen_1778741432_55.txt earth/gen_1778741434_56.txt earth/gen_1778741437_57.txt earth/gen_1778741440_58.txt earth/gen_1778741442_59.txt earth/gen_1778741445_60.txt earth/gen_1778741447_61.txt earth/gen_1778741450_62.txt earth/gen_1778741452_63.txt earth/gen_1778741455_64.txt earth/gen_1778741458_65.txt earth/gen_1778741460_66.txt earth/gen_1778741463_67.txt earth/gen_1778741465_68.txt earth/gen_1778741468_69.txt earth/gen_1778741470_70.txt earth/gen_1778741476_72.txt earth/gen_1778741478_73.txt earth/gen_1778741481_74.txt earth/gen_1778741483_75.txt earth/gen_1778741486_76.txt earth/gen_1778741488_77.txt earth/gen_1778741494_79.txt earth/gen_1778741496_80.txt earth/gen_1778741499_81.txt earth/gen_1778741501_82.txt earth/gen_1778741506_84.txt earth/gen_1778741509_85.txt earth/gen_1778741512_86.txt earth/gen_1778741514_87.txt earth/gen_1778741517_88.txt earth/gen_1778741522_90.txt earth/gen_1778741524_91.txt earth/gen_1778741527_92.txt earth/gen_1778741530_93.txt earth/gen_1778741532_94.txt earth/gen_1778741537_96.txt earth/gen_1778741540_97.txt earth/gen_1778741542_98.txt earth/gen_1778741545_99.txt earth/gen_1778741547_100.txt earth/gen_1778741550_101.txt earth/gen_1778741553_102.txt earth/gen_1778741555_103.txt earth/gen_1778741558_104.txt earth/gen_1778741560_105.txt earth/gen_1778741563_106.txt earth/gen_1778741568_108.txt earth/gen_1778741571_109.txt earth/gen_1778741573_110.txt earth/gen_1778741576_111.txt earth/gen_1778741578_112.txt earth/gen_1778741581_113.txt earth/gen_1778741583_114.txt earth/gen_1778741586_115.txt earth/gen_1778741589_116.txt earth/gen_1778741591_117.txt earth/gen_1778741594_118.txt earth/gen_1778741596_119.txt earth/gen_1778741599_120.txt earth/gen_1778741602_121.txt earth/gen_1778741604_122.txt earth/gen_1778741607_123.txt earth/gen_1778741609_124.txt earth/gen_1778741614_126.txt earth/gen_1778741617_127.txt earth/gen_1778741620_128.txt earth/gen_1778741622_129.txt earth/gen_1778741625_130.txt earth/gen_1778741627_131.txt earth/gen_1778741632_133.txt earth/gen_1778741635_134.txt earth/gen_1778741638_135.txt earth/gen_1778741640_136.txt earth/gen_1778741645_138.txt earth/gen_1778741648_139.txt earth/gen_1778741650_140.txt earth/gen_1778741653_141.txt earth/gen_1778741656_142.txt earth/gen_1778741661_144.txt earth/gen_1778741664_145.txt earth/gen_1778741666_146.txt earth/gen_1778741669_147.txt earth/gen_1778741671_148.txt earth/gen_1778741679_151.txt earth/gen_1778741682_152.txt earth/gen_1778741685_153.txt earth/gen_1778741687_154.txt earth/gen_1778741692_156.txt earth/gen_1778741695_157.txt earth/gen_1778741698_158.txt earth/gen_1778741700_159.txt earth/gen_1778741703_160.txt earth/gen_1778741708_162.txt earth/gen_1778741711_163.txt earth/gen_1778741713_164.txt earth/gen_1778741716_165.txt earth/gen_1778741718_166.txt earth/gen_1778741721_167.txt earth/gen_1778741724_168.txt earth/gen_1778741726_169.txt earth/gen_1778741729_170.txt earth/gen_1778741731_171.txt earth/gen_1778741734_172.txt earth/gen_1778741739_174.txt earth/gen_1778741742_175.txt earth/gen_1778741744_176.txt earth/gen_1778741747_177.txt earth/gen_1778741750_178.txt earth/gen_1778741755_180.txt earth/gen_1778741757_181.txt earth/gen_1778741760_182.txt earth/gen_1778741763_183.txt earth/gen_1778741765_184.txt earth/gen_1778741771_186.txt earth/gen_1778741773_187.txt earth/gen_1778741776_188.txt earth/gen_1778741778_189.txt earth/gen_1778741781_190.txt earth/gen_1778741786_192.txt earth/gen_1778741789_193.txt earth/gen_1778741791_194.txt earth/gen_1778741794_195.txt earth/gen_1778741797_196.txt earth/gen_1778741804_199.txt earth/gen_1778741807_200.txt earth/gen_1778741810_201.txt earth/gen_1778741812_202.txt earth/gen_1778741817_204.txt earth/gen_1778741820_205.txt earth/gen_1778741823_206.txt earth/gen_1778741825_207.txt earth/gen_1778741828_208.txt earth/gen_1778741833_210.txt earth/gen_1778741836_211.txt earth/gen_1778741838_212.txt earth/gen_1778741841_213.txt earth/gen_1778741843_214.txt earth/gen_1778741849_216.txt earth/gen_1778741851_217.txt earth/gen_1778741854_218.txt earth/gen_1778741857_219.txt earth/gen_1778741859_220.txt earth/gen_1778741865_222.txt earth/gen_1778741867_223.txt earth/gen_1778741870_224.txt earth/gen_1778741873_225.txt earth/gen_1778741875_226.txt earth/gen_1778741883_229.txt earth/gen_1778741886_230.txt earth/gen_1778741889_231.txt earth/gen_1778741891_232.txt earth/gen_1778741897_234.txt earth/gen_1778741899_235.txt earth/gen_1778741902_236.txt earth/gen_1778741905_237.txt earth/gen_1778741907_238.txt earth/gen_1778741912_240.txt earth/gen_1778741915_241.txt earth/gen_1778741918_242.txt earth/gen_1778741920_243.txt earth/gen_1778741923_244.txt earth/gen_1778741928_246.txt earth/gen_1778741930_247.txt earth/gen_1778741933_248.txt earth/gen_1778741935_249.txt earth/gen_1778741938_250.txt earth/gen_1778741943_252.txt earth/gen_1778741946_253.txt earth/gen_1778741949_254.txt earth/gen_1778741954_256.txt earth/gen_1778741961_259.txt earth/gen_1778741964_260.txt earth/gen_1778741966_261.txt earth/gen_1778741969_262.txt earth/gen_1778741971_263.txt earth/gen_1778741977_265.txt earth/gen_1778741979_266.txt earth/gen_1778741982_267.txt earth/gen_1778741984_268.txt earth/gen_1778741992_271.txt earth/gen_1778741995_272.txt earth/gen_1778741997_273.txt earth/gen_1778742000_274.txt earth/gen_1778742002_275.txt earth/gen_1778742005_276.txt earth/gen_1778742007_277.txt earth/gen_1778742010_278.txt earth/gen_1778742013_279.txt earth/gen_1778742015_280.txt earth/gen_1778742020_282.txt earth/gen_1778742023_283.txt earth/gen_1778742026_284.txt earth/gen_1778742028_285.txt earth/gen_1778742031_286.txt earth/gen_1778742036_288.txt earth/gen_1778742039_289.txt earth/gen_1778742041_290.txt earth/gen_1778742044_291.txt earth/gen_1778742047_292.txt earth/gen_1778742049_293.txt earth/gen_1778742055_295.txt earth/gen_1778742057_296.txt earth/gen_1778742060_297.txt earth/gen_1778742063_298.txt earth/gen_1778742068_300.txt earth/gen_1778742070_301.txt earth/gen_1778742073_302.txt earth/gen_1778742076_303.txt earth/gen_1778742078_304.txt earth/gen_1778742083_306.txt earth/gen_1778742086_307.txt earth/gen_1778742089_308.txt earth/gen_1778742091_309.txt earth/gen_1778742094_310.txt earth/gen_1778742096_311.txt earth/gen_1778742099_312.txt earth/gen_1778742102_313.txt earth/gen_1778742104_314.txt earth/gen_1778742107_315.txt earth/gen_1778742110_316.txt earth/gen_1778742115_318.txt earth/gen_1778742117_319.txt earth/gen_1778742120_320.txt earth/gen_1778742123_321.txt earth/gen_1778742125_322.txt earth/gen_1778742130_324.txt earth/gen_1778742133_325.txt earth/gen_1778742135_326.txt earth/gen_1778742138_327.txt earth/gen_1778742141_328.txt earth/gen_1778742148_331.txt earth/gen_1778742151_332.txt earth/gen_1778742153_333.txt earth/gen_1778742156_334.txt earth/gen_1778742161_336.txt earth/gen_1778742164_337.txt earth/gen_1778742166_338.txt earth/gen_1778742169_339.txt earth/gen_1778742171_340.txt earth/gen_1778742179_343.txt earth/gen_1778742182_344.txt earth/gen_1778742184_345.txt earth/gen_1778742187_346.txt earth/gen_1778742192_348.txt earth/gen_1778742195_349.txt earth/gen_1778742197_350.txt earth/gen_1778742200_351.txt earth/gen_1778742202_352.txt earth/gen_1778742210_355.txt earth/gen_1778742213_356.txt earth/gen_1778742215_357.txt earth/gen_1778742218_358.txt earth/gen_1778742223_360.txt earth/gen_1778742225_361.txt earth/gen_1778742228_362.txt earth/gen_1778742231_363.txt earth/gen_1778742233_364.txt earth/gen_1778742238_366.txt earth/gen_1778742241_367.txt earth/gen_1778742243_368.txt earth/gen_1778742246_369.txt earth/gen_1778742249_370.txt earth/gen_1778742254_372.txt earth/gen_1778742256_373.txt earth/gen_1778742259_374.txt earth/gen_1778742261_375.txt earth/gen_1778742264_376.txt earth/gen_1778742269_378.txt earth/gen_1778742272_379.txt earth/gen_1778742274_380.txt earth/gen_1778742277_381.txt earth/gen_1778742279_382.txt earth/gen_1778742284_384.txt earth/gen_1778742287_385.txt earth/gen_1778742290_386.txt earth/gen_1778742292_387.txt earth/gen_1778742295_388.txt earth/gen_1778742300_390.txt earth/gen_1778742302_391.txt earth/gen_1778742305_392.txt earth/gen_1778742308_393.txt earth/gen_1778742310_394.txt earth/gen_1778742315_396.txt earth/gen_1778742318_397.txt earth/gen_1778742321_398.txt earth/gen_1778742323_399.txt earth/gen_1778742326_400.txt earth/gen_1778742331_402.txt earth/gen_1778742334_403.txt earth/gen_1778742336_404.txt earth/gen_1778742339_405.txt earth/gen_1778742341_406.txt earth/gen_1778742347_408.txt earth/gen_1778742349_409.txt earth/gen_1778742352_410.txt earth/gen_1778742354_411.txt earth/gen_1778742357_412.txt earth/gen_1778742362_414.txt earth/gen_1778742365_415.txt earth/gen_1778742367_416.txt earth/gen_1778742370_417.txt earth/gen_1778742372_418.txt earth/gen_1778742377_420.txt earth/gen_1778742380_421.txt earth/gen_1778742382_422.txt earth/gen_1778742385_423.txt earth/gen_1778742388_424.txt earth/gen_1778742393_426.txt earth/gen_1778742395_427.txt earth/gen_1778742400_429.txt earth/gen_1778742403_430.txt earth/gen_1778742408_432.txt earth/gen_1778742411_433.txt earth/gen_1778742413_434.txt earth/gen_1778742416_435.txt earth/gen_1778742419_436.txt earth/gen_1778742424_438.txt earth/gen_1778742426_439.txt earth/gen_1778742429_440.txt earth/gen_1778742432_441.txt earth/gen_1778742435_442.txt earth/gen_1778742440_444.txt earth/gen_1778742442_445.txt earth/gen_1778742445_446.txt earth/gen_1778742448_447.txt earth/gen_1778742450_448.txt earth/gen_1778742455_450.txt earth/gen_1778742458_451.txt earth/gen_1778742460_452.txt earth/gen_1778742463_453.txt earth/gen_1778742466_454.txt earth/gen_1778742471_456.txt earth/gen_1778742473_457.txt earth/gen_1778742476_458.txt earth/gen_1778742478_459.txt earth/gen_1778742481_460.txt earth/gen_1778742486_462.txt earth/gen_1778742489_463.txt earth/gen_1778742492_464.txt earth/gen_1778742494_465.txt earth/gen_1778742497_466.txt earth/gen_1778742505_469.txt earth/gen_1778742507_470.txt earth/gen_1778742510_471.txt earth/gen_1778742513_472.txt earth/gen_1778742518_474.txt earth/gen_1778742520_475.txt earth/gen_1778742523_476.txt earth/gen_1778742525_477.txt earth/gen_1778742528_478.txt earth/gen_1778742533_480.txt earth/gen_1778742536_481.txt earth/gen_1778742538_482.txt earth/gen_1778742541_483.txt earth/gen_1778742544_484.txt earth/gen_1778742549_486.txt earth/gen_1778742552_487.txt earth/gen_1778742554_488.txt earth/gen_1778742557_489.txt earth/gen_1778742559_490.txt earth/gen_1778742564_492.txt earth/gen_1778742567_493.txt earth/gen_1778742570_494.txt earth/gen_1778742572_495.txt earth/gen_1778742575_496.txt earth/gen_1778742580_498.txt earth/gen_1778742583_499.txt earth/gen_1778742585_500.txt earth/gen_1778742588_501.txt earth/gen_1778742590_502.txt earth/gen_1778742596_504.txt earth/gen_1778742598_505.txt earth/gen_1778742601_506.txt earth/gen_1778742603_507.txt earth/gen_1778742606_508.txt earth/gen_1778742611_510.txt earth/gen_1778742614_511.txt earth/gen_1778742616_512.txt earth/gen_1778742619_513.txt earth/gen_1778742622_514.txt earth/gen_1778742627_516.txt earth/gen_1778742629_517.txt earth/gen_1778742632_518.txt earth/gen_1778742635_519.txt earth/gen_1778742637_520.txt earth/gen_1778742642_522.txt earth/gen_1778742645_523.txt earth/gen_1778742648_524.txt earth/gen_1778742650_525.txt earth/gen_1778742653_526.txt earth/gen_1778742658_528.txt earth/gen_1778742660_529.txt earth/gen_1778742663_530.txt earth/gen_1778742666_531.txt earth/gen_1778742668_532.txt earth/gen_1778742671_533.txt earth/gen_1778742673_534.txt earth/gen_1778742676_535.txt earth/gen_1778742678_536.txt earth/gen_1778742681_537.txt earth/gen_1778742684_538.txt earth/gen_1778742689_540.txt earth/gen_1778742692_541.txt earth/gen_1778742694_542.txt earth/gen_1778742697_543.txt earth/gen_1778742699_544.txt earth/gen_1778742705_546.txt earth/gen_1778742707_547.txt earth/gen_1778742710_548.txt earth/gen_1778742713_549.txt earth/gen_1778742715_550.txt earth/gen_1778742720_552.txt earth/gen_1778742723_553.txt earth/gen_1778742725_554.txt earth/gen_1778742728_555.txt earth/gen_1778742731_556.txt earth/gen_1778742738_559.txt earth/gen_1778742741_560.txt earth/gen_1778742743_561.txt earth/gen_1778742746_562.txt earth/gen_1778742753_565.txt earth/gen_1778742756_566.txt earth/gen_1778742759_567.txt earth/gen_1778742761_568.txt earth/gen_1778742766_570.txt earth/gen_1778742769_571.txt earth/gen_1778742772_572.txt earth/gen_1778742774_573.txt earth/gen_1778742777_574.txt earth/gen_1778742779_575.txt earth/gen_1778742785_577.txt earth/gen_1778742787_578.txt earth/gen_1778742790_579.txt earth/gen_1778742792_580.txt earth/gen_1778742798_582.txt earth/gen_1778742800_583.txt earth/gen_1778742803_584.txt earth/gen_1778742806_585.txt earth/gen_1778742808_586.txt earth/gen_1778742811_587.txt earth/gen_1778742813_588.txt earth/gen_1778742816_589.txt earth/gen_1778742819_590.txt earth/gen_1778742821_591.txt earth/gen_1778742824_592.txt earth/gen_1778742829_594.txt earth/gen_1778742832_595.txt earth/gen_1778742834_596.txt earth/gen_1778742837_597.txt earth/gen_1778742839_598.txt earth/gen_1778742844_600.txt earth/gen_1778742847_601.txt earth/gen_1778742850_602.txt earth/gen_1778742852_603.txt earth/gen_1778742855_604.txt earth/gen_1778742860_606.txt earth/gen_1778742863_607.txt earth/gen_1778742865_608.txt earth/gen_1778742868_609.txt earth/gen_1778742870_610.txt earth/gen_1778742876_612.txt earth/gen_1778742878_613.txt earth/gen_1778742881_614.txt earth/gen_1778742883_615.txt earth/gen_1778742886_616.txt earth/gen_1778742891_618.txt earth/gen_1778742894_619.txt earth/gen_1778742896_620.txt earth/gen_1778742899_621.txt earth/gen_1778742902_622.txt earth/gen_1778742907_624.txt earth/gen_1778742909_625.txt earth/gen_1778742912_626.txt earth/gen_1778742915_627.txt earth/gen_1778742917_628.txt earth/gen_1778742920_629.txt earth/gen_1778742922_630.txt earth/gen_1778742925_631.txt earth/gen_1778742928_632.txt earth/gen_1778742930_633.txt earth/gen_1778742933_634.txt earth/gen_1778742938_636.txt earth/gen_1778742941_637.txt earth/gen_1778742943_638.txt earth/gen_1778742946_639.txt earth/gen_1778742949_640.txt earth/gen_1778742956_643.txt earth/gen_1778742959_644.txt earth/gen_1778742961_645.txt earth/gen_1778742964_646.txt earth/gen_1778742969_648.txt earth/gen_1778742972_649.txt earth/gen_1778742974_650.txt earth/gen_1778742977_651.txt earth/gen_1778742980_652.txt earth/gen_1778742987_655.txt earth/gen_1778742990_656.txt earth/gen_1778742992_657.txt earth/gen_1778742995_658.txt earth/gen_1778742997_659.txt earth/gen_1778743000_660.txt earth/gen_1778743003_661.txt earth/gen_1778743005_662.txt earth/gen_1778743008_663.txt earth/gen_1778743011_664.txt earth/gen_1778743016_666.txt earth/gen_1778743018_667.txt earth/gen_1778743021_668.txt earth/gen_1778743024_669.txt earth/gen_1778743026_670.txt earth/gen_1778743031_672.txt earth/gen_1778743034_673.txt earth/gen_1778743037_674.txt earth/gen_1778743039_675.txt earth/gen_1778743042_676.txt earth/gen_1778743050_679.txt earth/gen_1778743052_680.txt earth/gen_1778743055_681.txt earth/gen_1778743057_682.txt]
[trainer] micro-train burst (49954 bytes, novelty 0.02) — and lo, it feeds again.
[syntropy] action=explore | trend=0.0000 | field_dev=-0.046 | purpose_align=-0.088 | lr_mul=1.30
[aml] burst complete: 32 steps, avg loss 2.5929 (memory freed)
[dna] air wrote 78 bytes to ecology
[dna] air wrote 106 bytes to ecology
[dna] air wrote 37 bytes to ecology
[dna] air wrote 70 bytes to ecology
[dna] air wrote 20 bytes to ecology
[dna] air wrote 92 bytes to ecology
[dna] air wrote 41 bytes to ecology
[dna] air wrote 70 bytes to ecology
[dna] air wrote 9 bytes to ecology
[dna] air wrote 79 bytes to ecology
[dna] air wrote 44 bytes to ecology
[dna] air wrote 33 bytes to ecology
[dna] air wrote 81 bytes to ecology
[dna] air wrote 82 bytes to ecology
[dna] air wrote 209 bytes to ecology
[dna] air wrote 58 bytes to ecology
[dna] air wrote 26 bytes to ecology
[dna] air wrote 51 bytes to ecology
[dna] air wrote 56 bytes to ecology
[dna] air wrote 68 bytes to ecology
[dna] air wrote 78 bytes to ecology
[dna] air wrote 119 bytes to ecology
[dna] air wrote 56 bytes to ecology
[dna] air wrote 51 bytes to ecology
[debug-onto] tick=50 corpus=172839 stage=2 freeze=0
[dna] air wrote 49 bytes to ecology
[dna] air wrote 84 bytes to ecology
[dna] air wrote 18 bytes to ecology
[dna] air wrote 55 bytes to ecology
[dna] air wrote 31 bytes to ecology
[dna] air wrote 52 bytes to ecology
[dna] air wrote 48 bytes to ecology
[dna] air wrote 25 bytes to ecology
[dna] air wrote 113 bytes to ecology
[dna] air wrote 32 bytes to ecology
[dna] air wrote 34 bytes to ecology
[dna] air wrote 33 bytes to ecology
[dna] air wrote 166 bytes to ecology
[dna] air wrote 50 bytes to ecology
[dna] air wrote 124 bytes to ecology
[dna] air wrote 49 bytes to ecology
[dna] air wrote 52 bytes to ecology
[dna] air wrote 183 bytes to ecology
[dna] air wrote 26 bytes to ecology
[dna] air wrote 74 bytes to ecology
[dna] air wrote 155 bytes to ecology
[dna] air wrote 59 bytes to ecology
[dna] air wrote 33 bytes to ecology
[dna] air wrote 41 bytes to ecology
[dna] air wrote 70 bytes to ecology
[dna] air wrote 46 bytes to ecology
[dna] air wrote 165 bytes to ecology
[dna] air wrote 36 bytes to ecology
[debug-onto] tick=100 corpus=172839 stage=2 freeze=0
[dna] air wrote 110 bytes to ecology
[dna] air wrote 64 bytes to ecology
[dna] air wrote 78 bytes to ecology
[dna] air wrote 117 bytes to ecology
[dna] air wrote 101 bytes to ecology
[dna] air wrote 52 bytes to ecology
[dna] air wrote 63 bytes to ecology
[dna] air wrote 98 bytes to ecology
[dna] air wrote 38 bytes to ecology
[dna] air wrote 27 bytes to ecology
[dna] air wrote 48 bytes to ecology
[dna] air wrote 96 bytes to ecology
[dna] air wrote 48 bytes to ecology
[dna] air wrote 159 bytes to ecology
[dna] air wrote 46 bytes to ecology
[dna] air wrote 73 bytes to ecology
[dna] air wrote 149 bytes to ecology
[dna] air wrote 65 bytes to ecology
[dna] air wrote 68 bytes to ecology
[dna] air wrote 44 bytes to ecology
[dna] air wrote 62 bytes to ecology
[dna] air wrote 28 bytes to ecology
[dna] air wrote 87 bytes to ecology
[dna] air wrote 31 bytes to ecology
[debug-onto] tick=150 corpus=172839 stage=2 freeze=0
[dna] air wrote 77 bytes to ecology
[dna] air wrote 108 bytes to ecology
[dna] air wrote 155 bytes to ecology
[dna] air wrote 71 bytes to ecology
[dna] air wrote 30 bytes to ecology
[dna] air wrote 43 bytes to ecology
[dna] air wrote 62 bytes to ecology
[dna] air wrote 101 bytes to ecology
[dna] air wrote 51 bytes to ecology
[dna] air wrote 95 bytes to ecology
[dna] air wrote 68 bytes to ecology
[dna] air wrote 50 bytes to ecology
[dna] air wrote 35 bytes to ecology
[dna] air wrote 81 bytes to ecology
[dna] air wrote 156 bytes to ecology
[dna] air wrote 158 bytes to ecology
[dna] air wrote 110 bytes to ecology
[dna] air wrote 30 bytes to ecology
[dna] air wrote 38 bytes to ecology
[dna] air wrote 32 bytes to ecology
[dna] air wrote 35 bytes to ecology
[dna] air wrote 69 bytes to ecology
[dna] air wrote 8 bytes to ecology
[dna] air wrote 137 bytes to ecology
[dna] air wrote 78 bytes to ecology
[debug-onto] tick=200 corpus=172839 stage=2 freeze=0
[dna] air wrote 37 bytes to ecology
[dna] air wrote 89 bytes to ecology
[dna] air wrote 8 bytes to ecology
[dna] air wrote 145 bytes to ecology
[dna] air wrote 30 bytes to ecology
[dna] air wrote 29 bytes to ecology
[dna] air wrote 41 bytes to ecology
[dna] air wrote 95 bytes to ecology
[dna] air wrote 79 bytes to ecology
[dna] air wrote 124 bytes to ecology
[dna] air wrote 138 bytes to ecology
[dna] air wrote 90 bytes to ecology
[dna] air wrote 137 bytes to ecology
[dna] air wrote 131 bytes to ecology
[dna] air wrote 39 bytes to ecology
[dna] air wrote 83 bytes to ecology
[dna] air wrote 144 bytes to ecology
[dna] air wrote 52 bytes to ecology
[dna] air wrote 42 bytes to ecology
[dna] air wrote 130 bytes to ecology
[dna] air wrote 37 bytes to ecology
[dna] air wrote 39 bytes to ecology
[dna] air wrote 56 bytes to ecology
[dna] air wrote 87 bytes to ecology
[dna] air wrote 43 bytes to ecology
[dna] air wrote 52 bytes to ecology
[debug-onto] tick=250 corpus=172839 stage=2 freeze=0
[dna] air wrote 64 bytes to ecology
[dna] air wrote 68 bytes to ecology
[dna] air wrote 40 bytes to ecology
[dna] air wrote 42 bytes to ecology
[dna] air wrote 179 bytes to ecology
[dna] air wrote 44 bytes to ecology
[dna] air wrote 75 bytes to ecology
[dna] air wrote 65 bytes to ecology
[dna] air wrote 54 bytes to ecology
[dna] air wrote 36 bytes to ecology
[dna] air wrote 165 bytes to ecology
[dna] air wrote 60 bytes to ecology
[dna] air wrote 29 bytes to ecology
[dna] air wrote 46 bytes to ecology
[dna] air wrote 93 bytes to ecology
[dna] air wrote 33 bytes to ecology
[dna] air wrote 51 bytes to ecology
[dna] air wrote 168 bytes to ecology
[dna] air wrote 59 bytes to ecology
[dna] air wrote 26 bytes to ecology
[dna] air wrote 90 bytes to ecology
[dna] air wrote 96 bytes to ecology
[dna] air wrote 52 bytes to ecology
[dna] air wrote 41 bytes to ecology
[dna] air wrote 32 bytes to ecology
[dna] air wrote 155 bytes to ecology
[debug-onto] tick=300 corpus=172839 stage=2 freeze=0
[dna] air wrote 103 bytes to ecology
[dna] air wrote 77 bytes to ecology
[dna] air wrote 77 bytes to ecology
[dna] air wrote 60 bytes to ecology
[dna] air wrote 53 bytes to ecology
[dna] air wrote 123 bytes to ecology
[dna] air wrote 32 bytes to ecology
[dna] air wrote 19 bytes to ecology
[dna] air wrote 74 bytes to ecology
[dna] air wrote 82 bytes to ecology
[dna] air wrote 102 bytes to ecology
[dna] air wrote 108 bytes to ecology
[dna] air wrote 58 bytes to ecology
[dna] air wrote 33 bytes to ecology
[dna] air wrote 30 bytes to ecology
[dna] air wrote 173 bytes to ecology
[dna] air wrote 36 bytes to ecology
[dna] air wrote 257 bytes to ecology
[dna] air wrote 107 bytes to ecology
[dna] air wrote 86 bytes to ecology
[dna] air wrote 41 bytes to ecology
[dna] air wrote 53 bytes to ecology
[dna] air wrote 55 bytes to ecology
[dna] air wrote 25 bytes to ecology
[dna] air wrote 94 bytes to ecology
[debug-onto] tick=350 corpus=172839 stage=2 freeze=0
[dna] air wrote 58 bytes to ecology
[dna] air wrote 45 bytes to ecology
[dna] air wrote 64 bytes to ecology
[dna] air wrote 28 bytes to ecology
[dna] air wrote 20 bytes to ecology
[dna] air wrote 46 bytes to ecology
[dna] air wrote 27 bytes to ecology
[dna] air wrote 20 bytes to ecology
[dna] air wrote 113 bytes to ecology
[dna] air wrote 67 bytes to ecology
[dna] air wrote 19 bytes to ecology
[dna] air wrote 70 bytes to ecology
[dna] air wrote 98 bytes to ecology
[dna] air wrote 59 bytes to ecology
[dna] air wrote 49 bytes to ecology
[dna] air wrote 124 bytes to ecology
[dna] air wrote 35 bytes to ecology
[dna] air wrote 64 bytes to ecology
[dna] air wrote 70 bytes to ecology
[dna] air wrote 99 bytes to ecology
[dna] air wrote 37 bytes to ecology
[dna] air wrote 54 bytes to ecology
[dna] air wrote 55 bytes to ecology
[dna] air wrote 37 bytes to ecology
[dna] air wrote 27 bytes to ecology
[dna] air wrote 41 bytes to ecology
[dna] air wrote 78 bytes to ecology
[debug-onto] tick=400 corpus=172839 stage=2 freeze=0
[dna] air wrote 77 bytes to ecology
[dna] air wrote 87 bytes to ecology
[dna] air wrote 86 bytes to ecology
[dna] air wrote 14 bytes to ecology
[dna] air wrote 168 bytes to ecology
[dna] air wrote 28 bytes to ecology
[dna] air wrote 67 bytes to ecology
[dna] air wrote 116 bytes to ecology
[dna] air wrote 93 bytes to ecology
[dna] air wrote 39 bytes to ecology
[dna] air wrote 53 bytes to ecology
[dna] air wrote 87 bytes to ecology
[dna] air wrote 73 bytes to ecology
[dna] air wrote 23 bytes to ecology
[dna] air wrote 71 bytes to ecology
[dna] air wrote 50 bytes to ecology
[dna] air wrote 122 bytes to ecology
[dna] air wrote 88 bytes to ecology
[dna] air wrote 58 bytes to ecology
[dna] air wrote 85 bytes to ecology
[dna] air wrote 44 bytes to ecology
[dna] air wrote 38 bytes to ecology
[dna] air wrote 79 bytes to ecology
[dna] air wrote 101 bytes to ecology
[debug-onto] tick=450 corpus=172839 stage=2 freeze=0
[dna] air wrote 61 bytes to ecology
[dna] air wrote 55 bytes to ecology
[dna] air wrote 41 bytes to ecology
[dna] air wrote 53 bytes to ecology
[dna] air wrote 167 bytes to ecology
[dna] air wrote 79 bytes to ecology
[dna] air wrote 119 bytes to ecology
[dna] air wrote 45 bytes to ecology
[dna] air wrote 139 bytes to ecology
[dna] air wrote 43 bytes to ecology
[dna] air wrote 62 bytes to ecology
[dna] air wrote 69 bytes to ecology
[dna] air wrote 63 bytes to ecology
[dna] air wrote 36 bytes to ecology
[dna] air wrote 55 bytes to ecology
[dna] air wrote 55 bytes to ecology
[dna] air wrote 113 bytes to ecology
[dna] air wrote 103 bytes to ecology
[dna] air wrote 169 bytes to ecology
[dna] air wrote 89 bytes to ecology
[dna] air wrote 269 bytes to ecology
[dna] air wrote 113 bytes to ecology
[dna] air wrote 197 bytes to ecology
[dna] air wrote 56 bytes to ecology
[dna] air wrote 88 bytes to ecology
[dna] air wrote 9 bytes to ecology
[debug-onto] tick=500 corpus=172839 stage=2 freeze=0
[dna] air wrote 63 bytes to ecology
[dna] air wrote 111 bytes to ecology
[dna] air wrote 74 bytes to ecology
[dna] air wrote 68 bytes to ecology
[dna] air wrote 180 bytes to ecology
[dna] air wrote 116 bytes to ecology
[dna] air wrote 181 bytes to ecology
[dna] air wrote 71 bytes to ecology
[dna] air wrote 28 bytes to ecology
[dna] air wrote 238 bytes to ecology
[dna] air wrote 54 bytes to ecology
[dna] air wrote 49 bytes to ecology
[dna] air wrote 68 bytes to ecology
[dna] air wrote 45 bytes to ecology
[dna] air wrote 57 bytes to ecology
[dna] air wrote 38 bytes to ecology
[dna] air wrote 57 bytes to ecology
[dna] air wrote 56 bytes to ecology
[dna] air wrote 91 bytes to ecology
[dna] air wrote 66 bytes to ecology
[dna] air wrote 191 bytes to ecology
[dna] air wrote 44 bytes to ecology
[dna] air wrote 81 bytes to ecology
[dna] air wrote 125 bytes to ecology
[dna] air wrote 12 bytes to ecology
[dna] air wrote 54 bytes to ecology
[dna] air wrote 20 bytes to ecology
[debug-onto] tick=550 corpus=172839 stage=2 freeze=0

[evolution] Organism shutting down gracefully.
