[ecology] Element: earth → corpus: nonames_earth.txt
[evolution] Autonomous evolution mode — organism will grow through all stages without pause.
[init] Stage 0 (embryo): embd=16, layer=1, head=1 — warmup 400 steps (400 backprop + 0 notorch, sqrt-scaled 1x)
  [aml] step 0/160 | loss 6.5664 (avg 6.5664) | lr 0.001000 | seq 8
  [aml] step 10/160 | loss 6.1374 (avg 6.4607) | lr 0.001450 | seq 8
  [aml] step 20/160 | loss 6.2103 (avg 6.3039) | lr 0.001900 | seq 8
  [aml] step 30/160 | loss 5.7522 (avg 6.2076) | lr 0.002350 | seq 8
  [aml] step 40/160 | loss 5.4168 (avg 6.0898) | lr 0.002800 | seq 8
  [aml] step 50/160 | loss 4.6556 (avg 5.9352) | lr 0.003250 | seq 8
  [aml] step 60/160 | loss 4.8813 (avg 5.7732) | lr 0.003700 | seq 8
  [aml] step 70/160 | loss 5.2483 (avg 5.6518) | lr 0.004150 | seq 8
  [aml] step 80/160 | loss 2.9759 (avg 5.5315) | lr 0.004600 | seq 8
  [aml] step 90/160 | loss 4.1696 (avg 5.3860) | lr 0.005050 | seq 8
  [aml] step 100/160 | loss 5.0218 (avg 5.2981) | lr 0.005500 | seq 8
  [aml] step 110/160 | loss 5.2712 (avg 5.1687) | lr 0.005950 | seq 8
  [aml] step 120/160 | loss 3.9869 (avg 5.0949) | lr 0.006400 | seq 8
  [aml] step 130/160 | loss 4.4396 (avg 5.0458) | lr 0.006850 | seq 8
  [aml] step 140/160 | loss 2.9733 (avg 5.0123) | lr 0.007300 | seq 8
  [aml] step 150/160 | loss 2.8205 (avg 4.9670) | lr 0.007750 | seq 8
[aml] training complete: 160 steps, avg loss 4.9208 (memory freed)
  [aml] step 0/120 | loss 4.7537 (avg 4.7537) | lr 0.008200 | seq 16
  [aml] step 10/120 | loss 4.3201 (avg 4.5135) | lr 0.008650 | seq 16
  [aml] step 20/120 | loss 3.4998 (avg 4.4521) | lr 0.009100 | seq 16
  [aml] step 30/120 | loss 3.3513 (avg 4.2280) | lr 0.009550 | seq 16
  [aml] step 40/120 | loss 3.4370 (avg 4.2887) | lr 0.010000 | seq 16
  [aml] step 50/120 | loss 3.1018 (avg 4.2745) | lr 0.010000 | seq 16
  [aml] step 60/120 | loss 4.4273 (avg 4.2859) | lr 0.010000 | seq 16
  [aml] step 70/120 | loss 4.7078 (avg 4.2133) | lr 0.010000 | seq 16
  [aml] step 80/120 | loss 5.1436 (avg 4.1764) | lr 0.009999 | seq 16
  [aml] step 90/120 | loss 4.3746 (avg 4.0773) | lr 0.009999 | seq 16
  [aml] step 100/120 | loss 3.7579 (avg 4.0244) | lr 0.009999 | seq 16
  [aml] step 110/120 | loss 5.3812 (avg 3.9577) | lr 0.009999 | seq 16
[aml] training complete: 120 steps, avg loss 3.9771 (memory freed)
  [aml] step 0/120 | loss 2.7564 (avg 2.7564) | lr 0.009999 | seq 32
  [aml] step 10/120 | loss 4.8412 (avg 3.9842) | lr 0.009999 | seq 32
  [aml] step 20/120 | loss 4.3274 (avg 3.8442) | lr 0.009999 | seq 32
  [aml] step 30/120 | loss 3.8337 (avg 3.5448) | lr 0.009999 | seq 32
  [aml] step 40/120 | loss 3.9141 (avg 3.4855) | lr 0.009999 | seq 32
  [aml] step 50/120 | loss 3.9409 (avg 3.4330) | lr 0.009999 | seq 32
  [aml] step 60/120 | loss 2.8284 (avg 3.3644) | lr 0.009999 | seq 32
  [aml] step 70/120 | loss 1.4349 (avg 3.3350) | lr 0.009999 | seq 32
  [aml] step 80/120 | loss 4.5611 (avg 3.3293) | lr 0.009999 | seq 32
  [aml] step 90/120 | loss 1.5079 (avg 3.2831) | lr 0.009999 | seq 32
  [aml] step 100/120 | loss 0.8090 (avg 3.2968) | lr 0.009999 | seq 32
  [aml] step 110/120 | loss 0.9848 (avg 3.1775) | lr 0.009999 | seq 32
[aml] training complete: 120 steps, avg loss 3.0923 (memory freed)

[stage 0 — embryo] What it sounds like now:
  Q: Hello.
  A: Contal smooth is the foundation — house does not the river?
  Q: Who are you?
  A: is a parent is of an arch carrying walls, pile or characonformity with the dam needed, the long the work allowing water, it decline?
  Q: What do you know?
  A: ...

[growth] ONTOGENESIS: stage 0 -> 1
  embd: 16 -> 32, layer: 1 -> 1, head: 1 -> 2
[growth] Done. Freeze for 500 steps.
[init] Stage 1 (infant): embd=32, layer=1, head=2 — warmup 800 steps (800 backprop + 0 notorch, sqrt-scaled 2x)
  [aml] step 0/320 | loss 5.1753 (avg 5.1753) | lr 0.000500 | seq 8
  [aml] step 10/320 | loss 5.4026 (avg 5.7659) | lr 0.000725 | seq 8
  [aml] step 20/320 | loss 4.6371 (avg 5.1504) | lr 0.000950 | seq 8
  [aml] step 30/320 | loss 4.1404 (avg 4.9247) | lr 0.001175 | seq 8
  [aml] step 40/320 | loss 2.6435 (avg 4.7667) | lr 0.001400 | seq 8
  [aml] step 50/320 | loss 3.8680 (avg 4.5711) | lr 0.001625 | seq 8
  [aml] step 60/320 | loss 4.0738 (avg 4.4963) | lr 0.001850 | seq 8
  [aml] step 70/320 | loss 5.3629 (avg 4.3676) | lr 0.002075 | seq 8
  [aml] step 80/320 | loss 4.9307 (avg 4.3025) | lr 0.002300 | seq 8
  [aml] step 90/320 | loss 5.2846 (avg 4.3290) | lr 0.002525 | seq 8
  [aml] step 100/320 | loss 2.8607 (avg 4.2488) | lr 0.002750 | seq 8
  [aml] step 110/320 | loss 4.2886 (avg 4.2403) | lr 0.002975 | seq 8
  [aml] step 120/320 | loss 3.8764 (avg 4.1749) | lr 0.003200 | seq 8
  [aml] step 130/320 | loss 1.0588 (avg 4.0844) | lr 0.003425 | seq 8
  [aml] step 140/320 | loss 4.4586 (avg 4.0380) | lr 0.003650 | seq 8
  [aml] step 150/320 | loss 5.1663 (avg 4.0260) | lr 0.003875 | seq 8
  [aml] step 160/320 | loss 1.4903 (avg 4.0274) | lr 0.004100 | seq 8
  [aml] step 170/320 | loss 2.8187 (avg 3.9953) | lr 0.004325 | seq 8
  [aml] step 180/320 | loss 3.9625 (avg 3.9839) | lr 0.004550 | seq 8
  [aml] step 190/320 | loss 2.9004 (avg 3.9635) | lr 0.004775 | seq 8
  [aml] step 200/320 | loss 5.5530 (avg 3.9760) | lr 0.004998 | seq 8
  [aml] step 210/320 | loss 1.3220 (avg 3.9225) | lr 0.004998 | seq 8
  [aml] step 220/320 | loss 5.0303 (avg 3.8800) | lr 0.004998 | seq 8
  [aml] step 230/320 | loss 3.9121 (avg 3.8760) | lr 0.004998 | seq 8
  [aml] step 240/320 | loss 3.1872 (avg 3.8438) | lr 0.004998 | seq 8
  [aml] step 250/320 | loss 3.7228 (avg 3.8580) | lr 0.004998 | seq 8
  [aml] step 260/320 | loss 2.7416 (avg 3.8499) | lr 0.004998 | seq 8
  [aml] step 270/320 | loss 1.1544 (avg 3.8365) | lr 0.004998 | seq 8
  [aml] step 280/320 | loss 2.8761 (avg 3.8424) | lr 0.004998 | seq 8
  [aml] step 290/320 | loss 4.7635 (avg 3.8569) | lr 0.004998 | seq 8
  [aml] step 300/320 | loss 2.0623 (avg 3.8375) | lr 0.004998 | seq 8
  [aml] step 310/320 | loss 2.2044 (avg 3.8252) | lr 0.004998 | seq 8
[aml] training complete: 320 steps, avg loss 3.8182 (memory freed)
  [aml] step 0/240 | loss 4.5227 (avg 4.5227) | lr 0.004998 | seq 16
  [aml] step 10/240 | loss 4.1281 (avg 3.2443) | lr 0.004998 | seq 16
  [aml] step 20/240 | loss 4.2937 (avg 3.1700) | lr 0.004998 | seq 16
  [aml] step 30/240 | loss 3.1728 (avg 3.3709) | lr 0.004998 | seq 16
  [aml] step 40/240 | loss 4.3981 (avg 3.3695) | lr 0.004997 | seq 16
  [aml] step 50/240 | loss 4.5275 (avg 3.3156) | lr 0.004997 | seq 16
  [aml] step 60/240 | loss 4.0174 (avg 3.2425) | lr 0.004997 | seq 16
  [aml] step 70/240 | loss 5.1565 (avg 3.2784) | lr 0.004997 | seq 16
  [aml] step 80/240 | loss 1.0677 (avg 3.1306) | lr 0.004997 | seq 16
  [aml] step 90/240 | loss 1.6053 (avg 3.2563) | lr 0.004997 | seq 16
  [aml] step 100/240 | loss 4.8172 (avg 3.2187) | lr 0.004997 | seq 16
  [aml] step 110/240 | loss 1.9443 (avg 3.2121) | lr 0.004997 | seq 16
  [aml] step 120/240 | loss 5.8944 (avg 3.2178) | lr 0.004997 | seq 16
  [aml] step 130/240 | loss 4.7177 (avg 3.2456) | lr 0.004997 | seq 16
  [aml] step 140/240 | loss 1.3714 (avg 3.2555) | lr 0.004997 | seq 16
  [aml] step 150/240 | loss 2.1736 (avg 3.2907) | lr 0.004997 | seq 16
  [aml] step 160/240 | loss 3.5685 (avg 3.2848) | lr 0.004997 | seq 16
  [aml] step 170/240 | loss 1.5491 (avg 3.2927) | lr 0.004996 | seq 16
  [aml] step 180/240 | loss 4.4603 (avg 3.3248) | lr 0.004996 | seq 16
  [aml] step 190/240 | loss 4.7684 (avg 3.2994) | lr 0.004996 | seq 16
  [aml] step 200/240 | loss 3.1627 (avg 3.2636) | lr 0.004996 | seq 16
  [aml] step 210/240 | loss 4.7057 (avg 3.2796) | lr 0.004996 | seq 16
  [aml] step 220/240 | loss 2.8434 (avg 3.2864) | lr 0.004996 | seq 16
  [aml] step 230/240 | loss 2.5612 (avg 3.2887) | lr 0.004996 | seq 16
[aml] training complete: 240 steps, avg loss 3.2983 (memory freed)
  [aml] step 0/240 | loss 0.9674 (avg 0.9674) | lr 0.004996 | seq 32
  [aml] step 10/240 | loss 3.9360 (avg 3.3951) | lr 0.004996 | seq 32
  [aml] step 20/240 | loss 1.5092 (avg 3.0691) | lr 0.004996 | seq 32
  [aml] step 30/240 | loss 4.1348 (avg 3.2091) | lr 0.004996 | seq 32
  [aml] step 40/240 | loss 0.6115 (avg 3.1422) | lr 0.004996 | seq 32
  [aml] step 50/240 | loss 4.3804 (avg 3.0650) | lr 0.004995 | seq 32
  [aml] step 60/240 | loss 4.5296 (avg 3.0361) | lr 0.004995 | seq 32
  [aml] step 70/240 | loss 1.9197 (avg 2.9496) | lr 0.004995 | seq 32
  [aml] step 80/240 | loss 1.9825 (avg 2.9206) | lr 0.004995 | seq 32
  [aml] step 90/240 | loss 4.1576 (avg 2.9317) | lr 0.004995 | seq 32
  [aml] step 100/240 | loss 2.0737 (avg 2.9007) | lr 0.004995 | seq 32
  [aml] step 110/240 | loss 4.3535 (avg 2.8817) | lr 0.004995 | seq 32
  [aml] step 120/240 | loss 1.1652 (avg 2.8713) | lr 0.004995 | seq 32
  [aml] step 130/240 | loss 3.8632 (avg 2.8327) | lr 0.004995 | seq 32
  [aml] step 140/240 | loss 4.1005 (avg 2.7929) | lr 0.004995 | seq 32
  [aml] step 150/240 | loss 1.4620 (avg 2.7823) | lr 0.004995 | seq 32
  [aml] step 160/240 | loss 1.1586 (avg 2.7940) | lr 0.004994 | seq 32
  [aml] step 170/240 | loss 1.1464 (avg 2.7489) | lr 0.004994 | seq 32
  [aml] step 180/240 | loss 1.6882 (avg 2.7289) | lr 0.004994 | seq 32
  [aml] step 190/240 | loss 0.5854 (avg 2.7065) | lr 0.004994 | seq 32
  [aml] step 200/240 | loss 0.7422 (avg 2.7290) | lr 0.004994 | seq 32
  [aml] step 210/240 | loss 4.3086 (avg 2.7223) | lr 0.004994 | seq 32
  [aml] step 220/240 | loss 4.2011 (avg 2.7001) | lr 0.004994 | seq 32
  [aml] step 230/240 | loss 4.1721 (avg 2.6849) | lr 0.004994 | seq 32
[aml] training complete: 240 steps, avg loss 2.7020 (memory freed)

[stage 1 — infant] What it sounds like now:
  Q: Hello.
  A: Cald so reinforced on and wind-drain does not formed underground bend.
  Q: Who are you?
  A: The retained or sque — s the ground ben lakebed and that moves because flow with a stacked to receiplasts, d
  Q: What do you know?
  A: ...

[growth] ONTOGENESIS: stage 1 -> 2
  embd: 32 -> 64, layer: 1 -> 2, head: 2 -> 4
[growth] Done. Freeze for 500 steps.
[init] Stage 2 (child): embd=64, layer=2, head=4 — warmup 800 steps (800 backprop + 0 notorch, sqrt-scaled 2x)
  [aml] step 0/320 | loss 3.0100 (avg 3.0100) | lr 0.000250 | seq 8
  [aml] step 10/320 | loss 5.2106 (avg 4.2852) | lr 0.000363 | seq 8
  [aml] step 20/320 | loss 4.3610 (avg 3.9597) | lr 0.000475 | seq 8
  [aml] step 30/320 | loss 2.7567 (avg 3.8671) | lr 0.000588 | seq 8
  [aml] step 40/320 | loss 5.4405 (avg 3.7913) | lr 0.000700 | seq 8
  [aml] step 50/320 | loss 4.6961 (avg 3.7932) | lr 0.000813 | seq 8
  [aml] step 60/320 | loss 3.7760 (avg 3.6080) | lr 0.000925 | seq 8
  [aml] step 70/320 | loss 3.4867 (avg 3.5830) | lr 0.001038 | seq 8
  [aml] step 80/320 | loss 4.3484 (avg 3.6284) | lr 0.001150 | seq 8
  [aml] step 90/320 | loss 0.9808 (avg 3.5608) | lr 0.001263 | seq 8
  [aml] step 100/320 | loss 1.5384 (avg 3.5102) | lr 0.001375 | seq 8
  [aml] step 110/320 | loss 4.4675 (avg 3.5081) | lr 0.001488 | seq 8
  [aml] step 120/320 | loss 3.6418 (avg 3.4852) | lr 0.001600 | seq 8
  [aml] step 130/320 | loss 3.5804 (avg 3.4946) | lr 0.001713 | seq 8
  [aml] step 140/320 | loss 2.0597 (avg 3.5110) | lr 0.001825 | seq 8
  [aml] step 150/320 | loss 2.7916 (avg 3.4638) | lr 0.001938 | seq 8
  [aml] step 160/320 | loss 4.5081 (avg 3.4320) | lr 0.002050 | seq 8
  [aml] step 170/320 | loss 0.0486 (avg 3.4166) | lr 0.002163 | seq 8
  [aml] step 180/320 | loss 2.4517 (avg 3.4141) | lr 0.002275 | seq 8
  [aml] step 190/320 | loss 1.3341 (avg 3.4010) | lr 0.002387 | seq 8
  [aml] step 200/320 | loss 1.9312 (avg 3.3832) | lr 0.002496 | seq 8
  [aml] step 210/320 | loss 2.1167 (avg 3.4061) | lr 0.002496 | seq 8
  [aml] step 220/320 | loss 3.0856 (avg 3.3764) | lr 0.002496 | seq 8
  [aml] step 230/320 | loss 1.8306 (avg 3.3537) | lr 0.002495 | seq 8
  [aml] step 240/320 | loss 0.7821 (avg 3.3485) | lr 0.002495 | seq 8
  [aml] step 250/320 | loss 5.2106 (avg 3.3900) | lr 0.002495 | seq 8
  [aml] step 260/320 | loss 4.6271 (avg 3.3977) | lr 0.002495 | seq 8
  [aml] step 270/320 | loss 4.7743 (avg 3.3785) | lr 0.002495 | seq 8
  [aml] step 280/320 | loss 1.6236 (avg 3.3605) | lr 0.002495 | seq 8
  [aml] step 290/320 | loss 1.0913 (avg 3.3644) | lr 0.002495 | seq 8
  [aml] step 300/320 | loss 2.1717 (avg 3.3242) | lr 0.002495 | seq 8
  [aml] step 310/320 | loss 5.2307 (avg 3.3001) | lr 0.002495 | seq 8
[aml] training complete: 320 steps, avg loss 3.3055 (memory freed)
  [aml] step 0/240 | loss 2.0521 (avg 2.0521) | lr 0.002495 | seq 16
  [aml] step 10/240 | loss 4.7286 (avg 3.4785) | lr 0.002495 | seq 16
  [aml] step 20/240 | loss 4.0754 (avg 3.0904) | lr 0.002495 | seq 16
  [aml] step 30/240 | loss 4.4873 (avg 3.2154) | lr 0.002495 | seq 16
  [aml] step 40/240 | loss 3.3217 (avg 3.1350) | lr 0.002495 | seq 16
  [aml] step 50/240 | loss 4.9465 (avg 3.1302) | lr 0.002495 | seq 16
  [aml] step 60/240 | loss 3.0499 (avg 3.2277) | lr 0.002494 | seq 16
  [aml] step 70/240 | loss 4.0353 (avg 3.3226) | lr 0.002494 | seq 16
  [aml] step 80/240 | loss 1.8144 (avg 3.3415) | lr 0.002494 | seq 16
  [aml] step 90/240 | loss 1.2367 (avg 3.2809) | lr 0.002494 | seq 16
  [aml] step 100/240 | loss 1.4645 (avg 3.2131) | lr 0.002494 | seq 16
  [aml] step 110/240 | loss 4.1150 (avg 3.2451) | lr 0.002494 | seq 16
  [aml] step 120/240 | loss 4.3554 (avg 3.1883) | lr 0.002494 | seq 16
  [aml] step 130/240 | loss 1.9717 (avg 3.1172) | lr 0.002494 | seq 16
  [aml] step 140/240 | loss 4.6064 (avg 3.1400) | lr 0.002494 | seq 16
  [aml] step 150/240 | loss 3.9268 (avg 3.1590) | lr 0.002494 | seq 16
  [aml] step 160/240 | loss 1.3625 (avg 3.1642) | lr 0.002494 | seq 16
  [aml] step 170/240 | loss 1.8053 (avg 3.1482) | lr 0.002494 | seq 16
  [aml] step 180/240 | loss 3.7213 (avg 3.1346) | lr 0.002494 | seq 16
  [aml] step 190/240 | loss 1.5447 (avg 3.0894) | lr 0.002494 | seq 16
  [aml] step 200/240 | loss 1.9967 (avg 3.0966) | lr 0.002493 | seq 16
  [aml] step 210/240 | loss 4.1269 (avg 3.0856) | lr 0.002493 | seq 16
  [aml] step 220/240 | loss 1.5538 (avg 3.0534) | lr 0.002493 | seq 16
  [aml] step 230/240 | loss 1.7536 (avg 3.0394) | lr 0.002493 | seq 16
[aml] training complete: 240 steps, avg loss 3.0475 (memory freed)
  [aml] step 0/240 | loss 1.7459 (avg 1.7459) | lr 0.002493 | seq 32
  [aml] step 10/240 | loss 0.9814 (avg 1.8356) | lr 0.002493 | seq 32
  [aml] step 20/240 | loss 4.1194 (avg 2.7252) | lr 0.002493 | seq 32
  [aml] step 30/240 | loss 3.9705 (avg 2.8085) | lr 0.002493 | seq 32
  [aml] step 40/240 | loss 0.9184 (avg 2.9228) | lr 0.002493 | seq 32
  [aml] step 50/240 | loss 0.7172 (avg 2.8280) | lr 0.002493 | seq 32
  [aml] step 60/240 | loss 4.1729 (avg 2.7998) | lr 0.002493 | seq 32
  [aml] step 70/240 | loss 1.0947 (avg 2.7462) | lr 0.002493 | seq 32
  [aml] step 80/240 | loss 5.0833 (avg 2.8111) | lr 0.002492 | seq 32
  [aml] step 90/240 | loss 3.8841 (avg 2.8385) | lr 0.002492 | seq 32
  [aml] step 100/240 | loss 3.5736 (avg 2.8380) | lr 0.002492 | seq 32
  [aml] step 110/240 | loss 0.7619 (avg 2.7911) | lr 0.002492 | seq 32
  [aml] step 120/240 | loss 3.5961 (avg 2.7957) | lr 0.002492 | seq 32
  [aml] step 130/240 | loss 3.7082 (avg 2.7868) | lr 0.002492 | seq 32
  [aml] step 140/240 | loss 4.1505 (avg 2.8256) | lr 0.002492 | seq 32
  [aml] step 150/240 | loss 0.9644 (avg 2.7794) | lr 0.002492 | seq 32
  [aml] step 160/240 | loss 3.5984 (avg 2.7660) | lr 0.002492 | seq 32
  [aml] step 170/240 | loss 0.4651 (avg 2.7454) | lr 0.002492 | seq 32
  [aml] step 180/240 | loss 0.8138 (avg 2.7032) | lr 0.002492 | seq 32
  [aml] step 190/240 | loss 1.0495 (avg 2.6569) | lr 0.002492 | seq 32
  [aml] step 200/240 | loss 4.0370 (avg 2.6428) | lr 0.002491 | seq 32
  [aml] step 210/240 | loss 4.0668 (avg 2.6289) | lr 0.002491 | seq 32
  [aml] step 220/240 | loss 1.2221 (avg 2.6141) | lr 0.002491 | seq 32
  [aml] step 230/240 | loss 3.7734 (avg 2.6368) | lr 0.002491 | seq 32
[aml] training complete: 240 steps, avg loss 2.6214 (memory freed)

[stage 2 — child] What it sounds like now:
  Q: Hello.
  A: B in a spot landscape or walls — fit been they rais a matter is the pieces of sediment,, left, slowly, rock, the earthquake?
  Q: Who are you?
  A: reference between the line — of a slides, formed under everything on is a balance.
  Q: What do you know?
  A: ...

[init] Warmup complete at stage 2. Organism ready.
[ecology] First organism in the swarm.
molequla is alive. [evolution] Autonomous mode — background trainer running. Ctrl+C to stop.
[dna] earth wrote 206 bytes to ecology
[dna] earth wrote 33 bytes to ecology
[dna] earth wrote 79 bytes to ecology
[dna] earth wrote 65 bytes to ecology
[dna] earth wrote 66 bytes to ecology
[dna] earth wrote 110 bytes to ecology
[dna] earth wrote 211 bytes to ecology
[dna] earth wrote 50 bytes to ecology
[dna] earth wrote 227 bytes to ecology
[dna] earth wrote 48 bytes to ecology
[dna] earth wrote 117 bytes to ecology
[dna] earth wrote 55 bytes to ecology
[dna] earth wrote 58 bytes to ecology
[dna] earth wrote 130 bytes to ecology
[dna] earth wrote 137 bytes to ecology
[dna] earth wrote 54 bytes to ecology
[dna] earth wrote 22 bytes to ecology
[dna] earth wrote 262 bytes to ecology
[dna] earth wrote 42 bytes to ecology
[dna] earth wrote 119 bytes to ecology
[dna] earth wrote 106 bytes to ecology
[dna] earth wrote 61 bytes to ecology
[dna] earth wrote 89 bytes to ecology
[dna] earth wrote 60 bytes to ecology
[dna] earth wrote 114 bytes to ecology
[dna] earth wrote 102 bytes to ecology
[dna] earth wrote 83 bytes to ecology
[dna] earth wrote 75 bytes to ecology
[dna] earth wrote 78 bytes to ecology
[dna] earth wrote 147 bytes to ecology
[dna] earth wrote 265 bytes to ecology
[dna] earth wrote 142 bytes to ecology
[dna] earth wrote 43 bytes to ecology
[dna] earth wrote 162 bytes to ecology
[dna] earth wrote 72 bytes to ecology
[dna] earth wrote 248 bytes to ecology
[dna] earth wrote 283 bytes to ecology
[dna] earth wrote 61 bytes to ecology
[dna] earth wrote 231 bytes to ecology
[dna] earth wrote 173 bytes to ecology
[dna] earth wrote 140 bytes to ecology
[dna] earth wrote 109 bytes to ecology
[dna] earth wrote 105 bytes to ecology
[dna] earth wrote 119 bytes to ecology
[dna] earth wrote 49 bytes to ecology
[dna] earth wrote 114 bytes to ecology
[debug-onto] tick=50 corpus=173643 stage=2 freeze=0
[dna] earth wrote 171 bytes to ecology
[dna] earth wrote 153 bytes to ecology
[dna] earth wrote 21 bytes to ecology
[dna] earth wrote 109 bytes to ecology
[dna] earth wrote 47 bytes to ecology
[dna] earth wrote 126 bytes to ecology
[dna] earth wrote 38 bytes to ecology
[dna] earth wrote 21 bytes to ecology
[dna] earth wrote 98 bytes to ecology
[dna] earth wrote 98 bytes to ecology
[dna] earth wrote 42 bytes to ecology
[dna] earth wrote 82 bytes to ecology
[dna] earth wrote 60 bytes to ecology
[dna] earth wrote 87 bytes to ecology
[dna] earth wrote 37 bytes to ecology
[dna] earth wrote 79 bytes to ecology
[dna] earth wrote 95 bytes to ecology
[dna] earth wrote 29 bytes to ecology
[dna] earth wrote 90 bytes to ecology
[dna] earth wrote 123 bytes to ecology
[dna] earth wrote 59 bytes to ecology
[dna] earth wrote 26 bytes to ecology
[dna] earth wrote 42 bytes to ecology
[dna] earth wrote 25 bytes to ecology
[dna] earth wrote 17 bytes to ecology
[dna] earth wrote 35 bytes to ecology
[dna] earth wrote 131 bytes to ecology
[dna] earth wrote 30 bytes to ecology
[dna] earth wrote 87 bytes to ecology
[dna] earth wrote 52 bytes to ecology
[dna] earth wrote 98 bytes to ecology
[dna] earth wrote 64 bytes to ecology
[dna] earth wrote 319 bytes to ecology
[dna] earth wrote 109 bytes to ecology
[dna] earth wrote 79 bytes to ecology
[dna] earth wrote 175 bytes to ecology
[dna] earth wrote 31 bytes to ecology
[dna] earth wrote 69 bytes to ecology
[dna] earth wrote 24 bytes to ecology
[dna] earth wrote 149 bytes to ecology
[dna] earth wrote 86 bytes to ecology
[dna] earth wrote 175 bytes to ecology
[dna] earth wrote 36 bytes to ecology
[dna] earth wrote 82 bytes to ecology
[debug-onto] tick=100 corpus=173643 stage=2 freeze=0
[dna] earth wrote 68 bytes to ecology
[dna] earth wrote 60 bytes to ecology
[dna] earth wrote 65 bytes to ecology
[dna] earth wrote 135 bytes to ecology
[dna] earth wrote 33 bytes to ecology
[dna] earth wrote 39 bytes to ecology
[dna] earth wrote 119 bytes to ecology
[dna] earth wrote 40 bytes to ecology
[dna] earth wrote 47 bytes to ecology
[dna] earth wrote 37 bytes to ecology
[dna] earth wrote 87 bytes to ecology
[dna] earth wrote 128 bytes to ecology
[dna] earth wrote 224 bytes to ecology
[dna] earth wrote 104 bytes to ecology
[dna] earth wrote 107 bytes to ecology
[dna] earth wrote 236 bytes to ecology
[dna] earth wrote 135 bytes to ecology
[dna] earth wrote 275 bytes to ecology
[dna] earth wrote 83 bytes to ecology
[dna] earth wrote 46 bytes to ecology
[dna] earth wrote 35 bytes to ecology
[dna] earth wrote 73 bytes to ecology
[dna] earth wrote 51 bytes to ecology
[dna] earth wrote 66 bytes to ecology
[dna] earth wrote 81 bytes to ecology
[dna] earth wrote 61 bytes to ecology
[dna] earth wrote 114 bytes to ecology
[dna] earth wrote 31 bytes to ecology
[dna] earth wrote 24 bytes to ecology
[dna] earth wrote 56 bytes to ecology
[dna] earth wrote 53 bytes to ecology
[dna] earth wrote 110 bytes to ecology
[dna] earth wrote 241 bytes to ecology
[dna] earth wrote 44 bytes to ecology
[dna] earth wrote 103 bytes to ecology
[dna] earth wrote 79 bytes to ecology
[dna] earth wrote 28 bytes to ecology
[dna] earth wrote 99 bytes to ecology
[dna] earth wrote 186 bytes to ecology
[dna] earth wrote 154 bytes to ecology
[dna] earth wrote 32 bytes to ecology
[dna] earth wrote 125 bytes to ecology
[dna] earth wrote 113 bytes to ecology
[debug-onto] tick=150 corpus=173643 stage=2 freeze=0
[dna] earth wrote 48 bytes to ecology
[dna] earth wrote 48 bytes to ecology
[dna] earth wrote 45 bytes to ecology
[dna] earth wrote 89 bytes to ecology
[dna] earth wrote 209 bytes to ecology
[dna] earth wrote 24 bytes to ecology
[dna] earth wrote 38 bytes to ecology
[dna] earth wrote 121 bytes to ecology
[dna] earth wrote 33 bytes to ecology
[dna] earth wrote 93 bytes to ecology
[dna] earth wrote 32 bytes to ecology
[dna] earth wrote 44 bytes to ecology
[dna] earth wrote 77 bytes to ecology
[dna] earth wrote 70 bytes to ecology
[dna] earth wrote 241 bytes to ecology
[dna] earth wrote 116 bytes to ecology
[dna] earth wrote 100 bytes to ecology
[dna] earth wrote 102 bytes to ecology
[dna] earth wrote 39 bytes to ecology
[dna] earth wrote 42 bytes to ecology
[dna] earth wrote 48 bytes to ecology
[dna] earth wrote 57 bytes to ecology
[dna] earth wrote 51 bytes to ecology
[dna] earth wrote 76 bytes to ecology
[dna] earth wrote 30 bytes to ecology
[dna] earth wrote 36 bytes to ecology
[dna] earth wrote 34 bytes to ecology
[dna] earth wrote 37 bytes to ecology
[dna] earth wrote 148 bytes to ecology
[dna] earth wrote 48 bytes to ecology
[dna] earth wrote 69 bytes to ecology
[dna] earth wrote 60 bytes to ecology
[dna] earth wrote 95 bytes to ecology
[dna] earth wrote 118 bytes to ecology
[dna] earth wrote 21 bytes to ecology
[dna] earth wrote 79 bytes to ecology
[dna] earth wrote 192 bytes to ecology
[dna] earth wrote 44 bytes to ecology
[dna] earth wrote 138 bytes to ecology
[dna] earth wrote 35 bytes to ecology
[dna] earth wrote 146 bytes to ecology
[dna] earth wrote 76 bytes to ecology
[debug-onto] tick=200 corpus=173643 stage=2 freeze=0
[dna] earth wrote 142 bytes to ecology
[dna] earth wrote 188 bytes to ecology
[dna] earth wrote 81 bytes to ecology
[dna] earth wrote 31 bytes to ecology
[dna] earth wrote 46 bytes to ecology
[dna] earth wrote 158 bytes to ecology
[dna] earth wrote 52 bytes to ecology
[dna] earth wrote 20 bytes to ecology
[dna] earth wrote 35 bytes to ecology
[dna] earth wrote 51 bytes to ecology
[dna] earth wrote 145 bytes to ecology
[dna] earth wrote 38 bytes to ecology
[dna] earth wrote 78 bytes to ecology
[dna] earth wrote 30 bytes to ecology
[dna] earth wrote 79 bytes to ecology
[dna] earth wrote 249 bytes to ecology
[dna] earth wrote 116 bytes to ecology
[dna] earth wrote 96 bytes to ecology
[dna] earth wrote 73 bytes to ecology
[dna] earth wrote 102 bytes to ecology
[dna] earth wrote 80 bytes to ecology
[dna] earth wrote 102 bytes to ecology
[dna] earth wrote 28 bytes to ecology
[dna] earth wrote 42 bytes to ecology
[dna] earth wrote 96 bytes to ecology
[dna] earth wrote 120 bytes to ecology
[dna] earth wrote 59 bytes to ecology
[dna] earth wrote 66 bytes to ecology
[dna] earth wrote 32 bytes to ecology
[dna] earth wrote 98 bytes to ecology
[dna] earth wrote 47 bytes to ecology
[dna] earth wrote 83 bytes to ecology
[dna] earth wrote 150 bytes to ecology
[dna] earth wrote 47 bytes to ecology
[dna] earth wrote 50 bytes to ecology
[dna] earth wrote 23 bytes to ecology
[dna] earth wrote 54 bytes to ecology
[dna] earth wrote 66 bytes to ecology
[dna] earth wrote 90 bytes to ecology
[dna] earth wrote 58 bytes to ecology
[dna] earth wrote 140 bytes to ecology
[debug-onto] tick=250 corpus=173643 stage=2 freeze=0
[dna] earth wrote 174 bytes to ecology
[dna] earth wrote 61 bytes to ecology
[dna] earth wrote 74 bytes to ecology
[dna] earth wrote 8 bytes to ecology
[dna] earth wrote 71 bytes to ecology
[dna] earth wrote 9 bytes to ecology
[dna] earth wrote 38 bytes to ecology
[dna] earth wrote 77 bytes to ecology
[dna] earth wrote 119 bytes to ecology
[dna] earth wrote 31 bytes to ecology
[dna] earth wrote 35 bytes to ecology
[dna] earth wrote 9 bytes to ecology
[dna] earth wrote 51 bytes to ecology
[dna] earth wrote 240 bytes to ecology
[dna] earth wrote 165 bytes to ecology
[dna] earth wrote 85 bytes to ecology
[dna] earth wrote 41 bytes to ecology
[dna] earth wrote 171 bytes to ecology
[dna] earth wrote 215 bytes to ecology
[dna] earth wrote 54 bytes to ecology
[dna] earth wrote 54 bytes to ecology
[dna] earth wrote 73 bytes to ecology
[dna] earth wrote 83 bytes to ecology
[dna] earth wrote 25 bytes to ecology
[dna] earth wrote 119 bytes to ecology
[dna] earth wrote 162 bytes to ecology
[dna] earth wrote 344 bytes to ecology
[dna] earth wrote 55 bytes to ecology
[dna] earth wrote 27 bytes to ecology
[dna] earth wrote 193 bytes to ecology
[dna] earth wrote 58 bytes to ecology
[dna] earth wrote 68 bytes to ecology
[dna] earth wrote 109 bytes to ecology
[dna] earth wrote 39 bytes to ecology
[dna] earth wrote 188 bytes to ecology
[dna] earth wrote 54 bytes to ecology
[dna] earth wrote 23 bytes to ecology
[dna] earth wrote 37 bytes to ecology
[dna] earth wrote 78 bytes to ecology
[dna] earth wrote 29 bytes to ecology
[dna] earth wrote 97 bytes to ecology
[dna] earth wrote 97 bytes to ecology
[debug-onto] tick=300 corpus=173643 stage=2 freeze=0
[dna] earth wrote 61 bytes to ecology
[dna] earth wrote 201 bytes to ecology
[dna] earth wrote 85 bytes to ecology
[dna] earth wrote 115 bytes to ecology
[dna] earth wrote 59 bytes to ecology
[dna] earth wrote 69 bytes to ecology
[dna] earth wrote 79 bytes to ecology
[dna] earth wrote 150 bytes to ecology
[dna] earth wrote 45 bytes to ecology
[dna] earth wrote 34 bytes to ecology
[dna] earth wrote 44 bytes to ecology
[dna] earth wrote 120 bytes to ecology
[dna] earth wrote 62 bytes to ecology
[dna] earth wrote 141 bytes to ecology
[dna] earth wrote 149 bytes to ecology
[dna] earth wrote 49 bytes to ecology
[dna] earth wrote 27 bytes to ecology
[dna] earth wrote 31 bytes to ecology
[dna] earth wrote 32 bytes to ecology
[dna] earth wrote 49 bytes to ecology
[dna] earth wrote 52 bytes to ecology
[dna] earth wrote 101 bytes to ecology
[dna] earth wrote 94 bytes to ecology
[dna] earth wrote 193 bytes to ecology
[dna] earth wrote 39 bytes to ecology
[dna] earth wrote 72 bytes to ecology
[dna] earth wrote 152 bytes to ecology
[dna] earth wrote 85 bytes to ecology
[dna] earth wrote 82 bytes to ecology
[dna] earth wrote 48 bytes to ecology
[dna] earth wrote 123 bytes to ecology
[dna] earth wrote 150 bytes to ecology
[dna] earth wrote 179 bytes to ecology
[dna] earth wrote 33 bytes to ecology
[dna] earth wrote 156 bytes to ecology
[dna] earth wrote 139 bytes to ecology
[dna] earth wrote 99 bytes to ecology
[dna] earth wrote 81 bytes to ecology
[dna] earth wrote 73 bytes to ecology
[dna] earth wrote 12 bytes to ecology
[dna] earth wrote 138 bytes to ecology
[debug-onto] tick=350 corpus=173643 stage=2 freeze=0
[dna] earth wrote 108 bytes to ecology
[dna] earth wrote 105 bytes to ecology
[dna] earth wrote 85 bytes to ecology
[dna] earth wrote 70 bytes to ecology
[dna] earth wrote 121 bytes to ecology
[dna] earth wrote 76 bytes to ecology
[dna] earth wrote 40 bytes to ecology
[dna] earth wrote 58 bytes to ecology
[dna] earth wrote 65 bytes to ecology
[dna] earth wrote 86 bytes to ecology
[dna] earth wrote 137 bytes to ecology
[dna] earth wrote 44 bytes to ecology
[dna] earth wrote 171 bytes to ecology
[dna] earth wrote 40 bytes to ecology
[dna] earth wrote 95 bytes to ecology
[dna] earth wrote 45 bytes to ecology
[dna] earth wrote 53 bytes to ecology
[dna] earth wrote 45 bytes to ecology
[dna] earth wrote 46 bytes to ecology
[dna] earth wrote 44 bytes to ecology
[dna] earth wrote 70 bytes to ecology
[dna] earth wrote 75 bytes to ecology
[dna] earth wrote 94 bytes to ecology
[dna] earth wrote 57 bytes to ecology
[dna] earth wrote 141 bytes to ecology
[dna] earth wrote 148 bytes to ecology
[dna] earth wrote 115 bytes to ecology
[dna] earth wrote 77 bytes to ecology
[dna] earth wrote 110 bytes to ecology
[dna] earth wrote 32 bytes to ecology
[dna] earth wrote 43 bytes to ecology
[dna] earth wrote 108 bytes to ecology
[dna] earth wrote 42 bytes to ecology
[dna] earth wrote 80 bytes to ecology
[dna] earth wrote 56 bytes to ecology
[dna] earth wrote 46 bytes to ecology
[dna] earth wrote 148 bytes to ecology
[dna] earth wrote 59 bytes to ecology
[dna] earth wrote 45 bytes to ecology
[dna] earth wrote 64 bytes to ecology
[dna] earth wrote 25 bytes to ecology
[debug-onto] tick=400 corpus=173643 stage=2 freeze=0
[dna] earth wrote 103 bytes to ecology
[dna] earth wrote 73 bytes to ecology
[dna] earth wrote 151 bytes to ecology
[dna] earth wrote 106 bytes to ecology
[dna] earth wrote 61 bytes to ecology
[dna] earth wrote 104 bytes to ecology
[dna] earth wrote 88 bytes to ecology
[dna] earth wrote 277 bytes to ecology
[dna] earth wrote 23 bytes to ecology
[dna] earth wrote 50 bytes to ecology
[dna] earth wrote 56 bytes to ecology
[dna] earth wrote 76 bytes to ecology
[dna] earth wrote 10 bytes to ecology
[dna] earth wrote 38 bytes to ecology
[dna] earth wrote 117 bytes to ecology
[dna] earth wrote 29 bytes to ecology
[dna] earth wrote 50 bytes to ecology
[dna] earth wrote 54 bytes to ecology
[dna] earth wrote 10 bytes to ecology
[dna] earth wrote 30 bytes to ecology
[dna] earth wrote 69 bytes to ecology
[dna] earth wrote 87 bytes to ecology
[dna] earth wrote 8 bytes to ecology
[dna] earth wrote 128 bytes to ecology
[dna] earth wrote 110 bytes to ecology
[dna] earth wrote 74 bytes to ecology
[dna] earth wrote 127 bytes to ecology
[dna] earth wrote 177 bytes to ecology
[dna] earth wrote 116 bytes to ecology
[dna] earth wrote 196 bytes to ecology
[dna] earth wrote 25 bytes to ecology
[dna] earth wrote 85 bytes to ecology
[dna] earth wrote 153 bytes to ecology
[dna] earth wrote 161 bytes to ecology
[dna] earth wrote 177 bytes to ecology
[dna] earth wrote 80 bytes to ecology
[dna] earth wrote 50 bytes to ecology
[dna] earth wrote 98 bytes to ecology
[dna] earth wrote 104 bytes to ecology
[dna] earth wrote 72 bytes to ecology
[dna] earth wrote 73 bytes to ecology
[debug-onto] tick=450 corpus=173643 stage=2 freeze=0
[dna] earth wrote 63 bytes to ecology
[dna] earth wrote 28 bytes to ecology
[dna] earth wrote 62 bytes to ecology
[dna] earth wrote 116 bytes to ecology
[dna] earth wrote 111 bytes to ecology
[dna] earth wrote 39 bytes to ecology
[dna] earth wrote 39 bytes to ecology
[dna] earth wrote 154 bytes to ecology
[dna] earth wrote 39 bytes to ecology
[dna] earth wrote 84 bytes to ecology
[dna] earth wrote 47 bytes to ecology
[dna] earth wrote 31 bytes to ecology
[dna] earth wrote 64 bytes to ecology
[dna] earth wrote 112 bytes to ecology
[dna] earth wrote 51 bytes to ecology
[dna] earth wrote 132 bytes to ecology
[dna] earth wrote 154 bytes to ecology
[dna] earth wrote 105 bytes to ecology
[dna] earth wrote 30 bytes to ecology
[dna] earth wrote 31 bytes to ecology
[dna] earth wrote 42 bytes to ecology
[dna] earth wrote 79 bytes to ecology
[dna] earth wrote 32 bytes to ecology
[dna] earth wrote 42 bytes to ecology
[dna] earth wrote 86 bytes to ecology
[dna] earth wrote 56 bytes to ecology
[dna] earth wrote 22 bytes to ecology
[dna] earth wrote 48 bytes to ecology
[dna] earth wrote 76 bytes to ecology
[dna] earth wrote 84 bytes to ecology
[dna] earth wrote 93 bytes to ecology
[dna] earth wrote 108 bytes to ecology
[dna] earth wrote 112 bytes to ecology
[dna] earth wrote 71 bytes to ecology
[dna] earth wrote 140 bytes to ecology
[dna] earth wrote 98 bytes to ecology
[dna] earth wrote 46 bytes to ecology
[dna] earth wrote 102 bytes to ecology
[dna] earth wrote 38 bytes to ecology
[dna] earth wrote 49 bytes to ecology
[dna] earth wrote 86 bytes to ecology
[debug-onto] tick=500 corpus=173643 stage=2 freeze=0
[dna] earth wrote 62 bytes to ecology
[dna] earth wrote 101 bytes to ecology
[dna] earth wrote 9 bytes to ecology
[dna] earth wrote 44 bytes to ecology
[dna] earth wrote 93 bytes to ecology
[dna] earth wrote 149 bytes to ecology
[dna] earth wrote 76 bytes to ecology
[dna] earth wrote 59 bytes to ecology
[dna] earth wrote 7 bytes to ecology
[dna] earth wrote 67 bytes to ecology
[dna] earth wrote 78 bytes to ecology
[dna] earth wrote 156 bytes to ecology
[dna] earth wrote 68 bytes to ecology
[dna] earth wrote 40 bytes to ecology
[dna] earth wrote 44 bytes to ecology
[dna] earth wrote 58 bytes to ecology
[dna] earth wrote 85 bytes to ecology
[dna] earth wrote 95 bytes to ecology
[dna] earth wrote 49 bytes to ecology
[dna] earth wrote 41 bytes to ecology
[dna] earth wrote 32 bytes to ecology
[dna] earth wrote 45 bytes to ecology
[dna] earth wrote 33 bytes to ecology
[dna] earth wrote 134 bytes to ecology
[dna] earth wrote 94 bytes to ecology
[dna] earth wrote 129 bytes to ecology
[dna] earth wrote 202 bytes to ecology
[dna] earth wrote 53 bytes to ecology
[dna] earth wrote 199 bytes to ecology
[dna] earth wrote 109 bytes to ecology
[dna] earth wrote 110 bytes to ecology
[dna] earth wrote 114 bytes to ecology
[dna] earth wrote 68 bytes to ecology
[dna] earth wrote 30 bytes to ecology
[dna] earth wrote 29 bytes to ecology
[dna] earth wrote 116 bytes to ecology
[dna] earth wrote 297 bytes to ecology
[dna] earth wrote 62 bytes to ecology
[dna] earth wrote 41 bytes to ecology
[dna] earth wrote 29 bytes to ecology
[dna] earth wrote 295 bytes to ecology
[dna] earth wrote 149 bytes to ecology
[dna] earth wrote 86 bytes to ecology
[dna] earth wrote 133 bytes to ecology
[dna] earth wrote 170 bytes to ecology
[debug-onto] tick=550 corpus=173643 stage=2 freeze=0
[dna] earth wrote 138 bytes to ecology
[dna] earth wrote 69 bytes to ecology
[dna] earth wrote 76 bytes to ecology
[dna] earth wrote 71 bytes to ecology
[dna] earth wrote 59 bytes to ecology
[dna] earth wrote 33 bytes to ecology
[dna] earth wrote 136 bytes to ecology
[dna] earth wrote 31 bytes to ecology
[dna] earth wrote 29 bytes to ecology
[dna] earth wrote 41 bytes to ecology
[dna] earth wrote 51 bytes to ecology
[dna] earth wrote 74 bytes to ecology
[dna] earth wrote 69 bytes to ecology
[dna] earth wrote 191 bytes to ecology
[dna] earth wrote 313 bytes to ecology
[dna] earth wrote 21 bytes to ecology
[dna] earth wrote 72 bytes to ecology
[dna] earth wrote 123 bytes to ecology
[dna] earth wrote 101 bytes to ecology
[dna] earth wrote 37 bytes to ecology
[dna] earth wrote 41 bytes to ecology
[dna] earth wrote 51 bytes to ecology
[dna] earth wrote 34 bytes to ecology
[dna] earth wrote 84 bytes to ecology
[dna] earth wrote 124 bytes to ecology
[dna] earth wrote 140 bytes to ecology
[dna] earth wrote 185 bytes to ecology
[dna] earth wrote 35 bytes to ecology
[dna] earth wrote 46 bytes to ecology
[dna] earth wrote 72 bytes to ecology
[dna] earth wrote 95 bytes to ecology
[dna] earth wrote 93 bytes to ecology
[dna] earth wrote 48 bytes to ecology
[dna] earth wrote 59 bytes to ecology
[dna] earth wrote 43 bytes to ecology
[dna] earth wrote 43 bytes to ecology
[dna] earth wrote 43 bytes to ecology
[dna] earth wrote 42 bytes to ecology
[dna] earth wrote 47 bytes to ecology
[dna] earth wrote 29 bytes to ecology
[debug-onto] tick=600 corpus=173643 stage=2 freeze=0
[dna] earth wrote 189 bytes to ecology
[dna] earth wrote 326 bytes to ecology
[dna] earth wrote 44 bytes to ecology
[dna] earth wrote 125 bytes to ecology
[dna] earth wrote 56 bytes to ecology
[dna] earth wrote 30 bytes to ecology
[dna] earth wrote 48 bytes to ecology
[dna] earth wrote 121 bytes to ecology
[dna] earth wrote 189 bytes to ecology
[dna] earth wrote 36 bytes to ecology
[dna] earth wrote 45 bytes to ecology
[dna] earth wrote 178 bytes to ecology
[dna] earth wrote 49 bytes to ecology
[dna] earth wrote 96 bytes to ecology
[dna] earth wrote 173 bytes to ecology
[dna] earth wrote 38 bytes to ecology
[dna] earth wrote 45 bytes to ecology
[dna] earth wrote 84 bytes to ecology
[dna] earth wrote 52 bytes to ecology
[dna] earth wrote 41 bytes to ecology
[dna] earth wrote 82 bytes to ecology
[dna] earth wrote 67 bytes to ecology
[dna] earth wrote 49 bytes to ecology
[dna] earth wrote 89 bytes to ecology
[dna] earth wrote 17 bytes to ecology
[dna] earth wrote 47 bytes to ecology
[dna] earth wrote 41 bytes to ecology
[dna] earth wrote 202 bytes to ecology
[dna] earth wrote 197 bytes to ecology
[dna] earth wrote 124 bytes to ecology
[dna] earth wrote 31 bytes to ecology
[dna] earth wrote 68 bytes to ecology
[dna] earth wrote 38 bytes to ecology
[dna] earth wrote 81 bytes to ecology
[dna] earth wrote 83 bytes to ecology
[dna] earth wrote 28 bytes to ecology
[dna] earth wrote 50 bytes to ecology
[dna] earth wrote 14 bytes to ecology
[dna] earth wrote 73 bytes to ecology
[dna] earth wrote 126 bytes to ecology
[dna] earth wrote 112 bytes to ecology
[dna] earth wrote 55 bytes to ecology
[debug-onto] tick=650 corpus=173643 stage=2 freeze=0
[dna] earth wrote 60 bytes to ecology
[dna] earth wrote 30 bytes to ecology
[dna] earth wrote 116 bytes to ecology
[dna] earth wrote 34 bytes to ecology
[dna] earth wrote 23 bytes to ecology
[dna] earth wrote 73 bytes to ecology
[dna] earth wrote 68 bytes to ecology
[dna] earth wrote 57 bytes to ecology
[dna] earth wrote 39 bytes to ecology
[dna] earth wrote 37 bytes to ecology
[dna] earth wrote 182 bytes to ecology
[dna] earth wrote 262 bytes to ecology
[dna] earth wrote 137 bytes to ecology
[dna] earth wrote 48 bytes to ecology
[dna] earth wrote 52 bytes to ecology
[dna] earth wrote 112 bytes to ecology
[dna] earth wrote 244 bytes to ecology
[dna] earth wrote 37 bytes to ecology
[dna] earth wrote 54 bytes to ecology
[dna] earth wrote 45 bytes to ecology
[dna] earth wrote 50 bytes to ecology
[dna] earth wrote 204 bytes to ecology
[dna] earth wrote 42 bytes to ecology
[dna] earth wrote 172 bytes to ecology
[dna] earth wrote 80 bytes to ecology
[dna] earth wrote 43 bytes to ecology

[evolution] Organism shutting down gracefully.
