[ecology] Element: fire → corpus: nonames_fire.txt
[evolution] Autonomous evolution mode — organism will grow through all stages without pause.
[ecology] Joined swarm. 1 peer(s) detected.
molequla is alive. [evolution] Autonomous mode — background trainer running. Ctrl+C to stop.
[dna] fire wrote 29 bytes to ecology
[dna] fire consumed 15664 bytes from 290 files: [water/gen_1778744866_1.txt water/gen_1778744877_2.txt water/gen_1778744880_3.txt water/gen_1778744882_4.txt water/gen_1778744891_7.txt water/gen_1778744899_10.txt water/gen_1778744907_13.txt water/gen_1778744910_14.txt water/gen_1778744913_15.txt water/gen_1778744916_16.txt water/gen_1778744924_19.txt water/gen_1778744927_20.txt water/gen_1778744932_22.txt water/gen_1778744941_25.txt water/gen_1778744949_28.txt water/gen_1778744957_31.txt water/gen_1778744963_33.txt water/gen_1778744966_34.txt water/gen_1778744974_37.txt water/gen_1778744977_38.txt water/gen_1778744982_40.txt water/gen_1778744991_43.txt water/gen_1778744996_45.txt water/gen_1778744999_46.txt water/gen_1778745007_49.txt water/gen_1778745010_50.txt water/gen_1778745016_52.txt water/gen_1778745024_55.txt water/gen_1778745044_62.txt water/gen_1778745046_63.txt water/gen_1778745049_64.txt water/gen_1778745058_67.txt water/gen_1778745066_70.txt water/gen_1778745074_73.txt water/gen_1778745083_76.txt water/gen_1778745091_79.txt water/gen_1778745099_82.txt water/gen_1778745107_85.txt water/gen_1778745110_86.txt water/gen_1778745113_87.txt water/gen_1778745116_88.txt water/gen_1778745124_91.txt water/gen_1778745130_93.txt water/gen_1778745133_94.txt water/gen_1778745141_97.txt water/gen_1778745144_98.txt water/gen_1778745146_99.txt water/gen_1778745149_100.txt water/gen_1778745158_103.txt water/gen_1778745163_105.txt water/gen_1778745166_106.txt water/gen_1778745174_109.txt water/gen_1778745177_110.txt water/gen_1778745183_112.txt water/gen_1778745191_115.txt water/gen_1778745194_116.txt water/gen_1778745199_118.txt water/gen_1778745208_121.txt water/gen_1778745213_123.txt water/gen_1778745216_124.txt water/gen_1778745224_127.txt water/gen_1778745227_128.txt water/gen_1778745233_130.txt water/gen_1778745241_133.txt water/gen_1778745244_134.txt water/gen_1778745247_135.txt water/gen_1778745250_136.txt water/gen_1778745258_139.txt water/gen_1778745261_140.txt water/gen_1778745266_142.txt water/gen_1778745275_145.txt water/gen_1778745280_147.txt water/gen_1778745283_148.txt water/gen_1778745291_151.txt water/gen_1778745294_152.txt water/gen_1778745299_154.txt water/gen_1778745308_157.txt water/gen_1778745311_158.txt water/gen_1778745316_160.txt water/gen_1778745324_163.txt water/gen_1778745327_164.txt water/gen_1778745333_166.txt water/gen_1778745341_169.txt water/gen_1778745349_172.txt water/gen_1778745358_175.txt water/gen_1778745366_178.txt water/gen_1778745374_181.txt water/gen_1778745383_184.txt water/gen_1778745391_187.txt water/gen_1778745399_190.txt water/gen_1778745407_193.txt water/gen_1778745413_195.txt water/gen_1778745416_196.txt water/gen_1778745424_199.txt water/gen_1778745433_202.txt water/gen_1778745441_205.txt water/gen_1778745447_207.txt water/gen_1778745449_208.txt water/gen_1778745458_211.txt water/gen_1778745460_212.txt water/gen_1778745466_214.txt water/gen_1778745474_217.txt water/gen_1778745477_218.txt water/gen_1778745480_219.txt water/gen_1778745483_220.txt water/gen_1778745491_223.txt water/gen_1778745499_226.txt water/gen_1778745508_229.txt water/gen_1778745516_232.txt water/gen_1778745524_235.txt water/gen_1778745530_237.txt water/gen_1778745533_238.txt water/gen_1778745541_241.txt water/gen_1778745544_242.txt water/gen_1778745549_244.txt water/gen_1778745558_247.txt water/gen_1778745566_250.txt water/gen_1778745574_253.txt water/gen_1778745583_256.txt water/gen_1778745591_259.txt water/gen_1778745594_260.txt water/gen_1778745599_262.txt water/gen_1778745608_265.txt water/gen_1778745616_268.txt water/gen_1778745625_271.txt water/gen_1778745627_272.txt water/gen_1778745630_273.txt water/gen_1778745633_274.txt water/gen_1778745641_277.txt water/gen_1778745644_278.txt water/gen_1778745647_279.txt water/gen_1778745650_280.txt water/gen_1778745658_283.txt water/gen_1778745661_284.txt water/gen_1778745666_286.txt water/gen_1778745675_289.txt water/gen_1778745683_292.txt water/gen_1778745692_295.txt water/gen_1778745694_296.txt water/gen_1778745700_298.txt water/gen_1778745708_301.txt water/gen_1778745717_304.txt water/gen_1778745725_307.txt water/gen_1778745728_308.txt water/gen_1778745734_310.txt water/gen_1778745742_313.txt water/gen_1778745748_315.txt water/gen_1778745751_316.txt water/gen_1778745759_319.txt water/gen_1778745762_320.txt water/gen_1778745765_321.txt water/gen_1778745768_322.txt water/gen_1778745776_325.txt water/gen_1778745785_328.txt water/gen_1778745793_331.txt water/gen_1778745802_334.txt water/gen_1778745811_337.txt water/gen_1778745819_340.txt water/gen_1778745828_343.txt water/gen_1778745831_344.txt water/gen_1778745837_346.txt water/gen_1778745846_349.txt water/gen_1778745849_350.txt water/gen_1778745855_352.txt water/gen_1778745873_358.txt water/gen_1778745882_361.txt water/gen_1778745885_362.txt water/gen_1778745891_364.txt water/gen_1778745899_367.txt water/gen_1778745908_370.txt water/gen_1778745917_373.txt water/gen_1778745919_374.txt water/gen_1778745922_375.txt water/gen_1778745925_376.txt water/gen_1778745934_379.txt water/gen_1778745942_382.txt water/gen_1778745951_385.txt water/gen_1778745960_388.txt water/gen_1778745968_391.txt water/gen_1778745977_394.txt water/gen_1778745985_397.txt water/gen_1778745988_398.txt water/gen_1778745994_400.txt water/gen_1778746002_403.txt water/gen_1778746011_406.txt water/gen_1778746019_409.txt water/gen_1778746028_412.txt water/gen_1778746036_415.txt water/gen_1778746042_417.txt water/gen_1778746045_418.txt water/gen_1778746053_421.txt water/gen_1778746058_423.txt water/gen_1778746061_424.txt water/gen_1778746070_427.txt water/gen_1778746078_430.txt water/gen_1778746086_433.txt water/gen_1778746089_434.txt water/gen_1778746092_435.txt water/gen_1778746095_436.txt water/gen_1778746103_439.txt water/gen_1778746109_441.txt water/gen_1778746111_442.txt water/gen_1778746120_445.txt water/gen_1778746123_446.txt water/gen_1778746128_448.txt water/gen_1778746137_451.txt water/gen_1778746139_452.txt water/gen_1778746145_454.txt water/gen_1778746153_457.txt water/gen_1778746162_460.txt water/gen_1778746170_463.txt water/gen_1778746173_464.txt water/gen_1778746178_466.txt water/gen_1778746187_469.txt water/gen_1778746190_470.txt water/gen_1778746195_472.txt water/gen_1778746204_475.txt water/gen_1778746206_476.txt water/gen_1778746212_478.txt water/gen_1778746220_481.txt water/gen_1778746223_482.txt water/gen_1778746226_483.txt water/gen_1778746229_484.txt water/gen_1778746237_487.txt water/gen_1778746245_490.txt water/gen_1778746254_493.txt water/gen_1778746257_494.txt water/gen_1778746262_496.txt water/gen_1778746270_499.txt water/gen_1778746273_500.txt water/gen_1778746276_501.txt water/gen_1778746279_502.txt water/gen_1778746287_505.txt water/gen_1778746290_506.txt water/gen_1778746296_508.txt water/gen_1778746304_511.txt water/gen_1778746312_514.txt water/gen_1778746321_517.txt water/gen_1778746323_518.txt water/gen_1778746326_519.txt water/gen_1778746329_520.txt water/gen_1778746337_523.txt water/gen_1778746346_526.txt water/gen_1778746354_529.txt water/gen_1778746362_532.txt water/gen_1778746371_535.txt water/gen_1778746379_538.txt water/gen_1778746388_541.txt water/gen_1778746396_544.txt water/gen_1778746404_547.txt water/gen_1778746413_550.txt water/gen_1778746421_553.txt water/gen_1778746429_556.txt water/gen_1778746438_559.txt water/gen_1778746441_560.txt water/gen_1778746446_562.txt water/gen_1778746454_565.txt water/gen_1778746463_568.txt water/gen_1778746472_571.txt water/gen_1778746480_574.txt water/gen_1778746489_577.txt water/gen_1778746492_578.txt water/gen_1778746498_580.txt water/gen_1778746508_583.txt water/gen_1778746511_584.txt water/gen_1778746514_585.txt water/gen_1778746517_586.txt water/gen_1778746526_589.txt water/gen_1778746529_590.txt water/gen_1778746532_591.txt water/gen_1778746535_592.txt water/gen_1778746543_595.txt water/gen_1778746552_598.txt water/gen_1778746560_601.txt water/gen_1778746569_604.txt water/gen_1778746578_607.txt water/gen_1778746581_608.txt water/gen_1778746584_609.txt water/gen_1778746587_610.txt water/gen_1778746595_613.txt water/gen_1778746603_616.txt water/gen_1778746612_619.txt water/gen_1778746615_620.txt water/gen_1778746617_621.txt water/gen_1778746620_622.txt water/gen_1778746629_625.txt water/gen_1778746637_628.txt water/gen_1778746646_631.txt water/gen_1778746651_633.txt water/gen_1778746654_634.txt]
[trainer] micro-train burst (15664 bytes, novelty 0.04) — and lo, it feeds again.
[syntropy] action=explore | trend=0.0000 | field_dev=0.052 | purpose_align=-0.080 | lr_mul=1.30
[aml] burst complete: 32 steps, avg loss 1.7166 (memory freed)
[dna] fire wrote 70 bytes to ecology
[dna] fire wrote 24 bytes to ecology
[dna] fire wrote 167 bytes to ecology
[dna] fire wrote 44 bytes to ecology
[dna] fire wrote 72 bytes to ecology
[dna] fire wrote 92 bytes to ecology
[dna] fire wrote 31 bytes to ecology
[dna] fire wrote 24 bytes to ecology
[dna] fire wrote 34 bytes to ecology
[dna] fire wrote 21 bytes to ecology
[dna] fire wrote 49 bytes to ecology
[dna] fire wrote 21 bytes to ecology
[dna] fire wrote 20 bytes to ecology
[dna] fire wrote 52 bytes to ecology
[dna] fire wrote 25 bytes to ecology
[dna] fire wrote 88 bytes to ecology
[dna] fire wrote 95 bytes to ecology
[dna] fire wrote 49 bytes to ecology
[dna] fire wrote 29 bytes to ecology
[dna] fire wrote 71 bytes to ecology
[dna] fire wrote 49 bytes to ecology
[dna] fire wrote 159 bytes to ecology
[dna] fire wrote 13 bytes to ecology
[dna] fire wrote 79 bytes to ecology
[dna] fire wrote 101 bytes to ecology
[dna] fire wrote 44 bytes to ecology
[dna] fire wrote 88 bytes to ecology
[dna] fire wrote 27 bytes to ecology
[dna] fire wrote 31 bytes to ecology
[dna] fire wrote 49 bytes to ecology
[dna] fire wrote 26 bytes to ecology
[debug-onto] tick=50 corpus=137854 stage=2 freeze=0
[dna] fire wrote 35 bytes to ecology
[dna] fire wrote 94 bytes to ecology
[dna] fire wrote 104 bytes to ecology
[dna] fire wrote 107 bytes to ecology
[dna] fire wrote 70 bytes to ecology
[dna] fire wrote 37 bytes to ecology
[dna] fire wrote 20 bytes to ecology
[dna] fire wrote 85 bytes to ecology
[dna] fire wrote 84 bytes to ecology
[dna] fire wrote 74 bytes to ecology
[dna] fire wrote 52 bytes to ecology
[dna] fire wrote 17 bytes to ecology
[dna] fire wrote 32 bytes to ecology
[dna] fire wrote 27 bytes to ecology
[dna] fire wrote 15 bytes to ecology
[dna] fire wrote 40 bytes to ecology
[dna] fire wrote 76 bytes to ecology
[dna] fire wrote 35 bytes to ecology
[dna] fire wrote 10 bytes to ecology
[dna] fire wrote 19 bytes to ecology
[dna] fire wrote 85 bytes to ecology
[dna] fire wrote 48 bytes to ecology
[dna] fire wrote 28 bytes to ecology
[dna] fire wrote 51 bytes to ecology
[dna] fire wrote 73 bytes to ecology
[dna] fire wrote 10 bytes to ecology
[dna] fire wrote 59 bytes to ecology
[dna] fire wrote 17 bytes to ecology
[dna] fire wrote 20 bytes to ecology
[dna] fire wrote 18 bytes to ecology
[debug-onto] tick=100 corpus=137854 stage=2 freeze=0
[dna] fire wrote 25 bytes to ecology
[dna] fire wrote 81 bytes to ecology
[dna] fire wrote 44 bytes to ecology
[dna] fire wrote 19 bytes to ecology
[dna] fire wrote 66 bytes to ecology
[dna] fire wrote 25 bytes to ecology
[dna] fire wrote 34 bytes to ecology
[dna] fire wrote 49 bytes to ecology
[dna] fire wrote 69 bytes to ecology
[dna] fire wrote 89 bytes to ecology
[dna] fire wrote 94 bytes to ecology
[dna] fire wrote 34 bytes to ecology
[dna] fire wrote 54 bytes to ecology
[dna] fire wrote 136 bytes to ecology
[dna] fire wrote 29 bytes to ecology
[dna] fire wrote 61 bytes to ecology
[dna] fire wrote 29 bytes to ecology
[dna] fire wrote 13 bytes to ecology
[dna] fire wrote 25 bytes to ecology
[dna] fire wrote 46 bytes to ecology
[dna] fire wrote 111 bytes to ecology
[dna] fire wrote 52 bytes to ecology
[dna] fire wrote 54 bytes to ecology
[dna] fire wrote 100 bytes to ecology
[dna] fire wrote 85 bytes to ecology
[dna] fire wrote 24 bytes to ecology
[dna] fire wrote 39 bytes to ecology
[dna] fire wrote 87 bytes to ecology
[dna] fire wrote 86 bytes to ecology
[dna] fire wrote 26 bytes to ecology
[dna] fire wrote 123 bytes to ecology
[debug-onto] tick=150 corpus=137854 stage=2 freeze=0
[dna] fire wrote 102 bytes to ecology
[dna] fire wrote 151 bytes to ecology
[dna] fire wrote 87 bytes to ecology
[dna] fire wrote 93 bytes to ecology
[dna] fire wrote 71 bytes to ecology
[dna] fire wrote 30 bytes to ecology
[dna] fire wrote 41 bytes to ecology
[dna] fire wrote 155 bytes to ecology
[dna] fire wrote 143 bytes to ecology
[dna] fire wrote 52 bytes to ecology
[dna] fire wrote 15 bytes to ecology
[dna] fire wrote 53 bytes to ecology
[dna] fire wrote 26 bytes to ecology
[dna] fire wrote 56 bytes to ecology
[dna] fire wrote 44 bytes to ecology
[dna] fire wrote 29 bytes to ecology
[dna] fire wrote 30 bytes to ecology
[dna] fire wrote 53 bytes to ecology
[dna] fire wrote 54 bytes to ecology
[dna] fire wrote 30 bytes to ecology
[dna] fire wrote 40 bytes to ecology
[dna] fire wrote 86 bytes to ecology
[dna] fire wrote 11 bytes to ecology
[dna] fire wrote 85 bytes to ecology
[dna] fire wrote 127 bytes to ecology
[dna] fire wrote 43 bytes to ecology
[dna] fire wrote 153 bytes to ecology
[dna] fire wrote 77 bytes to ecology
[dna] fire wrote 29 bytes to ecology
[dna] fire wrote 57 bytes to ecology
[dna] fire wrote 31 bytes to ecology
[debug-onto] tick=200 corpus=137854 stage=2 freeze=0
[dna] fire wrote 42 bytes to ecology
[dna] fire wrote 36 bytes to ecology
[dna] fire wrote 60 bytes to ecology
[dna] fire wrote 47 bytes to ecology
[dna] fire wrote 35 bytes to ecology
[dna] fire wrote 45 bytes to ecology
[dna] fire wrote 21 bytes to ecology
[dna] fire wrote 41 bytes to ecology
[dna] fire wrote 30 bytes to ecology
[dna] fire wrote 108 bytes to ecology
[dna] fire wrote 38 bytes to ecology
[dna] fire wrote 70 bytes to ecology
[dna] fire wrote 59 bytes to ecology
[dna] fire wrote 40 bytes to ecology
[dna] fire wrote 37 bytes to ecology
[dna] fire wrote 21 bytes to ecology
[dna] fire wrote 103 bytes to ecology
[dna] fire wrote 118 bytes to ecology
[dna] fire wrote 20 bytes to ecology
[dna] fire wrote 19 bytes to ecology
[dna] fire wrote 22 bytes to ecology
[dna] fire wrote 41 bytes to ecology
[dna] fire wrote 33 bytes to ecology
[dna] fire wrote 27 bytes to ecology
[dna] fire wrote 60 bytes to ecology
[dna] fire wrote 36 bytes to ecology
[dna] fire wrote 30 bytes to ecology
[dna] fire wrote 31 bytes to ecology
[dna] fire wrote 31 bytes to ecology
[dna] fire wrote 55 bytes to ecology
[dna] fire wrote 91 bytes to ecology
[debug-onto] tick=250 corpus=137854 stage=2 freeze=0
[dna] fire wrote 25 bytes to ecology
[dna] fire wrote 122 bytes to ecology
[dna] fire wrote 65 bytes to ecology
[dna] fire wrote 64 bytes to ecology
[dna] fire wrote 14 bytes to ecology
[dna] fire wrote 111 bytes to ecology
[dna] fire wrote 70 bytes to ecology
[dna] fire wrote 62 bytes to ecology
[dna] fire wrote 40 bytes to ecology
[dna] fire wrote 91 bytes to ecology
[dna] fire wrote 28 bytes to ecology
[dna] fire wrote 103 bytes to ecology
[dna] fire wrote 59 bytes to ecology
[dna] fire wrote 71 bytes to ecology
[dna] fire wrote 38 bytes to ecology
[dna] fire wrote 38 bytes to ecology
[dna] fire wrote 84 bytes to ecology
[dna] fire wrote 42 bytes to ecology
[dna] fire wrote 40 bytes to ecology
[dna] fire wrote 36 bytes to ecology
[dna] fire wrote 40 bytes to ecology
[dna] fire wrote 21 bytes to ecology
[dna] fire wrote 85 bytes to ecology
[dna] fire wrote 87 bytes to ecology
[dna] fire wrote 23 bytes to ecology
[dna] fire wrote 100 bytes to ecology
[dna] fire wrote 86 bytes to ecology
[dna] fire wrote 60 bytes to ecology
[dna] fire wrote 89 bytes to ecology
[dna] fire wrote 30 bytes to ecology
[dna] fire wrote 165 bytes to ecology
[dna] fire wrote 17 bytes to ecology
[dna] fire wrote 46 bytes to ecology
[debug-onto] tick=300 corpus=137854 stage=2 freeze=0
[dna] fire wrote 68 bytes to ecology
[dna] fire wrote 89 bytes to ecology
[dna] fire wrote 69 bytes to ecology
[dna] fire wrote 154 bytes to ecology
[dna] fire wrote 68 bytes to ecology
[dna] fire wrote 43 bytes to ecology
[dna] fire wrote 95 bytes to ecology
[dna] fire wrote 106 bytes to ecology
[dna] fire wrote 49 bytes to ecology
[dna] fire wrote 59 bytes to ecology
[dna] fire wrote 25 bytes to ecology
[dna] fire wrote 27 bytes to ecology
[dna] fire wrote 185 bytes to ecology
[dna] fire wrote 20 bytes to ecology
[dna] fire wrote 111 bytes to ecology
[dna] fire wrote 32 bytes to ecology
[dna] fire wrote 124 bytes to ecology
[dna] fire wrote 44 bytes to ecology
[dna] fire wrote 83 bytes to ecology
[dna] fire wrote 74 bytes to ecology
[dna] fire wrote 79 bytes to ecology
[dna] fire wrote 25 bytes to ecology
[dna] fire wrote 18 bytes to ecology
[dna] fire wrote 21 bytes to ecology
[dna] fire wrote 144 bytes to ecology
[dna] fire wrote 20 bytes to ecology
[dna] fire wrote 27 bytes to ecology
[dna] fire wrote 100 bytes to ecology
[dna] fire wrote 93 bytes to ecology
[dna] fire wrote 41 bytes to ecology
[dna] fire wrote 99 bytes to ecology
[dna] fire wrote 101 bytes to ecology
[dna] fire wrote 39 bytes to ecology
[debug-onto] tick=350 corpus=137854 stage=2 freeze=0
[dna] fire wrote 92 bytes to ecology
[dna] fire wrote 13 bytes to ecology
[dna] fire wrote 129 bytes to ecology
[dna] fire wrote 134 bytes to ecology
[dna] fire wrote 40 bytes to ecology
[dna] fire wrote 64 bytes to ecology
[dna] fire wrote 20 bytes to ecology
[dna] fire wrote 83 bytes to ecology
[dna] fire wrote 50 bytes to ecology
[dna] fire wrote 200 bytes to ecology
[dna] fire wrote 36 bytes to ecology
[dna] fire wrote 26 bytes to ecology
[dna] fire wrote 89 bytes to ecology
[dna] fire wrote 18 bytes to ecology
[dna] fire wrote 92 bytes to ecology
[dna] fire wrote 24 bytes to ecology
[dna] fire wrote 30 bytes to ecology
[dna] fire wrote 69 bytes to ecology
[dna] fire wrote 34 bytes to ecology
[dna] fire wrote 58 bytes to ecology
[dna] fire wrote 25 bytes to ecology
[dna] fire wrote 9 bytes to ecology
[dna] fire wrote 40 bytes to ecology
[dna] fire wrote 75 bytes to ecology
[dna] fire wrote 67 bytes to ecology
[dna] fire wrote 120 bytes to ecology
[dna] fire wrote 12 bytes to ecology
[dna] fire wrote 204 bytes to ecology
[dna] fire wrote 30 bytes to ecology
[dna] fire wrote 40 bytes to ecology
[dna] fire wrote 79 bytes to ecology
[dna] fire wrote 46 bytes to ecology
[debug-onto] tick=400 corpus=137854 stage=2 freeze=0
[dna] fire wrote 204 bytes to ecology
[dna] fire wrote 34 bytes to ecology
[dna] fire wrote 70 bytes to ecology
[dna] fire wrote 113 bytes to ecology
[dna] fire wrote 33 bytes to ecology
[dna] fire wrote 42 bytes to ecology
[dna] fire wrote 37 bytes to ecology
[dna] fire wrote 6 bytes to ecology
[dna] fire wrote 52 bytes to ecology
[dna] fire wrote 70 bytes to ecology
[dna] fire wrote 26 bytes to ecology
[dna] fire wrote 37 bytes to ecology
[dna] fire wrote 25 bytes to ecology
[dna] fire wrote 6 bytes to ecology
[dna] fire wrote 43 bytes to ecology
[dna] fire wrote 9 bytes to ecology
[dna] fire wrote 42 bytes to ecology
[dna] fire wrote 61 bytes to ecology
[dna] fire wrote 44 bytes to ecology
[dna] fire wrote 98 bytes to ecology
[dna] fire wrote 10 bytes to ecology
[dna] fire wrote 74 bytes to ecology
[dna] fire wrote 46 bytes to ecology
[dna] fire wrote 99 bytes to ecology
[dna] fire wrote 28 bytes to ecology
[dna] fire wrote 24 bytes to ecology
[dna] fire wrote 83 bytes to ecology
[dna] fire wrote 25 bytes to ecology
[dna] fire wrote 102 bytes to ecology
[dna] fire wrote 61 bytes to ecology
[debug-onto] tick=450 corpus=137854 stage=2 freeze=0
[dna] fire wrote 24 bytes to ecology
[dna] fire wrote 39 bytes to ecology
[dna] fire wrote 120 bytes to ecology
[dna] fire wrote 10 bytes to ecology
[dna] fire wrote 32 bytes to ecology
[dna] fire wrote 123 bytes to ecology
[dna] fire wrote 138 bytes to ecology
[dna] fire wrote 100 bytes to ecology
[dna] fire wrote 193 bytes to ecology
[dna] fire wrote 40 bytes to ecology
[dna] fire wrote 29 bytes to ecology
[dna] fire wrote 169 bytes to ecology
[dna] fire wrote 30 bytes to ecology
[dna] fire wrote 49 bytes to ecology
[dna] fire wrote 127 bytes to ecology
[dna] fire wrote 57 bytes to ecology
[dna] fire wrote 58 bytes to ecology
[dna] fire wrote 24 bytes to ecology
[dna] fire wrote 29 bytes to ecology
[dna] fire wrote 32 bytes to ecology
[dna] fire wrote 42 bytes to ecology
[dna] fire wrote 153 bytes to ecology
[dna] fire wrote 44 bytes to ecology
[dna] fire wrote 96 bytes to ecology
[dna] fire wrote 73 bytes to ecology
[dna] fire wrote 22 bytes to ecology
[dna] fire wrote 30 bytes to ecology
[dna] fire wrote 43 bytes to ecology
[dna] fire wrote 68 bytes to ecology
[dna] fire wrote 49 bytes to ecology
[dna] fire wrote 90 bytes to ecology
[debug-onto] tick=500 corpus=137854 stage=2 freeze=0
[dna] fire wrote 34 bytes to ecology
[dna] fire wrote 16 bytes to ecology
[dna] fire wrote 109 bytes to ecology
[dna] fire wrote 163 bytes to ecology
[dna] fire wrote 92 bytes to ecology
[dna] fire wrote 81 bytes to ecology
[dna] fire wrote 25 bytes to ecology
[dna] fire wrote 88 bytes to ecology
[dna] fire wrote 131 bytes to ecology
[dna] fire wrote 22 bytes to ecology
[dna] fire wrote 33 bytes to ecology
[dna] fire wrote 133 bytes to ecology
[dna] fire wrote 15 bytes to ecology
[dna] fire wrote 42 bytes to ecology
[dna] fire wrote 79 bytes to ecology
[dna] fire wrote 87 bytes to ecology
[dna] fire wrote 105 bytes to ecology
[dna] fire wrote 29 bytes to ecology
[dna] fire wrote 37 bytes to ecology
[dna] fire wrote 71 bytes to ecology
[dna] fire wrote 26 bytes to ecology
[dna] fire wrote 63 bytes to ecology
[dna] fire wrote 69 bytes to ecology
[dna] fire wrote 66 bytes to ecology
[dna] fire wrote 45 bytes to ecology
[dna] fire wrote 41 bytes to ecology
[dna] fire wrote 69 bytes to ecology
[dna] fire wrote 150 bytes to ecology
[dna] fire wrote 54 bytes to ecology
[dna] fire wrote 147 bytes to ecology
[dna] fire wrote 31 bytes to ecology
[debug-onto] tick=550 corpus=137854 stage=2 freeze=0
[dna] fire wrote 49 bytes to ecology
[dna] fire wrote 111 bytes to ecology
[dna] fire wrote 183 bytes to ecology
[dna] fire wrote 31 bytes to ecology
[dna] fire wrote 28 bytes to ecology
[dna] fire wrote 38 bytes to ecology
[dna] fire wrote 43 bytes to ecology
[dna] fire wrote 71 bytes to ecology
[dna] fire wrote 32 bytes to ecology
[dna] fire wrote 16 bytes to ecology
[dna] fire wrote 80 bytes to ecology
[dna] fire wrote 37 bytes to ecology
[dna] fire wrote 21 bytes to ecology
[dna] fire wrote 113 bytes to ecology
[dna] fire wrote 38 bytes to ecology
[dna] fire wrote 37 bytes to ecology
[dna] fire wrote 24 bytes to ecology
[dna] fire wrote 113 bytes to ecology
[dna] fire wrote 153 bytes to ecology
[dna] fire wrote 39 bytes to ecology
[dna] fire wrote 30 bytes to ecology
[dna] fire wrote 37 bytes to ecology
[dna] fire wrote 26 bytes to ecology
[dna] fire wrote 11 bytes to ecology
[dna] fire wrote 132 bytes to ecology
[dna] fire wrote 65 bytes to ecology
[dna] fire wrote 17 bytes to ecology
[dna] fire wrote 26 bytes to ecology
[dna] fire wrote 23 bytes to ecology
[dna] fire wrote 39 bytes to ecology
[dna] fire wrote 60 bytes to ecology
[debug-onto] tick=600 corpus=137854 stage=2 freeze=0
[dna] fire wrote 34 bytes to ecology
[dna] fire wrote 39 bytes to ecology
[dna] fire wrote 68 bytes to ecology
[dna] fire wrote 29 bytes to ecology
[dna] fire wrote 35 bytes to ecology
[dna] fire wrote 117 bytes to ecology
[dna] fire wrote 49 bytes to ecology
[dna] fire wrote 54 bytes to ecology
[dna] fire wrote 44 bytes to ecology
[dna] fire wrote 29 bytes to ecology
[dna] fire wrote 16 bytes to ecology
[dna] fire wrote 87 bytes to ecology
[dna] fire wrote 129 bytes to ecology
[dna] fire wrote 70 bytes to ecology
[dna] fire wrote 37 bytes to ecology
[dna] fire wrote 75 bytes to ecology
[dna] fire wrote 15 bytes to ecology
[dna] fire wrote 57 bytes to ecology
[dna] fire wrote 41 bytes to ecology
[dna] fire wrote 135 bytes to ecology
[dna] fire wrote 22 bytes to ecology
[dna] fire wrote 130 bytes to ecology
[dna] fire wrote 65 bytes to ecology
[dna] fire wrote 11 bytes to ecology
[dna] fire wrote 190 bytes to ecology
[dna] fire wrote 22 bytes to ecology
[dna] fire wrote 47 bytes to ecology
[dna] fire wrote 138 bytes to ecology
[dna] fire wrote 123 bytes to ecology
[dna] fire wrote 56 bytes to ecology
[dna] fire wrote 21 bytes to ecology
[debug-onto] tick=650 corpus=137854 stage=2 freeze=0
[dna] fire wrote 29 bytes to ecology
[dna] fire wrote 14 bytes to ecology
[dna] fire wrote 106 bytes to ecology
[dna] fire wrote 49 bytes to ecology
[dna] fire wrote 56 bytes to ecology
[dna] fire wrote 16 bytes to ecology
[dna] fire wrote 20 bytes to ecology
[dna] fire wrote 170 bytes to ecology
[dna] fire wrote 94 bytes to ecology
[dna] fire wrote 93 bytes to ecology
[dna] fire wrote 88 bytes to ecology
[dna] fire wrote 19 bytes to ecology

[evolution] Organism shutting down gracefully.
