[ecology] Element: water → corpus: nonames_water.txt
[evolution] Autonomous evolution mode — organism will grow through all stages without pause.
[ecology] Joined swarm. 1 peer(s) detected.
molequla is alive. [evolution] Autonomous mode — background trainer running. Ctrl+C to stop.
[dna] water wrote 42 bytes to ecology
[dna] water consumed 20808 bytes from 279 files: [air/gen_1778743066_1.txt air/gen_1778743083_3.txt air/gen_1778743086_4.txt air/gen_1778743096_7.txt air/gen_1778743102_9.txt air/gen_1778743105_10.txt air/gen_1778743115_13.txt air/gen_1778743121_15.txt air/gen_1778743124_16.txt air/gen_1778743140_21.txt air/gen_1778743143_22.txt air/gen_1778743153_25.txt air/gen_1778743159_27.txt air/gen_1778743162_28.txt air/gen_1778743172_31.txt air/gen_1778743178_33.txt air/gen_1778743181_34.txt air/gen_1778743191_37.txt air/gen_1778743197_39.txt air/gen_1778743200_40.txt air/gen_1778743209_43.txt air/gen_1778743216_45.txt air/gen_1778743219_46.txt air/gen_1778743228_49.txt air/gen_1778743235_51.txt air/gen_1778743238_52.txt air/gen_1778743248_55.txt air/gen_1778743254_57.txt air/gen_1778743257_58.txt air/gen_1778743267_61.txt air/gen_1778743273_63.txt air/gen_1778743277_64.txt air/gen_1778743286_67.txt air/gen_1778743293_69.txt air/gen_1778743296_70.txt air/gen_1778743306_73.txt air/gen_1778743309_74.txt air/gen_1778743313_75.txt air/gen_1778743316_76.txt air/gen_1778743326_79.txt air/gen_1778743332_81.txt air/gen_1778743335_82.txt air/gen_1778743345_85.txt air/gen_1778743352_87.txt air/gen_1778743355_88.txt air/gen_1778743365_91.txt air/gen_1778743368_92.txt air/gen_1778743372_93.txt air/gen_1778743375_94.txt air/gen_1778743385_97.txt air/gen_1778743391_99.txt air/gen_1778743395_100.txt air/gen_1778743404_103.txt air/gen_1778743411_105.txt air/gen_1778743414_106.txt air/gen_1778743424_109.txt air/gen_1778743430_111.txt air/gen_1778743433_112.txt air/gen_1778743443_115.txt air/gen_1778743449_117.txt air/gen_1778743452_118.txt air/gen_1778743462_121.txt air/gen_1778743469_123.txt air/gen_1778743472_124.txt air/gen_1778743482_127.txt air/gen_1778743489_129.txt air/gen_1778743492_130.txt air/gen_1778743502_133.txt air/gen_1778743509_135.txt air/gen_1778743512_136.txt air/gen_1778743522_139.txt air/gen_1778743528_141.txt air/gen_1778743532_142.txt air/gen_1778743542_145.txt air/gen_1778743548_147.txt air/gen_1778743552_148.txt air/gen_1778743562_151.txt air/gen_1778743568_153.txt air/gen_1778743572_154.txt air/gen_1778743582_157.txt air/gen_1778743588_159.txt air/gen_1778743592_160.txt air/gen_1778743602_163.txt air/gen_1778743608_165.txt air/gen_1778743612_166.txt air/gen_1778743622_169.txt air/gen_1778743628_171.txt air/gen_1778743632_172.txt air/gen_1778743641_175.txt air/gen_1778743648_177.txt air/gen_1778743651_178.txt air/gen_1778743661_181.txt air/gen_1778743668_183.txt air/gen_1778743671_184.txt air/gen_1778743681_187.txt air/gen_1778743688_189.txt air/gen_1778743691_190.txt air/gen_1778743701_193.txt air/gen_1778743711_196.txt air/gen_1778743721_199.txt air/gen_1778743727_201.txt air/gen_1778743731_202.txt air/gen_1778743747_207.txt air/gen_1778743750_208.txt air/gen_1778743760_211.txt air/gen_1778743767_213.txt air/gen_1778743770_214.txt air/gen_1778743780_217.txt air/gen_1778743787_219.txt air/gen_1778743790_220.txt air/gen_1778743800_223.txt air/gen_1778743807_225.txt air/gen_1778743810_226.txt air/gen_1778743820_229.txt air/gen_1778743826_231.txt air/gen_1778743829_232.txt air/gen_1778743839_235.txt air/gen_1778743846_237.txt air/gen_1778743849_238.txt air/gen_1778743859_241.txt air/gen_1778743865_243.txt air/gen_1778743869_244.txt air/gen_1778743882_248.txt air/gen_1778743885_249.txt air/gen_1778743888_250.txt air/gen_1778743898_253.txt air/gen_1778743902_254.txt air/gen_1778743905_255.txt air/gen_1778743908_256.txt air/gen_1778743918_259.txt air/gen_1778743925_261.txt air/gen_1778743928_262.txt air/gen_1778743938_265.txt air/gen_1778743941_266.txt air/gen_1778743945_267.txt air/gen_1778743948_268.txt air/gen_1778743958_271.txt air/gen_1778743965_273.txt air/gen_1778743968_274.txt air/gen_1778743978_277.txt air/gen_1778743984_279.txt air/gen_1778743988_280.txt air/gen_1778743998_283.txt air/gen_1778744004_285.txt air/gen_1778744008_286.txt air/gen_1778744018_289.txt air/gen_1778744024_291.txt air/gen_1778744028_292.txt air/gen_1778744038_295.txt air/gen_1778744044_297.txt air/gen_1778744048_298.txt air/gen_1778744058_301.txt air/gen_1778744065_303.txt air/gen_1778744068_304.txt air/gen_1778744078_307.txt air/gen_1778744084_309.txt air/gen_1778744088_310.txt air/gen_1778744098_313.txt air/gen_1778744104_315.txt air/gen_1778744108_316.txt air/gen_1778744118_319.txt air/gen_1778744125_321.txt air/gen_1778744128_322.txt air/gen_1778744138_325.txt air/gen_1778744145_327.txt air/gen_1778744148_328.txt air/gen_1778744158_331.txt air/gen_1778744165_333.txt air/gen_1778744168_334.txt air/gen_1778744178_337.txt air/gen_1778744185_339.txt air/gen_1778744188_340.txt air/gen_1778744198_343.txt air/gen_1778744205_345.txt air/gen_1778744208_346.txt air/gen_1778744218_349.txt air/gen_1778744225_351.txt air/gen_1778744228_352.txt air/gen_1778744238_355.txt air/gen_1778744244_357.txt air/gen_1778744247_358.txt air/gen_1778744257_361.txt air/gen_1778744263_363.txt air/gen_1778744267_364.txt air/gen_1778744276_367.txt air/gen_1778744283_369.txt air/gen_1778744286_370.txt air/gen_1778744296_373.txt air/gen_1778744302_375.txt air/gen_1778744305_376.txt air/gen_1778744315_379.txt air/gen_1778744321_381.txt air/gen_1778744325_382.txt air/gen_1778744334_385.txt air/gen_1778744338_386.txt air/gen_1778744341_387.txt air/gen_1778744344_388.txt air/gen_1778744354_391.txt air/gen_1778744360_393.txt air/gen_1778744363_394.txt air/gen_1778744373_397.txt air/gen_1778744379_399.txt air/gen_1778744382_400.txt air/gen_1778744392_403.txt air/gen_1778744399_405.txt air/gen_1778744402_406.txt air/gen_1778744412_409.txt air/gen_1778744419_411.txt air/gen_1778744422_412.txt air/gen_1778744432_415.txt air/gen_1778744438_417.txt air/gen_1778744442_418.txt air/gen_1778744452_421.txt air/gen_1778744458_423.txt air/gen_1778744462_424.txt air/gen_1778744472_427.txt air/gen_1778744478_429.txt air/gen_1778744481_430.txt air/gen_1778744491_433.txt air/gen_1778744498_435.txt air/gen_1778744501_436.txt air/gen_1778744510_439.txt air/gen_1778744517_441.txt air/gen_1778744520_442.txt air/gen_1778744530_445.txt air/gen_1778744536_447.txt air/gen_1778744539_448.txt air/gen_1778744549_451.txt air/gen_1778744555_453.txt air/gen_1778744558_454.txt air/gen_1778744568_457.txt air/gen_1778744574_459.txt air/gen_1778744578_460.txt air/gen_1778744587_463.txt air/gen_1778744594_465.txt air/gen_1778744597_466.txt air/gen_1778744606_469.txt air/gen_1778744609_470.txt air/gen_1778744613_471.txt air/gen_1778744616_472.txt air/gen_1778744625_475.txt air/gen_1778744631_477.txt air/gen_1778744635_478.txt air/gen_1778744644_481.txt air/gen_1778744650_483.txt air/gen_1778744654_484.txt air/gen_1778744663_487.txt air/gen_1778744669_489.txt air/gen_1778744672_490.txt air/gen_1778744682_493.txt air/gen_1778744688_495.txt air/gen_1778744691_496.txt air/gen_1778744707_501.txt air/gen_1778744710_502.txt air/gen_1778744719_505.txt air/gen_1778744725_507.txt air/gen_1778744728_508.txt air/gen_1778744738_511.txt air/gen_1778744744_513.txt air/gen_1778744747_514.txt air/gen_1778744756_517.txt air/gen_1778744763_519.txt air/gen_1778744766_520.txt air/gen_1778744775_523.txt air/gen_1778744778_524.txt air/gen_1778744782_525.txt air/gen_1778744785_526.txt air/gen_1778744794_529.txt air/gen_1778744800_531.txt air/gen_1778744803_532.txt air/gen_1778744813_535.txt air/gen_1778744819_537.txt air/gen_1778744822_538.txt air/gen_1778744832_541.txt air/gen_1778744838_543.txt air/gen_1778744841_544.txt air/gen_1778744850_547.txt air/gen_1778744857_549.txt air/gen_1778744860_550.txt]
[trainer] micro-train burst (20808 bytes, novelty 0.03) — and lo, it feeds again.
[syntropy] action=steady | trend=0.0000 | field_dev=0.137 | purpose_align=-0.081 | lr_mul=1.00
[aml] burst complete: 32 steps, avg loss 1.6725 (memory freed)
[dna] water wrote 25 bytes to ecology
[dna] water wrote 32 bytes to ecology
[dna] water wrote 32 bytes to ecology
[dna] water wrote 49 bytes to ecology
[dna] water wrote 7 bytes to ecology
[dna] water wrote 21 bytes to ecology
[dna] water wrote 47 bytes to ecology
[dna] water wrote 58 bytes to ecology
[dna] water wrote 68 bytes to ecology
[dna] water wrote 54 bytes to ecology
[dna] water wrote 96 bytes to ecology
[dna] water wrote 33 bytes to ecology
[dna] water wrote 11 bytes to ecology
[dna] water wrote 134 bytes to ecology
[dna] water wrote 66 bytes to ecology
[dna] water wrote 49 bytes to ecology
[dna] water wrote 125 bytes to ecology
[dna] water wrote 32 bytes to ecology
[dna] water wrote 59 bytes to ecology
[dna] water wrote 25 bytes to ecology
[dna] water wrote 34 bytes to ecology
[dna] water wrote 84 bytes to ecology
[dna] water wrote 63 bytes to ecology
[dna] water wrote 60 bytes to ecology
[dna] water wrote 20 bytes to ecology
[dna] water wrote 49 bytes to ecology
[debug-onto] tick=50 corpus=146784 stage=2 freeze=0
[dna] water wrote 108 bytes to ecology
[dna] water wrote 40 bytes to ecology
[dna] water wrote 7 bytes to ecology
[dna] water wrote 8 bytes to ecology
[dna] water wrote 8 bytes to ecology
[dna] water wrote 26 bytes to ecology
[dna] water wrote 28 bytes to ecology
[dna] water wrote 22 bytes to ecology
[dna] water wrote 25 bytes to ecology
[dna] water wrote 39 bytes to ecology
[dna] water wrote 158 bytes to ecology
[dna] water wrote 31 bytes to ecology
[dna] water wrote 33 bytes to ecology
[dna] water wrote 40 bytes to ecology
[dna] water wrote 45 bytes to ecology
[dna] water wrote 63 bytes to ecology
[dna] water wrote 77 bytes to ecology
[dna] water wrote 104 bytes to ecology
[dna] water wrote 22 bytes to ecology
[dna] water wrote 9 bytes to ecology
[dna] water wrote 54 bytes to ecology
[dna] water wrote 67 bytes to ecology
[dna] water wrote 107 bytes to ecology
[dna] water wrote 34 bytes to ecology
[dna] water wrote 20 bytes to ecology
[dna] water wrote 36 bytes to ecology
[debug-onto] tick=100 corpus=146784 stage=2 freeze=0
[dna] water wrote 86 bytes to ecology
[dna] water wrote 47 bytes to ecology
[dna] water wrote 62 bytes to ecology
[dna] water wrote 51 bytes to ecology
[dna] water wrote 33 bytes to ecology
[dna] water wrote 42 bytes to ecology
[dna] water wrote 45 bytes to ecology
[dna] water wrote 56 bytes to ecology
[dna] water wrote 149 bytes to ecology
[dna] water wrote 26 bytes to ecology
[dna] water wrote 104 bytes to ecology
[dna] water wrote 97 bytes to ecology
[dna] water wrote 29 bytes to ecology
[dna] water wrote 35 bytes to ecology
[dna] water wrote 48 bytes to ecology
[dna] water wrote 15 bytes to ecology
[dna] water wrote 59 bytes to ecology
[dna] water wrote 15 bytes to ecology
[dna] water wrote 80 bytes to ecology
[dna] water wrote 12 bytes to ecology
[dna] water wrote 35 bytes to ecology
[dna] water wrote 57 bytes to ecology
[dna] water wrote 57 bytes to ecology
[dna] water wrote 46 bytes to ecology
[dna] water wrote 109 bytes to ecology
[debug-onto] tick=150 corpus=146784 stage=2 freeze=0
[dna] water wrote 34 bytes to ecology
[dna] water wrote 38 bytes to ecology
[dna] water wrote 45 bytes to ecology
[dna] water wrote 37 bytes to ecology
[dna] water wrote 93 bytes to ecology
[dna] water wrote 67 bytes to ecology
[dna] water wrote 46 bytes to ecology
[dna] water wrote 25 bytes to ecology
[dna] water wrote 43 bytes to ecology
[dna] water wrote 52 bytes to ecology
[dna] water wrote 42 bytes to ecology
[dna] water wrote 37 bytes to ecology
[dna] water wrote 39 bytes to ecology
[dna] water wrote 37 bytes to ecology
[dna] water wrote 45 bytes to ecology
[dna] water wrote 30 bytes to ecology
[dna] water wrote 31 bytes to ecology
[dna] water wrote 49 bytes to ecology
[dna] water wrote 27 bytes to ecology
[dna] water wrote 26 bytes to ecology
[dna] water wrote 67 bytes to ecology
[debug-onto] tick=200 corpus=146784 stage=2 freeze=0
[dna] water wrote 18 bytes to ecology
[dna] water wrote 42 bytes to ecology
[dna] water wrote 8 bytes to ecology
[dna] water wrote 23 bytes to ecology
[dna] water wrote 88 bytes to ecology
[dna] water wrote 12 bytes to ecology
[dna] water wrote 92 bytes to ecology
[dna] water wrote 37 bytes to ecology
[dna] water wrote 48 bytes to ecology
[dna] water wrote 61 bytes to ecology
[dna] water wrote 55 bytes to ecology
[dna] water wrote 115 bytes to ecology
[dna] water wrote 26 bytes to ecology
[dna] water wrote 7 bytes to ecology
[dna] water wrote 70 bytes to ecology
[dna] water wrote 27 bytes to ecology
[dna] water wrote 78 bytes to ecology
[dna] water wrote 66 bytes to ecology
[dna] water wrote 105 bytes to ecology
[dna] water wrote 34 bytes to ecology
[dna] water wrote 28 bytes to ecology
[dna] water wrote 30 bytes to ecology
[dna] water wrote 28 bytes to ecology
[dna] water wrote 27 bytes to ecology
[dna] water wrote 19 bytes to ecology
[debug-onto] tick=250 corpus=146784 stage=2 freeze=0
[dna] water wrote 55 bytes to ecology
[dna] water wrote 7 bytes to ecology
[dna] water wrote 20 bytes to ecology
[dna] water wrote 21 bytes to ecology
[dna] water wrote 14 bytes to ecology
[dna] water wrote 297 bytes to ecology
[dna] water wrote 51 bytes to ecology
[dna] water wrote 19 bytes to ecology
[dna] water wrote 77 bytes to ecology
[dna] water wrote 24 bytes to ecology
[dna] water wrote 93 bytes to ecology
[dna] water wrote 88 bytes to ecology
[dna] water wrote 38 bytes to ecology
[dna] water wrote 11 bytes to ecology
[dna] water wrote 20 bytes to ecology
[dna] water wrote 78 bytes to ecology
[dna] water wrote 31 bytes to ecology
[dna] water wrote 19 bytes to ecology
[dna] water wrote 58 bytes to ecology
[dna] water wrote 59 bytes to ecology
[dna] water wrote 62 bytes to ecology
[dna] water wrote 31 bytes to ecology
[dna] water wrote 65 bytes to ecology
[dna] water wrote 37 bytes to ecology
[debug-onto] tick=300 corpus=146784 stage=2 freeze=0
[dna] water wrote 30 bytes to ecology
[dna] water wrote 22 bytes to ecology
[dna] water wrote 10 bytes to ecology
[dna] water wrote 81 bytes to ecology
[dna] water wrote 128 bytes to ecology
[dna] water wrote 93 bytes to ecology
[dna] water wrote 162 bytes to ecology
[dna] water wrote 38 bytes to ecology
[dna] water wrote 39 bytes to ecology
[dna] water wrote 17 bytes to ecology
[dna] water wrote 45 bytes to ecology
[dna] water wrote 27 bytes to ecology
[dna] water wrote 28 bytes to ecology
[dna] water wrote 22 bytes to ecology
[dna] water wrote 12 bytes to ecology
[dna] water wrote 57 bytes to ecology
[dna] water wrote 108 bytes to ecology
[dna] water wrote 48 bytes to ecology
[dna] water wrote 57 bytes to ecology
[dna] water wrote 84 bytes to ecology
[dna] water wrote 196 bytes to ecology
[dna] water wrote 49 bytes to ecology
[dna] water wrote 22 bytes to ecology
[debug-onto] tick=350 corpus=146784 stage=2 freeze=0
[dna] water wrote 41 bytes to ecology
[dna] water wrote 9 bytes to ecology
[dna] water wrote 24 bytes to ecology
[dna] water wrote 30 bytes to ecology
[dna] water wrote 17 bytes to ecology
[dna] water wrote 7 bytes to ecology
[dna] water wrote 75 bytes to ecology
[dna] water wrote 36 bytes to ecology
[dna] water wrote 21 bytes to ecology
[dna] water wrote 46 bytes to ecology
[dna] water wrote 12 bytes to ecology
[dna] water wrote 19 bytes to ecology
[dna] water wrote 27 bytes to ecology
[dna] water wrote 71 bytes to ecology
[dna] water wrote 12 bytes to ecology
[dna] water wrote 49 bytes to ecology
[dna] water wrote 153 bytes to ecology
[dna] water wrote 90 bytes to ecology
[dna] water wrote 24 bytes to ecology
[dna] water wrote 62 bytes to ecology
[dna] water wrote 44 bytes to ecology
[dna] water wrote 31 bytes to ecology
[debug-onto] tick=400 corpus=146784 stage=2 freeze=0
[dna] water wrote 80 bytes to ecology
[dna] water wrote 137 bytes to ecology
[dna] water wrote 51 bytes to ecology
[dna] water wrote 38 bytes to ecology
[dna] water wrote 88 bytes to ecology
[dna] water wrote 15 bytes to ecology
[dna] water wrote 25 bytes to ecology
[dna] water wrote 26 bytes to ecology
[dna] water wrote 13 bytes to ecology
[dna] water wrote 32 bytes to ecology
[dna] water wrote 17 bytes to ecology
[dna] water wrote 48 bytes to ecology
[dna] water wrote 68 bytes to ecology
[dna] water wrote 153 bytes to ecology
[dna] water wrote 43 bytes to ecology
[dna] water wrote 137 bytes to ecology
[dna] water wrote 37 bytes to ecology
[dna] water wrote 97 bytes to ecology
[dna] water wrote 53 bytes to ecology
[dna] water wrote 37 bytes to ecology
[dna] water wrote 134 bytes to ecology
[dna] water wrote 25 bytes to ecology
[debug-onto] tick=450 corpus=146784 stage=2 freeze=0
[dna] water wrote 163 bytes to ecology
[dna] water wrote 21 bytes to ecology
[dna] water wrote 38 bytes to ecology
[dna] water wrote 96 bytes to ecology
[dna] water wrote 26 bytes to ecology
[dna] water wrote 73 bytes to ecology
[dna] water wrote 12 bytes to ecology
[dna] water wrote 28 bytes to ecology
[dna] water wrote 83 bytes to ecology
[dna] water wrote 148 bytes to ecology
[dna] water wrote 50 bytes to ecology
[dna] water wrote 43 bytes to ecology
[dna] water wrote 54 bytes to ecology
[dna] water wrote 50 bytes to ecology
[dna] water wrote 36 bytes to ecology
[dna] water wrote 122 bytes to ecology
[dna] water wrote 13 bytes to ecology
[dna] water wrote 41 bytes to ecology
[dna] water wrote 75 bytes to ecology
[dna] water wrote 39 bytes to ecology
[dna] water wrote 26 bytes to ecology
[dna] water wrote 112 bytes to ecology
[dna] water wrote 47 bytes to ecology
[dna] water wrote 17 bytes to ecology
[dna] water wrote 118 bytes to ecology
[debug-onto] tick=500 corpus=146784 stage=2 freeze=0
[dna] water wrote 95 bytes to ecology
[dna] water wrote 66 bytes to ecology
[dna] water wrote 74 bytes to ecology
[dna] water wrote 38 bytes to ecology
[dna] water wrote 27 bytes to ecology
[dna] water wrote 147 bytes to ecology
[dna] water wrote 37 bytes to ecology
[dna] water wrote 19 bytes to ecology
[dna] water wrote 61 bytes to ecology
[dna] water wrote 21 bytes to ecology
[dna] water wrote 70 bytes to ecology
[dna] water wrote 28 bytes to ecology
[dna] water wrote 100 bytes to ecology
[dna] water wrote 23 bytes to ecology
[dna] water wrote 8 bytes to ecology
[dna] water wrote 128 bytes to ecology
[dna] water wrote 29 bytes to ecology
[dna] water wrote 45 bytes to ecology
[dna] water wrote 66 bytes to ecology
[dna] water wrote 32 bytes to ecology
[dna] water wrote 112 bytes to ecology
[dna] water wrote 41 bytes to ecology
[debug-onto] tick=550 corpus=146784 stage=2 freeze=0
[dna] water wrote 71 bytes to ecology
[dna] water wrote 8 bytes to ecology
[dna] water wrote 12 bytes to ecology
[dna] water wrote 30 bytes to ecology
[dna] water wrote 32 bytes to ecology
[dna] water wrote 103 bytes to ecology
[dna] water wrote 45 bytes to ecology
[dna] water wrote 40 bytes to ecology
[dna] water wrote 17 bytes to ecology
[dna] water wrote 47 bytes to ecology
[dna] water wrote 127 bytes to ecology
[dna] water wrote 29 bytes to ecology
[dna] water wrote 30 bytes to ecology
[dna] water wrote 17 bytes to ecology
[dna] water wrote 28 bytes to ecology
[dna] water wrote 22 bytes to ecology
[dna] water wrote 93 bytes to ecology
[dna] water wrote 28 bytes to ecology
[dna] water wrote 30 bytes to ecology
[dna] water wrote 21 bytes to ecology
[dna] water wrote 27 bytes to ecology
[dna] water wrote 30 bytes to ecology
[dna] water wrote 22 bytes to ecology
[debug-onto] tick=600 corpus=146784 stage=2 freeze=0
[dna] water wrote 149 bytes to ecology
[dna] water wrote 102 bytes to ecology
[dna] water wrote 84 bytes to ecology
[dna] water wrote 13 bytes to ecology
[dna] water wrote 56 bytes to ecology
[dna] water wrote 79 bytes to ecology
[dna] water wrote 22 bytes to ecology
[dna] water wrote 64 bytes to ecology
[dna] water wrote 34 bytes to ecology
[dna] water wrote 10 bytes to ecology
[dna] water wrote 27 bytes to ecology
[dna] water wrote 65 bytes to ecology
[dna] water wrote 63 bytes to ecology
[dna] water wrote 86 bytes to ecology
[dna] water wrote 153 bytes to ecology
[dna] water wrote 50 bytes to ecology
[dna] water wrote 54 bytes to ecology

[evolution] Organism shutting down gracefully.
