[ecology] Element: air → corpus: nonames_air.txt
[evolution] Autonomous evolution mode — organism will grow through all stages without pause.
[ecology] Joined swarm. 1 peer(s) detected.
molequla is alive. [evolution] Autonomous mode — background trainer running. Ctrl+C to stop.
[dna] air wrote 90 bytes to ecology
[dna] air consumed 26788 bytes from 332 files: [earth/gen_1777876789_1.txt earth/gen_1777876791_2.txt earth/gen_1777876797_4.txt earth/gen_1777876804_7.txt earth/gen_1777876807_8.txt earth/gen_1777876812_10.txt earth/gen_1777876820_13.txt earth/gen_1777876823_14.txt earth/gen_1777876828_16.txt earth/gen_1777876836_19.txt earth/gen_1777876839_20.txt earth/gen_1777876844_22.txt earth/gen_1777876852_25.txt earth/gen_1777876854_26.txt earth/gen_1777876860_28.txt earth/gen_1777876867_31.txt earth/gen_1777876870_32.txt earth/gen_1777876875_34.txt earth/gen_1777876883_37.txt earth/gen_1777876886_38.txt earth/gen_1777876891_40.txt earth/gen_1777876899_43.txt earth/gen_1777876902_44.txt earth/gen_1777876907_46.txt earth/gen_1777876915_49.txt earth/gen_1777876917_50.txt earth/gen_1777876923_52.txt earth/gen_1777876931_55.txt earth/gen_1777876933_56.txt earth/gen_1777876938_58.txt earth/gen_1777876946_61.txt earth/gen_1777876949_62.txt earth/gen_1777876954_64.txt earth/gen_1777876962_67.txt earth/gen_1777876965_68.txt earth/gen_1777876970_70.txt earth/gen_1777876978_73.txt earth/gen_1777876981_74.txt earth/gen_1777876986_76.txt earth/gen_1777876994_79.txt earth/gen_1777876997_80.txt earth/gen_1777877002_82.txt earth/gen_1777877010_85.txt earth/gen_1777877013_86.txt earth/gen_1777877018_88.txt earth/gen_1777877026_91.txt earth/gen_1777877029_92.txt earth/gen_1777877034_94.txt earth/gen_1777877042_97.txt earth/gen_1777877045_98.txt earth/gen_1777877050_100.txt earth/gen_1777877058_103.txt earth/gen_1777877061_104.txt earth/gen_1777877066_106.txt earth/gen_1777877074_109.txt earth/gen_1777877077_110.txt earth/gen_1777877082_112.txt earth/gen_1777877090_115.txt earth/gen_1777877093_116.txt earth/gen_1777877098_118.txt earth/gen_1777877106_121.txt earth/gen_1777877109_122.txt earth/gen_1777877114_124.txt earth/gen_1777877122_127.txt earth/gen_1777877124_128.txt earth/gen_1777877130_130.txt earth/gen_1777877137_133.txt earth/gen_1777877140_134.txt earth/gen_1777877145_136.txt earth/gen_1777877153_139.txt earth/gen_1777877156_140.txt earth/gen_1777877161_142.txt earth/gen_1777877169_145.txt earth/gen_1777877177_148.txt earth/gen_1777877185_151.txt earth/gen_1777877188_152.txt earth/gen_1777877193_154.txt earth/gen_1777877201_157.txt earth/gen_1777877203_158.txt earth/gen_1777877209_160.txt earth/gen_1777877217_163.txt earth/gen_1777877219_164.txt earth/gen_1777877225_166.txt earth/gen_1777877232_169.txt earth/gen_1777877235_170.txt earth/gen_1777877240_172.txt earth/gen_1777877248_175.txt earth/gen_1777877251_176.txt earth/gen_1777877256_178.txt earth/gen_1777877264_181.txt earth/gen_1777877267_182.txt earth/gen_1777877272_184.txt earth/gen_1777877280_187.txt earth/gen_1777877283_188.txt earth/gen_1777877288_190.txt earth/gen_1777877296_193.txt earth/gen_1777877298_194.txt earth/gen_1777877304_196.txt earth/gen_1777877312_199.txt earth/gen_1777877314_200.txt earth/gen_1777877319_202.txt earth/gen_1777877327_205.txt earth/gen_1777877330_206.txt earth/gen_1777877335_208.txt earth/gen_1777877343_211.txt earth/gen_1777877346_212.txt earth/gen_1777877351_214.txt earth/gen_1777877359_217.txt earth/gen_1777877362_218.txt earth/gen_1777877367_220.txt earth/gen_1777877375_223.txt earth/gen_1777877378_224.txt earth/gen_1777877383_226.txt earth/gen_1777877391_229.txt earth/gen_1777877393_230.txt earth/gen_1777877399_232.txt earth/gen_1777877407_235.txt earth/gen_1777877409_236.txt earth/gen_1777877415_238.txt earth/gen_1777877422_241.txt earth/gen_1777877425_242.txt earth/gen_1777877430_244.txt earth/gen_1777877438_247.txt earth/gen_1777877441_248.txt earth/gen_1777877446_250.txt earth/gen_1777877454_253.txt earth/gen_1777877457_254.txt earth/gen_1777877462_256.txt earth/gen_1777877470_259.txt earth/gen_1777877473_260.txt earth/gen_1777877478_262.txt earth/gen_1777877486_265.txt earth/gen_1777877488_266.txt earth/gen_1777877494_268.txt earth/gen_1777877502_271.txt earth/gen_1777877504_272.txt earth/gen_1777877510_274.txt earth/gen_1777877518_277.txt earth/gen_1777877520_278.txt earth/gen_1777877526_280.txt earth/gen_1777877534_283.txt earth/gen_1777877536_284.txt earth/gen_1777877541_286.txt earth/gen_1777877549_289.txt earth/gen_1777877552_290.txt earth/gen_1777877557_292.txt earth/gen_1777877565_295.txt earth/gen_1777877568_296.txt earth/gen_1777877573_298.txt earth/gen_1777877581_301.txt earth/gen_1777877584_302.txt earth/gen_1777877589_304.txt earth/gen_1777877597_307.txt earth/gen_1777877600_308.txt earth/gen_1777877605_310.txt earth/gen_1777877613_313.txt earth/gen_1777877615_314.txt earth/gen_1777877621_316.txt earth/gen_1777877629_319.txt earth/gen_1777877631_320.txt earth/gen_1777877637_322.txt earth/gen_1777877645_325.txt earth/gen_1777877647_326.txt earth/gen_1777877652_328.txt earth/gen_1777877660_331.txt earth/gen_1777877663_332.txt earth/gen_1777877668_334.txt earth/gen_1777877676_337.txt earth/gen_1777877679_338.txt earth/gen_1777877685_340.txt earth/gen_1777877692_343.txt earth/gen_1777877695_344.txt earth/gen_1777877700_346.txt earth/gen_1777877708_349.txt earth/gen_1777877711_350.txt earth/gen_1777877716_352.txt earth/gen_1777877724_355.txt earth/gen_1777877727_356.txt earth/gen_1777877732_358.txt earth/gen_1777877740_361.txt earth/gen_1777877743_362.txt earth/gen_1777877748_364.txt earth/gen_1777877756_367.txt earth/gen_1777877758_368.txt earth/gen_1777877764_370.txt earth/gen_1777877772_373.txt earth/gen_1777877774_374.txt earth/gen_1777877780_376.txt earth/gen_1777877788_379.txt earth/gen_1777877790_380.txt earth/gen_1777877795_382.txt earth/gen_1777877803_385.txt earth/gen_1777877806_386.txt earth/gen_1777877811_388.txt earth/gen_1777877819_391.txt earth/gen_1777877822_392.txt earth/gen_1777877827_394.txt earth/gen_1777877835_397.txt earth/gen_1777877837_398.txt earth/gen_1777877843_400.txt earth/gen_1777877851_403.txt earth/gen_1777877853_404.txt earth/gen_1777877858_406.txt earth/gen_1777877866_409.txt earth/gen_1777877869_410.txt earth/gen_1777877874_412.txt earth/gen_1777877882_415.txt earth/gen_1777877885_416.txt earth/gen_1777877890_418.txt earth/gen_1777877898_421.txt earth/gen_1777877901_422.txt earth/gen_1777877906_424.txt earth/gen_1777877914_427.txt earth/gen_1777877916_428.txt earth/gen_1777877922_430.txt earth/gen_1777877930_433.txt earth/gen_1777877932_434.txt earth/gen_1777877937_436.txt earth/gen_1777877945_439.txt earth/gen_1777877948_440.txt earth/gen_1777877953_442.txt earth/gen_1777877961_445.txt earth/gen_1777877964_446.txt earth/gen_1777877969_448.txt earth/gen_1777877977_451.txt earth/gen_1777877980_452.txt earth/gen_1777877985_454.txt earth/gen_1777877993_457.txt earth/gen_1777877995_458.txt earth/gen_1777878008_463.txt earth/gen_1777878011_464.txt earth/gen_1777878016_466.txt earth/gen_1777878024_469.txt earth/gen_1777878027_470.txt earth/gen_1777878032_472.txt earth/gen_1777878040_475.txt earth/gen_1777878043_476.txt earth/gen_1777878048_478.txt earth/gen_1777878056_481.txt earth/gen_1777878059_482.txt earth/gen_1777878064_484.txt earth/gen_1777878072_487.txt earth/gen_1777878075_488.txt earth/gen_1777878080_490.txt earth/gen_1777878088_493.txt earth/gen_1777878091_494.txt earth/gen_1777878096_496.txt earth/gen_1777878104_499.txt earth/gen_1777878107_500.txt earth/gen_1777878112_502.txt earth/gen_1777878120_505.txt earth/gen_1777878122_506.txt earth/gen_1777878128_508.txt earth/gen_1777878136_511.txt earth/gen_1777878138_512.txt earth/gen_1777878144_514.txt earth/gen_1777878151_517.txt earth/gen_1777878154_518.txt earth/gen_1777878159_520.txt earth/gen_1777878168_523.txt earth/gen_1777878170_524.txt earth/gen_1777878176_526.txt earth/gen_1777878184_529.txt earth/gen_1777878186_530.txt earth/gen_1777878192_532.txt earth/gen_1777878200_535.txt earth/gen_1777878202_536.txt earth/gen_1777878208_538.txt earth/gen_1777878216_541.txt earth/gen_1777878218_542.txt earth/gen_1777878224_544.txt earth/gen_1777878231_547.txt earth/gen_1777878234_548.txt earth/gen_1777878239_550.txt earth/gen_1777878247_553.txt earth/gen_1777878250_554.txt earth/gen_1777878255_556.txt earth/gen_1777878263_559.txt earth/gen_1777878266_560.txt earth/gen_1777878271_562.txt earth/gen_1777878279_565.txt earth/gen_1777878282_566.txt earth/gen_1777878288_568.txt earth/gen_1777878296_571.txt earth/gen_1777878298_572.txt earth/gen_1777878304_574.txt earth/gen_1777878312_577.txt earth/gen_1777878314_578.txt earth/gen_1777878320_580.txt earth/gen_1777878328_583.txt earth/gen_1777878330_584.txt earth/gen_1777878336_586.txt earth/gen_1777878344_589.txt earth/gen_1777878346_590.txt earth/gen_1777878352_592.txt earth/gen_1777878360_595.txt earth/gen_1777878362_596.txt earth/gen_1777878367_598.txt earth/gen_1777878375_601.txt earth/gen_1777878378_602.txt earth/gen_1777878383_604.txt earth/gen_1777878391_607.txt earth/gen_1777878394_608.txt earth/gen_1777878400_610.txt earth/gen_1777878408_613.txt earth/gen_1777878410_614.txt earth/gen_1777878416_616.txt earth/gen_1777878424_619.txt earth/gen_1777878427_620.txt earth/gen_1777878432_622.txt earth/gen_1777878440_625.txt earth/gen_1777878443_626.txt earth/gen_1777878448_628.txt earth/gen_1777878456_631.txt earth/gen_1777878459_632.txt earth/gen_1777878464_634.txt earth/gen_1777878472_637.txt earth/gen_1777878475_638.txt earth/gen_1777878480_640.txt earth/gen_1777878488_643.txt earth/gen_1777878491_644.txt earth/gen_1777878496_646.txt earth/gen_1777878504_649.txt earth/gen_1777878507_650.txt earth/gen_1777878512_652.txt earth/gen_1777878520_655.txt earth/gen_1777878523_656.txt earth/gen_1777878528_658.txt earth/gen_1777878539_662.txt earth/gen_1777878544_664.txt earth/gen_1777878552_667.txt earth/gen_1777878555_668.txt]
[trainer] micro-train burst (26788 bytes, novelty 0.03) — and lo, it feeds again.
[syntropy] action=explore | trend=0.0000 | field_dev=-0.023 | purpose_align=-0.189 | lr_mul=1.30
[aml] burst complete: 32 steps, avg loss 2.8139 (memory freed)
[dna] air wrote 58 bytes to ecology
[dna] air wrote 23 bytes to ecology
[dna] air wrote 143 bytes to ecology
[dna] air wrote 39 bytes to ecology
[dna] air wrote 177 bytes to ecology
[dna] air wrote 72 bytes to ecology
[dna] air wrote 63 bytes to ecology
[dna] air wrote 136 bytes to ecology
[dna] air wrote 57 bytes to ecology
[dna] air wrote 150 bytes to ecology
[dna] air wrote 130 bytes to ecology
[dna] air wrote 87 bytes to ecology
[dna] air wrote 103 bytes to ecology
[dna] air wrote 81 bytes to ecology
[dna] air wrote 53 bytes to ecology
[dna] air wrote 103 bytes to ecology
[dna] air wrote 79 bytes to ecology
[dna] air wrote 97 bytes to ecology
[debug-onto] tick=50 corpus=149436 stage=2 freeze=0
[dna] air wrote 23 bytes to ecology
[dna] air wrote 49 bytes to ecology
[dna] air wrote 114 bytes to ecology
[dna] air wrote 85 bytes to ecology
[dna] air wrote 149 bytes to ecology
[dna] air wrote 236 bytes to ecology
[dna] air wrote 74 bytes to ecology
[dna] air wrote 186 bytes to ecology
[dna] air wrote 58 bytes to ecology
[dna] air wrote 80 bytes to ecology
[dna] air wrote 50 bytes to ecology
[dna] air wrote 32 bytes to ecology
[dna] air wrote 28 bytes to ecology
[dna] air wrote 88 bytes to ecology
[dna] air wrote 93 bytes to ecology
[dna] air wrote 162 bytes to ecology
[dna] air wrote 84 bytes to ecology
[dna] air wrote 50 bytes to ecology
[dna] air wrote 43 bytes to ecology
[dna] air wrote 34 bytes to ecology
[dna] air wrote 31 bytes to ecology
[debug-onto] tick=100 corpus=149436 stage=2 freeze=0
[dna] air wrote 181 bytes to ecology
[dna] air wrote 76 bytes to ecology
[dna] air wrote 45 bytes to ecology
[dna] air wrote 63 bytes to ecology
[dna] air wrote 95 bytes to ecology
[dna] air wrote 126 bytes to ecology
[dna] air wrote 105 bytes to ecology
[dna] air wrote 87 bytes to ecology
[dna] air wrote 29 bytes to ecology
[dna] air wrote 74 bytes to ecology
[dna] air wrote 37 bytes to ecology
[dna] air wrote 52 bytes to ecology
[dna] air wrote 9 bytes to ecology
[dna] air wrote 79 bytes to ecology
[dna] air wrote 88 bytes to ecology
[dna] air wrote 100 bytes to ecology
[dna] air wrote 38 bytes to ecology
[dna] air wrote 43 bytes to ecology
[dna] air wrote 186 bytes to ecology
[dna] air wrote 32 bytes to ecology
[debug-onto] tick=150 corpus=149436 stage=2 freeze=0
[dna] air wrote 48 bytes to ecology
[dna] air wrote 43 bytes to ecology
[dna] air wrote 62 bytes to ecology
[dna] air wrote 55 bytes to ecology
[dna] air wrote 39 bytes to ecology
[dna] air wrote 64 bytes to ecology
[dna] air wrote 197 bytes to ecology
[dna] air wrote 133 bytes to ecology
[dna] air wrote 44 bytes to ecology
[dna] air wrote 86 bytes to ecology
[dna] air wrote 33 bytes to ecology
[dna] air wrote 157 bytes to ecology
[dna] air wrote 38 bytes to ecology
[dna] air wrote 93 bytes to ecology
[dna] air wrote 118 bytes to ecology
[dna] air wrote 11 bytes to ecology
[dna] air wrote 47 bytes to ecology
[dna] air wrote 81 bytes to ecology
[dna] air wrote 28 bytes to ecology
[dna] air wrote 119 bytes to ecology
[debug-onto] tick=200 corpus=149436 stage=2 freeze=0
[dna] air wrote 30 bytes to ecology
[dna] air wrote 40 bytes to ecology
[dna] air wrote 36 bytes to ecology
[dna] air wrote 56 bytes to ecology
[dna] air wrote 49 bytes to ecology
[dna] air wrote 40 bytes to ecology
[dna] air wrote 107 bytes to ecology
[dna] air wrote 83 bytes to ecology
[dna] air wrote 12 bytes to ecology
[dna] air wrote 47 bytes to ecology
[dna] air wrote 34 bytes to ecology
[dna] air wrote 114 bytes to ecology
[dna] air wrote 45 bytes to ecology
[dna] air wrote 185 bytes to ecology
[dna] air wrote 133 bytes to ecology
[dna] air wrote 88 bytes to ecology
[dna] air wrote 33 bytes to ecology
[dna] air wrote 46 bytes to ecology
[dna] air wrote 16 bytes to ecology
[dna] air wrote 79 bytes to ecology
[debug-onto] tick=250 corpus=149436 stage=2 freeze=0
[dna] air wrote 44 bytes to ecology
[dna] air wrote 188 bytes to ecology
[dna] air wrote 50 bytes to ecology
[dna] air wrote 87 bytes to ecology
[dna] air wrote 72 bytes to ecology
[dna] air wrote 223 bytes to ecology
[dna] air wrote 59 bytes to ecology
[dna] air wrote 45 bytes to ecology
[dna] air wrote 50 bytes to ecology
[dna] air wrote 105 bytes to ecology
[dna] air wrote 23 bytes to ecology
[dna] air wrote 25 bytes to ecology
[dna] air wrote 25 bytes to ecology
[dna] air wrote 89 bytes to ecology
[dna] air wrote 77 bytes to ecology
[dna] air wrote 31 bytes to ecology
[dna] air wrote 47 bytes to ecology
[dna] air wrote 37 bytes to ecology
[dna] air wrote 71 bytes to ecology
[dna] air wrote 109 bytes to ecology
[dna] air wrote 55 bytes to ecology
[debug-onto] tick=300 corpus=149436 stage=2 freeze=0
[dna] air wrote 126 bytes to ecology
[dna] air wrote 36 bytes to ecology
[dna] air wrote 193 bytes to ecology
[dna] air wrote 38 bytes to ecology
[dna] air wrote 29 bytes to ecology
[dna] air wrote 233 bytes to ecology
[dna] air wrote 113 bytes to ecology
[dna] air wrote 111 bytes to ecology
[dna] air wrote 91 bytes to ecology
[dna] air wrote 43 bytes to ecology
[dna] air wrote 108 bytes to ecology
[dna] air wrote 48 bytes to ecology
[dna] air wrote 59 bytes to ecology
[dna] air wrote 35 bytes to ecology
[dna] air wrote 32 bytes to ecology
[dna] air wrote 61 bytes to ecology
[dna] air wrote 73 bytes to ecology
[dna] air wrote 62 bytes to ecology
[debug-onto] tick=350 corpus=149436 stage=2 freeze=0
[dna] air wrote 29 bytes to ecology
[dna] air wrote 103 bytes to ecology
[dna] air wrote 82 bytes to ecology
[dna] air wrote 53 bytes to ecology
[dna] air wrote 59 bytes to ecology
[dna] air wrote 147 bytes to ecology
[dna] air wrote 29 bytes to ecology
[dna] air wrote 35 bytes to ecology
[dna] air wrote 175 bytes to ecology
[dna] air wrote 102 bytes to ecology
[dna] air wrote 25 bytes to ecology
[dna] air wrote 51 bytes to ecology
[dna] air wrote 34 bytes to ecology
[dna] air wrote 52 bytes to ecology
[dna] air wrote 54 bytes to ecology
[dna] air wrote 73 bytes to ecology
[dna] air wrote 48 bytes to ecology
[dna] air wrote 71 bytes to ecology
[dna] air wrote 141 bytes to ecology
[dna] air wrote 54 bytes to ecology
[dna] air wrote 66 bytes to ecology
[dna] air wrote 67 bytes to ecology
[debug-onto] tick=400 corpus=149436 stage=2 freeze=0
[dna] air wrote 71 bytes to ecology
[dna] air wrote 35 bytes to ecology
[dna] air wrote 64 bytes to ecology
[dna] air wrote 146 bytes to ecology
[dna] air wrote 48 bytes to ecology
[dna] air wrote 46 bytes to ecology
[dna] air wrote 143 bytes to ecology
[dna] air wrote 98 bytes to ecology
[dna] air wrote 34 bytes to ecology
[dna] air wrote 56 bytes to ecology
[dna] air wrote 49 bytes to ecology
[dna] air wrote 120 bytes to ecology
[dna] air wrote 46 bytes to ecology
[dna] air wrote 29 bytes to ecology
[dna] air wrote 85 bytes to ecology
[dna] air wrote 137 bytes to ecology
[dna] air wrote 31 bytes to ecology
[dna] air wrote 50 bytes to ecology
[dna] air wrote 50 bytes to ecology
[dna] air wrote 159 bytes to ecology
[debug-onto] tick=450 corpus=149436 stage=2 freeze=0
[dna] air wrote 187 bytes to ecology
[dna] air wrote 90 bytes to ecology
[dna] air wrote 35 bytes to ecology
[dna] air wrote 10 bytes to ecology
[dna] air wrote 153 bytes to ecology
[dna] air wrote 52 bytes to ecology
[dna] air wrote 97 bytes to ecology
[dna] air wrote 57 bytes to ecology
[dna] air wrote 132 bytes to ecology
[dna] air wrote 48 bytes to ecology
[dna] air wrote 81 bytes to ecology
[dna] air wrote 178 bytes to ecology
[dna] air wrote 76 bytes to ecology
[dna] air wrote 91 bytes to ecology
[dna] air wrote 93 bytes to ecology
[dna] air wrote 170 bytes to ecology
[dna] air wrote 70 bytes to ecology
[dna] air wrote 84 bytes to ecology
[dna] air wrote 184 bytes to ecology
[dna] air wrote 29 bytes to ecology
[dna] air wrote 113 bytes to ecology
[dna] air wrote 83 bytes to ecology
[debug-onto] tick=500 corpus=149436 stage=2 freeze=0
[dna] air wrote 94 bytes to ecology
[dna] air wrote 60 bytes to ecology
[dna] air wrote 26 bytes to ecology
[dna] air wrote 34 bytes to ecology
[dna] air wrote 72 bytes to ecology
[dna] air wrote 37 bytes to ecology
[dna] air wrote 60 bytes to ecology
[dna] air wrote 33 bytes to ecology
[dna] air wrote 134 bytes to ecology
[dna] air wrote 27 bytes to ecology
[dna] air wrote 29 bytes to ecology
[dna] air wrote 48 bytes to ecology
[dna] air wrote 36 bytes to ecology
[dna] air wrote 66 bytes to ecology
[dna] air wrote 53 bytes to ecology
[dna] air wrote 51 bytes to ecology
[dna] air wrote 61 bytes to ecology
[dna] air wrote 94 bytes to ecology
[debug-onto] tick=550 corpus=149436 stage=2 freeze=0
[dna] air wrote 63 bytes to ecology
[dna] air wrote 66 bytes to ecology
[dna] air wrote 121 bytes to ecology
[dna] air wrote 42 bytes to ecology
[dna] air wrote 70 bytes to ecology
[dna] air wrote 75 bytes to ecology
[dna] air wrote 84 bytes to ecology
[dna] air wrote 87 bytes to ecology
[dna] air wrote 35 bytes to ecology
[dna] air wrote 49 bytes to ecology
[dna] air wrote 42 bytes to ecology
[dna] air wrote 108 bytes to ecology
[dna] air wrote 97 bytes to ecology
[dna] air wrote 144 bytes to ecology
[dna] air wrote 33 bytes to ecology
[dna] air wrote 48 bytes to ecology
[dna] air wrote 81 bytes to ecology
[dna] air wrote 67 bytes to ecology
[dna] air wrote 61 bytes to ecology
[debug-onto] tick=600 corpus=149436 stage=2 freeze=0
[dna] air wrote 55 bytes to ecology
[dna] air wrote 131 bytes to ecology
[dna] air wrote 119 bytes to ecology
[dna] air wrote 26 bytes to ecology
[dna] air wrote 44 bytes to ecology
[dna] air wrote 82 bytes to ecology
[dna] air wrote 31 bytes to ecology
[dna] air wrote 103 bytes to ecology
[dna] air wrote 89 bytes to ecology
[dna] air wrote 109 bytes to ecology
[dna] air wrote 29 bytes to ecology
[dna] air wrote 102 bytes to ecology
[dna] air wrote 40 bytes to ecology

[evolution] Organism shutting down gracefully.
