[ecology] Element: earth → corpus: nonames_earth.txt
[evolution] Autonomous evolution mode — organism will grow through all stages without pause.
[init] Stage 0 (embryo): embd=16, layer=1, head=1 — warmup 400 steps (400 backprop + 0 notorch, sqrt-scaled 1x)
  [aml] step 0/160 | loss 6.4979 (avg 6.4979) | lr 0.001000 | seq 8
  [aml] step 10/160 | loss 6.1392 (avg 6.4072) | lr 0.001450 | seq 8
  [aml] step 20/160 | loss 6.2652 (avg 6.2847) | lr 0.001900 | seq 8
  [aml] step 30/160 | loss 5.7410 (avg 6.1867) | lr 0.002350 | seq 8
  [aml] step 40/160 | loss 5.4113 (avg 6.0685) | lr 0.002800 | seq 8
  [aml] step 50/160 | loss 4.6766 (avg 5.9106) | lr 0.003250 | seq 8
  [aml] step 60/160 | loss 4.9138 (avg 5.7502) | lr 0.003700 | seq 8
  [aml] step 70/160 | loss 5.2506 (avg 5.6345) | lr 0.004150 | seq 8
  [aml] step 80/160 | loss 3.0076 (avg 5.5156) | lr 0.004600 | seq 8
  [aml] step 90/160 | loss 4.1919 (avg 5.3755) | lr 0.005050 | seq 8
  [aml] step 100/160 | loss 5.0223 (avg 5.2881) | lr 0.005500 | seq 8
  [aml] step 110/160 | loss 5.3722 (avg 5.1608) | lr 0.005950 | seq 8
  [aml] step 120/160 | loss 3.9619 (avg 5.0904) | lr 0.006400 | seq 8
  [aml] step 130/160 | loss 4.4246 (avg 5.0410) | lr 0.006850 | seq 8
  [aml] step 140/160 | loss 2.9697 (avg 4.9942) | lr 0.007300 | seq 8
  [aml] step 150/160 | loss 2.7976 (avg 4.9691) | lr 0.007750 | seq 8
[aml] training complete: 160 steps, avg loss 4.9217 (memory freed)
  [aml] step 0/120 | loss 4.5740 (avg 4.5740) | lr 0.008200 | seq 16
  [aml] step 10/120 | loss 4.2819 (avg 4.4475) | lr 0.008650 | seq 16
  [aml] step 20/120 | loss 3.4646 (avg 4.4281) | lr 0.009100 | seq 16
  [aml] step 30/120 | loss 3.4480 (avg 4.1994) | lr 0.009550 | seq 16
  [aml] step 40/120 | loss 3.0304 (avg 4.2138) | lr 0.010000 | seq 16
  [aml] step 50/120 | loss 2.8049 (avg 4.1823) | lr 0.010000 | seq 16
  [aml] step 60/120 | loss 4.2215 (avg 4.1806) | lr 0.010000 | seq 16
  [aml] step 70/120 | loss 4.2515 (avg 4.1118) | lr 0.010000 | seq 16
  [aml] step 80/120 | loss 5.0098 (avg 4.0715) | lr 0.009999 | seq 16
  [aml] step 90/120 | loss 4.5977 (avg 3.9770) | lr 0.009999 | seq 16
  [aml] step 100/120 | loss 3.8328 (avg 3.9244) | lr 0.009999 | seq 16
  [aml] step 110/120 | loss 5.2644 (avg 3.8491) | lr 0.009999 | seq 16
[aml] training complete: 120 steps, avg loss 3.8643 (memory freed)
  [aml] step 0/120 | loss 2.7595 (avg 2.7595) | lr 0.009999 | seq 32
  [aml] step 10/120 | loss 4.7436 (avg 3.9596) | lr 0.009999 | seq 32
  [aml] step 20/120 | loss 4.3418 (avg 3.8186) | lr 0.009999 | seq 32
  [aml] step 30/120 | loss 3.7592 (avg 3.5153) | lr 0.009999 | seq 32
  [aml] step 40/120 | loss 3.9473 (avg 3.4546) | lr 0.009999 | seq 32
  [aml] step 50/120 | loss 4.0141 (avg 3.4212) | lr 0.009999 | seq 32
  [aml] step 60/120 | loss 2.8621 (avg 3.3523) | lr 0.009999 | seq 32
  [aml] step 70/120 | loss 1.3531 (avg 3.3269) | lr 0.009999 | seq 32
  [aml] step 80/120 | loss 4.4818 (avg 3.3206) | lr 0.009999 | seq 32
  [aml] step 90/120 | loss 1.6045 (avg 3.2734) | lr 0.009999 | seq 32
  [aml] step 100/120 | loss 0.8112 (avg 3.2758) | lr 0.009999 | seq 32
  [aml] step 110/120 | loss 0.8855 (avg 3.1547) | lr 0.009999 | seq 32
[aml] training complete: 120 steps, avg loss 3.0564 (memory freed)

[stage 0 — embryo] What it sounds like now:
  Q: Hello.
  A: What is the lesson of retaining along a structure along the value?
  Q: Who are you?
  A: it supporting material that and collect water.
  Q: What do you know?
  A: from the si What is the mes of the contains as event.

[growth] ONTOGENESIS: stage 0 -> 1
  embd: 16 -> 32, layer: 1 -> 1, head: 1 -> 2
[growth] Done. Freeze for 500 steps.
[init] Stage 1 (infant): embd=32, layer=1, head=2 — warmup 800 steps (800 backprop + 0 notorch, sqrt-scaled 2x)
  [aml] step 0/320 | loss 4.1256 (avg 4.1256) | lr 0.000500 | seq 8
  [aml] step 10/320 | loss 1.8229 (avg 3.9549) | lr 0.000725 | seq 8
  [aml] step 20/320 | loss 1.7037 (avg 3.6444) | lr 0.000950 | seq 8
  [aml] step 30/320 | loss 4.4935 (avg 4.0826) | lr 0.001175 | seq 8
  [aml] step 40/320 | loss 3.9824 (avg 4.0317) | lr 0.001400 | seq 8
  [aml] step 50/320 | loss 5.1105 (avg 4.1055) | lr 0.001625 | seq 8
  [aml] step 60/320 | loss 0.7326 (avg 4.1039) | lr 0.001850 | seq 8
  [aml] step 70/320 | loss 4.9328 (avg 4.1929) | lr 0.002075 | seq 8
  [aml] step 80/320 | loss 6.9580 (avg 4.2279) | lr 0.002300 | seq 8
  [aml] step 90/320 | loss 4.1302 (avg 4.1150) | lr 0.002525 | seq 8
  [aml] step 100/320 | loss 4.3968 (avg 4.0674) | lr 0.002750 | seq 8
  [aml] step 110/320 | loss 4.0030 (avg 4.0098) | lr 0.002975 | seq 8
  [aml] step 120/320 | loss 4.9118 (avg 4.0057) | lr 0.003200 | seq 8
  [aml] step 130/320 | loss 3.1482 (avg 4.0049) | lr 0.003425 | seq 8
  [aml] step 140/320 | loss 3.8049 (avg 4.0142) | lr 0.003650 | seq 8
  [aml] step 150/320 | loss 4.0460 (avg 3.9988) | lr 0.003875 | seq 8
  [aml] step 160/320 | loss 1.2667 (avg 3.9738) | lr 0.004100 | seq 8
  [aml] step 170/320 | loss 1.0442 (avg 3.9424) | lr 0.004325 | seq 8
  [aml] step 180/320 | loss 1.1531 (avg 3.9062) | lr 0.004550 | seq 8
  [aml] step 190/320 | loss 5.1328 (avg 3.8760) | lr 0.004775 | seq 8
  [aml] step 200/320 | loss 3.2047 (avg 3.8986) | lr 0.004998 | seq 8
  [aml] step 210/320 | loss 4.5726 (avg 3.9046) | lr 0.004998 | seq 8
  [aml] step 220/320 | loss 4.1899 (avg 3.8606) | lr 0.004998 | seq 8
  [aml] step 230/320 | loss 4.1853 (avg 3.8753) | lr 0.004998 | seq 8
  [aml] step 240/320 | loss 4.2390 (avg 3.8525) | lr 0.004998 | seq 8
  [aml] step 250/320 | loss 0.9403 (avg 3.8174) | lr 0.004998 | seq 8
  [aml] step 260/320 | loss 5.3055 (avg 3.7771) | lr 0.004998 | seq 8
  [aml] step 270/320 | loss 5.0836 (avg 3.7693) | lr 0.004998 | seq 8
  [aml] step 280/320 | loss 4.5265 (avg 3.7543) | lr 0.004998 | seq 8
  [aml] step 290/320 | loss 3.6403 (avg 3.7464) | lr 0.004998 | seq 8
  [aml] step 300/320 | loss 4.0247 (avg 3.7434) | lr 0.004998 | seq 8
  [aml] step 310/320 | loss 5.1542 (avg 3.7462) | lr 0.004998 | seq 8
[aml] training complete: 320 steps, avg loss 3.7337 (memory freed)
  [aml] step 0/240 | loss 4.6053 (avg 4.6053) | lr 0.004998 | seq 16
  [aml] step 10/240 | loss 3.5605 (avg 3.8961) | lr 0.004998 | seq 16
  [aml] step 20/240 | loss 4.0433 (avg 3.7476) | lr 0.004998 | seq 16
  [aml] step 30/240 | loss 4.7291 (avg 3.4862) | lr 0.004998 | seq 16
  [aml] step 40/240 | loss 2.2045 (avg 3.4585) | lr 0.004997 | seq 16
  [aml] step 50/240 | loss 2.0246 (avg 3.4043) | lr 0.004997 | seq 16
  [aml] step 60/240 | loss 4.6710 (avg 3.3050) | lr 0.004997 | seq 16
  [aml] step 70/240 | loss 4.1670 (avg 3.2831) | lr 0.004997 | seq 16
  [aml] step 80/240 | loss 2.4736 (avg 3.2684) | lr 0.004997 | seq 16
  [aml] step 90/240 | loss 2.5080 (avg 3.2652) | lr 0.004997 | seq 16
  [aml] step 100/240 | loss 1.4170 (avg 3.2316) | lr 0.004997 | seq 16
  [aml] step 110/240 | loss 4.5254 (avg 3.1847) | lr 0.004997 | seq 16
  [aml] step 120/240 | loss 0.8629 (avg 3.1618) | lr 0.004997 | seq 16
  [aml] step 130/240 | loss 4.0212 (avg 3.1235) | lr 0.004997 | seq 16
  [aml] step 140/240 | loss 4.2280 (avg 3.1704) | lr 0.004997 | seq 16
  [aml] step 150/240 | loss 2.3114 (avg 3.1441) | lr 0.004997 | seq 16
  [aml] step 160/240 | loss 4.6262 (avg 3.1617) | lr 0.004997 | seq 16
  [aml] step 170/240 | loss 4.9037 (avg 3.1788) | lr 0.004996 | seq 16
  [aml] step 180/240 | loss 3.9310 (avg 3.1898) | lr 0.004996 | seq 16
  [aml] step 190/240 | loss 4.4949 (avg 3.1915) | lr 0.004996 | seq 16
  [aml] step 200/240 | loss 1.9509 (avg 3.1974) | lr 0.004996 | seq 16
  [aml] step 210/240 | loss 3.5139 (avg 3.2113) | lr 0.004996 | seq 16
  [aml] step 220/240 | loss 3.4475 (avg 3.2217) | lr 0.004996 | seq 16
  [aml] step 230/240 | loss 5.5702 (avg 3.2585) | lr 0.004996 | seq 16
[aml] training complete: 240 steps, avg loss 3.2305 (memory freed)
  [aml] step 0/240 | loss 1.6399 (avg 1.6399) | lr 0.004996 | seq 32
  [aml] step 10/240 | loss 1.3908 (avg 2.1249) | lr 0.004996 | seq 32
  [aml] step 20/240 | loss 1.2669 (avg 2.8163) | lr 0.004996 | seq 32
  [aml] step 30/240 | loss 4.1134 (avg 3.0864) | lr 0.004996 | seq 32
  [aml] step 40/240 | loss 0.7654 (avg 3.0752) | lr 0.004996 | seq 32
  [aml] step 50/240 | loss 4.4481 (avg 3.1373) | lr 0.004995 | seq 32
  [aml] step 60/240 | loss 4.1220 (avg 2.9983) | lr 0.004995 | seq 32
  [aml] step 70/240 | loss 4.2405 (avg 3.0465) | lr 0.004995 | seq 32
  [aml] step 80/240 | loss 3.7408 (avg 3.0282) | lr 0.004995 | seq 32
  [aml] step 90/240 | loss 3.7220 (avg 3.0979) | lr 0.004995 | seq 32
  [aml] step 100/240 | loss 1.1028 (avg 3.0119) | lr 0.004995 | seq 32
  [aml] step 110/240 | loss 1.5011 (avg 2.9586) | lr 0.004995 | seq 32
  [aml] step 120/240 | loss 3.8945 (avg 2.9558) | lr 0.004995 | seq 32
  [aml] step 130/240 | loss 3.5572 (avg 2.9281) | lr 0.004995 | seq 32
  [aml] step 140/240 | loss 4.0773 (avg 2.9153) | lr 0.004995 | seq 32
  [aml] step 150/240 | loss 1.0585 (avg 2.8889) | lr 0.004995 | seq 32
  [aml] step 160/240 | loss 3.2709 (avg 2.8718) | lr 0.004994 | seq 32
  [aml] step 170/240 | loss 3.4873 (avg 2.8712) | lr 0.004994 | seq 32
  [aml] step 180/240 | loss 1.6791 (avg 2.8344) | lr 0.004994 | seq 32
  [aml] step 190/240 | loss 3.6539 (avg 2.8213) | lr 0.004994 | seq 32
  [aml] step 200/240 | loss 0.6316 (avg 2.7721) | lr 0.004994 | seq 32
  [aml] step 210/240 | loss 4.2303 (avg 2.7932) | lr 0.004994 | seq 32
  [aml] step 220/240 | loss 0.8668 (avg 2.7701) | lr 0.004994 | seq 32
  [aml] step 230/240 | loss 2.0846 (avg 2.7401) | lr 0.004994 | seq 32
[aml] training complete: 240 steps, avg loss 2.7088 (memory freed)

[stage 1 — infant] What it sounds like now:
  Q: Hello.
  A: The dep a nex degree puts in arrange — pric places.
  Q: Who are you?
  A: ...
  Q: What do you know?
  A: h flo The ground?

[growth] ONTOGENESIS: stage 1 -> 2
  embd: 32 -> 64, layer: 1 -> 2, head: 2 -> 4
[growth] Done. Freeze for 500 steps.
[init] Stage 2 (child): embd=64, layer=2, head=4 — warmup 800 steps (800 backprop + 0 notorch, sqrt-scaled 2x)
  [aml] step 0/320 | loss 2.1378 (avg 2.1378) | lr 0.000250 | seq 8
  [aml] step 10/320 | loss 5.9814 (avg 4.2318) | lr 0.000363 | seq 8
  [aml] step 20/320 | loss 1.1997 (avg 3.5794) | lr 0.000475 | seq 8
  [aml] step 30/320 | loss 5.2721 (avg 3.7751) | lr 0.000588 | seq 8
  [aml] step 40/320 | loss 2.7741 (avg 3.6913) | lr 0.000700 | seq 8
  [aml] step 50/320 | loss 3.9422 (avg 3.6480) | lr 0.000813 | seq 8
  [aml] step 60/320 | loss 5.1649 (avg 3.5776) | lr 0.000925 | seq 8
  [aml] step 70/320 | loss 3.5765 (avg 3.4518) | lr 0.001038 | seq 8
  [aml] step 80/320 | loss 5.4770 (avg 3.4903) | lr 0.001150 | seq 8
  [aml] step 90/320 | loss 4.2939 (avg 3.5108) | lr 0.001263 | seq 8
  [aml] step 100/320 | loss 4.1912 (avg 3.5370) | lr 0.001375 | seq 8
  [aml] step 110/320 | loss 3.6943 (avg 3.4724) | lr 0.001488 | seq 8
  [aml] step 120/320 | loss 1.2434 (avg 3.4504) | lr 0.001600 | seq 8
  [aml] step 130/320 | loss 4.2693 (avg 3.4559) | lr 0.001713 | seq 8
  [aml] step 140/320 | loss 1.5447 (avg 3.4284) | lr 0.001825 | seq 8
  [aml] step 150/320 | loss 5.1814 (avg 3.4274) | lr 0.001938 | seq 8
  [aml] step 160/320 | loss 3.7990 (avg 3.4217) | lr 0.002050 | seq 8
  [aml] step 170/320 | loss 3.9074 (avg 3.4115) | lr 0.002163 | seq 8
  [aml] step 180/320 | loss 0.9931 (avg 3.3813) | lr 0.002275 | seq 8
  [aml] step 190/320 | loss 1.7369 (avg 3.3490) | lr 0.002387 | seq 8
  [aml] step 200/320 | loss 0.2220 (avg 3.3276) | lr 0.002496 | seq 8
  [aml] step 210/320 | loss 4.3162 (avg 3.3625) | lr 0.002496 | seq 8
  [aml] step 220/320 | loss 4.0487 (avg 3.3791) | lr 0.002496 | seq 8
  [aml] step 230/320 | loss 4.3535 (avg 3.3812) | lr 0.002495 | seq 8
  [aml] step 240/320 | loss 2.5626 (avg 3.3612) | lr 0.002495 | seq 8
  [aml] step 250/320 | loss 4.0296 (avg 3.3577) | lr 0.002495 | seq 8
  [aml] step 260/320 | loss 2.1766 (avg 3.3572) | lr 0.002495 | seq 8
  [aml] step 270/320 | loss 0.2505 (avg 3.3445) | lr 0.002495 | seq 8
  [aml] step 280/320 | loss 5.1074 (avg 3.3692) | lr 0.002495 | seq 8
  [aml] step 290/320 | loss 4.4309 (avg 3.3648) | lr 0.002495 | seq 8
  [aml] step 300/320 | loss 1.1234 (avg 3.3482) | lr 0.002495 | seq 8
  [aml] step 310/320 | loss 4.6984 (avg 3.3412) | lr 0.002495 | seq 8
[aml] training complete: 320 steps, avg loss 3.3255 (memory freed)
  [aml] step 0/240 | loss 4.2870 (avg 4.2870) | lr 0.002495 | seq 16
  [aml] step 10/240 | loss 3.4284 (avg 3.3801) | lr 0.002495 | seq 16
  [aml] step 20/240 | loss 4.4133 (avg 3.2902) | lr 0.002495 | seq 16
  [aml] step 30/240 | loss 5.6809 (avg 3.4677) | lr 0.002495 | seq 16
  [aml] step 40/240 | loss 5.0206 (avg 3.5384) | lr 0.002495 | seq 16
  [aml] step 50/240 | loss 1.6734 (avg 3.5144) | lr 0.002495 | seq 16
  [aml] step 60/240 | loss 4.2636 (avg 3.4951) | lr 0.002494 | seq 16
  [aml] step 70/240 | loss 4.1634 (avg 3.4417) | lr 0.002494 | seq 16
  [aml] step 80/240 | loss 1.7565 (avg 3.3180) | lr 0.002494 | seq 16
  [aml] step 90/240 | loss 1.0173 (avg 3.2220) | lr 0.002494 | seq 16
  [aml] step 100/240 | loss 2.0759 (avg 3.2793) | lr 0.002494 | seq 16
  [aml] step 110/240 | loss 4.1750 (avg 3.2996) | lr 0.002494 | seq 16
  [aml] step 120/240 | loss 3.5235 (avg 3.2357) | lr 0.002494 | seq 16
  [aml] step 130/240 | loss 4.7679 (avg 3.2502) | lr 0.002494 | seq 16
  [aml] step 140/240 | loss 3.4409 (avg 3.2229) | lr 0.002494 | seq 16
  [aml] step 150/240 | loss 4.6963 (avg 3.2115) | lr 0.002494 | seq 16
  [aml] step 160/240 | loss 2.6896 (avg 3.2437) | lr 0.002494 | seq 16
  [aml] step 170/240 | loss 3.9332 (avg 3.2797) | lr 0.002494 | seq 16
  [aml] step 180/240 | loss 1.7004 (avg 3.2846) | lr 0.002494 | seq 16
  [aml] step 190/240 | loss 1.1189 (avg 3.2514) | lr 0.002494 | seq 16
  [aml] step 200/240 | loss 1.6831 (avg 3.2142) | lr 0.002493 | seq 16
  [aml] step 210/240 | loss 3.9688 (avg 3.2237) | lr 0.002493 | seq 16
  [aml] step 220/240 | loss 4.7701 (avg 3.1939) | lr 0.002493 | seq 16
  [aml] step 230/240 | loss 1.9113 (avg 3.1481) | lr 0.002493 | seq 16
[aml] training complete: 240 steps, avg loss 3.1509 (memory freed)
  [aml] step 0/240 | loss 4.4203 (avg 4.4203) | lr 0.002493 | seq 32
  [aml] step 10/240 | loss 4.4425 (avg 3.1491) | lr 0.002493 | seq 32
  [aml] step 20/240 | loss 4.1675 (avg 3.1116) | lr 0.002493 | seq 32
  [aml] step 30/240 | loss 2.1311 (avg 2.8241) | lr 0.002493 | seq 32
  [aml] step 40/240 | loss 2.3757 (avg 2.6813) | lr 0.002493 | seq 32
  [aml] step 50/240 | loss 1.0891 (avg 2.6438) | lr 0.002493 | seq 32
  [aml] step 60/240 | loss 0.9892 (avg 2.5083) | lr 0.002493 | seq 32
  [aml] step 70/240 | loss 4.1522 (avg 2.5462) | lr 0.002493 | seq 32
  [aml] step 80/240 | loss 0.9043 (avg 2.5078) | lr 0.002492 | seq 32
  [aml] step 90/240 | loss 3.8829 (avg 2.4934) | lr 0.002492 | seq 32
  [aml] step 100/240 | loss 4.1242 (avg 2.4296) | lr 0.002492 | seq 32
  [aml] step 110/240 | loss 1.2960 (avg 2.4196) | lr 0.002492 | seq 32
  [aml] step 120/240 | loss 1.1027 (avg 2.4283) | lr 0.002492 | seq 32
  [aml] step 130/240 | loss 4.6577 (avg 2.4065) | lr 0.002492 | seq 32
  [aml] step 140/240 | loss 3.9625 (avg 2.4830) | lr 0.002492 | seq 32
  [aml] step 150/240 | loss 4.1707 (avg 2.5045) | lr 0.002492 | seq 32
  [aml] step 160/240 | loss 4.2120 (avg 2.5477) | lr 0.002492 | seq 32
  [aml] step 170/240 | loss 1.2930 (avg 2.5144) | lr 0.002492 | seq 32
  [aml] step 180/240 | loss 0.2311 (avg 2.5076) | lr 0.002492 | seq 32
  [aml] step 190/240 | loss 0.7459 (avg 2.5018) | lr 0.002492 | seq 32
  [aml] step 200/240 | loss 4.7146 (avg 2.5589) | lr 0.002491 | seq 32
  [aml] step 210/240 | loss 4.2016 (avg 2.5776) | lr 0.002491 | seq 32
  [aml] step 220/240 | loss 4.2359 (avg 2.5829) | lr 0.002491 | seq 32
  [aml] step 230/240 | loss 1.7507 (avg 2.5569) | lr 0.002491 | seq 32
[aml] training complete: 240 steps, avg loss 2.5661 (memory freed)

[stage 2 — child] What it sounds like now:
  Q: Hello.
  A: It is a foundation, the lesson is the rock h are either is a tremelyH: What is a river to the crusting tools without a laid.
  Q: Who are you?
  A: ...
  Q: What do you know?
  A: ...

[init] Warmup complete at stage 2. Organism ready.
[ecology] First organism in the swarm.
molequla is alive. [evolution] Autonomous mode — background trainer running. Ctrl+C to stop.
[dna] earth wrote 86 bytes to ecology
[dna] earth wrote 21 bytes to ecology
[dna] earth wrote 60 bytes to ecology
[dna] earth wrote 55 bytes to ecology
[dna] earth wrote 30 bytes to ecology
[dna] earth wrote 80 bytes to ecology
[dna] earth wrote 77 bytes to ecology
[dna] earth wrote 46 bytes to ecology
[dna] earth wrote 81 bytes to ecology
[dna] earth wrote 114 bytes to ecology
[dna] earth wrote 272 bytes to ecology
[dna] earth wrote 25 bytes to ecology
[dna] earth wrote 83 bytes to ecology
[dna] earth wrote 35 bytes to ecology
[dna] earth wrote 70 bytes to ecology
[dna] earth wrote 22 bytes to ecology
[dna] earth wrote 33 bytes to ecology
[dna] earth wrote 151 bytes to ecology
[dna] earth wrote 30 bytes to ecology
[dna] earth wrote 41 bytes to ecology
[dna] earth wrote 46 bytes to ecology
[dna] earth wrote 154 bytes to ecology
[dna] earth wrote 54 bytes to ecology
[dna] earth wrote 14 bytes to ecology
[dna] earth wrote 58 bytes to ecology
[dna] earth wrote 46 bytes to ecology
[debug-onto] tick=50 corpus=173643 stage=2 freeze=0
[dna] earth wrote 132 bytes to ecology
[dna] earth wrote 20 bytes to ecology
[dna] earth wrote 18 bytes to ecology
[dna] earth wrote 36 bytes to ecology
[dna] earth wrote 96 bytes to ecology
[dna] earth wrote 143 bytes to ecology
[dna] earth wrote 33 bytes to ecology
[dna] earth wrote 41 bytes to ecology
[dna] earth wrote 53 bytes to ecology
[dna] earth wrote 175 bytes to ecology
[dna] earth wrote 68 bytes to ecology
[dna] earth wrote 85 bytes to ecology
[dna] earth wrote 56 bytes to ecology
[dna] earth wrote 151 bytes to ecology
[dna] earth wrote 45 bytes to ecology
[dna] earth wrote 33 bytes to ecology
[dna] earth wrote 133 bytes to ecology
[dna] earth wrote 64 bytes to ecology
[dna] earth wrote 271 bytes to ecology
[dna] earth wrote 154 bytes to ecology
[dna] earth wrote 111 bytes to ecology
[dna] earth wrote 41 bytes to ecology
[dna] earth wrote 120 bytes to ecology
[dna] earth wrote 90 bytes to ecology
[dna] earth wrote 110 bytes to ecology
[debug-onto] tick=100 corpus=173643 stage=2 freeze=0
[dna] earth wrote 224 bytes to ecology
[dna] earth wrote 43 bytes to ecology
[dna] earth wrote 31 bytes to ecology
[dna] earth wrote 34 bytes to ecology
[dna] earth wrote 14 bytes to ecology
[dna] earth wrote 95 bytes to ecology
[dna] earth wrote 99 bytes to ecology
[dna] earth wrote 106 bytes to ecology
[dna] earth wrote 126 bytes to ecology
[dna] earth wrote 97 bytes to ecology
[dna] earth wrote 19 bytes to ecology
[dna] earth wrote 79 bytes to ecology
[dna] earth wrote 41 bytes to ecology
[dna] earth wrote 43 bytes to ecology
[dna] earth wrote 43 bytes to ecology
[dna] earth wrote 50 bytes to ecology
[dna] earth wrote 47 bytes to ecology
[dna] earth wrote 172 bytes to ecology
[dna] earth wrote 138 bytes to ecology
[dna] earth wrote 17 bytes to ecology
[dna] earth wrote 36 bytes to ecology
[dna] earth wrote 30 bytes to ecology
[dna] earth wrote 6 bytes to ecology
[dna] earth wrote 62 bytes to ecology
[debug-onto] tick=150 corpus=173643 stage=2 freeze=0
[dna] earth wrote 22 bytes to ecology
[dna] earth wrote 53 bytes to ecology
[dna] earth wrote 77 bytes to ecology
[dna] earth wrote 119 bytes to ecology
[dna] earth wrote 103 bytes to ecology
[dna] earth wrote 28 bytes to ecology
[dna] earth wrote 186 bytes to ecology
[dna] earth wrote 27 bytes to ecology
[dna] earth wrote 106 bytes to ecology
[dna] earth wrote 81 bytes to ecology
[dna] earth wrote 134 bytes to ecology
[dna] earth wrote 33 bytes to ecology
[dna] earth wrote 228 bytes to ecology
[dna] earth wrote 175 bytes to ecology
[dna] earth wrote 128 bytes to ecology
[dna] earth wrote 56 bytes to ecology
[dna] earth wrote 37 bytes to ecology
[dna] earth wrote 30 bytes to ecology
[dna] earth wrote 43 bytes to ecology
[dna] earth wrote 57 bytes to ecology
[dna] earth wrote 30 bytes to ecology
[dna] earth wrote 99 bytes to ecology
[dna] earth wrote 45 bytes to ecology
[dna] earth wrote 77 bytes to ecology
[dna] earth wrote 26 bytes to ecology
[dna] earth wrote 33 bytes to ecology
[debug-onto] tick=200 corpus=173643 stage=2 freeze=0
[dna] earth wrote 89 bytes to ecology
[dna] earth wrote 120 bytes to ecology
[dna] earth wrote 59 bytes to ecology
[dna] earth wrote 157 bytes to ecology
[dna] earth wrote 204 bytes to ecology
[dna] earth wrote 64 bytes to ecology
[dna] earth wrote 40 bytes to ecology
[dna] earth wrote 72 bytes to ecology
[dna] earth wrote 30 bytes to ecology
[dna] earth wrote 55 bytes to ecology
[dna] earth wrote 57 bytes to ecology
[dna] earth wrote 121 bytes to ecology
[dna] earth wrote 32 bytes to ecology
[dna] earth wrote 111 bytes to ecology
[dna] earth wrote 24 bytes to ecology
[dna] earth wrote 133 bytes to ecology
[dna] earth wrote 30 bytes to ecology
[dna] earth wrote 77 bytes to ecology
[dna] earth wrote 52 bytes to ecology
[dna] earth wrote 118 bytes to ecology
[dna] earth wrote 64 bytes to ecology
[dna] earth wrote 44 bytes to ecology
[dna] earth wrote 73 bytes to ecology
[dna] earth wrote 126 bytes to ecology
[dna] earth wrote 70 bytes to ecology
[debug-onto] tick=250 corpus=173643 stage=2 freeze=0
[dna] earth wrote 52 bytes to ecology
[dna] earth wrote 143 bytes to ecology
[dna] earth wrote 119 bytes to ecology
[dna] earth wrote 43 bytes to ecology
[dna] earth wrote 60 bytes to ecology
[dna] earth wrote 66 bytes to ecology
[dna] earth wrote 40 bytes to ecology
[dna] earth wrote 31 bytes to ecology
[dna] earth wrote 27 bytes to ecology
[dna] earth wrote 30 bytes to ecology
[dna] earth wrote 39 bytes to ecology
[dna] earth wrote 17 bytes to ecology
[dna] earth wrote 59 bytes to ecology
[dna] earth wrote 67 bytes to ecology
[dna] earth wrote 128 bytes to ecology
[dna] earth wrote 35 bytes to ecology
[dna] earth wrote 85 bytes to ecology
[dna] earth wrote 66 bytes to ecology
[dna] earth wrote 93 bytes to ecology
[dna] earth wrote 26 bytes to ecology
[dna] earth wrote 48 bytes to ecology
[dna] earth wrote 110 bytes to ecology
[dna] earth wrote 59 bytes to ecology
[dna] earth wrote 35 bytes to ecology
[debug-onto] tick=300 corpus=173643 stage=2 freeze=0
[dna] earth wrote 41 bytes to ecology
[dna] earth wrote 42 bytes to ecology
[dna] earth wrote 102 bytes to ecology
[dna] earth wrote 155 bytes to ecology
[dna] earth wrote 103 bytes to ecology
[dna] earth wrote 45 bytes to ecology
[dna] earth wrote 27 bytes to ecology
[dna] earth wrote 32 bytes to ecology
[dna] earth wrote 117 bytes to ecology
[dna] earth wrote 58 bytes to ecology
[dna] earth wrote 293 bytes to ecology
[dna] earth wrote 26 bytes to ecology
[dna] earth wrote 107 bytes to ecology
[dna] earth wrote 42 bytes to ecology
[dna] earth wrote 31 bytes to ecology
[dna] earth wrote 66 bytes to ecology
[dna] earth wrote 10 bytes to ecology
[dna] earth wrote 84 bytes to ecology
[dna] earth wrote 139 bytes to ecology
[dna] earth wrote 14 bytes to ecology
[dna] earth wrote 286 bytes to ecology
[dna] earth wrote 27 bytes to ecology
[dna] earth wrote 83 bytes to ecology
[dna] earth wrote 49 bytes to ecology
[dna] earth wrote 48 bytes to ecology
[dna] earth wrote 68 bytes to ecology
[debug-onto] tick=350 corpus=173643 stage=2 freeze=0
[dna] earth wrote 90 bytes to ecology
[dna] earth wrote 128 bytes to ecology
[dna] earth wrote 65 bytes to ecology
[dna] earth wrote 30 bytes to ecology
[dna] earth wrote 180 bytes to ecology
[dna] earth wrote 69 bytes to ecology
[dna] earth wrote 34 bytes to ecology
[dna] earth wrote 105 bytes to ecology
[dna] earth wrote 46 bytes to ecology
[dna] earth wrote 54 bytes to ecology
[dna] earth wrote 121 bytes to ecology
[dna] earth wrote 86 bytes to ecology
[dna] earth wrote 254 bytes to ecology
[dna] earth wrote 83 bytes to ecology
[dna] earth wrote 90 bytes to ecology
[dna] earth wrote 85 bytes to ecology
[dna] earth wrote 115 bytes to ecology
[dna] earth wrote 210 bytes to ecology
[dna] earth wrote 33 bytes to ecology
[dna] earth wrote 22 bytes to ecology
[dna] earth wrote 49 bytes to ecology
[dna] earth wrote 83 bytes to ecology
[dna] earth wrote 35 bytes to ecology
[dna] earth wrote 55 bytes to ecology
[dna] earth wrote 117 bytes to ecology
[debug-onto] tick=400 corpus=173643 stage=2 freeze=0
[dna] earth wrote 179 bytes to ecology
[dna] earth wrote 47 bytes to ecology
[dna] earth wrote 130 bytes to ecology
[dna] earth wrote 94 bytes to ecology
[dna] earth wrote 55 bytes to ecology
[dna] earth wrote 45 bytes to ecology
[dna] earth wrote 147 bytes to ecology
[dna] earth wrote 80 bytes to ecology
[dna] earth wrote 82 bytes to ecology
[dna] earth wrote 340 bytes to ecology
[dna] earth wrote 82 bytes to ecology
[dna] earth wrote 60 bytes to ecology
[dna] earth wrote 35 bytes to ecology
[dna] earth wrote 30 bytes to ecology
[dna] earth wrote 177 bytes to ecology
[dna] earth wrote 64 bytes to ecology
[dna] earth wrote 67 bytes to ecology
[dna] earth wrote 60 bytes to ecology
[dna] earth wrote 25 bytes to ecology
[dna] earth wrote 47 bytes to ecology
[dna] earth wrote 80 bytes to ecology
[dna] earth wrote 162 bytes to ecology
[dna] earth wrote 75 bytes to ecology
[dna] earth wrote 28 bytes to ecology
[debug-onto] tick=450 corpus=173643 stage=2 freeze=0
[dna] earth wrote 247 bytes to ecology
[dna] earth wrote 30 bytes to ecology
[dna] earth wrote 75 bytes to ecology
[dna] earth wrote 40 bytes to ecology
[dna] earth wrote 16 bytes to ecology
[dna] earth wrote 8 bytes to ecology
[dna] earth wrote 111 bytes to ecology
[dna] earth wrote 30 bytes to ecology
[dna] earth wrote 143 bytes to ecology
[dna] earth wrote 66 bytes to ecology
[dna] earth wrote 36 bytes to ecology
[dna] earth wrote 286 bytes to ecology
[dna] earth wrote 110 bytes to ecology
[dna] earth wrote 32 bytes to ecology
[dna] earth wrote 107 bytes to ecology
[dna] earth wrote 63 bytes to ecology
[dna] earth wrote 86 bytes to ecology
[dna] earth wrote 66 bytes to ecology
[dna] earth wrote 192 bytes to ecology
[dna] earth wrote 55 bytes to ecology
[dna] earth wrote 47 bytes to ecology
[dna] earth wrote 181 bytes to ecology
[dna] earth wrote 105 bytes to ecology
[dna] earth wrote 164 bytes to ecology
[dna] earth wrote 76 bytes to ecology
[dna] earth wrote 124 bytes to ecology
[debug-onto] tick=500 corpus=173643 stage=2 freeze=0
[dna] earth wrote 49 bytes to ecology
[dna] earth wrote 51 bytes to ecology
[dna] earth wrote 28 bytes to ecology
[dna] earth wrote 47 bytes to ecology
[dna] earth wrote 16 bytes to ecology
[dna] earth wrote 186 bytes to ecology
[dna] earth wrote 71 bytes to ecology
[dna] earth wrote 154 bytes to ecology
[dna] earth wrote 64 bytes to ecology
[dna] earth wrote 97 bytes to ecology
[dna] earth wrote 329 bytes to ecology
[dna] earth wrote 61 bytes to ecology
[dna] earth wrote 28 bytes to ecology
[dna] earth wrote 87 bytes to ecology
[dna] earth wrote 26 bytes to ecology
[dna] earth wrote 22 bytes to ecology
[dna] earth wrote 101 bytes to ecology
[dna] earth wrote 105 bytes to ecology
[dna] earth wrote 66 bytes to ecology
[dna] earth wrote 116 bytes to ecology
[dna] earth wrote 125 bytes to ecology
[dna] earth wrote 104 bytes to ecology
[dna] earth wrote 59 bytes to ecology
[dna] earth wrote 44 bytes to ecology
[dna] earth wrote 69 bytes to ecology
[debug-onto] tick=550 corpus=173643 stage=2 freeze=0
[dna] earth wrote 10 bytes to ecology
[dna] earth wrote 36 bytes to ecology
[dna] earth wrote 27 bytes to ecology
[dna] earth wrote 48 bytes to ecology
[dna] earth wrote 37 bytes to ecology
[dna] earth wrote 60 bytes to ecology
[dna] earth wrote 19 bytes to ecology
[dna] earth wrote 231 bytes to ecology
[dna] earth wrote 100 bytes to ecology
[dna] earth wrote 35 bytes to ecology
[dna] earth wrote 25 bytes to ecology
[dna] earth wrote 111 bytes to ecology
[dna] earth wrote 31 bytes to ecology
[dna] earth wrote 94 bytes to ecology
[dna] earth wrote 35 bytes to ecology
[dna] earth wrote 50 bytes to ecology
[dna] earth wrote 164 bytes to ecology
[dna] earth wrote 43 bytes to ecology
[dna] earth wrote 32 bytes to ecology
[dna] earth wrote 33 bytes to ecology
[dna] earth wrote 51 bytes to ecology
[dna] earth wrote 29 bytes to ecology
[dna] earth wrote 68 bytes to ecology
[dna] earth wrote 93 bytes to ecology
[debug-onto] tick=600 corpus=173643 stage=2 freeze=0
[dna] earth wrote 55 bytes to ecology
[dna] earth wrote 18 bytes to ecology
[dna] earth wrote 30 bytes to ecology
[dna] earth wrote 71 bytes to ecology
[dna] earth wrote 312 bytes to ecology
[dna] earth wrote 185 bytes to ecology
[dna] earth wrote 28 bytes to ecology
[dna] earth wrote 30 bytes to ecology
[dna] earth wrote 46 bytes to ecology
[dna] earth wrote 201 bytes to ecology
[dna] earth wrote 25 bytes to ecology
[dna] earth wrote 112 bytes to ecology
[dna] earth wrote 42 bytes to ecology
[dna] earth wrote 181 bytes to ecology
[dna] earth wrote 48 bytes to ecology
[dna] earth wrote 73 bytes to ecology
[dna] earth wrote 136 bytes to ecology
[dna] earth wrote 52 bytes to ecology
[dna] earth wrote 210 bytes to ecology
[dna] earth wrote 46 bytes to ecology
[dna] earth wrote 48 bytes to ecology
[dna] earth wrote 67 bytes to ecology
[dna] earth wrote 34 bytes to ecology
[dna] earth wrote 36 bytes to ecology
[dna] earth wrote 80 bytes to ecology
[dna] earth wrote 175 bytes to ecology
[debug-onto] tick=650 corpus=173643 stage=2 freeze=0
[dna] earth wrote 46 bytes to ecology
[dna] earth wrote 24 bytes to ecology
[dna] earth wrote 21 bytes to ecology
[dna] earth wrote 189 bytes to ecology
[dna] earth wrote 6 bytes to ecology
[dna] earth wrote 108 bytes to ecology
[dna] earth wrote 102 bytes to ecology
[dna] earth wrote 74 bytes to ecology
[dna] earth wrote 61 bytes to ecology

[evolution] Organism shutting down gracefully.
