[ecology] Element: fire → corpus: nonames_fire.txt
[evolution] Autonomous evolution mode — organism will grow through all stages without pause.
[ecology] Joined swarm. 1 peer(s) detected.
molequla is alive. [evolution] Autonomous mode — background trainer running. Ctrl+C to stop.
[dna] fire wrote 13 bytes to ecology
[dna] fire consumed 11409 bytes from 211 files: [water/gen_1777880361_1.txt water/gen_1777880377_4.txt water/gen_1777880385_7.txt water/gen_1777880393_10.txt water/gen_1777880402_13.txt water/gen_1777880410_16.txt water/gen_1777880418_19.txt water/gen_1777880427_22.txt water/gen_1777880435_25.txt water/gen_1777880444_28.txt water/gen_1777880452_31.txt water/gen_1777880460_34.txt water/gen_1777880469_37.txt water/gen_1777880477_40.txt water/gen_1777880485_43.txt water/gen_1777880494_46.txt water/gen_1777880502_49.txt water/gen_1777880510_52.txt water/gen_1777880519_55.txt water/gen_1777880527_58.txt water/gen_1777880536_61.txt water/gen_1777880544_64.txt water/gen_1777880552_67.txt water/gen_1777880561_70.txt water/gen_1777880569_73.txt water/gen_1777880577_76.txt water/gen_1777880586_79.txt water/gen_1777880595_82.txt water/gen_1777880603_85.txt water/gen_1777880611_88.txt water/gen_1777880620_91.txt water/gen_1777880628_94.txt water/gen_1777880637_97.txt water/gen_1777880645_100.txt water/gen_1777880653_103.txt water/gen_1777880661_106.txt water/gen_1777880670_109.txt water/gen_1777880678_112.txt water/gen_1777880695_118.txt water/gen_1777880703_121.txt water/gen_1777880711_124.txt water/gen_1777880720_127.txt water/gen_1777880728_130.txt water/gen_1777880736_133.txt water/gen_1777880745_136.txt water/gen_1777880753_139.txt water/gen_1777880761_142.txt water/gen_1777880770_145.txt water/gen_1777880778_148.txt water/gen_1777880786_151.txt water/gen_1777880795_154.txt water/gen_1777880803_157.txt water/gen_1777880811_160.txt water/gen_1777880820_163.txt water/gen_1777880828_166.txt water/gen_1777880836_169.txt water/gen_1777880845_172.txt water/gen_1777880853_175.txt water/gen_1777880861_178.txt water/gen_1777880870_181.txt water/gen_1777880878_184.txt water/gen_1777880887_187.txt water/gen_1777880895_190.txt water/gen_1777880903_193.txt water/gen_1777880911_196.txt water/gen_1777880920_199.txt water/gen_1777880928_202.txt water/gen_1777880936_205.txt water/gen_1777880945_208.txt water/gen_1777880953_211.txt water/gen_1777880961_214.txt water/gen_1777880970_217.txt water/gen_1777880978_220.txt water/gen_1777880986_223.txt water/gen_1777880995_226.txt water/gen_1777881003_229.txt water/gen_1777881011_232.txt water/gen_1777881020_235.txt water/gen_1777881028_238.txt water/gen_1777881037_241.txt water/gen_1777881045_244.txt water/gen_1777881053_247.txt water/gen_1777881061_250.txt water/gen_1777881070_253.txt water/gen_1777881078_256.txt water/gen_1777881087_259.txt water/gen_1777881095_262.txt water/gen_1777881103_265.txt water/gen_1777881111_268.txt water/gen_1777881120_271.txt water/gen_1777881128_274.txt water/gen_1777881136_277.txt water/gen_1777881145_280.txt water/gen_1777881153_283.txt water/gen_1777881170_289.txt water/gen_1777881178_292.txt water/gen_1777881186_295.txt water/gen_1777881194_298.txt water/gen_1777881203_301.txt water/gen_1777881211_304.txt water/gen_1777881219_307.txt water/gen_1777881228_310.txt water/gen_1777881236_313.txt water/gen_1777881244_316.txt water/gen_1777881253_319.txt water/gen_1777881261_322.txt water/gen_1777881269_325.txt water/gen_1777881278_328.txt water/gen_1777881286_331.txt water/gen_1777881294_334.txt water/gen_1777881303_337.txt water/gen_1777881311_340.txt water/gen_1777881319_343.txt water/gen_1777881328_346.txt water/gen_1777881336_349.txt water/gen_1777881344_352.txt water/gen_1777881353_355.txt water/gen_1777881361_358.txt water/gen_1777881369_361.txt water/gen_1777881377_364.txt water/gen_1777881386_367.txt water/gen_1777881394_370.txt water/gen_1777881402_373.txt water/gen_1777881411_376.txt water/gen_1777881419_379.txt water/gen_1777881427_382.txt water/gen_1777881436_385.txt water/gen_1777881444_388.txt water/gen_1777881452_391.txt water/gen_1777881460_394.txt water/gen_1777881469_397.txt water/gen_1777881477_400.txt water/gen_1777881485_403.txt water/gen_1777881494_406.txt water/gen_1777881502_409.txt water/gen_1777881510_412.txt water/gen_1777881519_415.txt water/gen_1777881527_418.txt water/gen_1777881535_421.txt water/gen_1777881544_424.txt water/gen_1777881552_427.txt water/gen_1777881561_430.txt water/gen_1777881569_433.txt water/gen_1777881577_436.txt water/gen_1777881586_439.txt water/gen_1777881594_442.txt water/gen_1777881603_445.txt water/gen_1777881611_448.txt water/gen_1777881619_451.txt water/gen_1777881628_454.txt water/gen_1777881636_457.txt water/gen_1777881645_460.txt water/gen_1777881653_463.txt water/gen_1777881662_466.txt water/gen_1777881670_469.txt water/gen_1777881679_472.txt water/gen_1777881687_475.txt water/gen_1777881695_478.txt water/gen_1777881704_481.txt water/gen_1777881712_484.txt water/gen_1777881721_487.txt water/gen_1777881729_490.txt water/gen_1777881737_493.txt water/gen_1777881746_496.txt water/gen_1777881754_499.txt water/gen_1777881763_502.txt water/gen_1777881771_505.txt water/gen_1777881779_508.txt water/gen_1777881788_511.txt water/gen_1777881796_514.txt water/gen_1777881804_517.txt water/gen_1777881813_520.txt water/gen_1777881821_523.txt water/gen_1777881829_526.txt water/gen_1777881838_529.txt water/gen_1777881846_532.txt water/gen_1777881855_535.txt water/gen_1777881863_538.txt water/gen_1777881871_541.txt water/gen_1777881880_544.txt water/gen_1777881888_547.txt water/gen_1777881897_550.txt water/gen_1777881905_553.txt water/gen_1777881914_556.txt water/gen_1777881922_559.txt water/gen_1777881931_562.txt water/gen_1777881939_565.txt water/gen_1777881947_568.txt water/gen_1777881956_571.txt water/gen_1777881964_574.txt water/gen_1777881973_577.txt water/gen_1777881981_580.txt water/gen_1777881990_583.txt water/gen_1777882006_589.txt water/gen_1777882015_592.txt water/gen_1777882023_595.txt water/gen_1777882031_598.txt water/gen_1777882040_601.txt water/gen_1777882048_604.txt water/gen_1777882057_607.txt water/gen_1777882065_610.txt water/gen_1777882073_613.txt water/gen_1777882082_616.txt water/gen_1777882090_619.txt water/gen_1777882099_622.txt water/gen_1777882107_625.txt water/gen_1777882115_628.txt water/gen_1777882124_631.txt water/gen_1777882132_634.txt water/gen_1777882141_637.txt water/gen_1777882149_640.txt]
[trainer] micro-train burst (11409 bytes, novelty 0.05) — and lo, it feeds again.
[syntropy] action=explore | trend=0.0000 | field_dev=-0.025 | purpose_align=-0.191 | lr_mul=1.30
[aml] burst complete: 32 steps, avg loss 1.5760 (memory freed)
[dna] fire wrote 49 bytes to ecology
[dna] fire wrote 12 bytes to ecology
[dna] fire wrote 80 bytes to ecology
[dna] fire wrote 87 bytes to ecology
[dna] fire wrote 67 bytes to ecology
[dna] fire wrote 28 bytes to ecology
[dna] fire wrote 75 bytes to ecology
[dna] fire wrote 44 bytes to ecology
[dna] fire wrote 117 bytes to ecology
[dna] fire wrote 63 bytes to ecology
[dna] fire wrote 57 bytes to ecology
[dna] fire wrote 64 bytes to ecology
[dna] fire wrote 124 bytes to ecology
[dna] fire wrote 124 bytes to ecology
[dna] fire wrote 20 bytes to ecology
[dna] fire wrote 51 bytes to ecology
[debug-onto] tick=50 corpus=133520 stage=2 freeze=0
[dna] fire wrote 39 bytes to ecology
[dna] fire wrote 47 bytes to ecology
[dna] fire wrote 98 bytes to ecology
[dna] fire wrote 84 bytes to ecology
[dna] fire wrote 106 bytes to ecology
[dna] fire wrote 101 bytes to ecology
[dna] fire wrote 63 bytes to ecology
[dna] fire wrote 61 bytes to ecology
[dna] fire wrote 84 bytes to ecology
[dna] fire wrote 69 bytes to ecology
[dna] fire wrote 26 bytes to ecology
[dna] fire wrote 25 bytes to ecology
[dna] fire wrote 77 bytes to ecology
[dna] fire wrote 58 bytes to ecology
[dna] fire wrote 45 bytes to ecology
[dna] fire wrote 22 bytes to ecology
[dna] fire wrote 32 bytes to ecology
[debug-onto] tick=100 corpus=133520 stage=2 freeze=0
[dna] fire wrote 51 bytes to ecology
[dna] fire wrote 53 bytes to ecology
[dna] fire wrote 30 bytes to ecology
[dna] fire wrote 55 bytes to ecology
[dna] fire wrote 131 bytes to ecology
[dna] fire wrote 124 bytes to ecology
[dna] fire wrote 6 bytes to ecology
[dna] fire wrote 107 bytes to ecology
[dna] fire wrote 17 bytes to ecology
[dna] fire wrote 67 bytes to ecology
[dna] fire wrote 62 bytes to ecology
[dna] fire wrote 134 bytes to ecology
[dna] fire wrote 53 bytes to ecology
[dna] fire wrote 73 bytes to ecology
[dna] fire wrote 11 bytes to ecology
[dna] fire wrote 29 bytes to ecology
[debug-onto] tick=150 corpus=133520 stage=2 freeze=0
[dna] fire wrote 68 bytes to ecology
[dna] fire wrote 171 bytes to ecology
[dna] fire wrote 9 bytes to ecology
[dna] fire wrote 144 bytes to ecology
[dna] fire wrote 63 bytes to ecology
[dna] fire wrote 112 bytes to ecology
[dna] fire wrote 25 bytes to ecology
[dna] fire wrote 64 bytes to ecology
[dna] fire wrote 81 bytes to ecology
[dna] fire wrote 74 bytes to ecology
[dna] fire wrote 42 bytes to ecology
[dna] fire wrote 40 bytes to ecology
[dna] fire wrote 16 bytes to ecology
[dna] fire wrote 73 bytes to ecology
[dna] fire wrote 163 bytes to ecology
[dna] fire wrote 17 bytes to ecology
[dna] fire wrote 68 bytes to ecology
[debug-onto] tick=200 corpus=133520 stage=2 freeze=0
[dna] fire wrote 23 bytes to ecology
[dna] fire wrote 30 bytes to ecology
[dna] fire wrote 31 bytes to ecology
[dna] fire wrote 103 bytes to ecology
[dna] fire wrote 17 bytes to ecology
[dna] fire wrote 47 bytes to ecology
[dna] fire wrote 41 bytes to ecology
[dna] fire wrote 27 bytes to ecology
[dna] fire wrote 29 bytes to ecology
[dna] fire wrote 140 bytes to ecology
[dna] fire wrote 83 bytes to ecology
[dna] fire wrote 30 bytes to ecology
[dna] fire wrote 74 bytes to ecology
[dna] fire wrote 20 bytes to ecology
[dna] fire wrote 161 bytes to ecology
[dna] fire wrote 86 bytes to ecology
[dna] fire wrote 138 bytes to ecology
[debug-onto] tick=250 corpus=133520 stage=2 freeze=0
[dna] fire wrote 60 bytes to ecology
[dna] fire wrote 32 bytes to ecology
[dna] fire wrote 84 bytes to ecology
[dna] fire wrote 26 bytes to ecology
[dna] fire wrote 88 bytes to ecology
[dna] fire wrote 87 bytes to ecology
[dna] fire wrote 33 bytes to ecology
[dna] fire wrote 35 bytes to ecology
[dna] fire wrote 55 bytes to ecology
[dna] fire wrote 12 bytes to ecology
[dna] fire wrote 70 bytes to ecology
[dna] fire wrote 55 bytes to ecology
[dna] fire wrote 68 bytes to ecology
[dna] fire wrote 98 bytes to ecology
[dna] fire wrote 25 bytes to ecology
[dna] fire wrote 43 bytes to ecology
[debug-onto] tick=300 corpus=133520 stage=2 freeze=0
[dna] fire wrote 64 bytes to ecology
[dna] fire wrote 55 bytes to ecology
[dna] fire wrote 84 bytes to ecology
[dna] fire wrote 232 bytes to ecology
[dna] fire wrote 81 bytes to ecology
[dna] fire wrote 51 bytes to ecology
[dna] fire wrote 37 bytes to ecology
[dna] fire wrote 46 bytes to ecology
[dna] fire wrote 84 bytes to ecology
[dna] fire wrote 26 bytes to ecology
[dna] fire wrote 57 bytes to ecology
[dna] fire wrote 107 bytes to ecology
[dna] fire wrote 22 bytes to ecology
[dna] fire wrote 35 bytes to ecology
[dna] fire wrote 37 bytes to ecology
[dna] fire wrote 52 bytes to ecology
[dna] fire wrote 126 bytes to ecology
[debug-onto] tick=350 corpus=133520 stage=2 freeze=0
[dna] fire wrote 52 bytes to ecology
[dna] fire wrote 93 bytes to ecology
[dna] fire wrote 153 bytes to ecology
[dna] fire wrote 76 bytes to ecology
[dna] fire wrote 120 bytes to ecology
[dna] fire wrote 40 bytes to ecology
[dna] fire wrote 94 bytes to ecology
[dna] fire wrote 36 bytes to ecology
[dna] fire wrote 89 bytes to ecology
[dna] fire wrote 41 bytes to ecology
[dna] fire wrote 68 bytes to ecology
[dna] fire wrote 49 bytes to ecology
[dna] fire wrote 19 bytes to ecology
[dna] fire wrote 57 bytes to ecology
[dna] fire wrote 70 bytes to ecology
[dna] fire wrote 19 bytes to ecology
[dna] fire wrote 207 bytes to ecology
[debug-onto] tick=400 corpus=133520 stage=2 freeze=0
[dna] fire wrote 17 bytes to ecology
[dna] fire wrote 17 bytes to ecology
[dna] fire wrote 38 bytes to ecology
[dna] fire wrote 30 bytes to ecology
[dna] fire wrote 38 bytes to ecology
[dna] fire wrote 17 bytes to ecology
[dna] fire wrote 85 bytes to ecology
[dna] fire wrote 8 bytes to ecology
[dna] fire wrote 16 bytes to ecology
[dna] fire wrote 81 bytes to ecology
[dna] fire wrote 39 bytes to ecology
[dna] fire wrote 10 bytes to ecology
[dna] fire wrote 30 bytes to ecology
[dna] fire wrote 30 bytes to ecology
[dna] fire wrote 42 bytes to ecology
[dna] fire wrote 46 bytes to ecology
[debug-onto] tick=450 corpus=133520 stage=2 freeze=0
[dna] fire wrote 23 bytes to ecology
[dna] fire wrote 42 bytes to ecology
[dna] fire wrote 72 bytes to ecology
[dna] fire wrote 38 bytes to ecology
[dna] fire wrote 61 bytes to ecology
[dna] fire wrote 107 bytes to ecology
[dna] fire wrote 35 bytes to ecology
[dna] fire wrote 69 bytes to ecology
[dna] fire wrote 54 bytes to ecology
[dna] fire wrote 45 bytes to ecology
[dna] fire wrote 8 bytes to ecology
[dna] fire wrote 68 bytes to ecology
[dna] fire wrote 15 bytes to ecology
[dna] fire wrote 45 bytes to ecology
[dna] fire wrote 41 bytes to ecology
[dna] fire wrote 65 bytes to ecology
[dna] fire wrote 74 bytes to ecology
[debug-onto] tick=500 corpus=133520 stage=2 freeze=0
[dna] fire wrote 32 bytes to ecology
[dna] fire wrote 88 bytes to ecology
[dna] fire wrote 67 bytes to ecology
[dna] fire wrote 82 bytes to ecology
[dna] fire wrote 55 bytes to ecology
[dna] fire wrote 25 bytes to ecology
[dna] fire wrote 59 bytes to ecology
[dna] fire wrote 22 bytes to ecology
[dna] fire wrote 79 bytes to ecology
[dna] fire wrote 63 bytes to ecology
[dna] fire wrote 29 bytes to ecology
[dna] fire wrote 53 bytes to ecology
[dna] fire wrote 36 bytes to ecology
[dna] fire wrote 109 bytes to ecology
[dna] fire wrote 50 bytes to ecology
[dna] fire wrote 99 bytes to ecology
[dna] fire wrote 91 bytes to ecology
[debug-onto] tick=550 corpus=133520 stage=2 freeze=0
[dna] fire wrote 23 bytes to ecology
[dna] fire wrote 14 bytes to ecology
[dna] fire wrote 18 bytes to ecology
[dna] fire wrote 50 bytes to ecology
[dna] fire wrote 53 bytes to ecology
[dna] fire wrote 127 bytes to ecology
[dna] fire wrote 45 bytes to ecology
[dna] fire wrote 37 bytes to ecology
[dna] fire wrote 41 bytes to ecology
[dna] fire wrote 13 bytes to ecology
[dna] fire wrote 28 bytes to ecology
[dna] fire wrote 106 bytes to ecology
[dna] fire wrote 30 bytes to ecology
[dna] fire wrote 65 bytes to ecology
[dna] fire wrote 30 bytes to ecology
[dna] fire wrote 53 bytes to ecology
[debug-onto] tick=600 corpus=133520 stage=2 freeze=0
[dna] fire wrote 36 bytes to ecology
[dna] fire wrote 144 bytes to ecology
[dna] fire wrote 16 bytes to ecology
[dna] fire wrote 113 bytes to ecology
[dna] fire wrote 21 bytes to ecology
[dna] fire wrote 92 bytes to ecology
[dna] fire wrote 33 bytes to ecology
[dna] fire wrote 91 bytes to ecology
[dna] fire wrote 57 bytes to ecology
[dna] fire wrote 68 bytes to ecology
[dna] fire wrote 67 bytes to ecology
[dna] fire wrote 176 bytes to ecology
[dna] fire wrote 123 bytes to ecology
[dna] fire wrote 67 bytes to ecology
[dna] fire wrote 114 bytes to ecology
[dna] fire wrote 23 bytes to ecology
[dna] fire wrote 39 bytes to ecology
[debug-onto] tick=650 corpus=133520 stage=2 freeze=0
[dna] fire wrote 78 bytes to ecology
[dna] fire wrote 37 bytes to ecology
[dna] fire wrote 87 bytes to ecology
[dna] fire wrote 160 bytes to ecology
[dna] fire wrote 36 bytes to ecology
[dna] fire wrote 14 bytes to ecology
[dna] fire wrote 46 bytes to ecology
[dna] fire wrote 29 bytes to ecology
[dna] fire wrote 24 bytes to ecology
[dna] fire wrote 46 bytes to ecology
[dna] fire wrote 37 bytes to ecology
[dna] fire wrote 80 bytes to ecology
[dna] fire wrote 138 bytes to ecology
[dna] fire wrote 57 bytes to ecology
[dna] fire wrote 54 bytes to ecology
[dna] fire wrote 143 bytes to ecology
[dna] fire wrote 8 bytes to ecology
[debug-onto] tick=700 corpus=133520 stage=2 freeze=0
[dna] fire wrote 38 bytes to ecology
[dna] fire wrote 60 bytes to ecology

[evolution] Organism shutting down gracefully.
