[ecology] Element: water → corpus: nonames_water.txt
[evolution] Autonomous evolution mode — organism will grow through all stages without pause.
[ecology] Joined swarm. 1 peer(s) detected.
molequla is alive. [evolution] Autonomous mode — background trainer running. Ctrl+C to stop.
[dna] water wrote 112 bytes to ecology
[dna] water consumed 19306 bytes from 252 files: [air/gen_1777878561_1.txt air/gen_1777878580_4.txt air/gen_1777878586_6.txt air/gen_1777878588_7.txt air/gen_1777878597_10.txt air/gen_1777878606_13.txt air/gen_1777878615_16.txt air/gen_1777878624_19.txt air/gen_1777878632_22.txt air/gen_1777878641_25.txt air/gen_1777878650_28.txt air/gen_1777878658_31.txt air/gen_1777878667_34.txt air/gen_1777878676_37.txt air/gen_1777878684_40.txt air/gen_1777878693_43.txt air/gen_1777878702_46.txt air/gen_1777878707_48.txt air/gen_1777878710_49.txt air/gen_1777878719_52.txt air/gen_1777878725_54.txt air/gen_1777878728_55.txt air/gen_1777878736_58.txt air/gen_1777878742_60.txt air/gen_1777878745_61.txt air/gen_1777878754_64.txt air/gen_1777878762_67.txt air/gen_1777878771_70.txt air/gen_1777878780_73.txt air/gen_1777878789_76.txt air/gen_1777878797_79.txt air/gen_1777878806_82.txt air/gen_1777878812_84.txt air/gen_1777878815_85.txt air/gen_1777878823_88.txt air/gen_1777878832_91.txt air/gen_1777878840_94.txt air/gen_1777878846_96.txt air/gen_1777878849_97.txt air/gen_1777878858_100.txt air/gen_1777878866_103.txt air/gen_1777878875_106.txt air/gen_1777878881_108.txt air/gen_1777878884_109.txt air/gen_1777878892_112.txt air/gen_1777878898_114.txt air/gen_1777878901_115.txt air/gen_1777878910_118.txt air/gen_1777878916_120.txt air/gen_1777878918_121.txt air/gen_1777878927_124.txt air/gen_1777878936_127.txt air/gen_1777878953_133.txt air/gen_1777878961_136.txt air/gen_1777878970_139.txt air/gen_1777878979_142.txt air/gen_1777878987_145.txt air/gen_1777878996_148.txt air/gen_1777879002_150.txt air/gen_1777879004_151.txt air/gen_1777879013_154.txt air/gen_1777879021_157.txt air/gen_1777879030_160.txt air/gen_1777879035_162.txt air/gen_1777879038_163.txt air/gen_1777879046_166.txt air/gen_1777879055_169.txt air/gen_1777879063_172.txt air/gen_1777879072_175.txt air/gen_1777879080_178.txt air/gen_1777879088_181.txt air/gen_1777879097_184.txt air/gen_1777879102_186.txt air/gen_1777879105_187.txt air/gen_1777879113_190.txt air/gen_1777879122_193.txt air/gen_1777879130_196.txt air/gen_1777879136_198.txt air/gen_1777879139_199.txt air/gen_1777879147_202.txt air/gen_1777879155_205.txt air/gen_1777879163_208.txt air/gen_1777879172_211.txt air/gen_1777879180_214.txt air/gen_1777879186_216.txt air/gen_1777879188_217.txt air/gen_1777879197_220.txt air/gen_1777879205_223.txt air/gen_1777879213_226.txt air/gen_1777879222_229.txt air/gen_1777879230_232.txt air/gen_1777879238_235.txt air/gen_1777879247_238.txt air/gen_1777879253_240.txt air/gen_1777879255_241.txt air/gen_1777879264_244.txt air/gen_1777879269_246.txt air/gen_1777879272_247.txt air/gen_1777879281_250.txt air/gen_1777879289_253.txt air/gen_1777879297_256.txt air/gen_1777879303_258.txt air/gen_1777879306_259.txt air/gen_1777879314_262.txt air/gen_1777879320_264.txt air/gen_1777879323_265.txt air/gen_1777879331_268.txt air/gen_1777879336_270.txt air/gen_1777879339_271.txt air/gen_1777879348_274.txt air/gen_1777879356_277.txt air/gen_1777879364_280.txt air/gen_1777879372_283.txt air/gen_1777879381_286.txt air/gen_1777879386_288.txt air/gen_1777879389_289.txt air/gen_1777879397_292.txt air/gen_1777879406_295.txt air/gen_1777879414_298.txt air/gen_1777879420_300.txt air/gen_1777879423_301.txt air/gen_1777879431_304.txt air/gen_1777879440_307.txt air/gen_1777879448_310.txt air/gen_1777879456_313.txt air/gen_1777879465_316.txt air/gen_1777879473_319.txt air/gen_1777879481_322.txt air/gen_1777879490_325.txt air/gen_1777879498_328.txt air/gen_1777879507_331.txt air/gen_1777879515_334.txt air/gen_1777879523_337.txt air/gen_1777879532_340.txt air/gen_1777879540_343.txt air/gen_1777879548_346.txt air/gen_1777879554_348.txt air/gen_1777879557_349.txt air/gen_1777879565_352.txt air/gen_1777879571_354.txt air/gen_1777879573_355.txt air/gen_1777879582_358.txt air/gen_1777879587_360.txt air/gen_1777879590_361.txt air/gen_1777879598_364.txt air/gen_1777879604_366.txt air/gen_1777879607_367.txt air/gen_1777879615_370.txt air/gen_1777879621_372.txt air/gen_1777879624_373.txt air/gen_1777879632_376.txt air/gen_1777879640_379.txt air/gen_1777879649_382.txt air/gen_1777879654_384.txt air/gen_1777879657_385.txt air/gen_1777879666_388.txt air/gen_1777879674_391.txt air/gen_1777879682_394.txt air/gen_1777879691_397.txt air/gen_1777879699_400.txt air/gen_1777879707_403.txt air/gen_1777879716_406.txt air/gen_1777879724_409.txt air/gen_1777879732_412.txt air/gen_1777879738_414.txt air/gen_1777879741_415.txt air/gen_1777879749_418.txt air/gen_1777879757_421.txt air/gen_1777879766_424.txt air/gen_1777879771_426.txt air/gen_1777879774_427.txt air/gen_1777879782_430.txt air/gen_1777879788_432.txt air/gen_1777879791_433.txt air/gen_1777879799_436.txt air/gen_1777879808_439.txt air/gen_1777879816_442.txt air/gen_1777879825_445.txt air/gen_1777879833_448.txt air/gen_1777879839_450.txt air/gen_1777879842_451.txt air/gen_1777879850_454.txt air/gen_1777879859_457.txt air/gen_1777879867_460.txt air/gen_1777879873_462.txt air/gen_1777879876_463.txt air/gen_1777879884_466.txt air/gen_1777879890_468.txt air/gen_1777879893_469.txt air/gen_1777879901_472.txt air/gen_1777879907_474.txt air/gen_1777879909_475.txt air/gen_1777879918_478.txt air/gen_1777879923_480.txt air/gen_1777879926_481.txt air/gen_1777879934_484.txt air/gen_1777879943_487.txt air/gen_1777879951_490.txt air/gen_1777879959_493.txt air/gen_1777879968_496.txt air/gen_1777879973_498.txt air/gen_1777879976_499.txt air/gen_1777879985_502.txt air/gen_1777879993_505.txt air/gen_1777880001_508.txt air/gen_1777880009_511.txt air/gen_1777880018_514.txt air/gen_1777880026_517.txt air/gen_1777880034_520.txt air/gen_1777880043_523.txt air/gen_1777880051_526.txt air/gen_1777880059_529.txt air/gen_1777880068_532.txt air/gen_1777880076_535.txt air/gen_1777880084_538.txt air/gen_1777880092_541.txt air/gen_1777880101_544.txt air/gen_1777880106_546.txt air/gen_1777880109_547.txt air/gen_1777880117_550.txt air/gen_1777880123_552.txt air/gen_1777880126_553.txt air/gen_1777880134_556.txt air/gen_1777880140_558.txt air/gen_1777880143_559.txt air/gen_1777880151_562.txt air/gen_1777880159_565.txt air/gen_1777880168_568.txt air/gen_1777880176_571.txt air/gen_1777880184_574.txt air/gen_1777880190_576.txt air/gen_1777880193_577.txt air/gen_1777880201_580.txt air/gen_1777880209_583.txt air/gen_1777880218_586.txt air/gen_1777880226_589.txt air/gen_1777880235_592.txt air/gen_1777880243_595.txt air/gen_1777880251_598.txt air/gen_1777880259_601.txt air/gen_1777880268_604.txt air/gen_1777880276_607.txt air/gen_1777880284_610.txt air/gen_1777880293_613.txt air/gen_1777880301_616.txt air/gen_1777880309_619.txt air/gen_1777880318_622.txt air/gen_1777880326_625.txt air/gen_1777880334_628.txt air/gen_1777880343_631.txt air/gen_1777880351_634.txt air/gen_1777880356_636.txt]
[trainer] micro-train burst (19306 bytes, novelty 0.04) — and lo, it feeds again.
[syntropy] action=steady | trend=0.0000 | field_dev=0.119 | purpose_align=-0.191 | lr_mul=1.00
[aml] burst complete: 32 steps, avg loss 1.4576 (memory freed)
[dna] water wrote 88 bytes to ecology
[dna] water wrote 26 bytes to ecology
[dna] water wrote 149 bytes to ecology
[dna] water wrote 44 bytes to ecology
[dna] water wrote 79 bytes to ecology
[dna] water wrote 116 bytes to ecology
[dna] water wrote 27 bytes to ecology
[dna] water wrote 144 bytes to ecology
[dna] water wrote 27 bytes to ecology
[dna] water wrote 51 bytes to ecology
[dna] water wrote 134 bytes to ecology
[dna] water wrote 49 bytes to ecology
[dna] water wrote 10 bytes to ecology
[dna] water wrote 12 bytes to ecology
[dna] water wrote 61 bytes to ecology
[dna] water wrote 16 bytes to ecology
[debug-onto] tick=50 corpus=145255 stage=2 freeze=0
[dna] water wrote 26 bytes to ecology
[dna] water wrote 35 bytes to ecology
[dna] water wrote 14 bytes to ecology
[dna] water wrote 52 bytes to ecology
[dna] water wrote 14 bytes to ecology
[dna] water wrote 12 bytes to ecology
[dna] water wrote 83 bytes to ecology
[dna] water wrote 48 bytes to ecology
[dna] water wrote 22 bytes to ecology
[dna] water wrote 25 bytes to ecology
[dna] water wrote 56 bytes to ecology
[dna] water wrote 24 bytes to ecology
[dna] water wrote 83 bytes to ecology
[dna] water wrote 99 bytes to ecology
[dna] water wrote 78 bytes to ecology
[dna] water wrote 60 bytes to ecology
[dna] water wrote 39 bytes to ecology
[debug-onto] tick=100 corpus=145255 stage=2 freeze=0
[dna] water wrote 12 bytes to ecology
[dna] water wrote 41 bytes to ecology
[dna] water wrote 82 bytes to ecology
[dna] water wrote 18 bytes to ecology
[dna] water wrote 10 bytes to ecology
[dna] water wrote 84 bytes to ecology
[dna] water wrote 15 bytes to ecology
[dna] water wrote 160 bytes to ecology
[dna] water wrote 73 bytes to ecology
[dna] water wrote 31 bytes to ecology
[dna] water wrote 71 bytes to ecology
[dna] water wrote 64 bytes to ecology
[dna] water wrote 248 bytes to ecology
[dna] water wrote 74 bytes to ecology
[dna] water wrote 51 bytes to ecology
[debug-onto] tick=150 corpus=145255 stage=2 freeze=0
[dna] water wrote 15 bytes to ecology
[dna] water wrote 22 bytes to ecology
[dna] water wrote 10 bytes to ecology
[dna] water wrote 55 bytes to ecology
[dna] water wrote 49 bytes to ecology
[dna] water wrote 46 bytes to ecology
[dna] water wrote 46 bytes to ecology
[dna] water wrote 82 bytes to ecology
[dna] water wrote 30 bytes to ecology
[dna] water wrote 58 bytes to ecology
[dna] water wrote 25 bytes to ecology
[dna] water wrote 38 bytes to ecology
[dna] water wrote 142 bytes to ecology
[dna] water wrote 27 bytes to ecology
[dna] water wrote 41 bytes to ecology
[dna] water wrote 29 bytes to ecology
[dna] water wrote 108 bytes to ecology
[debug-onto] tick=200 corpus=145255 stage=2 freeze=0
[dna] water wrote 61 bytes to ecology
[dna] water wrote 43 bytes to ecology
[dna] water wrote 24 bytes to ecology
[dna] water wrote 46 bytes to ecology
[dna] water wrote 64 bytes to ecology
[dna] water wrote 24 bytes to ecology
[dna] water wrote 35 bytes to ecology
[dna] water wrote 18 bytes to ecology
[dna] water wrote 12 bytes to ecology
[dna] water wrote 95 bytes to ecology
[dna] water wrote 80 bytes to ecology
[dna] water wrote 75 bytes to ecology
[dna] water wrote 83 bytes to ecology
[dna] water wrote 11 bytes to ecology
[dna] water wrote 35 bytes to ecology
[dna] water wrote 41 bytes to ecology
[dna] water wrote 11 bytes to ecology
[debug-onto] tick=250 corpus=145255 stage=2 freeze=0
[dna] water wrote 22 bytes to ecology
[dna] water wrote 87 bytes to ecology
[dna] water wrote 43 bytes to ecology
[dna] water wrote 21 bytes to ecology
[dna] water wrote 84 bytes to ecology
[dna] water wrote 49 bytes to ecology
[dna] water wrote 10 bytes to ecology
[dna] water wrote 135 bytes to ecology
[dna] water wrote 32 bytes to ecology
[dna] water wrote 27 bytes to ecology
[dna] water wrote 170 bytes to ecology
[dna] water wrote 9 bytes to ecology
[dna] water wrote 30 bytes to ecology
[dna] water wrote 29 bytes to ecology
[dna] water wrote 35 bytes to ecology
[dna] water wrote 23 bytes to ecology
[debug-onto] tick=300 corpus=145255 stage=2 freeze=0
[dna] water wrote 33 bytes to ecology
[dna] water wrote 109 bytes to ecology
[dna] water wrote 21 bytes to ecology
[dna] water wrote 50 bytes to ecology
[dna] water wrote 166 bytes to ecology
[dna] water wrote 32 bytes to ecology
[dna] water wrote 53 bytes to ecology
[dna] water wrote 56 bytes to ecology
[dna] water wrote 99 bytes to ecology
[dna] water wrote 83 bytes to ecology
[dna] water wrote 112 bytes to ecology
[dna] water wrote 18 bytes to ecology
[dna] water wrote 21 bytes to ecology
[dna] water wrote 130 bytes to ecology
[dna] water wrote 14 bytes to ecology
[dna] water wrote 67 bytes to ecology
[dna] water wrote 21 bytes to ecology
[debug-onto] tick=350 corpus=145255 stage=2 freeze=0
[dna] water wrote 21 bytes to ecology
[dna] water wrote 12 bytes to ecology
[dna] water wrote 21 bytes to ecology
[dna] water wrote 44 bytes to ecology
[dna] water wrote 79 bytes to ecology
[dna] water wrote 26 bytes to ecology
[dna] water wrote 33 bytes to ecology
[dna] water wrote 12 bytes to ecology
[dna] water wrote 32 bytes to ecology
[dna] water wrote 61 bytes to ecology
[dna] water wrote 30 bytes to ecology
[dna] water wrote 21 bytes to ecology
[dna] water wrote 131 bytes to ecology
[dna] water wrote 61 bytes to ecology
[dna] water wrote 14 bytes to ecology
[dna] water wrote 135 bytes to ecology
[dna] water wrote 25 bytes to ecology
[debug-onto] tick=400 corpus=145255 stage=2 freeze=0
[dna] water wrote 54 bytes to ecology
[dna] water wrote 17 bytes to ecology
[dna] water wrote 27 bytes to ecology
[dna] water wrote 22 bytes to ecology
[dna] water wrote 23 bytes to ecology
[dna] water wrote 10 bytes to ecology
[dna] water wrote 43 bytes to ecology
[dna] water wrote 22 bytes to ecology
[dna] water wrote 29 bytes to ecology
[dna] water wrote 39 bytes to ecology
[dna] water wrote 18 bytes to ecology
[dna] water wrote 67 bytes to ecology
[dna] water wrote 31 bytes to ecology
[dna] water wrote 65 bytes to ecology
[dna] water wrote 77 bytes to ecology
[dna] water wrote 30 bytes to ecology
[debug-onto] tick=450 corpus=145255 stage=2 freeze=0
[dna] water wrote 89 bytes to ecology
[dna] water wrote 14 bytes to ecology
[dna] water wrote 54 bytes to ecology
[dna] water wrote 19 bytes to ecology
[dna] water wrote 15 bytes to ecology
[dna] water wrote 36 bytes to ecology
[dna] water wrote 28 bytes to ecology
[dna] water wrote 72 bytes to ecology
[dna] water wrote 41 bytes to ecology
[dna] water wrote 30 bytes to ecology
[dna] water wrote 120 bytes to ecology
[dna] water wrote 105 bytes to ecology
[dna] water wrote 36 bytes to ecology
[dna] water wrote 43 bytes to ecology
[dna] water wrote 13 bytes to ecology
[dna] water wrote 51 bytes to ecology
[dna] water wrote 108 bytes to ecology
[debug-onto] tick=500 corpus=145255 stage=2 freeze=0
[dna] water wrote 57 bytes to ecology
[dna] water wrote 18 bytes to ecology
[dna] water wrote 21 bytes to ecology
[dna] water wrote 102 bytes to ecology
[dna] water wrote 17 bytes to ecology
[dna] water wrote 104 bytes to ecology
[dna] water wrote 99 bytes to ecology
[dna] water wrote 15 bytes to ecology
[dna] water wrote 62 bytes to ecology
[dna] water wrote 95 bytes to ecology
[dna] water wrote 89 bytes to ecology
[dna] water wrote 33 bytes to ecology
[dna] water wrote 100 bytes to ecology
[dna] water wrote 13 bytes to ecology
[dna] water wrote 71 bytes to ecology
[dna] water wrote 21 bytes to ecology
[dna] water wrote 127 bytes to ecology
[debug-onto] tick=550 corpus=145255 stage=2 freeze=0
[dna] water wrote 64 bytes to ecology
[dna] water wrote 73 bytes to ecology
[dna] water wrote 28 bytes to ecology
[dna] water wrote 42 bytes to ecology
[dna] water wrote 121 bytes to ecology
[dna] water wrote 27 bytes to ecology
[dna] water wrote 78 bytes to ecology
[dna] water wrote 28 bytes to ecology
[dna] water wrote 179 bytes to ecology
[dna] water wrote 23 bytes to ecology
[dna] water wrote 51 bytes to ecology
[dna] water wrote 9 bytes to ecology
[dna] water wrote 58 bytes to ecology
[dna] water wrote 43 bytes to ecology
[dna] water wrote 23 bytes to ecology
[dna] water wrote 46 bytes to ecology
[debug-onto] tick=600 corpus=145255 stage=2 freeze=0
[dna] water wrote 63 bytes to ecology
[dna] water wrote 74 bytes to ecology
[dna] water wrote 89 bytes to ecology
[dna] water wrote 12 bytes to ecology
[dna] water wrote 49 bytes to ecology
[dna] water wrote 20 bytes to ecology
[dna] water wrote 99 bytes to ecology
[dna] water wrote 57 bytes to ecology
[dna] water wrote 65 bytes to ecology
[dna] water wrote 38 bytes to ecology
[dna] water wrote 33 bytes to ecology
[dna] water wrote 127 bytes to ecology
[dna] water wrote 26 bytes to ecology
[dna] water wrote 111 bytes to ecology

[evolution] Organism shutting down gracefully.
