[ecology] Element: air → corpus: nonames_air.txt
[evolution] Autonomous evolution mode — organism will grow through all stages without pause.
[ecology] Joined swarm. 1 peer(s) detected.
molequla is alive. [evolution] Autonomous mode — background trainer running. Ctrl+C to stop.
[dna] air wrote 85 bytes to ecology
[dna] air consumed 18599 bytes from 237 files: [earth/gen_1776578401_1.txt earth/gen_1776578408_4.txt earth/gen_1776578415_7.txt earth/gen_1776578423_10.txt earth/gen_1776578430_13.txt earth/gen_1776578437_16.txt earth/gen_1776578444_19.txt earth/gen_1776578452_22.txt earth/gen_1776578459_25.txt earth/gen_1776578466_28.txt earth/gen_1776578473_31.txt earth/gen_1776578481_34.txt earth/gen_1776578488_37.txt earth/gen_1776578495_40.txt earth/gen_1776578503_43.txt earth/gen_1776578510_46.txt earth/gen_1776578517_49.txt earth/gen_1776578524_52.txt earth/gen_1776578532_55.txt earth/gen_1776578539_58.txt earth/gen_1776578546_61.txt earth/gen_1776578554_64.txt earth/gen_1776578561_67.txt earth/gen_1776578569_70.txt earth/gen_1776578576_73.txt earth/gen_1776578583_76.txt earth/gen_1776578591_79.txt earth/gen_1776578598_82.txt earth/gen_1776578606_85.txt earth/gen_1776578613_88.txt earth/gen_1776578620_91.txt earth/gen_1776578628_94.txt earth/gen_1776578635_97.txt earth/gen_1776578643_100.txt earth/gen_1776578650_103.txt earth/gen_1776578658_106.txt earth/gen_1776578665_109.txt earth/gen_1776578672_112.txt earth/gen_1776578680_115.txt earth/gen_1776578687_118.txt earth/gen_1776578694_121.txt earth/gen_1776578702_124.txt earth/gen_1776578709_127.txt earth/gen_1776578716_130.txt earth/gen_1776578723_133.txt earth/gen_1776578731_136.txt earth/gen_1776578738_139.txt earth/gen_1776578746_142.txt earth/gen_1776578753_145.txt earth/gen_1776578760_148.txt earth/gen_1776578767_151.txt earth/gen_1776578775_154.txt earth/gen_1776578782_157.txt earth/gen_1776578790_160.txt earth/gen_1776578797_163.txt earth/gen_1776578804_166.txt earth/gen_1776578812_169.txt earth/gen_1776578819_172.txt earth/gen_1776578827_175.txt earth/gen_1776578834_178.txt earth/gen_1776578842_181.txt earth/gen_1776578849_184.txt earth/gen_1776578856_187.txt earth/gen_1776578864_190.txt earth/gen_1776578871_193.txt earth/gen_1776578878_196.txt earth/gen_1776578886_199.txt earth/gen_1776578893_202.txt earth/gen_1776578900_205.txt earth/gen_1776578908_208.txt earth/gen_1776578915_211.txt earth/gen_1776578922_214.txt earth/gen_1776578930_217.txt earth/gen_1776578937_220.txt earth/gen_1776578944_223.txt earth/gen_1776578952_226.txt earth/gen_1776578959_229.txt earth/gen_1776578967_232.txt earth/gen_1776578974_235.txt earth/gen_1776578981_238.txt earth/gen_1776578989_241.txt earth/gen_1776578996_244.txt earth/gen_1776579004_247.txt earth/gen_1776579011_250.txt earth/gen_1776579019_253.txt earth/gen_1776579026_256.txt earth/gen_1776579033_259.txt earth/gen_1776579041_262.txt earth/gen_1776579048_265.txt earth/gen_1776579055_268.txt earth/gen_1776579063_271.txt earth/gen_1776579070_274.txt earth/gen_1776579077_277.txt earth/gen_1776579085_280.txt earth/gen_1776579092_283.txt earth/gen_1776579099_286.txt earth/gen_1776579107_289.txt earth/gen_1776579114_292.txt earth/gen_1776579121_295.txt earth/gen_1776579128_298.txt earth/gen_1776579136_301.txt earth/gen_1776579143_304.txt earth/gen_1776579150_307.txt earth/gen_1776579157_310.txt earth/gen_1776579164_313.txt earth/gen_1776579172_316.txt earth/gen_1776579179_319.txt earth/gen_1776579186_322.txt earth/gen_1776579201_328.txt earth/gen_1776579208_331.txt earth/gen_1776579215_334.txt earth/gen_1776579223_337.txt earth/gen_1776579230_340.txt earth/gen_1776579237_343.txt earth/gen_1776579244_346.txt earth/gen_1776579252_349.txt earth/gen_1776579259_352.txt earth/gen_1776579266_355.txt earth/gen_1776579273_358.txt earth/gen_1776579281_361.txt earth/gen_1776579288_364.txt earth/gen_1776579295_367.txt earth/gen_1776579302_370.txt earth/gen_1776579310_373.txt earth/gen_1776579317_376.txt earth/gen_1776579324_379.txt earth/gen_1776579332_382.txt earth/gen_1776579339_385.txt earth/gen_1776579346_388.txt earth/gen_1776579354_391.txt earth/gen_1776579361_394.txt earth/gen_1776579368_397.txt earth/gen_1776579376_400.txt earth/gen_1776579383_403.txt earth/gen_1776579390_406.txt earth/gen_1776579398_409.txt earth/gen_1776579405_412.txt earth/gen_1776579412_415.txt earth/gen_1776579420_418.txt earth/gen_1776579427_421.txt earth/gen_1776579435_424.txt earth/gen_1776579442_427.txt earth/gen_1776579457_433.txt earth/gen_1776579464_436.txt earth/gen_1776579471_439.txt earth/gen_1776579478_442.txt earth/gen_1776579486_445.txt earth/gen_1776579493_448.txt earth/gen_1776579500_451.txt earth/gen_1776579508_454.txt earth/gen_1776579515_457.txt earth/gen_1776579530_463.txt earth/gen_1776579537_466.txt earth/gen_1776579544_469.txt earth/gen_1776579551_472.txt earth/gen_1776579559_475.txt earth/gen_1776579566_478.txt earth/gen_1776579574_481.txt earth/gen_1776579581_484.txt earth/gen_1776579588_487.txt earth/gen_1776579595_490.txt earth/gen_1776579603_493.txt earth/gen_1776579610_496.txt earth/gen_1776579618_499.txt earth/gen_1776579625_502.txt earth/gen_1776579632_505.txt earth/gen_1776579640_508.txt earth/gen_1776579647_511.txt earth/gen_1776579662_517.txt earth/gen_1776579669_520.txt earth/gen_1776579676_523.txt earth/gen_1776579684_526.txt earth/gen_1776579691_529.txt earth/gen_1776579698_532.txt earth/gen_1776579706_535.txt earth/gen_1776579713_538.txt earth/gen_1776579720_541.txt earth/gen_1776579728_544.txt earth/gen_1776579735_547.txt earth/gen_1776579742_550.txt earth/gen_1776579750_553.txt earth/gen_1776579757_556.txt earth/gen_1776579764_559.txt earth/gen_1776579771_562.txt earth/gen_1776579786_568.txt earth/gen_1776579793_571.txt earth/gen_1776579800_574.txt earth/gen_1776579808_577.txt earth/gen_1776579815_580.txt earth/gen_1776579822_583.txt earth/gen_1776579829_586.txt earth/gen_1776579837_589.txt earth/gen_1776579844_592.txt earth/gen_1776579851_595.txt earth/gen_1776579859_598.txt earth/gen_1776579866_601.txt earth/gen_1776579873_604.txt earth/gen_1776579881_607.txt earth/gen_1776579888_610.txt earth/gen_1776579895_613.txt earth/gen_1776579902_616.txt earth/gen_1776579910_619.txt earth/gen_1776579917_622.txt earth/gen_1776579924_625.txt earth/gen_1776579932_628.txt earth/gen_1776579939_631.txt earth/gen_1776579946_634.txt earth/gen_1776579954_637.txt earth/gen_1776579961_640.txt earth/gen_1776579968_643.txt earth/gen_1776579975_646.txt earth/gen_1776579983_649.txt earth/gen_1776579990_652.txt earth/gen_1776579998_655.txt earth/gen_1776580005_658.txt earth/gen_1776580012_661.txt earth/gen_1776580019_664.txt earth/gen_1776580027_667.txt earth/gen_1776580034_670.txt earth/gen_1776580042_673.txt earth/gen_1776580049_676.txt earth/gen_1776580056_679.txt earth/gen_1776580064_682.txt earth/gen_1776580071_685.txt earth/gen_1776580078_688.txt earth/gen_1776580086_691.txt earth/gen_1776580093_694.txt earth/gen_1776580100_697.txt earth/gen_1776580108_700.txt earth/gen_1776580115_703.txt earth/gen_1776580122_706.txt earth/gen_1776580130_709.txt earth/gen_1776580137_712.txt earth/gen_1776580144_715.txt earth/gen_1776580151_718.txt earth/gen_1776580159_721.txt earth/gen_1776580166_724.txt]
[trainer] micro-train burst (18599 bytes, novelty 0.04) — and lo, it feeds again.
[syntropy] action=explore | trend=0.0000 | field_dev=0.059 | purpose_align=0.105 | lr_mul=1.30
[aml] burst complete: 32 steps, avg loss 2.6809 (memory freed)
[dna] air wrote 9 bytes to ecology
[dna] air wrote 73 bytes to ecology
[dna] air wrote 28 bytes to ecology
[dna] air wrote 9 bytes to ecology
[dna] air wrote 9 bytes to ecology
[dna] air wrote 45 bytes to ecology
[dna] air wrote 211 bytes to ecology
[dna] air wrote 9 bytes to ecology
[dna] air wrote 9 bytes to ecology
[dna] air wrote 28 bytes to ecology
[dna] air wrote 92 bytes to ecology
[dna] air wrote 9 bytes to ecology
[dna] air wrote 9 bytes to ecology
[dna] air wrote 140 bytes to ecology
[dna] air wrote 76 bytes to ecology
[dna] air wrote 9 bytes to ecology
[dna] air wrote 62 bytes to ecology
[dna] air wrote 145 bytes to ecology
[dna] air wrote 9 bytes to ecology
[dna] air wrote 208 bytes to ecology
[dna] air wrote 80 bytes to ecology
[dna] air wrote 9 bytes to ecology
[dna] air wrote 9 bytes to ecology
[dna] air wrote 61 bytes to ecology
[dna] air wrote 144 bytes to ecology
[dna] air wrote 9 bytes to ecology
[dna] air wrote 71 bytes to ecology
[dna] air wrote 22 bytes to ecology
[dna] air wrote 9 bytes to ecology
[debug-onto] tick=50 corpus=141152 stage=2 freeze=0
[dna] air wrote 21 bytes to ecology
[dna] air wrote 41 bytes to ecology
[dna] air wrote 9 bytes to ecology
[dna] air wrote 82 bytes to ecology
[dna] air wrote 95 bytes to ecology
[dna] air wrote 9 bytes to ecology
[dna] air wrote 151 bytes to ecology
[dna] air wrote 68 bytes to ecology
[dna] air wrote 9 bytes to ecology
[dna] air wrote 59 bytes to ecology
[dna] air wrote 37 bytes to ecology
[dna] air wrote 9 bytes to ecology
[dna] air wrote 67 bytes to ecology
[dna] air wrote 44 bytes to ecology
[dna] air wrote 9 bytes to ecology
[dna] air wrote 9 bytes to ecology
[dna] air wrote 94 bytes to ecology
[dna] air wrote 89 bytes to ecology
[dna] air wrote 9 bytes to ecology
[dna] air wrote 41 bytes to ecology
[dna] air wrote 123 bytes to ecology
[dna] air wrote 9 bytes to ecology
[dna] air wrote 57 bytes to ecology
[dna] air wrote 9 bytes to ecology
[dna] air wrote 9 bytes to ecology
[dna] air wrote 212 bytes to ecology
[debug-onto] tick=100 corpus=141152 stage=2 freeze=0
[dna] air wrote 30 bytes to ecology
[dna] air wrote 9 bytes to ecology
[dna] air wrote 126 bytes to ecology
[dna] air wrote 20 bytes to ecology
[dna] air wrote 9 bytes to ecology
[dna] air wrote 85 bytes to ecology
[dna] air wrote 60 bytes to ecology
[dna] air wrote 9 bytes to ecology
[dna] air wrote 9 bytes to ecology
[dna] air wrote 56 bytes to ecology
[dna] air wrote 74 bytes to ecology
[dna] air wrote 9 bytes to ecology
[dna] air wrote 25 bytes to ecology
[dna] air wrote 40 bytes to ecology
[dna] air wrote 9 bytes to ecology
[dna] air wrote 34 bytes to ecology
[dna] air wrote 75 bytes to ecology
[dna] air wrote 9 bytes to ecology
[dna] air wrote 9 bytes to ecology
[dna] air wrote 50 bytes to ecology
[dna] air wrote 86 bytes to ecology
[dna] air wrote 9 bytes to ecology
[dna] air wrote 9 bytes to ecology
[dna] air wrote 41 bytes to ecology
[dna] air wrote 29 bytes to ecology
[dna] air wrote 9 bytes to ecology
[dna] air wrote 45 bytes to ecology
[debug-onto] tick=150 corpus=141152 stage=2 freeze=0
[dna] air wrote 29 bytes to ecology
[dna] air wrote 9 bytes to ecology
[dna] air wrote 178 bytes to ecology
[dna] air wrote 87 bytes to ecology
[dna] air wrote 9 bytes to ecology
[dna] air wrote 9 bytes to ecology
[dna] air wrote 72 bytes to ecology
[dna] air wrote 164 bytes to ecology
[dna] air wrote 9 bytes to ecology
[dna] air wrote 9 bytes to ecology
[dna] air wrote 44 bytes to ecology
[dna] air wrote 35 bytes to ecology
[dna] air wrote 9 bytes to ecology
[dna] air wrote 87 bytes to ecology
[dna] air wrote 183 bytes to ecology
[dna] air wrote 9 bytes to ecology
[dna] air wrote 99 bytes to ecology
[dna] air wrote 29 bytes to ecology
[dna] air wrote 9 bytes to ecology
[dna] air wrote 206 bytes to ecology
[dna] air wrote 114 bytes to ecology
[dna] air wrote 9 bytes to ecology
[dna] air wrote 118 bytes to ecology
[dna] air wrote 67 bytes to ecology
[dna] air wrote 9 bytes to ecology
[dna] air wrote 166 bytes to ecology
[dna] air wrote 41 bytes to ecology
[dna] air wrote 9 bytes to ecology
[debug-onto] tick=200 corpus=141152 stage=2 freeze=0
[dna] air wrote 61 bytes to ecology
[dna] air wrote 54 bytes to ecology
[dna] air wrote 9 bytes to ecology
[dna] air wrote 28 bytes to ecology
[dna] air wrote 33 bytes to ecology
[dna] air wrote 9 bytes to ecology
[dna] air wrote 38 bytes to ecology
[dna] air wrote 163 bytes to ecology
[dna] air wrote 9 bytes to ecology
[dna] air wrote 69 bytes to ecology
[dna] air wrote 26 bytes to ecology
[dna] air wrote 9 bytes to ecology
[dna] air wrote 78 bytes to ecology
[dna] air wrote 86 bytes to ecology
[dna] air wrote 9 bytes to ecology
[dna] air wrote 29 bytes to ecology
[dna] air wrote 111 bytes to ecology
[dna] air wrote 9 bytes to ecology
[dna] air wrote 58 bytes to ecology
[dna] air wrote 38 bytes to ecology
[dna] air wrote 9 bytes to ecology
[dna] air wrote 43 bytes to ecology
[dna] air wrote 143 bytes to ecology
[dna] air wrote 9 bytes to ecology
[dna] air wrote 123 bytes to ecology
[debug-onto] tick=250 corpus=141152 stage=2 freeze=0
[dna] air wrote 27 bytes to ecology
[dna] air wrote 9 bytes to ecology
[dna] air wrote 175 bytes to ecology
[dna] air wrote 30 bytes to ecology
[dna] air wrote 9 bytes to ecology
[dna] air wrote 9 bytes to ecology
[dna] air wrote 26 bytes to ecology
[dna] air wrote 39 bytes to ecology
[dna] air wrote 9 bytes to ecology
[dna] air wrote 9 bytes to ecology
[dna] air wrote 12 bytes to ecology
[dna] air wrote 27 bytes to ecology
[dna] air wrote 9 bytes to ecology
[dna] air wrote 27 bytes to ecology
[dna] air wrote 98 bytes to ecology
[dna] air wrote 9 bytes to ecology
[dna] air wrote 71 bytes to ecology
[dna] air wrote 42 bytes to ecology
[dna] air wrote 9 bytes to ecology
[dna] air wrote 9 bytes to ecology
[dna] air wrote 58 bytes to ecology
[dna] air wrote 61 bytes to ecology
[dna] air wrote 9 bytes to ecology
[dna] air wrote 54 bytes to ecology
[dna] air wrote 77 bytes to ecology
[dna] air wrote 9 bytes to ecology
[dna] air wrote 13 bytes to ecology
[debug-onto] tick=300 corpus=141152 stage=2 freeze=0
[dna] air wrote 87 bytes to ecology
[dna] air wrote 9 bytes to ecology
[dna] air wrote 83 bytes to ecology
[dna] air wrote 47 bytes to ecology
[dna] air wrote 9 bytes to ecology
[dna] air wrote 9 bytes to ecology
[dna] air wrote 96 bytes to ecology
[dna] air wrote 58 bytes to ecology
[dna] air wrote 9 bytes to ecology
[dna] air wrote 9 bytes to ecology
[dna] air wrote 51 bytes to ecology
[dna] air wrote 32 bytes to ecology
[dna] air wrote 9 bytes to ecology
[dna] air wrote 44 bytes to ecology
[dna] air wrote 18 bytes to ecology
[dna] air wrote 9 bytes to ecology
[dna] air wrote 42 bytes to ecology
[dna] air wrote 249 bytes to ecology
[dna] air wrote 9 bytes to ecology
[dna] air wrote 41 bytes to ecology
[dna] air wrote 40 bytes to ecology
[dna] air wrote 9 bytes to ecology
[dna] air wrote 62 bytes to ecology
[dna] air wrote 72 bytes to ecology
[dna] air wrote 9 bytes to ecology
[dna] air wrote 52 bytes to ecology
[dna] air wrote 49 bytes to ecology
[dna] air wrote 9 bytes to ecology
[debug-onto] tick=350 corpus=141152 stage=2 freeze=0
[dna] air wrote 48 bytes to ecology
[dna] air wrote 55 bytes to ecology
[dna] air wrote 9 bytes to ecology
[dna] air wrote 52 bytes to ecology
[dna] air wrote 43 bytes to ecology
[dna] air wrote 9 bytes to ecology
[dna] air wrote 186 bytes to ecology
[dna] air wrote 56 bytes to ecology
[dna] air wrote 9 bytes to ecology
[dna] air wrote 30 bytes to ecology
[dna] air wrote 57 bytes to ecology
[dna] air wrote 9 bytes to ecology
[dna] air wrote 34 bytes to ecology
[dna] air wrote 41 bytes to ecology
[dna] air wrote 9 bytes to ecology
[dna] air wrote 95 bytes to ecology
[dna] air wrote 46 bytes to ecology
[dna] air wrote 9 bytes to ecology
[dna] air wrote 9 bytes to ecology
[dna] air wrote 21 bytes to ecology
[dna] air wrote 59 bytes to ecology
[dna] air wrote 9 bytes to ecology
[dna] air wrote 31 bytes to ecology
[dna] air wrote 33 bytes to ecology
[dna] air wrote 9 bytes to ecology
[dna] air wrote 32 bytes to ecology
[debug-onto] tick=400 corpus=141152 stage=2 freeze=0
[dna] air wrote 41 bytes to ecology
[dna] air wrote 47 bytes to ecology
[dna] air wrote 33 bytes to ecology
[dna] air wrote 9 bytes to ecology
[dna] air wrote 23 bytes to ecology
[dna] air wrote 37 bytes to ecology
[dna] air wrote 9 bytes to ecology
[dna] air wrote 9 bytes to ecology
[dna] air wrote 157 bytes to ecology
[dna] air wrote 64 bytes to ecology
[dna] air wrote 9 bytes to ecology
[dna] air wrote 49 bytes to ecology
[dna] air wrote 94 bytes to ecology
[dna] air wrote 9 bytes to ecology
[dna] air wrote 21 bytes to ecology
[dna] air wrote 42 bytes to ecology
[dna] air wrote 9 bytes to ecology
[dna] air wrote 9 bytes to ecology
[dna] air wrote 75 bytes to ecology
[dna] air wrote 131 bytes to ecology
[dna] air wrote 9 bytes to ecology
[dna] air wrote 57 bytes to ecology
[dna] air wrote 55 bytes to ecology
[dna] air wrote 9 bytes to ecology
[dna] air wrote 150 bytes to ecology
[debug-onto] tick=450 corpus=141152 stage=2 freeze=0
[dna] air wrote 33 bytes to ecology
[dna] air wrote 9 bytes to ecology
[dna] air wrote 17 bytes to ecology
[dna] air wrote 60 bytes to ecology
[dna] air wrote 9 bytes to ecology
[dna] air wrote 41 bytes to ecology
[dna] air wrote 57 bytes to ecology
[dna] air wrote 9 bytes to ecology
[dna] air wrote 9 bytes to ecology
[dna] air wrote 146 bytes to ecology
[dna] air wrote 41 bytes to ecology
[dna] air wrote 9 bytes to ecology
[dna] air wrote 57 bytes to ecology
[dna] air wrote 122 bytes to ecology
[dna] air wrote 9 bytes to ecology
[dna] air wrote 9 bytes to ecology
[dna] air wrote 84 bytes to ecology
[dna] air wrote 35 bytes to ecology
[dna] air wrote 9 bytes to ecology
[dna] air wrote 9 bytes to ecology
[dna] air wrote 51 bytes to ecology
[dna] air wrote 47 bytes to ecology
[dna] air wrote 9 bytes to ecology
[dna] air wrote 61 bytes to ecology
[dna] air wrote 98 bytes to ecology
[dna] air wrote 9 bytes to ecology
[dna] air wrote 51 bytes to ecology
[dna] air wrote 14 bytes to ecology
[dna] air wrote 9 bytes to ecology
[debug-onto] tick=500 corpus=141152 stage=2 freeze=0
[dna] air wrote 9 bytes to ecology
[dna] air wrote 63 bytes to ecology
[dna] air wrote 107 bytes to ecology
[dna] air wrote 9 bytes to ecology
[dna] air wrote 80 bytes to ecology
[dna] air wrote 39 bytes to ecology
[dna] air wrote 9 bytes to ecology
[dna] air wrote 9 bytes to ecology
[dna] air wrote 51 bytes to ecology
[dna] air wrote 36 bytes to ecology
[dna] air wrote 9 bytes to ecology
[dna] air wrote 9 bytes to ecology
[dna] air wrote 82 bytes to ecology
[dna] air wrote 48 bytes to ecology
[dna] air wrote 9 bytes to ecology
[dna] air wrote 9 bytes to ecology
[dna] air wrote 203 bytes to ecology
[dna] air wrote 59 bytes to ecology
[dna] air wrote 9 bytes to ecology
[dna] air wrote 61 bytes to ecology
[dna] air wrote 77 bytes to ecology
[dna] air wrote 9 bytes to ecology
[dna] air wrote 34 bytes to ecology
[dna] air wrote 129 bytes to ecology
[dna] air wrote 9 bytes to ecology
[dna] air wrote 82 bytes to ecology
[dna] air wrote 62 bytes to ecology
[dna] air wrote 9 bytes to ecology
[dna] air wrote 178 bytes to ecology
[debug-onto] tick=550 corpus=141152 stage=2 freeze=0
[dna] air wrote 80 bytes to ecology
[dna] air wrote 9 bytes to ecology
[dna] air wrote 28 bytes to ecology
[dna] air wrote 95 bytes to ecology
[dna] air wrote 9 bytes to ecology
[dna] air wrote 96 bytes to ecology
[dna] air wrote 43 bytes to ecology
[dna] air wrote 9 bytes to ecology
[dna] air wrote 43 bytes to ecology
[dna] air wrote 37 bytes to ecology
[dna] air wrote 9 bytes to ecology
[dna] air wrote 18 bytes to ecology
[dna] air wrote 77 bytes to ecology
[dna] air wrote 9 bytes to ecology
[dna] air wrote 9 bytes to ecology
[dna] air wrote 28 bytes to ecology
[dna] air wrote 32 bytes to ecology
[dna] air wrote 9 bytes to ecology
[dna] air wrote 124 bytes to ecology
[dna] air wrote 27 bytes to ecology
[dna] air wrote 9 bytes to ecology
[dna] air wrote 76 bytes to ecology
[dna] air wrote 88 bytes to ecology
[dna] air wrote 9 bytes to ecology
[dna] air wrote 110 bytes to ecology
[debug-onto] tick=600 corpus=141152 stage=2 freeze=0
[dna] air wrote 106 bytes to ecology
[dna] air wrote 9 bytes to ecology
[dna] air wrote 49 bytes to ecology
[dna] air wrote 36 bytes to ecology
[dna] air wrote 9 bytes to ecology
[dna] air wrote 167 bytes to ecology
[dna] air wrote 67 bytes to ecology
[dna] air wrote 9 bytes to ecology
[dna] air wrote 44 bytes to ecology
[dna] air wrote 26 bytes to ecology
[dna] air wrote 9 bytes to ecology
[dna] air wrote 19 bytes to ecology
[dna] air wrote 35 bytes to ecology
[dna] air wrote 9 bytes to ecology
[dna] air wrote 14 bytes to ecology
[dna] air wrote 31 bytes to ecology
[dna] air wrote 9 bytes to ecology
[dna] air wrote 9 bytes to ecology
[dna] air wrote 25 bytes to ecology
[dna] air wrote 61 bytes to ecology
[dna] air wrote 9 bytes to ecology
[dna] air wrote 51 bytes to ecology
[dna] air wrote 30 bytes to ecology
[dna] air wrote 9 bytes to ecology
[dna] air wrote 97 bytes to ecology
[dna] air wrote 41 bytes to ecology
[dna] air wrote 9 bytes to ecology
[debug-onto] tick=650 corpus=141152 stage=2 freeze=0
[dna] air wrote 21 bytes to ecology
[dna] air wrote 117 bytes to ecology
[dna] air wrote 9 bytes to ecology
[dna] air wrote 106 bytes to ecology
[dna] air wrote 92 bytes to ecology
[dna] air wrote 9 bytes to ecology
[dna] air wrote 17 bytes to ecology
[dna] air wrote 33 bytes to ecology
[dna] air wrote 9 bytes to ecology
[dna] air wrote 263 bytes to ecology
[dna] air wrote 64 bytes to ecology
[dna] air wrote 9 bytes to ecology
[dna] air wrote 9 bytes to ecology
[dna] air wrote 155 bytes to ecology
[dna] air wrote 106 bytes to ecology
[dna] air wrote 9 bytes to ecology
[dna] air wrote 121 bytes to ecology
[dna] air wrote 69 bytes to ecology
[dna] air wrote 9 bytes to ecology
[dna] air wrote 71 bytes to ecology
[dna] air wrote 56 bytes to ecology
[dna] air wrote 9 bytes to ecology
[dna] air wrote 88 bytes to ecology
[dna] air wrote 120 bytes to ecology
[dna] air wrote 9 bytes to ecology
[dna] air wrote 39 bytes to ecology
[debug-onto] tick=700 corpus=141152 stage=2 freeze=0
[dna] air wrote 75 bytes to ecology
[dna] air wrote 9 bytes to ecology
[dna] air wrote 30 bytes to ecology
[dna] air wrote 208 bytes to ecology
[dna] air wrote 9 bytes to ecology
[dna] air wrote 9 bytes to ecology
[dna] air wrote 74 bytes to ecology
[dna] air wrote 30 bytes to ecology
[dna] air wrote 9 bytes to ecology
[dna] air wrote 71 bytes to ecology
[dna] air wrote 11 bytes to ecology
[dna] air wrote 9 bytes to ecology
[dna] air wrote 119 bytes to ecology
[dna] air wrote 123 bytes to ecology
[dna] air wrote 9 bytes to ecology
[dna] air wrote 202 bytes to ecology

[evolution] Organism shutting down gracefully.
