[ecology] Element: fire → corpus: nonames_fire.txt
[evolution] Autonomous evolution mode — organism will grow through all stages without pause.
[ecology] Joined swarm. 1 peer(s) detected.
molequla is alive. [evolution] Autonomous mode — background trainer running. Ctrl+C to stop.
[dna] fire wrote 119 bytes to ecology
[dna] fire consumed 24496 bytes from 421 files: [water/gen_1776581974_1.txt water/gen_1776581986_2.txt water/gen_1776581991_4.txt water/gen_1776581997_6.txt water/gen_1776581999_7.txt water/gen_1776582002_8.txt water/gen_1776582008_10.txt water/gen_1776582013_12.txt water/gen_1776582016_13.txt water/gen_1776582018_14.txt water/gen_1776582024_16.txt water/gen_1776582029_18.txt water/gen_1776582032_19.txt water/gen_1776582034_20.txt water/gen_1776582040_22.txt water/gen_1776582045_24.txt water/gen_1776582047_25.txt water/gen_1776582050_26.txt water/gen_1776582055_28.txt water/gen_1776582061_30.txt water/gen_1776582063_31.txt water/gen_1776582072_34.txt water/gen_1776582077_36.txt water/gen_1776582080_37.txt water/gen_1776582082_38.txt water/gen_1776582088_40.txt water/gen_1776582093_42.txt water/gen_1776582096_43.txt water/gen_1776582098_44.txt water/gen_1776582104_46.txt water/gen_1776582109_48.txt water/gen_1776582112_49.txt water/gen_1776582114_50.txt water/gen_1776582120_52.txt water/gen_1776582125_54.txt water/gen_1776582128_55.txt water/gen_1776582130_56.txt water/gen_1776582136_58.txt water/gen_1776582141_60.txt water/gen_1776582144_61.txt water/gen_1776582146_62.txt water/gen_1776582152_64.txt water/gen_1776582157_66.txt water/gen_1776582160_67.txt water/gen_1776582163_68.txt water/gen_1776582168_70.txt water/gen_1776582173_72.txt water/gen_1776582176_73.txt water/gen_1776582179_74.txt water/gen_1776582184_76.txt water/gen_1776582189_78.txt water/gen_1776582192_79.txt water/gen_1776582195_80.txt water/gen_1776582200_82.txt water/gen_1776582205_84.txt water/gen_1776582208_85.txt water/gen_1776582211_86.txt water/gen_1776582216_88.txt water/gen_1776582221_90.txt water/gen_1776582224_91.txt water/gen_1776582227_92.txt water/gen_1776582232_94.txt water/gen_1776582238_96.txt water/gen_1776582240_97.txt water/gen_1776582243_98.txt water/gen_1776582248_100.txt water/gen_1776582254_102.txt water/gen_1776582256_103.txt water/gen_1776582259_104.txt water/gen_1776582265_106.txt water/gen_1776582270_108.txt water/gen_1776582273_109.txt water/gen_1776582275_110.txt water/gen_1776582280_112.txt water/gen_1776582286_114.txt water/gen_1776582288_115.txt water/gen_1776582291_116.txt water/gen_1776582296_118.txt water/gen_1776582302_120.txt water/gen_1776582304_121.txt water/gen_1776582312_124.txt water/gen_1776582317_126.txt water/gen_1776582320_127.txt water/gen_1776582323_128.txt water/gen_1776582328_130.txt water/gen_1776582336_133.txt water/gen_1776582344_136.txt water/gen_1776582352_139.txt water/gen_1776582355_140.txt water/gen_1776582360_142.txt water/gen_1776582365_144.txt water/gen_1776582368_145.txt water/gen_1776582371_146.txt water/gen_1776582376_148.txt water/gen_1776582381_150.txt water/gen_1776582384_151.txt water/gen_1776582387_152.txt water/gen_1776582392_154.txt water/gen_1776582397_156.txt water/gen_1776582400_157.txt water/gen_1776582403_158.txt water/gen_1776582408_160.txt water/gen_1776582413_162.txt water/gen_1776582416_163.txt water/gen_1776582419_164.txt water/gen_1776582424_166.txt water/gen_1776582429_168.txt water/gen_1776582432_169.txt water/gen_1776582440_172.txt water/gen_1776582445_174.txt water/gen_1776582448_175.txt water/gen_1776582451_176.txt water/gen_1776582456_178.txt water/gen_1776582461_180.txt water/gen_1776582464_181.txt water/gen_1776582467_182.txt water/gen_1776582472_184.txt water/gen_1776582478_186.txt water/gen_1776582481_187.txt water/gen_1776582483_188.txt water/gen_1776582489_190.txt water/gen_1776582494_192.txt water/gen_1776582497_193.txt water/gen_1776582499_194.txt water/gen_1776582505_196.txt water/gen_1776582510_198.txt water/gen_1776582513_199.txt water/gen_1776582516_200.txt water/gen_1776582521_202.txt water/gen_1776582526_204.txt water/gen_1776582529_205.txt water/gen_1776582537_208.txt water/gen_1776582542_210.txt water/gen_1776582545_211.txt water/gen_1776582548_212.txt water/gen_1776582553_214.txt water/gen_1776582558_216.txt water/gen_1776582561_217.txt water/gen_1776582564_218.txt water/gen_1776582569_220.txt water/gen_1776582574_222.txt water/gen_1776582577_223.txt water/gen_1776582580_224.txt water/gen_1776582585_226.txt water/gen_1776582590_228.txt water/gen_1776582593_229.txt water/gen_1776582601_232.txt water/gen_1776582606_234.txt water/gen_1776582609_235.txt water/gen_1776582617_238.txt water/gen_1776582625_241.txt water/gen_1776582627_242.txt water/gen_1776582633_244.txt water/gen_1776582638_246.txt water/gen_1776582641_247.txt water/gen_1776582643_248.txt water/gen_1776582649_250.txt water/gen_1776582654_252.txt water/gen_1776582657_253.txt water/gen_1776582659_254.txt water/gen_1776582665_256.txt water/gen_1776582670_258.txt water/gen_1776582672_259.txt water/gen_1776582675_260.txt water/gen_1776582680_262.txt water/gen_1776582686_264.txt water/gen_1776582688_265.txt water/gen_1776582691_266.txt water/gen_1776582696_268.txt water/gen_1776582702_270.txt water/gen_1776582704_271.txt water/gen_1776582707_272.txt water/gen_1776582712_274.txt water/gen_1776582718_276.txt water/gen_1776582720_277.txt water/gen_1776582728_280.txt water/gen_1776582734_282.txt water/gen_1776582737_283.txt water/gen_1776582739_284.txt water/gen_1776582745_286.txt water/gen_1776582750_288.txt water/gen_1776582753_289.txt water/gen_1776582755_290.txt water/gen_1776582761_292.txt water/gen_1776582766_294.txt water/gen_1776582769_295.txt water/gen_1776582772_296.txt water/gen_1776582777_298.txt water/gen_1776582782_300.txt water/gen_1776582785_301.txt water/gen_1776582787_302.txt water/gen_1776582793_304.txt water/gen_1776582798_306.txt water/gen_1776582801_307.txt water/gen_1776582803_308.txt water/gen_1776582808_310.txt water/gen_1776582814_312.txt water/gen_1776582816_313.txt water/gen_1776582819_314.txt water/gen_1776582824_316.txt water/gen_1776582830_318.txt water/gen_1776582832_319.txt water/gen_1776582840_322.txt water/gen_1776582846_324.txt water/gen_1776582848_325.txt water/gen_1776582851_326.txt water/gen_1776582856_328.txt water/gen_1776582861_330.txt water/gen_1776582864_331.txt water/gen_1776582867_332.txt water/gen_1776582872_334.txt water/gen_1776582877_336.txt water/gen_1776582880_337.txt water/gen_1776582888_340.txt water/gen_1776582893_342.txt water/gen_1776582896_343.txt water/gen_1776582899_344.txt water/gen_1776582904_346.txt water/gen_1776582909_348.txt water/gen_1776582912_349.txt water/gen_1776582915_350.txt water/gen_1776582920_352.txt water/gen_1776582925_354.txt water/gen_1776582928_355.txt water/gen_1776582931_356.txt water/gen_1776582936_358.txt water/gen_1776582944_361.txt water/gen_1776582947_362.txt water/gen_1776582952_364.txt water/gen_1776582957_366.txt water/gen_1776582960_367.txt water/gen_1776582963_368.txt water/gen_1776582968_370.txt water/gen_1776582973_372.txt water/gen_1776582976_373.txt water/gen_1776582979_374.txt water/gen_1776582984_376.txt water/gen_1776582989_378.txt water/gen_1776582992_379.txt water/gen_1776582995_380.txt water/gen_1776583000_382.txt water/gen_1776583005_384.txt water/gen_1776583008_385.txt water/gen_1776583011_386.txt water/gen_1776583016_388.txt water/gen_1776583021_390.txt water/gen_1776583024_391.txt water/gen_1776583027_392.txt water/gen_1776583032_394.txt water/gen_1776583040_397.txt water/gen_1776583043_398.txt water/gen_1776583048_400.txt water/gen_1776583053_402.txt water/gen_1776583056_403.txt water/gen_1776583059_404.txt water/gen_1776583064_406.txt water/gen_1776583072_409.txt water/gen_1776583074_410.txt water/gen_1776583080_412.txt water/gen_1776583085_414.txt water/gen_1776583088_415.txt water/gen_1776583090_416.txt water/gen_1776583096_418.txt water/gen_1776583101_420.txt water/gen_1776583104_421.txt water/gen_1776583106_422.txt water/gen_1776583112_424.txt water/gen_1776583117_426.txt water/gen_1776583120_427.txt water/gen_1776583123_428.txt water/gen_1776583128_430.txt water/gen_1776583133_432.txt water/gen_1776583136_433.txt water/gen_1776583139_434.txt water/gen_1776583144_436.txt water/gen_1776583150_438.txt water/gen_1776583152_439.txt water/gen_1776583155_440.txt water/gen_1776583161_442.txt water/gen_1776583166_444.txt water/gen_1776583169_445.txt water/gen_1776583171_446.txt water/gen_1776583177_448.txt water/gen_1776583182_450.txt water/gen_1776583185_451.txt water/gen_1776583188_452.txt water/gen_1776583193_454.txt water/gen_1776583199_456.txt water/gen_1776583201_457.txt water/gen_1776583204_458.txt water/gen_1776583209_460.txt water/gen_1776583215_462.txt water/gen_1776583217_463.txt water/gen_1776583220_464.txt water/gen_1776583226_466.txt water/gen_1776583231_468.txt water/gen_1776583234_469.txt water/gen_1776583236_470.txt water/gen_1776583242_472.txt water/gen_1776583247_474.txt water/gen_1776583249_475.txt water/gen_1776583252_476.txt water/gen_1776583257_478.txt water/gen_1776583263_480.txt water/gen_1776583265_481.txt water/gen_1776583268_482.txt water/gen_1776583273_484.txt water/gen_1776583279_486.txt water/gen_1776583282_487.txt water/gen_1776583284_488.txt water/gen_1776583290_490.txt water/gen_1776583295_492.txt water/gen_1776583298_493.txt water/gen_1776583300_494.txt water/gen_1776583306_496.txt water/gen_1776583311_498.txt water/gen_1776583314_499.txt water/gen_1776583317_500.txt water/gen_1776583322_502.txt water/gen_1776583327_504.txt water/gen_1776583330_505.txt water/gen_1776583333_506.txt water/gen_1776583338_508.txt water/gen_1776583343_510.txt water/gen_1776583346_511.txt water/gen_1776583349_512.txt water/gen_1776583354_514.txt water/gen_1776583362_517.txt water/gen_1776583365_518.txt water/gen_1776583370_520.txt water/gen_1776583375_522.txt water/gen_1776583378_523.txt water/gen_1776583381_524.txt water/gen_1776583386_526.txt water/gen_1776583391_528.txt water/gen_1776583394_529.txt water/gen_1776583397_530.txt water/gen_1776583402_532.txt water/gen_1776583408_534.txt water/gen_1776583410_535.txt water/gen_1776583413_536.txt water/gen_1776583418_538.txt water/gen_1776583424_540.txt water/gen_1776583426_541.txt water/gen_1776583429_542.txt water/gen_1776583434_544.txt water/gen_1776583440_546.txt water/gen_1776583443_547.txt water/gen_1776583445_548.txt water/gen_1776583451_550.txt water/gen_1776583456_552.txt water/gen_1776583459_553.txt water/gen_1776583461_554.txt water/gen_1776583467_556.txt water/gen_1776583475_559.txt water/gen_1776583477_560.txt water/gen_1776583482_562.txt water/gen_1776583488_564.txt water/gen_1776583490_565.txt water/gen_1776583493_566.txt water/gen_1776583498_568.txt water/gen_1776583504_570.txt water/gen_1776583506_571.txt water/gen_1776583509_572.txt water/gen_1776583514_574.txt water/gen_1776583522_577.txt water/gen_1776583525_578.txt water/gen_1776583530_580.txt water/gen_1776583536_582.txt water/gen_1776583538_583.txt water/gen_1776583546_586.txt water/gen_1776583552_588.txt water/gen_1776583555_589.txt water/gen_1776583563_592.txt water/gen_1776583568_594.txt water/gen_1776583571_595.txt water/gen_1776583573_596.txt water/gen_1776583579_598.txt water/gen_1776583586_601.txt water/gen_1776583589_602.txt water/gen_1776583594_604.txt water/gen_1776583600_606.txt water/gen_1776583602_607.txt water/gen_1776583605_608.txt water/gen_1776583610_610.txt water/gen_1776583616_612.txt water/gen_1776583618_613.txt water/gen_1776583621_614.txt water/gen_1776583626_616.txt water/gen_1776583632_618.txt water/gen_1776583635_619.txt water/gen_1776583643_622.txt water/gen_1776583648_624.txt water/gen_1776583651_625.txt water/gen_1776583659_628.txt water/gen_1776583664_630.txt water/gen_1776583667_631.txt water/gen_1776583669_632.txt water/gen_1776583674_634.txt water/gen_1776583680_636.txt water/gen_1776583682_637.txt water/gen_1776583685_638.txt water/gen_1776583690_640.txt water/gen_1776583696_642.txt water/gen_1776583698_643.txt water/gen_1776583701_644.txt water/gen_1776583706_646.txt water/gen_1776583712_648.txt water/gen_1776583714_649.txt water/gen_1776583717_650.txt water/gen_1776583722_652.txt water/gen_1776583728_654.txt water/gen_1776583730_655.txt water/gen_1776583733_656.txt water/gen_1776583738_658.txt water/gen_1776583743_660.txt water/gen_1776583746_661.txt water/gen_1776583754_664.txt water/gen_1776583762_667.txt water/gen_1776583765_668.txt water/gen_1776583770_670.txt]
[trainer] micro-train burst (24496 bytes, novelty 0.03) — and lo, it feeds again.
[syntropy] action=explore | trend=0.0000 | field_dev=0.010 | purpose_align=0.092 | lr_mul=1.30
[aml] burst complete: 32 steps, avg loss 1.3298 (memory freed)
[dna] fire wrote 45 bytes to ecology
[dna] fire wrote 28 bytes to ecology
[dna] fire wrote 19 bytes to ecology
[dna] fire wrote 46 bytes to ecology
[dna] fire wrote 57 bytes to ecology
[dna] fire wrote 118 bytes to ecology
[dna] fire wrote 41 bytes to ecology
[dna] fire wrote 17 bytes to ecology
[dna] fire wrote 73 bytes to ecology
[dna] fire wrote 101 bytes to ecology
[dna] fire wrote 53 bytes to ecology
[dna] fire wrote 43 bytes to ecology
[dna] fire wrote 36 bytes to ecology
[dna] fire wrote 9 bytes to ecology
[dna] fire wrote 70 bytes to ecology
[dna] fire wrote 41 bytes to ecology
[dna] fire wrote 18 bytes to ecology
[dna] fire wrote 55 bytes to ecology
[dna] fire wrote 30 bytes to ecology
[dna] fire wrote 95 bytes to ecology
[dna] fire wrote 50 bytes to ecology
[dna] fire wrote 90 bytes to ecology
[dna] fire wrote 53 bytes to ecology
[dna] fire wrote 18 bytes to ecology
[dna] fire wrote 30 bytes to ecology
[debug-onto] tick=50 corpus=146817 stage=2 freeze=0
[dna] fire wrote 43 bytes to ecology
[dna] fire wrote 113 bytes to ecology
[dna] fire wrote 59 bytes to ecology
[dna] fire wrote 24 bytes to ecology
[dna] fire wrote 51 bytes to ecology
[dna] fire wrote 16 bytes to ecology
[dna] fire wrote 40 bytes to ecology
[dna] fire wrote 54 bytes to ecology
[dna] fire wrote 44 bytes to ecology
[dna] fire wrote 81 bytes to ecology
[dna] fire wrote 48 bytes to ecology
[dna] fire wrote 46 bytes to ecology
[dna] fire wrote 20 bytes to ecology
[dna] fire wrote 58 bytes to ecology
[dna] fire wrote 101 bytes to ecology
[dna] fire wrote 27 bytes to ecology
[dna] fire wrote 121 bytes to ecology
[dna] fire wrote 171 bytes to ecology
[dna] fire wrote 71 bytes to ecology
[dna] fire wrote 40 bytes to ecology
[dna] fire wrote 46 bytes to ecology
[dna] fire wrote 36 bytes to ecology
[dna] fire wrote 70 bytes to ecology
[dna] fire wrote 64 bytes to ecology
[debug-onto] tick=100 corpus=146817 stage=2 freeze=0
[dna] fire wrote 60 bytes to ecology
[dna] fire wrote 6 bytes to ecology
[dna] fire wrote 36 bytes to ecology
[dna] fire wrote 61 bytes to ecology
[dna] fire wrote 68 bytes to ecology
[dna] fire wrote 179 bytes to ecology
[dna] fire wrote 26 bytes to ecology
[dna] fire wrote 62 bytes to ecology
[dna] fire wrote 31 bytes to ecology
[dna] fire wrote 76 bytes to ecology
[dna] fire wrote 87 bytes to ecology
[dna] fire wrote 17 bytes to ecology
[dna] fire wrote 37 bytes to ecology
[dna] fire wrote 52 bytes to ecology
[dna] fire wrote 40 bytes to ecology
[dna] fire wrote 89 bytes to ecology
[dna] fire wrote 38 bytes to ecology
[dna] fire wrote 40 bytes to ecology
[dna] fire wrote 157 bytes to ecology
[dna] fire wrote 59 bytes to ecology
[dna] fire wrote 96 bytes to ecology
[dna] fire wrote 50 bytes to ecology
[dna] fire wrote 31 bytes to ecology
[dna] fire wrote 94 bytes to ecology
[dna] fire wrote 66 bytes to ecology
[debug-onto] tick=150 corpus=146817 stage=2 freeze=0
[dna] fire wrote 73 bytes to ecology
[dna] fire wrote 10 bytes to ecology
[dna] fire wrote 12 bytes to ecology
[dna] fire wrote 29 bytes to ecology
[dna] fire wrote 88 bytes to ecology
[dna] fire wrote 6 bytes to ecology
[dna] fire wrote 48 bytes to ecology
[dna] fire wrote 30 bytes to ecology
[dna] fire wrote 62 bytes to ecology
[dna] fire wrote 11 bytes to ecology
[dna] fire wrote 32 bytes to ecology
[dna] fire wrote 45 bytes to ecology
[dna] fire wrote 9 bytes to ecology
[dna] fire wrote 99 bytes to ecology
[dna] fire wrote 105 bytes to ecology
[dna] fire wrote 111 bytes to ecology
[dna] fire wrote 162 bytes to ecology
[dna] fire wrote 53 bytes to ecology
[dna] fire wrote 54 bytes to ecology
[dna] fire wrote 45 bytes to ecology
[dna] fire wrote 77 bytes to ecology
[dna] fire wrote 44 bytes to ecology
[dna] fire wrote 33 bytes to ecology
[debug-onto] tick=200 corpus=146817 stage=2 freeze=0
[dna] fire wrote 39 bytes to ecology
[dna] fire wrote 61 bytes to ecology
[dna] fire wrote 81 bytes to ecology
[dna] fire wrote 65 bytes to ecology
[dna] fire wrote 261 bytes to ecology
[dna] fire wrote 29 bytes to ecology
[dna] fire wrote 44 bytes to ecology
[dna] fire wrote 17 bytes to ecology
[dna] fire wrote 27 bytes to ecology
[dna] fire wrote 48 bytes to ecology
[dna] fire wrote 31 bytes to ecology
[dna] fire wrote 148 bytes to ecology
[dna] fire wrote 10 bytes to ecology
[dna] fire wrote 53 bytes to ecology
[dna] fire wrote 25 bytes to ecology
[dna] fire wrote 100 bytes to ecology
[dna] fire wrote 26 bytes to ecology
[dna] fire wrote 8 bytes to ecology
[dna] fire wrote 157 bytes to ecology
[dna] fire wrote 44 bytes to ecology
[dna] fire wrote 38 bytes to ecology
[dna] fire wrote 27 bytes to ecology
[dna] fire wrote 50 bytes to ecology
[dna] fire wrote 37 bytes to ecology
[dna] fire wrote 23 bytes to ecology
[dna] fire wrote 52 bytes to ecology
[dna] fire wrote 44 bytes to ecology
[dna] fire wrote 48 bytes to ecology
[debug-onto] tick=250 corpus=146817 stage=2 freeze=0
[dna] fire wrote 32 bytes to ecology
[dna] fire wrote 39 bytes to ecology
[dna] fire wrote 223 bytes to ecology
[dna] fire wrote 93 bytes to ecology
[dna] fire wrote 39 bytes to ecology
[dna] fire wrote 65 bytes to ecology
[dna] fire wrote 74 bytes to ecology
[dna] fire wrote 16 bytes to ecology
[dna] fire wrote 11 bytes to ecology
[dna] fire wrote 52 bytes to ecology
[dna] fire wrote 80 bytes to ecology
[dna] fire wrote 51 bytes to ecology
[dna] fire wrote 25 bytes to ecology
[dna] fire wrote 84 bytes to ecology
[dna] fire wrote 64 bytes to ecology
[dna] fire wrote 21 bytes to ecology
[dna] fire wrote 57 bytes to ecology
[dna] fire wrote 49 bytes to ecology
[dna] fire wrote 26 bytes to ecology
[dna] fire wrote 78 bytes to ecology
[dna] fire wrote 38 bytes to ecology
[dna] fire wrote 133 bytes to ecology
[dna] fire wrote 48 bytes to ecology
[dna] fire wrote 30 bytes to ecology
[dna] fire wrote 49 bytes to ecology
[dna] fire wrote 27 bytes to ecology
[debug-onto] tick=300 corpus=146817 stage=2 freeze=0
[dna] fire wrote 123 bytes to ecology
[dna] fire wrote 85 bytes to ecology
[dna] fire wrote 38 bytes to ecology
[dna] fire wrote 78 bytes to ecology
[dna] fire wrote 70 bytes to ecology
[dna] fire wrote 101 bytes to ecology
[dna] fire wrote 12 bytes to ecology
[dna] fire wrote 62 bytes to ecology
[dna] fire wrote 132 bytes to ecology
[dna] fire wrote 16 bytes to ecology
[dna] fire wrote 43 bytes to ecology
[dna] fire wrote 90 bytes to ecology
[dna] fire wrote 165 bytes to ecology
[dna] fire wrote 57 bytes to ecology
[dna] fire wrote 51 bytes to ecology
[dna] fire wrote 25 bytes to ecology
[dna] fire wrote 94 bytes to ecology
[dna] fire wrote 25 bytes to ecology
[dna] fire wrote 42 bytes to ecology
[dna] fire wrote 5 bytes to ecology
[dna] fire wrote 41 bytes to ecology
[dna] fire wrote 19 bytes to ecology
[dna] fire wrote 53 bytes to ecology
[dna] fire wrote 97 bytes to ecology
[dna] fire wrote 38 bytes to ecology
[dna] fire wrote 37 bytes to ecology
[debug-onto] tick=350 corpus=146817 stage=2 freeze=0
[dna] fire wrote 101 bytes to ecology
[dna] fire wrote 35 bytes to ecology
[dna] fire wrote 113 bytes to ecology
[dna] fire wrote 50 bytes to ecology
[dna] fire wrote 31 bytes to ecology
[dna] fire wrote 76 bytes to ecology
[dna] fire wrote 109 bytes to ecology
[dna] fire wrote 53 bytes to ecology
[dna] fire wrote 89 bytes to ecology
[dna] fire wrote 69 bytes to ecology
[dna] fire wrote 62 bytes to ecology
[dna] fire wrote 86 bytes to ecology
[dna] fire wrote 59 bytes to ecology
[dna] fire wrote 37 bytes to ecology
[dna] fire wrote 63 bytes to ecology
[dna] fire wrote 39 bytes to ecology
[dna] fire wrote 54 bytes to ecology
[dna] fire wrote 71 bytes to ecology
[dna] fire wrote 35 bytes to ecology
[dna] fire wrote 62 bytes to ecology
[dna] fire wrote 99 bytes to ecology
[dna] fire wrote 14 bytes to ecology
[dna] fire wrote 210 bytes to ecology
[dna] fire wrote 25 bytes to ecology
[dna] fire wrote 89 bytes to ecology
[dna] fire wrote 58 bytes to ecology
[dna] fire wrote 75 bytes to ecology
[debug-onto] tick=400 corpus=146817 stage=2 freeze=0
[dna] fire wrote 36 bytes to ecology
[dna] fire wrote 12 bytes to ecology
[dna] fire wrote 213 bytes to ecology
[dna] fire wrote 40 bytes to ecology
[dna] fire wrote 72 bytes to ecology
[dna] fire wrote 5 bytes to ecology
[dna] fire wrote 82 bytes to ecology
[dna] fire wrote 132 bytes to ecology
[dna] fire wrote 141 bytes to ecology
[dna] fire wrote 25 bytes to ecology
[dna] fire wrote 42 bytes to ecology
[dna] fire wrote 166 bytes to ecology
[dna] fire wrote 29 bytes to ecology
[dna] fire wrote 37 bytes to ecology
[dna] fire wrote 53 bytes to ecology
[dna] fire wrote 35 bytes to ecology
[dna] fire wrote 48 bytes to ecology
[dna] fire wrote 35 bytes to ecology
[dna] fire wrote 8 bytes to ecology
[dna] fire wrote 41 bytes to ecology
[dna] fire wrote 28 bytes to ecology
[dna] fire wrote 48 bytes to ecology
[dna] fire wrote 76 bytes to ecology
[dna] fire wrote 35 bytes to ecology
[dna] fire wrote 75 bytes to ecology
[dna] fire wrote 135 bytes to ecology
[debug-onto] tick=450 corpus=146817 stage=2 freeze=0
[dna] fire wrote 225 bytes to ecology
[dna] fire wrote 116 bytes to ecology
[dna] fire wrote 85 bytes to ecology
[dna] fire wrote 220 bytes to ecology
[dna] fire wrote 31 bytes to ecology
[dna] fire wrote 91 bytes to ecology
[dna] fire wrote 121 bytes to ecology
[dna] fire wrote 47 bytes to ecology
[dna] fire wrote 34 bytes to ecology
[dna] fire wrote 88 bytes to ecology
[dna] fire wrote 24 bytes to ecology
[dna] fire wrote 77 bytes to ecology
[dna] fire wrote 73 bytes to ecology
[dna] fire wrote 62 bytes to ecology
[dna] fire wrote 37 bytes to ecology
[dna] fire wrote 23 bytes to ecology
[dna] fire wrote 41 bytes to ecology
[dna] fire wrote 73 bytes to ecology
[dna] fire wrote 129 bytes to ecology
[dna] fire wrote 64 bytes to ecology
[dna] fire wrote 54 bytes to ecology
[debug-onto] tick=500 corpus=146817 stage=2 freeze=0
[dna] fire wrote 43 bytes to ecology
[dna] fire wrote 45 bytes to ecology
[dna] fire wrote 66 bytes to ecology
[dna] fire wrote 67 bytes to ecology
[dna] fire wrote 86 bytes to ecology
[dna] fire wrote 18 bytes to ecology
[dna] fire wrote 98 bytes to ecology
[dna] fire wrote 68 bytes to ecology
[dna] fire wrote 104 bytes to ecology
[dna] fire wrote 104 bytes to ecology
[dna] fire wrote 41 bytes to ecology
[dna] fire wrote 107 bytes to ecology
[dna] fire wrote 41 bytes to ecology
[dna] fire wrote 67 bytes to ecology
[dna] fire wrote 33 bytes to ecology
[dna] fire wrote 6 bytes to ecology
[dna] fire wrote 9 bytes to ecology
[dna] fire wrote 54 bytes to ecology
[dna] fire wrote 18 bytes to ecology
[dna] fire wrote 36 bytes to ecology
[dna] fire wrote 7 bytes to ecology
[dna] fire wrote 36 bytes to ecology
[dna] fire wrote 21 bytes to ecology
[dna] fire wrote 71 bytes to ecology
[dna] fire wrote 23 bytes to ecology
[dna] fire wrote 24 bytes to ecology
[dna] fire wrote 41 bytes to ecology
[dna] fire wrote 71 bytes to ecology
[debug-onto] tick=550 corpus=146817 stage=2 freeze=0
[dna] fire wrote 90 bytes to ecology
[dna] fire wrote 25 bytes to ecology
[dna] fire wrote 66 bytes to ecology
[dna] fire wrote 37 bytes to ecology
[dna] fire wrote 32 bytes to ecology
[dna] fire wrote 35 bytes to ecology
[dna] fire wrote 32 bytes to ecology
[dna] fire wrote 24 bytes to ecology
[dna] fire wrote 91 bytes to ecology
[dna] fire wrote 216 bytes to ecology
[dna] fire wrote 60 bytes to ecology
[dna] fire wrote 24 bytes to ecology
[dna] fire wrote 40 bytes to ecology
[dna] fire wrote 99 bytes to ecology
[dna] fire wrote 55 bytes to ecology
[dna] fire wrote 40 bytes to ecology
[dna] fire wrote 29 bytes to ecology
[dna] fire wrote 6 bytes to ecology
[dna] fire wrote 37 bytes to ecology
[dna] fire wrote 99 bytes to ecology
[dna] fire wrote 29 bytes to ecology
[dna] fire wrote 118 bytes to ecology
[dna] fire wrote 109 bytes to ecology
[dna] fire wrote 65 bytes to ecology
[dna] fire wrote 40 bytes to ecology
[dna] fire wrote 90 bytes to ecology
[dna] fire wrote 25 bytes to ecology
[dna] fire wrote 106 bytes to ecology
[debug-onto] tick=600 corpus=146817 stage=2 freeze=0
[dna] fire wrote 128 bytes to ecology
[dna] fire wrote 56 bytes to ecology
[dna] fire wrote 27 bytes to ecology
[dna] fire wrote 45 bytes to ecology
[dna] fire wrote 15 bytes to ecology
[dna] fire wrote 54 bytes to ecology
[dna] fire wrote 59 bytes to ecology
[dna] fire wrote 40 bytes to ecology
[dna] fire wrote 41 bytes to ecology
[dna] fire wrote 77 bytes to ecology
[dna] fire wrote 54 bytes to ecology
[dna] fire wrote 28 bytes to ecology
[dna] fire wrote 60 bytes to ecology
[dna] fire wrote 86 bytes to ecology
[dna] fire wrote 32 bytes to ecology
[dna] fire wrote 11 bytes to ecology
[dna] fire wrote 57 bytes to ecology
[dna] fire wrote 21 bytes to ecology
[dna] fire wrote 70 bytes to ecology
[dna] fire wrote 16 bytes to ecology
[dna] fire wrote 49 bytes to ecology
[dna] fire wrote 47 bytes to ecology
[dna] fire wrote 91 bytes to ecology
[debug-onto] tick=650 corpus=146817 stage=2 freeze=0
[dna] fire wrote 34 bytes to ecology
[dna] fire wrote 38 bytes to ecology
[dna] fire wrote 23 bytes to ecology
[dna] fire wrote 50 bytes to ecology
[dna] fire wrote 80 bytes to ecology
[dna] fire wrote 29 bytes to ecology
[dna] fire wrote 33 bytes to ecology
[dna] fire wrote 111 bytes to ecology
[dna] fire wrote 65 bytes to ecology
[dna] fire wrote 66 bytes to ecology
[dna] fire wrote 47 bytes to ecology
[dna] fire wrote 184 bytes to ecology
[dna] fire wrote 52 bytes to ecology
[dna] fire wrote 55 bytes to ecology

[evolution] Organism shutting down gracefully.
