[ecology] Element: water → corpus: nonames_water.txt
[evolution] Autonomous evolution mode — organism will grow through all stages without pause.
[ecology] Joined swarm. 1 peer(s) detected.
molequla is alive. [evolution] Autonomous mode — background trainer running. Ctrl+C to stop.
[dna] water wrote 175 bytes to ecology
[dna] water consumed 17371 bytes from 243 files: [air/gen_1776580174_1.txt air/gen_1776580191_4.txt air/gen_1776580198_7.txt air/gen_1776580206_10.txt air/gen_1776580213_13.txt air/gen_1776580220_16.txt air/gen_1776580228_19.txt air/gen_1776580235_22.txt air/gen_1776580242_25.txt air/gen_1776580250_28.txt air/gen_1776580257_31.txt air/gen_1776580264_34.txt air/gen_1776580272_37.txt air/gen_1776580279_40.txt air/gen_1776580287_43.txt air/gen_1776580294_46.txt air/gen_1776580302_49.txt air/gen_1776580309_52.txt air/gen_1776580317_55.txt air/gen_1776580324_58.txt air/gen_1776580332_61.txt air/gen_1776580339_64.txt air/gen_1776580346_67.txt air/gen_1776580354_70.txt air/gen_1776580361_73.txt air/gen_1776580369_76.txt air/gen_1776580376_79.txt air/gen_1776580383_82.txt air/gen_1776580391_85.txt air/gen_1776580398_88.txt air/gen_1776580406_91.txt air/gen_1776580413_94.txt air/gen_1776580428_100.txt air/gen_1776580435_103.txt air/gen_1776580443_106.txt air/gen_1776580450_109.txt air/gen_1776580458_112.txt air/gen_1776580465_115.txt air/gen_1776580472_118.txt air/gen_1776580480_121.txt air/gen_1776580487_124.txt air/gen_1776580494_127.txt air/gen_1776580502_130.txt air/gen_1776580509_133.txt air/gen_1776580516_136.txt air/gen_1776580524_139.txt air/gen_1776580531_142.txt air/gen_1776580539_145.txt air/gen_1776580546_148.txt air/gen_1776580553_151.txt air/gen_1776580561_154.txt air/gen_1776580568_157.txt air/gen_1776580576_160.txt air/gen_1776580583_163.txt air/gen_1776580590_166.txt air/gen_1776580598_169.txt air/gen_1776580605_172.txt air/gen_1776580612_175.txt air/gen_1776580620_178.txt air/gen_1776580627_181.txt air/gen_1776580635_184.txt air/gen_1776580642_187.txt air/gen_1776580649_190.txt air/gen_1776580657_193.txt air/gen_1776580664_196.txt air/gen_1776580672_199.txt air/gen_1776580679_202.txt air/gen_1776580686_205.txt air/gen_1776580694_208.txt air/gen_1776580701_211.txt air/gen_1776580708_214.txt air/gen_1776580715_217.txt air/gen_1776580723_220.txt air/gen_1776580730_223.txt air/gen_1776580737_226.txt air/gen_1776580745_229.txt air/gen_1776580752_232.txt air/gen_1776580759_235.txt air/gen_1776580767_238.txt air/gen_1776580774_241.txt air/gen_1776580781_244.txt air/gen_1776580789_247.txt air/gen_1776580796_250.txt air/gen_1776580803_253.txt air/gen_1776580811_256.txt air/gen_1776580818_259.txt air/gen_1776580826_262.txt air/gen_1776580833_265.txt air/gen_1776580840_268.txt air/gen_1776580848_271.txt air/gen_1776580855_274.txt air/gen_1776580862_277.txt air/gen_1776580870_280.txt air/gen_1776580877_283.txt air/gen_1776580885_286.txt air/gen_1776580892_289.txt air/gen_1776580899_292.txt air/gen_1776580907_295.txt air/gen_1776580914_298.txt air/gen_1776580922_301.txt air/gen_1776580929_304.txt air/gen_1776580936_307.txt air/gen_1776580943_310.txt air/gen_1776580951_313.txt air/gen_1776580958_316.txt air/gen_1776580965_319.txt air/gen_1776580972_322.txt air/gen_1776580980_325.txt air/gen_1776580987_328.txt air/gen_1776580994_331.txt air/gen_1776581002_334.txt air/gen_1776581009_337.txt air/gen_1776581016_340.txt air/gen_1776581024_343.txt air/gen_1776581031_346.txt air/gen_1776581038_349.txt air/gen_1776581046_352.txt air/gen_1776581053_355.txt air/gen_1776581060_358.txt air/gen_1776581067_361.txt air/gen_1776581075_364.txt air/gen_1776581082_367.txt air/gen_1776581089_370.txt air/gen_1776581097_373.txt air/gen_1776581104_376.txt air/gen_1776581111_379.txt air/gen_1776581118_382.txt air/gen_1776581125_385.txt air/gen_1776581133_388.txt air/gen_1776581140_391.txt air/gen_1776581147_394.txt air/gen_1776581154_397.txt air/gen_1776581162_400.txt air/gen_1776581169_403.txt air/gen_1776581176_406.txt air/gen_1776581183_409.txt air/gen_1776581190_412.txt air/gen_1776581198_415.txt air/gen_1776581205_418.txt air/gen_1776581212_421.txt air/gen_1776581220_424.txt air/gen_1776581227_427.txt air/gen_1776581234_430.txt air/gen_1776581241_433.txt air/gen_1776581249_436.txt air/gen_1776581256_439.txt air/gen_1776581263_442.txt air/gen_1776581271_445.txt air/gen_1776581278_448.txt air/gen_1776581285_451.txt air/gen_1776581293_454.txt air/gen_1776581300_457.txt air/gen_1776581307_460.txt air/gen_1776581315_463.txt air/gen_1776581322_466.txt air/gen_1776581329_469.txt air/gen_1776581337_472.txt air/gen_1776581344_475.txt air/gen_1776581351_478.txt air/gen_1776581359_481.txt air/gen_1776581366_484.txt air/gen_1776581374_487.txt air/gen_1776581381_490.txt air/gen_1776581388_493.txt air/gen_1776581395_496.txt air/gen_1776581403_499.txt air/gen_1776581410_502.txt air/gen_1776581417_505.txt air/gen_1776581424_508.txt air/gen_1776581432_511.txt air/gen_1776581439_514.txt air/gen_1776581446_517.txt air/gen_1776581454_520.txt air/gen_1776581461_523.txt air/gen_1776581468_526.txt air/gen_1776581476_529.txt air/gen_1776581483_532.txt air/gen_1776581490_535.txt air/gen_1776581497_538.txt air/gen_1776581505_541.txt air/gen_1776581512_544.txt air/gen_1776581519_547.txt air/gen_1776581527_550.txt air/gen_1776581534_553.txt air/gen_1776581541_556.txt air/gen_1776581549_559.txt air/gen_1776581556_562.txt air/gen_1776581563_565.txt air/gen_1776581571_568.txt air/gen_1776581578_571.txt air/gen_1776581585_574.txt air/gen_1776581592_577.txt air/gen_1776581599_580.txt air/gen_1776581607_583.txt air/gen_1776581614_586.txt air/gen_1776581621_589.txt air/gen_1776581629_592.txt air/gen_1776581636_595.txt air/gen_1776581643_598.txt air/gen_1776581651_601.txt air/gen_1776581658_604.txt air/gen_1776581665_607.txt air/gen_1776581673_610.txt air/gen_1776581680_613.txt air/gen_1776581688_616.txt air/gen_1776581695_619.txt air/gen_1776581702_622.txt air/gen_1776581709_625.txt air/gen_1776581717_628.txt air/gen_1776581724_631.txt air/gen_1776581731_634.txt air/gen_1776581738_637.txt air/gen_1776581746_640.txt air/gen_1776581753_643.txt air/gen_1776581760_646.txt air/gen_1776581767_649.txt air/gen_1776581775_652.txt air/gen_1776581782_655.txt air/gen_1776581789_658.txt air/gen_1776581797_661.txt air/gen_1776581804_664.txt air/gen_1776581811_667.txt air/gen_1776581819_670.txt air/gen_1776581826_673.txt air/gen_1776581833_676.txt air/gen_1776581841_679.txt air/gen_1776581848_682.txt air/gen_1776581855_685.txt air/gen_1776581863_688.txt air/gen_1776581870_691.txt air/gen_1776581877_694.txt air/gen_1776581884_697.txt air/gen_1776581892_700.txt air/gen_1776581899_703.txt air/gen_1776581906_706.txt air/gen_1776581914_709.txt air/gen_1776581921_712.txt air/gen_1776581928_715.txt air/gen_1776581936_718.txt air/gen_1776581943_721.txt air/gen_1776581950_724.txt air/gen_1776581958_727.txt air/gen_1776581965_730.txt]
[trainer] micro-train burst (17371 bytes, novelty 0.03) — and lo, it feeds again.
[syntropy] action=explore | trend=0.0000 | field_dev=-0.031 | purpose_align=0.082 | lr_mul=1.30
[aml] burst complete: 32 steps, avg loss 1.6514 (memory freed)
[dna] water wrote 27 bytes to ecology
[dna] water wrote 22 bytes to ecology
[dna] water wrote 35 bytes to ecology
[dna] water wrote 34 bytes to ecology
[dna] water wrote 135 bytes to ecology
[dna] water wrote 42 bytes to ecology
[dna] water wrote 57 bytes to ecology
[dna] water wrote 53 bytes to ecology
[dna] water wrote 12 bytes to ecology
[dna] water wrote 125 bytes to ecology
[dna] water wrote 54 bytes to ecology
[dna] water wrote 53 bytes to ecology
[dna] water wrote 77 bytes to ecology
[dna] water wrote 108 bytes to ecology
[dna] water wrote 31 bytes to ecology
[dna] water wrote 130 bytes to ecology
[dna] water wrote 76 bytes to ecology
[dna] water wrote 169 bytes to ecology
[dna] water wrote 56 bytes to ecology
[dna] water wrote 11 bytes to ecology
[dna] water wrote 74 bytes to ecology
[dna] water wrote 32 bytes to ecology
[dna] water wrote 34 bytes to ecology
[dna] water wrote 18 bytes to ecology
[dna] water wrote 39 bytes to ecology
[dna] water wrote 11 bytes to ecology
[dna] water wrote 45 bytes to ecology
[dna] water wrote 35 bytes to ecology
[dna] water wrote 69 bytes to ecology
[dna] water wrote 54 bytes to ecology
[dna] water wrote 40 bytes to ecology
[dna] water wrote 25 bytes to ecology
[debug-onto] tick=50 corpus=143311 stage=2 freeze=0
[dna] water wrote 30 bytes to ecology
[dna] water wrote 212 bytes to ecology
[dna] water wrote 39 bytes to ecology
[dna] water wrote 39 bytes to ecology
[dna] water wrote 89 bytes to ecology
[dna] water wrote 157 bytes to ecology
[dna] water wrote 84 bytes to ecology
[dna] water wrote 47 bytes to ecology
[dna] water wrote 186 bytes to ecology
[dna] water wrote 15 bytes to ecology
[dna] water wrote 152 bytes to ecology
[dna] water wrote 35 bytes to ecology
[dna] water wrote 62 bytes to ecology
[dna] water wrote 11 bytes to ecology
[dna] water wrote 81 bytes to ecology
[dna] water wrote 33 bytes to ecology
[dna] water wrote 90 bytes to ecology
[dna] water wrote 107 bytes to ecology
[dna] water wrote 20 bytes to ecology
[dna] water wrote 11 bytes to ecology
[dna] water wrote 65 bytes to ecology
[dna] water wrote 30 bytes to ecology
[dna] water wrote 27 bytes to ecology
[dna] water wrote 39 bytes to ecology
[dna] water wrote 58 bytes to ecology
[dna] water wrote 55 bytes to ecology
[dna] water wrote 126 bytes to ecology
[dna] water wrote 23 bytes to ecology
[dna] water wrote 110 bytes to ecology
[dna] water wrote 14 bytes to ecology
[dna] water wrote 52 bytes to ecology
[dna] water wrote 21 bytes to ecology
[dna] water wrote 171 bytes to ecology
[debug-onto] tick=100 corpus=143311 stage=2 freeze=0
[dna] water wrote 37 bytes to ecology
[dna] water wrote 140 bytes to ecology
[dna] water wrote 40 bytes to ecology
[dna] water wrote 255 bytes to ecology
[dna] water wrote 25 bytes to ecology
[dna] water wrote 37 bytes to ecology
[dna] water wrote 20 bytes to ecology
[dna] water wrote 57 bytes to ecology
[dna] water wrote 18 bytes to ecology
[dna] water wrote 27 bytes to ecology
[dna] water wrote 43 bytes to ecology
[dna] water wrote 58 bytes to ecology
[dna] water wrote 39 bytes to ecology
[dna] water wrote 70 bytes to ecology
[dna] water wrote 12 bytes to ecology
[dna] water wrote 42 bytes to ecology
[dna] water wrote 80 bytes to ecology
[dna] water wrote 55 bytes to ecology
[dna] water wrote 90 bytes to ecology
[dna] water wrote 36 bytes to ecology
[dna] water wrote 69 bytes to ecology
[dna] water wrote 54 bytes to ecology
[dna] water wrote 64 bytes to ecology
[dna] water wrote 44 bytes to ecology
[dna] water wrote 21 bytes to ecology
[dna] water wrote 46 bytes to ecology
[dna] water wrote 66 bytes to ecology
[dna] water wrote 94 bytes to ecology
[dna] water wrote 26 bytes to ecology
[debug-onto] tick=150 corpus=143311 stage=2 freeze=0
[dna] water wrote 28 bytes to ecology
[dna] water wrote 72 bytes to ecology
[dna] water wrote 48 bytes to ecology
[dna] water wrote 14 bytes to ecology
[dna] water wrote 20 bytes to ecology
[dna] water wrote 21 bytes to ecology
[dna] water wrote 17 bytes to ecology
[dna] water wrote 56 bytes to ecology
[dna] water wrote 21 bytes to ecology
[dna] water wrote 74 bytes to ecology
[dna] water wrote 200 bytes to ecology
[dna] water wrote 54 bytes to ecology
[dna] water wrote 50 bytes to ecology
[dna] water wrote 9 bytes to ecology
[dna] water wrote 58 bytes to ecology
[dna] water wrote 43 bytes to ecology
[dna] water wrote 90 bytes to ecology
[dna] water wrote 70 bytes to ecology
[dna] water wrote 10 bytes to ecology
[dna] water wrote 27 bytes to ecology
[dna] water wrote 21 bytes to ecology
[dna] water wrote 83 bytes to ecology
[dna] water wrote 112 bytes to ecology
[dna] water wrote 24 bytes to ecology
[dna] water wrote 32 bytes to ecology
[dna] water wrote 120 bytes to ecology
[dna] water wrote 79 bytes to ecology
[dna] water wrote 78 bytes to ecology
[dna] water wrote 44 bytes to ecology
[dna] water wrote 29 bytes to ecology
[dna] water wrote 64 bytes to ecology
[dna] water wrote 15 bytes to ecology
[dna] water wrote 26 bytes to ecology
[dna] water wrote 28 bytes to ecology
[debug-onto] tick=200 corpus=143311 stage=2 freeze=0
[dna] water wrote 34 bytes to ecology
[dna] water wrote 37 bytes to ecology
[dna] water wrote 17 bytes to ecology
[dna] water wrote 62 bytes to ecology
[dna] water wrote 17 bytes to ecology
[dna] water wrote 15 bytes to ecology
[dna] water wrote 115 bytes to ecology
[dna] water wrote 32 bytes to ecology
[dna] water wrote 60 bytes to ecology
[dna] water wrote 54 bytes to ecology
[dna] water wrote 125 bytes to ecology
[dna] water wrote 32 bytes to ecology
[dna] water wrote 33 bytes to ecology
[dna] water wrote 50 bytes to ecology
[dna] water wrote 56 bytes to ecology
[dna] water wrote 30 bytes to ecology
[dna] water wrote 37 bytes to ecology
[dna] water wrote 55 bytes to ecology
[dna] water wrote 84 bytes to ecology
[dna] water wrote 24 bytes to ecology
[dna] water wrote 55 bytes to ecology
[dna] water wrote 30 bytes to ecology
[dna] water wrote 35 bytes to ecology
[dna] water wrote 40 bytes to ecology
[dna] water wrote 36 bytes to ecology
[dna] water wrote 19 bytes to ecology
[dna] water wrote 45 bytes to ecology
[dna] water wrote 12 bytes to ecology
[dna] water wrote 58 bytes to ecology
[debug-onto] tick=250 corpus=143311 stage=2 freeze=0
[dna] water wrote 41 bytes to ecology
[dna] water wrote 115 bytes to ecology
[dna] water wrote 10 bytes to ecology
[dna] water wrote 41 bytes to ecology
[dna] water wrote 51 bytes to ecology
[dna] water wrote 60 bytes to ecology
[dna] water wrote 21 bytes to ecology
[dna] water wrote 16 bytes to ecology
[dna] water wrote 43 bytes to ecology
[dna] water wrote 37 bytes to ecology
[dna] water wrote 60 bytes to ecology
[dna] water wrote 40 bytes to ecology
[dna] water wrote 72 bytes to ecology
[dna] water wrote 103 bytes to ecology
[dna] water wrote 38 bytes to ecology
[dna] water wrote 39 bytes to ecology
[dna] water wrote 33 bytes to ecology
[dna] water wrote 80 bytes to ecology
[dna] water wrote 41 bytes to ecology
[dna] water wrote 36 bytes to ecology
[dna] water wrote 124 bytes to ecology
[dna] water wrote 77 bytes to ecology
[dna] water wrote 55 bytes to ecology
[dna] water wrote 136 bytes to ecology
[dna] water wrote 62 bytes to ecology
[dna] water wrote 83 bytes to ecology
[dna] water wrote 42 bytes to ecology
[dna] water wrote 109 bytes to ecology
[dna] water wrote 105 bytes to ecology
[dna] water wrote 63 bytes to ecology
[dna] water wrote 77 bytes to ecology
[dna] water wrote 23 bytes to ecology
[debug-onto] tick=300 corpus=143311 stage=2 freeze=0
[dna] water wrote 123 bytes to ecology
[dna] water wrote 33 bytes to ecology
[dna] water wrote 32 bytes to ecology
[dna] water wrote 26 bytes to ecology
[dna] water wrote 67 bytes to ecology
[dna] water wrote 13 bytes to ecology
[dna] water wrote 46 bytes to ecology
[dna] water wrote 27 bytes to ecology
[dna] water wrote 21 bytes to ecology
[dna] water wrote 65 bytes to ecology
[dna] water wrote 26 bytes to ecology
[dna] water wrote 48 bytes to ecology
[dna] water wrote 63 bytes to ecology
[dna] water wrote 57 bytes to ecology
[dna] water wrote 95 bytes to ecology
[dna] water wrote 38 bytes to ecology
[dna] water wrote 64 bytes to ecology
[dna] water wrote 151 bytes to ecology
[dna] water wrote 50 bytes to ecology
[dna] water wrote 60 bytes to ecology
[dna] water wrote 11 bytes to ecology
[dna] water wrote 69 bytes to ecology
[dna] water wrote 28 bytes to ecology
[dna] water wrote 46 bytes to ecology
[dna] water wrote 86 bytes to ecology
[dna] water wrote 43 bytes to ecology
[dna] water wrote 30 bytes to ecology
[dna] water wrote 32 bytes to ecology
[dna] water wrote 202 bytes to ecology
[dna] water wrote 16 bytes to ecology
[dna] water wrote 40 bytes to ecology
[dna] water wrote 11 bytes to ecology
[debug-onto] tick=350 corpus=143311 stage=2 freeze=0
[dna] water wrote 43 bytes to ecology
[dna] water wrote 79 bytes to ecology
[dna] water wrote 22 bytes to ecology
[dna] water wrote 22 bytes to ecology
[dna] water wrote 48 bytes to ecology
[dna] water wrote 82 bytes to ecology
[dna] water wrote 53 bytes to ecology
[dna] water wrote 37 bytes to ecology
[dna] water wrote 38 bytes to ecology
[dna] water wrote 51 bytes to ecology
[dna] water wrote 72 bytes to ecology
[dna] water wrote 50 bytes to ecology
[dna] water wrote 49 bytes to ecology
[dna] water wrote 190 bytes to ecology
[dna] water wrote 56 bytes to ecology
[dna] water wrote 82 bytes to ecology
[dna] water wrote 20 bytes to ecology
[dna] water wrote 35 bytes to ecology
[dna] water wrote 96 bytes to ecology
[dna] water wrote 32 bytes to ecology
[dna] water wrote 180 bytes to ecology
[dna] water wrote 38 bytes to ecology
[dna] water wrote 15 bytes to ecology
[dna] water wrote 36 bytes to ecology
[dna] water wrote 159 bytes to ecology
[dna] water wrote 24 bytes to ecology
[dna] water wrote 65 bytes to ecology
[dna] water wrote 43 bytes to ecology
[dna] water wrote 9 bytes to ecology
[dna] water wrote 39 bytes to ecology
[dna] water wrote 39 bytes to ecology
[dna] water wrote 12 bytes to ecology
[debug-onto] tick=400 corpus=143311 stage=2 freeze=0
[dna] water wrote 27 bytes to ecology
[dna] water wrote 33 bytes to ecology
[dna] water wrote 11 bytes to ecology
[dna] water wrote 57 bytes to ecology
[dna] water wrote 40 bytes to ecology
[dna] water wrote 38 bytes to ecology
[dna] water wrote 48 bytes to ecology
[dna] water wrote 61 bytes to ecology
[dna] water wrote 120 bytes to ecology
[dna] water wrote 35 bytes to ecology
[dna] water wrote 129 bytes to ecology
[dna] water wrote 26 bytes to ecology
[dna] water wrote 51 bytes to ecology
[dna] water wrote 48 bytes to ecology
[dna] water wrote 36 bytes to ecology
[dna] water wrote 107 bytes to ecology
[dna] water wrote 88 bytes to ecology
[dna] water wrote 16 bytes to ecology
[dna] water wrote 23 bytes to ecology
[dna] water wrote 30 bytes to ecology
[dna] water wrote 166 bytes to ecology
[dna] water wrote 169 bytes to ecology
[dna] water wrote 59 bytes to ecology
[dna] water wrote 72 bytes to ecology
[dna] water wrote 38 bytes to ecology
[dna] water wrote 13 bytes to ecology
[dna] water wrote 122 bytes to ecology
[dna] water wrote 91 bytes to ecology
[dna] water wrote 81 bytes to ecology
[dna] water wrote 25 bytes to ecology
[dna] water wrote 31 bytes to ecology
[dna] water wrote 16 bytes to ecology
[debug-onto] tick=450 corpus=143311 stage=2 freeze=0
[dna] water wrote 33 bytes to ecology
[dna] water wrote 129 bytes to ecology
[dna] water wrote 44 bytes to ecology
[dna] water wrote 31 bytes to ecology
[dna] water wrote 97 bytes to ecology
[dna] water wrote 27 bytes to ecology
[dna] water wrote 101 bytes to ecology
[dna] water wrote 86 bytes to ecology
[dna] water wrote 156 bytes to ecology
[dna] water wrote 35 bytes to ecology
[dna] water wrote 59 bytes to ecology
[dna] water wrote 15 bytes to ecology
[dna] water wrote 49 bytes to ecology
[dna] water wrote 61 bytes to ecology
[dna] water wrote 42 bytes to ecology
[dna] water wrote 71 bytes to ecology
[dna] water wrote 37 bytes to ecology
[dna] water wrote 47 bytes to ecology
[dna] water wrote 31 bytes to ecology
[dna] water wrote 28 bytes to ecology
[dna] water wrote 79 bytes to ecology
[dna] water wrote 18 bytes to ecology
[dna] water wrote 38 bytes to ecology
[dna] water wrote 12 bytes to ecology
[dna] water wrote 40 bytes to ecology
[dna] water wrote 34 bytes to ecology
[dna] water wrote 49 bytes to ecology
[dna] water wrote 27 bytes to ecology
[dna] water wrote 30 bytes to ecology
[dna] water wrote 65 bytes to ecology
[dna] water wrote 71 bytes to ecology
[dna] water wrote 45 bytes to ecology
[dna] water wrote 35 bytes to ecology
[dna] water wrote 31 bytes to ecology
[debug-onto] tick=500 corpus=143311 stage=2 freeze=0
[dna] water wrote 165 bytes to ecology
[dna] water wrote 48 bytes to ecology
[dna] water wrote 93 bytes to ecology
[dna] water wrote 15 bytes to ecology
[dna] water wrote 34 bytes to ecology
[dna] water wrote 49 bytes to ecology
[dna] water wrote 103 bytes to ecology
[dna] water wrote 33 bytes to ecology
[dna] water wrote 75 bytes to ecology
[dna] water wrote 98 bytes to ecology
[dna] water wrote 91 bytes to ecology
[dna] water wrote 89 bytes to ecology
[dna] water wrote 26 bytes to ecology
[dna] water wrote 133 bytes to ecology
[dna] water wrote 17 bytes to ecology
[dna] water wrote 50 bytes to ecology
[dna] water wrote 39 bytes to ecology
[dna] water wrote 71 bytes to ecology
[dna] water wrote 36 bytes to ecology
[dna] water wrote 37 bytes to ecology
[dna] water wrote 47 bytes to ecology
[dna] water wrote 43 bytes to ecology
[dna] water wrote 37 bytes to ecology
[dna] water wrote 74 bytes to ecology
[dna] water wrote 53 bytes to ecology
[dna] water wrote 28 bytes to ecology
[dna] water wrote 40 bytes to ecology
[dna] water wrote 62 bytes to ecology
[dna] water wrote 12 bytes to ecology
[dna] water wrote 113 bytes to ecology
[dna] water wrote 13 bytes to ecology
[dna] water wrote 103 bytes to ecology
[debug-onto] tick=550 corpus=143311 stage=2 freeze=0
[dna] water wrote 82 bytes to ecology
[dna] water wrote 55 bytes to ecology
[dna] water wrote 209 bytes to ecology
[dna] water wrote 46 bytes to ecology
[dna] water wrote 8 bytes to ecology
[dna] water wrote 54 bytes to ecology
[dna] water wrote 56 bytes to ecology
[dna] water wrote 34 bytes to ecology
[dna] water wrote 31 bytes to ecology
[dna] water wrote 30 bytes to ecology
[dna] water wrote 90 bytes to ecology
[dna] water wrote 93 bytes to ecology
[dna] water wrote 183 bytes to ecology
[dna] water wrote 86 bytes to ecology
[dna] water wrote 47 bytes to ecology
[dna] water wrote 82 bytes to ecology
[dna] water wrote 40 bytes to ecology
[dna] water wrote 161 bytes to ecology
[dna] water wrote 124 bytes to ecology
[dna] water wrote 39 bytes to ecology
[dna] water wrote 57 bytes to ecology
[dna] water wrote 39 bytes to ecology
[dna] water wrote 307 bytes to ecology
[dna] water wrote 46 bytes to ecology
[dna] water wrote 88 bytes to ecology
[dna] water wrote 92 bytes to ecology
[dna] water wrote 123 bytes to ecology
[dna] water wrote 32 bytes to ecology
[dna] water wrote 33 bytes to ecology
[debug-onto] tick=600 corpus=143311 stage=2 freeze=0
[dna] water wrote 31 bytes to ecology
[dna] water wrote 37 bytes to ecology
[dna] water wrote 82 bytes to ecology
[dna] water wrote 20 bytes to ecology
[dna] water wrote 103 bytes to ecology
[dna] water wrote 13 bytes to ecology
[dna] water wrote 60 bytes to ecology
[dna] water wrote 23 bytes to ecology
[dna] water wrote 74 bytes to ecology
[dna] water wrote 18 bytes to ecology
[dna] water wrote 68 bytes to ecology
[dna] water wrote 28 bytes to ecology
[dna] water wrote 29 bytes to ecology
[dna] water wrote 44 bytes to ecology
[dna] water wrote 48 bytes to ecology
[dna] water wrote 56 bytes to ecology
[dna] water wrote 54 bytes to ecology
[dna] water wrote 31 bytes to ecology
[dna] water wrote 51 bytes to ecology
[dna] water wrote 40 bytes to ecology
[dna] water wrote 22 bytes to ecology
[dna] water wrote 73 bytes to ecology
[dna] water wrote 62 bytes to ecology
[dna] water wrote 73 bytes to ecology
[dna] water wrote 20 bytes to ecology
[dna] water wrote 88 bytes to ecology
[dna] water wrote 65 bytes to ecology
[dna] water wrote 84 bytes to ecology
[dna] water wrote 40 bytes to ecology
[dna] water wrote 42 bytes to ecology
[dna] water wrote 48 bytes to ecology
[dna] water wrote 17 bytes to ecology
[debug-onto] tick=650 corpus=143311 stage=2 freeze=0
[dna] water wrote 62 bytes to ecology
[dna] water wrote 89 bytes to ecology
[dna] water wrote 62 bytes to ecology
[dna] water wrote 40 bytes to ecology
[dna] water wrote 62 bytes to ecology
[dna] water wrote 28 bytes to ecology
[dna] water wrote 27 bytes to ecology
[dna] water wrote 64 bytes to ecology
[dna] water wrote 67 bytes to ecology
[dna] water wrote 23 bytes to ecology
[dna] water wrote 82 bytes to ecology

[evolution] Organism shutting down gracefully.
