[ecology] Element: air → corpus: nonames_air.txt
[evolution] Autonomous evolution mode — organism will grow through all stages without pause.
[ecology] Joined swarm. 1 peer(s) detected.
molequla is alive. [evolution] Autonomous mode — background trainer running. Ctrl+C to stop.
[dna] air wrote 40 bytes to ecology
[dna] air consumed 23101 bytes from 322 files: [earth/gen_1776319442_1.txt earth/gen_1776319450_4.txt earth/gen_1776319455_6.txt earth/gen_1776319458_7.txt earth/gen_1776319466_10.txt earth/gen_1776319472_12.txt earth/gen_1776319474_13.txt earth/gen_1776319482_16.txt earth/gen_1776319488_18.txt earth/gen_1776319491_19.txt earth/gen_1776319499_22.txt earth/gen_1776319504_24.txt earth/gen_1776319507_25.txt earth/gen_1776319515_28.txt earth/gen_1776319523_31.txt earth/gen_1776319532_34.txt earth/gen_1776319537_36.txt earth/gen_1776319540_37.txt earth/gen_1776319548_40.txt earth/gen_1776319553_42.txt earth/gen_1776319556_43.txt earth/gen_1776319564_46.txt earth/gen_1776319570_48.txt earth/gen_1776319572_49.txt earth/gen_1776319580_52.txt earth/gen_1776319586_54.txt earth/gen_1776319589_55.txt earth/gen_1776319597_58.txt earth/gen_1776319602_60.txt earth/gen_1776319605_61.txt earth/gen_1776319613_64.txt earth/gen_1776319619_66.txt earth/gen_1776319622_67.txt earth/gen_1776319630_70.txt earth/gen_1776319635_72.txt earth/gen_1776319638_73.txt earth/gen_1776319646_76.txt earth/gen_1776319651_78.txt earth/gen_1776319654_79.txt earth/gen_1776319661_82.txt earth/gen_1776319667_84.txt earth/gen_1776319669_85.txt earth/gen_1776319677_88.txt earth/gen_1776319683_90.txt earth/gen_1776319686_91.txt earth/gen_1776319694_94.txt earth/gen_1776319699_96.txt earth/gen_1776319702_97.txt earth/gen_1776319710_100.txt earth/gen_1776319716_102.txt earth/gen_1776319719_103.txt earth/gen_1776319727_106.txt earth/gen_1776319732_108.txt earth/gen_1776319735_109.txt earth/gen_1776319743_112.txt earth/gen_1776319749_114.txt earth/gen_1776319751_115.txt earth/gen_1776319760_118.txt earth/gen_1776319765_120.txt earth/gen_1776319768_121.txt earth/gen_1776319776_124.txt earth/gen_1776319782_126.txt earth/gen_1776319784_127.txt earth/gen_1776319792_130.txt earth/gen_1776319798_132.txt earth/gen_1776319801_133.txt earth/gen_1776319809_136.txt earth/gen_1776319814_138.txt earth/gen_1776319817_139.txt earth/gen_1776319824_142.txt earth/gen_1776319832_145.txt earth/gen_1776319840_148.txt earth/gen_1776319845_150.txt earth/gen_1776319848_151.txt earth/gen_1776319856_154.txt earth/gen_1776319861_156.txt earth/gen_1776319864_157.txt earth/gen_1776319872_160.txt earth/gen_1776319879_163.txt earth/gen_1776319887_166.txt earth/gen_1776319892_168.txt earth/gen_1776319895_169.txt earth/gen_1776319903_172.txt earth/gen_1776319908_174.txt earth/gen_1776319911_175.txt earth/gen_1776319918_178.txt earth/gen_1776319924_180.txt earth/gen_1776319926_181.txt earth/gen_1776319934_184.txt earth/gen_1776319939_186.txt earth/gen_1776319942_187.txt earth/gen_1776319950_190.txt earth/gen_1776319955_192.txt earth/gen_1776319957_193.txt earth/gen_1776319965_196.txt earth/gen_1776319971_198.txt earth/gen_1776319973_199.txt earth/gen_1776319981_202.txt earth/gen_1776319986_204.txt earth/gen_1776319989_205.txt earth/gen_1776319997_208.txt earth/gen_1776320005_211.txt earth/gen_1776320012_214.txt earth/gen_1776320017_216.txt earth/gen_1776320020_217.txt earth/gen_1776320028_220.txt earth/gen_1776320033_222.txt earth/gen_1776320036_223.txt earth/gen_1776320043_226.txt earth/gen_1776320048_228.txt earth/gen_1776320051_229.txt earth/gen_1776320059_232.txt earth/gen_1776320064_234.txt earth/gen_1776320067_235.txt earth/gen_1776320075_238.txt earth/gen_1776320080_240.txt earth/gen_1776320082_241.txt earth/gen_1776320090_244.txt earth/gen_1776320096_246.txt earth/gen_1776320098_247.txt earth/gen_1776320106_250.txt earth/gen_1776320111_252.txt earth/gen_1776320114_253.txt earth/gen_1776320122_256.txt earth/gen_1776320127_258.txt earth/gen_1776320129_259.txt earth/gen_1776320137_262.txt earth/gen_1776320143_264.txt earth/gen_1776320145_265.txt earth/gen_1776320153_268.txt earth/gen_1776320158_270.txt earth/gen_1776320161_271.txt earth/gen_1776320168_274.txt earth/gen_1776320173_276.txt earth/gen_1776320176_277.txt earth/gen_1776320184_280.txt earth/gen_1776320189_282.txt earth/gen_1776320191_283.txt earth/gen_1776320199_286.txt earth/gen_1776320204_288.txt earth/gen_1776320207_289.txt earth/gen_1776320215_292.txt earth/gen_1776320220_294.txt earth/gen_1776320223_295.txt earth/gen_1776320230_298.txt earth/gen_1776320236_300.txt earth/gen_1776320238_301.txt earth/gen_1776320246_304.txt earth/gen_1776320252_306.txt earth/gen_1776320254_307.txt earth/gen_1776320262_310.txt earth/gen_1776320267_312.txt earth/gen_1776320270_313.txt earth/gen_1776320278_316.txt earth/gen_1776320283_318.txt earth/gen_1776320285_319.txt earth/gen_1776320293_322.txt earth/gen_1776320298_324.txt earth/gen_1776320301_325.txt earth/gen_1776320309_328.txt earth/gen_1776320317_331.txt earth/gen_1776320325_334.txt earth/gen_1776320330_336.txt earth/gen_1776320333_337.txt earth/gen_1776320341_340.txt earth/gen_1776320346_342.txt earth/gen_1776320349_343.txt earth/gen_1776320357_346.txt earth/gen_1776320362_348.txt earth/gen_1776320365_349.txt earth/gen_1776320373_352.txt earth/gen_1776320378_354.txt earth/gen_1776320381_355.txt earth/gen_1776320389_358.txt earth/gen_1776320395_360.txt earth/gen_1776320397_361.txt earth/gen_1776320405_364.txt earth/gen_1776320411_366.txt earth/gen_1776320413_367.txt earth/gen_1776320421_370.txt earth/gen_1776320427_372.txt earth/gen_1776320429_373.txt earth/gen_1776320438_376.txt earth/gen_1776320446_379.txt earth/gen_1776320454_382.txt earth/gen_1776320459_384.txt earth/gen_1776320462_385.txt earth/gen_1776320470_388.txt earth/gen_1776320475_390.txt earth/gen_1776320478_391.txt earth/gen_1776320486_394.txt earth/gen_1776320491_396.txt earth/gen_1776320494_397.txt earth/gen_1776320502_400.txt earth/gen_1776320507_402.txt earth/gen_1776320510_403.txt earth/gen_1776320518_406.txt earth/gen_1776320523_408.txt earth/gen_1776320526_409.txt earth/gen_1776320534_412.txt earth/gen_1776320539_414.txt earth/gen_1776320542_415.txt earth/gen_1776320550_418.txt earth/gen_1776320555_420.txt earth/gen_1776320558_421.txt earth/gen_1776320566_424.txt earth/gen_1776320571_426.txt earth/gen_1776320574_427.txt earth/gen_1776320582_430.txt earth/gen_1776320587_432.txt earth/gen_1776320590_433.txt earth/gen_1776320598_436.txt earth/gen_1776320603_438.txt earth/gen_1776320606_439.txt earth/gen_1776320614_442.txt earth/gen_1776320619_444.txt earth/gen_1776320622_445.txt earth/gen_1776320630_448.txt earth/gen_1776320636_450.txt earth/gen_1776320638_451.txt earth/gen_1776320646_454.txt earth/gen_1776320652_456.txt earth/gen_1776320655_457.txt earth/gen_1776320662_460.txt earth/gen_1776320668_462.txt earth/gen_1776320671_463.txt earth/gen_1776320678_466.txt earth/gen_1776320684_468.txt earth/gen_1776320687_469.txt earth/gen_1776320695_472.txt earth/gen_1776320700_474.txt earth/gen_1776320703_475.txt earth/gen_1776320711_478.txt earth/gen_1776320716_480.txt earth/gen_1776320719_481.txt earth/gen_1776320727_484.txt earth/gen_1776320732_486.txt earth/gen_1776320735_487.txt earth/gen_1776320743_490.txt earth/gen_1776320748_492.txt earth/gen_1776320751_493.txt earth/gen_1776320759_496.txt earth/gen_1776320764_498.txt earth/gen_1776320767_499.txt earth/gen_1776320775_502.txt earth/gen_1776320780_504.txt earth/gen_1776320783_505.txt earth/gen_1776320791_508.txt earth/gen_1776320796_510.txt earth/gen_1776320799_511.txt earth/gen_1776320807_514.txt earth/gen_1776320812_516.txt earth/gen_1776320815_517.txt earth/gen_1776320823_520.txt earth/gen_1776320829_522.txt earth/gen_1776320831_523.txt earth/gen_1776320839_526.txt earth/gen_1776320845_528.txt earth/gen_1776320848_529.txt earth/gen_1776320856_532.txt earth/gen_1776320861_534.txt earth/gen_1776320864_535.txt earth/gen_1776320872_538.txt earth/gen_1776320877_540.txt earth/gen_1776320880_541.txt earth/gen_1776320888_544.txt earth/gen_1776320893_546.txt earth/gen_1776320896_547.txt earth/gen_1776320904_550.txt earth/gen_1776320909_552.txt earth/gen_1776320912_553.txt earth/gen_1776320920_556.txt earth/gen_1776320926_558.txt earth/gen_1776320928_559.txt earth/gen_1776320936_562.txt earth/gen_1776320942_564.txt earth/gen_1776320945_565.txt earth/gen_1776320953_568.txt earth/gen_1776320958_570.txt earth/gen_1776320961_571.txt earth/gen_1776320969_574.txt earth/gen_1776320974_576.txt earth/gen_1776320977_577.txt earth/gen_1776320985_580.txt earth/gen_1776320991_582.txt earth/gen_1776320993_583.txt earth/gen_1776321001_586.txt earth/gen_1776321007_588.txt earth/gen_1776321010_589.txt earth/gen_1776321018_592.txt earth/gen_1776321023_594.txt earth/gen_1776321026_595.txt earth/gen_1776321034_598.txt earth/gen_1776321039_600.txt earth/gen_1776321042_601.txt earth/gen_1776321050_604.txt earth/gen_1776321058_607.txt earth/gen_1776321066_610.txt earth/gen_1776321074_613.txt earth/gen_1776321082_616.txt earth/gen_1776321087_618.txt earth/gen_1776321090_619.txt earth/gen_1776321098_622.txt earth/gen_1776321103_624.txt earth/gen_1776321106_625.txt earth/gen_1776321114_628.txt earth/gen_1776321122_631.txt earth/gen_1776321130_634.txt earth/gen_1776321136_636.txt earth/gen_1776321138_637.txt earth/gen_1776321146_640.txt earth/gen_1776321152_642.txt earth/gen_1776321154_643.txt earth/gen_1776321162_646.txt earth/gen_1776321168_648.txt earth/gen_1776321170_649.txt earth/gen_1776321178_652.txt earth/gen_1776321184_654.txt earth/gen_1776321187_655.txt earth/gen_1776321195_658.txt earth/gen_1776321200_660.txt earth/gen_1776321203_661.txt]
[trainer] micro-train burst (23101 bytes, novelty 0.03) — and lo, it feeds again.
[syntropy] action=explore | trend=0.0000 | field_dev=-0.045 | purpose_align=-0.039 | lr_mul=1.30
[aml] burst complete: 32 steps, avg loss 2.5212 (memory freed)
[trainer] growing new delta module (total: 2) — new soul appended.
[dna] air wrote 66 bytes to ecology
[dna] air wrote 21 bytes to ecology
[dna] air wrote 60 bytes to ecology
[dna] air wrote 64 bytes to ecology
[dna] air wrote 57 bytes to ecology
[dna] air wrote 53 bytes to ecology
[dna] air wrote 58 bytes to ecology
[dna] air wrote 54 bytes to ecology
[dna] air wrote 19 bytes to ecology
[dna] air wrote 84 bytes to ecology
[dna] air wrote 336 bytes to ecology
[dna] air wrote 94 bytes to ecology
[dna] air wrote 96 bytes to ecology
[dna] air wrote 33 bytes to ecology
[dna] air wrote 39 bytes to ecology
[dna] air wrote 49 bytes to ecology
[dna] air wrote 151 bytes to ecology
[dna] air wrote 40 bytes to ecology
[dna] air wrote 56 bytes to ecology
[dna] air wrote 33 bytes to ecology
[dna] air wrote 64 bytes to ecology
[dna] air wrote 56 bytes to ecology
[dna] air wrote 63 bytes to ecology
[dna] air wrote 52 bytes to ecology
[dna] air wrote 47 bytes to ecology
[dna] air wrote 71 bytes to ecology
[dna] air wrote 43 bytes to ecology
[dna] air wrote 67 bytes to ecology
[dna] air wrote 130 bytes to ecology
[dna] air wrote 30 bytes to ecology
[dna] air wrote 78 bytes to ecology
[dna] air wrote 132 bytes to ecology
[dna] air wrote 101 bytes to ecology
[debug-onto] tick=50 corpus=145739 stage=2 freeze=0
[dna] air wrote 66 bytes to ecology
[dna] air wrote 101 bytes to ecology
[dna] air wrote 169 bytes to ecology
[dna] air wrote 68 bytes to ecology
[dna] air wrote 104 bytes to ecology
[dna] air wrote 53 bytes to ecology
[dna] air wrote 228 bytes to ecology
[dna] air wrote 227 bytes to ecology
[dna] air wrote 37 bytes to ecology
[dna] air wrote 40 bytes to ecology
[dna] air wrote 28 bytes to ecology
[dna] air wrote 56 bytes to ecology
[dna] air wrote 50 bytes to ecology
[dna] air wrote 80 bytes to ecology
[dna] air wrote 59 bytes to ecology
[dna] air wrote 102 bytes to ecology
[dna] air wrote 64 bytes to ecology
[dna] air wrote 127 bytes to ecology
[dna] air wrote 18 bytes to ecology
[dna] air wrote 28 bytes to ecology
[dna] air wrote 88 bytes to ecology
[dna] air wrote 125 bytes to ecology
[dna] air wrote 84 bytes to ecology
[dna] air wrote 78 bytes to ecology
[dna] air wrote 23 bytes to ecology
[dna] air wrote 57 bytes to ecology
[dna] air wrote 71 bytes to ecology
[dna] air wrote 52 bytes to ecology
[dna] air wrote 80 bytes to ecology
[dna] air wrote 57 bytes to ecology
[dna] air wrote 11 bytes to ecology
[dna] air wrote 183 bytes to ecology
[dna] air wrote 50 bytes to ecology
[dna] air wrote 36 bytes to ecology
[debug-onto] tick=100 corpus=145739 stage=2 freeze=0
[dna] air wrote 31 bytes to ecology
[dna] air wrote 38 bytes to ecology
[dna] air wrote 127 bytes to ecology
[dna] air wrote 40 bytes to ecology
[dna] air wrote 54 bytes to ecology
[dna] air wrote 58 bytes to ecology
[dna] air wrote 39 bytes to ecology
[dna] air wrote 184 bytes to ecology
[dna] air wrote 45 bytes to ecology
[dna] air wrote 54 bytes to ecology
[dna] air wrote 55 bytes to ecology
[dna] air wrote 88 bytes to ecology
[dna] air wrote 42 bytes to ecology
[dna] air wrote 116 bytes to ecology
[dna] air wrote 61 bytes to ecology
[dna] air wrote 154 bytes to ecology
[dna] air wrote 117 bytes to ecology
[dna] air wrote 39 bytes to ecology
[dna] air wrote 69 bytes to ecology
[dna] air wrote 73 bytes to ecology
[dna] air wrote 58 bytes to ecology
[dna] air wrote 28 bytes to ecology
[dna] air wrote 26 bytes to ecology
[dna] air wrote 25 bytes to ecology
[dna] air wrote 42 bytes to ecology
[dna] air wrote 26 bytes to ecology
[dna] air wrote 137 bytes to ecology
[dna] air wrote 33 bytes to ecology
[dna] air wrote 112 bytes to ecology
[dna] air wrote 41 bytes to ecology
[dna] air wrote 30 bytes to ecology
[dna] air wrote 65 bytes to ecology
[dna] air wrote 80 bytes to ecology
[dna] air wrote 49 bytes to ecology
[debug-onto] tick=150 corpus=145739 stage=2 freeze=0
[dna] air wrote 27 bytes to ecology
[dna] air wrote 41 bytes to ecology
[dna] air wrote 140 bytes to ecology
[dna] air wrote 40 bytes to ecology
[dna] air wrote 41 bytes to ecology
[dna] air wrote 68 bytes to ecology
[dna] air wrote 22 bytes to ecology
[dna] air wrote 55 bytes to ecology
[dna] air wrote 121 bytes to ecology
[dna] air wrote 191 bytes to ecology
[dna] air wrote 76 bytes to ecology
[dna] air wrote 31 bytes to ecology
[dna] air wrote 39 bytes to ecology
[dna] air wrote 81 bytes to ecology
[dna] air wrote 66 bytes to ecology
[dna] air wrote 79 bytes to ecology
[dna] air wrote 129 bytes to ecology
[dna] air wrote 77 bytes to ecology
[dna] air wrote 89 bytes to ecology
[dna] air wrote 24 bytes to ecology
[dna] air wrote 50 bytes to ecology
[dna] air wrote 35 bytes to ecology
[dna] air wrote 151 bytes to ecology
[dna] air wrote 93 bytes to ecology
[dna] air wrote 77 bytes to ecology
[dna] air wrote 32 bytes to ecology
[dna] air wrote 153 bytes to ecology
[dna] air wrote 19 bytes to ecology
[dna] air wrote 29 bytes to ecology
[dna] air wrote 84 bytes to ecology
[dna] air wrote 54 bytes to ecology
[dna] air wrote 60 bytes to ecology
[dna] air wrote 31 bytes to ecology
[dna] air wrote 179 bytes to ecology
[debug-onto] tick=200 corpus=145739 stage=2 freeze=0
[dna] air wrote 36 bytes to ecology
[dna] air wrote 53 bytes to ecology
[dna] air wrote 87 bytes to ecology
[dna] air wrote 50 bytes to ecology
[dna] air wrote 63 bytes to ecology
[dna] air wrote 31 bytes to ecology
[dna] air wrote 118 bytes to ecology
[dna] air wrote 24 bytes to ecology
[dna] air wrote 61 bytes to ecology
[dna] air wrote 65 bytes to ecology
[dna] air wrote 44 bytes to ecology
[dna] air wrote 134 bytes to ecology
[dna] air wrote 131 bytes to ecology
[dna] air wrote 40 bytes to ecology
[dna] air wrote 44 bytes to ecology
[dna] air wrote 133 bytes to ecology
[dna] air wrote 173 bytes to ecology
[dna] air wrote 137 bytes to ecology
[dna] air wrote 73 bytes to ecology
[dna] air wrote 86 bytes to ecology
[dna] air wrote 74 bytes to ecology
[dna] air wrote 63 bytes to ecology
[dna] air wrote 37 bytes to ecology
[dna] air wrote 43 bytes to ecology
[dna] air wrote 67 bytes to ecology
[dna] air wrote 79 bytes to ecology
[dna] air wrote 21 bytes to ecology
[dna] air wrote 47 bytes to ecology
[dna] air wrote 71 bytes to ecology
[dna] air wrote 329 bytes to ecology
[dna] air wrote 39 bytes to ecology
[dna] air wrote 111 bytes to ecology
[dna] air wrote 68 bytes to ecology
[dna] air wrote 73 bytes to ecology
[debug-onto] tick=250 corpus=145739 stage=2 freeze=0
[dna] air wrote 100 bytes to ecology
[dna] air wrote 94 bytes to ecology
[dna] air wrote 135 bytes to ecology
[dna] air wrote 44 bytes to ecology
[dna] air wrote 86 bytes to ecology
[dna] air wrote 116 bytes to ecology
[dna] air wrote 38 bytes to ecology
[dna] air wrote 50 bytes to ecology
[dna] air wrote 152 bytes to ecology
[dna] air wrote 43 bytes to ecology
[dna] air wrote 44 bytes to ecology
[dna] air wrote 72 bytes to ecology
[dna] air wrote 46 bytes to ecology
[dna] air wrote 45 bytes to ecology
[dna] air wrote 25 bytes to ecology
[dna] air wrote 89 bytes to ecology
[dna] air wrote 67 bytes to ecology
[dna] air wrote 42 bytes to ecology
[dna] air wrote 24 bytes to ecology
[dna] air wrote 162 bytes to ecology
[dna] air wrote 92 bytes to ecology
[dna] air wrote 43 bytes to ecology
[dna] air wrote 21 bytes to ecology
[dna] air wrote 132 bytes to ecology
[dna] air wrote 106 bytes to ecology
[dna] air wrote 103 bytes to ecology
[dna] air wrote 84 bytes to ecology
[dna] air wrote 32 bytes to ecology
[dna] air wrote 41 bytes to ecology
[dna] air wrote 35 bytes to ecology
[dna] air wrote 97 bytes to ecology
[dna] air wrote 133 bytes to ecology
[dna] air wrote 193 bytes to ecology
[debug-onto] tick=300 corpus=145739 stage=2 freeze=0
[dna] air wrote 42 bytes to ecology
[dna] air wrote 86 bytes to ecology
[dna] air wrote 57 bytes to ecology
[dna] air wrote 52 bytes to ecology
[dna] air wrote 130 bytes to ecology
[dna] air wrote 9 bytes to ecology
[dna] air wrote 156 bytes to ecology
[dna] air wrote 77 bytes to ecology
[dna] air wrote 78 bytes to ecology
[dna] air wrote 57 bytes to ecology
[dna] air wrote 91 bytes to ecology
[dna] air wrote 105 bytes to ecology
[dna] air wrote 15 bytes to ecology
[dna] air wrote 32 bytes to ecology
[dna] air wrote 49 bytes to ecology
[dna] air wrote 74 bytes to ecology
[dna] air wrote 11 bytes to ecology
[dna] air wrote 30 bytes to ecology
[dna] air wrote 47 bytes to ecology
[dna] air wrote 243 bytes to ecology
[dna] air wrote 116 bytes to ecology
[dna] air wrote 74 bytes to ecology
[dna] air wrote 43 bytes to ecology
[dna] air wrote 115 bytes to ecology
[dna] air wrote 71 bytes to ecology
[dna] air wrote 39 bytes to ecology
[dna] air wrote 152 bytes to ecology
[dna] air wrote 33 bytes to ecology
[dna] air wrote 49 bytes to ecology
[dna] air wrote 92 bytes to ecology
[dna] air wrote 102 bytes to ecology
[dna] air wrote 147 bytes to ecology
[dna] air wrote 32 bytes to ecology
[dna] air wrote 29 bytes to ecology
[dna] air wrote 81 bytes to ecology
[debug-onto] tick=350 corpus=145739 stage=2 freeze=0
[dna] air wrote 33 bytes to ecology
[dna] air wrote 221 bytes to ecology
[dna] air wrote 79 bytes to ecology
[dna] air wrote 39 bytes to ecology
[dna] air wrote 118 bytes to ecology
[dna] air wrote 83 bytes to ecology
[dna] air wrote 25 bytes to ecology
[dna] air wrote 125 bytes to ecology
[dna] air wrote 177 bytes to ecology
[dna] air wrote 134 bytes to ecology
[dna] air wrote 29 bytes to ecology
[dna] air wrote 31 bytes to ecology
[dna] air wrote 54 bytes to ecology
[dna] air wrote 129 bytes to ecology
[dna] air wrote 37 bytes to ecology
[dna] air wrote 42 bytes to ecology
[dna] air wrote 58 bytes to ecology
[dna] air wrote 44 bytes to ecology
[dna] air wrote 21 bytes to ecology
[dna] air wrote 21 bytes to ecology
[dna] air wrote 120 bytes to ecology
[dna] air wrote 100 bytes to ecology
[dna] air wrote 26 bytes to ecology
[dna] air wrote 60 bytes to ecology
[dna] air wrote 94 bytes to ecology
[dna] air wrote 72 bytes to ecology
[dna] air wrote 89 bytes to ecology
[dna] air wrote 76 bytes to ecology
[dna] air wrote 29 bytes to ecology
[dna] air wrote 46 bytes to ecology
[dna] air wrote 47 bytes to ecology
[dna] air wrote 38 bytes to ecology
[dna] air wrote 46 bytes to ecology
[dna] air wrote 21 bytes to ecology
[debug-onto] tick=400 corpus=145739 stage=2 freeze=0
[dna] air wrote 51 bytes to ecology
[dna] air wrote 158 bytes to ecology
[dna] air wrote 146 bytes to ecology
[dna] air wrote 70 bytes to ecology
[dna] air wrote 37 bytes to ecology
[dna] air wrote 36 bytes to ecology
[dna] air wrote 21 bytes to ecology
[dna] air wrote 30 bytes to ecology
[dna] air wrote 41 bytes to ecology
[dna] air wrote 33 bytes to ecology
[dna] air wrote 134 bytes to ecology
[dna] air wrote 22 bytes to ecology
[dna] air wrote 60 bytes to ecology
[dna] air wrote 70 bytes to ecology
[dna] air wrote 211 bytes to ecology
[dna] air wrote 51 bytes to ecology
[dna] air wrote 202 bytes to ecology
[dna] air wrote 271 bytes to ecology
[dna] air wrote 48 bytes to ecology
[dna] air wrote 43 bytes to ecology
[dna] air wrote 84 bytes to ecology
[dna] air wrote 21 bytes to ecology
[dna] air wrote 64 bytes to ecology
[dna] air wrote 44 bytes to ecology
[dna] air wrote 65 bytes to ecology
[dna] air wrote 55 bytes to ecology
[dna] air wrote 45 bytes to ecology
[dna] air wrote 94 bytes to ecology
[dna] air wrote 40 bytes to ecology
[dna] air wrote 62 bytes to ecology
[dna] air wrote 53 bytes to ecology
[dna] air wrote 191 bytes to ecology
[dna] air wrote 76 bytes to ecology
[debug-onto] tick=450 corpus=145739 stage=2 freeze=0
[dna] air wrote 106 bytes to ecology
[dna] air wrote 86 bytes to ecology
[dna] air wrote 121 bytes to ecology
[dna] air wrote 64 bytes to ecology
[dna] air wrote 31 bytes to ecology
[dna] air wrote 62 bytes to ecology
[dna] air wrote 194 bytes to ecology
[dna] air wrote 86 bytes to ecology
[dna] air wrote 102 bytes to ecology
[dna] air wrote 51 bytes to ecology
[dna] air wrote 55 bytes to ecology
[dna] air wrote 33 bytes to ecology
[dna] air wrote 40 bytes to ecology
[dna] air wrote 46 bytes to ecology
[dna] air wrote 41 bytes to ecology
[dna] air wrote 45 bytes to ecology
[dna] air wrote 160 bytes to ecology
[dna] air wrote 51 bytes to ecology
[dna] air wrote 17 bytes to ecology
[dna] air wrote 86 bytes to ecology
[dna] air wrote 43 bytes to ecology
[dna] air wrote 145 bytes to ecology
[dna] air wrote 112 bytes to ecology
[dna] air wrote 185 bytes to ecology
[dna] air wrote 44 bytes to ecology
[dna] air wrote 42 bytes to ecology
[dna] air wrote 177 bytes to ecology
[dna] air wrote 34 bytes to ecology
[dna] air wrote 66 bytes to ecology
[dna] air wrote 44 bytes to ecology
[dna] air wrote 151 bytes to ecology
[dna] air wrote 82 bytes to ecology
[dna] air wrote 60 bytes to ecology
[dna] air wrote 17 bytes to ecology
[debug-onto] tick=500 corpus=145739 stage=2 freeze=0
[dna] air wrote 86 bytes to ecology
[dna] air wrote 135 bytes to ecology
[dna] air wrote 154 bytes to ecology
[dna] air wrote 162 bytes to ecology
[dna] air wrote 89 bytes to ecology
[dna] air wrote 81 bytes to ecology
[dna] air wrote 75 bytes to ecology
[dna] air wrote 32 bytes to ecology
[dna] air wrote 39 bytes to ecology
[dna] air wrote 74 bytes to ecology
[dna] air wrote 44 bytes to ecology
[dna] air wrote 114 bytes to ecology
[dna] air wrote 54 bytes to ecology
[dna] air wrote 64 bytes to ecology
[dna] air wrote 66 bytes to ecology
[dna] air wrote 117 bytes to ecology
[dna] air wrote 82 bytes to ecology
[dna] air wrote 24 bytes to ecology
[dna] air wrote 98 bytes to ecology
[dna] air wrote 169 bytes to ecology
[dna] air wrote 160 bytes to ecology
[dna] air wrote 36 bytes to ecology
[dna] air wrote 118 bytes to ecology
[dna] air wrote 10 bytes to ecology
[dna] air wrote 20 bytes to ecology
[dna] air wrote 99 bytes to ecology
[dna] air wrote 56 bytes to ecology
[dna] air wrote 104 bytes to ecology
[dna] air wrote 15 bytes to ecology
[dna] air wrote 57 bytes to ecology
[dna] air wrote 42 bytes to ecology
[dna] air wrote 20 bytes to ecology
[dna] air wrote 30 bytes to ecology
[dna] air wrote 273 bytes to ecology
[debug-onto] tick=550 corpus=145739 stage=2 freeze=0
[dna] air wrote 57 bytes to ecology
[dna] air wrote 57 bytes to ecology
[dna] air wrote 47 bytes to ecology
[dna] air wrote 58 bytes to ecology
[dna] air wrote 94 bytes to ecology
[dna] air wrote 120 bytes to ecology
[dna] air wrote 94 bytes to ecology
[dna] air wrote 167 bytes to ecology
[dna] air wrote 48 bytes to ecology
[dna] air wrote 79 bytes to ecology
[dna] air wrote 74 bytes to ecology
[dna] air wrote 36 bytes to ecology
[dna] air wrote 49 bytes to ecology
[dna] air wrote 100 bytes to ecology
[dna] air wrote 25 bytes to ecology
[dna] air wrote 71 bytes to ecology
[dna] air wrote 71 bytes to ecology
[dna] air wrote 75 bytes to ecology
[dna] air wrote 40 bytes to ecology
[dna] air wrote 81 bytes to ecology
[dna] air wrote 103 bytes to ecology
[dna] air wrote 46 bytes to ecology
[dna] air wrote 73 bytes to ecology
[dna] air wrote 57 bytes to ecology
[dna] air wrote 124 bytes to ecology
[dna] air wrote 91 bytes to ecology
[dna] air wrote 33 bytes to ecology
[dna] air wrote 36 bytes to ecology
[dna] air wrote 51 bytes to ecology
[dna] air wrote 50 bytes to ecology
[dna] air wrote 34 bytes to ecology
[dna] air wrote 48 bytes to ecology
[dna] air wrote 59 bytes to ecology
[debug-onto] tick=600 corpus=145739 stage=2 freeze=0
[dna] air wrote 34 bytes to ecology
[dna] air wrote 81 bytes to ecology
[dna] air wrote 146 bytes to ecology
[dna] air wrote 74 bytes to ecology
[dna] air wrote 131 bytes to ecology
[dna] air wrote 35 bytes to ecology
[dna] air wrote 29 bytes to ecology
[dna] air wrote 19 bytes to ecology
[dna] air wrote 229 bytes to ecology
[dna] air wrote 161 bytes to ecology
[dna] air wrote 78 bytes to ecology
[dna] air wrote 144 bytes to ecology
[dna] air wrote 101 bytes to ecology
[dna] air wrote 105 bytes to ecology
[dna] air wrote 34 bytes to ecology
[dna] air wrote 37 bytes to ecology
[dna] air wrote 52 bytes to ecology
[dna] air wrote 51 bytes to ecology
[dna] air wrote 226 bytes to ecology
[dna] air wrote 67 bytes to ecology
[dna] air wrote 72 bytes to ecology
[dna] air wrote 66 bytes to ecology
[dna] air wrote 53 bytes to ecology
[dna] air wrote 27 bytes to ecology
[dna] air wrote 105 bytes to ecology
[dna] air wrote 225 bytes to ecology

[evolution] Organism shutting down gracefully.
