[ecology] Element: earth → corpus: nonames_earth.txt
[evolution] Autonomous evolution mode — organism will grow through all stages without pause.
[init] Stage 0 (embryo): embd=16, layer=1, head=1 — warmup 400 steps (400 backprop + 0 notorch, sqrt-scaled 1x)
  [aml] step 0/160 | loss 6.6056 (avg 6.6056) | lr 0.001000 | seq 8
  [aml] step 10/160 | loss 6.1003 (avg 6.4200) | lr 0.001450 | seq 8
  [aml] step 20/160 | loss 6.2751 (avg 6.2959) | lr 0.001900 | seq 8
  [aml] step 30/160 | loss 5.7049 (avg 6.2093) | lr 0.002350 | seq 8
  [aml] step 40/160 | loss 5.4783 (avg 6.0929) | lr 0.002800 | seq 8
  [aml] step 50/160 | loss 4.7285 (avg 5.9580) | lr 0.003250 | seq 8
  [aml] step 60/160 | loss 4.9173 (avg 5.7988) | lr 0.003700 | seq 8
  [aml] step 70/160 | loss 5.3849 (avg 5.6836) | lr 0.004150 | seq 8
  [aml] step 80/160 | loss 3.0177 (avg 5.5532) | lr 0.004600 | seq 8
  [aml] step 90/160 | loss 4.2518 (avg 5.4194) | lr 0.005050 | seq 8
  [aml] step 100/160 | loss 4.8858 (avg 5.3280) | lr 0.005500 | seq 8
  [aml] step 110/160 | loss 5.2168 (avg 5.1893) | lr 0.005950 | seq 8
  [aml] step 120/160 | loss 3.8671 (avg 5.1146) | lr 0.006400 | seq 8
  [aml] step 130/160 | loss 6.1945 (avg 5.0763) | lr 0.006850 | seq 8
  [aml] step 140/160 | loss 3.0755 (avg 5.0381) | lr 0.007300 | seq 8
  [aml] step 150/160 | loss 2.7800 (avg 4.9941) | lr 0.007750 | seq 8
[aml] training complete: 160 steps, avg loss 4.9436 (memory freed)
  [aml] step 0/120 | loss 4.8702 (avg 4.8702) | lr 0.008200 | seq 16
  [aml] step 10/120 | loss 4.3358 (avg 4.4801) | lr 0.008650 | seq 16
  [aml] step 20/120 | loss 3.4194 (avg 4.4556) | lr 0.009100 | seq 16
  [aml] step 30/120 | loss 3.3520 (avg 4.2212) | lr 0.009550 | seq 16
  [aml] step 40/120 | loss 3.1653 (avg 4.2233) | lr 0.010000 | seq 16
  [aml] step 50/120 | loss 3.0003 (avg 4.1958) | lr 0.010000 | seq 16
  [aml] step 60/120 | loss 4.1431 (avg 4.2108) | lr 0.010000 | seq 16
  [aml] step 70/120 | loss 4.2120 (avg 4.1419) | lr 0.010000 | seq 16
  [aml] step 80/120 | loss 5.1106 (avg 4.0982) | lr 0.009999 | seq 16
  [aml] step 90/120 | loss 4.3091 (avg 3.9915) | lr 0.009999 | seq 16
  [aml] step 100/120 | loss 3.7548 (avg 3.9305) | lr 0.009999 | seq 16
  [aml] step 110/120 | loss 5.0480 (avg 3.8527) | lr 0.009999 | seq 16
[aml] training complete: 120 steps, avg loss 3.8684 (memory freed)
  [aml] step 0/120 | loss 2.1169 (avg 2.1169) | lr 0.009999 | seq 32
  [aml] step 10/120 | loss 4.7769 (avg 3.7048) | lr 0.009999 | seq 32
  [aml] step 20/120 | loss 4.3118 (avg 3.6199) | lr 0.009999 | seq 32
  [aml] step 30/120 | loss 3.8897 (avg 3.3794) | lr 0.009999 | seq 32
  [aml] step 40/120 | loss 3.9643 (avg 3.3430) | lr 0.009999 | seq 32
  [aml] step 50/120 | loss 3.8906 (avg 3.3018) | lr 0.009999 | seq 32
  [aml] step 60/120 | loss 2.7114 (avg 3.2545) | lr 0.009999 | seq 32
  [aml] step 70/120 | loss 1.3745 (avg 3.2385) | lr 0.009999 | seq 32
  [aml] step 80/120 | loss 4.4474 (avg 3.2391) | lr 0.009999 | seq 32
  [aml] step 90/120 | loss 1.5449 (avg 3.2057) | lr 0.009999 | seq 32
  [aml] step 100/120 | loss 0.8103 (avg 3.2191) | lr 0.009999 | seq 32
  [aml] step 110/120 | loss 0.8743 (avg 3.0998) | lr 0.009999 | seq 32
[aml] training complete: 120 steps, avg loss 3.0130 (memory freed)

[stage 0 — embryo] What it sounds like now:
  Q: Hello.
  A: is a rock that has beach. River is the safe fin?
  Q: Who are you?
  A: it s on stones, buted soil that two weight is the foundation for characonformity deep weather into solution of the earth's capacity, or parent layer, and means because the valley clasts, formed in the pull of sediment.
  Q: What do you know?
  A: the crosses the f the s to its atomanent way are purpose layers.

[growth] ONTOGENESIS: stage 0 -> 1
  embd: 16 -> 32, layer: 1 -> 1, head: 1 -> 2
[growth] Done. Freeze for 500 steps.
[init] Stage 1 (infant): embd=32, layer=1, head=2 — warmup 800 steps (800 backprop + 0 notorch, sqrt-scaled 2x)
  [aml] step 0/320 | loss 4.9776 (avg 4.9776) | lr 0.000500 | seq 8
  [aml] step 10/320 | loss 4.1965 (avg 4.2947) | lr 0.000725 | seq 8
  [aml] step 20/320 | loss 4.6217 (avg 4.1419) | lr 0.000950 | seq 8
  [aml] step 30/320 | loss 4.7494 (avg 4.1095) | lr 0.001175 | seq 8
  [aml] step 40/320 | loss 5.0074 (avg 4.1841) | lr 0.001400 | seq 8
  [aml] step 50/320 | loss 2.9532 (avg 4.0649) | lr 0.001625 | seq 8
  [aml] step 60/320 | loss 4.3676 (avg 4.1199) | lr 0.001850 | seq 8
  [aml] step 70/320 | loss 3.8356 (avg 4.0522) | lr 0.002075 | seq 8
  [aml] step 80/320 | loss 1.0223 (avg 3.9336) | lr 0.002300 | seq 8
  [aml] step 90/320 | loss 4.2884 (avg 3.8847) | lr 0.002525 | seq 8
  [aml] step 100/320 | loss 5.1373 (avg 3.8809) | lr 0.002750 | seq 8
  [aml] step 110/320 | loss 1.7204 (avg 3.8937) | lr 0.002975 | seq 8
  [aml] step 120/320 | loss 2.5849 (avg 3.8583) | lr 0.003200 | seq 8
  [aml] step 130/320 | loss 3.9090 (avg 3.8580) | lr 0.003425 | seq 8
  [aml] step 140/320 | loss 2.9037 (avg 3.8200) | lr 0.003650 | seq 8
  [aml] step 150/320 | loss 5.4433 (avg 3.8506) | lr 0.003875 | seq 8
  [aml] step 160/320 | loss 1.5256 (avg 3.7859) | lr 0.004100 | seq 8
  [aml] step 170/320 | loss 4.8739 (avg 3.7334) | lr 0.004325 | seq 8
  [aml] step 180/320 | loss 3.7615 (avg 3.7313) | lr 0.004550 | seq 8
  [aml] step 190/320 | loss 3.1394 (avg 3.6887) | lr 0.004775 | seq 8
  [aml] step 200/320 | loss 3.4508 (avg 3.7060) | lr 0.004998 | seq 8
  [aml] step 210/320 | loss 2.4616 (avg 3.6961) | lr 0.004998 | seq 8
  [aml] step 220/320 | loss 0.9836 (avg 3.6764) | lr 0.004998 | seq 8
  [aml] step 230/320 | loss 2.2618 (avg 3.6842) | lr 0.004998 | seq 8
  [aml] step 240/320 | loss 4.2689 (avg 3.7056) | lr 0.004998 | seq 8
  [aml] step 250/320 | loss 2.3772 (avg 3.6881) | lr 0.004998 | seq 8
  [aml] step 260/320 | loss 1.9711 (avg 3.6694) | lr 0.004998 | seq 8
  [aml] step 270/320 | loss 4.1239 (avg 3.6723) | lr 0.004998 | seq 8
  [aml] step 280/320 | loss 3.9580 (avg 3.6549) | lr 0.004998 | seq 8
  [aml] step 290/320 | loss 2.0906 (avg 3.6521) | lr 0.004998 | seq 8
  [aml] step 300/320 | loss 3.7017 (avg 3.6106) | lr 0.004998 | seq 8
  [aml] step 310/320 | loss 4.0243 (avg 3.6113) | lr 0.004998 | seq 8
[aml] training complete: 320 steps, avg loss 3.5956 (memory freed)
  [aml] step 0/240 | loss 4.5714 (avg 4.5714) | lr 0.004998 | seq 16
  [aml] step 10/240 | loss 1.9535 (avg 3.5501) | lr 0.004998 | seq 16
  [aml] step 20/240 | loss 2.0250 (avg 3.0788) | lr 0.004998 | seq 16
  [aml] step 30/240 | loss 3.4763 (avg 3.4073) | lr 0.004998 | seq 16
  [aml] step 40/240 | loss 1.9993 (avg 3.2059) | lr 0.004997 | seq 16
  [aml] step 50/240 | loss 1.3715 (avg 3.2191) | lr 0.004997 | seq 16
  [aml] step 60/240 | loss 1.1451 (avg 3.1992) | lr 0.004997 | seq 16
  [aml] step 70/240 | loss 1.8788 (avg 3.2583) | lr 0.004997 | seq 16
  [aml] step 80/240 | loss 4.0969 (avg 3.3085) | lr 0.004997 | seq 16
  [aml] step 90/240 | loss 4.6958 (avg 3.3588) | lr 0.004997 | seq 16
  [aml] step 100/240 | loss 1.6272 (avg 3.3273) | lr 0.004997 | seq 16
  [aml] step 110/240 | loss 3.2450 (avg 3.3492) | lr 0.004997 | seq 16
  [aml] step 120/240 | loss 2.1658 (avg 3.3551) | lr 0.004997 | seq 16
  [aml] step 130/240 | loss 1.2302 (avg 3.3278) | lr 0.004997 | seq 16
  [aml] step 140/240 | loss 2.0724 (avg 3.2930) | lr 0.004997 | seq 16
  [aml] step 150/240 | loss 4.1010 (avg 3.3128) | lr 0.004997 | seq 16
  [aml] step 160/240 | loss 3.0783 (avg 3.3279) | lr 0.004997 | seq 16
  [aml] step 170/240 | loss 3.2165 (avg 3.3162) | lr 0.004996 | seq 16
  [aml] step 180/240 | loss 3.1634 (avg 3.3260) | lr 0.004996 | seq 16
  [aml] step 190/240 | loss 5.0571 (avg 3.3037) | lr 0.004996 | seq 16
  [aml] step 200/240 | loss 3.1796 (avg 3.3126) | lr 0.004996 | seq 16
  [aml] step 210/240 | loss 3.8345 (avg 3.3208) | lr 0.004996 | seq 16
  [aml] step 220/240 | loss 3.8140 (avg 3.3127) | lr 0.004996 | seq 16
  [aml] step 230/240 | loss 1.9967 (avg 3.2864) | lr 0.004996 | seq 16
[aml] training complete: 240 steps, avg loss 3.2738 (memory freed)
  [aml] step 0/240 | loss 4.4864 (avg 4.4864) | lr 0.004996 | seq 32
  [aml] step 10/240 | loss 1.9544 (avg 3.0291) | lr 0.004996 | seq 32
  [aml] step 20/240 | loss 1.1726 (avg 2.9472) | lr 0.004996 | seq 32
  [aml] step 30/240 | loss 1.1146 (avg 2.8287) | lr 0.004996 | seq 32
  [aml] step 40/240 | loss 0.8929 (avg 2.7926) | lr 0.004996 | seq 32
  [aml] step 50/240 | loss 4.3661 (avg 2.8600) | lr 0.004995 | seq 32
  [aml] step 60/240 | loss 4.2521 (avg 2.7486) | lr 0.004995 | seq 32
  [aml] step 70/240 | loss 1.0667 (avg 2.6877) | lr 0.004995 | seq 32
  [aml] step 80/240 | loss 4.8905 (avg 2.6799) | lr 0.004995 | seq 32
  [aml] step 90/240 | loss 4.2847 (avg 2.7680) | lr 0.004995 | seq 32
  [aml] step 100/240 | loss 3.7889 (avg 2.6898) | lr 0.004995 | seq 32
  [aml] step 110/240 | loss 3.8456 (avg 2.6666) | lr 0.004995 | seq 32
  [aml] step 120/240 | loss 4.2869 (avg 2.6051) | lr 0.004995 | seq 32
  [aml] step 130/240 | loss 3.8209 (avg 2.6564) | lr 0.004995 | seq 32
  [aml] step 140/240 | loss 4.1219 (avg 2.6480) | lr 0.004995 | seq 32
  [aml] step 150/240 | loss 1.0479 (avg 2.6030) | lr 0.004995 | seq 32
  [aml] step 160/240 | loss 4.3009 (avg 2.6233) | lr 0.004994 | seq 32
  [aml] step 170/240 | loss 4.8692 (avg 2.6446) | lr 0.004994 | seq 32
  [aml] step 180/240 | loss 1.4004 (avg 2.6260) | lr 0.004994 | seq 32
  [aml] step 190/240 | loss 4.1676 (avg 2.6209) | lr 0.004994 | seq 32
  [aml] step 200/240 | loss 1.2374 (avg 2.6144) | lr 0.004994 | seq 32
  [aml] step 210/240 | loss 3.8752 (avg 2.6050) | lr 0.004994 | seq 32
  [aml] step 220/240 | loss 4.1059 (avg 2.6066) | lr 0.004994 | seq 32
  [aml] step 230/240 | loss 0.7700 (avg 2.5743) | lr 0.004994 | seq 32
[aml] training complete: 240 steps, avg loss 2.5909 (memory freed)

[stage 1 — infant] What it sounds like now:
  Q: Hello.
  A: Serpentine private masonry the much cuts building cobble means once composed by retaining a material has rounded by the bulge in much currents compression years.
  Q: Who are you?
  A: the base in a gets kilometers per settledge-shapes are of the crust — and the mechannels, and a consolid iron.
  Q: What do you know?
  A: ...

[growth] ONTOGENESIS: stage 1 -> 2
  embd: 32 -> 64, layer: 1 -> 2, head: 2 -> 4
[growth] Done. Freeze for 500 steps.
[init] Stage 2 (child): embd=64, layer=2, head=4 — warmup 800 steps (800 backprop + 0 notorch, sqrt-scaled 2x)
  [aml] step 0/320 | loss 2.9608 (avg 2.9608) | lr 0.000250 | seq 8
  [aml] step 10/320 | loss 4.0325 (avg 3.2148) | lr 0.000363 | seq 8
  [aml] step 20/320 | loss 3.2403 (avg 3.2200) | lr 0.000475 | seq 8
  [aml] step 30/320 | loss 6.0886 (avg 3.6847) | lr 0.000588 | seq 8
  [aml] step 40/320 | loss 3.6436 (avg 3.6639) | lr 0.000700 | seq 8
  [aml] step 50/320 | loss 3.7701 (avg 3.6177) | lr 0.000813 | seq 8
  [aml] step 60/320 | loss 5.1192 (avg 3.4864) | lr 0.000925 | seq 8
  [aml] step 70/320 | loss 4.6153 (avg 3.4538) | lr 0.001038 | seq 8
  [aml] step 80/320 | loss 3.2225 (avg 3.4478) | lr 0.001150 | seq 8
  [aml] step 90/320 | loss 5.5388 (avg 3.4259) | lr 0.001263 | seq 8
  [aml] step 100/320 | loss 4.2902 (avg 3.4984) | lr 0.001375 | seq 8
  [aml] step 110/320 | loss 3.1626 (avg 3.4530) | lr 0.001488 | seq 8
  [aml] step 120/320 | loss 5.0798 (avg 3.4430) | lr 0.001600 | seq 8
  [aml] step 130/320 | loss 4.7155 (avg 3.4019) | lr 0.001713 | seq 8
  [aml] step 140/320 | loss 3.9629 (avg 3.3656) | lr 0.001825 | seq 8
  [aml] step 150/320 | loss 4.7615 (avg 3.3684) | lr 0.001938 | seq 8
  [aml] step 160/320 | loss 4.8189 (avg 3.4453) | lr 0.002050 | seq 8
  [aml] step 170/320 | loss 2.5885 (avg 3.4131) | lr 0.002163 | seq 8
  [aml] step 180/320 | loss 4.4524 (avg 3.3854) | lr 0.002275 | seq 8
  [aml] step 190/320 | loss 4.8188 (avg 3.3941) | lr 0.002387 | seq 8
  [aml] step 200/320 | loss 0.5214 (avg 3.3870) | lr 0.002496 | seq 8
  [aml] step 210/320 | loss 3.2554 (avg 3.2966) | lr 0.002496 | seq 8
  [aml] step 220/320 | loss 4.6195 (avg 3.2781) | lr 0.002496 | seq 8
  [aml] step 230/320 | loss 4.8411 (avg 3.3026) | lr 0.002495 | seq 8
  [aml] step 240/320 | loss 3.0000 (avg 3.2923) | lr 0.002495 | seq 8
  [aml] step 250/320 | loss 4.0795 (avg 3.3214) | lr 0.002495 | seq 8
  [aml] step 260/320 | loss 0.1019 (avg 3.3177) | lr 0.002495 | seq 8
  [aml] step 270/320 | loss 1.2405 (avg 3.3127) | lr 0.002495 | seq 8
  [aml] step 280/320 | loss 4.3350 (avg 3.3227) | lr 0.002495 | seq 8
  [aml] step 290/320 | loss 4.0366 (avg 3.3524) | lr 0.002495 | seq 8
  [aml] step 300/320 | loss 3.5027 (avg 3.3585) | lr 0.002495 | seq 8
  [aml] step 310/320 | loss 4.4195 (avg 3.3380) | lr 0.002495 | seq 8
[aml] training complete: 320 steps, avg loss 3.3448 (memory freed)
  [aml] step 0/240 | loss 4.8250 (avg 4.8250) | lr 0.002495 | seq 16
  [aml] step 10/240 | loss 1.2830 (avg 3.1382) | lr 0.002495 | seq 16
  [aml] step 20/240 | loss 1.2658 (avg 2.9350) | lr 0.002495 | seq 16
  [aml] step 30/240 | loss 1.8046 (avg 2.7564) | lr 0.002495 | seq 16
  [aml] step 40/240 | loss 5.1123 (avg 2.9748) | lr 0.002495 | seq 16
  [aml] step 50/240 | loss 5.0075 (avg 3.0875) | lr 0.002495 | seq 16
  [aml] step 60/240 | loss 4.2184 (avg 3.0557) | lr 0.002494 | seq 16
  [aml] step 70/240 | loss 4.5055 (avg 3.0419) | lr 0.002494 | seq 16
  [aml] step 80/240 | loss 1.2642 (avg 2.9901) | lr 0.002494 | seq 16
  [aml] step 90/240 | loss 2.3279 (avg 2.9578) | lr 0.002494 | seq 16
  [aml] step 100/240 | loss 3.2028 (avg 3.0281) | lr 0.002494 | seq 16
  [aml] step 110/240 | loss 1.2024 (avg 2.9859) | lr 0.002494 | seq 16
  [aml] step 120/240 | loss 3.7378 (avg 2.9260) | lr 0.002494 | seq 16
  [aml] step 130/240 | loss 3.9004 (avg 2.9336) | lr 0.002494 | seq 16
  [aml] step 140/240 | loss 1.6200 (avg 2.9296) | lr 0.002494 | seq 16
  [aml] step 150/240 | loss 3.8032 (avg 2.9743) | lr 0.002494 | seq 16
  [aml] step 160/240 | loss 4.0330 (avg 3.0197) | lr 0.002494 | seq 16
  [aml] step 170/240 | loss 3.8080 (avg 3.0427) | lr 0.002494 | seq 16
  [aml] step 180/240 | loss 4.5624 (avg 3.0424) | lr 0.002494 | seq 16
  [aml] step 190/240 | loss 4.7369 (avg 3.0312) | lr 0.002494 | seq 16
  [aml] step 200/240 | loss 4.0281 (avg 3.0367) | lr 0.002493 | seq 16
  [aml] step 210/240 | loss 3.7482 (avg 3.0605) | lr 0.002493 | seq 16
  [aml] step 220/240 | loss 2.4869 (avg 3.0683) | lr 0.002493 | seq 16
  [aml] step 230/240 | loss 2.9610 (avg 3.0769) | lr 0.002493 | seq 16
[aml] training complete: 240 steps, avg loss 3.0950 (memory freed)
  [aml] step 0/240 | loss 4.5277 (avg 4.5277) | lr 0.002493 | seq 32
  [aml] step 10/240 | loss 4.1992 (avg 2.6056) | lr 0.002493 | seq 32
  [aml] step 20/240 | loss 3.9598 (avg 2.6119) | lr 0.002493 | seq 32
  [aml] step 30/240 | loss 4.0993 (avg 2.6409) | lr 0.002493 | seq 32
  [aml] step 40/240 | loss 4.4035 (avg 2.7333) | lr 0.002493 | seq 32
  [aml] step 50/240 | loss 4.5221 (avg 2.6018) | lr 0.002493 | seq 32
  [aml] step 60/240 | loss 0.7496 (avg 2.4632) | lr 0.002493 | seq 32
  [aml] step 70/240 | loss 1.3786 (avg 2.4192) | lr 0.002493 | seq 32
  [aml] step 80/240 | loss 0.6930 (avg 2.4100) | lr 0.002492 | seq 32
  [aml] step 90/240 | loss 4.0703 (avg 2.4142) | lr 0.002492 | seq 32
  [aml] step 100/240 | loss 4.0119 (avg 2.4411) | lr 0.002492 | seq 32
  [aml] step 110/240 | loss 0.4814 (avg 2.4482) | lr 0.002492 | seq 32
  [aml] step 120/240 | loss 1.7249 (avg 2.4174) | lr 0.002492 | seq 32
  [aml] step 130/240 | loss 3.9549 (avg 2.4356) | lr 0.002492 | seq 32
  [aml] step 140/240 | loss 0.4933 (avg 2.4324) | lr 0.002492 | seq 32
  [aml] step 150/240 | loss 3.9151 (avg 2.3994) | lr 0.002492 | seq 32
  [aml] step 160/240 | loss 3.9303 (avg 2.4042) | lr 0.002492 | seq 32
  [aml] step 170/240 | loss 3.7648 (avg 2.4240) | lr 0.002492 | seq 32
  [aml] step 180/240 | loss 0.6752 (avg 2.4177) | lr 0.002492 | seq 32
  [aml] step 190/240 | loss 4.6182 (avg 2.4154) | lr 0.002492 | seq 32
  [aml] step 200/240 | loss 3.9256 (avg 2.4112) | lr 0.002491 | seq 32
  [aml] step 210/240 | loss 4.4400 (avg 2.4218) | lr 0.002491 | seq 32
  [aml] step 220/240 | loss 3.9938 (avg 2.4544) | lr 0.002491 | seq 32
  [aml] step 230/240 | loss 4.1785 (avg 2.4749) | lr 0.002491 | seq 32
[aml] training complete: 240 steps, avg loss 2.4968 (memory freed)

[stage 2 — child] What it sounds like now:
  Q: Hello.
  A: The distinction density reduces that forces of the body care planes, d and the paration, the blocks from the cliffs curs pied, during rests, drawn well of years.
  Q: Who are you?
  A: ...
  Q: What do you know?
  A: a parent material cannot and the felt is a rock — they are store the difference between its delivers or ples the lesson of rock and of years.

[init] Warmup complete at stage 2. Organism ready.
[ecology] First organism in the swarm.
molequla is alive. [evolution] Autonomous mode — background trainer running. Ctrl+C to stop.
[dna] earth wrote 53 bytes to ecology
[dna] earth wrote 71 bytes to ecology
[dna] earth wrote 78 bytes to ecology
[dna] earth wrote 22 bytes to ecology
[dna] earth wrote 70 bytes to ecology
[dna] earth wrote 53 bytes to ecology
[dna] earth wrote 55 bytes to ecology
[dna] earth wrote 53 bytes to ecology
[dna] earth wrote 65 bytes to ecology
[dna] earth wrote 57 bytes to ecology
[dna] earth wrote 82 bytes to ecology
[dna] earth wrote 97 bytes to ecology
[dna] earth wrote 18 bytes to ecology
[dna] earth wrote 40 bytes to ecology
[dna] earth wrote 27 bytes to ecology
[dna] earth wrote 93 bytes to ecology
[dna] earth wrote 99 bytes to ecology
[dna] earth wrote 29 bytes to ecology
[dna] earth wrote 43 bytes to ecology
[dna] earth wrote 66 bytes to ecology
[dna] earth wrote 144 bytes to ecology
[dna] earth wrote 125 bytes to ecology
[dna] earth wrote 43 bytes to ecology
[dna] earth wrote 39 bytes to ecology
[debug-onto] tick=50 corpus=173643 stage=2 freeze=0
[dna] earth wrote 37 bytes to ecology
[dna] earth wrote 50 bytes to ecology
[dna] earth wrote 118 bytes to ecology
[dna] earth wrote 80 bytes to ecology
[dna] earth wrote 15 bytes to ecology
[dna] earth wrote 37 bytes to ecology
[dna] earth wrote 152 bytes to ecology
[dna] earth wrote 46 bytes to ecology
[dna] earth wrote 62 bytes to ecology
[dna] earth wrote 144 bytes to ecology
[dna] earth wrote 60 bytes to ecology
[dna] earth wrote 27 bytes to ecology
[dna] earth wrote 35 bytes to ecology
[dna] earth wrote 32 bytes to ecology
[dna] earth wrote 37 bytes to ecology
[dna] earth wrote 93 bytes to ecology
[dna] earth wrote 28 bytes to ecology
[dna] earth wrote 30 bytes to ecology
[dna] earth wrote 29 bytes to ecology
[dna] earth wrote 42 bytes to ecology
[dna] earth wrote 153 bytes to ecology
[dna] earth wrote 112 bytes to ecology
[dna] earth wrote 23 bytes to ecology
[dna] earth wrote 39 bytes to ecology
[dna] earth wrote 82 bytes to ecology
[debug-onto] tick=100 corpus=173643 stage=2 freeze=0
[dna] earth wrote 161 bytes to ecology
[dna] earth wrote 160 bytes to ecology
[dna] earth wrote 66 bytes to ecology
[dna] earth wrote 106 bytes to ecology
[dna] earth wrote 84 bytes to ecology
[dna] earth wrote 146 bytes to ecology
[dna] earth wrote 87 bytes to ecology
[dna] earth wrote 106 bytes to ecology
[dna] earth wrote 272 bytes to ecology
[dna] earth wrote 44 bytes to ecology
[dna] earth wrote 127 bytes to ecology
[dna] earth wrote 131 bytes to ecology
[dna] earth wrote 46 bytes to ecology
[dna] earth wrote 42 bytes to ecology
[dna] earth wrote 113 bytes to ecology
[dna] earth wrote 58 bytes to ecology
[dna] earth wrote 160 bytes to ecology
[dna] earth wrote 143 bytes to ecology
[dna] earth wrote 109 bytes to ecology
[dna] earth wrote 193 bytes to ecology
[dna] earth wrote 27 bytes to ecology
[dna] earth wrote 111 bytes to ecology
[dna] earth wrote 75 bytes to ecology
[dna] earth wrote 41 bytes to ecology
[debug-onto] tick=150 corpus=173643 stage=2 freeze=0
[dna] earth wrote 50 bytes to ecology
[dna] earth wrote 15 bytes to ecology
[dna] earth wrote 137 bytes to ecology
[dna] earth wrote 115 bytes to ecology
[dna] earth wrote 28 bytes to ecology
[dna] earth wrote 5 bytes to ecology
[dna] earth wrote 34 bytes to ecology
[dna] earth wrote 182 bytes to ecology
[dna] earth wrote 156 bytes to ecology
[dna] earth wrote 100 bytes to ecology
[dna] earth wrote 40 bytes to ecology
[dna] earth wrote 94 bytes to ecology
[dna] earth wrote 61 bytes to ecology
[dna] earth wrote 102 bytes to ecology
[dna] earth wrote 17 bytes to ecology
[dna] earth wrote 41 bytes to ecology
[dna] earth wrote 26 bytes to ecology
[dna] earth wrote 49 bytes to ecology
[dna] earth wrote 120 bytes to ecology
[dna] earth wrote 39 bytes to ecology
[dna] earth wrote 131 bytes to ecology
[dna] earth wrote 67 bytes to ecology
[dna] earth wrote 47 bytes to ecology
[dna] earth wrote 110 bytes to ecology
[debug-onto] tick=200 corpus=173643 stage=2 freeze=0
[dna] earth wrote 106 bytes to ecology
[dna] earth wrote 35 bytes to ecology
[dna] earth wrote 43 bytes to ecology
[dna] earth wrote 25 bytes to ecology
[dna] earth wrote 68 bytes to ecology
[dna] earth wrote 40 bytes to ecology
[dna] earth wrote 63 bytes to ecology
[dna] earth wrote 110 bytes to ecology
[dna] earth wrote 119 bytes to ecology
[dna] earth wrote 68 bytes to ecology
[dna] earth wrote 17 bytes to ecology
[dna] earth wrote 46 bytes to ecology
[dna] earth wrote 53 bytes to ecology
[dna] earth wrote 53 bytes to ecology
[dna] earth wrote 60 bytes to ecology
[dna] earth wrote 128 bytes to ecology
[dna] earth wrote 75 bytes to ecology
[dna] earth wrote 38 bytes to ecology
[dna] earth wrote 41 bytes to ecology
[dna] earth wrote 43 bytes to ecology
[dna] earth wrote 51 bytes to ecology
[dna] earth wrote 40 bytes to ecology
[dna] earth wrote 35 bytes to ecology
[dna] earth wrote 95 bytes to ecology
[debug-onto] tick=250 corpus=173643 stage=2 freeze=0
[dna] earth wrote 8 bytes to ecology
[dna] earth wrote 64 bytes to ecology
[dna] earth wrote 82 bytes to ecology
[dna] earth wrote 160 bytes to ecology
[dna] earth wrote 57 bytes to ecology
[dna] earth wrote 57 bytes to ecology
[dna] earth wrote 22 bytes to ecology
[dna] earth wrote 73 bytes to ecology
[dna] earth wrote 162 bytes to ecology
[dna] earth wrote 163 bytes to ecology
[dna] earth wrote 59 bytes to ecology
[dna] earth wrote 49 bytes to ecology
[dna] earth wrote 84 bytes to ecology
[dna] earth wrote 29 bytes to ecology
[dna] earth wrote 56 bytes to ecology
[dna] earth wrote 66 bytes to ecology
[dna] earth wrote 84 bytes to ecology
[dna] earth wrote 75 bytes to ecology
[dna] earth wrote 103 bytes to ecology
[dna] earth wrote 61 bytes to ecology
[dna] earth wrote 35 bytes to ecology
[dna] earth wrote 33 bytes to ecology
[dna] earth wrote 42 bytes to ecology
[dna] earth wrote 53 bytes to ecology
[dna] earth wrote 41 bytes to ecology
[debug-onto] tick=300 corpus=173643 stage=2 freeze=0
[dna] earth wrote 88 bytes to ecology
[dna] earth wrote 117 bytes to ecology
[dna] earth wrote 51 bytes to ecology
[dna] earth wrote 49 bytes to ecology
[dna] earth wrote 97 bytes to ecology
[dna] earth wrote 22 bytes to ecology
[dna] earth wrote 27 bytes to ecology
[dna] earth wrote 26 bytes to ecology
[dna] earth wrote 67 bytes to ecology
[dna] earth wrote 36 bytes to ecology
[dna] earth wrote 46 bytes to ecology
[dna] earth wrote 16 bytes to ecology
[dna] earth wrote 5 bytes to ecology
[dna] earth wrote 91 bytes to ecology
[dna] earth wrote 107 bytes to ecology
[dna] earth wrote 41 bytes to ecology
[dna] earth wrote 40 bytes to ecology
[dna] earth wrote 81 bytes to ecology
[dna] earth wrote 6 bytes to ecology
[dna] earth wrote 93 bytes to ecology
[dna] earth wrote 112 bytes to ecology
[dna] earth wrote 64 bytes to ecology
[dna] earth wrote 54 bytes to ecology
[dna] earth wrote 31 bytes to ecology
[debug-onto] tick=350 corpus=173643 stage=2 freeze=0
[dna] earth wrote 86 bytes to ecology
[dna] earth wrote 34 bytes to ecology
[dna] earth wrote 62 bytes to ecology
[dna] earth wrote 55 bytes to ecology
[dna] earth wrote 57 bytes to ecology
[dna] earth wrote 156 bytes to ecology
[dna] earth wrote 54 bytes to ecology
[dna] earth wrote 43 bytes to ecology
[dna] earth wrote 44 bytes to ecology
[dna] earth wrote 113 bytes to ecology
[dna] earth wrote 28 bytes to ecology
[dna] earth wrote 58 bytes to ecology
[dna] earth wrote 73 bytes to ecology
[dna] earth wrote 30 bytes to ecology
[dna] earth wrote 36 bytes to ecology
[dna] earth wrote 99 bytes to ecology
[dna] earth wrote 188 bytes to ecology
[dna] earth wrote 140 bytes to ecology
[dna] earth wrote 116 bytes to ecology
[dna] earth wrote 12 bytes to ecology
[dna] earth wrote 28 bytes to ecology
[dna] earth wrote 55 bytes to ecology
[dna] earth wrote 95 bytes to ecology
[dna] earth wrote 76 bytes to ecology
[debug-onto] tick=400 corpus=173643 stage=2 freeze=0
[dna] earth wrote 42 bytes to ecology
[dna] earth wrote 86 bytes to ecology
[dna] earth wrote 49 bytes to ecology
[dna] earth wrote 76 bytes to ecology
[dna] earth wrote 98 bytes to ecology
[dna] earth wrote 22 bytes to ecology
[dna] earth wrote 21 bytes to ecology
[dna] earth wrote 69 bytes to ecology
[dna] earth wrote 43 bytes to ecology
[dna] earth wrote 58 bytes to ecology
[dna] earth wrote 133 bytes to ecology
[dna] earth wrote 98 bytes to ecology
[dna] earth wrote 35 bytes to ecology
[dna] earth wrote 75 bytes to ecology
[dna] earth wrote 50 bytes to ecology
[dna] earth wrote 102 bytes to ecology
[dna] earth wrote 41 bytes to ecology
[dna] earth wrote 63 bytes to ecology
[dna] earth wrote 98 bytes to ecology
[dna] earth wrote 161 bytes to ecology
[dna] earth wrote 63 bytes to ecology
[dna] earth wrote 38 bytes to ecology
[dna] earth wrote 98 bytes to ecology
[dna] earth wrote 88 bytes to ecology
[dna] earth wrote 155 bytes to ecology
[debug-onto] tick=450 corpus=173643 stage=2 freeze=0
[dna] earth wrote 22 bytes to ecology
[dna] earth wrote 118 bytes to ecology
[dna] earth wrote 65 bytes to ecology
[dna] earth wrote 51 bytes to ecology
[dna] earth wrote 44 bytes to ecology
[dna] earth wrote 36 bytes to ecology
[dna] earth wrote 34 bytes to ecology
[dna] earth wrote 79 bytes to ecology
[dna] earth wrote 102 bytes to ecology
[dna] earth wrote 162 bytes to ecology
[dna] earth wrote 44 bytes to ecology
[dna] earth wrote 66 bytes to ecology
[dna] earth wrote 98 bytes to ecology
[dna] earth wrote 44 bytes to ecology
[dna] earth wrote 65 bytes to ecology
[dna] earth wrote 29 bytes to ecology
[dna] earth wrote 107 bytes to ecology
[dna] earth wrote 32 bytes to ecology
[dna] earth wrote 49 bytes to ecology
[dna] earth wrote 45 bytes to ecology
[dna] earth wrote 92 bytes to ecology
[dna] earth wrote 76 bytes to ecology
[dna] earth wrote 9 bytes to ecology
[dna] earth wrote 54 bytes to ecology
[dna] earth wrote 112 bytes to ecology
[debug-onto] tick=500 corpus=173643 stage=2 freeze=0
[dna] earth wrote 102 bytes to ecology
[dna] earth wrote 79 bytes to ecology
[dna] earth wrote 175 bytes to ecology
[dna] earth wrote 40 bytes to ecology
[dna] earth wrote 108 bytes to ecology
[dna] earth wrote 61 bytes to ecology
[dna] earth wrote 50 bytes to ecology
[dna] earth wrote 56 bytes to ecology
[dna] earth wrote 115 bytes to ecology
[dna] earth wrote 192 bytes to ecology
[dna] earth wrote 140 bytes to ecology
[dna] earth wrote 20 bytes to ecology
[dna] earth wrote 57 bytes to ecology
[dna] earth wrote 49 bytes to ecology
[dna] earth wrote 81 bytes to ecology
[dna] earth wrote 43 bytes to ecology
[dna] earth wrote 46 bytes to ecology
[dna] earth wrote 10 bytes to ecology
[dna] earth wrote 41 bytes to ecology
[dna] earth wrote 57 bytes to ecology
[dna] earth wrote 48 bytes to ecology
[dna] earth wrote 54 bytes to ecology
[dna] earth wrote 144 bytes to ecology
[dna] earth wrote 64 bytes to ecology
[dna] earth wrote 28 bytes to ecology
[debug-onto] tick=550 corpus=173643 stage=2 freeze=0
[dna] earth wrote 62 bytes to ecology
[dna] earth wrote 45 bytes to ecology
[dna] earth wrote 151 bytes to ecology
[dna] earth wrote 66 bytes to ecology
[dna] earth wrote 28 bytes to ecology
[dna] earth wrote 90 bytes to ecology
[dna] earth wrote 43 bytes to ecology
[dna] earth wrote 38 bytes to ecology
[dna] earth wrote 28 bytes to ecology
[dna] earth wrote 35 bytes to ecology
[dna] earth wrote 78 bytes to ecology
[dna] earth wrote 49 bytes to ecology
[dna] earth wrote 90 bytes to ecology
[dna] earth wrote 42 bytes to ecology
[dna] earth wrote 139 bytes to ecology
[dna] earth wrote 13 bytes to ecology
[dna] earth wrote 79 bytes to ecology
[dna] earth wrote 62 bytes to ecology
[dna] earth wrote 134 bytes to ecology
[dna] earth wrote 197 bytes to ecology
[dna] earth wrote 157 bytes to ecology
[dna] earth wrote 68 bytes to ecology
[dna] earth wrote 71 bytes to ecology
[dna] earth wrote 56 bytes to ecology
[dna] earth wrote 40 bytes to ecology
[debug-onto] tick=600 corpus=173643 stage=2 freeze=0
[dna] earth wrote 43 bytes to ecology
[dna] earth wrote 63 bytes to ecology
[dna] earth wrote 60 bytes to ecology
[dna] earth wrote 15 bytes to ecology
[dna] earth wrote 60 bytes to ecology
[dna] earth wrote 45 bytes to ecology
[dna] earth wrote 83 bytes to ecology
[dna] earth wrote 29 bytes to ecology
[dna] earth wrote 37 bytes to ecology
[dna] earth wrote 149 bytes to ecology
[dna] earth wrote 52 bytes to ecology
[dna] earth wrote 31 bytes to ecology
[dna] earth wrote 149 bytes to ecology
[dna] earth wrote 108 bytes to ecology
[dna] earth wrote 29 bytes to ecology
[dna] earth wrote 78 bytes to ecology
[dna] earth wrote 225 bytes to ecology
[dna] earth wrote 108 bytes to ecology
[dna] earth wrote 136 bytes to ecology
[dna] earth wrote 41 bytes to ecology
[dna] earth wrote 86 bytes to ecology
[dna] earth wrote 52 bytes to ecology
[debug-onto] tick=650 corpus=173643 stage=2 freeze=0
[dna] earth wrote 69 bytes to ecology
[dna] earth wrote 32 bytes to ecology
[dna] earth wrote 68 bytes to ecology
[dna] earth wrote 101 bytes to ecology
[dna] earth wrote 96 bytes to ecology
[dna] earth wrote 104 bytes to ecology

[evolution] Organism shutting down gracefully.
