[ecology] Element: water → corpus: nonames_water.txt
[evolution] Autonomous evolution mode — organism will grow through all stages without pause.
[ecology] Joined swarm. 1 peer(s) detected.
molequla is alive. [evolution] Autonomous mode — background trainer running. Ctrl+C to stop.
[dna] water wrote 97 bytes to ecology
[dna] water consumed 32865 bytes from 432 files: [air/gen_1776321214_1.txt air/gen_1776321228_3.txt air/gen_1776321231_4.txt air/gen_1776321237_6.txt air/gen_1776321239_7.txt air/gen_1776321245_9.txt air/gen_1776321248_10.txt air/gen_1776321253_12.txt air/gen_1776321256_13.txt air/gen_1776321262_15.txt air/gen_1776321264_16.txt air/gen_1776321270_18.txt air/gen_1776321273_19.txt air/gen_1776321278_21.txt air/gen_1776321281_22.txt air/gen_1776321284_23.txt air/gen_1776321286_24.txt air/gen_1776321289_25.txt air/gen_1776321295_27.txt air/gen_1776321298_28.txt air/gen_1776321303_30.txt air/gen_1776321306_31.txt air/gen_1776321311_33.txt air/gen_1776321314_34.txt air/gen_1776321320_36.txt air/gen_1776321323_37.txt air/gen_1776321328_39.txt air/gen_1776321331_40.txt air/gen_1776321337_42.txt air/gen_1776321339_43.txt air/gen_1776321345_45.txt air/gen_1776321348_46.txt air/gen_1776321353_48.txt air/gen_1776321356_49.txt air/gen_1776321362_51.txt air/gen_1776321365_52.txt air/gen_1776321370_54.txt air/gen_1776321373_55.txt air/gen_1776321379_57.txt air/gen_1776321381_58.txt air/gen_1776321387_60.txt air/gen_1776321390_61.txt air/gen_1776321395_63.txt air/gen_1776321398_64.txt air/gen_1776321404_66.txt air/gen_1776321407_67.txt air/gen_1776321412_69.txt air/gen_1776321415_70.txt air/gen_1776321420_72.txt air/gen_1776321423_73.txt air/gen_1776321429_75.txt air/gen_1776321432_76.txt air/gen_1776321437_78.txt air/gen_1776321440_79.txt air/gen_1776321446_81.txt air/gen_1776321448_82.txt air/gen_1776321454_84.txt air/gen_1776321457_85.txt air/gen_1776321462_87.txt air/gen_1776321465_88.txt air/gen_1776321471_90.txt air/gen_1776321474_91.txt air/gen_1776321479_93.txt air/gen_1776321482_94.txt air/gen_1776321488_96.txt air/gen_1776321490_97.txt air/gen_1776321496_99.txt air/gen_1776321499_100.txt air/gen_1776321504_102.txt air/gen_1776321507_103.txt air/gen_1776321513_105.txt air/gen_1776321515_106.txt air/gen_1776321521_108.txt air/gen_1776321524_109.txt air/gen_1776321529_111.txt air/gen_1776321532_112.txt air/gen_1776321538_114.txt air/gen_1776321540_115.txt air/gen_1776321546_117.txt air/gen_1776321549_118.txt air/gen_1776321554_120.txt air/gen_1776321557_121.txt air/gen_1776321563_123.txt air/gen_1776321566_124.txt air/gen_1776321571_126.txt air/gen_1776321574_127.txt air/gen_1776321580_129.txt air/gen_1776321582_130.txt air/gen_1776321588_132.txt air/gen_1776321591_133.txt air/gen_1776321596_135.txt air/gen_1776321599_136.txt air/gen_1776321602_137.txt air/gen_1776321605_138.txt air/gen_1776321608_139.txt air/gen_1776321613_141.txt air/gen_1776321616_142.txt air/gen_1776321622_144.txt air/gen_1776321624_145.txt air/gen_1776321630_147.txt air/gen_1776321633_148.txt air/gen_1776321638_150.txt air/gen_1776321641_151.txt air/gen_1776321647_153.txt air/gen_1776321650_154.txt air/gen_1776321653_155.txt air/gen_1776321655_156.txt air/gen_1776321658_157.txt air/gen_1776321664_159.txt air/gen_1776321667_160.txt air/gen_1776321672_162.txt air/gen_1776321675_163.txt air/gen_1776321681_165.txt air/gen_1776321683_166.txt air/gen_1776321689_168.txt air/gen_1776321692_169.txt air/gen_1776321697_171.txt air/gen_1776321700_172.txt air/gen_1776321706_174.txt air/gen_1776321709_175.txt air/gen_1776321714_177.txt air/gen_1776321717_178.txt air/gen_1776321723_180.txt air/gen_1776321726_181.txt air/gen_1776321731_183.txt air/gen_1776321734_184.txt air/gen_1776321740_186.txt air/gen_1776321743_187.txt air/gen_1776321748_189.txt air/gen_1776321751_190.txt air/gen_1776321757_192.txt air/gen_1776321760_193.txt air/gen_1776321765_195.txt air/gen_1776321768_196.txt air/gen_1776321774_198.txt air/gen_1776321777_199.txt air/gen_1776321783_201.txt air/gen_1776321785_202.txt air/gen_1776321791_204.txt air/gen_1776321794_205.txt air/gen_1776321799_207.txt air/gen_1776321802_208.txt air/gen_1776321808_210.txt air/gen_1776321811_211.txt air/gen_1776321816_213.txt air/gen_1776321819_214.txt air/gen_1776321825_216.txt air/gen_1776321828_217.txt air/gen_1776321833_219.txt air/gen_1776321836_220.txt air/gen_1776321842_222.txt air/gen_1776321844_223.txt air/gen_1776321850_225.txt air/gen_1776321853_226.txt air/gen_1776321859_228.txt air/gen_1776321862_229.txt air/gen_1776321867_231.txt air/gen_1776321870_232.txt air/gen_1776321875_234.txt air/gen_1776321878_235.txt air/gen_1776321884_237.txt air/gen_1776321887_238.txt air/gen_1776321892_240.txt air/gen_1776321895_241.txt air/gen_1776321901_243.txt air/gen_1776321903_244.txt air/gen_1776321909_246.txt air/gen_1776321912_247.txt air/gen_1776321918_249.txt air/gen_1776321920_250.txt air/gen_1776321926_252.txt air/gen_1776321928_253.txt air/gen_1776321934_255.txt air/gen_1776321937_256.txt air/gen_1776321943_258.txt air/gen_1776321945_259.txt air/gen_1776321951_261.txt air/gen_1776321954_262.txt air/gen_1776321959_264.txt air/gen_1776321962_265.txt air/gen_1776321968_267.txt air/gen_1776321970_268.txt air/gen_1776321976_270.txt air/gen_1776321979_271.txt air/gen_1776321984_273.txt air/gen_1776321987_274.txt air/gen_1776321993_276.txt air/gen_1776321995_277.txt air/gen_1776322001_279.txt air/gen_1776322004_280.txt air/gen_1776322009_282.txt air/gen_1776322012_283.txt air/gen_1776322018_285.txt air/gen_1776322020_286.txt air/gen_1776322026_288.txt air/gen_1776322029_289.txt air/gen_1776322034_291.txt air/gen_1776322037_292.txt air/gen_1776322042_294.txt air/gen_1776322045_295.txt air/gen_1776322051_297.txt air/gen_1776322053_298.txt air/gen_1776322059_300.txt air/gen_1776322062_301.txt air/gen_1776322067_303.txt air/gen_1776322070_304.txt air/gen_1776322073_305.txt air/gen_1776322076_306.txt air/gen_1776322078_307.txt air/gen_1776322084_309.txt air/gen_1776322086_310.txt air/gen_1776322092_312.txt air/gen_1776322095_313.txt air/gen_1776322100_315.txt air/gen_1776322103_316.txt air/gen_1776322109_318.txt air/gen_1776322111_319.txt air/gen_1776322117_321.txt air/gen_1776322120_322.txt air/gen_1776322125_324.txt air/gen_1776322128_325.txt air/gen_1776322134_327.txt air/gen_1776322136_328.txt air/gen_1776322142_330.txt air/gen_1776322145_331.txt air/gen_1776322150_333.txt air/gen_1776322153_334.txt air/gen_1776322159_336.txt air/gen_1776322162_337.txt air/gen_1776322167_339.txt air/gen_1776322170_340.txt air/gen_1776322173_341.txt air/gen_1776322176_342.txt air/gen_1776322179_343.txt air/gen_1776322184_345.txt air/gen_1776322187_346.txt air/gen_1776322193_348.txt air/gen_1776322195_349.txt air/gen_1776322201_351.txt air/gen_1776322204_352.txt air/gen_1776322209_354.txt air/gen_1776322212_355.txt air/gen_1776322217_357.txt air/gen_1776322220_358.txt air/gen_1776322226_360.txt air/gen_1776322228_361.txt air/gen_1776322234_363.txt air/gen_1776322237_364.txt air/gen_1776322242_366.txt air/gen_1776322245_367.txt air/gen_1776322251_369.txt air/gen_1776322253_370.txt air/gen_1776322259_372.txt air/gen_1776322262_373.txt air/gen_1776322267_375.txt air/gen_1776322270_376.txt air/gen_1776322276_378.txt air/gen_1776322279_379.txt air/gen_1776322284_381.txt air/gen_1776322287_382.txt air/gen_1776322293_384.txt air/gen_1776322296_385.txt air/gen_1776322301_387.txt air/gen_1776322304_388.txt air/gen_1776322310_390.txt air/gen_1776322313_391.txt air/gen_1776322318_393.txt air/gen_1776322321_394.txt air/gen_1776322327_396.txt air/gen_1776322329_397.txt air/gen_1776322335_399.txt air/gen_1776322338_400.txt air/gen_1776322344_402.txt air/gen_1776322346_403.txt air/gen_1776322352_405.txt air/gen_1776322355_406.txt air/gen_1776322361_408.txt air/gen_1776322363_409.txt air/gen_1776322369_411.txt air/gen_1776322372_412.txt air/gen_1776322377_414.txt air/gen_1776322380_415.txt air/gen_1776322386_417.txt air/gen_1776322389_418.txt air/gen_1776322394_420.txt air/gen_1776322397_421.txt air/gen_1776322403_423.txt air/gen_1776322406_424.txt air/gen_1776322411_426.txt air/gen_1776322414_427.txt air/gen_1776322420_429.txt air/gen_1776322423_430.txt air/gen_1776322429_432.txt air/gen_1776322431_433.txt air/gen_1776322437_435.txt air/gen_1776322440_436.txt air/gen_1776322445_438.txt air/gen_1776322448_439.txt air/gen_1776322454_441.txt air/gen_1776322457_442.txt air/gen_1776322462_444.txt air/gen_1776322465_445.txt air/gen_1776322471_447.txt air/gen_1776322474_448.txt air/gen_1776322479_450.txt air/gen_1776322482_451.txt air/gen_1776322488_453.txt air/gen_1776322491_454.txt air/gen_1776322494_455.txt air/gen_1776322497_456.txt air/gen_1776322499_457.txt air/gen_1776322505_459.txt air/gen_1776322508_460.txt air/gen_1776322514_462.txt air/gen_1776322516_463.txt air/gen_1776322522_465.txt air/gen_1776322525_466.txt air/gen_1776322531_468.txt air/gen_1776322533_469.txt air/gen_1776322539_471.txt air/gen_1776322542_472.txt air/gen_1776322548_474.txt air/gen_1776322550_475.txt air/gen_1776322556_477.txt air/gen_1776322559_478.txt air/gen_1776322564_480.txt air/gen_1776322567_481.txt air/gen_1776322573_483.txt air/gen_1776322576_484.txt air/gen_1776322581_486.txt air/gen_1776322584_487.txt air/gen_1776322590_489.txt air/gen_1776322593_490.txt air/gen_1776322598_492.txt air/gen_1776322601_493.txt air/gen_1776322607_495.txt air/gen_1776322610_496.txt air/gen_1776322615_498.txt air/gen_1776322618_499.txt air/gen_1776322624_501.txt air/gen_1776322627_502.txt air/gen_1776322632_504.txt air/gen_1776322635_505.txt air/gen_1776322641_507.txt air/gen_1776322644_508.txt air/gen_1776322649_510.txt air/gen_1776322652_511.txt air/gen_1776322658_513.txt air/gen_1776322660_514.txt air/gen_1776322666_516.txt air/gen_1776322669_517.txt air/gen_1776322674_519.txt air/gen_1776322677_520.txt air/gen_1776322682_522.txt air/gen_1776322685_523.txt air/gen_1776322691_525.txt air/gen_1776322694_526.txt air/gen_1776322699_528.txt air/gen_1776322702_529.txt air/gen_1776322708_531.txt air/gen_1776322711_532.txt air/gen_1776322716_534.txt air/gen_1776322719_535.txt air/gen_1776322725_537.txt air/gen_1776322727_538.txt air/gen_1776322733_540.txt air/gen_1776322736_541.txt air/gen_1776322742_543.txt air/gen_1776322744_544.txt air/gen_1776322750_546.txt air/gen_1776322753_547.txt air/gen_1776322758_549.txt air/gen_1776322761_550.txt air/gen_1776322767_552.txt air/gen_1776322770_553.txt air/gen_1776322775_555.txt air/gen_1776322778_556.txt air/gen_1776322784_558.txt air/gen_1776322786_559.txt air/gen_1776322792_561.txt air/gen_1776322795_562.txt air/gen_1776322801_564.txt air/gen_1776322803_565.txt air/gen_1776322809_567.txt air/gen_1776322812_568.txt air/gen_1776322817_570.txt air/gen_1776322820_571.txt air/gen_1776322826_573.txt air/gen_1776322828_574.txt air/gen_1776322834_576.txt air/gen_1776322837_577.txt air/gen_1776322843_579.txt air/gen_1776322845_580.txt air/gen_1776322851_582.txt air/gen_1776322854_583.txt air/gen_1776322859_585.txt air/gen_1776322862_586.txt air/gen_1776322868_588.txt air/gen_1776322871_589.txt air/gen_1776322876_591.txt air/gen_1776322879_592.txt air/gen_1776322884_594.txt air/gen_1776322887_595.txt air/gen_1776322893_597.txt air/gen_1776322895_598.txt air/gen_1776322901_600.txt air/gen_1776322904_601.txt air/gen_1776322909_603.txt air/gen_1776322912_604.txt air/gen_1776322917_606.txt air/gen_1776322920_607.txt air/gen_1776322926_609.txt air/gen_1776322928_610.txt air/gen_1776322934_612.txt air/gen_1776322936_613.txt air/gen_1776322942_615.txt air/gen_1776322944_616.txt air/gen_1776322950_618.txt air/gen_1776322953_619.txt air/gen_1776322958_621.txt air/gen_1776322961_622.txt air/gen_1776322966_624.txt air/gen_1776322969_625.txt air/gen_1776322974_627.txt air/gen_1776322977_628.txt air/gen_1776322982_630.txt air/gen_1776322985_631.txt air/gen_1776322990_633.txt air/gen_1776322993_634.txt air/gen_1776322998_636.txt air/gen_1776323001_637.txt air/gen_1776323007_639.txt]
[trainer] micro-train burst (32865 bytes, novelty 0.02) — and lo, it feeds again.
[syntropy] action=explore | trend=0.0000 | field_dev=-0.009 | purpose_align=-0.130 | lr_mul=1.30
[aml] burst complete: 32 steps, avg loss 1.6097 (memory freed)
[dna] water wrote 22 bytes to ecology
[dna] water wrote 45 bytes to ecology
[dna] water wrote 108 bytes to ecology
[dna] water wrote 95 bytes to ecology
[dna] water wrote 113 bytes to ecology
[dna] water wrote 100 bytes to ecology
[dna] water wrote 222 bytes to ecology
[dna] water wrote 91 bytes to ecology
[dna] water wrote 25 bytes to ecology
[dna] water wrote 57 bytes to ecology
[dna] water wrote 58 bytes to ecology
[dna] water wrote 27 bytes to ecology
[dna] water wrote 73 bytes to ecology
[dna] water wrote 42 bytes to ecology
[dna] water wrote 111 bytes to ecology
[dna] water wrote 60 bytes to ecology
[dna] water wrote 47 bytes to ecology
[dna] water wrote 61 bytes to ecology
[dna] water wrote 57 bytes to ecology
[dna] water wrote 73 bytes to ecology
[dna] water wrote 75 bytes to ecology
[dna] water wrote 83 bytes to ecology
[dna] water wrote 109 bytes to ecology
[dna] water wrote 53 bytes to ecology
[debug-onto] tick=50 corpus=158994 stage=2 freeze=0
[dna] water wrote 53 bytes to ecology
[dna] water wrote 122 bytes to ecology
[dna] water wrote 116 bytes to ecology
[dna] water wrote 60 bytes to ecology
[dna] water wrote 210 bytes to ecology
[dna] water wrote 135 bytes to ecology
[dna] water wrote 106 bytes to ecology
[dna] water wrote 99 bytes to ecology
[dna] water wrote 37 bytes to ecology
[dna] water wrote 75 bytes to ecology
[dna] water wrote 89 bytes to ecology
[dna] water wrote 74 bytes to ecology
[dna] water wrote 212 bytes to ecology
[dna] water wrote 89 bytes to ecology
[dna] water wrote 54 bytes to ecology
[dna] water wrote 37 bytes to ecology
[dna] water wrote 34 bytes to ecology
[dna] water wrote 49 bytes to ecology
[dna] water wrote 31 bytes to ecology
[dna] water wrote 83 bytes to ecology
[dna] water wrote 145 bytes to ecology
[dna] water wrote 62 bytes to ecology
[dna] water wrote 48 bytes to ecology
[dna] water wrote 84 bytes to ecology
[debug-onto] tick=100 corpus=158994 stage=2 freeze=0
[dna] water wrote 32 bytes to ecology
[dna] water wrote 91 bytes to ecology
[dna] water wrote 160 bytes to ecology
[dna] water wrote 42 bytes to ecology
[dna] water wrote 134 bytes to ecology
[dna] water wrote 48 bytes to ecology
[dna] water wrote 20 bytes to ecology
[dna] water wrote 52 bytes to ecology
[dna] water wrote 80 bytes to ecology
[dna] water wrote 52 bytes to ecology
[dna] water wrote 23 bytes to ecology
[dna] water wrote 30 bytes to ecology
[dna] water wrote 131 bytes to ecology
[dna] water wrote 27 bytes to ecology
[dna] water wrote 165 bytes to ecology
[dna] water wrote 44 bytes to ecology
[dna] water wrote 46 bytes to ecology
[dna] water wrote 42 bytes to ecology
[dna] water wrote 203 bytes to ecology
[dna] water wrote 110 bytes to ecology
[dna] water wrote 65 bytes to ecology
[dna] water wrote 38 bytes to ecology
[dna] water wrote 69 bytes to ecology
[dna] water wrote 135 bytes to ecology
[dna] water wrote 51 bytes to ecology
[debug-onto] tick=150 corpus=158994 stage=2 freeze=0
[dna] water wrote 10 bytes to ecology
[dna] water wrote 238 bytes to ecology
[dna] water wrote 33 bytes to ecology
[dna] water wrote 43 bytes to ecology
[dna] water wrote 94 bytes to ecology
[dna] water wrote 53 bytes to ecology
[dna] water wrote 29 bytes to ecology
[dna] water wrote 274 bytes to ecology
[dna] water wrote 56 bytes to ecology
[dna] water wrote 48 bytes to ecology
[dna] water wrote 59 bytes to ecology
[dna] water wrote 38 bytes to ecology
[dna] water wrote 36 bytes to ecology
[dna] water wrote 41 bytes to ecology
[dna] water wrote 19 bytes to ecology
[dna] water wrote 26 bytes to ecology
[dna] water wrote 41 bytes to ecology
[dna] water wrote 38 bytes to ecology
[dna] water wrote 88 bytes to ecology
[dna] water wrote 44 bytes to ecology
[dna] water wrote 93 bytes to ecology
[dna] water wrote 59 bytes to ecology
[dna] water wrote 57 bytes to ecology
[dna] water wrote 200 bytes to ecology
[debug-onto] tick=200 corpus=158994 stage=2 freeze=0
[dna] water wrote 60 bytes to ecology
[dna] water wrote 90 bytes to ecology
[dna] water wrote 50 bytes to ecology
[dna] water wrote 35 bytes to ecology
[dna] water wrote 15 bytes to ecology
[dna] water wrote 133 bytes to ecology
[dna] water wrote 59 bytes to ecology
[dna] water wrote 50 bytes to ecology
[dna] water wrote 58 bytes to ecology
[dna] water wrote 102 bytes to ecology
[dna] water wrote 69 bytes to ecology
[dna] water wrote 65 bytes to ecology
[dna] water wrote 64 bytes to ecology
[dna] water wrote 46 bytes to ecology
[dna] water wrote 37 bytes to ecology
[dna] water wrote 111 bytes to ecology
[dna] water wrote 132 bytes to ecology
[dna] water wrote 18 bytes to ecology
[dna] water wrote 201 bytes to ecology
[dna] water wrote 209 bytes to ecology
[dna] water wrote 61 bytes to ecology
[dna] water wrote 126 bytes to ecology
[dna] water wrote 128 bytes to ecology
[dna] water wrote 57 bytes to ecology
[debug-onto] tick=250 corpus=158994 stage=2 freeze=0
[dna] water wrote 101 bytes to ecology
[dna] water wrote 66 bytes to ecology
[dna] water wrote 111 bytes to ecology
[dna] water wrote 34 bytes to ecology
[dna] water wrote 51 bytes to ecology
[dna] water wrote 23 bytes to ecology
[dna] water wrote 26 bytes to ecology
[dna] water wrote 85 bytes to ecology
[dna] water wrote 155 bytes to ecology
[dna] water wrote 37 bytes to ecology
[dna] water wrote 47 bytes to ecology
[dna] water wrote 74 bytes to ecology
[dna] water wrote 145 bytes to ecology
[dna] water wrote 67 bytes to ecology
[dna] water wrote 36 bytes to ecology
[dna] water wrote 69 bytes to ecology
[dna] water wrote 65 bytes to ecology
[dna] water wrote 137 bytes to ecology
[dna] water wrote 89 bytes to ecology
[dna] water wrote 66 bytes to ecology
[dna] water wrote 37 bytes to ecology
[dna] water wrote 37 bytes to ecology
[dna] water wrote 135 bytes to ecology
[dna] water wrote 60 bytes to ecology
[dna] water wrote 80 bytes to ecology
[debug-onto] tick=300 corpus=158994 stage=2 freeze=0
[dna] water wrote 137 bytes to ecology
[dna] water wrote 51 bytes to ecology
[dna] water wrote 161 bytes to ecology
[dna] water wrote 69 bytes to ecology
[dna] water wrote 156 bytes to ecology
[dna] water wrote 193 bytes to ecology
[dna] water wrote 33 bytes to ecology
[dna] water wrote 105 bytes to ecology
[dna] water wrote 68 bytes to ecology
[dna] water wrote 18 bytes to ecology
[dna] water wrote 212 bytes to ecology
[dna] water wrote 37 bytes to ecology
[dna] water wrote 38 bytes to ecology
[dna] water wrote 100 bytes to ecology
[dna] water wrote 80 bytes to ecology
[dna] water wrote 51 bytes to ecology
[dna] water wrote 48 bytes to ecology
[dna] water wrote 47 bytes to ecology
[dna] water wrote 72 bytes to ecology
[dna] water wrote 72 bytes to ecology
[dna] water wrote 210 bytes to ecology
[dna] water wrote 89 bytes to ecology
[dna] water wrote 109 bytes to ecology
[dna] water wrote 65 bytes to ecology
[debug-onto] tick=350 corpus=158994 stage=2 freeze=0
[dna] water wrote 39 bytes to ecology
[dna] water wrote 72 bytes to ecology
[dna] water wrote 28 bytes to ecology
[dna] water wrote 47 bytes to ecology
[dna] water wrote 19 bytes to ecology
[dna] water wrote 88 bytes to ecology
[dna] water wrote 92 bytes to ecology
[dna] water wrote 47 bytes to ecology
[dna] water wrote 62 bytes to ecology
[dna] water wrote 32 bytes to ecology
[dna] water wrote 62 bytes to ecology
[dna] water wrote 52 bytes to ecology
[dna] water wrote 100 bytes to ecology
[dna] water wrote 12 bytes to ecology
[dna] water wrote 42 bytes to ecology
[dna] water wrote 33 bytes to ecology
[dna] water wrote 37 bytes to ecology
[dna] water wrote 56 bytes to ecology
[dna] water wrote 67 bytes to ecology
[dna] water wrote 128 bytes to ecology
[dna] water wrote 237 bytes to ecology
[dna] water wrote 74 bytes to ecology
[dna] water wrote 52 bytes to ecology
[dna] water wrote 28 bytes to ecology
[dna] water wrote 73 bytes to ecology
[debug-onto] tick=400 corpus=158994 stage=2 freeze=0
[dna] water wrote 62 bytes to ecology
[dna] water wrote 29 bytes to ecology
[dna] water wrote 43 bytes to ecology
[dna] water wrote 74 bytes to ecology
[dna] water wrote 58 bytes to ecology
[dna] water wrote 57 bytes to ecology
[dna] water wrote 55 bytes to ecology
[dna] water wrote 92 bytes to ecology
[dna] water wrote 21 bytes to ecology
[dna] water wrote 54 bytes to ecology
[dna] water wrote 98 bytes to ecology
[dna] water wrote 53 bytes to ecology
[dna] water wrote 117 bytes to ecology
[dna] water wrote 62 bytes to ecology
[dna] water wrote 65 bytes to ecology
[dna] water wrote 131 bytes to ecology
[dna] water wrote 93 bytes to ecology
[dna] water wrote 118 bytes to ecology
[dna] water wrote 110 bytes to ecology
[dna] water wrote 120 bytes to ecology
[dna] water wrote 29 bytes to ecology
[dna] water wrote 36 bytes to ecology
[dna] water wrote 101 bytes to ecology
[dna] water wrote 26 bytes to ecology
[dna] water wrote 139 bytes to ecology
[debug-onto] tick=450 corpus=158994 stage=2 freeze=0
[dna] water wrote 113 bytes to ecology
[dna] water wrote 50 bytes to ecology
[dna] water wrote 72 bytes to ecology
[dna] water wrote 66 bytes to ecology
[dna] water wrote 99 bytes to ecology
[dna] water wrote 130 bytes to ecology
[dna] water wrote 96 bytes to ecology
[dna] water wrote 38 bytes to ecology
[dna] water wrote 201 bytes to ecology
[dna] water wrote 68 bytes to ecology
[dna] water wrote 55 bytes to ecology
[dna] water wrote 44 bytes to ecology
[dna] water wrote 96 bytes to ecology
[dna] water wrote 56 bytes to ecology
[dna] water wrote 34 bytes to ecology
[dna] water wrote 27 bytes to ecology
[dna] water wrote 55 bytes to ecology
[dna] water wrote 146 bytes to ecology
[dna] water wrote 30 bytes to ecology
[dna] water wrote 79 bytes to ecology
[dna] water wrote 107 bytes to ecology
[dna] water wrote 190 bytes to ecology
[dna] water wrote 146 bytes to ecology
[dna] water wrote 20 bytes to ecology
[debug-onto] tick=500 corpus=158994 stage=2 freeze=0
[dna] water wrote 90 bytes to ecology
[dna] water wrote 117 bytes to ecology
[dna] water wrote 22 bytes to ecology
[dna] water wrote 118 bytes to ecology
[dna] water wrote 64 bytes to ecology
[dna] water wrote 43 bytes to ecology
[dna] water wrote 72 bytes to ecology
[dna] water wrote 23 bytes to ecology
[dna] water wrote 116 bytes to ecology
[dna] water wrote 15 bytes to ecology
[dna] water wrote 97 bytes to ecology
[dna] water wrote 61 bytes to ecology
[dna] water wrote 117 bytes to ecology
[dna] water wrote 114 bytes to ecology
[dna] water wrote 51 bytes to ecology
[dna] water wrote 54 bytes to ecology
[dna] water wrote 102 bytes to ecology
[dna] water wrote 28 bytes to ecology
[dna] water wrote 50 bytes to ecology
[dna] water wrote 30 bytes to ecology
[dna] water wrote 87 bytes to ecology
[dna] water wrote 211 bytes to ecology
[dna] water wrote 46 bytes to ecology
[dna] water wrote 44 bytes to ecology
[debug-onto] tick=550 corpus=158994 stage=2 freeze=0
[dna] water wrote 32 bytes to ecology
[dna] water wrote 23 bytes to ecology
[dna] water wrote 313 bytes to ecology
[dna] water wrote 57 bytes to ecology
[dna] water wrote 39 bytes to ecology
[dna] water wrote 50 bytes to ecology
[dna] water wrote 67 bytes to ecology
[dna] water wrote 31 bytes to ecology
[dna] water wrote 129 bytes to ecology
[dna] water wrote 119 bytes to ecology
[dna] water wrote 34 bytes to ecology
[dna] water wrote 79 bytes to ecology
[dna] water wrote 238 bytes to ecology
[dna] water wrote 130 bytes to ecology
[dna] water wrote 65 bytes to ecology
[dna] water wrote 27 bytes to ecology
[dna] water wrote 41 bytes to ecology

[evolution] Organism shutting down gracefully.
