[ecology] Element: earth → corpus: nonames_earth.txt
[evolution] Autonomous evolution mode — organism will grow through all stages without pause.
[init] Stage 0 (embryo): embd=16, layer=1, head=1 — warmup 400 steps (400 backprop + 0 notorch, sqrt-scaled 1x)
  [aml] step 0/160 | loss 6.5714 (avg 6.5714) | lr 0.001000 | seq 8
  [aml] step 10/160 | loss 6.1537 (avg 6.4006) | lr 0.001450 | seq 8
  [aml] step 20/160 | loss 6.2967 (avg 6.2710) | lr 0.001900 | seq 8
  [aml] step 30/160 | loss 5.7241 (avg 6.1873) | lr 0.002350 | seq 8
  [aml] step 40/160 | loss 5.4616 (avg 6.0863) | lr 0.002800 | seq 8
  [aml] step 50/160 | loss 4.7071 (avg 5.9348) | lr 0.003250 | seq 8
  [aml] step 60/160 | loss 4.9044 (avg 5.7673) | lr 0.003700 | seq 8
  [aml] step 70/160 | loss 5.2545 (avg 5.6539) | lr 0.004150 | seq 8
  [aml] step 80/160 | loss 3.0007 (avg 5.5328) | lr 0.004600 | seq 8
  [aml] step 90/160 | loss 4.2583 (avg 5.3897) | lr 0.005050 | seq 8
  [aml] step 100/160 | loss 4.6566 (avg 5.2960) | lr 0.005500 | seq 8
  [aml] step 110/160 | loss 4.9623 (avg 5.1596) | lr 0.005950 | seq 8
  [aml] step 120/160 | loss 4.1113 (avg 5.0869) | lr 0.006400 | seq 8
  [aml] step 130/160 | loss 6.2343 (avg 5.0462) | lr 0.006850 | seq 8
  [aml] step 140/160 | loss 2.9942 (avg 4.9990) | lr 0.007300 | seq 8
  [aml] step 150/160 | loss 2.8829 (avg 4.9522) | lr 0.007750 | seq 8
[aml] training complete: 160 steps, avg loss 4.9103 (memory freed)
  [aml] step 0/120 | loss 4.8842 (avg 4.8842) | lr 0.008200 | seq 16
  [aml] step 10/120 | loss 4.2737 (avg 4.5313) | lr 0.008650 | seq 16
  [aml] step 20/120 | loss 3.4728 (avg 4.4694) | lr 0.009100 | seq 16
  [aml] step 30/120 | loss 3.3875 (avg 4.2251) | lr 0.009550 | seq 16
  [aml] step 40/120 | loss 3.0864 (avg 4.2755) | lr 0.010000 | seq 16
  [aml] step 50/120 | loss 2.9604 (avg 4.2824) | lr 0.010000 | seq 16
  [aml] step 60/120 | loss 4.5988 (avg 4.3020) | lr 0.010000 | seq 16
  [aml] step 70/120 | loss 4.7929 (avg 4.2401) | lr 0.010000 | seq 16
  [aml] step 80/120 | loss 5.1729 (avg 4.1991) | lr 0.009999 | seq 16
  [aml] step 90/120 | loss 4.9482 (avg 4.1083) | lr 0.009999 | seq 16
  [aml] step 100/120 | loss 4.1112 (avg 4.0509) | lr 0.009999 | seq 16
  [aml] step 110/120 | loss 4.9570 (avg 3.9663) | lr 0.009999 | seq 16
[aml] training complete: 120 steps, avg loss 3.9798 (memory freed)
  [aml] step 0/120 | loss 2.9622 (avg 2.9622) | lr 0.009999 | seq 32
  [aml] step 10/120 | loss 4.9316 (avg 4.0544) | lr 0.009999 | seq 32
  [aml] step 20/120 | loss 4.5978 (avg 3.9112) | lr 0.009999 | seq 32
  [aml] step 30/120 | loss 3.9233 (avg 3.6134) | lr 0.009999 | seq 32
  [aml] step 40/120 | loss 3.9880 (avg 3.5379) | lr 0.009999 | seq 32
  [aml] step 50/120 | loss 3.9817 (avg 3.4821) | lr 0.009999 | seq 32
  [aml] step 60/120 | loss 2.6779 (avg 3.4046) | lr 0.009999 | seq 32
  [aml] step 70/120 | loss 1.3506 (avg 3.3691) | lr 0.009999 | seq 32
  [aml] step 80/120 | loss 4.6277 (avg 3.3598) | lr 0.009999 | seq 32
  [aml] step 90/120 | loss 1.5245 (avg 3.3034) | lr 0.009999 | seq 32
  [aml] step 100/120 | loss 0.7905 (avg 3.3061) | lr 0.009999 | seq 32
  [aml] step 110/120 | loss 0.9152 (avg 3.1815) | lr 0.009999 | seq 32
[aml] training complete: 120 steps, avg loss 3.0879 (memory freed)

[stage 0 — embryo] What it sounds like now:
  Q: Hello.
  A: A boulderHH::::::: is a glacier mean all exHH::::::::
  Q: Who are you?
  A: cone is the lesson of the base fossil continuously.
  Q: What do you know?
  A: ...

[growth] ONTOGENESIS: stage 0 -> 1
  embd: 16 -> 32, layer: 1 -> 1, head: 1 -> 2
[growth] Done. Freeze for 500 steps.
[init] Stage 1 (infant): embd=32, layer=1, head=2 — warmup 800 steps (800 backprop + 0 notorch, sqrt-scaled 2x)
  [aml] step 0/320 | loss 9.7357 (avg 9.7357) | lr 0.000500 | seq 8
  [aml] step 10/320 | loss 2.9258 (avg 3.8712) | lr 0.000725 | seq 8
  [aml] step 20/320 | loss 5.7364 (avg 3.8971) | lr 0.000950 | seq 8
  [aml] step 30/320 | loss 4.1624 (avg 3.6980) | lr 0.001175 | seq 8
  [aml] step 40/320 | loss 1.3802 (avg 3.7445) | lr 0.001400 | seq 8
  [aml] step 50/320 | loss 2.3343 (avg 3.6905) | lr 0.001625 | seq 8
  [aml] step 60/320 | loss 4.2026 (avg 3.7335) | lr 0.001850 | seq 8
  [aml] step 70/320 | loss 3.8061 (avg 3.6683) | lr 0.002075 | seq 8
  [aml] step 80/320 | loss 2.6704 (avg 3.6789) | lr 0.002300 | seq 8
  [aml] step 90/320 | loss 4.4686 (avg 3.7729) | lr 0.002525 | seq 8
  [aml] step 100/320 | loss 3.3786 (avg 3.7948) | lr 0.002750 | seq 8
  [aml] step 110/320 | loss 5.1038 (avg 3.8631) | lr 0.002975 | seq 8
  [aml] step 120/320 | loss 0.7545 (avg 3.8268) | lr 0.003200 | seq 8
  [aml] step 130/320 | loss 5.7966 (avg 3.8524) | lr 0.003425 | seq 8
  [aml] step 140/320 | loss 4.4619 (avg 3.8348) | lr 0.003650 | seq 8
  [aml] step 150/320 | loss 3.8217 (avg 3.7724) | lr 0.003875 | seq 8
  [aml] step 160/320 | loss 4.4995 (avg 3.7548) | lr 0.004100 | seq 8
  [aml] step 170/320 | loss 4.7472 (avg 3.7404) | lr 0.004325 | seq 8
  [aml] step 180/320 | loss 0.6740 (avg 3.7160) | lr 0.004550 | seq 8
  [aml] step 190/320 | loss 4.7746 (avg 3.7108) | lr 0.004775 | seq 8
  [aml] step 200/320 | loss 4.5307 (avg 3.6866) | lr 0.004998 | seq 8
  [aml] step 210/320 | loss 5.0338 (avg 3.6953) | lr 0.004998 | seq 8
  [aml] step 220/320 | loss 0.8987 (avg 3.6468) | lr 0.004998 | seq 8
  [aml] step 230/320 | loss 0.3399 (avg 3.6437) | lr 0.004998 | seq 8
  [aml] step 240/320 | loss 3.8097 (avg 3.6631) | lr 0.004998 | seq 8
  [aml] step 250/320 | loss 5.0880 (avg 3.6605) | lr 0.004998 | seq 8
  [aml] step 260/320 | loss 3.5811 (avg 3.6781) | lr 0.004998 | seq 8
  [aml] step 270/320 | loss 5.6529 (avg 3.6730) | lr 0.004998 | seq 8
  [aml] step 280/320 | loss 4.4625 (avg 3.6777) | lr 0.004998 | seq 8
  [aml] step 290/320 | loss 4.8784 (avg 3.6882) | lr 0.004998 | seq 8
  [aml] step 300/320 | loss 3.9295 (avg 3.6590) | lr 0.004998 | seq 8
  [aml] step 310/320 | loss 2.9482 (avg 3.6553) | lr 0.004998 | seq 8
[aml] training complete: 320 steps, avg loss 3.6658 (memory freed)
  [aml] step 0/240 | loss 4.8673 (avg 4.8673) | lr 0.004998 | seq 16
  [aml] step 10/240 | loss 5.0014 (avg 4.1513) | lr 0.004998 | seq 16
  [aml] step 20/240 | loss 1.9391 (avg 3.8163) | lr 0.004998 | seq 16
  [aml] step 30/240 | loss 2.7324 (avg 3.7262) | lr 0.004998 | seq 16
  [aml] step 40/240 | loss 3.4567 (avg 3.6183) | lr 0.004997 | seq 16
  [aml] step 50/240 | loss 2.0155 (avg 3.4896) | lr 0.004997 | seq 16
  [aml] step 60/240 | loss 1.3692 (avg 3.4108) | lr 0.004997 | seq 16
  [aml] step 70/240 | loss 2.6942 (avg 3.4364) | lr 0.004997 | seq 16
  [aml] step 80/240 | loss 3.2274 (avg 3.3966) | lr 0.004997 | seq 16
  [aml] step 90/240 | loss 4.9038 (avg 3.3493) | lr 0.004997 | seq 16
  [aml] step 100/240 | loss 4.7187 (avg 3.2869) | lr 0.004997 | seq 16
  [aml] step 110/240 | loss 1.7926 (avg 3.2821) | lr 0.004997 | seq 16
  [aml] step 120/240 | loss 1.8176 (avg 3.2249) | lr 0.004997 | seq 16
  [aml] step 130/240 | loss 3.3862 (avg 3.2800) | lr 0.004997 | seq 16
  [aml] step 140/240 | loss 2.1578 (avg 3.2275) | lr 0.004997 | seq 16
  [aml] step 150/240 | loss 1.3884 (avg 3.2207) | lr 0.004997 | seq 16
  [aml] step 160/240 | loss 1.0326 (avg 3.2071) | lr 0.004997 | seq 16
  [aml] step 170/240 | loss 1.7855 (avg 3.2188) | lr 0.004996 | seq 16
  [aml] step 180/240 | loss 4.1106 (avg 3.2396) | lr 0.004996 | seq 16
  [aml] step 190/240 | loss 4.5536 (avg 3.2750) | lr 0.004996 | seq 16
  [aml] step 200/240 | loss 1.5323 (avg 3.2612) | lr 0.004996 | seq 16
  [aml] step 210/240 | loss 3.8546 (avg 3.2795) | lr 0.004996 | seq 16
  [aml] step 220/240 | loss 2.3003 (avg 3.2859) | lr 0.004996 | seq 16
  [aml] step 230/240 | loss 1.4619 (avg 3.2736) | lr 0.004996 | seq 16
[aml] training complete: 240 steps, avg loss 3.2577 (memory freed)
  [aml] step 0/240 | loss 1.0636 (avg 1.0636) | lr 0.004996 | seq 32
  [aml] step 10/240 | loss 4.2205 (avg 3.4392) | lr 0.004996 | seq 32
  [aml] step 20/240 | loss 0.4186 (avg 3.3298) | lr 0.004996 | seq 32
  [aml] step 30/240 | loss 2.8544 (avg 3.3401) | lr 0.004996 | seq 32
  [aml] step 40/240 | loss 1.0156 (avg 3.1907) | lr 0.004996 | seq 32
  [aml] step 50/240 | loss 3.7284 (avg 3.1094) | lr 0.004995 | seq 32
  [aml] step 60/240 | loss 0.9409 (avg 3.1392) | lr 0.004995 | seq 32
  [aml] step 70/240 | loss 4.1674 (avg 3.1024) | lr 0.004995 | seq 32
  [aml] step 80/240 | loss 3.9635 (avg 3.1433) | lr 0.004995 | seq 32
  [aml] step 90/240 | loss 1.4744 (avg 3.0947) | lr 0.004995 | seq 32
  [aml] step 100/240 | loss 4.3508 (avg 3.0888) | lr 0.004995 | seq 32
  [aml] step 110/240 | loss 0.7423 (avg 3.0312) | lr 0.004995 | seq 32
  [aml] step 120/240 | loss 3.8582 (avg 2.9971) | lr 0.004995 | seq 32
  [aml] step 130/240 | loss 1.1889 (avg 2.9490) | lr 0.004995 | seq 32
  [aml] step 140/240 | loss 2.4213 (avg 2.9583) | lr 0.004995 | seq 32
  [aml] step 150/240 | loss 1.2662 (avg 2.9235) | lr 0.004995 | seq 32
  [aml] step 160/240 | loss 0.9146 (avg 2.9056) | lr 0.004994 | seq 32
  [aml] step 170/240 | loss 1.3529 (avg 2.9029) | lr 0.004994 | seq 32
  [aml] step 180/240 | loss 0.9647 (avg 2.8685) | lr 0.004994 | seq 32
  [aml] step 190/240 | loss 0.9581 (avg 2.8353) | lr 0.004994 | seq 32
  [aml] step 200/240 | loss 4.3271 (avg 2.8428) | lr 0.004994 | seq 32
  [aml] step 210/240 | loss 0.9026 (avg 2.8304) | lr 0.004994 | seq 32
  [aml] step 220/240 | loss 0.8771 (avg 2.7890) | lr 0.004994 | seq 32
  [aml] step 230/240 | loss 0.9645 (avg 2.7706) | lr 0.004994 | seq 32
[aml] training complete: 240 steps, avg loss 2.7549 (memory freed)

[stage 1 — infant] What it sounds like now:
  Q: Hello.
  A: is a must forces. Dense of scar short that releases area foundations packed species of years and the lateral structure below semething it is a — heaving is the ground does not whether they bes, and the glacier.
  Q: Who are you?
  A: ...
  Q: What do you know?
  A: ...

[growth] ONTOGENESIS: stage 1 -> 2
  embd: 32 -> 64, layer: 1 -> 2, head: 2 -> 4
[growth] Done. Freeze for 500 steps.
[init] Stage 2 (child): embd=64, layer=2, head=4 — warmup 800 steps (800 backprop + 0 notorch, sqrt-scaled 2x)
  [aml] step 0/320 | loss 0.9469 (avg 0.9469) | lr 0.000250 | seq 8
  [aml] step 10/320 | loss 4.9687 (avg 3.6725) | lr 0.000363 | seq 8
  [aml] step 20/320 | loss 3.6673 (avg 3.7945) | lr 0.000475 | seq 8
  [aml] step 30/320 | loss 4.3541 (avg 3.6123) | lr 0.000588 | seq 8
  [aml] step 40/320 | loss 1.7465 (avg 3.5603) | lr 0.000700 | seq 8
  [aml] step 50/320 | loss 2.8600 (avg 3.5009) | lr 0.000813 | seq 8
  [aml] step 60/320 | loss 0.0474 (avg 3.4742) | lr 0.000925 | seq 8
  [aml] step 70/320 | loss 4.5367 (avg 3.4257) | lr 0.001038 | seq 8
  [aml] step 80/320 | loss 4.1592 (avg 3.4333) | lr 0.001150 | seq 8
  [aml] step 90/320 | loss 4.1117 (avg 3.4147) | lr 0.001263 | seq 8
  [aml] step 100/320 | loss 3.3857 (avg 3.4097) | lr 0.001375 | seq 8
  [aml] step 110/320 | loss 0.7940 (avg 3.3712) | lr 0.001488 | seq 8
  [aml] step 120/320 | loss 1.3938 (avg 3.3461) | lr 0.001600 | seq 8
  [aml] step 130/320 | loss 3.4589 (avg 3.3625) | lr 0.001713 | seq 8
  [aml] step 140/320 | loss 4.2785 (avg 3.3921) | lr 0.001825 | seq 8
  [aml] step 150/320 | loss 0.2300 (avg 3.3947) | lr 0.001938 | seq 8
  [aml] step 160/320 | loss 1.8259 (avg 3.3553) | lr 0.002050 | seq 8
  [aml] step 170/320 | loss 2.7263 (avg 3.3417) | lr 0.002163 | seq 8
  [aml] step 180/320 | loss 3.9512 (avg 3.3724) | lr 0.002275 | seq 8
  [aml] step 190/320 | loss 1.0137 (avg 3.3645) | lr 0.002387 | seq 8
  [aml] step 200/320 | loss 3.7559 (avg 3.3690) | lr 0.002496 | seq 8
  [aml] step 210/320 | loss 3.6798 (avg 3.3625) | lr 0.002496 | seq 8
  [aml] step 220/320 | loss 1.3528 (avg 3.3688) | lr 0.002496 | seq 8
  [aml] step 230/320 | loss 0.6171 (avg 3.3375) | lr 0.002495 | seq 8
  [aml] step 240/320 | loss 5.4594 (avg 3.3121) | lr 0.002495 | seq 8
  [aml] step 250/320 | loss 3.9701 (avg 3.3172) | lr 0.002495 | seq 8
  [aml] step 260/320 | loss 4.8332 (avg 3.3550) | lr 0.002495 | seq 8
  [aml] step 270/320 | loss 2.0628 (avg 3.3681) | lr 0.002495 | seq 8
  [aml] step 280/320 | loss 3.1500 (avg 3.3381) | lr 0.002495 | seq 8
  [aml] step 290/320 | loss 1.3644 (avg 3.3285) | lr 0.002495 | seq 8
  [aml] step 300/320 | loss 3.7205 (avg 3.3495) | lr 0.002495 | seq 8
  [aml] step 310/320 | loss 1.7032 (avg 3.2943) | lr 0.002495 | seq 8
[aml] training complete: 320 steps, avg loss 3.2689 (memory freed)
  [aml] step 0/240 | loss 1.7613 (avg 1.7613) | lr 0.002495 | seq 16
  [aml] step 10/240 | loss 3.0333 (avg 3.6148) | lr 0.002495 | seq 16
  [aml] step 20/240 | loss 2.2089 (avg 3.4615) | lr 0.002495 | seq 16
  [aml] step 30/240 | loss 3.6036 (avg 3.2250) | lr 0.002495 | seq 16
  [aml] step 40/240 | loss 4.5665 (avg 3.3147) | lr 0.002495 | seq 16
  [aml] step 50/240 | loss 3.2775 (avg 3.2047) | lr 0.002495 | seq 16
  [aml] step 60/240 | loss 4.4253 (avg 3.2238) | lr 0.002494 | seq 16
  [aml] step 70/240 | loss 4.3150 (avg 3.2893) | lr 0.002494 | seq 16
  [aml] step 80/240 | loss 4.1546 (avg 3.3396) | lr 0.002494 | seq 16
  [aml] step 90/240 | loss 4.3860 (avg 3.3740) | lr 0.002494 | seq 16
  [aml] step 100/240 | loss 1.5691 (avg 3.2755) | lr 0.002494 | seq 16
  [aml] step 110/240 | loss 4.0115 (avg 3.2157) | lr 0.002494 | seq 16
  [aml] step 120/240 | loss 3.6690 (avg 3.2391) | lr 0.002494 | seq 16
  [aml] step 130/240 | loss 3.3507 (avg 3.1836) | lr 0.002494 | seq 16
  [aml] step 140/240 | loss 3.8920 (avg 3.1363) | lr 0.002494 | seq 16
  [aml] step 150/240 | loss 1.1505 (avg 3.1206) | lr 0.002494 | seq 16
  [aml] step 160/240 | loss 0.7874 (avg 3.1438) | lr 0.002494 | seq 16
  [aml] step 170/240 | loss 1.9089 (avg 3.1472) | lr 0.002494 | seq 16
  [aml] step 180/240 | loss 4.2215 (avg 3.1264) | lr 0.002494 | seq 16
  [aml] step 190/240 | loss 2.2341 (avg 3.1058) | lr 0.002494 | seq 16
  [aml] step 200/240 | loss 2.4217 (avg 3.0715) | lr 0.002493 | seq 16
  [aml] step 210/240 | loss 3.9990 (avg 3.1024) | lr 0.002493 | seq 16
  [aml] step 220/240 | loss 4.9117 (avg 3.0800) | lr 0.002493 | seq 16
  [aml] step 230/240 | loss 1.3718 (avg 3.0354) | lr 0.002493 | seq 16
[aml] training complete: 240 steps, avg loss 3.0258 (memory freed)
  [aml] step 0/240 | loss 1.5388 (avg 1.5388) | lr 0.002493 | seq 32
  [aml] step 10/240 | loss 0.9938 (avg 2.5645) | lr 0.002493 | seq 32
  [aml] step 20/240 | loss 1.9362 (avg 2.2711) | lr 0.002493 | seq 32
  [aml] step 30/240 | loss 4.5226 (avg 2.6123) | lr 0.002493 | seq 32
  [aml] step 40/240 | loss 1.2878 (avg 2.6866) | lr 0.002493 | seq 32
  [aml] step 50/240 | loss 4.6600 (avg 2.8628) | lr 0.002493 | seq 32
  [aml] step 60/240 | loss 1.1529 (avg 2.7849) | lr 0.002493 | seq 32
  [aml] step 70/240 | loss 0.7339 (avg 2.7027) | lr 0.002493 | seq 32
  [aml] step 80/240 | loss 0.6419 (avg 2.6910) | lr 0.002492 | seq 32
  [aml] step 90/240 | loss 1.2754 (avg 2.7086) | lr 0.002492 | seq 32
  [aml] step 100/240 | loss 0.9718 (avg 2.7406) | lr 0.002492 | seq 32
  [aml] step 110/240 | loss 1.1073 (avg 2.7449) | lr 0.002492 | seq 32
  [aml] step 120/240 | loss 1.3811 (avg 2.7341) | lr 0.002492 | seq 32
  [aml] step 130/240 | loss 3.2174 (avg 2.7156) | lr 0.002492 | seq 32
  [aml] step 140/240 | loss 1.5983 (avg 2.7084) | lr 0.002492 | seq 32
  [aml] step 150/240 | loss 4.1800 (avg 2.7422) | lr 0.002492 | seq 32
  [aml] step 160/240 | loss 4.0206 (avg 2.7213) | lr 0.002492 | seq 32
  [aml] step 170/240 | loss 3.7148 (avg 2.6961) | lr 0.002492 | seq 32
  [aml] step 180/240 | loss 3.9476 (avg 2.6901) | lr 0.002492 | seq 32
  [aml] step 190/240 | loss 0.4262 (avg 2.6474) | lr 0.002492 | seq 32
  [aml] step 200/240 | loss 1.6761 (avg 2.6018) | lr 0.002491 | seq 32
  [aml] step 210/240 | loss 4.0456 (avg 2.5739) | lr 0.002491 | seq 32
  [aml] step 220/240 | loss 0.8547 (avg 2.5635) | lr 0.002491 | seq 32
  [aml] step 230/240 | loss 0.5432 (avg 2.5628) | lr 0.002491 | seq 32
[aml] training complete: 240 steps, avg loss 2.5769 (memory freed)

[stage 2 — child] What it sounds like now:
  Q: Hello.
  A: The s or nal cliff, f youngestion once in mixed in a foundation below, counterforts force.
  Q: Who are you?
  A: ...
  Q: What do you know?
  A: ...

[init] Warmup complete at stage 2. Organism ready.
[ecology] First organism in the swarm.
molequla is alive. [evolution] Autonomous mode — background trainer running. Ctrl+C to stop.
[dna] earth wrote 75 bytes to ecology
[dna] earth wrote 103 bytes to ecology
[dna] earth wrote 67 bytes to ecology
[dna] earth wrote 34 bytes to ecology
[dna] earth wrote 45 bytes to ecology
[dna] earth wrote 119 bytes to ecology
[dna] earth wrote 56 bytes to ecology
[dna] earth wrote 67 bytes to ecology
[dna] earth wrote 15 bytes to ecology
[dna] earth wrote 196 bytes to ecology
[dna] earth wrote 168 bytes to ecology
[dna] earth wrote 52 bytes to ecology
[dna] earth wrote 89 bytes to ecology
[dna] earth wrote 54 bytes to ecology
[dna] earth wrote 65 bytes to ecology
[dna] earth wrote 150 bytes to ecology
[dna] earth wrote 28 bytes to ecology
[debug-onto] tick=50 corpus=173643 stage=2 freeze=0
[dna] earth wrote 81 bytes to ecology
[dna] earth wrote 298 bytes to ecology
[dna] earth wrote 38 bytes to ecology
[dna] earth wrote 49 bytes to ecology
[dna] earth wrote 159 bytes to ecology
[dna] earth wrote 110 bytes to ecology
[dna] earth wrote 75 bytes to ecology
[dna] earth wrote 50 bytes to ecology
[dna] earth wrote 162 bytes to ecology
[dna] earth wrote 186 bytes to ecology
[dna] earth wrote 91 bytes to ecology
[dna] earth wrote 108 bytes to ecology
[dna] earth wrote 165 bytes to ecology
[dna] earth wrote 180 bytes to ecology
[dna] earth wrote 159 bytes to ecology
[dna] earth wrote 35 bytes to ecology
[dna] earth wrote 77 bytes to ecology
[debug-onto] tick=100 corpus=173643 stage=2 freeze=0
[dna] earth wrote 28 bytes to ecology
[dna] earth wrote 26 bytes to ecology
[dna] earth wrote 67 bytes to ecology
[dna] earth wrote 11 bytes to ecology
[dna] earth wrote 37 bytes to ecology
[dna] earth wrote 32 bytes to ecology
[dna] earth wrote 32 bytes to ecology
[dna] earth wrote 23 bytes to ecology
[dna] earth wrote 90 bytes to ecology
[dna] earth wrote 62 bytes to ecology
[dna] earth wrote 104 bytes to ecology
[dna] earth wrote 102 bytes to ecology
[dna] earth wrote 65 bytes to ecology
[dna] earth wrote 28 bytes to ecology
[dna] earth wrote 99 bytes to ecology
[dna] earth wrote 148 bytes to ecology
[debug-onto] tick=150 corpus=173643 stage=2 freeze=0
[dna] earth wrote 80 bytes to ecology
[dna] earth wrote 80 bytes to ecology
[dna] earth wrote 93 bytes to ecology
[dna] earth wrote 69 bytes to ecology
[dna] earth wrote 66 bytes to ecology
[dna] earth wrote 220 bytes to ecology
[dna] earth wrote 145 bytes to ecology
[dna] earth wrote 140 bytes to ecology
[dna] earth wrote 154 bytes to ecology
[dna] earth wrote 75 bytes to ecology
[dna] earth wrote 13 bytes to ecology
[dna] earth wrote 179 bytes to ecology
[dna] earth wrote 99 bytes to ecology
[dna] earth wrote 17 bytes to ecology
[dna] earth wrote 314 bytes to ecology
[dna] earth wrote 114 bytes to ecology
[dna] earth wrote 235 bytes to ecology
[debug-onto] tick=200 corpus=173643 stage=2 freeze=0
[dna] earth wrote 35 bytes to ecology
[dna] earth wrote 126 bytes to ecology
[dna] earth wrote 58 bytes to ecology
[dna] earth wrote 28 bytes to ecology
[dna] earth wrote 31 bytes to ecology
[dna] earth wrote 116 bytes to ecology
[dna] earth wrote 18 bytes to ecology
[dna] earth wrote 51 bytes to ecology
[dna] earth wrote 26 bytes to ecology
[dna] earth wrote 120 bytes to ecology
[dna] earth wrote 75 bytes to ecology
[dna] earth wrote 89 bytes to ecology
[dna] earth wrote 76 bytes to ecology
[dna] earth wrote 35 bytes to ecology
[dna] earth wrote 39 bytes to ecology
[dna] earth wrote 80 bytes to ecology
[dna] earth wrote 172 bytes to ecology
[debug-onto] tick=250 corpus=173643 stage=2 freeze=0
[dna] earth wrote 103 bytes to ecology
[dna] earth wrote 215 bytes to ecology
[dna] earth wrote 10 bytes to ecology
[dna] earth wrote 145 bytes to ecology
[dna] earth wrote 57 bytes to ecology
[dna] earth wrote 57 bytes to ecology
[dna] earth wrote 61 bytes to ecology
[dna] earth wrote 37 bytes to ecology
[dna] earth wrote 55 bytes to ecology
[dna] earth wrote 9 bytes to ecology
[dna] earth wrote 40 bytes to ecology
[dna] earth wrote 81 bytes to ecology
[dna] earth wrote 171 bytes to ecology
[dna] earth wrote 76 bytes to ecology
[dna] earth wrote 66 bytes to ecology
[dna] earth wrote 99 bytes to ecology
[debug-onto] tick=300 corpus=173643 stage=2 freeze=0
[dna] earth wrote 144 bytes to ecology
[dna] earth wrote 50 bytes to ecology
[dna] earth wrote 56 bytes to ecology
[dna] earth wrote 36 bytes to ecology
[dna] earth wrote 44 bytes to ecology
[dna] earth wrote 54 bytes to ecology
[dna] earth wrote 117 bytes to ecology
[dna] earth wrote 28 bytes to ecology
[dna] earth wrote 46 bytes to ecology
[dna] earth wrote 89 bytes to ecology
[dna] earth wrote 39 bytes to ecology
[dna] earth wrote 278 bytes to ecology
[dna] earth wrote 39 bytes to ecology
[dna] earth wrote 66 bytes to ecology
[dna] earth wrote 23 bytes to ecology
[dna] earth wrote 199 bytes to ecology
[dna] earth wrote 60 bytes to ecology
[debug-onto] tick=350 corpus=173643 stage=2 freeze=0
[dna] earth wrote 44 bytes to ecology
[dna] earth wrote 73 bytes to ecology
[dna] earth wrote 36 bytes to ecology
[dna] earth wrote 15 bytes to ecology
[dna] earth wrote 45 bytes to ecology
[dna] earth wrote 322 bytes to ecology
[dna] earth wrote 100 bytes to ecology
[dna] earth wrote 31 bytes to ecology
[dna] earth wrote 62 bytes to ecology
[dna] earth wrote 150 bytes to ecology
[dna] earth wrote 7 bytes to ecology
[dna] earth wrote 72 bytes to ecology
[dna] earth wrote 113 bytes to ecology
[dna] earth wrote 88 bytes to ecology
[dna] earth wrote 55 bytes to ecology
[dna] earth wrote 130 bytes to ecology
[dna] earth wrote 62 bytes to ecology
[debug-onto] tick=400 corpus=173643 stage=2 freeze=0
[dna] earth wrote 44 bytes to ecology
[dna] earth wrote 44 bytes to ecology
[dna] earth wrote 124 bytes to ecology
[dna] earth wrote 45 bytes to ecology
[dna] earth wrote 108 bytes to ecology
[dna] earth wrote 36 bytes to ecology
[dna] earth wrote 100 bytes to ecology
[dna] earth wrote 58 bytes to ecology
[dna] earth wrote 37 bytes to ecology
[dna] earth wrote 26 bytes to ecology
[dna] earth wrote 43 bytes to ecology
[dna] earth wrote 45 bytes to ecology
[dna] earth wrote 81 bytes to ecology
[dna] earth wrote 64 bytes to ecology
[dna] earth wrote 56 bytes to ecology
[dna] earth wrote 92 bytes to ecology
[debug-onto] tick=450 corpus=173643 stage=2 freeze=0
[dna] earth wrote 97 bytes to ecology
[dna] earth wrote 217 bytes to ecology
[dna] earth wrote 55 bytes to ecology
[dna] earth wrote 124 bytes to ecology
[dna] earth wrote 30 bytes to ecology
[dna] earth wrote 61 bytes to ecology
[dna] earth wrote 73 bytes to ecology
[dna] earth wrote 82 bytes to ecology
[dna] earth wrote 43 bytes to ecology
[dna] earth wrote 87 bytes to ecology
[dna] earth wrote 151 bytes to ecology
[dna] earth wrote 211 bytes to ecology
[dna] earth wrote 99 bytes to ecology
[dna] earth wrote 36 bytes to ecology
[dna] earth wrote 63 bytes to ecology
[dna] earth wrote 187 bytes to ecology
[dna] earth wrote 54 bytes to ecology
[debug-onto] tick=500 corpus=173643 stage=2 freeze=0
[dna] earth wrote 317 bytes to ecology
[dna] earth wrote 151 bytes to ecology
[dna] earth wrote 28 bytes to ecology
[dna] earth wrote 51 bytes to ecology
[dna] earth wrote 170 bytes to ecology
[dna] earth wrote 82 bytes to ecology
[dna] earth wrote 32 bytes to ecology
[dna] earth wrote 31 bytes to ecology
[dna] earth wrote 77 bytes to ecology
[dna] earth wrote 31 bytes to ecology
[dna] earth wrote 70 bytes to ecology
[dna] earth wrote 47 bytes to ecology
[dna] earth wrote 32 bytes to ecology
[dna] earth wrote 224 bytes to ecology
[dna] earth wrote 88 bytes to ecology
[dna] earth wrote 107 bytes to ecology
[dna] earth wrote 114 bytes to ecology
[debug-onto] tick=550 corpus=173643 stage=2 freeze=0
[dna] earth wrote 83 bytes to ecology
[dna] earth wrote 36 bytes to ecology
[dna] earth wrote 30 bytes to ecology
[dna] earth wrote 86 bytes to ecology
[dna] earth wrote 40 bytes to ecology
[dna] earth wrote 80 bytes to ecology
[dna] earth wrote 101 bytes to ecology
[dna] earth wrote 31 bytes to ecology
[dna] earth wrote 92 bytes to ecology
[dna] earth wrote 83 bytes to ecology
[dna] earth wrote 53 bytes to ecology
[dna] earth wrote 32 bytes to ecology
[dna] earth wrote 36 bytes to ecology
[dna] earth wrote 30 bytes to ecology
[dna] earth wrote 46 bytes to ecology
[dna] earth wrote 312 bytes to ecology
[debug-onto] tick=600 corpus=173643 stage=2 freeze=0
[dna] earth wrote 25 bytes to ecology
[dna] earth wrote 44 bytes to ecology
[dna] earth wrote 104 bytes to ecology
[dna] earth wrote 96 bytes to ecology
[dna] earth wrote 22 bytes to ecology
[dna] earth wrote 89 bytes to ecology
[dna] earth wrote 321 bytes to ecology
[dna] earth wrote 82 bytes to ecology
[dna] earth wrote 117 bytes to ecology
[dna] earth wrote 67 bytes to ecology
[dna] earth wrote 72 bytes to ecology
[dna] earth wrote 65 bytes to ecology
[dna] earth wrote 241 bytes to ecology
[dna] earth wrote 27 bytes to ecology
[dna] earth wrote 122 bytes to ecology
[dna] earth wrote 80 bytes to ecology
[dna] earth wrote 67 bytes to ecology
[debug-onto] tick=650 corpus=173643 stage=2 freeze=0
[dna] earth wrote 70 bytes to ecology
[dna] earth wrote 35 bytes to ecology
[dna] earth wrote 84 bytes to ecology
[dna] earth wrote 52 bytes to ecology
[dna] earth wrote 83 bytes to ecology
[dna] earth wrote 51 bytes to ecology
[dna] earth wrote 157 bytes to ecology
[dna] earth wrote 94 bytes to ecology
[dna] earth wrote 139 bytes to ecology

[evolution] Organism shutting down gracefully.
