[ecology] Element: fire → corpus: nonames_fire.txt
[evolution] Autonomous evolution mode — organism will grow through all stages without pause.
[ecology] Joined swarm. 1 peer(s) detected.
molequla is alive. [evolution] Autonomous mode — background trainer running. Ctrl+C to stop.
[dna] fire wrote 76 bytes to ecology
[dna] fire consumed 15002 bytes from 210 files: [water/gen_1777447469_1.txt water/gen_1777447486_4.txt water/gen_1777447494_7.txt water/gen_1777447503_10.txt water/gen_1777447511_13.txt water/gen_1777447520_16.txt water/gen_1777447529_19.txt water/gen_1777447537_22.txt water/gen_1777447545_25.txt water/gen_1777447554_28.txt water/gen_1777447562_31.txt water/gen_1777447571_34.txt water/gen_1777447588_40.txt water/gen_1777447596_43.txt water/gen_1777447605_46.txt water/gen_1777447613_49.txt water/gen_1777447622_52.txt water/gen_1777447630_55.txt water/gen_1777447639_58.txt water/gen_1777447648_61.txt water/gen_1777447657_64.txt water/gen_1777447665_67.txt water/gen_1777447674_70.txt water/gen_1777447683_73.txt water/gen_1777447691_76.txt water/gen_1777447700_79.txt water/gen_1777447709_82.txt water/gen_1777447717_85.txt water/gen_1777447726_88.txt water/gen_1777447735_91.txt water/gen_1777447743_94.txt water/gen_1777447752_97.txt water/gen_1777447761_100.txt water/gen_1777447769_103.txt water/gen_1777447778_106.txt water/gen_1777447786_109.txt water/gen_1777447795_112.txt water/gen_1777447803_115.txt water/gen_1777447812_118.txt water/gen_1777447821_121.txt water/gen_1777447829_124.txt water/gen_1777447838_127.txt water/gen_1777447846_130.txt water/gen_1777447855_133.txt water/gen_1777447864_136.txt water/gen_1777447872_139.txt water/gen_1777447881_142.txt water/gen_1777447889_145.txt water/gen_1777447898_148.txt water/gen_1777447907_151.txt water/gen_1777447915_154.txt water/gen_1777447924_157.txt water/gen_1777447932_160.txt water/gen_1777447941_163.txt water/gen_1777447950_166.txt water/gen_1777447958_169.txt water/gen_1777447967_172.txt water/gen_1777447975_175.txt water/gen_1777447984_178.txt water/gen_1777447992_181.txt water/gen_1777448001_184.txt water/gen_1777448010_187.txt water/gen_1777448018_190.txt water/gen_1777448027_193.txt water/gen_1777448035_196.txt water/gen_1777448044_199.txt water/gen_1777448052_202.txt water/gen_1777448061_205.txt water/gen_1777448069_208.txt water/gen_1777448078_211.txt water/gen_1777448086_214.txt water/gen_1777448095_217.txt water/gen_1777448103_220.txt water/gen_1777448112_223.txt water/gen_1777448120_226.txt water/gen_1777448129_229.txt water/gen_1777448137_232.txt water/gen_1777448146_235.txt water/gen_1777448154_238.txt water/gen_1777448163_241.txt water/gen_1777448171_244.txt water/gen_1777448180_247.txt water/gen_1777448189_250.txt water/gen_1777448197_253.txt water/gen_1777448206_256.txt water/gen_1777448214_259.txt water/gen_1777448223_262.txt water/gen_1777448231_265.txt water/gen_1777448240_268.txt water/gen_1777448249_271.txt water/gen_1777448257_274.txt water/gen_1777448266_277.txt water/gen_1777448274_280.txt water/gen_1777448283_283.txt water/gen_1777448291_286.txt water/gen_1777448300_289.txt water/gen_1777448308_292.txt water/gen_1777448317_295.txt water/gen_1777448326_298.txt water/gen_1777448334_301.txt water/gen_1777448343_304.txt water/gen_1777448351_307.txt water/gen_1777448360_310.txt water/gen_1777448368_313.txt water/gen_1777448377_316.txt water/gen_1777448385_319.txt water/gen_1777448394_322.txt water/gen_1777448402_325.txt water/gen_1777448411_328.txt water/gen_1777448419_331.txt water/gen_1777448428_334.txt water/gen_1777448437_337.txt water/gen_1777448445_340.txt water/gen_1777448454_343.txt water/gen_1777448462_346.txt water/gen_1777448471_349.txt water/gen_1777448480_352.txt water/gen_1777448488_355.txt water/gen_1777448497_358.txt water/gen_1777448505_361.txt water/gen_1777448514_364.txt water/gen_1777448522_367.txt water/gen_1777448531_370.txt water/gen_1777448539_373.txt water/gen_1777448548_376.txt water/gen_1777448556_379.txt water/gen_1777448564_382.txt water/gen_1777448573_385.txt water/gen_1777448581_388.txt water/gen_1777448589_391.txt water/gen_1777448598_394.txt water/gen_1777448606_397.txt water/gen_1777448615_400.txt water/gen_1777448623_403.txt water/gen_1777448631_406.txt water/gen_1777448640_409.txt water/gen_1777448648_412.txt water/gen_1777448657_415.txt water/gen_1777448665_418.txt water/gen_1777448674_421.txt water/gen_1777448682_424.txt water/gen_1777448691_427.txt water/gen_1777448699_430.txt water/gen_1777448707_433.txt water/gen_1777448716_436.txt water/gen_1777448724_439.txt water/gen_1777448733_442.txt water/gen_1777448741_445.txt water/gen_1777448750_448.txt water/gen_1777448758_451.txt water/gen_1777448767_454.txt water/gen_1777448775_457.txt water/gen_1777448784_460.txt water/gen_1777448792_463.txt water/gen_1777448800_466.txt water/gen_1777448809_469.txt water/gen_1777448817_472.txt water/gen_1777448826_475.txt water/gen_1777448834_478.txt water/gen_1777448843_481.txt water/gen_1777448851_484.txt water/gen_1777448859_487.txt water/gen_1777448868_490.txt water/gen_1777448876_493.txt water/gen_1777448885_496.txt water/gen_1777448893_499.txt water/gen_1777448901_502.txt water/gen_1777448910_505.txt water/gen_1777448918_508.txt water/gen_1777448927_511.txt water/gen_1777448935_514.txt water/gen_1777448943_517.txt water/gen_1777448952_520.txt water/gen_1777448960_523.txt water/gen_1777448969_526.txt water/gen_1777448977_529.txt water/gen_1777448985_532.txt water/gen_1777448994_535.txt water/gen_1777449002_538.txt water/gen_1777449011_541.txt water/gen_1777449019_544.txt water/gen_1777449027_547.txt water/gen_1777449036_550.txt water/gen_1777449044_553.txt water/gen_1777449053_556.txt water/gen_1777449061_559.txt water/gen_1777449070_562.txt water/gen_1777449078_565.txt water/gen_1777449086_568.txt water/gen_1777449095_571.txt water/gen_1777449103_574.txt water/gen_1777449112_577.txt water/gen_1777449120_580.txt water/gen_1777449129_583.txt water/gen_1777449137_586.txt water/gen_1777449146_589.txt water/gen_1777449154_592.txt water/gen_1777449162_595.txt water/gen_1777449171_598.txt water/gen_1777449179_601.txt water/gen_1777449188_604.txt water/gen_1777449196_607.txt water/gen_1777449204_610.txt water/gen_1777449213_613.txt water/gen_1777449221_616.txt water/gen_1777449230_619.txt water/gen_1777449238_622.txt water/gen_1777449247_625.txt water/gen_1777449255_628.txt water/gen_1777449264_631.txt]
[trainer] micro-train burst (15002 bytes, novelty 0.05) — and lo, it feeds again.
[syntropy] action=steady | trend=0.0000 | field_dev=0.101 | purpose_align=-0.024 | lr_mul=1.00
[aml] burst complete: 32 steps, avg loss 1.5154 (memory freed)
[dna] fire wrote 173 bytes to ecology
[dna] fire wrote 27 bytes to ecology
[dna] fire wrote 39 bytes to ecology
[dna] fire wrote 76 bytes to ecology
[dna] fire wrote 39 bytes to ecology
[dna] fire wrote 43 bytes to ecology
[dna] fire wrote 82 bytes to ecology
[dna] fire wrote 97 bytes to ecology
[dna] fire wrote 30 bytes to ecology
[dna] fire wrote 184 bytes to ecology
[dna] fire wrote 144 bytes to ecology
[dna] fire wrote 93 bytes to ecology
[dna] fire wrote 41 bytes to ecology
[dna] fire wrote 29 bytes to ecology
[dna] fire wrote 23 bytes to ecology
[dna] fire wrote 111 bytes to ecology
[dna] fire wrote 12 bytes to ecology
[dna] fire wrote 12 bytes to ecology
[dna] fire wrote 108 bytes to ecology
[dna] fire wrote 36 bytes to ecology
[dna] fire wrote 63 bytes to ecology
[dna] fire wrote 79 bytes to ecology
[dna] fire wrote 23 bytes to ecology
[dna] fire wrote 17 bytes to ecology
[debug-onto] tick=50 corpus=137112 stage=2 freeze=0
[dna] fire wrote 36 bytes to ecology
[dna] fire wrote 76 bytes to ecology
[dna] fire wrote 53 bytes to ecology
[dna] fire wrote 29 bytes to ecology
[dna] fire wrote 26 bytes to ecology
[dna] fire wrote 50 bytes to ecology
[dna] fire wrote 34 bytes to ecology
[dna] fire wrote 33 bytes to ecology
[dna] fire wrote 21 bytes to ecology
[dna] fire wrote 30 bytes to ecology
[dna] fire wrote 13 bytes to ecology
[dna] fire wrote 49 bytes to ecology
[dna] fire wrote 41 bytes to ecology
[dna] fire wrote 20 bytes to ecology
[dna] fire wrote 59 bytes to ecology
[dna] fire wrote 55 bytes to ecology
[dna] fire wrote 80 bytes to ecology
[dna] fire wrote 105 bytes to ecology
[dna] fire wrote 97 bytes to ecology
[dna] fire wrote 77 bytes to ecology
[dna] fire wrote 67 bytes to ecology
[dna] fire wrote 40 bytes to ecology
[dna] fire wrote 69 bytes to ecology
[dna] fire wrote 150 bytes to ecology
[dna] fire wrote 36 bytes to ecology
[debug-onto] tick=100 corpus=137112 stage=2 freeze=0
[dna] fire wrote 65 bytes to ecology
[dna] fire wrote 83 bytes to ecology
[dna] fire wrote 79 bytes to ecology
[dna] fire wrote 61 bytes to ecology
[dna] fire wrote 76 bytes to ecology
[dna] fire wrote 115 bytes to ecology
[dna] fire wrote 90 bytes to ecology
[dna] fire wrote 62 bytes to ecology
[dna] fire wrote 45 bytes to ecology
[dna] fire wrote 60 bytes to ecology
[dna] fire wrote 38 bytes to ecology
[dna] fire wrote 53 bytes to ecology
[dna] fire wrote 55 bytes to ecology
[dna] fire wrote 20 bytes to ecology
[dna] fire wrote 23 bytes to ecology
[dna] fire wrote 208 bytes to ecology
[dna] fire wrote 102 bytes to ecology
[dna] fire wrote 99 bytes to ecology
[dna] fire wrote 69 bytes to ecology
[dna] fire wrote 56 bytes to ecology
[dna] fire wrote 132 bytes to ecology
[dna] fire wrote 80 bytes to ecology
[dna] fire wrote 125 bytes to ecology
[dna] fire wrote 77 bytes to ecology
[dna] fire wrote 73 bytes to ecology
[debug-onto] tick=150 corpus=137112 stage=2 freeze=0
[dna] fire wrote 35 bytes to ecology
[dna] fire wrote 71 bytes to ecology
[dna] fire wrote 51 bytes to ecology
[dna] fire wrote 74 bytes to ecology
[dna] fire wrote 119 bytes to ecology
[dna] fire wrote 34 bytes to ecology
[dna] fire wrote 71 bytes to ecology
[dna] fire wrote 211 bytes to ecology
[dna] fire wrote 22 bytes to ecology
[dna] fire wrote 35 bytes to ecology
[dna] fire wrote 26 bytes to ecology
[dna] fire wrote 31 bytes to ecology
[dna] fire wrote 137 bytes to ecology
[dna] fire wrote 123 bytes to ecology
[dna] fire wrote 74 bytes to ecology
[dna] fire wrote 28 bytes to ecology
[dna] fire wrote 31 bytes to ecology
[dna] fire wrote 56 bytes to ecology
[dna] fire wrote 60 bytes to ecology
[dna] fire wrote 42 bytes to ecology
[dna] fire wrote 12 bytes to ecology
[dna] fire wrote 45 bytes to ecology
[dna] fire wrote 82 bytes to ecology
[dna] fire wrote 66 bytes to ecology
[dna] fire wrote 40 bytes to ecology
[debug-onto] tick=200 corpus=137112 stage=2 freeze=0
[dna] fire wrote 66 bytes to ecology
[dna] fire wrote 31 bytes to ecology
[dna] fire wrote 45 bytes to ecology
[dna] fire wrote 31 bytes to ecology
[dna] fire wrote 34 bytes to ecology
[dna] fire wrote 51 bytes to ecology
[dna] fire wrote 23 bytes to ecology
[dna] fire wrote 11 bytes to ecology
[dna] fire wrote 82 bytes to ecology
[dna] fire wrote 24 bytes to ecology
[dna] fire wrote 169 bytes to ecology
[dna] fire wrote 40 bytes to ecology
[dna] fire wrote 94 bytes to ecology
[dna] fire wrote 44 bytes to ecology
[dna] fire wrote 24 bytes to ecology
[dna] fire wrote 26 bytes to ecology
[dna] fire wrote 103 bytes to ecology
[dna] fire wrote 41 bytes to ecology
[dna] fire wrote 111 bytes to ecology
[dna] fire wrote 63 bytes to ecology
[dna] fire wrote 16 bytes to ecology
[dna] fire wrote 59 bytes to ecology
[dna] fire wrote 188 bytes to ecology
[dna] fire wrote 38 bytes to ecology
[dna] fire wrote 20 bytes to ecology
[debug-onto] tick=250 corpus=137112 stage=2 freeze=0
[dna] fire wrote 31 bytes to ecology
[dna] fire wrote 30 bytes to ecology
[dna] fire wrote 32 bytes to ecology
[dna] fire wrote 79 bytes to ecology
[dna] fire wrote 27 bytes to ecology
[dna] fire wrote 25 bytes to ecology
[dna] fire wrote 18 bytes to ecology
[dna] fire wrote 90 bytes to ecology
[dna] fire wrote 26 bytes to ecology
[dna] fire wrote 26 bytes to ecology
[dna] fire wrote 9 bytes to ecology
[dna] fire wrote 121 bytes to ecology
[dna] fire wrote 107 bytes to ecology
[dna] fire wrote 45 bytes to ecology
[dna] fire wrote 187 bytes to ecology
[dna] fire wrote 106 bytes to ecology
[dna] fire wrote 32 bytes to ecology
[dna] fire wrote 56 bytes to ecology
[dna] fire wrote 37 bytes to ecology
[dna] fire wrote 86 bytes to ecology
[dna] fire wrote 84 bytes to ecology
[dna] fire wrote 52 bytes to ecology
[dna] fire wrote 8 bytes to ecology
[dna] fire wrote 141 bytes to ecology
[dna] fire wrote 48 bytes to ecology
[debug-onto] tick=300 corpus=137112 stage=2 freeze=0
[dna] fire wrote 35 bytes to ecology
[dna] fire wrote 147 bytes to ecology
[dna] fire wrote 95 bytes to ecology
[dna] fire wrote 44 bytes to ecology
[dna] fire wrote 16 bytes to ecology
[dna] fire wrote 32 bytes to ecology
[dna] fire wrote 100 bytes to ecology
[dna] fire wrote 102 bytes to ecology
[dna] fire wrote 75 bytes to ecology
[dna] fire wrote 31 bytes to ecology
[dna] fire wrote 80 bytes to ecology
[dna] fire wrote 39 bytes to ecology
[dna] fire wrote 27 bytes to ecology
[dna] fire wrote 86 bytes to ecology
[dna] fire wrote 61 bytes to ecology
[dna] fire wrote 27 bytes to ecology
[dna] fire wrote 58 bytes to ecology
[dna] fire wrote 53 bytes to ecology
[dna] fire wrote 217 bytes to ecology
[dna] fire wrote 103 bytes to ecology
[dna] fire wrote 47 bytes to ecology
[dna] fire wrote 45 bytes to ecology
[dna] fire wrote 27 bytes to ecology
[dna] fire wrote 201 bytes to ecology
[dna] fire wrote 15 bytes to ecology
[debug-onto] tick=350 corpus=137112 stage=2 freeze=0
[dna] fire wrote 115 bytes to ecology
[dna] fire wrote 29 bytes to ecology
[dna] fire wrote 109 bytes to ecology
[dna] fire wrote 28 bytes to ecology
[dna] fire wrote 113 bytes to ecology
[dna] fire wrote 9 bytes to ecology
[dna] fire wrote 73 bytes to ecology
[dna] fire wrote 59 bytes to ecology
[dna] fire wrote 73 bytes to ecology
[dna] fire wrote 45 bytes to ecology
[dna] fire wrote 23 bytes to ecology
[dna] fire wrote 59 bytes to ecology
[dna] fire wrote 58 bytes to ecology
[dna] fire wrote 29 bytes to ecology
[dna] fire wrote 56 bytes to ecology
[dna] fire wrote 119 bytes to ecology
[dna] fire wrote 53 bytes to ecology
[dna] fire wrote 48 bytes to ecology
[dna] fire wrote 38 bytes to ecology
[dna] fire wrote 84 bytes to ecology
[dna] fire wrote 60 bytes to ecology
[dna] fire wrote 183 bytes to ecology
[dna] fire wrote 41 bytes to ecology
[dna] fire wrote 181 bytes to ecology
[dna] fire wrote 47 bytes to ecology
[debug-onto] tick=400 corpus=137112 stage=2 freeze=0
[dna] fire wrote 91 bytes to ecology
[dna] fire wrote 60 bytes to ecology
[dna] fire wrote 75 bytes to ecology
[dna] fire wrote 22 bytes to ecology
[dna] fire wrote 142 bytes to ecology
[dna] fire wrote 31 bytes to ecology
[dna] fire wrote 33 bytes to ecology
[dna] fire wrote 91 bytes to ecology
[dna] fire wrote 78 bytes to ecology
[dna] fire wrote 39 bytes to ecology
[dna] fire wrote 86 bytes to ecology
[dna] fire wrote 133 bytes to ecology
[dna] fire wrote 21 bytes to ecology
[dna] fire wrote 82 bytes to ecology
[dna] fire wrote 32 bytes to ecology
[dna] fire wrote 49 bytes to ecology
[dna] fire wrote 153 bytes to ecology
[dna] fire wrote 26 bytes to ecology
[dna] fire wrote 110 bytes to ecology
[dna] fire wrote 26 bytes to ecology
[dna] fire wrote 53 bytes to ecology
[dna] fire wrote 71 bytes to ecology
[dna] fire wrote 100 bytes to ecology
[dna] fire wrote 71 bytes to ecology
[dna] fire wrote 135 bytes to ecology
[debug-onto] tick=450 corpus=137112 stage=2 freeze=0
[dna] fire wrote 80 bytes to ecology
[dna] fire wrote 61 bytes to ecology
[dna] fire wrote 30 bytes to ecology
[dna] fire wrote 14 bytes to ecology
[dna] fire wrote 29 bytes to ecology
[dna] fire wrote 45 bytes to ecology
[dna] fire wrote 70 bytes to ecology
[dna] fire wrote 32 bytes to ecology
[dna] fire wrote 33 bytes to ecology
[dna] fire wrote 37 bytes to ecology
[dna] fire wrote 28 bytes to ecology
[dna] fire wrote 48 bytes to ecology
[dna] fire wrote 195 bytes to ecology
[dna] fire wrote 42 bytes to ecology
[dna] fire wrote 59 bytes to ecology
[dna] fire wrote 114 bytes to ecology
[dna] fire wrote 38 bytes to ecology
[dna] fire wrote 49 bytes to ecology
[dna] fire wrote 38 bytes to ecology
[dna] fire wrote 60 bytes to ecology
[dna] fire wrote 125 bytes to ecology
[dna] fire wrote 23 bytes to ecology
[dna] fire wrote 110 bytes to ecology
[dna] fire wrote 49 bytes to ecology
[dna] fire wrote 73 bytes to ecology
[debug-onto] tick=500 corpus=137112 stage=2 freeze=0
[dna] fire wrote 59 bytes to ecology
[dna] fire wrote 9 bytes to ecology
[dna] fire wrote 42 bytes to ecology
[dna] fire wrote 79 bytes to ecology
[dna] fire wrote 12 bytes to ecology
[dna] fire wrote 56 bytes to ecology
[dna] fire wrote 42 bytes to ecology
[dna] fire wrote 66 bytes to ecology
[dna] fire wrote 66 bytes to ecology
[dna] fire wrote 122 bytes to ecology
[dna] fire wrote 59 bytes to ecology
[dna] fire wrote 10 bytes to ecology
[dna] fire wrote 38 bytes to ecology
[dna] fire wrote 69 bytes to ecology
[dna] fire wrote 88 bytes to ecology
[dna] fire wrote 58 bytes to ecology
[dna] fire wrote 51 bytes to ecology
[dna] fire wrote 61 bytes to ecology
[dna] fire wrote 69 bytes to ecology
[dna] fire wrote 52 bytes to ecology
[dna] fire wrote 69 bytes to ecology
[dna] fire wrote 71 bytes to ecology
[dna] fire wrote 84 bytes to ecology
[dna] fire wrote 15 bytes to ecology
[dna] fire wrote 82 bytes to ecology
[debug-onto] tick=550 corpus=137112 stage=2 freeze=0
[dna] fire wrote 15 bytes to ecology
[dna] fire wrote 30 bytes to ecology
[dna] fire wrote 58 bytes to ecology
[dna] fire wrote 50 bytes to ecology
[dna] fire wrote 79 bytes to ecology
[dna] fire wrote 30 bytes to ecology
[dna] fire wrote 73 bytes to ecology
[dna] fire wrote 59 bytes to ecology
[dna] fire wrote 38 bytes to ecology
[dna] fire wrote 149 bytes to ecology
[dna] fire wrote 176 bytes to ecology
[dna] fire wrote 52 bytes to ecology
[dna] fire wrote 42 bytes to ecology
[dna] fire wrote 46 bytes to ecology
[dna] fire wrote 27 bytes to ecology
[dna] fire wrote 105 bytes to ecology
[dna] fire wrote 174 bytes to ecology
[dna] fire wrote 19 bytes to ecology
[dna] fire wrote 40 bytes to ecology
[dna] fire wrote 57 bytes to ecology
[dna] fire wrote 40 bytes to ecology
[dna] fire wrote 29 bytes to ecology
[dna] fire wrote 63 bytes to ecology
[dna] fire wrote 66 bytes to ecology
[dna] fire wrote 80 bytes to ecology
[debug-onto] tick=600 corpus=137112 stage=2 freeze=0
[dna] fire wrote 139 bytes to ecology
[dna] fire wrote 25 bytes to ecology
[dna] fire wrote 101 bytes to ecology
[dna] fire wrote 92 bytes to ecology
[dna] fire wrote 40 bytes to ecology
[dna] fire wrote 34 bytes to ecology
[dna] fire wrote 160 bytes to ecology
[dna] fire wrote 96 bytes to ecology
[dna] fire wrote 22 bytes to ecology
[dna] fire wrote 51 bytes to ecology
[dna] fire wrote 126 bytes to ecology
[dna] fire wrote 61 bytes to ecology
[dna] fire wrote 45 bytes to ecology
[dna] fire wrote 39 bytes to ecology
[dna] fire wrote 45 bytes to ecology
[dna] fire wrote 42 bytes to ecology
[dna] fire wrote 129 bytes to ecology
[dna] fire wrote 58 bytes to ecology
[dna] fire wrote 60 bytes to ecology
[dna] fire wrote 92 bytes to ecology
[dna] fire wrote 100 bytes to ecology
[dna] fire wrote 28 bytes to ecology
[dna] fire wrote 28 bytes to ecology
[dna] fire wrote 39 bytes to ecology
[dna] fire wrote 29 bytes to ecology
[debug-onto] tick=650 corpus=137112 stage=2 freeze=0
[dna] fire wrote 112 bytes to ecology
[dna] fire wrote 55 bytes to ecology
[dna] fire wrote 46 bytes to ecology
[dna] fire wrote 106 bytes to ecology
[dna] fire wrote 210 bytes to ecology
[dna] fire wrote 28 bytes to ecology
[dna] fire wrote 54 bytes to ecology
[dna] fire wrote 82 bytes to ecology
[dna] fire wrote 62 bytes to ecology
[dna] fire wrote 92 bytes to ecology
[dna] fire wrote 60 bytes to ecology
[dna] fire wrote 7 bytes to ecology
[dna] fire wrote 73 bytes to ecology
[dna] fire wrote 46 bytes to ecology
[dna] fire wrote 31 bytes to ecology
[dna] fire wrote 69 bytes to ecology

[evolution] Organism shutting down gracefully.
