[ecology] Element: water → corpus: nonames_water.txt
[evolution] Autonomous evolution mode — organism will grow through all stages without pause.
[ecology] Joined swarm. 1 peer(s) detected.
molequla is alive. [evolution] Autonomous mode — background trainer running. Ctrl+C to stop.
[dna] water wrote 76 bytes to ecology
[dna] water consumed 15940 bytes from 226 files: [air/gen_1777445668_1.txt air/gen_1777445685_4.txt air/gen_1777445693_7.txt air/gen_1777445701_10.txt air/gen_1777445709_13.txt air/gen_1777445717_16.txt air/gen_1777445724_19.txt air/gen_1777445732_22.txt air/gen_1777445740_25.txt air/gen_1777445748_28.txt air/gen_1777445756_31.txt air/gen_1777445764_34.txt air/gen_1777445772_37.txt air/gen_1777445779_40.txt air/gen_1777445787_43.txt air/gen_1777445795_46.txt air/gen_1777445803_49.txt air/gen_1777445810_52.txt air/gen_1777445818_55.txt air/gen_1777445826_58.txt air/gen_1777445834_61.txt air/gen_1777445842_64.txt air/gen_1777445850_67.txt air/gen_1777445857_70.txt air/gen_1777445865_73.txt air/gen_1777445873_76.txt air/gen_1777445881_79.txt air/gen_1777445889_82.txt air/gen_1777445897_85.txt air/gen_1777445904_88.txt air/gen_1777445912_91.txt air/gen_1777445920_94.txt air/gen_1777445928_97.txt air/gen_1777445936_100.txt air/gen_1777445944_103.txt air/gen_1777445952_106.txt air/gen_1777445959_109.txt air/gen_1777445967_112.txt air/gen_1777445975_115.txt air/gen_1777445983_118.txt air/gen_1777445991_121.txt air/gen_1777445999_124.txt air/gen_1777446007_127.txt air/gen_1777446015_130.txt air/gen_1777446023_133.txt air/gen_1777446031_136.txt air/gen_1777446039_139.txt air/gen_1777446047_142.txt air/gen_1777446055_145.txt air/gen_1777446063_148.txt air/gen_1777446071_151.txt air/gen_1777446079_154.txt air/gen_1777446087_157.txt air/gen_1777446095_160.txt air/gen_1777446103_163.txt air/gen_1777446111_166.txt air/gen_1777446118_169.txt air/gen_1777446126_172.txt air/gen_1777446134_175.txt air/gen_1777446142_178.txt air/gen_1777446150_181.txt air/gen_1777446158_184.txt air/gen_1777446166_187.txt air/gen_1777446174_190.txt air/gen_1777446182_193.txt air/gen_1777446190_196.txt air/gen_1777446198_199.txt air/gen_1777446206_202.txt air/gen_1777446214_205.txt air/gen_1777446222_208.txt air/gen_1777446229_211.txt air/gen_1777446237_214.txt air/gen_1777446245_217.txt air/gen_1777446253_220.txt air/gen_1777446261_223.txt air/gen_1777446269_226.txt air/gen_1777446277_229.txt air/gen_1777446284_232.txt air/gen_1777446292_235.txt air/gen_1777446300_238.txt air/gen_1777446308_241.txt air/gen_1777446316_244.txt air/gen_1777446324_247.txt air/gen_1777446332_250.txt air/gen_1777446339_253.txt air/gen_1777446347_256.txt air/gen_1777446355_259.txt air/gen_1777446363_262.txt air/gen_1777446371_265.txt air/gen_1777446379_268.txt air/gen_1777446387_271.txt air/gen_1777446394_274.txt air/gen_1777446402_277.txt air/gen_1777446410_280.txt air/gen_1777446418_283.txt air/gen_1777446425_286.txt air/gen_1777446433_289.txt air/gen_1777446441_292.txt air/gen_1777446449_295.txt air/gen_1777446457_298.txt air/gen_1777446464_301.txt air/gen_1777446472_304.txt air/gen_1777446480_307.txt air/gen_1777446488_310.txt air/gen_1777446495_313.txt air/gen_1777446503_316.txt air/gen_1777446511_319.txt air/gen_1777446519_322.txt air/gen_1777446527_325.txt air/gen_1777446534_328.txt air/gen_1777446542_331.txt air/gen_1777446550_334.txt air/gen_1777446558_337.txt air/gen_1777446566_340.txt air/gen_1777446574_343.txt air/gen_1777446581_346.txt air/gen_1777446589_349.txt air/gen_1777446597_352.txt air/gen_1777446605_355.txt air/gen_1777446613_358.txt air/gen_1777446621_361.txt air/gen_1777446629_364.txt air/gen_1777446636_367.txt air/gen_1777446644_370.txt air/gen_1777446652_373.txt air/gen_1777446660_376.txt air/gen_1777446667_379.txt air/gen_1777446675_382.txt air/gen_1777446683_385.txt air/gen_1777446691_388.txt air/gen_1777446699_391.txt air/gen_1777446707_394.txt air/gen_1777446714_397.txt air/gen_1777446722_400.txt air/gen_1777446730_403.txt air/gen_1777446738_406.txt air/gen_1777446745_409.txt air/gen_1777446753_412.txt air/gen_1777446761_415.txt air/gen_1777446769_418.txt air/gen_1777446776_421.txt air/gen_1777446784_424.txt air/gen_1777446792_427.txt air/gen_1777446800_430.txt air/gen_1777446808_433.txt air/gen_1777446816_436.txt air/gen_1777446824_439.txt air/gen_1777446832_442.txt air/gen_1777446840_445.txt air/gen_1777446848_448.txt air/gen_1777446856_451.txt air/gen_1777446864_454.txt air/gen_1777446872_457.txt air/gen_1777446880_460.txt air/gen_1777446888_463.txt air/gen_1777446896_466.txt air/gen_1777446904_469.txt air/gen_1777446912_472.txt air/gen_1777446920_475.txt air/gen_1777446928_478.txt air/gen_1777446936_481.txt air/gen_1777446944_484.txt air/gen_1777446951_487.txt air/gen_1777446959_490.txt air/gen_1777446967_493.txt air/gen_1777446975_496.txt air/gen_1777446983_499.txt air/gen_1777446991_502.txt air/gen_1777446999_505.txt air/gen_1777447007_508.txt air/gen_1777447015_511.txt air/gen_1777447031_517.txt air/gen_1777447039_520.txt air/gen_1777447047_523.txt air/gen_1777447055_526.txt air/gen_1777447063_529.txt air/gen_1777447071_532.txt air/gen_1777447080_535.txt air/gen_1777447088_538.txt air/gen_1777447096_541.txt air/gen_1777447104_544.txt air/gen_1777447112_547.txt air/gen_1777447119_550.txt air/gen_1777447127_553.txt air/gen_1777447135_556.txt air/gen_1777447143_559.txt air/gen_1777447151_562.txt air/gen_1777447159_565.txt air/gen_1777447166_568.txt air/gen_1777447174_571.txt air/gen_1777447182_574.txt air/gen_1777447190_577.txt air/gen_1777447197_580.txt air/gen_1777447206_583.txt air/gen_1777447214_586.txt air/gen_1777447222_589.txt air/gen_1777447229_592.txt air/gen_1777447237_595.txt air/gen_1777447245_598.txt air/gen_1777447253_601.txt air/gen_1777447261_604.txt air/gen_1777447268_607.txt air/gen_1777447276_610.txt air/gen_1777447284_613.txt air/gen_1777447292_616.txt air/gen_1777447300_619.txt air/gen_1777447308_622.txt air/gen_1777447315_625.txt air/gen_1777447323_628.txt air/gen_1777447331_631.txt air/gen_1777447339_634.txt air/gen_1777447347_637.txt air/gen_1777447355_640.txt air/gen_1777447363_643.txt air/gen_1777447371_646.txt air/gen_1777447379_649.txt air/gen_1777447387_652.txt air/gen_1777447395_655.txt air/gen_1777447403_658.txt air/gen_1777447411_661.txt air/gen_1777447419_664.txt air/gen_1777447427_667.txt air/gen_1777447435_670.txt air/gen_1777447443_673.txt air/gen_1777447451_676.txt air/gen_1777447458_679.txt]
[trainer] micro-train burst (15940 bytes, novelty 0.03) — and lo, it feeds again.
[syntropy] action=explore | trend=0.0000 | field_dev=-0.038 | purpose_align=-0.023 | lr_mul=1.30
[aml] burst complete: 32 steps, avg loss 1.8207 (memory freed)
[dna] water wrote 94 bytes to ecology
[dna] water wrote 84 bytes to ecology
[dna] water wrote 49 bytes to ecology
[dna] water wrote 65 bytes to ecology
[dna] water wrote 70 bytes to ecology
[dna] water wrote 149 bytes to ecology
[dna] water wrote 166 bytes to ecology
[dna] water wrote 32 bytes to ecology
[dna] water wrote 24 bytes to ecology
[dna] water wrote 42 bytes to ecology
[dna] water wrote 33 bytes to ecology
[dna] water wrote 8 bytes to ecology
[dna] water wrote 46 bytes to ecology
[dna] water wrote 94 bytes to ecology
[dna] water wrote 46 bytes to ecology
[dna] water wrote 63 bytes to ecology
[debug-onto] tick=50 corpus=141863 stage=2 freeze=0
[dna] water wrote 91 bytes to ecology
[dna] water wrote 113 bytes to ecology
[dna] water wrote 55 bytes to ecology
[dna] water wrote 153 bytes to ecology
[dna] water wrote 143 bytes to ecology
[dna] water wrote 32 bytes to ecology
[dna] water wrote 70 bytes to ecology
[dna] water wrote 34 bytes to ecology
[dna] water wrote 65 bytes to ecology
[dna] water wrote 27 bytes to ecology
[dna] water wrote 158 bytes to ecology
[dna] water wrote 38 bytes to ecology
[dna] water wrote 106 bytes to ecology
[dna] water wrote 111 bytes to ecology
[dna] water wrote 155 bytes to ecology
[dna] water wrote 44 bytes to ecology
[dna] water wrote 136 bytes to ecology
[debug-onto] tick=100 corpus=141863 stage=2 freeze=0
[dna] water wrote 39 bytes to ecology
[dna] water wrote 23 bytes to ecology
[dna] water wrote 31 bytes to ecology
[dna] water wrote 33 bytes to ecology
[dna] water wrote 43 bytes to ecology
[dna] water wrote 74 bytes to ecology
[dna] water wrote 79 bytes to ecology
[dna] water wrote 41 bytes to ecology
[dna] water wrote 33 bytes to ecology
[dna] water wrote 177 bytes to ecology
[dna] water wrote 152 bytes to ecology
[dna] water wrote 43 bytes to ecology
[dna] water wrote 40 bytes to ecology
[dna] water wrote 68 bytes to ecology
[dna] water wrote 17 bytes to ecology
[dna] water wrote 58 bytes to ecology
[debug-onto] tick=150 corpus=141863 stage=2 freeze=0
[dna] water wrote 78 bytes to ecology
[dna] water wrote 269 bytes to ecology
[dna] water wrote 30 bytes to ecology
[dna] water wrote 55 bytes to ecology
[dna] water wrote 36 bytes to ecology
[dna] water wrote 77 bytes to ecology
[dna] water wrote 51 bytes to ecology
[dna] water wrote 51 bytes to ecology
[dna] water wrote 83 bytes to ecology
[dna] water wrote 131 bytes to ecology
[dna] water wrote 70 bytes to ecology
[dna] water wrote 78 bytes to ecology
[dna] water wrote 147 bytes to ecology
[dna] water wrote 73 bytes to ecology
[dna] water wrote 35 bytes to ecology
[dna] water wrote 24 bytes to ecology
[dna] water wrote 89 bytes to ecology
[debug-onto] tick=200 corpus=141863 stage=2 freeze=0
[dna] water wrote 171 bytes to ecology
[dna] water wrote 50 bytes to ecology
[dna] water wrote 53 bytes to ecology
[dna] water wrote 60 bytes to ecology
[dna] water wrote 55 bytes to ecology
[dna] water wrote 101 bytes to ecology
[dna] water wrote 168 bytes to ecology
[dna] water wrote 30 bytes to ecology
[dna] water wrote 73 bytes to ecology
[dna] water wrote 67 bytes to ecology
[dna] water wrote 58 bytes to ecology
[dna] water wrote 152 bytes to ecology
[dna] water wrote 31 bytes to ecology
[dna] water wrote 19 bytes to ecology
[dna] water wrote 29 bytes to ecology
[dna] water wrote 52 bytes to ecology
[dna] water wrote 44 bytes to ecology
[debug-onto] tick=250 corpus=141863 stage=2 freeze=0
[dna] water wrote 21 bytes to ecology
[dna] water wrote 98 bytes to ecology
[dna] water wrote 134 bytes to ecology
[dna] water wrote 208 bytes to ecology
[dna] water wrote 70 bytes to ecology
[dna] water wrote 84 bytes to ecology
[dna] water wrote 69 bytes to ecology
[dna] water wrote 69 bytes to ecology
[dna] water wrote 47 bytes to ecology
[dna] water wrote 150 bytes to ecology
[dna] water wrote 61 bytes to ecology
[dna] water wrote 55 bytes to ecology
[dna] water wrote 47 bytes to ecology
[dna] water wrote 39 bytes to ecology
[dna] water wrote 35 bytes to ecology
[dna] water wrote 110 bytes to ecology
[debug-onto] tick=300 corpus=141863 stage=2 freeze=0
[dna] water wrote 34 bytes to ecology
[dna] water wrote 78 bytes to ecology
[dna] water wrote 58 bytes to ecology
[dna] water wrote 75 bytes to ecology
[dna] water wrote 75 bytes to ecology
[dna] water wrote 77 bytes to ecology
[dna] water wrote 160 bytes to ecology
[dna] water wrote 59 bytes to ecology
[dna] water wrote 43 bytes to ecology
[dna] water wrote 116 bytes to ecology
[dna] water wrote 37 bytes to ecology
[dna] water wrote 240 bytes to ecology
[dna] water wrote 47 bytes to ecology
[dna] water wrote 155 bytes to ecology
[dna] water wrote 83 bytes to ecology
[dna] water wrote 64 bytes to ecology
[dna] water wrote 166 bytes to ecology
[debug-onto] tick=350 corpus=141863 stage=2 freeze=0
[dna] water wrote 126 bytes to ecology
[dna] water wrote 35 bytes to ecology
[dna] water wrote 45 bytes to ecology
[dna] water wrote 55 bytes to ecology
[dna] water wrote 178 bytes to ecology
[dna] water wrote 41 bytes to ecology
[dna] water wrote 84 bytes to ecology
[dna] water wrote 52 bytes to ecology
[dna] water wrote 25 bytes to ecology
[dna] water wrote 48 bytes to ecology
[dna] water wrote 60 bytes to ecology
[dna] water wrote 13 bytes to ecology
[dna] water wrote 14 bytes to ecology
[dna] water wrote 101 bytes to ecology
[dna] water wrote 145 bytes to ecology
[dna] water wrote 88 bytes to ecology
[dna] water wrote 116 bytes to ecology
[debug-onto] tick=400 corpus=141863 stage=2 freeze=0
[dna] water wrote 52 bytes to ecology
[dna] water wrote 31 bytes to ecology
[dna] water wrote 30 bytes to ecology
[dna] water wrote 101 bytes to ecology
[dna] water wrote 41 bytes to ecology
[dna] water wrote 124 bytes to ecology
[dna] water wrote 76 bytes to ecology
[dna] water wrote 17 bytes to ecology
[dna] water wrote 116 bytes to ecology
[dna] water wrote 72 bytes to ecology
[dna] water wrote 42 bytes to ecology
[dna] water wrote 47 bytes to ecology
[dna] water wrote 189 bytes to ecology
[dna] water wrote 75 bytes to ecology
[dna] water wrote 36 bytes to ecology
[dna] water wrote 73 bytes to ecology
[debug-onto] tick=450 corpus=141863 stage=2 freeze=0
[dna] water wrote 133 bytes to ecology
[dna] water wrote 178 bytes to ecology
[dna] water wrote 53 bytes to ecology
[dna] water wrote 47 bytes to ecology
[dna] water wrote 34 bytes to ecology
[dna] water wrote 36 bytes to ecology
[dna] water wrote 48 bytes to ecology
[dna] water wrote 25 bytes to ecology
[dna] water wrote 76 bytes to ecology
[dna] water wrote 52 bytes to ecology
[dna] water wrote 42 bytes to ecology
[dna] water wrote 61 bytes to ecology
[dna] water wrote 47 bytes to ecology
[dna] water wrote 31 bytes to ecology
[dna] water wrote 118 bytes to ecology
[dna] water wrote 27 bytes to ecology
[dna] water wrote 39 bytes to ecology
[debug-onto] tick=500 corpus=141863 stage=2 freeze=0
[dna] water wrote 42 bytes to ecology
[dna] water wrote 110 bytes to ecology
[dna] water wrote 51 bytes to ecology
[dna] water wrote 17 bytes to ecology
[dna] water wrote 70 bytes to ecology
[dna] water wrote 45 bytes to ecology
[dna] water wrote 32 bytes to ecology
[dna] water wrote 43 bytes to ecology
[dna] water wrote 33 bytes to ecology
[dna] water wrote 95 bytes to ecology
[dna] water wrote 45 bytes to ecology
[dna] water wrote 88 bytes to ecology
[dna] water wrote 26 bytes to ecology
[dna] water wrote 60 bytes to ecology
[dna] water wrote 81 bytes to ecology
[dna] water wrote 110 bytes to ecology
[dna] water wrote 76 bytes to ecology
[debug-onto] tick=550 corpus=141863 stage=2 freeze=0
[dna] water wrote 56 bytes to ecology
[dna] water wrote 67 bytes to ecology
[dna] water wrote 34 bytes to ecology
[dna] water wrote 99 bytes to ecology
[dna] water wrote 36 bytes to ecology
[dna] water wrote 74 bytes to ecology
[dna] water wrote 46 bytes to ecology
[dna] water wrote 26 bytes to ecology
[dna] water wrote 34 bytes to ecology
[dna] water wrote 76 bytes to ecology
[dna] water wrote 47 bytes to ecology
[dna] water wrote 103 bytes to ecology
[dna] water wrote 73 bytes to ecology
[dna] water wrote 32 bytes to ecology
[dna] water wrote 46 bytes to ecology
[dna] water wrote 73 bytes to ecology
[debug-onto] tick=600 corpus=141863 stage=2 freeze=0
[dna] water wrote 62 bytes to ecology
[dna] water wrote 36 bytes to ecology
[dna] water wrote 65 bytes to ecology
[dna] water wrote 29 bytes to ecology
[dna] water wrote 37 bytes to ecology
[dna] water wrote 124 bytes to ecology
[dna] water wrote 43 bytes to ecology
[dna] water wrote 63 bytes to ecology
[dna] water wrote 34 bytes to ecology
[dna] water wrote 65 bytes to ecology
[dna] water wrote 34 bytes to ecology

[evolution] Organism shutting down gracefully.
