[ecology] Element: air → corpus: nonames_air.txt
[evolution] Autonomous evolution mode — organism will grow through all stages without pause.
[ecology] Joined swarm. 1 peer(s) detected.
molequla is alive. [evolution] Autonomous mode — background trainer running. Ctrl+C to stop.
[dna] air wrote 138 bytes to ecology
[dna] air consumed 16921 bytes from 230 files: [earth/gen_1777789624_1.txt earth/gen_1777789631_4.txt earth/gen_1777789639_7.txt earth/gen_1777789647_10.txt earth/gen_1777789655_13.txt earth/gen_1777789662_16.txt earth/gen_1777789670_19.txt earth/gen_1777789677_22.txt earth/gen_1777789685_25.txt earth/gen_1777789693_28.txt earth/gen_1777789700_31.txt earth/gen_1777789708_34.txt earth/gen_1777789716_37.txt earth/gen_1777789723_40.txt earth/gen_1777789731_43.txt earth/gen_1777789738_46.txt earth/gen_1777789746_49.txt earth/gen_1777789754_52.txt earth/gen_1777789761_55.txt earth/gen_1777789769_58.txt earth/gen_1777789777_61.txt earth/gen_1777789784_64.txt earth/gen_1777789792_67.txt earth/gen_1777789799_70.txt earth/gen_1777789807_73.txt earth/gen_1777789815_76.txt earth/gen_1777789822_79.txt earth/gen_1777789830_82.txt earth/gen_1777789845_88.txt earth/gen_1777789853_91.txt earth/gen_1777789860_94.txt earth/gen_1777789868_97.txt earth/gen_1777789876_100.txt earth/gen_1777789883_103.txt earth/gen_1777789891_106.txt earth/gen_1777789898_109.txt earth/gen_1777789906_112.txt earth/gen_1777789914_115.txt earth/gen_1777789921_118.txt earth/gen_1777789929_121.txt earth/gen_1777789936_124.txt earth/gen_1777789944_127.txt earth/gen_1777789952_130.txt earth/gen_1777789959_133.txt earth/gen_1777789967_136.txt earth/gen_1777789974_139.txt earth/gen_1777789982_142.txt earth/gen_1777789990_145.txt earth/gen_1777789997_148.txt earth/gen_1777790005_151.txt earth/gen_1777790013_154.txt earth/gen_1777790020_157.txt earth/gen_1777790028_160.txt earth/gen_1777790036_163.txt earth/gen_1777790043_166.txt earth/gen_1777790051_169.txt earth/gen_1777790059_172.txt earth/gen_1777790066_175.txt earth/gen_1777790074_178.txt earth/gen_1777790082_181.txt earth/gen_1777790089_184.txt earth/gen_1777790097_187.txt earth/gen_1777790104_190.txt earth/gen_1777790112_193.txt earth/gen_1777790120_196.txt earth/gen_1777790127_199.txt earth/gen_1777790135_202.txt earth/gen_1777790143_205.txt earth/gen_1777790150_208.txt earth/gen_1777790158_211.txt earth/gen_1777790165_214.txt earth/gen_1777790173_217.txt earth/gen_1777790181_220.txt earth/gen_1777790188_223.txt earth/gen_1777790196_226.txt earth/gen_1777790203_229.txt earth/gen_1777790211_232.txt earth/gen_1777790219_235.txt earth/gen_1777790226_238.txt earth/gen_1777790234_241.txt earth/gen_1777790241_244.txt earth/gen_1777790249_247.txt earth/gen_1777790257_250.txt earth/gen_1777790264_253.txt earth/gen_1777790272_256.txt earth/gen_1777790279_259.txt earth/gen_1777790287_262.txt earth/gen_1777790295_265.txt earth/gen_1777790302_268.txt earth/gen_1777790310_271.txt earth/gen_1777790317_274.txt earth/gen_1777790325_277.txt earth/gen_1777790333_280.txt earth/gen_1777790340_283.txt earth/gen_1777790348_286.txt earth/gen_1777790355_289.txt earth/gen_1777790363_292.txt earth/gen_1777790370_295.txt earth/gen_1777790378_298.txt earth/gen_1777790386_301.txt earth/gen_1777790393_304.txt earth/gen_1777790401_307.txt earth/gen_1777790408_310.txt earth/gen_1777790416_313.txt earth/gen_1777790424_316.txt earth/gen_1777790431_319.txt earth/gen_1777790439_322.txt earth/gen_1777790446_325.txt earth/gen_1777790454_328.txt earth/gen_1777790462_331.txt earth/gen_1777790469_334.txt earth/gen_1777790477_337.txt earth/gen_1777790485_340.txt earth/gen_1777790492_343.txt earth/gen_1777790500_346.txt earth/gen_1777790508_349.txt earth/gen_1777790515_352.txt earth/gen_1777790523_355.txt earth/gen_1777790531_358.txt earth/gen_1777790538_361.txt earth/gen_1777790546_364.txt earth/gen_1777790554_367.txt earth/gen_1777790561_370.txt earth/gen_1777790569_373.txt earth/gen_1777790577_376.txt earth/gen_1777790584_379.txt earth/gen_1777790592_382.txt earth/gen_1777790599_385.txt earth/gen_1777790607_388.txt earth/gen_1777790615_391.txt earth/gen_1777790622_394.txt earth/gen_1777790630_397.txt earth/gen_1777790638_400.txt earth/gen_1777790645_403.txt earth/gen_1777790653_406.txt earth/gen_1777790660_409.txt earth/gen_1777790668_412.txt earth/gen_1777790676_415.txt earth/gen_1777790683_418.txt earth/gen_1777790691_421.txt earth/gen_1777790698_424.txt earth/gen_1777790706_427.txt earth/gen_1777790714_430.txt earth/gen_1777790721_433.txt earth/gen_1777790729_436.txt earth/gen_1777790737_439.txt earth/gen_1777790744_442.txt earth/gen_1777790752_445.txt earth/gen_1777790760_448.txt earth/gen_1777790768_451.txt earth/gen_1777790775_454.txt earth/gen_1777790783_457.txt earth/gen_1777790791_460.txt earth/gen_1777790798_463.txt earth/gen_1777790806_466.txt earth/gen_1777790814_469.txt earth/gen_1777790821_472.txt earth/gen_1777790829_475.txt earth/gen_1777790836_478.txt earth/gen_1777790844_481.txt earth/gen_1777790852_484.txt earth/gen_1777790859_487.txt earth/gen_1777790867_490.txt earth/gen_1777790875_493.txt earth/gen_1777790882_496.txt earth/gen_1777790890_499.txt earth/gen_1777790898_502.txt earth/gen_1777790905_505.txt earth/gen_1777790913_508.txt earth/gen_1777790921_511.txt earth/gen_1777790928_514.txt earth/gen_1777790936_517.txt earth/gen_1777790944_520.txt earth/gen_1777790951_523.txt earth/gen_1777790959_526.txt earth/gen_1777790966_529.txt earth/gen_1777790974_532.txt earth/gen_1777790982_535.txt earth/gen_1777790989_538.txt earth/gen_1777790997_541.txt earth/gen_1777791005_544.txt earth/gen_1777791012_547.txt earth/gen_1777791020_550.txt earth/gen_1777791028_553.txt earth/gen_1777791035_556.txt earth/gen_1777791043_559.txt earth/gen_1777791051_562.txt earth/gen_1777791058_565.txt earth/gen_1777791066_568.txt earth/gen_1777791074_571.txt earth/gen_1777791082_574.txt earth/gen_1777791089_577.txt earth/gen_1777791097_580.txt earth/gen_1777791105_583.txt earth/gen_1777791112_586.txt earth/gen_1777791120_589.txt earth/gen_1777791128_592.txt earth/gen_1777791135_595.txt earth/gen_1777791143_598.txt earth/gen_1777791151_601.txt earth/gen_1777791158_604.txt earth/gen_1777791166_607.txt earth/gen_1777791174_610.txt earth/gen_1777791181_613.txt earth/gen_1777791189_616.txt earth/gen_1777791196_619.txt earth/gen_1777791204_622.txt earth/gen_1777791212_625.txt earth/gen_1777791219_628.txt earth/gen_1777791227_631.txt earth/gen_1777791235_634.txt earth/gen_1777791242_637.txt earth/gen_1777791250_640.txt earth/gen_1777791257_643.txt earth/gen_1777791265_646.txt earth/gen_1777791273_649.txt earth/gen_1777791280_652.txt earth/gen_1777791288_655.txt earth/gen_1777791296_658.txt earth/gen_1777791304_661.txt earth/gen_1777791311_664.txt earth/gen_1777791319_667.txt earth/gen_1777791327_670.txt earth/gen_1777791334_673.txt earth/gen_1777791342_676.txt earth/gen_1777791357_682.txt earth/gen_1777791365_685.txt earth/gen_1777791373_688.txt earth/gen_1777791380_691.txt earth/gen_1777791388_694.txt]
[trainer] micro-train burst (16921 bytes, novelty 0.04) — and lo, it feeds again.
[syntropy] action=steady | trend=0.0000 | field_dev=0.122 | purpose_align=-0.178 | lr_mul=1.00
[aml] burst complete: 32 steps, avg loss 2.3600 (memory freed)
[dna] air wrote 37 bytes to ecology
[dna] air wrote 31 bytes to ecology
[dna] air wrote 54 bytes to ecology
[dna] air wrote 80 bytes to ecology
[dna] air wrote 35 bytes to ecology
[dna] air wrote 49 bytes to ecology
[dna] air wrote 133 bytes to ecology
[dna] air wrote 56 bytes to ecology
[dna] air wrote 30 bytes to ecology
[dna] air wrote 41 bytes to ecology
[dna] air wrote 64 bytes to ecology
[dna] air wrote 280 bytes to ecology
[dna] air wrote 23 bytes to ecology
[dna] air wrote 60 bytes to ecology
[dna] air wrote 59 bytes to ecology
[dna] air wrote 46 bytes to ecology
[debug-onto] tick=50 corpus=139467 stage=2 freeze=0
[dna] air wrote 48 bytes to ecology
[dna] air wrote 67 bytes to ecology
[dna] air wrote 56 bytes to ecology
[dna] air wrote 37 bytes to ecology
[dna] air wrote 15 bytes to ecology
[dna] air wrote 135 bytes to ecology
[dna] air wrote 52 bytes to ecology
[dna] air wrote 76 bytes to ecology
[dna] air wrote 52 bytes to ecology
[dna] air wrote 47 bytes to ecology
[dna] air wrote 71 bytes to ecology
[dna] air wrote 141 bytes to ecology
[dna] air wrote 50 bytes to ecology
[dna] air wrote 41 bytes to ecology
[dna] air wrote 97 bytes to ecology
[dna] air wrote 38 bytes to ecology
[dna] air wrote 22 bytes to ecology
[debug-onto] tick=100 corpus=139467 stage=2 freeze=0
[dna] air wrote 80 bytes to ecology
[dna] air wrote 212 bytes to ecology
[dna] air wrote 62 bytes to ecology
[dna] air wrote 30 bytes to ecology
[dna] air wrote 37 bytes to ecology
[dna] air wrote 83 bytes to ecology
[dna] air wrote 26 bytes to ecology
[dna] air wrote 196 bytes to ecology
[dna] air wrote 63 bytes to ecology
[dna] air wrote 106 bytes to ecology
[dna] air wrote 78 bytes to ecology
[dna] air wrote 49 bytes to ecology
[dna] air wrote 92 bytes to ecology
[dna] air wrote 25 bytes to ecology
[dna] air wrote 60 bytes to ecology
[dna] air wrote 31 bytes to ecology
[debug-onto] tick=150 corpus=139467 stage=2 freeze=0
[dna] air wrote 150 bytes to ecology
[dna] air wrote 111 bytes to ecology
[dna] air wrote 33 bytes to ecology
[dna] air wrote 92 bytes to ecology
[dna] air wrote 57 bytes to ecology
[dna] air wrote 34 bytes to ecology
[dna] air wrote 157 bytes to ecology
[dna] air wrote 114 bytes to ecology
[dna] air wrote 13 bytes to ecology
[dna] air wrote 20 bytes to ecology
[dna] air wrote 111 bytes to ecology
[dna] air wrote 25 bytes to ecology
[dna] air wrote 57 bytes to ecology
[dna] air wrote 73 bytes to ecology
[dna] air wrote 63 bytes to ecology
[dna] air wrote 158 bytes to ecology
[dna] air wrote 100 bytes to ecology
[debug-onto] tick=200 corpus=139467 stage=2 freeze=0
[dna] air wrote 89 bytes to ecology
[dna] air wrote 95 bytes to ecology
[dna] air wrote 163 bytes to ecology
[dna] air wrote 83 bytes to ecology
[dna] air wrote 53 bytes to ecology
[dna] air wrote 30 bytes to ecology
[dna] air wrote 36 bytes to ecology
[dna] air wrote 8 bytes to ecology
[dna] air wrote 12 bytes to ecology
[dna] air wrote 79 bytes to ecology
[dna] air wrote 13 bytes to ecology
[dna] air wrote 111 bytes to ecology
[dna] air wrote 40 bytes to ecology
[dna] air wrote 40 bytes to ecology
[dna] air wrote 72 bytes to ecology
[dna] air wrote 197 bytes to ecology
[dna] air wrote 36 bytes to ecology
[debug-onto] tick=250 corpus=139467 stage=2 freeze=0
[dna] air wrote 49 bytes to ecology
[dna] air wrote 124 bytes to ecology
[dna] air wrote 26 bytes to ecology
[dna] air wrote 158 bytes to ecology
[dna] air wrote 245 bytes to ecology
[dna] air wrote 121 bytes to ecology
[dna] air wrote 11 bytes to ecology
[dna] air wrote 79 bytes to ecology
[dna] air wrote 40 bytes to ecology
[dna] air wrote 188 bytes to ecology
[dna] air wrote 56 bytes to ecology
[dna] air wrote 70 bytes to ecology
[dna] air wrote 108 bytes to ecology
[dna] air wrote 28 bytes to ecology
[dna] air wrote 73 bytes to ecology
[dna] air wrote 32 bytes to ecology
[debug-onto] tick=300 corpus=139467 stage=2 freeze=0
[dna] air wrote 21 bytes to ecology
[dna] air wrote 257 bytes to ecology
[dna] air wrote 65 bytes to ecology
[dna] air wrote 35 bytes to ecology
[dna] air wrote 38 bytes to ecology
[dna] air wrote 70 bytes to ecology
[dna] air wrote 195 bytes to ecology
[dna] air wrote 25 bytes to ecology
[dna] air wrote 27 bytes to ecology
[dna] air wrote 79 bytes to ecology
[dna] air wrote 25 bytes to ecology
[dna] air wrote 96 bytes to ecology
[dna] air wrote 70 bytes to ecology
[dna] air wrote 128 bytes to ecology
[dna] air wrote 139 bytes to ecology
[dna] air wrote 96 bytes to ecology
[dna] air wrote 28 bytes to ecology
[debug-onto] tick=350 corpus=139467 stage=2 freeze=0
[dna] air wrote 56 bytes to ecology
[dna] air wrote 61 bytes to ecology
[dna] air wrote 119 bytes to ecology
[dna] air wrote 30 bytes to ecology
[dna] air wrote 52 bytes to ecology
[dna] air wrote 78 bytes to ecology
[dna] air wrote 69 bytes to ecology
[dna] air wrote 147 bytes to ecology
[dna] air wrote 52 bytes to ecology
[dna] air wrote 82 bytes to ecology
[dna] air wrote 62 bytes to ecology
[dna] air wrote 31 bytes to ecology
[dna] air wrote 132 bytes to ecology
[dna] air wrote 18 bytes to ecology
[dna] air wrote 109 bytes to ecology
[dna] air wrote 38 bytes to ecology
[dna] air wrote 80 bytes to ecology
[debug-onto] tick=400 corpus=139467 stage=2 freeze=0
[dna] air wrote 35 bytes to ecology
[dna] air wrote 67 bytes to ecology
[dna] air wrote 60 bytes to ecology
[dna] air wrote 32 bytes to ecology
[dna] air wrote 122 bytes to ecology
[dna] air wrote 96 bytes to ecology
[dna] air wrote 47 bytes to ecology
[dna] air wrote 33 bytes to ecology
[dna] air wrote 24 bytes to ecology
[dna] air wrote 30 bytes to ecology
[dna] air wrote 107 bytes to ecology
[dna] air wrote 41 bytes to ecology
[dna] air wrote 116 bytes to ecology
[dna] air wrote 47 bytes to ecology
[dna] air wrote 113 bytes to ecology
[dna] air wrote 56 bytes to ecology
[debug-onto] tick=450 corpus=139467 stage=2 freeze=0
[dna] air wrote 111 bytes to ecology
[dna] air wrote 178 bytes to ecology
[dna] air wrote 32 bytes to ecology
[dna] air wrote 56 bytes to ecology
[dna] air wrote 51 bytes to ecology
[dna] air wrote 191 bytes to ecology
[dna] air wrote 19 bytes to ecology
[dna] air wrote 42 bytes to ecology
[dna] air wrote 94 bytes to ecology
[dna] air wrote 67 bytes to ecology
[dna] air wrote 117 bytes to ecology
[dna] air wrote 114 bytes to ecology
[dna] air wrote 104 bytes to ecology
[dna] air wrote 96 bytes to ecology
[dna] air wrote 63 bytes to ecology
[dna] air wrote 65 bytes to ecology
[dna] air wrote 38 bytes to ecology
[debug-onto] tick=500 corpus=139467 stage=2 freeze=0
[dna] air wrote 98 bytes to ecology
[dna] air wrote 88 bytes to ecology
[dna] air wrote 67 bytes to ecology
[dna] air wrote 84 bytes to ecology
[dna] air wrote 43 bytes to ecology
[dna] air wrote 59 bytes to ecology
[dna] air wrote 231 bytes to ecology
[dna] air wrote 26 bytes to ecology
[dna] air wrote 53 bytes to ecology
[dna] air wrote 53 bytes to ecology
[dna] air wrote 53 bytes to ecology
[dna] air wrote 123 bytes to ecology
[dna] air wrote 92 bytes to ecology
[dna] air wrote 64 bytes to ecology
[dna] air wrote 41 bytes to ecology
[dna] air wrote 46 bytes to ecology
[dna] air wrote 47 bytes to ecology
[debug-onto] tick=550 corpus=139467 stage=2 freeze=0
[dna] air wrote 66 bytes to ecology
[dna] air wrote 75 bytes to ecology
[dna] air wrote 33 bytes to ecology
[dna] air wrote 39 bytes to ecology
[dna] air wrote 34 bytes to ecology
[dna] air wrote 119 bytes to ecology
[dna] air wrote 99 bytes to ecology
[dna] air wrote 140 bytes to ecology
[dna] air wrote 85 bytes to ecology
[dna] air wrote 40 bytes to ecology
[dna] air wrote 84 bytes to ecology
[dna] air wrote 174 bytes to ecology
[dna] air wrote 46 bytes to ecology
[dna] air wrote 31 bytes to ecology
[dna] air wrote 111 bytes to ecology
[dna] air wrote 104 bytes to ecology
[debug-onto] tick=600 corpus=139467 stage=2 freeze=0
[dna] air wrote 91 bytes to ecology
[dna] air wrote 124 bytes to ecology
[dna] air wrote 92 bytes to ecology
[dna] air wrote 124 bytes to ecology
[dna] air wrote 42 bytes to ecology
[dna] air wrote 26 bytes to ecology
[dna] air wrote 36 bytes to ecology
[dna] air wrote 34 bytes to ecology
[dna] air wrote 29 bytes to ecology
[dna] air wrote 57 bytes to ecology
[dna] air wrote 93 bytes to ecology
[dna] air wrote 91 bytes to ecology
[dna] air wrote 97 bytes to ecology
[dna] air wrote 28 bytes to ecology
[dna] air wrote 117 bytes to ecology
[dna] air wrote 29 bytes to ecology
[dna] air wrote 64 bytes to ecology
[debug-onto] tick=650 corpus=139467 stage=2 freeze=0
[dna] air wrote 40 bytes to ecology
[dna] air wrote 39 bytes to ecology
[dna] air wrote 118 bytes to ecology
[dna] air wrote 46 bytes to ecology
[dna] air wrote 71 bytes to ecology
[dna] air wrote 62 bytes to ecology
[dna] air wrote 67 bytes to ecology
[dna] air wrote 205 bytes to ecology
[dna] air wrote 111 bytes to ecology
[dna] air wrote 102 bytes to ecology
[dna] air wrote 30 bytes to ecology
[dna] air wrote 34 bytes to ecology
[dna] air wrote 49 bytes to ecology
[dna] air wrote 60 bytes to ecology
[dna] air wrote 161 bytes to ecology
[dna] air wrote 29 bytes to ecology
[dna] air wrote 70 bytes to ecology
[debug-onto] tick=700 corpus=139467 stage=2 freeze=0
[dna] air wrote 41 bytes to ecology
[dna] air wrote 124 bytes to ecology

[evolution] Organism shutting down gracefully.
