[ecology] Element: earth → corpus: nonames_earth.txt
[evolution] Autonomous evolution mode — organism will grow through all stages without pause.
[init] Stage 0 (embryo): embd=16, layer=1, head=1 — warmup 400 steps (400 backprop + 0 notorch, sqrt-scaled 1x)
  [aml] step 0/160 | loss 6.6753 (avg 6.6753) | lr 0.001000 | seq 8
  [aml] step 10/160 | loss 6.2048 (avg 6.4321) | lr 0.001450 | seq 8
  [aml] step 20/160 | loss 6.2819 (avg 6.2935) | lr 0.001900 | seq 8
  [aml] step 30/160 | loss 5.7240 (avg 6.2010) | lr 0.002350 | seq 8
  [aml] step 40/160 | loss 5.4360 (avg 6.0804) | lr 0.002800 | seq 8
  [aml] step 50/160 | loss 4.6462 (avg 5.9251) | lr 0.003250 | seq 8
  [aml] step 60/160 | loss 4.8501 (avg 5.7636) | lr 0.003700 | seq 8
  [aml] step 70/160 | loss 5.2598 (avg 5.6434) | lr 0.004150 | seq 8
  [aml] step 80/160 | loss 2.9757 (avg 5.5145) | lr 0.004600 | seq 8
  [aml] step 90/160 | loss 4.2417 (avg 5.3729) | lr 0.005050 | seq 8
  [aml] step 100/160 | loss 4.9688 (avg 5.2937) | lr 0.005500 | seq 8
  [aml] step 110/160 | loss 5.5156 (avg 5.1635) | lr 0.005950 | seq 8
  [aml] step 120/160 | loss 3.8100 (avg 5.0959) | lr 0.006400 | seq 8
  [aml] step 130/160 | loss 5.9537 (avg 5.0605) | lr 0.006850 | seq 8
  [aml] step 140/160 | loss 2.9956 (avg 5.0238) | lr 0.007300 | seq 8
  [aml] step 150/160 | loss 2.6599 (avg 4.9921) | lr 0.007750 | seq 8
[aml] training complete: 160 steps, avg loss 4.9499 (memory freed)
  [aml] step 0/120 | loss 4.5832 (avg 4.5832) | lr 0.008200 | seq 16
  [aml] step 10/120 | loss 4.1805 (avg 4.3436) | lr 0.008650 | seq 16
  [aml] step 20/120 | loss 3.4335 (avg 4.3426) | lr 0.009100 | seq 16
  [aml] step 30/120 | loss 3.3371 (avg 4.1582) | lr 0.009550 | seq 16
  [aml] step 40/120 | loss 3.2013 (avg 4.2149) | lr 0.010000 | seq 16
  [aml] step 50/120 | loss 3.0753 (avg 4.2236) | lr 0.010000 | seq 16
  [aml] step 60/120 | loss 4.4264 (avg 4.2459) | lr 0.010000 | seq 16
  [aml] step 70/120 | loss 4.2406 (avg 4.2042) | lr 0.010000 | seq 16
  [aml] step 80/120 | loss 4.9692 (avg 4.1806) | lr 0.009999 | seq 16
  [aml] step 90/120 | loss 4.8990 (avg 4.1072) | lr 0.009999 | seq 16
  [aml] step 100/120 | loss 4.0299 (avg 4.0570) | lr 0.009999 | seq 16
  [aml] step 110/120 | loss 5.1794 (avg 3.9801) | lr 0.009999 | seq 16
[aml] training complete: 120 steps, avg loss 3.9862 (memory freed)
  [aml] step 0/120 | loss 2.6423 (avg 2.6423) | lr 0.009999 | seq 32
  [aml] step 10/120 | loss 4.7078 (avg 3.9575) | lr 0.009999 | seq 32
  [aml] step 20/120 | loss 4.5283 (avg 3.8369) | lr 0.009999 | seq 32
  [aml] step 30/120 | loss 3.9268 (avg 3.5600) | lr 0.009999 | seq 32
  [aml] step 40/120 | loss 4.1015 (avg 3.5010) | lr 0.009999 | seq 32
  [aml] step 50/120 | loss 4.0158 (avg 3.4551) | lr 0.009999 | seq 32
  [aml] step 60/120 | loss 2.8448 (avg 3.3880) | lr 0.009999 | seq 32
  [aml] step 70/120 | loss 1.4083 (avg 3.3619) | lr 0.009999 | seq 32
  [aml] step 80/120 | loss 4.5344 (avg 3.3543) | lr 0.009999 | seq 32
  [aml] step 90/120 | loss 1.6968 (avg 3.3091) | lr 0.009999 | seq 32
  [aml] step 100/120 | loss 0.8810 (avg 3.3149) | lr 0.009999 | seq 32
  [aml] step 110/120 | loss 0.9349 (avg 3.1916) | lr 0.009999 | seq 32
[aml] training complete: 120 steps, avg loss 3.1011 (memory freed)

[stage 0 — embryo] What it sounds like now:
  Q: Hello.
  A: The d so the lesson of rock hillside of rock — the lar.
  Q: Who are you?
  A: to the ma? The earthquake intrusive — water.
  Q: What do you know?
  A: What is the most evolved where a is a care common rock form where the earth's what map of the same channel againes.

[growth] ONTOGENESIS: stage 0 -> 1
  embd: 16 -> 32, layer: 1 -> 1, head: 1 -> 2
[growth] Done. Freeze for 500 steps.
[init] Stage 1 (infant): embd=32, layer=1, head=2 — warmup 800 steps (800 backprop + 0 notorch, sqrt-scaled 2x)
  [aml] step 0/320 | loss 5.9926 (avg 5.9926) | lr 0.000500 | seq 8
  [aml] step 10/320 | loss 5.6533 (avg 6.0074) | lr 0.000725 | seq 8
  [aml] step 20/320 | loss 4.2735 (avg 5.3066) | lr 0.000950 | seq 8
  [aml] step 30/320 | loss 3.5664 (avg 5.0379) | lr 0.001175 | seq 8
  [aml] step 40/320 | loss 2.4711 (avg 4.8811) | lr 0.001400 | seq 8
  [aml] step 50/320 | loss 3.6793 (avg 4.6940) | lr 0.001625 | seq 8
  [aml] step 60/320 | loss 3.7649 (avg 4.5976) | lr 0.001850 | seq 8
  [aml] step 70/320 | loss 5.2426 (avg 4.4234) | lr 0.002075 | seq 8
  [aml] step 80/320 | loss 4.9195 (avg 4.3306) | lr 0.002300 | seq 8
  [aml] step 90/320 | loss 5.3163 (avg 4.3685) | lr 0.002525 | seq 8
  [aml] step 100/320 | loss 2.5952 (avg 4.2833) | lr 0.002750 | seq 8
  [aml] step 110/320 | loss 3.9601 (avg 4.2722) | lr 0.002975 | seq 8
  [aml] step 120/320 | loss 3.8459 (avg 4.2212) | lr 0.003200 | seq 8
  [aml] step 130/320 | loss 1.1293 (avg 4.1386) | lr 0.003425 | seq 8
  [aml] step 140/320 | loss 4.2544 (avg 4.0833) | lr 0.003650 | seq 8
  [aml] step 150/320 | loss 5.4026 (avg 4.0791) | lr 0.003875 | seq 8
  [aml] step 160/320 | loss 1.7976 (avg 4.0810) | lr 0.004100 | seq 8
  [aml] step 170/320 | loss 3.1156 (avg 4.0468) | lr 0.004325 | seq 8
  [aml] step 180/320 | loss 4.1982 (avg 4.0503) | lr 0.004550 | seq 8
  [aml] step 190/320 | loss 3.1269 (avg 4.0190) | lr 0.004775 | seq 8
  [aml] step 200/320 | loss 5.4797 (avg 4.0264) | lr 0.004998 | seq 8
  [aml] step 210/320 | loss 2.1074 (avg 3.9735) | lr 0.004998 | seq 8
  [aml] step 220/320 | loss 3.7526 (avg 3.9375) | lr 0.004998 | seq 8
  [aml] step 230/320 | loss 3.9022 (avg 3.9301) | lr 0.004998 | seq 8
  [aml] step 240/320 | loss 3.1491 (avg 3.8893) | lr 0.004998 | seq 8
  [aml] step 250/320 | loss 3.5094 (avg 3.8918) | lr 0.004998 | seq 8
  [aml] step 260/320 | loss 2.6014 (avg 3.8793) | lr 0.004998 | seq 8
  [aml] step 270/320 | loss 1.1399 (avg 3.8631) | lr 0.004998 | seq 8
  [aml] step 280/320 | loss 2.4741 (avg 3.8667) | lr 0.004998 | seq 8
  [aml] step 290/320 | loss 4.3989 (avg 3.8789) | lr 0.004998 | seq 8
  [aml] step 300/320 | loss 2.2829 (avg 3.8573) | lr 0.004998 | seq 8
  [aml] step 310/320 | loss 2.1639 (avg 3.8376) | lr 0.004998 | seq 8
[aml] training complete: 320 steps, avg loss 3.8315 (memory freed)
  [aml] step 0/240 | loss 4.3798 (avg 4.3798) | lr 0.004998 | seq 16
  [aml] step 10/240 | loss 4.0446 (avg 3.1315) | lr 0.004998 | seq 16
  [aml] step 20/240 | loss 4.2712 (avg 3.1508) | lr 0.004998 | seq 16
  [aml] step 30/240 | loss 3.0238 (avg 3.3667) | lr 0.004998 | seq 16
  [aml] step 40/240 | loss 4.3390 (avg 3.3336) | lr 0.004997 | seq 16
  [aml] step 50/240 | loss 4.5704 (avg 3.2706) | lr 0.004997 | seq 16
  [aml] step 60/240 | loss 3.7689 (avg 3.1972) | lr 0.004997 | seq 16
  [aml] step 70/240 | loss 4.0999 (avg 3.2148) | lr 0.004997 | seq 16
  [aml] step 80/240 | loss 1.1285 (avg 3.0895) | lr 0.004997 | seq 16
  [aml] step 90/240 | loss 1.6084 (avg 3.1988) | lr 0.004997 | seq 16
  [aml] step 100/240 | loss 4.8720 (avg 3.1653) | lr 0.004997 | seq 16
  [aml] step 110/240 | loss 1.7762 (avg 3.1622) | lr 0.004997 | seq 16
  [aml] step 120/240 | loss 5.5874 (avg 3.1784) | lr 0.004997 | seq 16
  [aml] step 130/240 | loss 4.6149 (avg 3.2097) | lr 0.004997 | seq 16
  [aml] step 140/240 | loss 0.7104 (avg 3.2143) | lr 0.004997 | seq 16
  [aml] step 150/240 | loss 2.2660 (avg 3.2566) | lr 0.004997 | seq 16
  [aml] step 160/240 | loss 3.4430 (avg 3.2472) | lr 0.004997 | seq 16
  [aml] step 170/240 | loss 1.6624 (avg 3.2547) | lr 0.004996 | seq 16
  [aml] step 180/240 | loss 4.4415 (avg 3.2879) | lr 0.004996 | seq 16
  [aml] step 190/240 | loss 4.6296 (avg 3.2633) | lr 0.004996 | seq 16
  [aml] step 200/240 | loss 3.0749 (avg 3.2333) | lr 0.004996 | seq 16
  [aml] step 210/240 | loss 4.5150 (avg 3.2500) | lr 0.004996 | seq 16
  [aml] step 220/240 | loss 2.8978 (avg 3.2567) | lr 0.004996 | seq 16
  [aml] step 230/240 | loss 2.5524 (avg 3.2564) | lr 0.004996 | seq 16
[aml] training complete: 240 steps, avg loss 3.2639 (memory freed)
  [aml] step 0/240 | loss 0.7269 (avg 0.7269) | lr 0.004996 | seq 32
  [aml] step 10/240 | loss 3.9809 (avg 3.4200) | lr 0.004996 | seq 32
  [aml] step 20/240 | loss 1.5778 (avg 3.0662) | lr 0.004996 | seq 32
  [aml] step 30/240 | loss 4.0886 (avg 3.1982) | lr 0.004996 | seq 32
  [aml] step 40/240 | loss 0.5885 (avg 3.1321) | lr 0.004996 | seq 32
  [aml] step 50/240 | loss 4.3275 (avg 3.0574) | lr 0.004995 | seq 32
  [aml] step 60/240 | loss 4.4497 (avg 3.0270) | lr 0.004995 | seq 32
  [aml] step 70/240 | loss 1.8376 (avg 2.9397) | lr 0.004995 | seq 32
  [aml] step 80/240 | loss 1.9548 (avg 2.9072) | lr 0.004995 | seq 32
  [aml] step 90/240 | loss 4.1069 (avg 2.9142) | lr 0.004995 | seq 32
  [aml] step 100/240 | loss 1.9829 (avg 2.8830) | lr 0.004995 | seq 32
  [aml] step 110/240 | loss 4.5020 (avg 2.8584) | lr 0.004995 | seq 32
  [aml] step 120/240 | loss 1.1621 (avg 2.8514) | lr 0.004995 | seq 32
  [aml] step 130/240 | loss 3.8597 (avg 2.8166) | lr 0.004995 | seq 32
  [aml] step 140/240 | loss 4.0799 (avg 2.7759) | lr 0.004995 | seq 32
  [aml] step 150/240 | loss 1.3828 (avg 2.7633) | lr 0.004995 | seq 32
  [aml] step 160/240 | loss 1.1656 (avg 2.7735) | lr 0.004994 | seq 32
  [aml] step 170/240 | loss 1.1295 (avg 2.7294) | lr 0.004994 | seq 32
  [aml] step 180/240 | loss 1.7596 (avg 2.7093) | lr 0.004994 | seq 32
  [aml] step 190/240 | loss 0.5787 (avg 2.6869) | lr 0.004994 | seq 32
  [aml] step 200/240 | loss 0.7045 (avg 2.7078) | lr 0.004994 | seq 32
  [aml] step 210/240 | loss 4.3974 (avg 2.7064) | lr 0.004994 | seq 32
  [aml] step 220/240 | loss 4.3483 (avg 2.6845) | lr 0.004994 | seq 32
  [aml] step 230/240 | loss 4.2820 (avg 2.6704) | lr 0.004994 | seq 32
[aml] training complete: 240 steps, avg loss 2.6898 (memory freed)

[stage 1 — infant] What it sounds like now:
  Q: Hello.
  A: Colluff is the partic grain?
  Q: Who are you?
  A: ...
  Q: What do you know?
  A: ...

[growth] ONTOGENESIS: stage 1 -> 2
  embd: 32 -> 64, layer: 1 -> 2, head: 2 -> 4
[growth] Done. Freeze for 500 steps.
[init] Stage 2 (child): embd=64, layer=2, head=4 — warmup 800 steps (800 backprop + 0 notorch, sqrt-scaled 2x)
  [aml] step 0/320 | loss 6.4568 (avg 6.4568) | lr 0.000250 | seq 8
  [aml] step 10/320 | loss 0.2250 (avg 3.6904) | lr 0.000363 | seq 8
  [aml] step 20/320 | loss 3.2262 (avg 3.8296) | lr 0.000475 | seq 8
  [aml] step 30/320 | loss 0.2184 (avg 3.5547) | lr 0.000588 | seq 8
  [aml] step 40/320 | loss 4.0261 (avg 3.5171) | lr 0.000700 | seq 8
  [aml] step 50/320 | loss 0.1794 (avg 3.5330) | lr 0.000813 | seq 8
  [aml] step 60/320 | loss 0.1751 (avg 3.4889) | lr 0.000925 | seq 8
  [aml] step 70/320 | loss 4.2769 (avg 3.5378) | lr 0.001038 | seq 8
  [aml] step 80/320 | loss 5.8080 (avg 3.4868) | lr 0.001150 | seq 8
  [aml] step 90/320 | loss 4.1782 (avg 3.4911) | lr 0.001263 | seq 8
  [aml] step 100/320 | loss 4.3995 (avg 3.4618) | lr 0.001375 | seq 8
  [aml] step 110/320 | loss 4.1740 (avg 3.4695) | lr 0.001488 | seq 8
  [aml] step 120/320 | loss 2.7222 (avg 3.4206) | lr 0.001600 | seq 8
  [aml] step 130/320 | loss 0.9472 (avg 3.3961) | lr 0.001713 | seq 8
  [aml] step 140/320 | loss 3.5898 (avg 3.4058) | lr 0.001825 | seq 8
  [aml] step 150/320 | loss 2.5673 (avg 3.4235) | lr 0.001938 | seq 8
  [aml] step 160/320 | loss 3.7338 (avg 3.3814) | lr 0.002050 | seq 8
  [aml] step 170/320 | loss 5.0805 (avg 3.3789) | lr 0.002163 | seq 8
  [aml] step 180/320 | loss 5.5183 (avg 3.3617) | lr 0.002275 | seq 8
  [aml] step 190/320 | loss 4.6126 (avg 3.3865) | lr 0.002387 | seq 8
  [aml] step 200/320 | loss 3.5464 (avg 3.4063) | lr 0.002496 | seq 8
  [aml] step 210/320 | loss 4.0870 (avg 3.3989) | lr 0.002496 | seq 8
  [aml] step 220/320 | loss 0.2530 (avg 3.3705) | lr 0.002496 | seq 8
  [aml] step 230/320 | loss 5.3599 (avg 3.3925) | lr 0.002495 | seq 8
  [aml] step 240/320 | loss 4.4867 (avg 3.3852) | lr 0.002495 | seq 8
  [aml] step 250/320 | loss 5.6012 (avg 3.3903) | lr 0.002495 | seq 8
  [aml] step 260/320 | loss 3.5586 (avg 3.3760) | lr 0.002495 | seq 8
  [aml] step 270/320 | loss 2.1739 (avg 3.3796) | lr 0.002495 | seq 8
  [aml] step 280/320 | loss 1.0473 (avg 3.3730) | lr 0.002495 | seq 8
  [aml] step 290/320 | loss 0.3714 (avg 3.3626) | lr 0.002495 | seq 8
  [aml] step 300/320 | loss 2.8526 (avg 3.3525) | lr 0.002495 | seq 8
  [aml] step 310/320 | loss 5.9200 (avg 3.3732) | lr 0.002495 | seq 8
[aml] training complete: 320 steps, avg loss 3.3892 (memory freed)
  [aml] step 0/240 | loss 3.7241 (avg 3.7241) | lr 0.002495 | seq 16
  [aml] step 10/240 | loss 2.5400 (avg 3.7072) | lr 0.002495 | seq 16
  [aml] step 20/240 | loss 2.0092 (avg 3.6626) | lr 0.002495 | seq 16
  [aml] step 30/240 | loss 4.7753 (avg 3.5700) | lr 0.002495 | seq 16
  [aml] step 40/240 | loss 1.9889 (avg 3.4965) | lr 0.002495 | seq 16
  [aml] step 50/240 | loss 1.3786 (avg 3.3173) | lr 0.002495 | seq 16
  [aml] step 60/240 | loss 4.8127 (avg 3.1792) | lr 0.002494 | seq 16
  [aml] step 70/240 | loss 4.1965 (avg 3.2532) | lr 0.002494 | seq 16
  [aml] step 80/240 | loss 4.6093 (avg 3.2768) | lr 0.002494 | seq 16
  [aml] step 90/240 | loss 1.1139 (avg 3.2126) | lr 0.002494 | seq 16
  [aml] step 100/240 | loss 3.6365 (avg 3.2221) | lr 0.002494 | seq 16
  [aml] step 110/240 | loss 1.9724 (avg 3.1790) | lr 0.002494 | seq 16
  [aml] step 120/240 | loss 1.5936 (avg 3.1592) | lr 0.002494 | seq 16
  [aml] step 130/240 | loss 2.9558 (avg 3.2157) | lr 0.002494 | seq 16
  [aml] step 140/240 | loss 2.8306 (avg 3.2572) | lr 0.002494 | seq 16
  [aml] step 150/240 | loss 4.6309 (avg 3.2848) | lr 0.002494 | seq 16
  [aml] step 160/240 | loss 3.7252 (avg 3.2505) | lr 0.002494 | seq 16
  [aml] step 170/240 | loss 3.6231 (avg 3.2053) | lr 0.002494 | seq 16
  [aml] step 180/240 | loss 4.4106 (avg 3.2079) | lr 0.002494 | seq 16
  [aml] step 190/240 | loss 2.9568 (avg 3.1706) | lr 0.002494 | seq 16
  [aml] step 200/240 | loss 1.9445 (avg 3.1310) | lr 0.002493 | seq 16
  [aml] step 210/240 | loss 4.1473 (avg 3.1312) | lr 0.002493 | seq 16
  [aml] step 220/240 | loss 4.1471 (avg 3.1446) | lr 0.002493 | seq 16
  [aml] step 230/240 | loss 4.4512 (avg 3.1559) | lr 0.002493 | seq 16
[aml] training complete: 240 steps, avg loss 3.1414 (memory freed)
  [aml] step 0/240 | loss 2.1735 (avg 2.1735) | lr 0.002493 | seq 32
  [aml] step 10/240 | loss 2.3078 (avg 1.8939) | lr 0.002493 | seq 32
  [aml] step 20/240 | loss 0.4202 (avg 2.0911) | lr 0.002493 | seq 32
  [aml] step 30/240 | loss 0.6152 (avg 1.9392) | lr 0.002493 | seq 32
  [aml] step 40/240 | loss 0.8999 (avg 2.2294) | lr 0.002493 | seq 32
  [aml] step 50/240 | loss 0.7602 (avg 2.2407) | lr 0.002493 | seq 32
  [aml] step 60/240 | loss 0.6354 (avg 2.2306) | lr 0.002493 | seq 32
  [aml] step 70/240 | loss 0.5806 (avg 2.2131) | lr 0.002493 | seq 32
  [aml] step 80/240 | loss 4.2000 (avg 2.2703) | lr 0.002492 | seq 32
  [aml] step 90/240 | loss 1.0038 (avg 2.2892) | lr 0.002492 | seq 32
  [aml] step 100/240 | loss 3.7460 (avg 2.3239) | lr 0.002492 | seq 32
  [aml] step 110/240 | loss 0.5579 (avg 2.3698) | lr 0.002492 | seq 32
  [aml] step 120/240 | loss 4.2564 (avg 2.4359) | lr 0.002492 | seq 32
  [aml] step 130/240 | loss 5.0529 (avg 2.4874) | lr 0.002492 | seq 32
  [aml] step 140/240 | loss 1.0469 (avg 2.4718) | lr 0.002492 | seq 32
  [aml] step 150/240 | loss 1.9949 (avg 2.4813) | lr 0.002492 | seq 32
  [aml] step 160/240 | loss 4.3326 (avg 2.4932) | lr 0.002492 | seq 32
  [aml] step 170/240 | loss 2.0223 (avg 2.5268) | lr 0.002492 | seq 32
  [aml] step 180/240 | loss 3.4986 (avg 2.5588) | lr 0.002492 | seq 32
  [aml] step 190/240 | loss 2.3419 (avg 2.5693) | lr 0.002492 | seq 32
  [aml] step 200/240 | loss 0.6782 (avg 2.5390) | lr 0.002491 | seq 32
  [aml] step 210/240 | loss 4.4239 (avg 2.5838) | lr 0.002491 | seq 32
  [aml] step 220/240 | loss 3.7635 (avg 2.5700) | lr 0.002491 | seq 32
  [aml] step 230/240 | loss 3.6934 (avg 2.5701) | lr 0.002491 | seq 32
[aml] training complete: 240 steps, avg loss 2.5662 (memory freed)

[stage 2 — child] What it sounds like now:
  Q: Hello.
  A: A: That is the glacier. Po redirection and mic rock, the we trography, s the micH: What is the in the construction.
  Q: Who are you?
  A: ...
  Q: What do you know?
  A: ...

[init] Warmup complete at stage 2. Organism ready.
[ecology] First organism in the swarm.
molequla is alive. [evolution] Autonomous mode — background trainer running. Ctrl+C to stop.
[dna] earth wrote 59 bytes to ecology
[dna] earth wrote 90 bytes to ecology
[dna] earth wrote 152 bytes to ecology
[dna] earth wrote 56 bytes to ecology
[dna] earth wrote 45 bytes to ecology
[dna] earth wrote 37 bytes to ecology
[dna] earth wrote 71 bytes to ecology
[dna] earth wrote 33 bytes to ecology
[dna] earth wrote 120 bytes to ecology
[dna] earth wrote 47 bytes to ecology
[dna] earth wrote 90 bytes to ecology
[dna] earth wrote 90 bytes to ecology
[dna] earth wrote 229 bytes to ecology
[dna] earth wrote 84 bytes to ecology
[dna] earth wrote 55 bytes to ecology
[dna] earth wrote 28 bytes to ecology
[dna] earth wrote 78 bytes to ecology
[debug-onto] tick=50 corpus=173643 stage=2 freeze=0
[dna] earth wrote 92 bytes to ecology
[dna] earth wrote 59 bytes to ecology
[dna] earth wrote 96 bytes to ecology
[dna] earth wrote 83 bytes to ecology
[dna] earth wrote 57 bytes to ecology
[dna] earth wrote 49 bytes to ecology
[dna] earth wrote 30 bytes to ecology
[dna] earth wrote 55 bytes to ecology
[dna] earth wrote 50 bytes to ecology
[dna] earth wrote 103 bytes to ecology
[dna] earth wrote 67 bytes to ecology
[dna] earth wrote 8 bytes to ecology
[dna] earth wrote 99 bytes to ecology
[dna] earth wrote 43 bytes to ecology
[dna] earth wrote 40 bytes to ecology
[dna] earth wrote 92 bytes to ecology
[dna] earth wrote 46 bytes to ecology
[debug-onto] tick=100 corpus=173643 stage=2 freeze=0
[dna] earth wrote 105 bytes to ecology
[dna] earth wrote 131 bytes to ecology
[dna] earth wrote 58 bytes to ecology
[dna] earth wrote 47 bytes to ecology
[dna] earth wrote 41 bytes to ecology
[dna] earth wrote 108 bytes to ecology
[dna] earth wrote 217 bytes to ecology
[dna] earth wrote 42 bytes to ecology
[dna] earth wrote 26 bytes to ecology
[dna] earth wrote 41 bytes to ecology
[dna] earth wrote 48 bytes to ecology
[dna] earth wrote 25 bytes to ecology
[dna] earth wrote 111 bytes to ecology
[dna] earth wrote 232 bytes to ecology
[dna] earth wrote 43 bytes to ecology
[dna] earth wrote 88 bytes to ecology
[debug-onto] tick=150 corpus=173643 stage=2 freeze=0
[dna] earth wrote 32 bytes to ecology
[dna] earth wrote 45 bytes to ecology
[dna] earth wrote 39 bytes to ecology
[dna] earth wrote 159 bytes to ecology
[dna] earth wrote 35 bytes to ecology
[dna] earth wrote 181 bytes to ecology
[dna] earth wrote 53 bytes to ecology
[dna] earth wrote 85 bytes to ecology
[dna] earth wrote 107 bytes to ecology
[dna] earth wrote 26 bytes to ecology
[dna] earth wrote 13 bytes to ecology
[dna] earth wrote 37 bytes to ecology
[dna] earth wrote 49 bytes to ecology
[dna] earth wrote 45 bytes to ecology
[dna] earth wrote 89 bytes to ecology
[dna] earth wrote 47 bytes to ecology
[dna] earth wrote 46 bytes to ecology
[debug-onto] tick=200 corpus=173643 stage=2 freeze=0
[dna] earth wrote 160 bytes to ecology
[dna] earth wrote 122 bytes to ecology
[dna] earth wrote 110 bytes to ecology
[dna] earth wrote 42 bytes to ecology
[dna] earth wrote 38 bytes to ecology
[dna] earth wrote 229 bytes to ecology
[dna] earth wrote 101 bytes to ecology
[dna] earth wrote 44 bytes to ecology
[dna] earth wrote 35 bytes to ecology
[dna] earth wrote 93 bytes to ecology
[dna] earth wrote 41 bytes to ecology
[dna] earth wrote 80 bytes to ecology
[dna] earth wrote 107 bytes to ecology
[dna] earth wrote 26 bytes to ecology
[dna] earth wrote 137 bytes to ecology
[dna] earth wrote 82 bytes to ecology
[dna] earth wrote 139 bytes to ecology
[debug-onto] tick=250 corpus=173643 stage=2 freeze=0
[dna] earth wrote 67 bytes to ecology
[dna] earth wrote 39 bytes to ecology
[dna] earth wrote 79 bytes to ecology
[dna] earth wrote 21 bytes to ecology
[dna] earth wrote 29 bytes to ecology
[dna] earth wrote 84 bytes to ecology
[dna] earth wrote 61 bytes to ecology
[dna] earth wrote 113 bytes to ecology
[dna] earth wrote 33 bytes to ecology
[dna] earth wrote 100 bytes to ecology
[dna] earth wrote 48 bytes to ecology
[dna] earth wrote 122 bytes to ecology
[dna] earth wrote 132 bytes to ecology
[dna] earth wrote 100 bytes to ecology
[dna] earth wrote 46 bytes to ecology
[dna] earth wrote 38 bytes to ecology
[debug-onto] tick=300 corpus=173643 stage=2 freeze=0
[dna] earth wrote 120 bytes to ecology
[dna] earth wrote 16 bytes to ecology
[dna] earth wrote 78 bytes to ecology
[dna] earth wrote 93 bytes to ecology
[dna] earth wrote 101 bytes to ecology
[dna] earth wrote 55 bytes to ecology
[dna] earth wrote 84 bytes to ecology
[dna] earth wrote 57 bytes to ecology
[dna] earth wrote 35 bytes to ecology
[dna] earth wrote 65 bytes to ecology
[dna] earth wrote 116 bytes to ecology
[dna] earth wrote 34 bytes to ecology
[dna] earth wrote 33 bytes to ecology
[dna] earth wrote 50 bytes to ecology
[dna] earth wrote 106 bytes to ecology
[dna] earth wrote 48 bytes to ecology
[dna] earth wrote 52 bytes to ecology
[debug-onto] tick=350 corpus=173643 stage=2 freeze=0
[dna] earth wrote 72 bytes to ecology
[dna] earth wrote 67 bytes to ecology
[dna] earth wrote 52 bytes to ecology
[dna] earth wrote 35 bytes to ecology
[dna] earth wrote 91 bytes to ecology
[dna] earth wrote 58 bytes to ecology
[dna] earth wrote 108 bytes to ecology
[dna] earth wrote 51 bytes to ecology
[dna] earth wrote 219 bytes to ecology
[dna] earth wrote 55 bytes to ecology
[dna] earth wrote 30 bytes to ecology
[dna] earth wrote 38 bytes to ecology
[dna] earth wrote 60 bytes to ecology
[dna] earth wrote 122 bytes to ecology
[dna] earth wrote 65 bytes to ecology
[dna] earth wrote 87 bytes to ecology
[dna] earth wrote 22 bytes to ecology
[debug-onto] tick=400 corpus=173643 stage=2 freeze=0
[dna] earth wrote 25 bytes to ecology
[dna] earth wrote 124 bytes to ecology
[dna] earth wrote 46 bytes to ecology
[dna] earth wrote 27 bytes to ecology
[dna] earth wrote 71 bytes to ecology
[dna] earth wrote 41 bytes to ecology
[dna] earth wrote 54 bytes to ecology
[dna] earth wrote 55 bytes to ecology
[dna] earth wrote 70 bytes to ecology
[dna] earth wrote 105 bytes to ecology
[dna] earth wrote 106 bytes to ecology
[dna] earth wrote 96 bytes to ecology
[dna] earth wrote 113 bytes to ecology
[dna] earth wrote 150 bytes to ecology
[dna] earth wrote 58 bytes to ecology
[dna] earth wrote 24 bytes to ecology
[debug-onto] tick=450 corpus=173643 stage=2 freeze=0
[dna] earth wrote 34 bytes to ecology
[dna] earth wrote 86 bytes to ecology
[dna] earth wrote 40 bytes to ecology
[dna] earth wrote 191 bytes to ecology
[dna] earth wrote 65 bytes to ecology
[dna] earth wrote 106 bytes to ecology
[dna] earth wrote 119 bytes to ecology
[dna] earth wrote 93 bytes to ecology
[dna] earth wrote 16 bytes to ecology
[dna] earth wrote 101 bytes to ecology
[dna] earth wrote 106 bytes to ecology
[dna] earth wrote 42 bytes to ecology
[dna] earth wrote 121 bytes to ecology
[dna] earth wrote 55 bytes to ecology
[dna] earth wrote 43 bytes to ecology
[dna] earth wrote 34 bytes to ecology
[dna] earth wrote 37 bytes to ecology
[debug-onto] tick=500 corpus=173643 stage=2 freeze=0
[dna] earth wrote 31 bytes to ecology
[dna] earth wrote 45 bytes to ecology
[dna] earth wrote 91 bytes to ecology
[dna] earth wrote 112 bytes to ecology
[dna] earth wrote 46 bytes to ecology
[dna] earth wrote 53 bytes to ecology
[dna] earth wrote 102 bytes to ecology
[dna] earth wrote 118 bytes to ecology
[dna] earth wrote 55 bytes to ecology
[dna] earth wrote 49 bytes to ecology
[dna] earth wrote 29 bytes to ecology
[dna] earth wrote 139 bytes to ecology
[dna] earth wrote 93 bytes to ecology
[dna] earth wrote 105 bytes to ecology
[dna] earth wrote 66 bytes to ecology
[dna] earth wrote 53 bytes to ecology
[dna] earth wrote 27 bytes to ecology
[debug-onto] tick=550 corpus=173643 stage=2 freeze=0
[dna] earth wrote 24 bytes to ecology
[dna] earth wrote 41 bytes to ecology
[dna] earth wrote 35 bytes to ecology
[dna] earth wrote 40 bytes to ecology
[dna] earth wrote 36 bytes to ecology
[dna] earth wrote 42 bytes to ecology
[dna] earth wrote 56 bytes to ecology
[dna] earth wrote 208 bytes to ecology
[dna] earth wrote 79 bytes to ecology
[dna] earth wrote 73 bytes to ecology
[dna] earth wrote 23 bytes to ecology
[dna] earth wrote 26 bytes to ecology
[dna] earth wrote 26 bytes to ecology
[dna] earth wrote 74 bytes to ecology
[dna] earth wrote 26 bytes to ecology
[dna] earth wrote 94 bytes to ecology
[debug-onto] tick=600 corpus=173643 stage=2 freeze=0
[dna] earth wrote 73 bytes to ecology
[dna] earth wrote 157 bytes to ecology
[dna] earth wrote 13 bytes to ecology
[dna] earth wrote 129 bytes to ecology
[dna] earth wrote 22 bytes to ecology
[dna] earth wrote 92 bytes to ecology
[dna] earth wrote 77 bytes to ecology
[dna] earth wrote 188 bytes to ecology
[dna] earth wrote 84 bytes to ecology
[dna] earth wrote 25 bytes to ecology
[dna] earth wrote 70 bytes to ecology
[dna] earth wrote 88 bytes to ecology
[dna] earth wrote 43 bytes to ecology
[dna] earth wrote 58 bytes to ecology
[dna] earth wrote 33 bytes to ecology
[dna] earth wrote 27 bytes to ecology
[dna] earth wrote 42 bytes to ecology
[debug-onto] tick=650 corpus=173643 stage=2 freeze=0
[dna] earth wrote 36 bytes to ecology
[dna] earth wrote 103 bytes to ecology
[dna] earth wrote 66 bytes to ecology
[dna] earth wrote 122 bytes to ecology
[dna] earth wrote 86 bytes to ecology
[dna] earth wrote 70 bytes to ecology
[dna] earth wrote 103 bytes to ecology
[dna] earth wrote 28 bytes to ecology
[dna] earth wrote 97 bytes to ecology
[dna] earth wrote 8 bytes to ecology
[dna] earth wrote 183 bytes to ecology
[dna] earth wrote 78 bytes to ecology
[dna] earth wrote 63 bytes to ecology
[dna] earth wrote 91 bytes to ecology
[dna] earth wrote 54 bytes to ecology

[evolution] Organism shutting down gracefully.
