[ecology] Element: fire → corpus: nonames_fire.txt
[evolution] Autonomous evolution mode — organism will grow through all stages without pause.
[ecology] Joined swarm. 1 peer(s) detected.
molequla is alive. [evolution] Autonomous mode — background trainer running. Ctrl+C to stop.
[dna] fire wrote 304 bytes to ecology
[dna] fire consumed 15102 bytes from 208 files: [water/gen_1777793197_1.txt water/gen_1777793214_4.txt water/gen_1777793222_7.txt water/gen_1777793231_10.txt water/gen_1777793239_13.txt water/gen_1777793248_16.txt water/gen_1777793256_19.txt water/gen_1777793265_22.txt water/gen_1777793273_25.txt water/gen_1777793282_28.txt water/gen_1777793290_31.txt water/gen_1777793299_34.txt water/gen_1777793307_37.txt water/gen_1777793316_40.txt water/gen_1777793325_43.txt water/gen_1777793333_46.txt water/gen_1777793341_49.txt water/gen_1777793350_52.txt water/gen_1777793358_55.txt water/gen_1777793367_58.txt water/gen_1777793375_61.txt water/gen_1777793384_64.txt water/gen_1777793392_67.txt water/gen_1777793401_70.txt water/gen_1777793418_76.txt water/gen_1777793427_79.txt water/gen_1777793436_82.txt water/gen_1777793444_85.txt water/gen_1777793453_88.txt water/gen_1777793461_91.txt water/gen_1777793470_94.txt water/gen_1777793478_97.txt water/gen_1777793487_100.txt water/gen_1777793495_103.txt water/gen_1777793504_106.txt water/gen_1777793512_109.txt water/gen_1777793521_112.txt water/gen_1777793530_115.txt water/gen_1777793538_118.txt water/gen_1777793547_121.txt water/gen_1777793555_124.txt water/gen_1777793564_127.txt water/gen_1777793572_130.txt water/gen_1777793580_133.txt water/gen_1777793589_136.txt water/gen_1777793597_139.txt water/gen_1777793606_142.txt water/gen_1777793614_145.txt water/gen_1777793623_148.txt water/gen_1777793631_151.txt water/gen_1777793639_154.txt water/gen_1777793648_157.txt water/gen_1777793656_160.txt water/gen_1777793665_163.txt water/gen_1777793673_166.txt water/gen_1777793682_169.txt water/gen_1777793690_172.txt water/gen_1777793698_175.txt water/gen_1777793707_178.txt water/gen_1777793715_181.txt water/gen_1777793723_184.txt water/gen_1777793732_187.txt water/gen_1777793740_190.txt water/gen_1777793749_193.txt water/gen_1777793757_196.txt water/gen_1777793765_199.txt water/gen_1777793774_202.txt water/gen_1777793782_205.txt water/gen_1777793791_208.txt water/gen_1777793799_211.txt water/gen_1777793807_214.txt water/gen_1777793816_217.txt water/gen_1777793824_220.txt water/gen_1777793833_223.txt water/gen_1777793841_226.txt water/gen_1777793850_229.txt water/gen_1777793858_232.txt water/gen_1777793867_235.txt water/gen_1777793875_238.txt water/gen_1777793884_241.txt water/gen_1777793892_244.txt water/gen_1777793901_247.txt water/gen_1777793909_250.txt water/gen_1777793917_253.txt water/gen_1777793926_256.txt water/gen_1777793934_259.txt water/gen_1777793943_262.txt water/gen_1777793951_265.txt water/gen_1777793960_268.txt water/gen_1777793968_271.txt water/gen_1777793977_274.txt water/gen_1777793985_277.txt water/gen_1777793993_280.txt water/gen_1777794002_283.txt water/gen_1777794010_286.txt water/gen_1777794019_289.txt water/gen_1777794027_292.txt water/gen_1777794036_295.txt water/gen_1777794044_298.txt water/gen_1777794053_301.txt water/gen_1777794061_304.txt water/gen_1777794069_307.txt water/gen_1777794078_310.txt water/gen_1777794086_313.txt water/gen_1777794095_316.txt water/gen_1777794103_319.txt water/gen_1777794112_322.txt water/gen_1777794120_325.txt water/gen_1777794129_328.txt water/gen_1777794137_331.txt water/gen_1777794146_334.txt water/gen_1777794154_337.txt water/gen_1777794162_340.txt water/gen_1777794171_343.txt water/gen_1777794179_346.txt water/gen_1777794188_349.txt water/gen_1777794196_352.txt water/gen_1777794205_355.txt water/gen_1777794213_358.txt water/gen_1777794221_361.txt water/gen_1777794230_364.txt water/gen_1777794238_367.txt water/gen_1777794247_370.txt water/gen_1777794255_373.txt water/gen_1777794264_376.txt water/gen_1777794272_379.txt water/gen_1777794281_382.txt water/gen_1777794289_385.txt water/gen_1777794298_388.txt water/gen_1777794306_391.txt water/gen_1777794315_394.txt water/gen_1777794323_397.txt water/gen_1777794340_403.txt water/gen_1777794349_406.txt water/gen_1777794357_409.txt water/gen_1777794366_412.txt water/gen_1777794374_415.txt water/gen_1777794383_418.txt water/gen_1777794391_421.txt water/gen_1777794400_424.txt water/gen_1777794408_427.txt water/gen_1777794417_430.txt water/gen_1777794425_433.txt water/gen_1777794434_436.txt water/gen_1777794442_439.txt water/gen_1777794451_442.txt water/gen_1777794459_445.txt water/gen_1777794468_448.txt water/gen_1777794476_451.txt water/gen_1777794485_454.txt water/gen_1777794502_460.txt water/gen_1777794510_463.txt water/gen_1777794519_466.txt water/gen_1777794528_469.txt water/gen_1777794536_472.txt water/gen_1777794545_475.txt water/gen_1777794553_478.txt water/gen_1777794562_481.txt water/gen_1777794570_484.txt water/gen_1777794579_487.txt water/gen_1777794587_490.txt water/gen_1777794596_493.txt water/gen_1777794604_496.txt water/gen_1777794613_499.txt water/gen_1777794621_502.txt water/gen_1777794630_505.txt water/gen_1777794638_508.txt water/gen_1777794646_511.txt water/gen_1777794655_514.txt water/gen_1777794663_517.txt water/gen_1777794672_520.txt water/gen_1777794680_523.txt water/gen_1777794689_526.txt water/gen_1777794697_529.txt water/gen_1777794706_532.txt water/gen_1777794714_535.txt water/gen_1777794723_538.txt water/gen_1777794731_541.txt water/gen_1777794740_544.txt water/gen_1777794748_547.txt water/gen_1777794757_550.txt water/gen_1777794765_553.txt water/gen_1777794773_556.txt water/gen_1777794782_559.txt water/gen_1777794790_562.txt water/gen_1777794799_565.txt water/gen_1777794807_568.txt water/gen_1777794816_571.txt water/gen_1777794824_574.txt water/gen_1777794833_577.txt water/gen_1777794841_580.txt water/gen_1777794850_583.txt water/gen_1777794858_586.txt water/gen_1777794867_589.txt water/gen_1777794875_592.txt water/gen_1777794884_595.txt water/gen_1777794892_598.txt water/gen_1777794900_601.txt water/gen_1777794909_604.txt water/gen_1777794917_607.txt water/gen_1777794926_610.txt water/gen_1777794935_613.txt water/gen_1777794943_616.txt water/gen_1777794952_619.txt water/gen_1777794960_622.txt water/gen_1777794969_625.txt water/gen_1777794977_628.txt water/gen_1777794986_631.txt]
[trainer] micro-train burst (15102 bytes, novelty 0.05) — and lo, it feeds again.
[syntropy] action=explore | trend=0.0000 | field_dev=-0.012 | purpose_align=-0.180 | lr_mul=1.30
[aml] burst complete: 32 steps, avg loss 1.9089 (memory freed)
[dna] fire wrote 131 bytes to ecology
[dna] fire wrote 71 bytes to ecology
[dna] fire wrote 139 bytes to ecology
[dna] fire wrote 49 bytes to ecology
[dna] fire wrote 47 bytes to ecology
[dna] fire wrote 140 bytes to ecology
[dna] fire wrote 41 bytes to ecology
[dna] fire wrote 25 bytes to ecology
[dna] fire wrote 53 bytes to ecology
[dna] fire wrote 46 bytes to ecology
[dna] fire wrote 89 bytes to ecology
[dna] fire wrote 72 bytes to ecology
[dna] fire wrote 45 bytes to ecology
[dna] fire wrote 35 bytes to ecology
[dna] fire wrote 84 bytes to ecology
[dna] fire wrote 35 bytes to ecology
[debug-onto] tick=50 corpus=137210 stage=2 freeze=0
[dna] fire wrote 18 bytes to ecology
[dna] fire wrote 59 bytes to ecology
[dna] fire wrote 32 bytes to ecology
[dna] fire wrote 55 bytes to ecology
[dna] fire wrote 71 bytes to ecology
[dna] fire wrote 84 bytes to ecology
[dna] fire wrote 57 bytes to ecology
[dna] fire wrote 196 bytes to ecology
[dna] fire wrote 102 bytes to ecology
[dna] fire wrote 140 bytes to ecology
[dna] fire wrote 53 bytes to ecology
[dna] fire wrote 79 bytes to ecology
[dna] fire wrote 101 bytes to ecology
[dna] fire wrote 25 bytes to ecology
[dna] fire wrote 97 bytes to ecology
[dna] fire wrote 132 bytes to ecology
[dna] fire wrote 64 bytes to ecology
[debug-onto] tick=100 corpus=137210 stage=2 freeze=0
[dna] fire wrote 35 bytes to ecology
[dna] fire wrote 47 bytes to ecology
[dna] fire wrote 28 bytes to ecology
[dna] fire wrote 18 bytes to ecology
[dna] fire wrote 30 bytes to ecology
[dna] fire wrote 15 bytes to ecology
[dna] fire wrote 49 bytes to ecology
[dna] fire wrote 80 bytes to ecology
[dna] fire wrote 15 bytes to ecology
[dna] fire wrote 57 bytes to ecology
[dna] fire wrote 32 bytes to ecology
[dna] fire wrote 45 bytes to ecology
[dna] fire wrote 82 bytes to ecology
[dna] fire wrote 34 bytes to ecology
[dna] fire wrote 65 bytes to ecology
[dna] fire wrote 40 bytes to ecology
[debug-onto] tick=150 corpus=137210 stage=2 freeze=0
[dna] fire wrote 52 bytes to ecology
[dna] fire wrote 21 bytes to ecology
[dna] fire wrote 57 bytes to ecology
[dna] fire wrote 28 bytes to ecology
[dna] fire wrote 12 bytes to ecology
[dna] fire wrote 81 bytes to ecology
[dna] fire wrote 88 bytes to ecology
[dna] fire wrote 27 bytes to ecology
[dna] fire wrote 29 bytes to ecology
[dna] fire wrote 91 bytes to ecology
[dna] fire wrote 16 bytes to ecology
[dna] fire wrote 28 bytes to ecology
[dna] fire wrote 70 bytes to ecology
[dna] fire wrote 17 bytes to ecology
[dna] fire wrote 116 bytes to ecology
[dna] fire wrote 82 bytes to ecology
[dna] fire wrote 90 bytes to ecology
[debug-onto] tick=200 corpus=137210 stage=2 freeze=0
[dna] fire wrote 124 bytes to ecology
[dna] fire wrote 22 bytes to ecology
[dna] fire wrote 45 bytes to ecology
[dna] fire wrote 157 bytes to ecology
[dna] fire wrote 40 bytes to ecology
[dna] fire wrote 73 bytes to ecology
[dna] fire wrote 26 bytes to ecology
[dna] fire wrote 43 bytes to ecology
[dna] fire wrote 102 bytes to ecology
[dna] fire wrote 28 bytes to ecology
[dna] fire wrote 30 bytes to ecology
[dna] fire wrote 33 bytes to ecology
[dna] fire wrote 68 bytes to ecology
[dna] fire wrote 38 bytes to ecology
[dna] fire wrote 117 bytes to ecology
[dna] fire wrote 81 bytes to ecology
[dna] fire wrote 48 bytes to ecology
[debug-onto] tick=250 corpus=137210 stage=2 freeze=0
[dna] fire wrote 166 bytes to ecology
[dna] fire wrote 70 bytes to ecology
[dna] fire wrote 44 bytes to ecology
[dna] fire wrote 36 bytes to ecology
[dna] fire wrote 89 bytes to ecology
[dna] fire wrote 90 bytes to ecology
[dna] fire wrote 77 bytes to ecology
[dna] fire wrote 54 bytes to ecology
[dna] fire wrote 39 bytes to ecology
[dna] fire wrote 60 bytes to ecology
[dna] fire wrote 38 bytes to ecology
[dna] fire wrote 37 bytes to ecology
[dna] fire wrote 122 bytes to ecology
[dna] fire wrote 25 bytes to ecology
[dna] fire wrote 100 bytes to ecology
[dna] fire wrote 29 bytes to ecology
[debug-onto] tick=300 corpus=137210 stage=2 freeze=0
[dna] fire wrote 33 bytes to ecology
[dna] fire wrote 83 bytes to ecology
[dna] fire wrote 117 bytes to ecology
[dna] fire wrote 56 bytes to ecology
[dna] fire wrote 11 bytes to ecology
[dna] fire wrote 98 bytes to ecology
[dna] fire wrote 92 bytes to ecology
[dna] fire wrote 132 bytes to ecology
[dna] fire wrote 73 bytes to ecology
[dna] fire wrote 43 bytes to ecology
[dna] fire wrote 42 bytes to ecology
[dna] fire wrote 85 bytes to ecology
[dna] fire wrote 22 bytes to ecology
[dna] fire wrote 37 bytes to ecology
[dna] fire wrote 33 bytes to ecology
[dna] fire wrote 43 bytes to ecology
[dna] fire wrote 27 bytes to ecology
[debug-onto] tick=350 corpus=137210 stage=2 freeze=0
[dna] fire wrote 77 bytes to ecology
[dna] fire wrote 40 bytes to ecology
[dna] fire wrote 12 bytes to ecology
[dna] fire wrote 51 bytes to ecology
[dna] fire wrote 60 bytes to ecology
[dna] fire wrote 85 bytes to ecology
[dna] fire wrote 54 bytes to ecology
[dna] fire wrote 97 bytes to ecology
[dna] fire wrote 72 bytes to ecology
[dna] fire wrote 69 bytes to ecology
[dna] fire wrote 45 bytes to ecology
[dna] fire wrote 45 bytes to ecology
[dna] fire wrote 48 bytes to ecology
[dna] fire wrote 110 bytes to ecology
[dna] fire wrote 27 bytes to ecology
[dna] fire wrote 38 bytes to ecology
[dna] fire wrote 22 bytes to ecology
[debug-onto] tick=400 corpus=137210 stage=2 freeze=0
[dna] fire wrote 67 bytes to ecology
[dna] fire wrote 61 bytes to ecology
[dna] fire wrote 64 bytes to ecology
[dna] fire wrote 63 bytes to ecology
[dna] fire wrote 74 bytes to ecology
[dna] fire wrote 57 bytes to ecology
[dna] fire wrote 26 bytes to ecology
[dna] fire wrote 44 bytes to ecology
[dna] fire wrote 42 bytes to ecology
[dna] fire wrote 95 bytes to ecology
[dna] fire wrote 129 bytes to ecology
[dna] fire wrote 125 bytes to ecology
[dna] fire wrote 29 bytes to ecology
[dna] fire wrote 83 bytes to ecology
[dna] fire wrote 198 bytes to ecology
[dna] fire wrote 59 bytes to ecology
[debug-onto] tick=450 corpus=137210 stage=2 freeze=0
[dna] fire wrote 102 bytes to ecology
[dna] fire wrote 33 bytes to ecology
[dna] fire wrote 25 bytes to ecology
[dna] fire wrote 27 bytes to ecology
[dna] fire wrote 33 bytes to ecology
[dna] fire wrote 19 bytes to ecology
[dna] fire wrote 147 bytes to ecology
[dna] fire wrote 22 bytes to ecology
[dna] fire wrote 150 bytes to ecology
[dna] fire wrote 103 bytes to ecology
[dna] fire wrote 77 bytes to ecology
[dna] fire wrote 141 bytes to ecology
[dna] fire wrote 28 bytes to ecology
[dna] fire wrote 46 bytes to ecology
[dna] fire wrote 17 bytes to ecology
[dna] fire wrote 89 bytes to ecology
[dna] fire wrote 90 bytes to ecology
[debug-onto] tick=500 corpus=137210 stage=2 freeze=0
[dna] fire wrote 65 bytes to ecology
[dna] fire wrote 51 bytes to ecology
[dna] fire wrote 43 bytes to ecology
[dna] fire wrote 55 bytes to ecology
[dna] fire wrote 85 bytes to ecology
[dna] fire wrote 8 bytes to ecology
[dna] fire wrote 19 bytes to ecology
[dna] fire wrote 83 bytes to ecology
[dna] fire wrote 115 bytes to ecology
[dna] fire wrote 80 bytes to ecology
[dna] fire wrote 44 bytes to ecology
[dna] fire wrote 31 bytes to ecology
[dna] fire wrote 72 bytes to ecology
[dna] fire wrote 61 bytes to ecology
[dna] fire wrote 103 bytes to ecology
[dna] fire wrote 42 bytes to ecology
[dna] fire wrote 21 bytes to ecology
[debug-onto] tick=550 corpus=137210 stage=2 freeze=0
[dna] fire wrote 36 bytes to ecology
[dna] fire wrote 36 bytes to ecology
[dna] fire wrote 44 bytes to ecology
[dna] fire wrote 65 bytes to ecology
[dna] fire wrote 48 bytes to ecology
[dna] fire wrote 149 bytes to ecology
[dna] fire wrote 8 bytes to ecology
[dna] fire wrote 24 bytes to ecology
[dna] fire wrote 114 bytes to ecology
[dna] fire wrote 9 bytes to ecology
[dna] fire wrote 84 bytes to ecology
[dna] fire wrote 50 bytes to ecology
[dna] fire wrote 53 bytes to ecology
[dna] fire wrote 11 bytes to ecology
[dna] fire wrote 90 bytes to ecology
[dna] fire wrote 99 bytes to ecology
[debug-onto] tick=600 corpus=137210 stage=2 freeze=0
[dna] fire wrote 27 bytes to ecology
[dna] fire wrote 32 bytes to ecology
[dna] fire wrote 44 bytes to ecology
[dna] fire wrote 59 bytes to ecology
[dna] fire wrote 26 bytes to ecology
[dna] fire wrote 69 bytes to ecology
[dna] fire wrote 39 bytes to ecology
[dna] fire wrote 59 bytes to ecology
[dna] fire wrote 12 bytes to ecology
[dna] fire wrote 31 bytes to ecology
[dna] fire wrote 64 bytes to ecology
[dna] fire wrote 75 bytes to ecology
[dna] fire wrote 75 bytes to ecology
[dna] fire wrote 17 bytes to ecology
[dna] fire wrote 43 bytes to ecology
[dna] fire wrote 59 bytes to ecology
[dna] fire wrote 112 bytes to ecology
[debug-onto] tick=650 corpus=137210 stage=2 freeze=0
[dna] fire wrote 28 bytes to ecology
[dna] fire wrote 21 bytes to ecology
[dna] fire wrote 60 bytes to ecology
[dna] fire wrote 58 bytes to ecology
[dna] fire wrote 30 bytes to ecology
[dna] fire wrote 40 bytes to ecology
[dna] fire wrote 62 bytes to ecology
[dna] fire wrote 139 bytes to ecology
[dna] fire wrote 58 bytes to ecology
[dna] fire wrote 190 bytes to ecology
[dna] fire wrote 75 bytes to ecology
[dna] fire wrote 65 bytes to ecology
[dna] fire wrote 86 bytes to ecology

[evolution] Organism shutting down gracefully.
