[ecology] Element: air → corpus: nonames_air.txt
[evolution] Autonomous evolution mode — organism will grow through all stages without pause.
[ecology] Joined swarm. 1 peer(s) detected.
molequla is alive. [evolution] Autonomous mode — background trainer running. Ctrl+C to stop.
[dna] air wrote 101 bytes to ecology
[dna] air consumed 18544 bytes from 226 files: [earth/gen_1776837770_1.txt earth/gen_1776837778_4.txt earth/gen_1776837786_7.txt earth/gen_1776837793_10.txt earth/gen_1776837801_13.txt earth/gen_1776837809_16.txt earth/gen_1776837816_19.txt earth/gen_1776837824_22.txt earth/gen_1776837831_25.txt earth/gen_1776837839_28.txt earth/gen_1776837847_31.txt earth/gen_1776837854_34.txt earth/gen_1776837862_37.txt earth/gen_1776837870_40.txt earth/gen_1776837877_43.txt earth/gen_1776837885_46.txt earth/gen_1776837893_49.txt earth/gen_1776837900_52.txt earth/gen_1776837908_55.txt earth/gen_1776837916_58.txt earth/gen_1776837923_61.txt earth/gen_1776837938_67.txt earth/gen_1776837946_70.txt earth/gen_1776837954_73.txt earth/gen_1776837961_76.txt earth/gen_1776837969_79.txt earth/gen_1776837976_82.txt earth/gen_1776837984_85.txt earth/gen_1776837991_88.txt earth/gen_1776837999_91.txt earth/gen_1776838007_94.txt earth/gen_1776838014_97.txt earth/gen_1776838022_100.txt earth/gen_1776838029_103.txt earth/gen_1776838037_106.txt earth/gen_1776838044_109.txt earth/gen_1776838052_112.txt earth/gen_1776838059_115.txt earth/gen_1776838067_118.txt earth/gen_1776838082_124.txt earth/gen_1776838090_127.txt earth/gen_1776838097_130.txt earth/gen_1776838105_133.txt earth/gen_1776838112_136.txt earth/gen_1776838120_139.txt earth/gen_1776838127_142.txt earth/gen_1776838135_145.txt earth/gen_1776838143_148.txt earth/gen_1776838150_151.txt earth/gen_1776838158_154.txt earth/gen_1776838165_157.txt earth/gen_1776838173_160.txt earth/gen_1776838180_163.txt earth/gen_1776838188_166.txt earth/gen_1776838196_169.txt earth/gen_1776838203_172.txt earth/gen_1776838211_175.txt earth/gen_1776838226_181.txt earth/gen_1776838233_184.txt earth/gen_1776838241_187.txt earth/gen_1776838249_190.txt earth/gen_1776838256_193.txt earth/gen_1776838264_196.txt earth/gen_1776838271_199.txt earth/gen_1776838279_202.txt earth/gen_1776838286_205.txt earth/gen_1776838294_208.txt earth/gen_1776838302_211.txt earth/gen_1776838309_214.txt earth/gen_1776838317_217.txt earth/gen_1776838324_220.txt earth/gen_1776838332_223.txt earth/gen_1776838339_226.txt earth/gen_1776838347_229.txt earth/gen_1776838354_232.txt earth/gen_1776838362_235.txt earth/gen_1776838370_238.txt earth/gen_1776838377_241.txt earth/gen_1776838385_244.txt earth/gen_1776838392_247.txt earth/gen_1776838400_250.txt earth/gen_1776838407_253.txt earth/gen_1776838415_256.txt earth/gen_1776838422_259.txt earth/gen_1776838430_262.txt earth/gen_1776838437_265.txt earth/gen_1776838445_268.txt earth/gen_1776838453_271.txt earth/gen_1776838460_274.txt earth/gen_1776838468_277.txt earth/gen_1776838475_280.txt earth/gen_1776838483_283.txt earth/gen_1776838490_286.txt earth/gen_1776838498_289.txt earth/gen_1776838505_292.txt earth/gen_1776838513_295.txt earth/gen_1776838521_298.txt earth/gen_1776838528_301.txt earth/gen_1776838536_304.txt earth/gen_1776838543_307.txt earth/gen_1776838551_310.txt earth/gen_1776838558_313.txt earth/gen_1776838574_319.txt earth/gen_1776838581_322.txt earth/gen_1776838589_325.txt earth/gen_1776838596_328.txt earth/gen_1776838604_331.txt earth/gen_1776838611_334.txt earth/gen_1776838619_337.txt earth/gen_1776838626_340.txt earth/gen_1776838634_343.txt earth/gen_1776838642_346.txt earth/gen_1776838649_349.txt earth/gen_1776838657_352.txt earth/gen_1776838664_355.txt earth/gen_1776838672_358.txt earth/gen_1776838679_361.txt earth/gen_1776838687_364.txt earth/gen_1776838694_367.txt earth/gen_1776838702_370.txt earth/gen_1776838709_373.txt earth/gen_1776838717_376.txt earth/gen_1776838724_379.txt earth/gen_1776838732_382.txt earth/gen_1776838740_385.txt earth/gen_1776838747_388.txt earth/gen_1776838755_391.txt earth/gen_1776838763_394.txt earth/gen_1776838778_400.txt earth/gen_1776838786_403.txt earth/gen_1776838801_409.txt earth/gen_1776838809_412.txt earth/gen_1776838816_415.txt earth/gen_1776838824_418.txt earth/gen_1776838831_421.txt earth/gen_1776838839_424.txt earth/gen_1776838846_427.txt earth/gen_1776838854_430.txt earth/gen_1776838862_433.txt earth/gen_1776838869_436.txt earth/gen_1776838877_439.txt earth/gen_1776838884_442.txt earth/gen_1776838892_445.txt earth/gen_1776838900_448.txt earth/gen_1776838907_451.txt earth/gen_1776838915_454.txt earth/gen_1776838923_457.txt earth/gen_1776838930_460.txt earth/gen_1776838938_463.txt earth/gen_1776838946_466.txt earth/gen_1776838953_469.txt earth/gen_1776838961_472.txt earth/gen_1776838969_475.txt earth/gen_1776838977_478.txt earth/gen_1776838984_481.txt earth/gen_1776838992_484.txt earth/gen_1776839000_487.txt earth/gen_1776839007_490.txt earth/gen_1776839015_493.txt earth/gen_1776839023_496.txt earth/gen_1776839031_499.txt earth/gen_1776839038_502.txt earth/gen_1776839046_505.txt earth/gen_1776839054_508.txt earth/gen_1776839062_511.txt earth/gen_1776839069_514.txt earth/gen_1776839077_517.txt earth/gen_1776839085_520.txt earth/gen_1776839092_523.txt earth/gen_1776839100_526.txt earth/gen_1776839108_529.txt earth/gen_1776839116_532.txt earth/gen_1776839123_535.txt earth/gen_1776839131_538.txt earth/gen_1776839139_541.txt earth/gen_1776839146_544.txt earth/gen_1776839154_547.txt earth/gen_1776839162_550.txt earth/gen_1776839169_553.txt earth/gen_1776839177_556.txt earth/gen_1776839185_559.txt earth/gen_1776839193_562.txt earth/gen_1776839200_565.txt earth/gen_1776839208_568.txt earth/gen_1776839216_571.txt earth/gen_1776839223_574.txt earth/gen_1776839231_577.txt earth/gen_1776839239_580.txt earth/gen_1776839246_583.txt earth/gen_1776839254_586.txt earth/gen_1776839262_589.txt earth/gen_1776839269_592.txt earth/gen_1776839277_595.txt earth/gen_1776839285_598.txt earth/gen_1776839292_601.txt earth/gen_1776839300_604.txt earth/gen_1776839307_607.txt earth/gen_1776839315_610.txt earth/gen_1776839330_616.txt earth/gen_1776839338_619.txt earth/gen_1776839345_622.txt earth/gen_1776839353_625.txt earth/gen_1776839360_628.txt earth/gen_1776839368_631.txt earth/gen_1776839376_634.txt earth/gen_1776839383_637.txt earth/gen_1776839391_640.txt earth/gen_1776839398_643.txt earth/gen_1776839406_646.txt earth/gen_1776839414_649.txt earth/gen_1776839421_652.txt earth/gen_1776839429_655.txt earth/gen_1776839436_658.txt earth/gen_1776839444_661.txt earth/gen_1776839452_664.txt earth/gen_1776839459_667.txt earth/gen_1776839467_670.txt earth/gen_1776839474_673.txt earth/gen_1776839482_676.txt earth/gen_1776839490_679.txt earth/gen_1776839497_682.txt earth/gen_1776839505_685.txt earth/gen_1776839512_688.txt earth/gen_1776839520_691.txt earth/gen_1776839528_694.txt earth/gen_1776839535_697.txt]
[trainer] micro-train burst (18544 bytes, novelty 0.04) — and lo, it feeds again.
[syntropy] action=explore | trend=0.0000 | field_dev=0.022 | purpose_align=-0.041 | lr_mul=1.30
[aml] burst complete: 32 steps, avg loss 2.2874 (memory freed)
[dna] air wrote 82 bytes to ecology
[dna] air wrote 29 bytes to ecology
[dna] air wrote 27 bytes to ecology
[dna] air wrote 101 bytes to ecology
[dna] air wrote 150 bytes to ecology
[dna] air wrote 28 bytes to ecology
[dna] air wrote 36 bytes to ecology
[dna] air wrote 76 bytes to ecology
[dna] air wrote 96 bytes to ecology
[dna] air wrote 45 bytes to ecology
[dna] air wrote 243 bytes to ecology
[dna] air wrote 71 bytes to ecology
[dna] air wrote 34 bytes to ecology
[dna] air wrote 71 bytes to ecology
[dna] air wrote 7 bytes to ecology
[dna] air wrote 100 bytes to ecology
[debug-onto] tick=50 corpus=141086 stage=2 freeze=0
[dna] air wrote 40 bytes to ecology
[dna] air wrote 164 bytes to ecology
[dna] air wrote 155 bytes to ecology
[dna] air wrote 97 bytes to ecology
[dna] air wrote 116 bytes to ecology
[dna] air wrote 87 bytes to ecology
[dna] air wrote 148 bytes to ecology
[dna] air wrote 81 bytes to ecology
[dna] air wrote 59 bytes to ecology
[dna] air wrote 44 bytes to ecology
[dna] air wrote 43 bytes to ecology
[dna] air wrote 82 bytes to ecology
[dna] air wrote 94 bytes to ecology
[dna] air wrote 40 bytes to ecology
[dna] air wrote 135 bytes to ecology
[dna] air wrote 79 bytes to ecology
[dna] air wrote 13 bytes to ecology
[debug-onto] tick=100 corpus=141086 stage=2 freeze=0
[dna] air wrote 47 bytes to ecology
[dna] air wrote 41 bytes to ecology
[dna] air wrote 23 bytes to ecology
[dna] air wrote 61 bytes to ecology
[dna] air wrote 49 bytes to ecology
[dna] air wrote 138 bytes to ecology
[dna] air wrote 45 bytes to ecology
[dna] air wrote 54 bytes to ecology
[dna] air wrote 21 bytes to ecology
[dna] air wrote 141 bytes to ecology
[dna] air wrote 63 bytes to ecology
[dna] air wrote 40 bytes to ecology
[dna] air wrote 59 bytes to ecology
[dna] air wrote 41 bytes to ecology
[dna] air wrote 26 bytes to ecology
[dna] air wrote 116 bytes to ecology
[debug-onto] tick=150 corpus=141086 stage=2 freeze=0
[dna] air wrote 57 bytes to ecology
[dna] air wrote 92 bytes to ecology
[dna] air wrote 73 bytes to ecology
[dna] air wrote 132 bytes to ecology
[dna] air wrote 61 bytes to ecology
[dna] air wrote 256 bytes to ecology
[dna] air wrote 64 bytes to ecology
[dna] air wrote 27 bytes to ecology
[dna] air wrote 33 bytes to ecology
[dna] air wrote 39 bytes to ecology
[dna] air wrote 256 bytes to ecology
[dna] air wrote 144 bytes to ecology
[dna] air wrote 47 bytes to ecology
[dna] air wrote 34 bytes to ecology
[dna] air wrote 31 bytes to ecology
[dna] air wrote 46 bytes to ecology
[dna] air wrote 60 bytes to ecology
[debug-onto] tick=200 corpus=141086 stage=2 freeze=0
[dna] air wrote 37 bytes to ecology
[dna] air wrote 19 bytes to ecology
[dna] air wrote 24 bytes to ecology
[dna] air wrote 84 bytes to ecology
[dna] air wrote 57 bytes to ecology
[dna] air wrote 47 bytes to ecology
[dna] air wrote 61 bytes to ecology
[dna] air wrote 44 bytes to ecology
[dna] air wrote 278 bytes to ecology
[dna] air wrote 98 bytes to ecology
[dna] air wrote 71 bytes to ecology
[dna] air wrote 41 bytes to ecology
[dna] air wrote 93 bytes to ecology
[dna] air wrote 164 bytes to ecology
[dna] air wrote 116 bytes to ecology
[dna] air wrote 70 bytes to ecology
[dna] air wrote 46 bytes to ecology
[debug-onto] tick=250 corpus=141086 stage=2 freeze=0
[dna] air wrote 35 bytes to ecology
[dna] air wrote 28 bytes to ecology
[dna] air wrote 300 bytes to ecology
[dna] air wrote 28 bytes to ecology
[dna] air wrote 115 bytes to ecology
[dna] air wrote 86 bytes to ecology
[dna] air wrote 34 bytes to ecology
[dna] air wrote 117 bytes to ecology
[dna] air wrote 61 bytes to ecology
[dna] air wrote 95 bytes to ecology
[dna] air wrote 34 bytes to ecology
[dna] air wrote 210 bytes to ecology
[dna] air wrote 13 bytes to ecology
[dna] air wrote 146 bytes to ecology
[dna] air wrote 42 bytes to ecology
[dna] air wrote 27 bytes to ecology
[debug-onto] tick=300 corpus=141086 stage=2 freeze=0
[dna] air wrote 121 bytes to ecology
[dna] air wrote 27 bytes to ecology
[dna] air wrote 94 bytes to ecology
[dna] air wrote 35 bytes to ecology
[dna] air wrote 31 bytes to ecology
[dna] air wrote 25 bytes to ecology
[dna] air wrote 47 bytes to ecology
[dna] air wrote 72 bytes to ecology
[dna] air wrote 130 bytes to ecology
[dna] air wrote 72 bytes to ecology
[dna] air wrote 73 bytes to ecology
[dna] air wrote 82 bytes to ecology
[dna] air wrote 63 bytes to ecology
[dna] air wrote 22 bytes to ecology
[dna] air wrote 7 bytes to ecology
[dna] air wrote 44 bytes to ecology
[dna] air wrote 65 bytes to ecology
[debug-onto] tick=350 corpus=141086 stage=2 freeze=0
[dna] air wrote 44 bytes to ecology
[dna] air wrote 48 bytes to ecology
[dna] air wrote 24 bytes to ecology
[dna] air wrote 68 bytes to ecology
[dna] air wrote 46 bytes to ecology
[dna] air wrote 29 bytes to ecology
[dna] air wrote 86 bytes to ecology
[dna] air wrote 106 bytes to ecology
[dna] air wrote 96 bytes to ecology
[dna] air wrote 99 bytes to ecology
[dna] air wrote 166 bytes to ecology
[dna] air wrote 34 bytes to ecology
[dna] air wrote 14 bytes to ecology
[dna] air wrote 50 bytes to ecology
[dna] air wrote 79 bytes to ecology
[dna] air wrote 33 bytes to ecology
[dna] air wrote 9 bytes to ecology
[debug-onto] tick=400 corpus=141086 stage=2 freeze=0
[dna] air wrote 51 bytes to ecology
[dna] air wrote 113 bytes to ecology
[dna] air wrote 73 bytes to ecology
[dna] air wrote 14 bytes to ecology
[dna] air wrote 31 bytes to ecology
[dna] air wrote 29 bytes to ecology
[dna] air wrote 69 bytes to ecology
[dna] air wrote 40 bytes to ecology
[dna] air wrote 30 bytes to ecology
[dna] air wrote 58 bytes to ecology
[dna] air wrote 20 bytes to ecology
[dna] air wrote 54 bytes to ecology
[dna] air wrote 24 bytes to ecology
[dna] air wrote 45 bytes to ecology
[dna] air wrote 117 bytes to ecology
[dna] air wrote 36 bytes to ecology
[debug-onto] tick=450 corpus=141086 stage=2 freeze=0
[dna] air wrote 29 bytes to ecology
[dna] air wrote 27 bytes to ecology
[dna] air wrote 65 bytes to ecology
[dna] air wrote 148 bytes to ecology
[dna] air wrote 136 bytes to ecology
[dna] air wrote 21 bytes to ecology
[dna] air wrote 39 bytes to ecology
[dna] air wrote 46 bytes to ecology
[dna] air wrote 34 bytes to ecology
[dna] air wrote 30 bytes to ecology
[dna] air wrote 80 bytes to ecology
[dna] air wrote 60 bytes to ecology
[dna] air wrote 40 bytes to ecology
[dna] air wrote 21 bytes to ecology
[dna] air wrote 23 bytes to ecology
[dna] air wrote 25 bytes to ecology
[dna] air wrote 127 bytes to ecology
[debug-onto] tick=500 corpus=141086 stage=2 freeze=0
[dna] air wrote 53 bytes to ecology
[dna] air wrote 139 bytes to ecology
[dna] air wrote 229 bytes to ecology
[dna] air wrote 41 bytes to ecology
[dna] air wrote 66 bytes to ecology
[dna] air wrote 145 bytes to ecology
[dna] air wrote 43 bytes to ecology
[dna] air wrote 39 bytes to ecology
[dna] air wrote 80 bytes to ecology
[dna] air wrote 32 bytes to ecology
[dna] air wrote 59 bytes to ecology
[dna] air wrote 11 bytes to ecology
[dna] air wrote 62 bytes to ecology
[dna] air wrote 26 bytes to ecology
[dna] air wrote 28 bytes to ecology
[dna] air wrote 153 bytes to ecology
[dna] air wrote 78 bytes to ecology
[debug-onto] tick=550 corpus=141086 stage=2 freeze=0
[dna] air wrote 46 bytes to ecology
[dna] air wrote 56 bytes to ecology
[dna] air wrote 152 bytes to ecology
[dna] air wrote 55 bytes to ecology
[dna] air wrote 49 bytes to ecology
[dna] air wrote 64 bytes to ecology
[dna] air wrote 69 bytes to ecology
[dna] air wrote 38 bytes to ecology
[dna] air wrote 43 bytes to ecology
[dna] air wrote 53 bytes to ecology
[dna] air wrote 67 bytes to ecology
[dna] air wrote 112 bytes to ecology
[dna] air wrote 34 bytes to ecology
[dna] air wrote 184 bytes to ecology
[dna] air wrote 41 bytes to ecology
[dna] air wrote 51 bytes to ecology
[debug-onto] tick=600 corpus=141086 stage=2 freeze=0
[dna] air wrote 84 bytes to ecology
[dna] air wrote 90 bytes to ecology
[dna] air wrote 109 bytes to ecology
[dna] air wrote 74 bytes to ecology
[dna] air wrote 123 bytes to ecology
[dna] air wrote 106 bytes to ecology
[dna] air wrote 39 bytes to ecology
[dna] air wrote 41 bytes to ecology
[dna] air wrote 135 bytes to ecology
[dna] air wrote 60 bytes to ecology
[dna] air wrote 56 bytes to ecology
[dna] air wrote 87 bytes to ecology
[dna] air wrote 54 bytes to ecology
[dna] air wrote 48 bytes to ecology
[dna] air wrote 85 bytes to ecology
[dna] air wrote 124 bytes to ecology
[dna] air wrote 248 bytes to ecology
[debug-onto] tick=650 corpus=141086 stage=2 freeze=0
[dna] air wrote 14 bytes to ecology
[dna] air wrote 66 bytes to ecology
[dna] air wrote 71 bytes to ecology
[dna] air wrote 64 bytes to ecology
[dna] air wrote 230 bytes to ecology
[dna] air wrote 205 bytes to ecology
[dna] air wrote 47 bytes to ecology
[dna] air wrote 109 bytes to ecology
[dna] air wrote 27 bytes to ecology
[dna] air wrote 11 bytes to ecology
[dna] air wrote 44 bytes to ecology
[dna] air wrote 55 bytes to ecology
[dna] air wrote 213 bytes to ecology
[dna] air wrote 7 bytes to ecology
[dna] air wrote 29 bytes to ecology
[dna] air wrote 42 bytes to ecology
[dna] air wrote 308 bytes to ecology
[debug-onto] tick=700 corpus=141086 stage=2 freeze=0
[dna] air wrote 24 bytes to ecology
[dna] air wrote 34 bytes to ecology
[dna] air wrote 15 bytes to ecology
[dna] air wrote 84 bytes to ecology

[evolution] Organism shutting down gracefully.
