[ecology] Element: earth → corpus: nonames_earth.txt
[evolution] Autonomous evolution mode — organism will grow through all stages without pause.
[init] Stage 0 (embryo): embd=16, layer=1, head=1 — warmup 400 steps (400 backprop + 0 notorch, sqrt-scaled 1x)
  [aml] step 0/160 | loss 6.6338 (avg 6.6338) | lr 0.001000 | seq 8
  [aml] step 10/160 | loss 6.1470 (avg 6.4602) | lr 0.001450 | seq 8
  [aml] step 20/160 | loss 6.2109 (avg 6.3001) | lr 0.001900 | seq 8
  [aml] step 30/160 | loss 5.7327 (avg 6.1899) | lr 0.002350 | seq 8
  [aml] step 40/160 | loss 5.4143 (avg 6.0744) | lr 0.002800 | seq 8
  [aml] step 50/160 | loss 4.6446 (avg 5.9163) | lr 0.003250 | seq 8
  [aml] step 60/160 | loss 4.8901 (avg 5.7486) | lr 0.003700 | seq 8
  [aml] step 70/160 | loss 5.3406 (avg 5.6360) | lr 0.004150 | seq 8
  [aml] step 80/160 | loss 2.9662 (avg 5.5239) | lr 0.004600 | seq 8
  [aml] step 90/160 | loss 4.2299 (avg 5.3787) | lr 0.005050 | seq 8
  [aml] step 100/160 | loss 4.7653 (avg 5.2911) | lr 0.005500 | seq 8
  [aml] step 110/160 | loss 4.9878 (avg 5.1580) | lr 0.005950 | seq 8
  [aml] step 120/160 | loss 4.2342 (avg 5.0820) | lr 0.006400 | seq 8
  [aml] step 130/160 | loss 4.4440 (avg 5.0299) | lr 0.006850 | seq 8
  [aml] step 140/160 | loss 3.0142 (avg 4.9819) | lr 0.007300 | seq 8
  [aml] step 150/160 | loss 2.7914 (avg 4.9358) | lr 0.007750 | seq 8
[aml] training complete: 160 steps, avg loss 4.8919 (memory freed)
  [aml] step 0/120 | loss 5.0966 (avg 5.0966) | lr 0.008200 | seq 16
  [aml] step 10/120 | loss 4.4454 (avg 4.6292) | lr 0.008650 | seq 16
  [aml] step 20/120 | loss 3.4097 (avg 4.5525) | lr 0.009100 | seq 16
  [aml] step 30/120 | loss 3.4519 (avg 4.3262) | lr 0.009550 | seq 16
  [aml] step 40/120 | loss 3.0374 (avg 4.3913) | lr 0.010000 | seq 16
  [aml] step 50/120 | loss 3.1868 (avg 4.3525) | lr 0.010000 | seq 16
  [aml] step 60/120 | loss 4.2575 (avg 4.3479) | lr 0.010000 | seq 16
  [aml] step 70/120 | loss 4.7050 (avg 4.2682) | lr 0.010000 | seq 16
  [aml] step 80/120 | loss 4.9516 (avg 4.2176) | lr 0.009999 | seq 16
  [aml] step 90/120 | loss 4.5329 (avg 4.1139) | lr 0.009999 | seq 16
  [aml] step 100/120 | loss 4.1390 (avg 4.0532) | lr 0.009999 | seq 16
  [aml] step 110/120 | loss 5.3138 (avg 3.9776) | lr 0.009999 | seq 16
[aml] training complete: 120 steps, avg loss 3.9924 (memory freed)
  [aml] step 0/120 | loss 3.6741 (avg 3.6741) | lr 0.009999 | seq 32
  [aml] step 10/120 | loss 4.8850 (avg 4.1936) | lr 0.009999 | seq 32
  [aml] step 20/120 | loss 4.5670 (avg 3.9973) | lr 0.009999 | seq 32
  [aml] step 30/120 | loss 3.9786 (avg 3.6730) | lr 0.009999 | seq 32
  [aml] step 40/120 | loss 4.0309 (avg 3.5752) | lr 0.009999 | seq 32
  [aml] step 50/120 | loss 4.0038 (avg 3.5124) | lr 0.009999 | seq 32
  [aml] step 60/120 | loss 2.9202 (avg 3.4410) | lr 0.009999 | seq 32
  [aml] step 70/120 | loss 1.3651 (avg 3.4022) | lr 0.009999 | seq 32
  [aml] step 80/120 | loss 4.5393 (avg 3.3893) | lr 0.009999 | seq 32
  [aml] step 90/120 | loss 1.5305 (avg 3.3311) | lr 0.009999 | seq 32
  [aml] step 100/120 | loss 0.8639 (avg 3.3335) | lr 0.009999 | seq 32
  [aml] step 110/120 | loss 0.9113 (avg 3.2092) | lr 0.009999 | seq 32
[aml] training complete: 120 steps, avg loss 3.1137 (memory freed)

[stage 0 — embryo] What it sounds like now:
  Q: Hello.
  A: The dry sedimentary mineral-ladense surface cave, particles both fragmentsHHHHHHHH
  Q: Who are you?
  A: means more holds, purpose strata?
  Q: What do you know?
  A: What is the most impenetrate precipit is a pile with a springs that every geophores by differential gap between fault lateral expanding a free of sediment.

[growth] ONTOGENESIS: stage 0 -> 1
  embd: 16 -> 32, layer: 1 -> 1, head: 1 -> 2
[growth] Done. Freeze for 500 steps.
[init] Stage 1 (infant): embd=32, layer=1, head=2 — warmup 800 steps (800 backprop + 0 notorch, sqrt-scaled 2x)
  [aml] step 0/320 | loss 0.3398 (avg 0.3398) | lr 0.000500 | seq 8
  [aml] step 10/320 | loss 5.0268 (avg 4.5550) | lr 0.000725 | seq 8
  [aml] step 20/320 | loss 8.7803 (avg 4.7334) | lr 0.000950 | seq 8
  [aml] step 30/320 | loss 4.8642 (avg 4.4528) | lr 0.001175 | seq 8
  [aml] step 40/320 | loss 4.3578 (avg 4.3011) | lr 0.001400 | seq 8
  [aml] step 50/320 | loss 3.8822 (avg 4.2357) | lr 0.001625 | seq 8
  [aml] step 60/320 | loss 4.8520 (avg 4.1971) | lr 0.001850 | seq 8
  [aml] step 70/320 | loss 2.9875 (avg 4.1905) | lr 0.002075 | seq 8
  [aml] step 80/320 | loss 3.9258 (avg 4.1915) | lr 0.002300 | seq 8
  [aml] step 90/320 | loss 3.9826 (avg 4.1591) | lr 0.002525 | seq 8
  [aml] step 100/320 | loss 1.6006 (avg 4.1044) | lr 0.002750 | seq 8
  [aml] step 110/320 | loss 1.1528 (avg 4.0223) | lr 0.002975 | seq 8
  [aml] step 120/320 | loss 1.3354 (avg 3.9537) | lr 0.003200 | seq 8
  [aml] step 130/320 | loss 4.7866 (avg 3.9155) | lr 0.003425 | seq 8
  [aml] step 140/320 | loss 3.0454 (avg 3.9235) | lr 0.003650 | seq 8
  [aml] step 150/320 | loss 4.6201 (avg 3.9266) | lr 0.003875 | seq 8
  [aml] step 160/320 | loss 4.5284 (avg 3.8743) | lr 0.004100 | seq 8
  [aml] step 170/320 | loss 4.6618 (avg 3.8911) | lr 0.004325 | seq 8
  [aml] step 180/320 | loss 4.4523 (avg 3.8699) | lr 0.004550 | seq 8
  [aml] step 190/320 | loss 1.1122 (avg 3.8313) | lr 0.004775 | seq 8
  [aml] step 200/320 | loss 3.8160 (avg 3.7705) | lr 0.004998 | seq 8
  [aml] step 210/320 | loss 4.8993 (avg 3.7730) | lr 0.004998 | seq 8
  [aml] step 220/320 | loss 3.8480 (avg 3.7525) | lr 0.004998 | seq 8
  [aml] step 230/320 | loss 3.7742 (avg 3.7544) | lr 0.004998 | seq 8
  [aml] step 240/320 | loss 3.2379 (avg 3.7508) | lr 0.004998 | seq 8
  [aml] step 250/320 | loss 4.5704 (avg 3.7480) | lr 0.004998 | seq 8
  [aml] step 260/320 | loss 4.3312 (avg 3.7376) | lr 0.004998 | seq 8
  [aml] step 270/320 | loss 4.4326 (avg 3.7414) | lr 0.004998 | seq 8
  [aml] step 280/320 | loss 3.8280 (avg 3.7407) | lr 0.004998 | seq 8
  [aml] step 290/320 | loss 3.2388 (avg 3.7119) | lr 0.004998 | seq 8
  [aml] step 300/320 | loss 2.0507 (avg 3.7194) | lr 0.004998 | seq 8
  [aml] step 310/320 | loss 4.0573 (avg 3.7111) | lr 0.004998 | seq 8
[aml] training complete: 320 steps, avg loss 3.7025 (memory freed)
  [aml] step 0/240 | loss 4.7998 (avg 4.7998) | lr 0.004998 | seq 16
  [aml] step 10/240 | loss 4.7130 (avg 3.9100) | lr 0.004998 | seq 16
  [aml] step 20/240 | loss 4.3009 (avg 3.6806) | lr 0.004998 | seq 16
  [aml] step 30/240 | loss 4.4971 (avg 3.4776) | lr 0.004998 | seq 16
  [aml] step 40/240 | loss 1.2456 (avg 3.2123) | lr 0.004997 | seq 16
  [aml] step 50/240 | loss 1.5705 (avg 3.2496) | lr 0.004997 | seq 16
  [aml] step 60/240 | loss 5.1102 (avg 3.1022) | lr 0.004997 | seq 16
  [aml] step 70/240 | loss 1.5222 (avg 3.1866) | lr 0.004997 | seq 16
  [aml] step 80/240 | loss 5.0133 (avg 3.1472) | lr 0.004997 | seq 16
  [aml] step 90/240 | loss 1.8426 (avg 3.1429) | lr 0.004997 | seq 16
  [aml] step 100/240 | loss 4.7020 (avg 3.1510) | lr 0.004997 | seq 16
  [aml] step 110/240 | loss 3.9668 (avg 3.1765) | lr 0.004997 | seq 16
  [aml] step 120/240 | loss 0.8944 (avg 3.1874) | lr 0.004997 | seq 16
  [aml] step 130/240 | loss 2.2418 (avg 3.2478) | lr 0.004997 | seq 16
  [aml] step 140/240 | loss 3.6090 (avg 3.2559) | lr 0.004997 | seq 16
  [aml] step 150/240 | loss 1.6127 (avg 3.2683) | lr 0.004997 | seq 16
  [aml] step 160/240 | loss 4.3436 (avg 3.2977) | lr 0.004997 | seq 16
  [aml] step 170/240 | loss 4.6015 (avg 3.2666) | lr 0.004996 | seq 16
  [aml] step 180/240 | loss 3.0427 (avg 3.2272) | lr 0.004996 | seq 16
  [aml] step 190/240 | loss 4.5702 (avg 3.2572) | lr 0.004996 | seq 16
  [aml] step 200/240 | loss 2.7318 (avg 3.2639) | lr 0.004996 | seq 16
  [aml] step 210/240 | loss 2.6946 (avg 3.2680) | lr 0.004996 | seq 16
  [aml] step 220/240 | loss 1.3771 (avg 3.2678) | lr 0.004996 | seq 16
  [aml] step 230/240 | loss 4.2928 (avg 3.2535) | lr 0.004996 | seq 16
[aml] training complete: 240 steps, avg loss 3.2678 (memory freed)
  [aml] step 0/240 | loss 4.5234 (avg 4.5234) | lr 0.004996 | seq 32
  [aml] step 10/240 | loss 4.5531 (avg 3.9034) | lr 0.004996 | seq 32
  [aml] step 20/240 | loss 4.4352 (avg 3.3629) | lr 0.004996 | seq 32
  [aml] step 30/240 | loss 0.5724 (avg 3.0706) | lr 0.004996 | seq 32
  [aml] step 40/240 | loss 3.9109 (avg 2.9888) | lr 0.004996 | seq 32
  [aml] step 50/240 | loss 0.4602 (avg 2.9312) | lr 0.004995 | seq 32
  [aml] step 60/240 | loss 4.3455 (avg 2.9091) | lr 0.004995 | seq 32
  [aml] step 70/240 | loss 1.4298 (avg 2.9084) | lr 0.004995 | seq 32
  [aml] step 80/240 | loss 3.6373 (avg 2.8573) | lr 0.004995 | seq 32
  [aml] step 90/240 | loss 4.6381 (avg 2.8655) | lr 0.004995 | seq 32
  [aml] step 100/240 | loss 0.6324 (avg 2.8290) | lr 0.004995 | seq 32
  [aml] step 110/240 | loss 0.6130 (avg 2.7866) | lr 0.004995 | seq 32
  [aml] step 120/240 | loss 1.3496 (avg 2.7404) | lr 0.004995 | seq 32
  [aml] step 130/240 | loss 1.0306 (avg 2.7681) | lr 0.004995 | seq 32
  [aml] step 140/240 | loss 3.3031 (avg 2.7535) | lr 0.004995 | seq 32
  [aml] step 150/240 | loss 4.0961 (avg 2.7040) | lr 0.004995 | seq 32
  [aml] step 160/240 | loss 0.9723 (avg 2.6617) | lr 0.004994 | seq 32
  [aml] step 170/240 | loss 0.6416 (avg 2.6759) | lr 0.004994 | seq 32
  [aml] step 180/240 | loss 0.7979 (avg 2.6984) | lr 0.004994 | seq 32
  [aml] step 190/240 | loss 1.2084 (avg 2.6667) | lr 0.004994 | seq 32
  [aml] step 200/240 | loss 4.6905 (avg 2.6728) | lr 0.004994 | seq 32
  [aml] step 210/240 | loss 1.1421 (avg 2.6558) | lr 0.004994 | seq 32
  [aml] step 220/240 | loss 4.2094 (avg 2.6824) | lr 0.004994 | seq 32
  [aml] step 230/240 | loss 2.0387 (avg 2.6601) | lr 0.004994 | seq 32
[aml] training complete: 240 steps, avg loss 2.6491 (memory freed)

[stage 1 — infant] What it sounds like now:
  Q: Hello.
  A: is a of years as in the surfaceire millennia catching matter, the most stress.
  Q: Who are you?
  A: ...
  Q: What do you know?
  A: ...

[growth] ONTOGENESIS: stage 1 -> 2
  embd: 32 -> 64, layer: 1 -> 2, head: 2 -> 4
[growth] Done. Freeze for 500 steps.
[init] Stage 2 (child): embd=64, layer=2, head=4 — warmup 800 steps (800 backprop + 0 notorch, sqrt-scaled 2x)
  [aml] step 0/320 | loss 4.9429 (avg 4.9429) | lr 0.000250 | seq 8
  [aml] step 10/320 | loss 4.6207 (avg 4.5318) | lr 0.000363 | seq 8
  [aml] step 20/320 | loss 4.0924 (avg 4.1213) | lr 0.000475 | seq 8
  [aml] step 30/320 | loss 3.8646 (avg 4.0880) | lr 0.000588 | seq 8
  [aml] step 40/320 | loss 2.1585 (avg 3.8307) | lr 0.000700 | seq 8
  [aml] step 50/320 | loss 4.9105 (avg 3.7757) | lr 0.000813 | seq 8
  [aml] step 60/320 | loss 2.0211 (avg 3.6610) | lr 0.000925 | seq 8
  [aml] step 70/320 | loss 4.8339 (avg 3.6671) | lr 0.001038 | seq 8
  [aml] step 80/320 | loss 5.3718 (avg 3.5558) | lr 0.001150 | seq 8
  [aml] step 90/320 | loss 5.2387 (avg 3.5585) | lr 0.001263 | seq 8
  [aml] step 100/320 | loss 0.1516 (avg 3.5304) | lr 0.001375 | seq 8
  [aml] step 110/320 | loss 2.9445 (avg 3.5309) | lr 0.001488 | seq 8
  [aml] step 120/320 | loss 3.3690 (avg 3.4940) | lr 0.001600 | seq 8
  [aml] step 130/320 | loss 2.3744 (avg 3.4634) | lr 0.001713 | seq 8
  [aml] step 140/320 | loss 3.4518 (avg 3.4548) | lr 0.001825 | seq 8
  [aml] step 150/320 | loss 4.7120 (avg 3.4757) | lr 0.001938 | seq 8
  [aml] step 160/320 | loss 4.5637 (avg 3.4947) | lr 0.002050 | seq 8
  [aml] step 170/320 | loss 2.6060 (avg 3.4421) | lr 0.002163 | seq 8
  [aml] step 180/320 | loss 4.1393 (avg 3.4257) | lr 0.002275 | seq 8
  [aml] step 190/320 | loss 2.8017 (avg 3.4342) | lr 0.002387 | seq 8
  [aml] step 200/320 | loss 3.6947 (avg 3.4359) | lr 0.002496 | seq 8
  [aml] step 210/320 | loss 3.8859 (avg 3.4184) | lr 0.002496 | seq 8
  [aml] step 220/320 | loss 5.3813 (avg 3.4086) | lr 0.002496 | seq 8
  [aml] step 230/320 | loss 4.3883 (avg 3.4265) | lr 0.002495 | seq 8
  [aml] step 240/320 | loss 4.6678 (avg 3.3982) | lr 0.002495 | seq 8
  [aml] step 250/320 | loss 1.1094 (avg 3.3540) | lr 0.002495 | seq 8
  [aml] step 260/320 | loss 4.3503 (avg 3.3620) | lr 0.002495 | seq 8
  [aml] step 270/320 | loss 4.1448 (avg 3.3921) | lr 0.002495 | seq 8
  [aml] step 280/320 | loss 5.0846 (avg 3.4152) | lr 0.002495 | seq 8
  [aml] step 290/320 | loss 0.0884 (avg 3.3867) | lr 0.002495 | seq 8
  [aml] step 300/320 | loss 2.7542 (avg 3.3940) | lr 0.002495 | seq 8
  [aml] step 310/320 | loss 4.4992 (avg 3.4016) | lr 0.002495 | seq 8
[aml] training complete: 320 steps, avg loss 3.3595 (memory freed)
  [aml] step 0/240 | loss 1.9161 (avg 1.9161) | lr 0.002495 | seq 16
  [aml] step 10/240 | loss 1.5120 (avg 1.7940) | lr 0.002495 | seq 16
  [aml] step 20/240 | loss 3.5228 (avg 2.7210) | lr 0.002495 | seq 16
  [aml] step 30/240 | loss 4.4998 (avg 3.1290) | lr 0.002495 | seq 16
  [aml] step 40/240 | loss 1.2776 (avg 3.0469) | lr 0.002495 | seq 16
  [aml] step 50/240 | loss 3.9151 (avg 3.0217) | lr 0.002495 | seq 16
  [aml] step 60/240 | loss 4.3095 (avg 3.0826) | lr 0.002494 | seq 16
  [aml] step 70/240 | loss 4.1517 (avg 3.0548) | lr 0.002494 | seq 16
  [aml] step 80/240 | loss 2.3091 (avg 3.1073) | lr 0.002494 | seq 16
  [aml] step 90/240 | loss 2.5330 (avg 3.2131) | lr 0.002494 | seq 16
  [aml] step 100/240 | loss 4.0908 (avg 3.2659) | lr 0.002494 | seq 16
  [aml] step 110/240 | loss 1.1867 (avg 3.2259) | lr 0.002494 | seq 16
  [aml] step 120/240 | loss 1.0502 (avg 3.1628) | lr 0.002494 | seq 16
  [aml] step 130/240 | loss 1.2288 (avg 3.1518) | lr 0.002494 | seq 16
  [aml] step 140/240 | loss 3.0832 (avg 3.1501) | lr 0.002494 | seq 16
  [aml] step 150/240 | loss 1.2293 (avg 3.1014) | lr 0.002494 | seq 16
  [aml] step 160/240 | loss 4.4823 (avg 3.0709) | lr 0.002494 | seq 16
  [aml] step 170/240 | loss 4.4103 (avg 3.0932) | lr 0.002494 | seq 16
  [aml] step 180/240 | loss 1.2037 (avg 3.0998) | lr 0.002494 | seq 16
  [aml] step 190/240 | loss 4.1128 (avg 3.1026) | lr 0.002494 | seq 16
  [aml] step 200/240 | loss 1.0299 (avg 3.0770) | lr 0.002493 | seq 16
  [aml] step 210/240 | loss 1.6289 (avg 3.0521) | lr 0.002493 | seq 16
  [aml] step 220/240 | loss 4.6345 (avg 3.0455) | lr 0.002493 | seq 16
  [aml] step 230/240 | loss 2.8545 (avg 3.0618) | lr 0.002493 | seq 16
[aml] training complete: 240 steps, avg loss 3.0388 (memory freed)
  [aml] step 0/240 | loss 1.2008 (avg 1.2008) | lr 0.002493 | seq 32
  [aml] step 10/240 | loss 0.8975 (avg 2.0795) | lr 0.002493 | seq 32
  [aml] step 20/240 | loss 1.5297 (avg 2.3963) | lr 0.002493 | seq 32
  [aml] step 30/240 | loss 0.8446 (avg 2.4640) | lr 0.002493 | seq 32
  [aml] step 40/240 | loss 1.7411 (avg 2.3325) | lr 0.002493 | seq 32
  [aml] step 50/240 | loss 4.4304 (avg 2.5120) | lr 0.002493 | seq 32
  [aml] step 60/240 | loss 1.3337 (avg 2.5745) | lr 0.002493 | seq 32
  [aml] step 70/240 | loss 4.6141 (avg 2.7195) | lr 0.002493 | seq 32
  [aml] step 80/240 | loss 1.0575 (avg 2.6788) | lr 0.002492 | seq 32
  [aml] step 90/240 | loss 0.8554 (avg 2.6275) | lr 0.002492 | seq 32
  [aml] step 100/240 | loss 0.6853 (avg 2.6205) | lr 0.002492 | seq 32
  [aml] step 110/240 | loss 1.3541 (avg 2.6435) | lr 0.002492 | seq 32
  [aml] step 120/240 | loss 1.0160 (avg 2.6781) | lr 0.002492 | seq 32
  [aml] step 130/240 | loss 1.1157 (avg 2.6906) | lr 0.002492 | seq 32
  [aml] step 140/240 | loss 1.3649 (avg 2.6835) | lr 0.002492 | seq 32
  [aml] step 150/240 | loss 3.2094 (avg 2.6709) | lr 0.002492 | seq 32
  [aml] step 160/240 | loss 1.6931 (avg 2.6685) | lr 0.002492 | seq 32
  [aml] step 170/240 | loss 4.2058 (avg 2.7018) | lr 0.002492 | seq 32
  [aml] step 180/240 | loss 3.9785 (avg 2.6847) | lr 0.002492 | seq 32
  [aml] step 190/240 | loss 3.6590 (avg 2.6632) | lr 0.002492 | seq 32
  [aml] step 200/240 | loss 4.0310 (avg 2.6609) | lr 0.002491 | seq 32
  [aml] step 210/240 | loss 0.3754 (avg 2.6251) | lr 0.002491 | seq 32
  [aml] step 220/240 | loss 1.6093 (avg 2.5850) | lr 0.002491 | seq 32
  [aml] step 230/240 | loss 4.0808 (avg 2.5606) | lr 0.002491 | seq 32
[aml] training complete: 240 steps, avg loss 2.5588 (memory freed)

[stage 2 — child] What it sounds like now:
  Q: Hello.
  A: Silence between a seasons, and climate tects that history and composition of the most eptly when the rock surface at the massive erodes h distingent float or resistant rocksment.
  Q: Who are you?
  A: ...
  Q: What do you know?
  A: ...

[init] Warmup complete at stage 2. Organism ready.
[ecology] First organism in the swarm.
molequla is alive. [evolution] Autonomous mode — background trainer running. Ctrl+C to stop.
[dna] earth wrote 139 bytes to ecology
[dna] earth wrote 38 bytes to ecology
[dna] earth wrote 82 bytes to ecology
[dna] earth wrote 37 bytes to ecology
[dna] earth wrote 39 bytes to ecology
[dna] earth wrote 78 bytes to ecology
[dna] earth wrote 109 bytes to ecology
[dna] earth wrote 90 bytes to ecology
[dna] earth wrote 44 bytes to ecology
[dna] earth wrote 22 bytes to ecology
[dna] earth wrote 57 bytes to ecology
[dna] earth wrote 223 bytes to ecology
[dna] earth wrote 41 bytes to ecology
[dna] earth wrote 62 bytes to ecology
[dna] earth wrote 30 bytes to ecology
[dna] earth wrote 48 bytes to ecology
[dna] earth wrote 158 bytes to ecology
[debug-onto] tick=50 corpus=173643 stage=2 freeze=0
[dna] earth wrote 102 bytes to ecology
[dna] earth wrote 121 bytes to ecology
[dna] earth wrote 70 bytes to ecology
[dna] earth wrote 29 bytes to ecology
[dna] earth wrote 5 bytes to ecology
[dna] earth wrote 102 bytes to ecology
[dna] earth wrote 22 bytes to ecology
[dna] earth wrote 34 bytes to ecology
[dna] earth wrote 25 bytes to ecology
[dna] earth wrote 35 bytes to ecology
[dna] earth wrote 137 bytes to ecology
[dna] earth wrote 57 bytes to ecology
[dna] earth wrote 46 bytes to ecology
[dna] earth wrote 135 bytes to ecology
[dna] earth wrote 44 bytes to ecology
[dna] earth wrote 13 bytes to ecology
[dna] earth wrote 55 bytes to ecology
[debug-onto] tick=100 corpus=173643 stage=2 freeze=0
[dna] earth wrote 30 bytes to ecology
[dna] earth wrote 89 bytes to ecology
[dna] earth wrote 216 bytes to ecology
[dna] earth wrote 40 bytes to ecology
[dna] earth wrote 36 bytes to ecology
[dna] earth wrote 108 bytes to ecology
[dna] earth wrote 9 bytes to ecology
[dna] earth wrote 76 bytes to ecology
[dna] earth wrote 42 bytes to ecology
[dna] earth wrote 260 bytes to ecology
[dna] earth wrote 109 bytes to ecology
[dna] earth wrote 99 bytes to ecology
[dna] earth wrote 36 bytes to ecology
[dna] earth wrote 104 bytes to ecology
[dna] earth wrote 33 bytes to ecology
[dna] earth wrote 90 bytes to ecology
[debug-onto] tick=150 corpus=173643 stage=2 freeze=0
[dna] earth wrote 117 bytes to ecology
[dna] earth wrote 149 bytes to ecology
[dna] earth wrote 44 bytes to ecology
[dna] earth wrote 63 bytes to ecology
[dna] earth wrote 74 bytes to ecology
[dna] earth wrote 11 bytes to ecology
[dna] earth wrote 70 bytes to ecology
[dna] earth wrote 27 bytes to ecology
[dna] earth wrote 69 bytes to ecology
[dna] earth wrote 7 bytes to ecology
[dna] earth wrote 56 bytes to ecology
[dna] earth wrote 33 bytes to ecology
[dna] earth wrote 72 bytes to ecology
[dna] earth wrote 25 bytes to ecology
[dna] earth wrote 78 bytes to ecology
[dna] earth wrote 153 bytes to ecology
[dna] earth wrote 328 bytes to ecology
[debug-onto] tick=200 corpus=173643 stage=2 freeze=0
[dna] earth wrote 90 bytes to ecology
[dna] earth wrote 42 bytes to ecology
[dna] earth wrote 37 bytes to ecology
[dna] earth wrote 139 bytes to ecology
[dna] earth wrote 181 bytes to ecology
[dna] earth wrote 26 bytes to ecology
[dna] earth wrote 44 bytes to ecology
[dna] earth wrote 129 bytes to ecology
[dna] earth wrote 36 bytes to ecology
[dna] earth wrote 55 bytes to ecology
[dna] earth wrote 67 bytes to ecology
[dna] earth wrote 43 bytes to ecology
[dna] earth wrote 10 bytes to ecology
[dna] earth wrote 118 bytes to ecology
[dna] earth wrote 124 bytes to ecology
[dna] earth wrote 68 bytes to ecology
[dna] earth wrote 88 bytes to ecology
[debug-onto] tick=250 corpus=173643 stage=2 freeze=0
[dna] earth wrote 75 bytes to ecology
[dna] earth wrote 78 bytes to ecology
[dna] earth wrote 29 bytes to ecology
[dna] earth wrote 82 bytes to ecology
[dna] earth wrote 99 bytes to ecology
[dna] earth wrote 74 bytes to ecology
[dna] earth wrote 120 bytes to ecology
[dna] earth wrote 32 bytes to ecology
[dna] earth wrote 59 bytes to ecology
[dna] earth wrote 28 bytes to ecology
[dna] earth wrote 275 bytes to ecology
[dna] earth wrote 38 bytes to ecology
[dna] earth wrote 45 bytes to ecology
[dna] earth wrote 68 bytes to ecology
[dna] earth wrote 86 bytes to ecology
[dna] earth wrote 42 bytes to ecology
[debug-onto] tick=300 corpus=173643 stage=2 freeze=0
[dna] earth wrote 64 bytes to ecology
[dna] earth wrote 27 bytes to ecology
[dna] earth wrote 78 bytes to ecology
[dna] earth wrote 13 bytes to ecology
[dna] earth wrote 65 bytes to ecology
[dna] earth wrote 9 bytes to ecology
[dna] earth wrote 62 bytes to ecology
[dna] earth wrote 198 bytes to ecology
[dna] earth wrote 50 bytes to ecology
[dna] earth wrote 66 bytes to ecology
[dna] earth wrote 45 bytes to ecology
[dna] earth wrote 82 bytes to ecology
[dna] earth wrote 35 bytes to ecology
[dna] earth wrote 142 bytes to ecology
[dna] earth wrote 129 bytes to ecology
[dna] earth wrote 112 bytes to ecology
[dna] earth wrote 39 bytes to ecology
[debug-onto] tick=350 corpus=173643 stage=2 freeze=0
[dna] earth wrote 147 bytes to ecology
[dna] earth wrote 66 bytes to ecology
[dna] earth wrote 81 bytes to ecology
[dna] earth wrote 20 bytes to ecology
[dna] earth wrote 26 bytes to ecology
[dna] earth wrote 62 bytes to ecology
[dna] earth wrote 86 bytes to ecology
[dna] earth wrote 47 bytes to ecology
[dna] earth wrote 45 bytes to ecology
[dna] earth wrote 53 bytes to ecology
[dna] earth wrote 118 bytes to ecology
[dna] earth wrote 73 bytes to ecology
[dna] earth wrote 32 bytes to ecology
[dna] earth wrote 229 bytes to ecology
[dna] earth wrote 137 bytes to ecology
[dna] earth wrote 9 bytes to ecology
[dna] earth wrote 28 bytes to ecology
[debug-onto] tick=400 corpus=173643 stage=2 freeze=0
[dna] earth wrote 49 bytes to ecology
[dna] earth wrote 8 bytes to ecology
[dna] earth wrote 100 bytes to ecology
[dna] earth wrote 56 bytes to ecology
[dna] earth wrote 112 bytes to ecology
[dna] earth wrote 143 bytes to ecology
[dna] earth wrote 43 bytes to ecology
[dna] earth wrote 40 bytes to ecology
[dna] earth wrote 48 bytes to ecology
[dna] earth wrote 16 bytes to ecology
[dna] earth wrote 85 bytes to ecology
[dna] earth wrote 31 bytes to ecology
[dna] earth wrote 66 bytes to ecology
[dna] earth wrote 299 bytes to ecology
[dna] earth wrote 56 bytes to ecology
[dna] earth wrote 90 bytes to ecology
[debug-onto] tick=450 corpus=173643 stage=2 freeze=0
[dna] earth wrote 60 bytes to ecology
[dna] earth wrote 86 bytes to ecology
[dna] earth wrote 215 bytes to ecology
[dna] earth wrote 193 bytes to ecology
[dna] earth wrote 120 bytes to ecology
[dna] earth wrote 39 bytes to ecology
[dna] earth wrote 67 bytes to ecology
[dna] earth wrote 44 bytes to ecology
[dna] earth wrote 91 bytes to ecology
[dna] earth wrote 77 bytes to ecology
[dna] earth wrote 89 bytes to ecology
[dna] earth wrote 237 bytes to ecology
[dna] earth wrote 27 bytes to ecology
[dna] earth wrote 51 bytes to ecology
[dna] earth wrote 57 bytes to ecology
[dna] earth wrote 218 bytes to ecology
[dna] earth wrote 89 bytes to ecology
[debug-onto] tick=500 corpus=173643 stage=2 freeze=0
[dna] earth wrote 39 bytes to ecology
[dna] earth wrote 62 bytes to ecology
[dna] earth wrote 349 bytes to ecology
[dna] earth wrote 36 bytes to ecology
[dna] earth wrote 31 bytes to ecology
[dna] earth wrote 92 bytes to ecology
[dna] earth wrote 107 bytes to ecology
[dna] earth wrote 23 bytes to ecology
[dna] earth wrote 332 bytes to ecology
[dna] earth wrote 91 bytes to ecology
[dna] earth wrote 60 bytes to ecology
[dna] earth wrote 175 bytes to ecology
[dna] earth wrote 62 bytes to ecology
[dna] earth wrote 170 bytes to ecology
[dna] earth wrote 70 bytes to ecology
[dna] earth wrote 40 bytes to ecology
[dna] earth wrote 69 bytes to ecology
[debug-onto] tick=550 corpus=173643 stage=2 freeze=0
[dna] earth wrote 267 bytes to ecology
[dna] earth wrote 56 bytes to ecology
[dna] earth wrote 101 bytes to ecology
[dna] earth wrote 197 bytes to ecology
[dna] earth wrote 79 bytes to ecology
[dna] earth wrote 55 bytes to ecology
[dna] earth wrote 56 bytes to ecology
[dna] earth wrote 61 bytes to ecology
[dna] earth wrote 44 bytes to ecology
[dna] earth wrote 30 bytes to ecology
[dna] earth wrote 27 bytes to ecology
[dna] earth wrote 100 bytes to ecology
[dna] earth wrote 40 bytes to ecology
[dna] earth wrote 70 bytes to ecology
[dna] earth wrote 31 bytes to ecology
[dna] earth wrote 23 bytes to ecology
[debug-onto] tick=600 corpus=173643 stage=2 freeze=0
[dna] earth wrote 45 bytes to ecology
[dna] earth wrote 51 bytes to ecology
[dna] earth wrote 100 bytes to ecology
[dna] earth wrote 41 bytes to ecology
[dna] earth wrote 5 bytes to ecology
[dna] earth wrote 73 bytes to ecology
[dna] earth wrote 31 bytes to ecology
[dna] earth wrote 167 bytes to ecology
[dna] earth wrote 31 bytes to ecology
[dna] earth wrote 53 bytes to ecology
[dna] earth wrote 40 bytes to ecology
[dna] earth wrote 118 bytes to ecology
[dna] earth wrote 171 bytes to ecology
[dna] earth wrote 133 bytes to ecology
[dna] earth wrote 86 bytes to ecology
[dna] earth wrote 27 bytes to ecology
[dna] earth wrote 62 bytes to ecology
[debug-onto] tick=650 corpus=173643 stage=2 freeze=0
[dna] earth wrote 40 bytes to ecology
[dna] earth wrote 47 bytes to ecology
[dna] earth wrote 78 bytes to ecology
[dna] earth wrote 148 bytes to ecology
[dna] earth wrote 38 bytes to ecology
[dna] earth wrote 55 bytes to ecology
[dna] earth wrote 30 bytes to ecology
[dna] earth wrote 163 bytes to ecology
[dna] earth wrote 92 bytes to ecology
[dna] earth wrote 46 bytes to ecology
[dna] earth wrote 49 bytes to ecology
[dna] earth wrote 69 bytes to ecology
[dna] earth wrote 210 bytes to ecology
[dna] earth wrote 42 bytes to ecology
[dna] earth wrote 92 bytes to ecology
[dna] earth wrote 32 bytes to ecology

[evolution] Organism shutting down gracefully.
