[ecology] Element: fire → corpus: nonames_fire.txt
[evolution] Autonomous evolution mode — organism will grow through all stages without pause.
[ecology] Joined swarm. 1 peer(s) detected.
molequla is alive. [evolution] Autonomous mode — background trainer running. Ctrl+C to stop.
[dna] fire wrote 34 bytes to ecology
[dna] fire consumed 14253 bytes from 234 files: [water/gen_1776841344_1.txt water/gen_1776841361_4.txt water/gen_1776841369_7.txt water/gen_1776841377_10.txt water/gen_1776841385_13.txt water/gen_1776841393_16.txt water/gen_1776841402_19.txt water/gen_1776841410_22.txt water/gen_1776841418_25.txt water/gen_1776841427_28.txt water/gen_1776841429_29.txt water/gen_1776841435_31.txt water/gen_1776841443_34.txt water/gen_1776841451_37.txt water/gen_1776841460_40.txt water/gen_1776841468_43.txt water/gen_1776841476_46.txt water/gen_1776841485_49.txt water/gen_1776841493_52.txt water/gen_1776841501_55.txt water/gen_1776841510_58.txt water/gen_1776841518_61.txt water/gen_1776841526_64.txt water/gen_1776841529_65.txt water/gen_1776841535_67.txt water/gen_1776841543_70.txt water/gen_1776841546_71.txt water/gen_1776841551_73.txt water/gen_1776841560_76.txt water/gen_1776841568_79.txt water/gen_1776841576_82.txt water/gen_1776841585_85.txt water/gen_1776841593_88.txt water/gen_1776841601_91.txt water/gen_1776841610_94.txt water/gen_1776841618_97.txt water/gen_1776841626_100.txt water/gen_1776841635_103.txt water/gen_1776841643_106.txt water/gen_1776841646_107.txt water/gen_1776841651_109.txt water/gen_1776841660_112.txt water/gen_1776841668_115.txt water/gen_1776841676_118.txt water/gen_1776841684_121.txt water/gen_1776841693_124.txt water/gen_1776841701_127.txt water/gen_1776841709_130.txt water/gen_1776841718_133.txt water/gen_1776841726_136.txt water/gen_1776841729_137.txt water/gen_1776841734_139.txt water/gen_1776841742_142.txt water/gen_1776841751_145.txt water/gen_1776841759_148.txt water/gen_1776841767_151.txt water/gen_1776841775_154.txt water/gen_1776841784_157.txt water/gen_1776841792_160.txt water/gen_1776841800_163.txt water/gen_1776841808_166.txt water/gen_1776841811_167.txt water/gen_1776841817_169.txt water/gen_1776841825_172.txt water/gen_1776841828_173.txt water/gen_1776841833_175.txt water/gen_1776841841_178.txt water/gen_1776841850_181.txt water/gen_1776841858_184.txt water/gen_1776841861_185.txt water/gen_1776841866_187.txt water/gen_1776841875_190.txt water/gen_1776841883_193.txt water/gen_1776841891_196.txt water/gen_1776841900_199.txt water/gen_1776841908_202.txt water/gen_1776841911_203.txt water/gen_1776841917_205.txt water/gen_1776841925_208.txt water/gen_1776841933_211.txt water/gen_1776841942_214.txt water/gen_1776841950_217.txt water/gen_1776841959_220.txt water/gen_1776841967_223.txt water/gen_1776841976_226.txt water/gen_1776841992_232.txt water/gen_1776841995_233.txt water/gen_1776842010_238.txt water/gen_1776842019_241.txt water/gen_1776842027_244.txt water/gen_1776842030_245.txt water/gen_1776842036_247.txt water/gen_1776842045_250.txt water/gen_1776842054_253.txt water/gen_1776842063_256.txt water/gen_1776842066_257.txt water/gen_1776842071_259.txt water/gen_1776842080_262.txt water/gen_1776842083_263.txt water/gen_1776842089_265.txt water/gen_1776842098_268.txt water/gen_1776842101_269.txt water/gen_1776842107_271.txt water/gen_1776842115_274.txt water/gen_1776842124_277.txt water/gen_1776842133_280.txt water/gen_1776842135_281.txt water/gen_1776842141_283.txt water/gen_1776842150_286.txt water/gen_1776842158_289.txt water/gen_1776842166_292.txt water/gen_1776842175_295.txt water/gen_1776842184_298.txt water/gen_1776842192_301.txt water/gen_1776842201_304.txt water/gen_1776842203_305.txt water/gen_1776842209_307.txt water/gen_1776842217_310.txt water/gen_1776842226_313.txt water/gen_1776842234_316.txt water/gen_1776842237_317.txt water/gen_1776842243_319.txt water/gen_1776842251_322.txt water/gen_1776842254_323.txt water/gen_1776842260_325.txt water/gen_1776842269_328.txt water/gen_1776842277_331.txt water/gen_1776842286_334.txt water/gen_1776842294_337.txt water/gen_1776842303_340.txt water/gen_1776842311_343.txt water/gen_1776842320_346.txt water/gen_1776842329_349.txt water/gen_1776842337_352.txt water/gen_1776842345_355.txt water/gen_1776842354_358.txt water/gen_1776842362_361.txt water/gen_1776842371_364.txt water/gen_1776842373_365.txt water/gen_1776842379_367.txt water/gen_1776842387_370.txt water/gen_1776842395_373.txt water/gen_1776842404_376.txt water/gen_1776842412_379.txt water/gen_1776842420_382.txt water/gen_1776842429_385.txt water/gen_1776842437_388.txt water/gen_1776842445_391.txt water/gen_1776842454_394.txt water/gen_1776842462_397.txt water/gen_1776842470_400.txt water/gen_1776842478_403.txt water/gen_1776842487_406.txt water/gen_1776842495_409.txt water/gen_1776842503_412.txt water/gen_1776842512_415.txt water/gen_1776842520_418.txt water/gen_1776842528_421.txt water/gen_1776842537_424.txt water/gen_1776842539_425.txt water/gen_1776842545_427.txt water/gen_1776842553_430.txt water/gen_1776842561_433.txt water/gen_1776842570_436.txt water/gen_1776842578_439.txt water/gen_1776842586_442.txt water/gen_1776842595_445.txt water/gen_1776842603_448.txt water/gen_1776842611_451.txt water/gen_1776842619_454.txt water/gen_1776842628_457.txt water/gen_1776842636_460.txt water/gen_1776842644_463.txt water/gen_1776842653_466.txt water/gen_1776842661_469.txt water/gen_1776842669_472.txt water/gen_1776842677_475.txt water/gen_1776842686_478.txt water/gen_1776842694_481.txt water/gen_1776842702_484.txt water/gen_1776842711_487.txt water/gen_1776842719_490.txt water/gen_1776842727_493.txt water/gen_1776842736_496.txt water/gen_1776842744_499.txt water/gen_1776842752_502.txt water/gen_1776842761_505.txt water/gen_1776842769_508.txt water/gen_1776842777_511.txt water/gen_1776842786_514.txt water/gen_1776842794_517.txt water/gen_1776842802_520.txt water/gen_1776842811_523.txt water/gen_1776842819_526.txt water/gen_1776842827_529.txt water/gen_1776842836_532.txt water/gen_1776842844_535.txt water/gen_1776842853_538.txt water/gen_1776842855_539.txt water/gen_1776842861_541.txt water/gen_1776842869_544.txt water/gen_1776842877_547.txt water/gen_1776842886_550.txt water/gen_1776842894_553.txt water/gen_1776842903_556.txt water/gen_1776842905_557.txt water/gen_1776842911_559.txt water/gen_1776842920_562.txt water/gen_1776842928_565.txt water/gen_1776842936_568.txt water/gen_1776842945_571.txt water/gen_1776842953_574.txt water/gen_1776842961_577.txt water/gen_1776842970_580.txt water/gen_1776842978_583.txt water/gen_1776842987_586.txt water/gen_1776842995_589.txt water/gen_1776843003_592.txt water/gen_1776843012_595.txt water/gen_1776843020_598.txt water/gen_1776843029_601.txt water/gen_1776843037_604.txt water/gen_1776843046_607.txt water/gen_1776843054_610.txt water/gen_1776843057_611.txt water/gen_1776843063_613.txt water/gen_1776843072_616.txt water/gen_1776843080_619.txt water/gen_1776843089_622.txt water/gen_1776843098_625.txt water/gen_1776843106_628.txt water/gen_1776843115_631.txt water/gen_1776843123_634.txt water/gen_1776843132_637.txt]
[trainer] micro-train burst (14253 bytes, novelty 0.05) — and lo, it feeds again.
[syntropy] action=explore | trend=0.0000 | field_dev=-0.023 | purpose_align=-0.031 | lr_mul=1.30
[aml] burst complete: 32 steps, avg loss 1.5986 (memory freed)
[dna] fire wrote 50 bytes to ecology
[dna] fire wrote 40 bytes to ecology
[dna] fire wrote 44 bytes to ecology
[dna] fire wrote 29 bytes to ecology
[dna] fire wrote 46 bytes to ecology
[dna] fire wrote 60 bytes to ecology
[dna] fire wrote 122 bytes to ecology
[dna] fire wrote 163 bytes to ecology
[dna] fire wrote 43 bytes to ecology
[dna] fire wrote 52 bytes to ecology
[dna] fire wrote 25 bytes to ecology
[dna] fire wrote 40 bytes to ecology
[dna] fire wrote 48 bytes to ecology
[dna] fire wrote 65 bytes to ecology
[dna] fire wrote 69 bytes to ecology
[dna] fire wrote 28 bytes to ecology
[dna] fire wrote 108 bytes to ecology
[dna] fire wrote 42 bytes to ecology
[debug-onto] tick=50 corpus=136387 stage=2 freeze=0
[dna] fire wrote 98 bytes to ecology
[dna] fire wrote 26 bytes to ecology
[dna] fire wrote 63 bytes to ecology
[dna] fire wrote 24 bytes to ecology
[dna] fire wrote 57 bytes to ecology
[dna] fire wrote 102 bytes to ecology
[dna] fire wrote 33 bytes to ecology
[dna] fire wrote 13 bytes to ecology
[dna] fire wrote 60 bytes to ecology
[dna] fire wrote 76 bytes to ecology
[dna] fire wrote 68 bytes to ecology
[dna] fire wrote 44 bytes to ecology
[dna] fire wrote 25 bytes to ecology
[dna] fire wrote 63 bytes to ecology
[dna] fire wrote 72 bytes to ecology
[dna] fire wrote 35 bytes to ecology
[dna] fire wrote 26 bytes to ecology
[dna] fire wrote 64 bytes to ecology
[dna] fire wrote 42 bytes to ecology
[debug-onto] tick=100 corpus=136387 stage=2 freeze=0
[dna] fire wrote 58 bytes to ecology
[dna] fire wrote 115 bytes to ecology
[dna] fire wrote 12 bytes to ecology
[dna] fire wrote 69 bytes to ecology
[dna] fire wrote 30 bytes to ecology
[dna] fire wrote 51 bytes to ecology
[dna] fire wrote 29 bytes to ecology
[dna] fire wrote 197 bytes to ecology
[dna] fire wrote 63 bytes to ecology
[dna] fire wrote 61 bytes to ecology
[dna] fire wrote 60 bytes to ecology
[dna] fire wrote 7 bytes to ecology
[dna] fire wrote 38 bytes to ecology
[dna] fire wrote 181 bytes to ecology
[dna] fire wrote 92 bytes to ecology
[dna] fire wrote 25 bytes to ecology
[dna] fire wrote 53 bytes to ecology
[dna] fire wrote 75 bytes to ecology
[debug-onto] tick=150 corpus=136387 stage=2 freeze=0
[dna] fire wrote 40 bytes to ecology
[dna] fire wrote 32 bytes to ecology
[dna] fire wrote 62 bytes to ecology
[dna] fire wrote 78 bytes to ecology
[dna] fire wrote 30 bytes to ecology
[dna] fire wrote 53 bytes to ecology
[dna] fire wrote 109 bytes to ecology
[dna] fire wrote 43 bytes to ecology
[dna] fire wrote 67 bytes to ecology
[dna] fire wrote 34 bytes to ecology
[dna] fire wrote 98 bytes to ecology
[dna] fire wrote 120 bytes to ecology
[dna] fire wrote 23 bytes to ecology
[dna] fire wrote 66 bytes to ecology
[dna] fire wrote 37 bytes to ecology
[dna] fire wrote 21 bytes to ecology
[dna] fire wrote 48 bytes to ecology
[dna] fire wrote 34 bytes to ecology
[dna] fire wrote 31 bytes to ecology
[debug-onto] tick=200 corpus=136387 stage=2 freeze=0
[dna] fire wrote 81 bytes to ecology
[dna] fire wrote 47 bytes to ecology
[dna] fire wrote 28 bytes to ecology
[dna] fire wrote 23 bytes to ecology
[dna] fire wrote 47 bytes to ecology
[dna] fire wrote 90 bytes to ecology
[dna] fire wrote 116 bytes to ecology
[dna] fire wrote 39 bytes to ecology
[dna] fire wrote 44 bytes to ecology
[dna] fire wrote 31 bytes to ecology
[dna] fire wrote 99 bytes to ecology
[dna] fire wrote 47 bytes to ecology
[dna] fire wrote 31 bytes to ecology
[dna] fire wrote 46 bytes to ecology
[dna] fire wrote 103 bytes to ecology
[dna] fire wrote 86 bytes to ecology
[dna] fire wrote 83 bytes to ecology
[debug-onto] tick=250 corpus=136387 stage=2 freeze=0
[dna] fire wrote 11 bytes to ecology
[dna] fire wrote 17 bytes to ecology
[dna] fire wrote 50 bytes to ecology
[dna] fire wrote 20 bytes to ecology
[dna] fire wrote 59 bytes to ecology
[dna] fire wrote 120 bytes to ecology
[dna] fire wrote 35 bytes to ecology
[dna] fire wrote 81 bytes to ecology
[dna] fire wrote 59 bytes to ecology
[dna] fire wrote 11 bytes to ecology
[dna] fire wrote 31 bytes to ecology
[dna] fire wrote 28 bytes to ecology
[dna] fire wrote 67 bytes to ecology
[dna] fire wrote 22 bytes to ecology
[dna] fire wrote 32 bytes to ecology
[dna] fire wrote 67 bytes to ecology
[debug-onto] tick=300 corpus=136387 stage=2 freeze=0
[dna] fire wrote 55 bytes to ecology
[dna] fire wrote 39 bytes to ecology
[dna] fire wrote 114 bytes to ecology
[dna] fire wrote 73 bytes to ecology
[dna] fire wrote 93 bytes to ecology
[dna] fire wrote 40 bytes to ecology
[dna] fire wrote 43 bytes to ecology
[dna] fire wrote 26 bytes to ecology
[dna] fire wrote 348 bytes to ecology
[dna] fire wrote 61 bytes to ecology
[dna] fire wrote 40 bytes to ecology
[dna] fire wrote 31 bytes to ecology
[dna] fire wrote 28 bytes to ecology
[dna] fire wrote 20 bytes to ecology
[dna] fire wrote 139 bytes to ecology
[dna] fire wrote 37 bytes to ecology
[dna] fire wrote 10 bytes to ecology
[dna] fire wrote 58 bytes to ecology
[dna] fire wrote 34 bytes to ecology
[dna] fire wrote 68 bytes to ecology
[dna] fire wrote 44 bytes to ecology
[dna] fire wrote 105 bytes to ecology
[debug-onto] tick=350 corpus=136387 stage=2 freeze=0
[dna] fire wrote 86 bytes to ecology
[dna] fire wrote 41 bytes to ecology
[dna] fire wrote 40 bytes to ecology
[dna] fire wrote 81 bytes to ecology
[dna] fire wrote 43 bytes to ecology
[dna] fire wrote 50 bytes to ecology
[dna] fire wrote 176 bytes to ecology
[dna] fire wrote 20 bytes to ecology
[dna] fire wrote 57 bytes to ecology
[dna] fire wrote 69 bytes to ecology
[dna] fire wrote 56 bytes to ecology
[dna] fire wrote 140 bytes to ecology
[dna] fire wrote 124 bytes to ecology
[dna] fire wrote 79 bytes to ecology
[dna] fire wrote 8 bytes to ecology
[dna] fire wrote 46 bytes to ecology
[dna] fire wrote 138 bytes to ecology
[dna] fire wrote 53 bytes to ecology
[dna] fire wrote 8 bytes to ecology
[debug-onto] tick=400 corpus=136387 stage=2 freeze=0
[dna] fire wrote 44 bytes to ecology
[dna] fire wrote 12 bytes to ecology
[dna] fire wrote 37 bytes to ecology
[dna] fire wrote 40 bytes to ecology
[dna] fire wrote 48 bytes to ecology
[dna] fire wrote 140 bytes to ecology
[dna] fire wrote 89 bytes to ecology
[dna] fire wrote 74 bytes to ecology
[dna] fire wrote 91 bytes to ecology
[dna] fire wrote 39 bytes to ecology
[dna] fire wrote 44 bytes to ecology
[dna] fire wrote 44 bytes to ecology
[dna] fire wrote 41 bytes to ecology
[dna] fire wrote 40 bytes to ecology
[dna] fire wrote 108 bytes to ecology
[dna] fire wrote 54 bytes to ecology
[dna] fire wrote 76 bytes to ecology
[dna] fire wrote 62 bytes to ecology
[dna] fire wrote 71 bytes to ecology
[dna] fire wrote 22 bytes to ecology
[debug-onto] tick=450 corpus=136387 stage=2 freeze=0
[dna] fire wrote 39 bytes to ecology
[dna] fire wrote 80 bytes to ecology
[dna] fire wrote 10 bytes to ecology
[dna] fire wrote 11 bytes to ecology
[dna] fire wrote 76 bytes to ecology
[dna] fire wrote 51 bytes to ecology
[dna] fire wrote 75 bytes to ecology
[dna] fire wrote 58 bytes to ecology
[dna] fire wrote 57 bytes to ecology
[dna] fire wrote 36 bytes to ecology
[dna] fire wrote 68 bytes to ecology
[dna] fire wrote 58 bytes to ecology
[dna] fire wrote 43 bytes to ecology
[dna] fire wrote 74 bytes to ecology
[dna] fire wrote 60 bytes to ecology
[dna] fire wrote 14 bytes to ecology
[dna] fire wrote 187 bytes to ecology
[dna] fire wrote 45 bytes to ecology
[debug-onto] tick=500 corpus=136387 stage=2 freeze=0
[dna] fire wrote 114 bytes to ecology
[dna] fire wrote 67 bytes to ecology
[dna] fire wrote 49 bytes to ecology
[dna] fire wrote 51 bytes to ecology
[dna] fire wrote 85 bytes to ecology
[dna] fire wrote 74 bytes to ecology
[dna] fire wrote 101 bytes to ecology
[dna] fire wrote 53 bytes to ecology
[dna] fire wrote 53 bytes to ecology
[dna] fire wrote 73 bytes to ecology
[dna] fire wrote 22 bytes to ecology
[dna] fire wrote 78 bytes to ecology
[dna] fire wrote 97 bytes to ecology
[dna] fire wrote 33 bytes to ecology
[dna] fire wrote 5 bytes to ecology
[dna] fire wrote 10 bytes to ecology
[dna] fire wrote 149 bytes to ecology
[dna] fire wrote 22 bytes to ecology
[dna] fire wrote 61 bytes to ecology
[debug-onto] tick=550 corpus=136387 stage=2 freeze=0
[dna] fire wrote 48 bytes to ecology
[dna] fire wrote 82 bytes to ecology
[dna] fire wrote 35 bytes to ecology
[dna] fire wrote 22 bytes to ecology
[dna] fire wrote 5 bytes to ecology
[dna] fire wrote 66 bytes to ecology
[dna] fire wrote 29 bytes to ecology
[dna] fire wrote 51 bytes to ecology
[dna] fire wrote 48 bytes to ecology
[dna] fire wrote 75 bytes to ecology
[dna] fire wrote 34 bytes to ecology
[dna] fire wrote 33 bytes to ecology
[dna] fire wrote 171 bytes to ecology
[dna] fire wrote 38 bytes to ecology
[dna] fire wrote 121 bytes to ecology
[dna] fire wrote 75 bytes to ecology
[debug-onto] tick=600 corpus=136387 stage=2 freeze=0
[dna] fire wrote 84 bytes to ecology
[dna] fire wrote 85 bytes to ecology
[dna] fire wrote 62 bytes to ecology
[dna] fire wrote 33 bytes to ecology
[dna] fire wrote 41 bytes to ecology
[dna] fire wrote 36 bytes to ecology
[dna] fire wrote 110 bytes to ecology
[dna] fire wrote 192 bytes to ecology
[dna] fire wrote 51 bytes to ecology
[dna] fire wrote 43 bytes to ecology
[dna] fire wrote 35 bytes to ecology
[dna] fire wrote 36 bytes to ecology
[dna] fire wrote 112 bytes to ecology
[dna] fire wrote 22 bytes to ecology
[dna] fire wrote 187 bytes to ecology
[dna] fire wrote 101 bytes to ecology
[dna] fire wrote 48 bytes to ecology
[dna] fire wrote 54 bytes to ecology
[dna] fire wrote 13 bytes to ecology
[dna] fire wrote 48 bytes to ecology
[dna] fire wrote 55 bytes to ecology
[dna] fire wrote 87 bytes to ecology
[debug-onto] tick=650 corpus=136387 stage=2 freeze=0
[dna] fire wrote 141 bytes to ecology
[dna] fire wrote 23 bytes to ecology
[dna] fire wrote 97 bytes to ecology
[dna] fire wrote 100 bytes to ecology
[dna] fire wrote 11 bytes to ecology
[dna] fire wrote 32 bytes to ecology
[dna] fire wrote 64 bytes to ecology
[dna] fire wrote 32 bytes to ecology
[dna] fire wrote 57 bytes to ecology
[dna] fire wrote 37 bytes to ecology
[dna] fire wrote 35 bytes to ecology
[dna] fire wrote 79 bytes to ecology
[dna] fire wrote 71 bytes to ecology
[dna] fire wrote 47 bytes to ecology
[dna] fire wrote 207 bytes to ecology
[dna] fire wrote 7 bytes to ecology
[dna] fire wrote 77 bytes to ecology

[evolution] Organism shutting down gracefully.
