[ecology] Element: water → corpus: nonames_water.txt
[evolution] Autonomous evolution mode — organism will grow through all stages without pause.
[ecology] Joined swarm. 1 peer(s) detected.
molequla is alive. [evolution] Autonomous mode — background trainer running. Ctrl+C to stop.
[dna] water wrote 27 bytes to ecology
[dna] water consumed 17338 bytes from 234 files: [air/gen_1776839543_1.txt air/gen_1776839559_4.txt air/gen_1776839567_7.txt air/gen_1776839574_10.txt air/gen_1776839581_13.txt air/gen_1776839589_16.txt air/gen_1776839596_19.txt air/gen_1776839604_22.txt air/gen_1776839612_25.txt air/gen_1776839619_28.txt air/gen_1776839627_31.txt air/gen_1776839634_34.txt air/gen_1776839642_37.txt air/gen_1776839650_40.txt air/gen_1776839657_43.txt air/gen_1776839672_49.txt air/gen_1776839680_52.txt air/gen_1776839687_55.txt air/gen_1776839695_58.txt air/gen_1776839702_61.txt air/gen_1776839710_64.txt air/gen_1776839717_67.txt air/gen_1776839725_70.txt air/gen_1776839732_73.txt air/gen_1776839740_76.txt air/gen_1776839747_79.txt air/gen_1776839755_82.txt air/gen_1776839762_85.txt air/gen_1776839770_88.txt air/gen_1776839778_91.txt air/gen_1776839785_94.txt air/gen_1776839793_97.txt air/gen_1776839800_100.txt air/gen_1776839808_103.txt air/gen_1776839815_106.txt air/gen_1776839823_109.txt air/gen_1776839830_112.txt air/gen_1776839838_115.txt air/gen_1776839845_118.txt air/gen_1776839853_121.txt air/gen_1776839860_124.txt air/gen_1776839868_127.txt air/gen_1776839875_130.txt air/gen_1776839883_133.txt air/gen_1776839890_136.txt air/gen_1776839898_139.txt air/gen_1776839905_142.txt air/gen_1776839913_145.txt air/gen_1776839920_148.txt air/gen_1776839928_151.txt air/gen_1776839935_154.txt air/gen_1776839943_157.txt air/gen_1776839950_160.txt air/gen_1776839957_163.txt air/gen_1776839965_166.txt air/gen_1776839973_169.txt air/gen_1776839980_172.txt air/gen_1776839988_175.txt air/gen_1776839995_178.txt air/gen_1776840003_181.txt air/gen_1776840010_184.txt air/gen_1776840018_187.txt air/gen_1776840025_190.txt air/gen_1776840033_193.txt air/gen_1776840040_196.txt air/gen_1776840048_199.txt air/gen_1776840055_202.txt air/gen_1776840062_205.txt air/gen_1776840070_208.txt air/gen_1776840077_211.txt air/gen_1776840085_214.txt air/gen_1776840092_217.txt air/gen_1776840100_220.txt air/gen_1776840107_223.txt air/gen_1776840115_226.txt air/gen_1776840122_229.txt air/gen_1776840130_232.txt air/gen_1776840137_235.txt air/gen_1776840145_238.txt air/gen_1776840152_241.txt air/gen_1776840160_244.txt air/gen_1776840167_247.txt air/gen_1776840175_250.txt air/gen_1776840182_253.txt air/gen_1776840190_256.txt air/gen_1776840197_259.txt air/gen_1776840205_262.txt air/gen_1776840212_265.txt air/gen_1776840220_268.txt air/gen_1776840227_271.txt air/gen_1776840235_274.txt air/gen_1776840242_277.txt air/gen_1776840250_280.txt air/gen_1776840257_283.txt air/gen_1776840265_286.txt air/gen_1776840272_289.txt air/gen_1776840280_292.txt air/gen_1776840287_295.txt air/gen_1776840295_298.txt air/gen_1776840302_301.txt air/gen_1776840310_304.txt air/gen_1776840318_307.txt air/gen_1776840325_310.txt air/gen_1776840333_313.txt air/gen_1776840340_316.txt air/gen_1776840348_319.txt air/gen_1776840355_322.txt air/gen_1776840363_325.txt air/gen_1776840370_328.txt air/gen_1776840378_331.txt air/gen_1776840385_334.txt air/gen_1776840393_337.txt air/gen_1776840400_340.txt air/gen_1776840415_346.txt air/gen_1776840422_349.txt air/gen_1776840430_352.txt air/gen_1776840437_355.txt air/gen_1776840445_358.txt air/gen_1776840452_361.txt air/gen_1776840460_364.txt air/gen_1776840467_367.txt air/gen_1776840475_370.txt air/gen_1776840482_373.txt air/gen_1776840490_376.txt air/gen_1776840497_379.txt air/gen_1776840505_382.txt air/gen_1776840512_385.txt air/gen_1776840520_388.txt air/gen_1776840527_391.txt air/gen_1776840535_394.txt air/gen_1776840542_397.txt air/gen_1776840557_403.txt air/gen_1776840565_406.txt air/gen_1776840572_409.txt air/gen_1776840580_412.txt air/gen_1776840587_415.txt air/gen_1776840595_418.txt air/gen_1776840602_421.txt air/gen_1776840610_424.txt air/gen_1776840617_427.txt air/gen_1776840625_430.txt air/gen_1776840633_433.txt air/gen_1776840640_436.txt air/gen_1776840648_439.txt air/gen_1776840655_442.txt air/gen_1776840663_445.txt air/gen_1776840670_448.txt air/gen_1776840678_451.txt air/gen_1776840685_454.txt air/gen_1776840693_457.txt air/gen_1776840700_460.txt air/gen_1776840708_463.txt air/gen_1776840715_466.txt air/gen_1776840723_469.txt air/gen_1776840730_472.txt air/gen_1776840738_475.txt air/gen_1776840745_478.txt air/gen_1776840753_481.txt air/gen_1776840761_484.txt air/gen_1776840768_487.txt air/gen_1776840776_490.txt air/gen_1776840783_493.txt air/gen_1776840791_496.txt air/gen_1776840798_499.txt air/gen_1776840806_502.txt air/gen_1776840813_505.txt air/gen_1776840821_508.txt air/gen_1776840829_511.txt air/gen_1776840836_514.txt air/gen_1776840844_517.txt air/gen_1776840851_520.txt air/gen_1776840859_523.txt air/gen_1776840867_526.txt air/gen_1776840874_529.txt air/gen_1776840882_532.txt air/gen_1776840889_535.txt air/gen_1776840897_538.txt air/gen_1776840904_541.txt air/gen_1776840912_544.txt air/gen_1776840919_547.txt air/gen_1776840927_550.txt air/gen_1776840934_553.txt air/gen_1776840942_556.txt air/gen_1776840950_559.txt air/gen_1776840957_562.txt air/gen_1776840965_565.txt air/gen_1776840972_568.txt air/gen_1776840980_571.txt air/gen_1776840987_574.txt air/gen_1776840995_577.txt air/gen_1776841002_580.txt air/gen_1776841010_583.txt air/gen_1776841017_586.txt air/gen_1776841025_589.txt air/gen_1776841032_592.txt air/gen_1776841040_595.txt air/gen_1776841047_598.txt air/gen_1776841055_601.txt air/gen_1776841063_604.txt air/gen_1776841070_607.txt air/gen_1776841078_610.txt air/gen_1776841085_613.txt air/gen_1776841093_616.txt air/gen_1776841100_619.txt air/gen_1776841108_622.txt air/gen_1776841116_625.txt air/gen_1776841123_628.txt air/gen_1776841131_631.txt air/gen_1776841138_634.txt air/gen_1776841146_637.txt air/gen_1776841153_640.txt air/gen_1776841161_643.txt air/gen_1776841168_646.txt air/gen_1776841176_649.txt air/gen_1776841183_652.txt air/gen_1776841191_655.txt air/gen_1776841199_658.txt air/gen_1776841206_661.txt air/gen_1776841214_664.txt air/gen_1776841222_667.txt air/gen_1776841229_670.txt air/gen_1776841237_673.txt air/gen_1776841245_676.txt air/gen_1776841253_679.txt air/gen_1776841260_682.txt air/gen_1776841268_685.txt air/gen_1776841276_688.txt air/gen_1776841291_694.txt air/gen_1776841298_697.txt air/gen_1776841306_700.txt air/gen_1776841313_703.txt air/gen_1776841321_706.txt air/gen_1776841328_709.txt air/gen_1776841336_712.txt]
[trainer] micro-train burst (17338 bytes, novelty 0.03) — and lo, it feeds again.
[syntropy] action=explore | trend=0.0000 | field_dev=-0.041 | purpose_align=-0.034 | lr_mul=1.30
[aml] burst complete: 32 steps, avg loss 1.5233 (memory freed)
[dna] water wrote 61 bytes to ecology
[dna] water wrote 24 bytes to ecology
[dna] water wrote 69 bytes to ecology
[dna] water wrote 35 bytes to ecology
[dna] water wrote 59 bytes to ecology
[dna] water wrote 61 bytes to ecology
[dna] water wrote 39 bytes to ecology
[dna] water wrote 26 bytes to ecology
[dna] water wrote 27 bytes to ecology
[dna] water wrote 49 bytes to ecology
[dna] water wrote 49 bytes to ecology
[dna] water wrote 78 bytes to ecology
[dna] water wrote 44 bytes to ecology
[dna] water wrote 41 bytes to ecology
[dna] water wrote 19 bytes to ecology
[dna] water wrote 55 bytes to ecology
[dna] water wrote 207 bytes to ecology
[debug-onto] tick=50 corpus=143269 stage=2 freeze=0
[dna] water wrote 46 bytes to ecology
[dna] water wrote 118 bytes to ecology
[dna] water wrote 24 bytes to ecology
[dna] water wrote 9 bytes to ecology
[dna] water wrote 92 bytes to ecology
[dna] water wrote 51 bytes to ecology
[dna] water wrote 25 bytes to ecology
[dna] water wrote 33 bytes to ecology
[dna] water wrote 132 bytes to ecology
[dna] water wrote 11 bytes to ecology
[dna] water wrote 128 bytes to ecology
[dna] water wrote 63 bytes to ecology
[dna] water wrote 32 bytes to ecology
[dna] water wrote 63 bytes to ecology
[dna] water wrote 72 bytes to ecology
[dna] water wrote 87 bytes to ecology
[dna] water wrote 24 bytes to ecology
[dna] water wrote 72 bytes to ecology
[dna] water wrote 41 bytes to ecology
[dna] water wrote 123 bytes to ecology
[debug-onto] tick=100 corpus=143269 stage=2 freeze=0
[dna] water wrote 81 bytes to ecology
[dna] water wrote 41 bytes to ecology
[dna] water wrote 62 bytes to ecology
[dna] water wrote 110 bytes to ecology
[dna] water wrote 37 bytes to ecology
[dna] water wrote 9 bytes to ecology
[dna] water wrote 58 bytes to ecology
[dna] water wrote 45 bytes to ecology
[dna] water wrote 32 bytes to ecology
[dna] water wrote 32 bytes to ecology
[dna] water wrote 21 bytes to ecology
[dna] water wrote 90 bytes to ecology
[dna] water wrote 63 bytes to ecology
[dna] water wrote 68 bytes to ecology
[dna] water wrote 32 bytes to ecology
[dna] water wrote 27 bytes to ecology
[dna] water wrote 40 bytes to ecology
[dna] water wrote 20 bytes to ecology
[dna] water wrote 39 bytes to ecology
[debug-onto] tick=150 corpus=143269 stage=2 freeze=0
[dna] water wrote 52 bytes to ecology
[dna] water wrote 87 bytes to ecology
[dna] water wrote 107 bytes to ecology
[dna] water wrote 20 bytes to ecology
[dna] water wrote 55 bytes to ecology
[dna] water wrote 36 bytes to ecology
[dna] water wrote 46 bytes to ecology
[dna] water wrote 55 bytes to ecology
[dna] water wrote 28 bytes to ecology
[dna] water wrote 11 bytes to ecology
[dna] water wrote 59 bytes to ecology
[dna] water wrote 33 bytes to ecology
[dna] water wrote 46 bytes to ecology
[dna] water wrote 45 bytes to ecology
[dna] water wrote 19 bytes to ecology
[dna] water wrote 25 bytes to ecology
[dna] water wrote 73 bytes to ecology
[dna] water wrote 107 bytes to ecology
[dna] water wrote 46 bytes to ecology
[dna] water wrote 94 bytes to ecology
[debug-onto] tick=200 corpus=143269 stage=2 freeze=0
[dna] water wrote 34 bytes to ecology
[dna] water wrote 13 bytes to ecology
[dna] water wrote 21 bytes to ecology
[dna] water wrote 86 bytes to ecology
[dna] water wrote 64 bytes to ecology
[dna] water wrote 69 bytes to ecology
[dna] water wrote 34 bytes to ecology
[dna] water wrote 91 bytes to ecology
[dna] water wrote 29 bytes to ecology
[dna] water wrote 24 bytes to ecology
[dna] water wrote 7 bytes to ecology
[dna] water wrote 93 bytes to ecology
[dna] water wrote 43 bytes to ecology
[dna] water wrote 8 bytes to ecology
[dna] water wrote 143 bytes to ecology
[dna] water wrote 70 bytes to ecology
[dna] water wrote 113 bytes to ecology
[dna] water wrote 23 bytes to ecology
[dna] water wrote 36 bytes to ecology
[dna] water wrote 55 bytes to ecology
[debug-onto] tick=250 corpus=143269 stage=2 freeze=0
[dna] water wrote 28 bytes to ecology
[dna] water wrote 153 bytes to ecology
[dna] water wrote 22 bytes to ecology
[dna] water wrote 41 bytes to ecology
[dna] water wrote 58 bytes to ecology
[dna] water wrote 27 bytes to ecology
[dna] water wrote 52 bytes to ecology
[dna] water wrote 43 bytes to ecology
[dna] water wrote 36 bytes to ecology
[dna] water wrote 89 bytes to ecology
[dna] water wrote 80 bytes to ecology
[dna] water wrote 36 bytes to ecology
[dna] water wrote 50 bytes to ecology
[dna] water wrote 40 bytes to ecology
[dna] water wrote 67 bytes to ecology
[dna] water wrote 14 bytes to ecology
[dna] water wrote 127 bytes to ecology
[dna] water wrote 32 bytes to ecology
[dna] water wrote 37 bytes to ecology
[dna] water wrote 71 bytes to ecology
[debug-onto] tick=300 corpus=143269 stage=2 freeze=0
[dna] water wrote 93 bytes to ecology
[dna] water wrote 54 bytes to ecology
[dna] water wrote 15 bytes to ecology
[dna] water wrote 36 bytes to ecology
[dna] water wrote 54 bytes to ecology
[dna] water wrote 21 bytes to ecology
[dna] water wrote 36 bytes to ecology
[dna] water wrote 36 bytes to ecology
[dna] water wrote 50 bytes to ecology
[dna] water wrote 10 bytes to ecology
[dna] water wrote 50 bytes to ecology
[dna] water wrote 199 bytes to ecology
[dna] water wrote 104 bytes to ecology
[dna] water wrote 199 bytes to ecology
[dna] water wrote 33 bytes to ecology
[dna] water wrote 24 bytes to ecology
[dna] water wrote 26 bytes to ecology
[dna] water wrote 68 bytes to ecology
[dna] water wrote 47 bytes to ecology
[dna] water wrote 119 bytes to ecology
[debug-onto] tick=350 corpus=143269 stage=2 freeze=0
[dna] water wrote 52 bytes to ecology
[dna] water wrote 154 bytes to ecology
[dna] water wrote 27 bytes to ecology
[dna] water wrote 22 bytes to ecology
[dna] water wrote 117 bytes to ecology
[dna] water wrote 43 bytes to ecology
[dna] water wrote 47 bytes to ecology
[dna] water wrote 24 bytes to ecology
[dna] water wrote 51 bytes to ecology
[dna] water wrote 53 bytes to ecology
[dna] water wrote 18 bytes to ecology
[dna] water wrote 50 bytes to ecology
[dna] water wrote 52 bytes to ecology
[dna] water wrote 38 bytes to ecology
[dna] water wrote 78 bytes to ecology
[dna] water wrote 77 bytes to ecology
[dna] water wrote 21 bytes to ecology
[dna] water wrote 96 bytes to ecology
[debug-onto] tick=400 corpus=143269 stage=2 freeze=0
[dna] water wrote 100 bytes to ecology
[dna] water wrote 39 bytes to ecology
[dna] water wrote 51 bytes to ecology
[dna] water wrote 43 bytes to ecology
[dna] water wrote 19 bytes to ecology
[dna] water wrote 105 bytes to ecology
[dna] water wrote 74 bytes to ecology
[dna] water wrote 85 bytes to ecology
[dna] water wrote 16 bytes to ecology
[dna] water wrote 56 bytes to ecology
[dna] water wrote 95 bytes to ecology
[dna] water wrote 85 bytes to ecology
[dna] water wrote 20 bytes to ecology
[dna] water wrote 9 bytes to ecology
[dna] water wrote 37 bytes to ecology
[dna] water wrote 103 bytes to ecology
[dna] water wrote 43 bytes to ecology
[dna] water wrote 67 bytes to ecology
[debug-onto] tick=450 corpus=143269 stage=2 freeze=0
[dna] water wrote 110 bytes to ecology
[dna] water wrote 26 bytes to ecology
[dna] water wrote 32 bytes to ecology
[dna] water wrote 76 bytes to ecology
[dna] water wrote 29 bytes to ecology
[dna] water wrote 43 bytes to ecology
[dna] water wrote 56 bytes to ecology
[dna] water wrote 163 bytes to ecology
[dna] water wrote 91 bytes to ecology
[dna] water wrote 16 bytes to ecology
[dna] water wrote 52 bytes to ecology
[dna] water wrote 74 bytes to ecology
[dna] water wrote 150 bytes to ecology
[dna] water wrote 27 bytes to ecology
[dna] water wrote 48 bytes to ecology
[dna] water wrote 33 bytes to ecology
[dna] water wrote 83 bytes to ecology
[debug-onto] tick=500 corpus=143269 stage=2 freeze=0
[dna] water wrote 79 bytes to ecology
[dna] water wrote 42 bytes to ecology
[dna] water wrote 35 bytes to ecology
[dna] water wrote 150 bytes to ecology
[dna] water wrote 32 bytes to ecology
[dna] water wrote 25 bytes to ecology
[dna] water wrote 65 bytes to ecology
[dna] water wrote 93 bytes to ecology
[dna] water wrote 88 bytes to ecology
[dna] water wrote 124 bytes to ecology
[dna] water wrote 117 bytes to ecology
[dna] water wrote 75 bytes to ecology
[dna] water wrote 101 bytes to ecology
[dna] water wrote 43 bytes to ecology
[dna] water wrote 21 bytes to ecology
[dna] water wrote 36 bytes to ecology
[dna] water wrote 99 bytes to ecology
[dna] water wrote 193 bytes to ecology
[debug-onto] tick=550 corpus=143269 stage=2 freeze=0
[dna] water wrote 70 bytes to ecology
[dna] water wrote 57 bytes to ecology
[dna] water wrote 71 bytes to ecology
[dna] water wrote 164 bytes to ecology
[dna] water wrote 16 bytes to ecology
[dna] water wrote 130 bytes to ecology
[dna] water wrote 48 bytes to ecology
[dna] water wrote 65 bytes to ecology
[dna] water wrote 43 bytes to ecology
[dna] water wrote 97 bytes to ecology
[dna] water wrote 49 bytes to ecology
[dna] water wrote 30 bytes to ecology
[dna] water wrote 36 bytes to ecology
[dna] water wrote 48 bytes to ecology
[dna] water wrote 51 bytes to ecology
[dna] water wrote 54 bytes to ecology
[dna] water wrote 31 bytes to ecology
[debug-onto] tick=600 corpus=143269 stage=2 freeze=0
[dna] water wrote 110 bytes to ecology
[dna] water wrote 93 bytes to ecology
[dna] water wrote 74 bytes to ecology
[dna] water wrote 41 bytes to ecology
[dna] water wrote 50 bytes to ecology
[dna] water wrote 112 bytes to ecology
[dna] water wrote 58 bytes to ecology
[dna] water wrote 52 bytes to ecology
[dna] water wrote 43 bytes to ecology
[dna] water wrote 98 bytes to ecology
[dna] water wrote 92 bytes to ecology
[dna] water wrote 52 bytes to ecology
[dna] water wrote 49 bytes to ecology
[dna] water wrote 117 bytes to ecology

[evolution] Organism shutting down gracefully.
