[ecology] Element: fire → corpus: nonames_fire.txt
[evolution] Autonomous evolution mode — organism will grow through all stages without pause.
[ecology] Joined swarm. 1 peer(s) detected.
molequla is alive. [evolution] Autonomous mode — background trainer running. Ctrl+C to stop.
[dna] fire wrote 25 bytes to ecology
[dna] fire consumed 21118 bytes from 354 files: [water/gen_1778571513_1.txt water/gen_1778571530_4.txt water/gen_1778571535_6.txt water/gen_1778571538_7.txt water/gen_1778571547_10.txt water/gen_1778571552_12.txt water/gen_1778571555_13.txt water/gen_1778571563_16.txt water/gen_1778571569_18.txt water/gen_1778571572_19.txt water/gen_1778571580_22.txt water/gen_1778571583_23.txt water/gen_1778571586_24.txt water/gen_1778571589_25.txt water/gen_1778571597_28.txt water/gen_1778571603_30.txt water/gen_1778571606_31.txt water/gen_1778571615_34.txt water/gen_1778571618_35.txt water/gen_1778571621_36.txt water/gen_1778571623_37.txt water/gen_1778571632_40.txt water/gen_1778571637_42.txt water/gen_1778571640_43.txt water/gen_1778571649_46.txt water/gen_1778571651_47.txt water/gen_1778571654_48.txt water/gen_1778571657_49.txt water/gen_1778571665_52.txt water/gen_1778571671_54.txt water/gen_1778571674_55.txt water/gen_1778571682_58.txt water/gen_1778571685_59.txt water/gen_1778571687_60.txt water/gen_1778571690_61.txt water/gen_1778571698_64.txt water/gen_1778571701_65.txt water/gen_1778571704_66.txt water/gen_1778571707_67.txt water/gen_1778571715_70.txt water/gen_1778571718_71.txt water/gen_1778571721_72.txt water/gen_1778571724_73.txt water/gen_1778571732_76.txt water/gen_1778571738_78.txt water/gen_1778571741_79.txt water/gen_1778571749_82.txt water/gen_1778571752_83.txt water/gen_1778571755_84.txt water/gen_1778571757_85.txt water/gen_1778571766_88.txt water/gen_1778571768_89.txt water/gen_1778571774_91.txt water/gen_1778571782_94.txt water/gen_1778571785_95.txt water/gen_1778571788_96.txt water/gen_1778571791_97.txt water/gen_1778571799_100.txt water/gen_1778571805_102.txt water/gen_1778571808_103.txt water/gen_1778571816_106.txt water/gen_1778571824_109.txt water/gen_1778571832_112.txt water/gen_1778571835_113.txt water/gen_1778571841_115.txt water/gen_1778571849_118.txt water/gen_1778571854_120.txt water/gen_1778571857_121.txt water/gen_1778571865_124.txt water/gen_1778571870_126.txt water/gen_1778571873_127.txt water/gen_1778571881_130.txt water/gen_1778571884_131.txt water/gen_1778571887_132.txt water/gen_1778571889_133.txt water/gen_1778571898_136.txt water/gen_1778571901_137.txt water/gen_1778571903_138.txt water/gen_1778571906_139.txt water/gen_1778571914_142.txt water/gen_1778571917_143.txt water/gen_1778571920_144.txt water/gen_1778571923_145.txt water/gen_1778571931_148.txt water/gen_1778571934_149.txt water/gen_1778571937_150.txt water/gen_1778571939_151.txt water/gen_1778571948_154.txt water/gen_1778571953_156.txt water/gen_1778571956_157.txt water/gen_1778571964_160.txt water/gen_1778571967_161.txt water/gen_1778571969_162.txt water/gen_1778571972_163.txt water/gen_1778571981_166.txt water/gen_1778571983_167.txt water/gen_1778571986_168.txt water/gen_1778571989_169.txt water/gen_1778571997_172.txt water/gen_1778571999_173.txt water/gen_1778572002_174.txt water/gen_1778572005_175.txt water/gen_1778572012_178.txt water/gen_1778572015_179.txt water/gen_1778572018_180.txt water/gen_1778572021_181.txt water/gen_1778572029_184.txt water/gen_1778572032_185.txt water/gen_1778572034_186.txt water/gen_1778572037_187.txt water/gen_1778572045_190.txt water/gen_1778572050_192.txt water/gen_1778572053_193.txt water/gen_1778572061_196.txt water/gen_1778572064_197.txt water/gen_1778572067_198.txt water/gen_1778572069_199.txt water/gen_1778572078_202.txt water/gen_1778572083_204.txt water/gen_1778572086_205.txt water/gen_1778572094_208.txt water/gen_1778572099_210.txt water/gen_1778572102_211.txt water/gen_1778572110_214.txt water/gen_1778572113_215.txt water/gen_1778572118_217.txt water/gen_1778572127_220.txt water/gen_1778572130_221.txt water/gen_1778572132_222.txt water/gen_1778572135_223.txt water/gen_1778572144_226.txt water/gen_1778572149_228.txt water/gen_1778572152_229.txt water/gen_1778572161_232.txt water/gen_1778572166_234.txt water/gen_1778572169_235.txt water/gen_1778572177_238.txt water/gen_1778572182_240.txt water/gen_1778572185_241.txt water/gen_1778572193_244.txt water/gen_1778572196_245.txt water/gen_1778572199_246.txt water/gen_1778572201_247.txt water/gen_1778572210_250.txt water/gen_1778572218_253.txt water/gen_1778572226_256.txt water/gen_1778572229_257.txt water/gen_1778572232_258.txt water/gen_1778572235_259.txt water/gen_1778572243_262.txt water/gen_1778572246_263.txt water/gen_1778572251_265.txt water/gen_1778572260_268.txt water/gen_1778572263_269.txt water/gen_1778572268_271.txt water/gen_1778572276_274.txt water/gen_1778572279_275.txt water/gen_1778572282_276.txt water/gen_1778572285_277.txt water/gen_1778572293_280.txt water/gen_1778572296_281.txt water/gen_1778572299_282.txt water/gen_1778572302_283.txt water/gen_1778572310_286.txt water/gen_1778572313_287.txt water/gen_1778572315_288.txt water/gen_1778572318_289.txt water/gen_1778572327_292.txt water/gen_1778572329_293.txt water/gen_1778572335_295.txt water/gen_1778572343_298.txt water/gen_1778572346_299.txt water/gen_1778572349_300.txt water/gen_1778572352_301.txt water/gen_1778572360_304.txt water/gen_1778572363_305.txt water/gen_1778572366_306.txt water/gen_1778572368_307.txt water/gen_1778572377_310.txt water/gen_1778572382_312.txt water/gen_1778572385_313.txt water/gen_1778572393_316.txt water/gen_1778572401_319.txt water/gen_1778572410_322.txt water/gen_1778572412_323.txt water/gen_1778572415_324.txt water/gen_1778572418_325.txt water/gen_1778572426_328.txt water/gen_1778572432_330.txt water/gen_1778572435_331.txt water/gen_1778572443_334.txt water/gen_1778572446_335.txt water/gen_1778572449_336.txt water/gen_1778572452_337.txt water/gen_1778572460_340.txt water/gen_1778572463_341.txt water/gen_1778572466_342.txt water/gen_1778572468_343.txt water/gen_1778572477_346.txt water/gen_1778572482_348.txt water/gen_1778572485_349.txt water/gen_1778572493_352.txt water/gen_1778572499_354.txt water/gen_1778572501_355.txt water/gen_1778572510_358.txt water/gen_1778572515_360.txt water/gen_1778572518_361.txt water/gen_1778572526_364.txt water/gen_1778572529_365.txt water/gen_1778572532_366.txt water/gen_1778572535_367.txt water/gen_1778572543_370.txt water/gen_1778572548_372.txt water/gen_1778572551_373.txt water/gen_1778572559_376.txt water/gen_1778572564_378.txt water/gen_1778572567_379.txt water/gen_1778572575_382.txt water/gen_1778572583_385.txt water/gen_1778572591_388.txt water/gen_1778572594_389.txt water/gen_1778572600_391.txt water/gen_1778572608_394.txt water/gen_1778572614_396.txt water/gen_1778572617_397.txt water/gen_1778572625_400.txt water/gen_1778572630_402.txt water/gen_1778572633_403.txt water/gen_1778572641_406.txt water/gen_1778572646_408.txt water/gen_1778572649_409.txt water/gen_1778572657_412.txt water/gen_1778572666_415.txt water/gen_1778572674_418.txt water/gen_1778572682_421.txt water/gen_1778572690_424.txt water/gen_1778572693_425.txt water/gen_1778572696_426.txt water/gen_1778572698_427.txt water/gen_1778572707_430.txt water/gen_1778572709_431.txt water/gen_1778572712_432.txt water/gen_1778572715_433.txt water/gen_1778572723_436.txt water/gen_1778572726_437.txt water/gen_1778572732_439.txt water/gen_1778572740_442.txt water/gen_1778572746_444.txt water/gen_1778572749_445.txt water/gen_1778572757_448.txt water/gen_1778572762_450.txt water/gen_1778572765_451.txt water/gen_1778572774_454.txt water/gen_1778572779_456.txt water/gen_1778572782_457.txt water/gen_1778572790_460.txt water/gen_1778572796_462.txt water/gen_1778572798_463.txt water/gen_1778572807_466.txt water/gen_1778572812_468.txt water/gen_1778572815_469.txt water/gen_1778572823_472.txt water/gen_1778572826_473.txt water/gen_1778572829_474.txt water/gen_1778572832_475.txt water/gen_1778572840_478.txt water/gen_1778572843_479.txt water/gen_1778572846_480.txt water/gen_1778572849_481.txt water/gen_1778572857_484.txt water/gen_1778572863_486.txt water/gen_1778572866_487.txt water/gen_1778572874_490.txt water/gen_1778572880_492.txt water/gen_1778572883_493.txt water/gen_1778572891_496.txt water/gen_1778572897_498.txt water/gen_1778572900_499.txt water/gen_1778572908_502.txt water/gen_1778572911_503.txt water/gen_1778572917_505.txt water/gen_1778572925_508.txt water/gen_1778572928_509.txt water/gen_1778572931_510.txt water/gen_1778572934_511.txt water/gen_1778572947_516.txt water/gen_1778572950_517.txt water/gen_1778572959_520.txt water/gen_1778572964_522.txt water/gen_1778572967_523.txt water/gen_1778572976_526.txt water/gen_1778572978_527.txt water/gen_1778572984_529.txt water/gen_1778572993_532.txt water/gen_1778572995_533.txt water/gen_1778573001_535.txt water/gen_1778573009_538.txt water/gen_1778573018_541.txt water/gen_1778573026_544.txt water/gen_1778573032_546.txt water/gen_1778573035_547.txt water/gen_1778573043_550.txt water/gen_1778573046_551.txt water/gen_1778573051_553.txt water/gen_1778573059_556.txt water/gen_1778573062_557.txt water/gen_1778573065_558.txt water/gen_1778573068_559.txt water/gen_1778573076_562.txt water/gen_1778573079_563.txt water/gen_1778573082_564.txt water/gen_1778573084_565.txt water/gen_1778573093_568.txt water/gen_1778573096_569.txt water/gen_1778573098_570.txt water/gen_1778573101_571.txt water/gen_1778573109_574.txt water/gen_1778573112_575.txt water/gen_1778573118_577.txt water/gen_1778573126_580.txt water/gen_1778573129_581.txt water/gen_1778573132_582.txt water/gen_1778573134_583.txt water/gen_1778573143_586.txt water/gen_1778573145_587.txt water/gen_1778573148_588.txt water/gen_1778573151_589.txt water/gen_1778573159_592.txt water/gen_1778573165_594.txt water/gen_1778573168_595.txt water/gen_1778573176_598.txt water/gen_1778573179_599.txt water/gen_1778573184_601.txt water/gen_1778573193_604.txt water/gen_1778573198_606.txt water/gen_1778573201_607.txt water/gen_1778573209_610.txt water/gen_1778573217_613.txt water/gen_1778573226_616.txt water/gen_1778573231_618.txt water/gen_1778573234_619.txt water/gen_1778573242_622.txt water/gen_1778573245_623.txt water/gen_1778573250_625.txt water/gen_1778573258_628.txt water/gen_1778573261_629.txt water/gen_1778573264_630.txt water/gen_1778573267_631.txt water/gen_1778573275_634.txt water/gen_1778573281_636.txt water/gen_1778573283_637.txt water/gen_1778573292_640.txt water/gen_1778573295_641.txt water/gen_1778573300_643.txt]
[trainer] micro-train burst (21118 bytes, novelty 0.03) — and lo, it feeds again.
[syntropy] action=explore | trend=0.0000 | field_dev=0.008 | purpose_align=0.503 | lr_mul=1.30
[aml] burst complete: 32 steps, avg loss 1.7528 (memory freed)
[trainer] growing new delta module (total: 3) — new soul appended.
[dna] fire wrote 32 bytes to ecology
[dna] fire wrote 44 bytes to ecology
[dna] fire wrote 35 bytes to ecology
[dna] fire wrote 49 bytes to ecology
[dna] fire wrote 63 bytes to ecology
[dna] fire wrote 28 bytes to ecology
[dna] fire wrote 114 bytes to ecology
[dna] fire wrote 31 bytes to ecology
[dna] fire wrote 121 bytes to ecology
[dna] fire wrote 38 bytes to ecology
[dna] fire wrote 34 bytes to ecology
[dna] fire wrote 36 bytes to ecology
[dna] fire wrote 54 bytes to ecology
[dna] fire wrote 91 bytes to ecology
[dna] fire wrote 15 bytes to ecology
[dna] fire wrote 118 bytes to ecology
[dna] fire wrote 51 bytes to ecology
[dna] fire wrote 54 bytes to ecology
[dna] fire wrote 44 bytes to ecology
[dna] fire wrote 73 bytes to ecology
[debug-onto] tick=50 corpus=143372 stage=2 freeze=0
[dna] fire wrote 134 bytes to ecology
[dna] fire wrote 53 bytes to ecology
[dna] fire wrote 47 bytes to ecology
[dna] fire wrote 182 bytes to ecology
[dna] fire wrote 26 bytes to ecology
[dna] fire wrote 27 bytes to ecology
[dna] fire wrote 91 bytes to ecology
[dna] fire wrote 155 bytes to ecology
[dna] fire wrote 34 bytes to ecology
[dna] fire wrote 40 bytes to ecology
[dna] fire wrote 99 bytes to ecology
[dna] fire wrote 19 bytes to ecology
[dna] fire wrote 121 bytes to ecology
[dna] fire wrote 18 bytes to ecology
[dna] fire wrote 84 bytes to ecology
[dna] fire wrote 93 bytes to ecology
[dna] fire wrote 16 bytes to ecology
[dna] fire wrote 31 bytes to ecology
[dna] fire wrote 37 bytes to ecology
[dna] fire wrote 60 bytes to ecology
[dna] fire wrote 33 bytes to ecology
[dna] fire wrote 57 bytes to ecology
[debug-onto] tick=100 corpus=143372 stage=2 freeze=0
[dna] fire wrote 63 bytes to ecology
[dna] fire wrote 51 bytes to ecology
[dna] fire wrote 30 bytes to ecology
[dna] fire wrote 77 bytes to ecology
[dna] fire wrote 41 bytes to ecology
[dna] fire wrote 21 bytes to ecology
[dna] fire wrote 44 bytes to ecology
[dna] fire wrote 37 bytes to ecology
[dna] fire wrote 13 bytes to ecology
[dna] fire wrote 71 bytes to ecology
[dna] fire wrote 15 bytes to ecology
[dna] fire wrote 96 bytes to ecology
[dna] fire wrote 31 bytes to ecology
[dna] fire wrote 51 bytes to ecology
[dna] fire wrote 69 bytes to ecology
[dna] fire wrote 145 bytes to ecology
[dna] fire wrote 89 bytes to ecology
[dna] fire wrote 41 bytes to ecology
[debug-onto] tick=150 corpus=143372 stage=2 freeze=0
[dna] fire wrote 38 bytes to ecology
[dna] fire wrote 33 bytes to ecology
[dna] fire wrote 32 bytes to ecology
[dna] fire wrote 104 bytes to ecology
[dna] fire wrote 116 bytes to ecology
[dna] fire wrote 42 bytes to ecology
[dna] fire wrote 28 bytes to ecology
[dna] fire wrote 177 bytes to ecology
[dna] fire wrote 64 bytes to ecology
[dna] fire wrote 76 bytes to ecology
[dna] fire wrote 17 bytes to ecology
[dna] fire wrote 57 bytes to ecology
[dna] fire wrote 38 bytes to ecology
[dna] fire wrote 29 bytes to ecology
[dna] fire wrote 43 bytes to ecology
[dna] fire wrote 61 bytes to ecology
[dna] fire wrote 59 bytes to ecology
[dna] fire wrote 42 bytes to ecology
[dna] fire wrote 122 bytes to ecology
[debug-onto] tick=200 corpus=143372 stage=2 freeze=0
[dna] fire wrote 16 bytes to ecology
[dna] fire wrote 65 bytes to ecology
[dna] fire wrote 121 bytes to ecology
[dna] fire wrote 77 bytes to ecology
[dna] fire wrote 33 bytes to ecology
[dna] fire wrote 41 bytes to ecology
[dna] fire wrote 104 bytes to ecology
[dna] fire wrote 99 bytes to ecology
[dna] fire wrote 79 bytes to ecology
[dna] fire wrote 8 bytes to ecology
[dna] fire wrote 32 bytes to ecology
[dna] fire wrote 43 bytes to ecology
[dna] fire wrote 46 bytes to ecology
[dna] fire wrote 116 bytes to ecology
[dna] fire wrote 195 bytes to ecology
[dna] fire wrote 40 bytes to ecology
[dna] fire wrote 46 bytes to ecology
[dna] fire wrote 36 bytes to ecology
[dna] fire wrote 58 bytes to ecology
[dna] fire wrote 82 bytes to ecology
[dna] fire wrote 73 bytes to ecology
[dna] fire wrote 57 bytes to ecology
[debug-onto] tick=250 corpus=143372 stage=2 freeze=0
[dna] fire wrote 44 bytes to ecology
[dna] fire wrote 48 bytes to ecology
[dna] fire wrote 74 bytes to ecology
[dna] fire wrote 41 bytes to ecology
[dna] fire wrote 95 bytes to ecology
[dna] fire wrote 71 bytes to ecology
[dna] fire wrote 44 bytes to ecology
[dna] fire wrote 39 bytes to ecology
[dna] fire wrote 80 bytes to ecology
[dna] fire wrote 86 bytes to ecology
[dna] fire wrote 114 bytes to ecology
[dna] fire wrote 53 bytes to ecology
[dna] fire wrote 58 bytes to ecology
[dna] fire wrote 55 bytes to ecology
[dna] fire wrote 12 bytes to ecology
[dna] fire wrote 34 bytes to ecology
[dna] fire wrote 70 bytes to ecology
[dna] fire wrote 86 bytes to ecology
[debug-onto] tick=300 corpus=143372 stage=2 freeze=0
[dna] fire wrote 77 bytes to ecology
[dna] fire wrote 76 bytes to ecology
[dna] fire wrote 89 bytes to ecology
[dna] fire wrote 35 bytes to ecology
[dna] fire wrote 93 bytes to ecology
[dna] fire wrote 34 bytes to ecology
[dna] fire wrote 33 bytes to ecology
[dna] fire wrote 52 bytes to ecology
[dna] fire wrote 116 bytes to ecology
[dna] fire wrote 50 bytes to ecology
[dna] fire wrote 47 bytes to ecology
[dna] fire wrote 61 bytes to ecology
[dna] fire wrote 49 bytes to ecology
[dna] fire wrote 54 bytes to ecology
[dna] fire wrote 44 bytes to ecology
[dna] fire wrote 25 bytes to ecology
[dna] fire wrote 137 bytes to ecology
[dna] fire wrote 81 bytes to ecology
[dna] fire wrote 39 bytes to ecology
[debug-onto] tick=350 corpus=143372 stage=2 freeze=0
[dna] fire wrote 60 bytes to ecology
[dna] fire wrote 95 bytes to ecology
[dna] fire wrote 28 bytes to ecology
[dna] fire wrote 70 bytes to ecology
[dna] fire wrote 46 bytes to ecology
[dna] fire wrote 47 bytes to ecology
[dna] fire wrote 34 bytes to ecology
[dna] fire wrote 62 bytes to ecology
[dna] fire wrote 8 bytes to ecology
[dna] fire wrote 12 bytes to ecology
[dna] fire wrote 35 bytes to ecology
[dna] fire wrote 80 bytes to ecology
[dna] fire wrote 49 bytes to ecology
[dna] fire wrote 60 bytes to ecology
[dna] fire wrote 64 bytes to ecology
[dna] fire wrote 177 bytes to ecology
[dna] fire wrote 130 bytes to ecology
[dna] fire wrote 38 bytes to ecology
[dna] fire wrote 118 bytes to ecology
[dna] fire wrote 41 bytes to ecology
[dna] fire wrote 52 bytes to ecology
[debug-onto] tick=400 corpus=143372 stage=2 freeze=0
[dna] fire wrote 24 bytes to ecology
[dna] fire wrote 104 bytes to ecology
[dna] fire wrote 129 bytes to ecology
[dna] fire wrote 25 bytes to ecology
[dna] fire wrote 87 bytes to ecology
[dna] fire wrote 47 bytes to ecology
[dna] fire wrote 75 bytes to ecology
[dna] fire wrote 30 bytes to ecology
[dna] fire wrote 70 bytes to ecology
[dna] fire wrote 17 bytes to ecology
[dna] fire wrote 56 bytes to ecology
[dna] fire wrote 44 bytes to ecology
[dna] fire wrote 83 bytes to ecology
[dna] fire wrote 37 bytes to ecology
[dna] fire wrote 29 bytes to ecology
[dna] fire wrote 72 bytes to ecology
[dna] fire wrote 125 bytes to ecology
[dna] fire wrote 63 bytes to ecology
[dna] fire wrote 78 bytes to ecology
[dna] fire wrote 56 bytes to ecology
[debug-onto] tick=450 corpus=143372 stage=2 freeze=0
[dna] fire wrote 38 bytes to ecology
[dna] fire wrote 58 bytes to ecology
[dna] fire wrote 61 bytes to ecology
[dna] fire wrote 93 bytes to ecology
[dna] fire wrote 40 bytes to ecology
[dna] fire wrote 9 bytes to ecology
[dna] fire wrote 65 bytes to ecology
[dna] fire wrote 38 bytes to ecology
[dna] fire wrote 92 bytes to ecology
[dna] fire wrote 18 bytes to ecology
[dna] fire wrote 49 bytes to ecology
[dna] fire wrote 85 bytes to ecology
[dna] fire wrote 38 bytes to ecology
[dna] fire wrote 40 bytes to ecology
[dna] fire wrote 31 bytes to ecology
[dna] fire wrote 7 bytes to ecology
[dna] fire wrote 100 bytes to ecology
[dna] fire wrote 5 bytes to ecology
[dna] fire wrote 56 bytes to ecology
[dna] fire wrote 57 bytes to ecology
[debug-onto] tick=500 corpus=143372 stage=2 freeze=0
[dna] fire wrote 32 bytes to ecology
[dna] fire wrote 66 bytes to ecology
[dna] fire wrote 65 bytes to ecology
[dna] fire wrote 82 bytes to ecology
[dna] fire wrote 64 bytes to ecology
[dna] fire wrote 71 bytes to ecology
[dna] fire wrote 7 bytes to ecology
[dna] fire wrote 80 bytes to ecology
[dna] fire wrote 138 bytes to ecology
[dna] fire wrote 222 bytes to ecology
[dna] fire wrote 36 bytes to ecology
[dna] fire wrote 54 bytes to ecology
[dna] fire wrote 73 bytes to ecology
[dna] fire wrote 20 bytes to ecology
[dna] fire wrote 19 bytes to ecology
[dna] fire wrote 36 bytes to ecology
[dna] fire wrote 94 bytes to ecology
[dna] fire wrote 27 bytes to ecology
[dna] fire wrote 112 bytes to ecology
[debug-onto] tick=550 corpus=143372 stage=2 freeze=0
[dna] fire wrote 52 bytes to ecology
[dna] fire wrote 59 bytes to ecology
[dna] fire wrote 42 bytes to ecology
[dna] fire wrote 76 bytes to ecology
[dna] fire wrote 50 bytes to ecology
[dna] fire wrote 45 bytes to ecology
[dna] fire wrote 65 bytes to ecology
[dna] fire wrote 73 bytes to ecology
[dna] fire wrote 72 bytes to ecology
[dna] fire wrote 97 bytes to ecology
[dna] fire wrote 43 bytes to ecology
[dna] fire wrote 63 bytes to ecology
[dna] fire wrote 52 bytes to ecology
[dna] fire wrote 37 bytes to ecology
[dna] fire wrote 85 bytes to ecology
[dna] fire wrote 107 bytes to ecology
[dna] fire wrote 73 bytes to ecology
[dna] fire wrote 53 bytes to ecology
[dna] fire wrote 81 bytes to ecology
[dna] fire wrote 44 bytes to ecology
[debug-onto] tick=600 corpus=143372 stage=2 freeze=0
[dna] fire wrote 38 bytes to ecology
[dna] fire wrote 46 bytes to ecology
[dna] fire wrote 129 bytes to ecology
[dna] fire wrote 89 bytes to ecology
[dna] fire wrote 163 bytes to ecology
[dna] fire wrote 61 bytes to ecology
[dna] fire wrote 51 bytes to ecology
[dna] fire wrote 39 bytes to ecology
[dna] fire wrote 127 bytes to ecology
[dna] fire wrote 83 bytes to ecology
[dna] fire wrote 23 bytes to ecology
[dna] fire wrote 6 bytes to ecology
[dna] fire wrote 43 bytes to ecology
[dna] fire wrote 67 bytes to ecology
[dna] fire wrote 24 bytes to ecology
[dna] fire wrote 16 bytes to ecology
[dna] fire wrote 46 bytes to ecology
[dna] fire wrote 73 bytes to ecology
[dna] fire wrote 67 bytes to ecology

[evolution] Organism shutting down gracefully.
