[ecology] Element: water → corpus: nonames_water.txt
[evolution] Autonomous evolution mode — organism will grow through all stages without pause.
[ecology] Joined swarm. 1 peer(s) detected.
molequla is alive. [evolution] Autonomous mode — background trainer running. Ctrl+C to stop.
[dna] water wrote 30 bytes to ecology
[dna] water consumed 15335 bytes from 184 files: [air/gen_1778569713_1.txt air/gen_1778569734_4.txt air/gen_1778569744_7.txt air/gen_1778569754_10.txt air/gen_1778569764_13.txt air/gen_1778569774_16.txt air/gen_1778569784_19.txt air/gen_1778569794_22.txt air/gen_1778569804_25.txt air/gen_1778569814_28.txt air/gen_1778569824_31.txt air/gen_1778569835_34.txt air/gen_1778569845_37.txt air/gen_1778569854_40.txt air/gen_1778569864_43.txt air/gen_1778569874_46.txt air/gen_1778569885_49.txt air/gen_1778569895_52.txt air/gen_1778569905_55.txt air/gen_1778569915_58.txt air/gen_1778569924_61.txt air/gen_1778569934_64.txt air/gen_1778569944_67.txt air/gen_1778569954_70.txt air/gen_1778569964_73.txt air/gen_1778569974_76.txt air/gen_1778569984_79.txt air/gen_1778569994_82.txt air/gen_1778570004_85.txt air/gen_1778570014_88.txt air/gen_1778570024_91.txt air/gen_1778570034_94.txt air/gen_1778570044_97.txt air/gen_1778570054_100.txt air/gen_1778570064_103.txt air/gen_1778570073_106.txt air/gen_1778570083_109.txt air/gen_1778570092_112.txt air/gen_1778570102_115.txt air/gen_1778570111_118.txt air/gen_1778570121_121.txt air/gen_1778570131_124.txt air/gen_1778570140_127.txt air/gen_1778570150_130.txt air/gen_1778570159_133.txt air/gen_1778570169_136.txt air/gen_1778570179_139.txt air/gen_1778570188_142.txt air/gen_1778570198_145.txt air/gen_1778570207_148.txt air/gen_1778570216_151.txt air/gen_1778570226_154.txt air/gen_1778570235_157.txt air/gen_1778570245_160.txt air/gen_1778570254_163.txt air/gen_1778570264_166.txt air/gen_1778570274_169.txt air/gen_1778570284_172.txt air/gen_1778570293_175.txt air/gen_1778570303_178.txt air/gen_1778570313_181.txt air/gen_1778570323_184.txt air/gen_1778570332_187.txt air/gen_1778570342_190.txt air/gen_1778570352_193.txt air/gen_1778570361_196.txt air/gen_1778570371_199.txt air/gen_1778570380_202.txt air/gen_1778570390_205.txt air/gen_1778570399_208.txt air/gen_1778570409_211.txt air/gen_1778570419_214.txt air/gen_1778570428_217.txt air/gen_1778570438_220.txt air/gen_1778570448_223.txt air/gen_1778570457_226.txt air/gen_1778570467_229.txt air/gen_1778570476_232.txt air/gen_1778570486_235.txt air/gen_1778570495_238.txt air/gen_1778570505_241.txt air/gen_1778570514_244.txt air/gen_1778570524_247.txt air/gen_1778570534_250.txt air/gen_1778570543_253.txt air/gen_1778570553_256.txt air/gen_1778570562_259.txt air/gen_1778570572_262.txt air/gen_1778570581_265.txt air/gen_1778570591_268.txt air/gen_1778570600_271.txt air/gen_1778570609_274.txt air/gen_1778570619_277.txt air/gen_1778570628_280.txt air/gen_1778570638_283.txt air/gen_1778570647_286.txt air/gen_1778570657_289.txt air/gen_1778570667_292.txt air/gen_1778570677_295.txt air/gen_1778570686_298.txt air/gen_1778570696_301.txt air/gen_1778570705_304.txt air/gen_1778570715_307.txt air/gen_1778570725_310.txt air/gen_1778570734_313.txt air/gen_1778570743_316.txt air/gen_1778570753_319.txt air/gen_1778570763_322.txt air/gen_1778570772_325.txt air/gen_1778570782_328.txt air/gen_1778570791_331.txt air/gen_1778570801_334.txt air/gen_1778570811_337.txt air/gen_1778570820_340.txt air/gen_1778570830_343.txt air/gen_1778570839_346.txt air/gen_1778570849_349.txt air/gen_1778570859_352.txt air/gen_1778570868_355.txt air/gen_1778570878_358.txt air/gen_1778570888_361.txt air/gen_1778570897_364.txt air/gen_1778570907_367.txt air/gen_1778570917_370.txt air/gen_1778570927_373.txt air/gen_1778570936_376.txt air/gen_1778570946_379.txt air/gen_1778570956_382.txt air/gen_1778570966_385.txt air/gen_1778570976_388.txt air/gen_1778570986_391.txt air/gen_1778570996_394.txt air/gen_1778571005_397.txt air/gen_1778571015_400.txt air/gen_1778571025_403.txt air/gen_1778571034_406.txt air/gen_1778571044_409.txt air/gen_1778571054_412.txt air/gen_1778571063_415.txt air/gen_1778571073_418.txt air/gen_1778571083_421.txt air/gen_1778571093_424.txt air/gen_1778571102_427.txt air/gen_1778571112_430.txt air/gen_1778571122_433.txt air/gen_1778571132_436.txt air/gen_1778571141_439.txt air/gen_1778571151_442.txt air/gen_1778571161_445.txt air/gen_1778571170_448.txt air/gen_1778571180_451.txt air/gen_1778571190_454.txt air/gen_1778571200_457.txt air/gen_1778571209_460.txt air/gen_1778571219_463.txt air/gen_1778571229_466.txt air/gen_1778571239_469.txt air/gen_1778571249_472.txt air/gen_1778571259_475.txt air/gen_1778571269_478.txt air/gen_1778571278_481.txt air/gen_1778571288_484.txt air/gen_1778571298_487.txt air/gen_1778571307_490.txt air/gen_1778571317_493.txt air/gen_1778571327_496.txt air/gen_1778571336_499.txt air/gen_1778571346_502.txt air/gen_1778571355_505.txt air/gen_1778571365_508.txt air/gen_1778571375_511.txt air/gen_1778571384_514.txt air/gen_1778571394_517.txt air/gen_1778571404_520.txt air/gen_1778571414_523.txt air/gen_1778571424_526.txt air/gen_1778571434_529.txt air/gen_1778571444_532.txt air/gen_1778571454_535.txt air/gen_1778571463_538.txt air/gen_1778571473_541.txt air/gen_1778571483_544.txt air/gen_1778571493_547.txt air/gen_1778571503_550.txt]
[trainer] micro-train burst (15335 bytes, novelty 0.05) — and lo, it feeds again.
[syntropy] action=explore | trend=0.0000 | field_dev=0.012 | purpose_align=0.512 | lr_mul=1.30
[aml] burst complete: 32 steps, avg loss 1.7076 (memory freed)
[dna] water wrote 52 bytes to ecology
[dna] water wrote 27 bytes to ecology
[dna] water wrote 104 bytes to ecology
[dna] water wrote 39 bytes to ecology
[dna] water wrote 28 bytes to ecology
[dna] water wrote 39 bytes to ecology
[dna] water wrote 49 bytes to ecology
[dna] water wrote 11 bytes to ecology
[dna] water wrote 29 bytes to ecology
[dna] water wrote 36 bytes to ecology
[dna] water wrote 177 bytes to ecology
[dna] water wrote 12 bytes to ecology
[dna] water wrote 58 bytes to ecology
[dna] water wrote 46 bytes to ecology
[dna] water wrote 86 bytes to ecology
[dna] water wrote 35 bytes to ecology
[dna] water wrote 43 bytes to ecology
[dna] water wrote 54 bytes to ecology
[dna] water wrote 80 bytes to ecology
[dna] water wrote 19 bytes to ecology
[dna] water wrote 55 bytes to ecology
[dna] water wrote 12 bytes to ecology
[dna] water wrote 34 bytes to ecology
[dna] water wrote 61 bytes to ecology
[dna] water wrote 64 bytes to ecology
[dna] water wrote 75 bytes to ecology
[dna] water wrote 81 bytes to ecology
[debug-onto] tick=50 corpus=141216 stage=2 freeze=0
[dna] water wrote 66 bytes to ecology
[dna] water wrote 41 bytes to ecology
[dna] water wrote 74 bytes to ecology
[dna] water wrote 37 bytes to ecology
[dna] water wrote 27 bytes to ecology
[dna] water wrote 59 bytes to ecology
[dna] water wrote 75 bytes to ecology
[dna] water wrote 76 bytes to ecology
[dna] water wrote 101 bytes to ecology
[dna] water wrote 44 bytes to ecology
[dna] water wrote 27 bytes to ecology
[dna] water wrote 52 bytes to ecology
[dna] water wrote 55 bytes to ecology
[dna] water wrote 59 bytes to ecology
[dna] water wrote 65 bytes to ecology
[dna] water wrote 10 bytes to ecology
[dna] water wrote 162 bytes to ecology
[dna] water wrote 23 bytes to ecology
[dna] water wrote 77 bytes to ecology
[dna] water wrote 132 bytes to ecology
[dna] water wrote 74 bytes to ecology
[dna] water wrote 12 bytes to ecology
[dna] water wrote 105 bytes to ecology
[dna] water wrote 36 bytes to ecology
[dna] water wrote 42 bytes to ecology
[dna] water wrote 74 bytes to ecology
[dna] water wrote 48 bytes to ecology
[dna] water wrote 60 bytes to ecology
[dna] water wrote 49 bytes to ecology
[dna] water wrote 48 bytes to ecology
[debug-onto] tick=100 corpus=141216 stage=2 freeze=0
[dna] water wrote 12 bytes to ecology
[dna] water wrote 32 bytes to ecology
[dna] water wrote 100 bytes to ecology
[dna] water wrote 32 bytes to ecology
[dna] water wrote 55 bytes to ecology
[dna] water wrote 41 bytes to ecology
[dna] water wrote 83 bytes to ecology
[dna] water wrote 39 bytes to ecology
[dna] water wrote 55 bytes to ecology
[dna] water wrote 43 bytes to ecology
[dna] water wrote 100 bytes to ecology
[dna] water wrote 46 bytes to ecology
[dna] water wrote 189 bytes to ecology
[dna] water wrote 51 bytes to ecology
[dna] water wrote 64 bytes to ecology
[dna] water wrote 81 bytes to ecology
[dna] water wrote 22 bytes to ecology
[dna] water wrote 37 bytes to ecology
[dna] water wrote 80 bytes to ecology
[dna] water wrote 23 bytes to ecology
[dna] water wrote 75 bytes to ecology
[dna] water wrote 44 bytes to ecology
[dna] water wrote 21 bytes to ecology
[dna] water wrote 43 bytes to ecology
[dna] water wrote 33 bytes to ecology
[dna] water wrote 208 bytes to ecology
[dna] water wrote 32 bytes to ecology
[dna] water wrote 84 bytes to ecology
[debug-onto] tick=150 corpus=141216 stage=2 freeze=0
[dna] water wrote 92 bytes to ecology
[dna] water wrote 138 bytes to ecology
[dna] water wrote 48 bytes to ecology
[dna] water wrote 94 bytes to ecology
[dna] water wrote 157 bytes to ecology
[dna] water wrote 26 bytes to ecology
[dna] water wrote 70 bytes to ecology
[dna] water wrote 44 bytes to ecology
[dna] water wrote 61 bytes to ecology
[dna] water wrote 17 bytes to ecology
[dna] water wrote 65 bytes to ecology
[dna] water wrote 41 bytes to ecology
[dna] water wrote 39 bytes to ecology
[dna] water wrote 31 bytes to ecology
[dna] water wrote 31 bytes to ecology
[dna] water wrote 106 bytes to ecology
[dna] water wrote 36 bytes to ecology
[dna] water wrote 60 bytes to ecology
[dna] water wrote 33 bytes to ecology
[dna] water wrote 49 bytes to ecology
[dna] water wrote 182 bytes to ecology
[dna] water wrote 36 bytes to ecology
[dna] water wrote 79 bytes to ecology
[dna] water wrote 87 bytes to ecology
[dna] water wrote 128 bytes to ecology
[dna] water wrote 28 bytes to ecology
[dna] water wrote 28 bytes to ecology
[dna] water wrote 12 bytes to ecology
[dna] water wrote 34 bytes to ecology
[dna] water wrote 54 bytes to ecology
[dna] water wrote 22 bytes to ecology
[debug-onto] tick=200 corpus=141216 stage=2 freeze=0
[dna] water wrote 76 bytes to ecology
[dna] water wrote 80 bytes to ecology
[dna] water wrote 121 bytes to ecology
[dna] water wrote 50 bytes to ecology
[dna] water wrote 37 bytes to ecology
[dna] water wrote 52 bytes to ecology
[dna] water wrote 22 bytes to ecology
[dna] water wrote 56 bytes to ecology
[dna] water wrote 95 bytes to ecology
[dna] water wrote 30 bytes to ecology
[dna] water wrote 39 bytes to ecology
[dna] water wrote 35 bytes to ecology
[dna] water wrote 23 bytes to ecology
[dna] water wrote 162 bytes to ecology
[dna] water wrote 22 bytes to ecology
[dna] water wrote 37 bytes to ecology
[dna] water wrote 27 bytes to ecology
[dna] water wrote 30 bytes to ecology
[dna] water wrote 202 bytes to ecology
[dna] water wrote 29 bytes to ecology
[dna] water wrote 53 bytes to ecology
[dna] water wrote 16 bytes to ecology
[dna] water wrote 131 bytes to ecology
[dna] water wrote 112 bytes to ecology
[dna] water wrote 29 bytes to ecology
[dna] water wrote 35 bytes to ecology
[dna] water wrote 35 bytes to ecology
[debug-onto] tick=250 corpus=141216 stage=2 freeze=0
[dna] water wrote 52 bytes to ecology
[dna] water wrote 92 bytes to ecology
[dna] water wrote 32 bytes to ecology
[dna] water wrote 104 bytes to ecology
[dna] water wrote 30 bytes to ecology
[dna] water wrote 34 bytes to ecology
[dna] water wrote 37 bytes to ecology
[dna] water wrote 116 bytes to ecology
[dna] water wrote 44 bytes to ecology
[dna] water wrote 117 bytes to ecology
[dna] water wrote 77 bytes to ecology
[dna] water wrote 38 bytes to ecology
[dna] water wrote 75 bytes to ecology
[dna] water wrote 84 bytes to ecology
[dna] water wrote 155 bytes to ecology
[dna] water wrote 64 bytes to ecology
[dna] water wrote 63 bytes to ecology
[dna] water wrote 17 bytes to ecology
[dna] water wrote 52 bytes to ecology
[dna] water wrote 52 bytes to ecology
[dna] water wrote 67 bytes to ecology
[dna] water wrote 17 bytes to ecology
[dna] water wrote 25 bytes to ecology
[dna] water wrote 31 bytes to ecology
[dna] water wrote 85 bytes to ecology
[dna] water wrote 14 bytes to ecology
[dna] water wrote 90 bytes to ecology
[dna] water wrote 213 bytes to ecology
[dna] water wrote 29 bytes to ecology
[debug-onto] tick=300 corpus=141216 stage=2 freeze=0
[dna] water wrote 100 bytes to ecology
[dna] water wrote 28 bytes to ecology
[dna] water wrote 51 bytes to ecology
[dna] water wrote 37 bytes to ecology
[dna] water wrote 49 bytes to ecology
[dna] water wrote 51 bytes to ecology
[dna] water wrote 45 bytes to ecology
[dna] water wrote 33 bytes to ecology
[dna] water wrote 46 bytes to ecology
[dna] water wrote 98 bytes to ecology
[dna] water wrote 46 bytes to ecology
[dna] water wrote 28 bytes to ecology
[dna] water wrote 153 bytes to ecology
[dna] water wrote 56 bytes to ecology
[dna] water wrote 60 bytes to ecology
[dna] water wrote 20 bytes to ecology
[dna] water wrote 67 bytes to ecology
[dna] water wrote 38 bytes to ecology
[dna] water wrote 124 bytes to ecology
[dna] water wrote 21 bytes to ecology
[dna] water wrote 57 bytes to ecology
[dna] water wrote 52 bytes to ecology
[dna] water wrote 22 bytes to ecology
[dna] water wrote 38 bytes to ecology
[dna] water wrote 155 bytes to ecology
[dna] water wrote 97 bytes to ecology
[dna] water wrote 52 bytes to ecology
[dna] water wrote 48 bytes to ecology
[debug-onto] tick=350 corpus=141216 stage=2 freeze=0
[dna] water wrote 55 bytes to ecology
[dna] water wrote 26 bytes to ecology
[dna] water wrote 49 bytes to ecology
[dna] water wrote 82 bytes to ecology
[dna] water wrote 17 bytes to ecology
[dna] water wrote 80 bytes to ecology
[dna] water wrote 114 bytes to ecology
[dna] water wrote 25 bytes to ecology
[dna] water wrote 56 bytes to ecology
[dna] water wrote 40 bytes to ecology
[dna] water wrote 60 bytes to ecology
[dna] water wrote 102 bytes to ecology
[dna] water wrote 108 bytes to ecology
[dna] water wrote 38 bytes to ecology
[dna] water wrote 6 bytes to ecology
[dna] water wrote 20 bytes to ecology
[dna] water wrote 26 bytes to ecology
[dna] water wrote 10 bytes to ecology
[dna] water wrote 125 bytes to ecology
[dna] water wrote 77 bytes to ecology
[dna] water wrote 62 bytes to ecology
[dna] water wrote 145 bytes to ecology
[dna] water wrote 34 bytes to ecology
[dna] water wrote 58 bytes to ecology
[dna] water wrote 75 bytes to ecology
[dna] water wrote 59 bytes to ecology
[debug-onto] tick=400 corpus=141216 stage=2 freeze=0
[dna] water wrote 106 bytes to ecology
[dna] water wrote 113 bytes to ecology
[dna] water wrote 72 bytes to ecology
[dna] water wrote 55 bytes to ecology
[dna] water wrote 56 bytes to ecology
[dna] water wrote 66 bytes to ecology
[dna] water wrote 211 bytes to ecology
[dna] water wrote 36 bytes to ecology
[dna] water wrote 47 bytes to ecology
[dna] water wrote 43 bytes to ecology
[dna] water wrote 27 bytes to ecology
[dna] water wrote 53 bytes to ecology
[dna] water wrote 32 bytes to ecology
[dna] water wrote 95 bytes to ecology
[dna] water wrote 10 bytes to ecology
[dna] water wrote 48 bytes to ecology
[dna] water wrote 104 bytes to ecology
[dna] water wrote 53 bytes to ecology
[dna] water wrote 25 bytes to ecology
[dna] water wrote 32 bytes to ecology
[dna] water wrote 39 bytes to ecology
[dna] water wrote 34 bytes to ecology
[dna] water wrote 43 bytes to ecology
[dna] water wrote 32 bytes to ecology
[dna] water wrote 37 bytes to ecology
[debug-onto] tick=450 corpus=141216 stage=2 freeze=0
[dna] water wrote 52 bytes to ecology
[dna] water wrote 34 bytes to ecology
[dna] water wrote 47 bytes to ecology
[dna] water wrote 85 bytes to ecology
[dna] water wrote 74 bytes to ecology
[dna] water wrote 32 bytes to ecology
[dna] water wrote 133 bytes to ecology
[dna] water wrote 48 bytes to ecology
[dna] water wrote 75 bytes to ecology
[dna] water wrote 63 bytes to ecology
[dna] water wrote 22 bytes to ecology
[dna] water wrote 24 bytes to ecology
[dna] water wrote 102 bytes to ecology
[dna] water wrote 80 bytes to ecology
[dna] water wrote 35 bytes to ecology
[dna] water wrote 54 bytes to ecology
[dna] water wrote 83 bytes to ecology
[dna] water wrote 85 bytes to ecology
[dna] water wrote 61 bytes to ecology
[dna] water wrote 32 bytes to ecology
[dna] water wrote 74 bytes to ecology
[dna] water wrote 47 bytes to ecology
[dna] water wrote 54 bytes to ecology
[dna] water wrote 58 bytes to ecology
[dna] water wrote 71 bytes to ecology
[dna] water wrote 27 bytes to ecology
[dna] water wrote 44 bytes to ecology
[debug-onto] tick=500 corpus=141216 stage=2 freeze=0
[dna] water wrote 46 bytes to ecology
[dna] water wrote 29 bytes to ecology
[dna] water wrote 39 bytes to ecology
[dna] water wrote 33 bytes to ecology
[dna] water wrote 53 bytes to ecology
[dna] water wrote 10 bytes to ecology
[dna] water wrote 205 bytes to ecology
[dna] water wrote 7 bytes to ecology
[dna] water wrote 51 bytes to ecology
[dna] water wrote 76 bytes to ecology
[dna] water wrote 27 bytes to ecology
[dna] water wrote 107 bytes to ecology
[dna] water wrote 120 bytes to ecology
[dna] water wrote 60 bytes to ecology
[dna] water wrote 134 bytes to ecology
[dna] water wrote 97 bytes to ecology
[dna] water wrote 83 bytes to ecology
[dna] water wrote 54 bytes to ecology
[dna] water wrote 22 bytes to ecology
[dna] water wrote 47 bytes to ecology
[dna] water wrote 47 bytes to ecology
[dna] water wrote 41 bytes to ecology
[dna] water wrote 52 bytes to ecology
[dna] water wrote 51 bytes to ecology
[dna] water wrote 35 bytes to ecology
[debug-onto] tick=550 corpus=141216 stage=2 freeze=0
[dna] water wrote 48 bytes to ecology
[dna] water wrote 24 bytes to ecology
[dna] water wrote 68 bytes to ecology
[dna] water wrote 80 bytes to ecology
[dna] water wrote 20 bytes to ecology
[dna] water wrote 54 bytes to ecology
[dna] water wrote 29 bytes to ecology
[dna] water wrote 21 bytes to ecology
[dna] water wrote 38 bytes to ecology
[dna] water wrote 64 bytes to ecology
[dna] water wrote 53 bytes to ecology
[dna] water wrote 183 bytes to ecology
[dna] water wrote 12 bytes to ecology
[dna] water wrote 49 bytes to ecology
[dna] water wrote 10 bytes to ecology
[dna] water wrote 20 bytes to ecology
[dna] water wrote 132 bytes to ecology
[dna] water wrote 111 bytes to ecology
[dna] water wrote 54 bytes to ecology
[dna] water wrote 23 bytes to ecology
[dna] water wrote 40 bytes to ecology
[dna] water wrote 15 bytes to ecology
[dna] water wrote 128 bytes to ecology
[dna] water wrote 31 bytes to ecology
[dna] water wrote 45 bytes to ecology
[dna] water wrote 85 bytes to ecology
[dna] water wrote 35 bytes to ecology
[dna] water wrote 100 bytes to ecology
[dna] water wrote 72 bytes to ecology
[dna] water wrote 50 bytes to ecology
[dna] water wrote 7 bytes to ecology
[debug-onto] tick=600 corpus=141216 stage=2 freeze=0
[dna] water wrote 105 bytes to ecology
[dna] water wrote 94 bytes to ecology
[dna] water wrote 71 bytes to ecology
[dna] water wrote 59 bytes to ecology
[dna] water wrote 31 bytes to ecology
[dna] water wrote 14 bytes to ecology
[dna] water wrote 45 bytes to ecology
[dna] water wrote 24 bytes to ecology
[dna] water wrote 34 bytes to ecology
[dna] water wrote 55 bytes to ecology
[dna] water wrote 10 bytes to ecology
[dna] water wrote 48 bytes to ecology
[dna] water wrote 34 bytes to ecology
[dna] water wrote 90 bytes to ecology
[dna] water wrote 28 bytes to ecology
[dna] water wrote 34 bytes to ecology
[dna] water wrote 36 bytes to ecology
[dna] water wrote 65 bytes to ecology
[dna] water wrote 60 bytes to ecology
[dna] water wrote 28 bytes to ecology
[dna] water wrote 98 bytes to ecology
[dna] water wrote 121 bytes to ecology

[evolution] Organism shutting down gracefully.
