[ecology] Element: air → corpus: nonames_air.txt
[evolution] Autonomous evolution mode — organism will grow through all stages without pause.
[ecology] Joined swarm. 1 peer(s) detected.
molequla is alive. [evolution] Autonomous mode — background trainer running. Ctrl+C to stop.
[dna] air wrote 66 bytes to ecology
[dna] air consumed 18557 bytes from 225 files: [earth/gen_1778394859_1.txt earth/gen_1778394875_7.txt earth/gen_1778394882_10.txt earth/gen_1778394890_13.txt earth/gen_1778394898_16.txt earth/gen_1778394906_19.txt earth/gen_1778394914_22.txt earth/gen_1778394922_25.txt earth/gen_1778394929_28.txt earth/gen_1778394937_31.txt earth/gen_1778394945_34.txt earth/gen_1778394953_37.txt earth/gen_1778394961_40.txt earth/gen_1778394969_43.txt earth/gen_1778394976_46.txt earth/gen_1778394984_49.txt earth/gen_1778394992_52.txt earth/gen_1778395000_55.txt earth/gen_1778395007_58.txt earth/gen_1778395015_61.txt earth/gen_1778395023_64.txt earth/gen_1778395031_67.txt earth/gen_1778395039_70.txt earth/gen_1778395047_73.txt earth/gen_1778395054_76.txt earth/gen_1778395062_79.txt earth/gen_1778395070_82.txt earth/gen_1778395078_85.txt earth/gen_1778395086_88.txt earth/gen_1778395093_91.txt earth/gen_1778395101_94.txt earth/gen_1778395109_97.txt earth/gen_1778395117_100.txt earth/gen_1778395125_103.txt earth/gen_1778395132_106.txt earth/gen_1778395140_109.txt earth/gen_1778395148_112.txt earth/gen_1778395156_115.txt earth/gen_1778395164_118.txt earth/gen_1778395172_121.txt earth/gen_1778395179_124.txt earth/gen_1778395187_127.txt earth/gen_1778395195_130.txt earth/gen_1778395202_133.txt earth/gen_1778395210_136.txt earth/gen_1778395218_139.txt earth/gen_1778395226_142.txt earth/gen_1778395233_145.txt earth/gen_1778395241_148.txt earth/gen_1778395249_151.txt earth/gen_1778395256_154.txt earth/gen_1778395264_157.txt earth/gen_1778395272_160.txt earth/gen_1778395280_163.txt earth/gen_1778395287_166.txt earth/gen_1778395295_169.txt earth/gen_1778395303_172.txt earth/gen_1778395310_175.txt earth/gen_1778395318_178.txt earth/gen_1778395326_181.txt earth/gen_1778395333_184.txt earth/gen_1778395341_187.txt earth/gen_1778395349_190.txt earth/gen_1778395357_193.txt earth/gen_1778395364_196.txt earth/gen_1778395372_199.txt earth/gen_1778395380_202.txt earth/gen_1778395387_205.txt earth/gen_1778395395_208.txt earth/gen_1778395403_211.txt earth/gen_1778395410_214.txt earth/gen_1778395418_217.txt earth/gen_1778395426_220.txt earth/gen_1778395434_223.txt earth/gen_1778395441_226.txt earth/gen_1778395449_229.txt earth/gen_1778395457_232.txt earth/gen_1778395464_235.txt earth/gen_1778395472_238.txt earth/gen_1778395480_241.txt earth/gen_1778395488_244.txt earth/gen_1778395495_247.txt earth/gen_1778395503_250.txt earth/gen_1778395511_253.txt earth/gen_1778395519_256.txt earth/gen_1778395526_259.txt earth/gen_1778395534_262.txt earth/gen_1778395542_265.txt earth/gen_1778395549_268.txt earth/gen_1778395557_271.txt earth/gen_1778395565_274.txt earth/gen_1778395573_277.txt earth/gen_1778395581_280.txt earth/gen_1778395589_283.txt earth/gen_1778395597_286.txt earth/gen_1778395604_289.txt earth/gen_1778395612_292.txt earth/gen_1778395620_295.txt earth/gen_1778395628_298.txt earth/gen_1778395636_301.txt earth/gen_1778395643_304.txt earth/gen_1778395651_307.txt earth/gen_1778395659_310.txt earth/gen_1778395666_313.txt earth/gen_1778395674_316.txt earth/gen_1778395682_319.txt earth/gen_1778395690_322.txt earth/gen_1778395697_325.txt earth/gen_1778395705_328.txt earth/gen_1778395713_331.txt earth/gen_1778395721_334.txt earth/gen_1778395728_337.txt earth/gen_1778395736_340.txt earth/gen_1778395744_343.txt earth/gen_1778395752_346.txt earth/gen_1778395759_349.txt earth/gen_1778395767_352.txt earth/gen_1778395775_355.txt earth/gen_1778395790_361.txt earth/gen_1778395798_364.txt earth/gen_1778395806_367.txt earth/gen_1778395813_370.txt earth/gen_1778395821_373.txt earth/gen_1778395829_376.txt earth/gen_1778395837_379.txt earth/gen_1778395844_382.txt earth/gen_1778395852_385.txt earth/gen_1778395860_388.txt earth/gen_1778395868_391.txt earth/gen_1778395875_394.txt earth/gen_1778395883_397.txt earth/gen_1778395891_400.txt earth/gen_1778395899_403.txt earth/gen_1778395906_406.txt earth/gen_1778395914_409.txt earth/gen_1778395922_412.txt earth/gen_1778395929_415.txt earth/gen_1778395937_418.txt earth/gen_1778395945_421.txt earth/gen_1778395953_424.txt earth/gen_1778395961_427.txt earth/gen_1778395968_430.txt earth/gen_1778395976_433.txt earth/gen_1778395984_436.txt earth/gen_1778395992_439.txt earth/gen_1778396000_442.txt earth/gen_1778396007_445.txt earth/gen_1778396015_448.txt earth/gen_1778396023_451.txt earth/gen_1778396031_454.txt earth/gen_1778396039_457.txt earth/gen_1778396046_460.txt earth/gen_1778396054_463.txt earth/gen_1778396062_466.txt earth/gen_1778396070_469.txt earth/gen_1778396078_472.txt earth/gen_1778396085_475.txt earth/gen_1778396093_478.txt earth/gen_1778396101_481.txt earth/gen_1778396109_484.txt earth/gen_1778396117_487.txt earth/gen_1778396125_490.txt earth/gen_1778396132_493.txt earth/gen_1778396140_496.txt earth/gen_1778396148_499.txt earth/gen_1778396156_502.txt earth/gen_1778396164_505.txt earth/gen_1778396171_508.txt earth/gen_1778396179_511.txt earth/gen_1778396187_514.txt earth/gen_1778396195_517.txt earth/gen_1778396203_520.txt earth/gen_1778396211_523.txt earth/gen_1778396218_526.txt earth/gen_1778396226_529.txt earth/gen_1778396234_532.txt earth/gen_1778396242_535.txt earth/gen_1778396250_538.txt earth/gen_1778396258_541.txt earth/gen_1778396265_544.txt earth/gen_1778396273_547.txt earth/gen_1778396281_550.txt earth/gen_1778396289_553.txt earth/gen_1778396296_556.txt earth/gen_1778396304_559.txt earth/gen_1778396312_562.txt earth/gen_1778396320_565.txt earth/gen_1778396327_568.txt earth/gen_1778396335_571.txt earth/gen_1778396343_574.txt earth/gen_1778396351_577.txt earth/gen_1778396359_580.txt earth/gen_1778396366_583.txt earth/gen_1778396374_586.txt earth/gen_1778396382_589.txt earth/gen_1778396390_592.txt earth/gen_1778396398_595.txt earth/gen_1778396405_598.txt earth/gen_1778396413_601.txt earth/gen_1778396429_607.txt earth/gen_1778396437_610.txt earth/gen_1778396445_613.txt earth/gen_1778396452_616.txt earth/gen_1778396460_619.txt earth/gen_1778396468_622.txt earth/gen_1778396476_625.txt earth/gen_1778396484_628.txt earth/gen_1778396492_631.txt earth/gen_1778396499_634.txt earth/gen_1778396507_637.txt earth/gen_1778396515_640.txt earth/gen_1778396523_643.txt earth/gen_1778396531_646.txt earth/gen_1778396538_649.txt earth/gen_1778396546_652.txt earth/gen_1778396554_655.txt earth/gen_1778396562_658.txt earth/gen_1778396569_661.txt earth/gen_1778396577_664.txt earth/gen_1778396585_667.txt earth/gen_1778396593_670.txt earth/gen_1778396600_673.txt earth/gen_1778396608_676.txt earth/gen_1778396616_679.txt earth/gen_1778396624_682.txt]
[trainer] micro-train burst (18557 bytes, novelty 0.04) — and lo, it feeds again.
[syntropy] action=explore | trend=0.0000 | field_dev=-0.001 | purpose_align=-0.091 | lr_mul=1.30
[aml] burst complete: 32 steps, avg loss 2.4690 (memory freed)
[dna] air wrote 37 bytes to ecology
[dna] air wrote 26 bytes to ecology
[dna] air wrote 213 bytes to ecology
[dna] air wrote 49 bytes to ecology
[dna] air wrote 24 bytes to ecology
[dna] air wrote 93 bytes to ecology
[dna] air wrote 27 bytes to ecology
[dna] air wrote 58 bytes to ecology
[dna] air wrote 39 bytes to ecology
[dna] air wrote 303 bytes to ecology
[dna] air wrote 88 bytes to ecology
[dna] air wrote 77 bytes to ecology
[dna] air wrote 79 bytes to ecology
[dna] air wrote 52 bytes to ecology
[dna] air wrote 146 bytes to ecology
[dna] air wrote 96 bytes to ecology
[debug-onto] tick=50 corpus=141098 stage=2 freeze=0
[dna] air wrote 114 bytes to ecology
[dna] air wrote 155 bytes to ecology
[dna] air wrote 89 bytes to ecology
[dna] air wrote 49 bytes to ecology
[dna] air wrote 148 bytes to ecology
[dna] air wrote 28 bytes to ecology
[dna] air wrote 35 bytes to ecology
[dna] air wrote 95 bytes to ecology
[dna] air wrote 68 bytes to ecology
[dna] air wrote 66 bytes to ecology
[dna] air wrote 61 bytes to ecology
[dna] air wrote 103 bytes to ecology
[dna] air wrote 205 bytes to ecology
[dna] air wrote 76 bytes to ecology
[dna] air wrote 85 bytes to ecology
[dna] air wrote 49 bytes to ecology
[dna] air wrote 60 bytes to ecology
[debug-onto] tick=100 corpus=141098 stage=2 freeze=0
[dna] air wrote 28 bytes to ecology
[dna] air wrote 75 bytes to ecology
[dna] air wrote 94 bytes to ecology
[dna] air wrote 37 bytes to ecology
[dna] air wrote 73 bytes to ecology
[dna] air wrote 156 bytes to ecology
[dna] air wrote 99 bytes to ecology
[dna] air wrote 23 bytes to ecology
[dna] air wrote 37 bytes to ecology
[dna] air wrote 56 bytes to ecology
[dna] air wrote 150 bytes to ecology
[dna] air wrote 46 bytes to ecology
[dna] air wrote 47 bytes to ecology
[dna] air wrote 51 bytes to ecology
[dna] air wrote 62 bytes to ecology
[dna] air wrote 135 bytes to ecology
[debug-onto] tick=150 corpus=141098 stage=2 freeze=0
[dna] air wrote 45 bytes to ecology
[dna] air wrote 100 bytes to ecology
[dna] air wrote 60 bytes to ecology
[dna] air wrote 38 bytes to ecology
[dna] air wrote 76 bytes to ecology
[dna] air wrote 54 bytes to ecology
[dna] air wrote 212 bytes to ecology
[dna] air wrote 35 bytes to ecology
[dna] air wrote 67 bytes to ecology
[dna] air wrote 59 bytes to ecology
[dna] air wrote 29 bytes to ecology
[dna] air wrote 36 bytes to ecology
[dna] air wrote 17 bytes to ecology
[dna] air wrote 80 bytes to ecology
[dna] air wrote 47 bytes to ecology
[dna] air wrote 122 bytes to ecology
[dna] air wrote 103 bytes to ecology
[debug-onto] tick=200 corpus=141098 stage=2 freeze=0
[dna] air wrote 117 bytes to ecology
[dna] air wrote 87 bytes to ecology
[dna] air wrote 41 bytes to ecology
[dna] air wrote 34 bytes to ecology
[dna] air wrote 143 bytes to ecology
[dna] air wrote 50 bytes to ecology
[dna] air wrote 51 bytes to ecology
[dna] air wrote 82 bytes to ecology
[dna] air wrote 125 bytes to ecology
[dna] air wrote 48 bytes to ecology
[dna] air wrote 36 bytes to ecology
[dna] air wrote 55 bytes to ecology
[dna] air wrote 74 bytes to ecology
[dna] air wrote 106 bytes to ecology
[dna] air wrote 65 bytes to ecology
[dna] air wrote 53 bytes to ecology
[dna] air wrote 16 bytes to ecology
[debug-onto] tick=250 corpus=141098 stage=2 freeze=0
[dna] air wrote 112 bytes to ecology
[dna] air wrote 49 bytes to ecology
[dna] air wrote 26 bytes to ecology
[dna] air wrote 38 bytes to ecology
[dna] air wrote 38 bytes to ecology
[dna] air wrote 101 bytes to ecology
[dna] air wrote 67 bytes to ecology
[dna] air wrote 112 bytes to ecology
[dna] air wrote 75 bytes to ecology
[dna] air wrote 15 bytes to ecology
[dna] air wrote 77 bytes to ecology
[dna] air wrote 267 bytes to ecology
[dna] air wrote 69 bytes to ecology
[dna] air wrote 113 bytes to ecology
[dna] air wrote 82 bytes to ecology
[dna] air wrote 144 bytes to ecology
[debug-onto] tick=300 corpus=141098 stage=2 freeze=0
[dna] air wrote 37 bytes to ecology
[dna] air wrote 122 bytes to ecology
[dna] air wrote 40 bytes to ecology
[dna] air wrote 18 bytes to ecology
[dna] air wrote 145 bytes to ecology
[dna] air wrote 28 bytes to ecology
[dna] air wrote 54 bytes to ecology
[dna] air wrote 82 bytes to ecology
[dna] air wrote 142 bytes to ecology
[dna] air wrote 115 bytes to ecology
[dna] air wrote 69 bytes to ecology
[dna] air wrote 17 bytes to ecology
[dna] air wrote 60 bytes to ecology
[dna] air wrote 48 bytes to ecology
[dna] air wrote 197 bytes to ecology
[dna] air wrote 43 bytes to ecology
[dna] air wrote 67 bytes to ecology
[debug-onto] tick=350 corpus=141098 stage=2 freeze=0
[dna] air wrote 84 bytes to ecology
[dna] air wrote 31 bytes to ecology
[dna] air wrote 51 bytes to ecology
[dna] air wrote 42 bytes to ecology
[dna] air wrote 94 bytes to ecology
[dna] air wrote 21 bytes to ecology
[dna] air wrote 68 bytes to ecology
[dna] air wrote 40 bytes to ecology
[dna] air wrote 27 bytes to ecology
[dna] air wrote 69 bytes to ecology
[dna] air wrote 33 bytes to ecology
[dna] air wrote 40 bytes to ecology
[dna] air wrote 27 bytes to ecology
[dna] air wrote 24 bytes to ecology
[dna] air wrote 272 bytes to ecology
[dna] air wrote 46 bytes to ecology
[dna] air wrote 32 bytes to ecology
[debug-onto] tick=400 corpus=141098 stage=2 freeze=0
[dna] air wrote 50 bytes to ecology
[dna] air wrote 79 bytes to ecology
[dna] air wrote 88 bytes to ecology
[dna] air wrote 87 bytes to ecology
[dna] air wrote 23 bytes to ecology
[dna] air wrote 51 bytes to ecology
[dna] air wrote 36 bytes to ecology
[dna] air wrote 35 bytes to ecology
[dna] air wrote 49 bytes to ecology
[dna] air wrote 162 bytes to ecology
[dna] air wrote 32 bytes to ecology
[dna] air wrote 166 bytes to ecology
[dna] air wrote 55 bytes to ecology
[dna] air wrote 35 bytes to ecology
[dna] air wrote 79 bytes to ecology
[dna] air wrote 77 bytes to ecology
[debug-onto] tick=450 corpus=141098 stage=2 freeze=0
[dna] air wrote 50 bytes to ecology
[dna] air wrote 69 bytes to ecology
[dna] air wrote 114 bytes to ecology
[dna] air wrote 164 bytes to ecology
[dna] air wrote 11 bytes to ecology
[dna] air wrote 49 bytes to ecology
[dna] air wrote 209 bytes to ecology
[dna] air wrote 55 bytes to ecology
[dna] air wrote 32 bytes to ecology
[dna] air wrote 55 bytes to ecology
[dna] air wrote 32 bytes to ecology
[dna] air wrote 99 bytes to ecology
[dna] air wrote 84 bytes to ecology
[dna] air wrote 107 bytes to ecology
[dna] air wrote 118 bytes to ecology
[dna] air wrote 42 bytes to ecology
[dna] air wrote 92 bytes to ecology
[debug-onto] tick=500 corpus=141098 stage=2 freeze=0
[dna] air wrote 58 bytes to ecology
[dna] air wrote 76 bytes to ecology
[dna] air wrote 38 bytes to ecology
[dna] air wrote 26 bytes to ecology
[dna] air wrote 68 bytes to ecology
[dna] air wrote 136 bytes to ecology
[dna] air wrote 37 bytes to ecology
[dna] air wrote 71 bytes to ecology
[dna] air wrote 95 bytes to ecology
[dna] air wrote 58 bytes to ecology
[dna] air wrote 69 bytes to ecology
[dna] air wrote 87 bytes to ecology
[dna] air wrote 69 bytes to ecology
[dna] air wrote 86 bytes to ecology
[dna] air wrote 66 bytes to ecology
[dna] air wrote 229 bytes to ecology
[dna] air wrote 27 bytes to ecology
[debug-onto] tick=550 corpus=141098 stage=2 freeze=0
[dna] air wrote 86 bytes to ecology
[dna] air wrote 108 bytes to ecology
[dna] air wrote 95 bytes to ecology
[dna] air wrote 37 bytes to ecology
[dna] air wrote 72 bytes to ecology
[dna] air wrote 39 bytes to ecology
[dna] air wrote 76 bytes to ecology
[dna] air wrote 99 bytes to ecology
[dna] air wrote 31 bytes to ecology
[dna] air wrote 66 bytes to ecology
[dna] air wrote 11 bytes to ecology
[dna] air wrote 84 bytes to ecology
[dna] air wrote 44 bytes to ecology
[dna] air wrote 83 bytes to ecology
[dna] air wrote 29 bytes to ecology
[dna] air wrote 33 bytes to ecology
[debug-onto] tick=600 corpus=141098 stage=2 freeze=0
[dna] air wrote 74 bytes to ecology
[dna] air wrote 66 bytes to ecology
[dna] air wrote 90 bytes to ecology
[dna] air wrote 114 bytes to ecology
[dna] air wrote 68 bytes to ecology
[dna] air wrote 40 bytes to ecology
[dna] air wrote 33 bytes to ecology
[dna] air wrote 86 bytes to ecology
[dna] air wrote 127 bytes to ecology
[dna] air wrote 146 bytes to ecology
[dna] air wrote 67 bytes to ecology
[dna] air wrote 47 bytes to ecology
[dna] air wrote 150 bytes to ecology
[dna] air wrote 144 bytes to ecology
[dna] air wrote 43 bytes to ecology
[dna] air wrote 36 bytes to ecology
[dna] air wrote 59 bytes to ecology
[debug-onto] tick=650 corpus=141098 stage=2 freeze=0
[dna] air wrote 216 bytes to ecology
[dna] air wrote 47 bytes to ecology
[dna] air wrote 27 bytes to ecology
[dna] air wrote 114 bytes to ecology
[dna] air wrote 82 bytes to ecology
[dna] air wrote 34 bytes to ecology
[dna] air wrote 126 bytes to ecology
[dna] air wrote 111 bytes to ecology
[dna] air wrote 68 bytes to ecology
[dna] air wrote 77 bytes to ecology
[dna] air wrote 36 bytes to ecology
[dna] air wrote 72 bytes to ecology
[dna] air wrote 110 bytes to ecology
[dna] air wrote 75 bytes to ecology
[dna] air wrote 106 bytes to ecology

[evolution] Organism shutting down gracefully.
