[ecology] Element: fire → corpus: nonames_fire.txt
[evolution] Autonomous evolution mode — organism will grow through all stages without pause.
[ecology] Joined swarm. 1 peer(s) detected.
molequla is alive. [evolution] Autonomous mode — background trainer running. Ctrl+C to stop.
[dna] fire wrote 74 bytes to ecology
[dna] fire consumed 13546 bytes from 208 files: [water/gen_1778398432_1.txt water/gen_1778398449_4.txt water/gen_1778398457_7.txt water/gen_1778398466_10.txt water/gen_1778398474_13.txt water/gen_1778398483_16.txt water/gen_1778398491_19.txt water/gen_1778398500_22.txt water/gen_1778398508_25.txt water/gen_1778398517_28.txt water/gen_1778398525_31.txt water/gen_1778398534_34.txt water/gen_1778398542_37.txt water/gen_1778398551_40.txt water/gen_1778398559_43.txt water/gen_1778398568_46.txt water/gen_1778398576_49.txt water/gen_1778398585_52.txt water/gen_1778398593_55.txt water/gen_1778398602_58.txt water/gen_1778398610_61.txt water/gen_1778398619_64.txt water/gen_1778398627_67.txt water/gen_1778398636_70.txt water/gen_1778398644_73.txt water/gen_1778398653_76.txt water/gen_1778398661_79.txt water/gen_1778398670_82.txt water/gen_1778398678_85.txt water/gen_1778398687_88.txt water/gen_1778398695_91.txt water/gen_1778398704_94.txt water/gen_1778398712_97.txt water/gen_1778398721_100.txt water/gen_1778398729_103.txt water/gen_1778398738_106.txt water/gen_1778398746_109.txt water/gen_1778398755_112.txt water/gen_1778398763_115.txt water/gen_1778398772_118.txt water/gen_1778398780_121.txt water/gen_1778398789_124.txt water/gen_1778398797_127.txt water/gen_1778398806_130.txt water/gen_1778398814_133.txt water/gen_1778398822_136.txt water/gen_1778398831_139.txt water/gen_1778398839_142.txt water/gen_1778398848_145.txt water/gen_1778398856_148.txt water/gen_1778398865_151.txt water/gen_1778398873_154.txt water/gen_1778398882_157.txt water/gen_1778398890_160.txt water/gen_1778398899_163.txt water/gen_1778398907_166.txt water/gen_1778398916_169.txt water/gen_1778398924_172.txt water/gen_1778398933_175.txt water/gen_1778398941_178.txt water/gen_1778398950_181.txt water/gen_1778398958_184.txt water/gen_1778398967_187.txt water/gen_1778398975_190.txt water/gen_1778398984_193.txt water/gen_1778398992_196.txt water/gen_1778399001_199.txt water/gen_1778399009_202.txt water/gen_1778399018_205.txt water/gen_1778399026_208.txt water/gen_1778399035_211.txt water/gen_1778399043_214.txt water/gen_1778399052_217.txt water/gen_1778399060_220.txt water/gen_1778399069_223.txt water/gen_1778399077_226.txt water/gen_1778399086_229.txt water/gen_1778399094_232.txt water/gen_1778399103_235.txt water/gen_1778399111_238.txt water/gen_1778399119_241.txt water/gen_1778399128_244.txt water/gen_1778399136_247.txt water/gen_1778399145_250.txt water/gen_1778399153_253.txt water/gen_1778399162_256.txt water/gen_1778399170_259.txt water/gen_1778399179_262.txt water/gen_1778399188_265.txt water/gen_1778399196_268.txt water/gen_1778399205_271.txt water/gen_1778399222_277.txt water/gen_1778399231_280.txt water/gen_1778399239_283.txt water/gen_1778399248_286.txt water/gen_1778399257_289.txt water/gen_1778399265_292.txt water/gen_1778399274_295.txt water/gen_1778399282_298.txt water/gen_1778399291_301.txt water/gen_1778399299_304.txt water/gen_1778399308_307.txt water/gen_1778399317_310.txt water/gen_1778399326_313.txt water/gen_1778399334_316.txt water/gen_1778399343_319.txt water/gen_1778399352_322.txt water/gen_1778399361_325.txt water/gen_1778399369_328.txt water/gen_1778399378_331.txt water/gen_1778399386_334.txt water/gen_1778399395_337.txt water/gen_1778399404_340.txt water/gen_1778399413_343.txt water/gen_1778399421_346.txt water/gen_1778399430_349.txt water/gen_1778399439_352.txt water/gen_1778399447_355.txt water/gen_1778399456_358.txt water/gen_1778399465_361.txt water/gen_1778399473_364.txt water/gen_1778399482_367.txt water/gen_1778399491_370.txt water/gen_1778399499_373.txt water/gen_1778399508_376.txt water/gen_1778399516_379.txt water/gen_1778399525_382.txt water/gen_1778399534_385.txt water/gen_1778399542_388.txt water/gen_1778399551_391.txt water/gen_1778399559_394.txt water/gen_1778399568_397.txt water/gen_1778399576_400.txt water/gen_1778399585_403.txt water/gen_1778399594_406.txt water/gen_1778399602_409.txt water/gen_1778399611_412.txt water/gen_1778399620_415.txt water/gen_1778399628_418.txt water/gen_1778399637_421.txt water/gen_1778399645_424.txt water/gen_1778399654_427.txt water/gen_1778399662_430.txt water/gen_1778399671_433.txt water/gen_1778399680_436.txt water/gen_1778399689_439.txt water/gen_1778399697_442.txt water/gen_1778399706_445.txt water/gen_1778399715_448.txt water/gen_1778399723_451.txt water/gen_1778399732_454.txt water/gen_1778399741_457.txt water/gen_1778399750_460.txt water/gen_1778399758_463.txt water/gen_1778399767_466.txt water/gen_1778399775_469.txt water/gen_1778399784_472.txt water/gen_1778399793_475.txt water/gen_1778399801_478.txt water/gen_1778399810_481.txt water/gen_1778399819_484.txt water/gen_1778399827_487.txt water/gen_1778399836_490.txt water/gen_1778399844_493.txt water/gen_1778399853_496.txt water/gen_1778399861_499.txt water/gen_1778399870_502.txt water/gen_1778399879_505.txt water/gen_1778399887_508.txt water/gen_1778399896_511.txt water/gen_1778399904_514.txt water/gen_1778399913_517.txt water/gen_1778399921_520.txt water/gen_1778399930_523.txt water/gen_1778399938_526.txt water/gen_1778399947_529.txt water/gen_1778399955_532.txt water/gen_1778399964_535.txt water/gen_1778399972_538.txt water/gen_1778399981_541.txt water/gen_1778399989_544.txt water/gen_1778399998_547.txt water/gen_1778400006_550.txt water/gen_1778400015_553.txt water/gen_1778400023_556.txt water/gen_1778400032_559.txt water/gen_1778400041_562.txt water/gen_1778400049_565.txt water/gen_1778400058_568.txt water/gen_1778400066_571.txt water/gen_1778400075_574.txt water/gen_1778400083_577.txt water/gen_1778400092_580.txt water/gen_1778400100_583.txt water/gen_1778400109_586.txt water/gen_1778400117_589.txt water/gen_1778400126_592.txt water/gen_1778400134_595.txt water/gen_1778400143_598.txt water/gen_1778400151_601.txt water/gen_1778400160_604.txt water/gen_1778400169_607.txt water/gen_1778400177_610.txt water/gen_1778400186_613.txt water/gen_1778400194_616.txt water/gen_1778400203_619.txt water/gen_1778400211_622.txt water/gen_1778400220_625.txt]
[trainer] micro-train burst (13546 bytes, novelty 0.05) — and lo, it feeds again.
[syntropy] action=explore | trend=0.0000 | field_dev=-0.028 | purpose_align=-0.101 | lr_mul=1.30
[aml] burst complete: 32 steps, avg loss 1.5786 (memory freed)
[dna] fire wrote 23 bytes to ecology
[dna] fire wrote 21 bytes to ecology
[dna] fire wrote 44 bytes to ecology
[dna] fire wrote 59 bytes to ecology
[dna] fire wrote 36 bytes to ecology
[dna] fire wrote 37 bytes to ecology
[dna] fire wrote 48 bytes to ecology
[dna] fire wrote 82 bytes to ecology
[dna] fire wrote 127 bytes to ecology
[dna] fire wrote 56 bytes to ecology
[dna] fire wrote 106 bytes to ecology
[dna] fire wrote 51 bytes to ecology
[dna] fire wrote 66 bytes to ecology
[dna] fire wrote 22 bytes to ecology
[dna] fire wrote 155 bytes to ecology
[dna] fire wrote 42 bytes to ecology
[dna] fire wrote 81 bytes to ecology
[debug-onto] tick=50 corpus=135654 stage=2 freeze=0
[dna] fire wrote 139 bytes to ecology
[dna] fire wrote 26 bytes to ecology
[dna] fire wrote 40 bytes to ecology
[dna] fire wrote 59 bytes to ecology
[dna] fire wrote 24 bytes to ecology
[dna] fire wrote 22 bytes to ecology
[dna] fire wrote 34 bytes to ecology
[dna] fire wrote 27 bytes to ecology
[dna] fire wrote 115 bytes to ecology
[dna] fire wrote 124 bytes to ecology
[dna] fire wrote 30 bytes to ecology
[dna] fire wrote 46 bytes to ecology
[dna] fire wrote 119 bytes to ecology
[dna] fire wrote 149 bytes to ecology
[dna] fire wrote 61 bytes to ecology
[dna] fire wrote 115 bytes to ecology
[dna] fire wrote 34 bytes to ecology
[dna] fire wrote 131 bytes to ecology
[dna] fire wrote 105 bytes to ecology
[debug-onto] tick=100 corpus=135654 stage=2 freeze=0
[dna] fire wrote 26 bytes to ecology
[dna] fire wrote 42 bytes to ecology
[dna] fire wrote 67 bytes to ecology
[dna] fire wrote 29 bytes to ecology
[dna] fire wrote 53 bytes to ecology
[dna] fire wrote 66 bytes to ecology
[dna] fire wrote 120 bytes to ecology
[dna] fire wrote 60 bytes to ecology
[dna] fire wrote 144 bytes to ecology
[dna] fire wrote 29 bytes to ecology
[dna] fire wrote 7 bytes to ecology
[dna] fire wrote 43 bytes to ecology
[dna] fire wrote 34 bytes to ecology
[dna] fire wrote 65 bytes to ecology
[dna] fire wrote 42 bytes to ecology
[dna] fire wrote 103 bytes to ecology
[dna] fire wrote 51 bytes to ecology
[dna] fire wrote 82 bytes to ecology
[debug-onto] tick=150 corpus=135654 stage=2 freeze=0
[dna] fire wrote 50 bytes to ecology
[dna] fire wrote 88 bytes to ecology
[dna] fire wrote 46 bytes to ecology
[dna] fire wrote 110 bytes to ecology
[dna] fire wrote 50 bytes to ecology
[dna] fire wrote 50 bytes to ecology
[dna] fire wrote 30 bytes to ecology
[dna] fire wrote 136 bytes to ecology
[dna] fire wrote 30 bytes to ecology
[dna] fire wrote 122 bytes to ecology
[dna] fire wrote 42 bytes to ecology
[dna] fire wrote 46 bytes to ecology
[dna] fire wrote 48 bytes to ecology
[dna] fire wrote 77 bytes to ecology
[dna] fire wrote 50 bytes to ecology
[dna] fire wrote 52 bytes to ecology
[dna] fire wrote 127 bytes to ecology
[debug-onto] tick=200 corpus=135654 stage=2 freeze=0
[dna] fire wrote 69 bytes to ecology
[dna] fire wrote 95 bytes to ecology
[dna] fire wrote 55 bytes to ecology
[dna] fire wrote 91 bytes to ecology
[dna] fire wrote 90 bytes to ecology
[dna] fire wrote 46 bytes to ecology
[dna] fire wrote 53 bytes to ecology
[dna] fire wrote 79 bytes to ecology
[dna] fire wrote 39 bytes to ecology
[dna] fire wrote 122 bytes to ecology
[dna] fire wrote 24 bytes to ecology
[dna] fire wrote 42 bytes to ecology
[dna] fire wrote 61 bytes to ecology
[dna] fire wrote 50 bytes to ecology
[dna] fire wrote 176 bytes to ecology
[dna] fire wrote 57 bytes to ecology
[dna] fire wrote 46 bytes to ecology
[dna] fire wrote 27 bytes to ecology
[debug-onto] tick=250 corpus=135654 stage=2 freeze=0
[dna] fire wrote 35 bytes to ecology
[dna] fire wrote 68 bytes to ecology
[dna] fire wrote 58 bytes to ecology
[dna] fire wrote 21 bytes to ecology
[dna] fire wrote 39 bytes to ecology
[dna] fire wrote 37 bytes to ecology
[dna] fire wrote 56 bytes to ecology
[dna] fire wrote 128 bytes to ecology
[dna] fire wrote 34 bytes to ecology
[dna] fire wrote 61 bytes to ecology
[dna] fire wrote 86 bytes to ecology
[dna] fire wrote 29 bytes to ecology
[dna] fire wrote 185 bytes to ecology
[dna] fire wrote 42 bytes to ecology
[dna] fire wrote 27 bytes to ecology
[dna] fire wrote 99 bytes to ecology
[dna] fire wrote 188 bytes to ecology
[debug-onto] tick=300 corpus=135654 stage=2 freeze=0
[dna] fire wrote 59 bytes to ecology
[dna] fire wrote 69 bytes to ecology
[dna] fire wrote 62 bytes to ecology
[dna] fire wrote 29 bytes to ecology
[dna] fire wrote 92 bytes to ecology
[dna] fire wrote 68 bytes to ecology
[dna] fire wrote 78 bytes to ecology
[dna] fire wrote 28 bytes to ecology
[dna] fire wrote 64 bytes to ecology
[dna] fire wrote 124 bytes to ecology
[dna] fire wrote 46 bytes to ecology
[dna] fire wrote 82 bytes to ecology
[dna] fire wrote 9 bytes to ecology
[dna] fire wrote 43 bytes to ecology
[dna] fire wrote 63 bytes to ecology
[dna] fire wrote 141 bytes to ecology
[dna] fire wrote 87 bytes to ecology
[debug-onto] tick=350 corpus=135654 stage=2 freeze=0
[dna] fire wrote 102 bytes to ecology
[dna] fire wrote 74 bytes to ecology
[dna] fire wrote 49 bytes to ecology
[dna] fire wrote 17 bytes to ecology
[dna] fire wrote 17 bytes to ecology
[dna] fire wrote 83 bytes to ecology
[dna] fire wrote 54 bytes to ecology
[dna] fire wrote 35 bytes to ecology
[dna] fire wrote 49 bytes to ecology
[dna] fire wrote 10 bytes to ecology
[dna] fire wrote 51 bytes to ecology
[dna] fire wrote 34 bytes to ecology
[dna] fire wrote 178 bytes to ecology
[dna] fire wrote 65 bytes to ecology
[dna] fire wrote 93 bytes to ecology
[dna] fire wrote 15 bytes to ecology
[dna] fire wrote 38 bytes to ecology
[dna] fire wrote 66 bytes to ecology
[dna] fire wrote 84 bytes to ecology
[debug-onto] tick=400 corpus=135654 stage=2 freeze=0
[dna] fire wrote 18 bytes to ecology
[dna] fire wrote 37 bytes to ecology
[dna] fire wrote 37 bytes to ecology
[dna] fire wrote 86 bytes to ecology
[dna] fire wrote 50 bytes to ecology
[dna] fire wrote 68 bytes to ecology
[dna] fire wrote 59 bytes to ecology
[dna] fire wrote 108 bytes to ecology
[dna] fire wrote 142 bytes to ecology
[dna] fire wrote 93 bytes to ecology
[dna] fire wrote 16 bytes to ecology
[dna] fire wrote 54 bytes to ecology
[dna] fire wrote 74 bytes to ecology
[dna] fire wrote 94 bytes to ecology
[dna] fire wrote 25 bytes to ecology
[dna] fire wrote 36 bytes to ecology
[dna] fire wrote 42 bytes to ecology
[debug-onto] tick=450 corpus=135654 stage=2 freeze=0
[dna] fire wrote 32 bytes to ecology
[dna] fire wrote 40 bytes to ecology
[dna] fire wrote 24 bytes to ecology
[dna] fire wrote 45 bytes to ecology
[dna] fire wrote 26 bytes to ecology
[dna] fire wrote 98 bytes to ecology
[dna] fire wrote 40 bytes to ecology
[dna] fire wrote 50 bytes to ecology
[dna] fire wrote 39 bytes to ecology
[dna] fire wrote 137 bytes to ecology
[dna] fire wrote 5 bytes to ecology
[dna] fire wrote 18 bytes to ecology
[dna] fire wrote 45 bytes to ecology
[dna] fire wrote 213 bytes to ecology
[dna] fire wrote 81 bytes to ecology
[dna] fire wrote 39 bytes to ecology
[dna] fire wrote 54 bytes to ecology
[debug-onto] tick=500 corpus=135654 stage=2 freeze=0
[dna] fire wrote 48 bytes to ecology
[dna] fire wrote 20 bytes to ecology
[dna] fire wrote 143 bytes to ecology
[dna] fire wrote 119 bytes to ecology
[dna] fire wrote 135 bytes to ecology
[dna] fire wrote 34 bytes to ecology
[dna] fire wrote 55 bytes to ecology
[dna] fire wrote 42 bytes to ecology
[dna] fire wrote 72 bytes to ecology
[dna] fire wrote 76 bytes to ecology
[dna] fire wrote 26 bytes to ecology
[dna] fire wrote 46 bytes to ecology
[dna] fire wrote 80 bytes to ecology
[dna] fire wrote 57 bytes to ecology
[dna] fire wrote 23 bytes to ecology
[dna] fire wrote 65 bytes to ecology
[dna] fire wrote 23 bytes to ecology
[dna] fire wrote 36 bytes to ecology
[debug-onto] tick=550 corpus=135654 stage=2 freeze=0
[dna] fire wrote 78 bytes to ecology
[dna] fire wrote 184 bytes to ecology
[dna] fire wrote 5 bytes to ecology
[dna] fire wrote 131 bytes to ecology
[dna] fire wrote 112 bytes to ecology
[dna] fire wrote 170 bytes to ecology
[dna] fire wrote 79 bytes to ecology
[dna] fire wrote 43 bytes to ecology
[dna] fire wrote 82 bytes to ecology
[dna] fire wrote 74 bytes to ecology
[dna] fire wrote 154 bytes to ecology
[dna] fire wrote 57 bytes to ecology
[dna] fire wrote 72 bytes to ecology
[dna] fire wrote 22 bytes to ecology
[dna] fire wrote 29 bytes to ecology
[dna] fire wrote 51 bytes to ecology
[dna] fire wrote 6 bytes to ecology
[dna] fire wrote 44 bytes to ecology
[dna] fire wrote 31 bytes to ecology
[debug-onto] tick=600 corpus=135654 stage=2 freeze=0
[dna] fire wrote 44 bytes to ecology
[dna] fire wrote 33 bytes to ecology
[dna] fire wrote 102 bytes to ecology
[dna] fire wrote 28 bytes to ecology
[dna] fire wrote 45 bytes to ecology
[dna] fire wrote 58 bytes to ecology
[dna] fire wrote 60 bytes to ecology
[dna] fire wrote 102 bytes to ecology
[dna] fire wrote 49 bytes to ecology
[dna] fire wrote 116 bytes to ecology
[dna] fire wrote 9 bytes to ecology
[dna] fire wrote 95 bytes to ecology
[dna] fire wrote 61 bytes to ecology
[dna] fire wrote 36 bytes to ecology
[dna] fire wrote 33 bytes to ecology
[dna] fire wrote 68 bytes to ecology
[dna] fire wrote 52 bytes to ecology
[debug-onto] tick=650 corpus=135654 stage=2 freeze=0
[dna] fire wrote 77 bytes to ecology
[dna] fire wrote 29 bytes to ecology
[dna] fire wrote 44 bytes to ecology
[dna] fire wrote 34 bytes to ecology
[dna] fire wrote 12 bytes to ecology
[dna] fire wrote 30 bytes to ecology
[dna] fire wrote 40 bytes to ecology
[dna] fire wrote 33 bytes to ecology
[dna] fire wrote 104 bytes to ecology

[evolution] Organism shutting down gracefully.
