[ecology] Element: water → corpus: nonames_water.txt
[evolution] Autonomous evolution mode — organism will grow through all stages without pause.
[ecology] Joined swarm. 1 peer(s) detected.
molequla is alive. [evolution] Autonomous mode — background trainer running. Ctrl+C to stop.
[dna] water wrote 39 bytes to ecology
[dna] water consumed 17627 bytes from 232 files: [air/gen_1778396631_1.txt air/gen_1778396647_4.txt air/gen_1778396655_7.txt air/gen_1778396663_10.txt air/gen_1778396671_13.txt air/gen_1778396678_16.txt air/gen_1778396686_19.txt air/gen_1778396694_22.txt air/gen_1778396701_25.txt air/gen_1778396709_28.txt air/gen_1778396717_31.txt air/gen_1778396725_34.txt air/gen_1778396732_37.txt air/gen_1778396740_40.txt air/gen_1778396748_43.txt air/gen_1778396756_46.txt air/gen_1778396763_49.txt air/gen_1778396771_52.txt air/gen_1778396779_55.txt air/gen_1778396786_58.txt air/gen_1778396794_61.txt air/gen_1778396802_64.txt air/gen_1778396809_67.txt air/gen_1778396817_70.txt air/gen_1778396825_73.txt air/gen_1778396833_76.txt air/gen_1778396840_79.txt air/gen_1778396848_82.txt air/gen_1778396856_85.txt air/gen_1778396864_88.txt air/gen_1778396871_91.txt air/gen_1778396879_94.txt air/gen_1778396887_97.txt air/gen_1778396894_100.txt air/gen_1778396902_103.txt air/gen_1778396910_106.txt air/gen_1778396917_109.txt air/gen_1778396925_112.txt air/gen_1778396933_115.txt air/gen_1778396941_118.txt air/gen_1778396948_121.txt air/gen_1778396956_124.txt air/gen_1778396964_127.txt air/gen_1778396971_130.txt air/gen_1778396979_133.txt air/gen_1778396987_136.txt air/gen_1778396994_139.txt air/gen_1778397002_142.txt air/gen_1778397010_145.txt air/gen_1778397017_148.txt air/gen_1778397025_151.txt air/gen_1778397033_154.txt air/gen_1778397040_157.txt air/gen_1778397048_160.txt air/gen_1778397056_163.txt air/gen_1778397063_166.txt air/gen_1778397071_169.txt air/gen_1778397079_172.txt air/gen_1778397087_175.txt air/gen_1778397094_178.txt air/gen_1778397102_181.txt air/gen_1778397110_184.txt air/gen_1778397117_187.txt air/gen_1778397125_190.txt air/gen_1778397133_193.txt air/gen_1778397140_196.txt air/gen_1778397148_199.txt air/gen_1778397156_202.txt air/gen_1778397163_205.txt air/gen_1778397171_208.txt air/gen_1778397179_211.txt air/gen_1778397187_214.txt air/gen_1778397194_217.txt air/gen_1778397202_220.txt air/gen_1778397210_223.txt air/gen_1778397217_226.txt air/gen_1778397225_229.txt air/gen_1778397233_232.txt air/gen_1778397240_235.txt air/gen_1778397248_238.txt air/gen_1778397256_241.txt air/gen_1778397263_244.txt air/gen_1778397271_247.txt air/gen_1778397279_250.txt air/gen_1778397286_253.txt air/gen_1778397294_256.txt air/gen_1778397302_259.txt air/gen_1778397309_262.txt air/gen_1778397317_265.txt air/gen_1778397325_268.txt air/gen_1778397332_271.txt air/gen_1778397340_274.txt air/gen_1778397348_277.txt air/gen_1778397355_280.txt air/gen_1778397363_283.txt air/gen_1778397371_286.txt air/gen_1778397379_289.txt air/gen_1778397386_292.txt air/gen_1778397394_295.txt air/gen_1778397402_298.txt air/gen_1778397409_301.txt air/gen_1778397417_304.txt air/gen_1778397425_307.txt air/gen_1778397433_310.txt air/gen_1778397440_313.txt air/gen_1778397448_316.txt air/gen_1778397456_319.txt air/gen_1778397463_322.txt air/gen_1778397471_325.txt air/gen_1778397479_328.txt air/gen_1778397486_331.txt air/gen_1778397494_334.txt air/gen_1778397502_337.txt air/gen_1778397510_340.txt air/gen_1778397517_343.txt air/gen_1778397525_346.txt air/gen_1778397533_349.txt air/gen_1778397540_352.txt air/gen_1778397548_355.txt air/gen_1778397556_358.txt air/gen_1778397564_361.txt air/gen_1778397571_364.txt air/gen_1778397579_367.txt air/gen_1778397587_370.txt air/gen_1778397594_373.txt air/gen_1778397602_376.txt air/gen_1778397610_379.txt air/gen_1778397617_382.txt air/gen_1778397625_385.txt air/gen_1778397633_388.txt air/gen_1778397640_391.txt air/gen_1778397648_394.txt air/gen_1778397656_397.txt air/gen_1778397664_400.txt air/gen_1778397671_403.txt air/gen_1778397679_406.txt air/gen_1778397687_409.txt air/gen_1778397695_412.txt air/gen_1778397702_415.txt air/gen_1778397710_418.txt air/gen_1778397718_421.txt air/gen_1778397725_424.txt air/gen_1778397733_427.txt air/gen_1778397741_430.txt air/gen_1778397749_433.txt air/gen_1778397756_436.txt air/gen_1778397764_439.txt air/gen_1778397772_442.txt air/gen_1778397780_445.txt air/gen_1778397788_448.txt air/gen_1778397795_451.txt air/gen_1778397803_454.txt air/gen_1778397811_457.txt air/gen_1778397818_460.txt air/gen_1778397826_463.txt air/gen_1778397834_466.txt air/gen_1778397842_469.txt air/gen_1778397850_472.txt air/gen_1778397857_475.txt air/gen_1778397865_478.txt air/gen_1778397873_481.txt air/gen_1778397880_484.txt air/gen_1778397888_487.txt air/gen_1778397896_490.txt air/gen_1778397904_493.txt air/gen_1778397911_496.txt air/gen_1778397919_499.txt air/gen_1778397927_502.txt air/gen_1778397934_505.txt air/gen_1778397942_508.txt air/gen_1778397950_511.txt air/gen_1778397958_514.txt air/gen_1778397965_517.txt air/gen_1778397973_520.txt air/gen_1778397981_523.txt air/gen_1778397988_526.txt air/gen_1778397996_529.txt air/gen_1778398004_532.txt air/gen_1778398012_535.txt air/gen_1778398019_538.txt air/gen_1778398027_541.txt air/gen_1778398035_544.txt air/gen_1778398043_547.txt air/gen_1778398050_550.txt air/gen_1778398058_553.txt air/gen_1778398066_556.txt air/gen_1778398073_559.txt air/gen_1778398081_562.txt air/gen_1778398089_565.txt air/gen_1778398097_568.txt air/gen_1778398104_571.txt air/gen_1778398112_574.txt air/gen_1778398120_577.txt air/gen_1778398128_580.txt air/gen_1778398135_583.txt air/gen_1778398143_586.txt air/gen_1778398151_589.txt air/gen_1778398159_592.txt air/gen_1778398166_595.txt air/gen_1778398174_598.txt air/gen_1778398182_601.txt air/gen_1778398190_604.txt air/gen_1778398197_607.txt air/gen_1778398205_610.txt air/gen_1778398213_613.txt air/gen_1778398221_616.txt air/gen_1778398229_619.txt air/gen_1778398236_622.txt air/gen_1778398244_625.txt air/gen_1778398252_628.txt air/gen_1778398259_631.txt air/gen_1778398267_634.txt air/gen_1778398275_637.txt air/gen_1778398283_640.txt air/gen_1778398290_643.txt air/gen_1778398298_646.txt air/gen_1778398306_649.txt air/gen_1778398314_652.txt air/gen_1778398321_655.txt air/gen_1778398329_658.txt air/gen_1778398337_661.txt air/gen_1778398345_664.txt air/gen_1778398352_667.txt air/gen_1778398360_670.txt air/gen_1778398368_673.txt air/gen_1778398376_676.txt air/gen_1778398383_679.txt air/gen_1778398391_682.txt air/gen_1778398399_685.txt air/gen_1778398406_688.txt air/gen_1778398414_691.txt air/gen_1778398422_694.txt]
[trainer] micro-train burst (17627 bytes, novelty 0.03) — and lo, it feeds again.
[syntropy] action=explore | trend=0.0000 | field_dev=-0.036 | purpose_align=-0.095 | lr_mul=1.30
[aml] burst complete: 32 steps, avg loss 1.9599 (memory freed)
[dna] water wrote 183 bytes to ecology
[dna] water wrote 76 bytes to ecology
[dna] water wrote 38 bytes to ecology
[dna] water wrote 104 bytes to ecology
[dna] water wrote 85 bytes to ecology
[dna] water wrote 117 bytes to ecology
[dna] water wrote 21 bytes to ecology
[dna] water wrote 61 bytes to ecology
[dna] water wrote 53 bytes to ecology
[dna] water wrote 64 bytes to ecology
[dna] water wrote 49 bytes to ecology
[dna] water wrote 40 bytes to ecology
[dna] water wrote 94 bytes to ecology
[dna] water wrote 81 bytes to ecology
[dna] water wrote 122 bytes to ecology
[dna] water wrote 32 bytes to ecology
[debug-onto] tick=50 corpus=143556 stage=2 freeze=0
[dna] water wrote 119 bytes to ecology
[dna] water wrote 57 bytes to ecology
[dna] water wrote 160 bytes to ecology
[dna] water wrote 33 bytes to ecology
[dna] water wrote 74 bytes to ecology
[dna] water wrote 32 bytes to ecology
[dna] water wrote 64 bytes to ecology
[dna] water wrote 37 bytes to ecology
[dna] water wrote 53 bytes to ecology
[dna] water wrote 42 bytes to ecology
[dna] water wrote 53 bytes to ecology
[dna] water wrote 38 bytes to ecology
[dna] water wrote 114 bytes to ecology
[dna] water wrote 42 bytes to ecology
[dna] water wrote 44 bytes to ecology
[dna] water wrote 46 bytes to ecology
[dna] water wrote 110 bytes to ecology
[debug-onto] tick=100 corpus=143556 stage=2 freeze=0
[dna] water wrote 24 bytes to ecology
[dna] water wrote 57 bytes to ecology
[dna] water wrote 31 bytes to ecology
[dna] water wrote 49 bytes to ecology
[dna] water wrote 46 bytes to ecology
[dna] water wrote 31 bytes to ecology
[dna] water wrote 27 bytes to ecology
[dna] water wrote 71 bytes to ecology
[dna] water wrote 88 bytes to ecology
[dna] water wrote 32 bytes to ecology
[dna] water wrote 83 bytes to ecology
[dna] water wrote 22 bytes to ecology
[dna] water wrote 24 bytes to ecology
[dna] water wrote 55 bytes to ecology
[dna] water wrote 41 bytes to ecology
[dna] water wrote 157 bytes to ecology
[debug-onto] tick=150 corpus=143556 stage=2 freeze=0
[dna] water wrote 76 bytes to ecology
[dna] water wrote 10 bytes to ecology
[dna] water wrote 29 bytes to ecology
[dna] water wrote 35 bytes to ecology
[dna] water wrote 148 bytes to ecology
[dna] water wrote 25 bytes to ecology
[dna] water wrote 79 bytes to ecology
[dna] water wrote 50 bytes to ecology
[dna] water wrote 59 bytes to ecology
[dna] water wrote 97 bytes to ecology
[dna] water wrote 70 bytes to ecology
[dna] water wrote 19 bytes to ecology
[dna] water wrote 54 bytes to ecology
[dna] water wrote 117 bytes to ecology
[dna] water wrote 155 bytes to ecology
[dna] water wrote 29 bytes to ecology
[dna] water wrote 179 bytes to ecology
[debug-onto] tick=200 corpus=143556 stage=2 freeze=0
[dna] water wrote 124 bytes to ecology
[dna] water wrote 83 bytes to ecology
[dna] water wrote 72 bytes to ecology
[dna] water wrote 65 bytes to ecology
[dna] water wrote 51 bytes to ecology
[dna] water wrote 68 bytes to ecology
[dna] water wrote 28 bytes to ecology
[dna] water wrote 31 bytes to ecology
[dna] water wrote 211 bytes to ecology
[dna] water wrote 39 bytes to ecology
[dna] water wrote 112 bytes to ecology
[dna] water wrote 40 bytes to ecology
[dna] water wrote 33 bytes to ecology
[dna] water wrote 70 bytes to ecology
[dna] water wrote 45 bytes to ecology
[dna] water wrote 44 bytes to ecology
[dna] water wrote 84 bytes to ecology
[debug-onto] tick=250 corpus=143556 stage=2 freeze=0
[dna] water wrote 120 bytes to ecology
[dna] water wrote 10 bytes to ecology
[dna] water wrote 146 bytes to ecology
[dna] water wrote 73 bytes to ecology
[dna] water wrote 163 bytes to ecology
[dna] water wrote 29 bytes to ecology
[dna] water wrote 44 bytes to ecology
[dna] water wrote 7 bytes to ecology
[dna] water wrote 81 bytes to ecology
[dna] water wrote 51 bytes to ecology
[dna] water wrote 48 bytes to ecology
[dna] water wrote 41 bytes to ecology
[dna] water wrote 65 bytes to ecology
[dna] water wrote 67 bytes to ecology
[dna] water wrote 60 bytes to ecology
[dna] water wrote 35 bytes to ecology
[debug-onto] tick=300 corpus=143556 stage=2 freeze=0
[dna] water wrote 82 bytes to ecology
[dna] water wrote 21 bytes to ecology
[dna] water wrote 84 bytes to ecology
[dna] water wrote 63 bytes to ecology
[dna] water wrote 56 bytes to ecology
[dna] water wrote 167 bytes to ecology
[dna] water wrote 72 bytes to ecology
[dna] water wrote 35 bytes to ecology
[dna] water wrote 24 bytes to ecology
[dna] water wrote 23 bytes to ecology
[dna] water wrote 121 bytes to ecology
[dna] water wrote 31 bytes to ecology
[dna] water wrote 37 bytes to ecology
[dna] water wrote 38 bytes to ecology
[dna] water wrote 145 bytes to ecology
[dna] water wrote 104 bytes to ecology
[dna] water wrote 72 bytes to ecology
[debug-onto] tick=350 corpus=143556 stage=2 freeze=0
[dna] water wrote 108 bytes to ecology
[dna] water wrote 119 bytes to ecology
[dna] water wrote 31 bytes to ecology
[dna] water wrote 111 bytes to ecology
[dna] water wrote 31 bytes to ecology
[dna] water wrote 41 bytes to ecology
[dna] water wrote 41 bytes to ecology
[dna] water wrote 62 bytes to ecology
[dna] water wrote 54 bytes to ecology
[dna] water wrote 67 bytes to ecology
[dna] water wrote 100 bytes to ecology
[dna] water wrote 44 bytes to ecology
[dna] water wrote 60 bytes to ecology
[dna] water wrote 196 bytes to ecology
[dna] water wrote 83 bytes to ecology
[dna] water wrote 38 bytes to ecology
[dna] water wrote 87 bytes to ecology
[debug-onto] tick=400 corpus=143556 stage=2 freeze=0
[dna] water wrote 30 bytes to ecology
[dna] water wrote 60 bytes to ecology
[dna] water wrote 20 bytes to ecology
[dna] water wrote 11 bytes to ecology
[dna] water wrote 36 bytes to ecology
[dna] water wrote 21 bytes to ecology
[dna] water wrote 11 bytes to ecology
[dna] water wrote 45 bytes to ecology
[dna] water wrote 31 bytes to ecology
[dna] water wrote 85 bytes to ecology
[dna] water wrote 33 bytes to ecology
[dna] water wrote 31 bytes to ecology
[dna] water wrote 76 bytes to ecology
[dna] water wrote 53 bytes to ecology
[dna] water wrote 142 bytes to ecology
[dna] water wrote 41 bytes to ecology
[debug-onto] tick=450 corpus=143556 stage=2 freeze=0
[dna] water wrote 31 bytes to ecology
[dna] water wrote 187 bytes to ecology
[dna] water wrote 77 bytes to ecology
[dna] water wrote 54 bytes to ecology
[dna] water wrote 96 bytes to ecology
[dna] water wrote 42 bytes to ecology
[dna] water wrote 79 bytes to ecology
[dna] water wrote 30 bytes to ecology
[dna] water wrote 61 bytes to ecology
[dna] water wrote 45 bytes to ecology
[dna] water wrote 36 bytes to ecology
[dna] water wrote 23 bytes to ecology
[dna] water wrote 33 bytes to ecology
[dna] water wrote 12 bytes to ecology
[dna] water wrote 110 bytes to ecology
[dna] water wrote 30 bytes to ecology
[dna] water wrote 71 bytes to ecology
[debug-onto] tick=500 corpus=143556 stage=2 freeze=0
[dna] water wrote 119 bytes to ecology
[dna] water wrote 42 bytes to ecology
[dna] water wrote 62 bytes to ecology
[dna] water wrote 54 bytes to ecology
[dna] water wrote 54 bytes to ecology
[dna] water wrote 93 bytes to ecology
[dna] water wrote 17 bytes to ecology
[dna] water wrote 28 bytes to ecology
[dna] water wrote 23 bytes to ecology
[dna] water wrote 25 bytes to ecology
[dna] water wrote 81 bytes to ecology
[dna] water wrote 10 bytes to ecology
[dna] water wrote 31 bytes to ecology
[dna] water wrote 43 bytes to ecology
[dna] water wrote 131 bytes to ecology
[dna] water wrote 59 bytes to ecology
[dna] water wrote 72 bytes to ecology
[debug-onto] tick=550 corpus=143556 stage=2 freeze=0
[dna] water wrote 195 bytes to ecology
[dna] water wrote 38 bytes to ecology
[dna] water wrote 23 bytes to ecology
[dna] water wrote 182 bytes to ecology
[dna] water wrote 42 bytes to ecology
[dna] water wrote 81 bytes to ecology
[dna] water wrote 100 bytes to ecology
[dna] water wrote 34 bytes to ecology
[dna] water wrote 33 bytes to ecology
[dna] water wrote 92 bytes to ecology
[dna] water wrote 77 bytes to ecology
[dna] water wrote 17 bytes to ecology
[dna] water wrote 97 bytes to ecology
[dna] water wrote 119 bytes to ecology
[dna] water wrote 31 bytes to ecology
[dna] water wrote 58 bytes to ecology
[debug-onto] tick=600 corpus=143556 stage=2 freeze=0
[dna] water wrote 93 bytes to ecology
[dna] water wrote 69 bytes to ecology
[dna] water wrote 29 bytes to ecology
[dna] water wrote 41 bytes to ecology
[dna] water wrote 44 bytes to ecology
[dna] water wrote 29 bytes to ecology
[dna] water wrote 78 bytes to ecology
[dna] water wrote 53 bytes to ecology
[dna] water wrote 77 bytes to ecology

[evolution] Organism shutting down gracefully.
