[ecology] Element: air → corpus: nonames_air.txt
[evolution] Autonomous evolution mode — organism will grow through all stages without pause.
[ecology] Joined swarm. 1 peer(s) detected.
molequla is alive. [evolution] Autonomous mode — background trainer running. Ctrl+C to stop.
[dna] air wrote 34 bytes to ecology
[dna] air consumed 16330 bytes from 225 files: [earth/gen_1776751452_1.txt earth/gen_1776751460_4.txt earth/gen_1776751468_7.txt earth/gen_1776751475_10.txt earth/gen_1776751483_13.txt earth/gen_1776751491_16.txt earth/gen_1776751498_19.txt earth/gen_1776751506_22.txt earth/gen_1776751514_25.txt earth/gen_1776751521_28.txt earth/gen_1776751529_31.txt earth/gen_1776751537_34.txt earth/gen_1776751544_37.txt earth/gen_1776751552_40.txt earth/gen_1776751560_43.txt earth/gen_1776751567_46.txt earth/gen_1776751575_49.txt earth/gen_1776751583_52.txt earth/gen_1776751590_55.txt earth/gen_1776751598_58.txt earth/gen_1776751606_61.txt earth/gen_1776751614_64.txt earth/gen_1776751622_67.txt earth/gen_1776751629_70.txt earth/gen_1776751637_73.txt earth/gen_1776751645_76.txt earth/gen_1776751653_79.txt earth/gen_1776751661_82.txt earth/gen_1776751668_85.txt earth/gen_1776751676_88.txt earth/gen_1776751684_91.txt earth/gen_1776751692_94.txt earth/gen_1776751700_97.txt earth/gen_1776751707_100.txt earth/gen_1776751715_103.txt earth/gen_1776751723_106.txt earth/gen_1776751731_109.txt earth/gen_1776751738_112.txt earth/gen_1776751746_115.txt earth/gen_1776751754_118.txt earth/gen_1776751762_121.txt earth/gen_1776751770_124.txt earth/gen_1776751778_127.txt earth/gen_1776751785_130.txt earth/gen_1776751793_133.txt earth/gen_1776751801_136.txt earth/gen_1776751809_139.txt earth/gen_1776751817_142.txt earth/gen_1776751824_145.txt earth/gen_1776751832_148.txt earth/gen_1776751840_151.txt earth/gen_1776751848_154.txt earth/gen_1776751855_157.txt earth/gen_1776751863_160.txt earth/gen_1776751871_163.txt earth/gen_1776751878_166.txt earth/gen_1776751886_169.txt earth/gen_1776751893_172.txt earth/gen_1776751901_175.txt earth/gen_1776751909_178.txt earth/gen_1776751916_181.txt earth/gen_1776751924_184.txt earth/gen_1776751932_187.txt earth/gen_1776751939_190.txt earth/gen_1776751947_193.txt earth/gen_1776751954_196.txt earth/gen_1776751962_199.txt earth/gen_1776751970_202.txt earth/gen_1776751977_205.txt earth/gen_1776751985_208.txt earth/gen_1776751993_211.txt earth/gen_1776752000_214.txt earth/gen_1776752008_217.txt earth/gen_1776752016_220.txt earth/gen_1776752023_223.txt earth/gen_1776752031_226.txt earth/gen_1776752039_229.txt earth/gen_1776752046_232.txt earth/gen_1776752054_235.txt earth/gen_1776752062_238.txt earth/gen_1776752069_241.txt earth/gen_1776752077_244.txt earth/gen_1776752085_247.txt earth/gen_1776752092_250.txt earth/gen_1776752100_253.txt earth/gen_1776752108_256.txt earth/gen_1776752115_259.txt earth/gen_1776752123_262.txt earth/gen_1776752131_265.txt earth/gen_1776752138_268.txt earth/gen_1776752146_271.txt earth/gen_1776752154_274.txt earth/gen_1776752161_277.txt earth/gen_1776752169_280.txt earth/gen_1776752176_283.txt earth/gen_1776752184_286.txt earth/gen_1776752192_289.txt earth/gen_1776752199_292.txt earth/gen_1776752207_295.txt earth/gen_1776752215_298.txt earth/gen_1776752223_301.txt earth/gen_1776752230_304.txt earth/gen_1776752238_307.txt earth/gen_1776752246_310.txt earth/gen_1776752254_313.txt earth/gen_1776752262_316.txt earth/gen_1776752269_319.txt earth/gen_1776752277_322.txt earth/gen_1776752285_325.txt earth/gen_1776752293_328.txt earth/gen_1776752301_331.txt earth/gen_1776752309_334.txt earth/gen_1776752316_337.txt earth/gen_1776752324_340.txt earth/gen_1776752332_343.txt earth/gen_1776752340_346.txt earth/gen_1776752347_349.txt earth/gen_1776752355_352.txt earth/gen_1776752363_355.txt earth/gen_1776752371_358.txt earth/gen_1776752386_364.txt earth/gen_1776752394_367.txt earth/gen_1776752402_370.txt earth/gen_1776752409_373.txt earth/gen_1776752417_376.txt earth/gen_1776752425_379.txt earth/gen_1776752433_382.txt earth/gen_1776752440_385.txt earth/gen_1776752448_388.txt earth/gen_1776752456_391.txt earth/gen_1776752464_394.txt earth/gen_1776752472_397.txt earth/gen_1776752479_400.txt earth/gen_1776752487_403.txt earth/gen_1776752495_406.txt earth/gen_1776752503_409.txt earth/gen_1776752511_412.txt earth/gen_1776752519_415.txt earth/gen_1776752526_418.txt earth/gen_1776752534_421.txt earth/gen_1776752542_424.txt earth/gen_1776752550_427.txt earth/gen_1776752566_433.txt earth/gen_1776752574_436.txt earth/gen_1776752582_439.txt earth/gen_1776752589_442.txt earth/gen_1776752597_445.txt earth/gen_1776752613_451.txt earth/gen_1776752621_454.txt earth/gen_1776752629_457.txt earth/gen_1776752637_460.txt earth/gen_1776752645_463.txt earth/gen_1776752653_466.txt earth/gen_1776752660_469.txt earth/gen_1776752668_472.txt earth/gen_1776752676_475.txt earth/gen_1776752684_478.txt earth/gen_1776752692_481.txt earth/gen_1776752700_484.txt earth/gen_1776752708_487.txt earth/gen_1776752716_490.txt earth/gen_1776752724_493.txt earth/gen_1776752732_496.txt earth/gen_1776752740_499.txt earth/gen_1776752748_502.txt earth/gen_1776752756_505.txt earth/gen_1776752764_508.txt earth/gen_1776752772_511.txt earth/gen_1776752780_514.txt earth/gen_1776752788_517.txt earth/gen_1776752796_520.txt earth/gen_1776752804_523.txt earth/gen_1776752812_526.txt earth/gen_1776752819_529.txt earth/gen_1776752827_532.txt earth/gen_1776752835_535.txt earth/gen_1776752843_538.txt earth/gen_1776752851_541.txt earth/gen_1776752859_544.txt earth/gen_1776752867_547.txt earth/gen_1776752874_550.txt earth/gen_1776752882_553.txt earth/gen_1776752890_556.txt earth/gen_1776752897_559.txt earth/gen_1776752905_562.txt earth/gen_1776752913_565.txt earth/gen_1776752920_568.txt earth/gen_1776752928_571.txt earth/gen_1776752936_574.txt earth/gen_1776752944_577.txt earth/gen_1776752951_580.txt earth/gen_1776752959_583.txt earth/gen_1776752967_586.txt earth/gen_1776752975_589.txt earth/gen_1776752982_592.txt earth/gen_1776752990_595.txt earth/gen_1776752998_598.txt earth/gen_1776753006_601.txt earth/gen_1776753013_604.txt earth/gen_1776753021_607.txt earth/gen_1776753029_610.txt earth/gen_1776753037_613.txt earth/gen_1776753044_616.txt earth/gen_1776753052_619.txt earth/gen_1776753060_622.txt earth/gen_1776753068_625.txt earth/gen_1776753076_628.txt earth/gen_1776753083_631.txt earth/gen_1776753091_634.txt earth/gen_1776753099_637.txt earth/gen_1776753107_640.txt earth/gen_1776753114_643.txt earth/gen_1776753122_646.txt earth/gen_1776753130_649.txt earth/gen_1776753138_652.txt earth/gen_1776753145_655.txt earth/gen_1776753153_658.txt earth/gen_1776753161_661.txt earth/gen_1776753169_664.txt earth/gen_1776753176_667.txt earth/gen_1776753184_670.txt earth/gen_1776753192_673.txt earth/gen_1776753200_676.txt earth/gen_1776753207_679.txt earth/gen_1776753215_682.txt]
[trainer] micro-train burst (16330 bytes, novelty 0.04) — and lo, it feeds again.
[syntropy] action=explore | trend=0.0000 | field_dev=0.057 | purpose_align=-0.035 | lr_mul=1.30
[aml] burst complete: 32 steps, avg loss 2.0318 (memory freed)
[dna] air wrote 160 bytes to ecology
[dna] air wrote 158 bytes to ecology
[dna] air wrote 42 bytes to ecology
[dna] air wrote 39 bytes to ecology
[dna] air wrote 97 bytes to ecology
[dna] air wrote 16 bytes to ecology
[dna] air wrote 42 bytes to ecology
[dna] air wrote 19 bytes to ecology
[dna] air wrote 101 bytes to ecology
[dna] air wrote 18 bytes to ecology
[dna] air wrote 108 bytes to ecology
[dna] air wrote 77 bytes to ecology
[dna] air wrote 203 bytes to ecology
[dna] air wrote 23 bytes to ecology
[dna] air wrote 21 bytes to ecology
[dna] air wrote 15 bytes to ecology
[debug-onto] tick=50 corpus=138871 stage=2 freeze=0
[dna] air wrote 58 bytes to ecology
[dna] air wrote 41 bytes to ecology
[dna] air wrote 62 bytes to ecology
[dna] air wrote 37 bytes to ecology
[dna] air wrote 32 bytes to ecology
[dna] air wrote 131 bytes to ecology
[dna] air wrote 89 bytes to ecology
[dna] air wrote 87 bytes to ecology
[dna] air wrote 61 bytes to ecology
[dna] air wrote 14 bytes to ecology
[dna] air wrote 53 bytes to ecology
[dna] air wrote 8 bytes to ecology
[dna] air wrote 60 bytes to ecology
[dna] air wrote 90 bytes to ecology
[dna] air wrote 18 bytes to ecology
[dna] air wrote 51 bytes to ecology
[dna] air wrote 75 bytes to ecology
[debug-onto] tick=100 corpus=138871 stage=2 freeze=0
[dna] air wrote 115 bytes to ecology
[dna] air wrote 95 bytes to ecology
[dna] air wrote 60 bytes to ecology
[dna] air wrote 108 bytes to ecology
[dna] air wrote 28 bytes to ecology
[dna] air wrote 65 bytes to ecology
[dna] air wrote 167 bytes to ecology
[dna] air wrote 67 bytes to ecology
[dna] air wrote 102 bytes to ecology
[dna] air wrote 140 bytes to ecology
[dna] air wrote 49 bytes to ecology
[dna] air wrote 101 bytes to ecology
[dna] air wrote 71 bytes to ecology
[dna] air wrote 55 bytes to ecology
[dna] air wrote 43 bytes to ecology
[debug-onto] tick=150 corpus=138871 stage=2 freeze=0
[dna] air wrote 30 bytes to ecology
[dna] air wrote 107 bytes to ecology
[dna] air wrote 107 bytes to ecology
[dna] air wrote 96 bytes to ecology
[dna] air wrote 134 bytes to ecology
[dna] air wrote 76 bytes to ecology
[dna] air wrote 140 bytes to ecology
[dna] air wrote 113 bytes to ecology
[dna] air wrote 73 bytes to ecology
[dna] air wrote 45 bytes to ecology
[dna] air wrote 66 bytes to ecology
[dna] air wrote 19 bytes to ecology
[dna] air wrote 52 bytes to ecology
[dna] air wrote 151 bytes to ecology
[dna] air wrote 88 bytes to ecology
[dna] air wrote 47 bytes to ecology
[dna] air wrote 39 bytes to ecology
[debug-onto] tick=200 corpus=138871 stage=2 freeze=0
[dna] air wrote 133 bytes to ecology
[dna] air wrote 114 bytes to ecology
[dna] air wrote 112 bytes to ecology
[dna] air wrote 16 bytes to ecology
[dna] air wrote 93 bytes to ecology
[dna] air wrote 79 bytes to ecology
[dna] air wrote 43 bytes to ecology
[dna] air wrote 45 bytes to ecology
[dna] air wrote 57 bytes to ecology
[dna] air wrote 16 bytes to ecology
[dna] air wrote 31 bytes to ecology
[dna] air wrote 100 bytes to ecology
[dna] air wrote 33 bytes to ecology
[dna] air wrote 27 bytes to ecology
[dna] air wrote 22 bytes to ecology
[dna] air wrote 14 bytes to ecology
[dna] air wrote 88 bytes to ecology
[debug-onto] tick=250 corpus=138871 stage=2 freeze=0
[dna] air wrote 19 bytes to ecology
[dna] air wrote 33 bytes to ecology
[dna] air wrote 39 bytes to ecology
[dna] air wrote 50 bytes to ecology
[dna] air wrote 130 bytes to ecology
[dna] air wrote 87 bytes to ecology
[dna] air wrote 71 bytes to ecology
[dna] air wrote 46 bytes to ecology
[dna] air wrote 24 bytes to ecology
[dna] air wrote 185 bytes to ecology
[dna] air wrote 78 bytes to ecology
[dna] air wrote 130 bytes to ecology
[dna] air wrote 19 bytes to ecology
[dna] air wrote 52 bytes to ecology
[dna] air wrote 79 bytes to ecology
[dna] air wrote 124 bytes to ecology
[debug-onto] tick=300 corpus=138871 stage=2 freeze=0
[dna] air wrote 103 bytes to ecology
[dna] air wrote 46 bytes to ecology
[dna] air wrote 50 bytes to ecology
[dna] air wrote 63 bytes to ecology
[dna] air wrote 171 bytes to ecology
[dna] air wrote 112 bytes to ecology
[dna] air wrote 15 bytes to ecology
[dna] air wrote 102 bytes to ecology
[dna] air wrote 97 bytes to ecology
[dna] air wrote 33 bytes to ecology
[dna] air wrote 63 bytes to ecology
[dna] air wrote 29 bytes to ecology
[dna] air wrote 62 bytes to ecology
[dna] air wrote 48 bytes to ecology
[dna] air wrote 15 bytes to ecology
[dna] air wrote 107 bytes to ecology
[dna] air wrote 63 bytes to ecology
[debug-onto] tick=350 corpus=138871 stage=2 freeze=0
[dna] air wrote 146 bytes to ecology
[dna] air wrote 47 bytes to ecology
[dna] air wrote 103 bytes to ecology
[dna] air wrote 43 bytes to ecology
[dna] air wrote 38 bytes to ecology
[dna] air wrote 24 bytes to ecology
[dna] air wrote 78 bytes to ecology
[dna] air wrote 87 bytes to ecology
[dna] air wrote 36 bytes to ecology
[dna] air wrote 62 bytes to ecology
[dna] air wrote 29 bytes to ecology
[dna] air wrote 37 bytes to ecology
[dna] air wrote 101 bytes to ecology
[dna] air wrote 155 bytes to ecology
[dna] air wrote 117 bytes to ecology
[dna] air wrote 58 bytes to ecology
[dna] air wrote 109 bytes to ecology
[debug-onto] tick=400 corpus=138871 stage=2 freeze=0
[dna] air wrote 9 bytes to ecology
[dna] air wrote 35 bytes to ecology
[dna] air wrote 26 bytes to ecology
[dna] air wrote 160 bytes to ecology
[dna] air wrote 19 bytes to ecology
[dna] air wrote 38 bytes to ecology
[dna] air wrote 22 bytes to ecology
[dna] air wrote 29 bytes to ecology
[dna] air wrote 105 bytes to ecology
[dna] air wrote 41 bytes to ecology
[dna] air wrote 241 bytes to ecology
[dna] air wrote 81 bytes to ecology
[dna] air wrote 70 bytes to ecology
[dna] air wrote 103 bytes to ecology
[dna] air wrote 95 bytes to ecology
[dna] air wrote 58 bytes to ecology
[debug-onto] tick=450 corpus=138871 stage=2 freeze=0
[dna] air wrote 18 bytes to ecology
[dna] air wrote 115 bytes to ecology
[dna] air wrote 58 bytes to ecology
[dna] air wrote 39 bytes to ecology
[dna] air wrote 26 bytes to ecology
[dna] air wrote 45 bytes to ecology
[dna] air wrote 46 bytes to ecology
[dna] air wrote 114 bytes to ecology
[dna] air wrote 9 bytes to ecology
[dna] air wrote 62 bytes to ecology
[dna] air wrote 15 bytes to ecology
[dna] air wrote 105 bytes to ecology
[dna] air wrote 75 bytes to ecology
[dna] air wrote 74 bytes to ecology
[dna] air wrote 125 bytes to ecology
[dna] air wrote 132 bytes to ecology
[dna] air wrote 83 bytes to ecology
[debug-onto] tick=500 corpus=138871 stage=2 freeze=0
[dna] air wrote 109 bytes to ecology
[dna] air wrote 70 bytes to ecology
[dna] air wrote 176 bytes to ecology
[dna] air wrote 46 bytes to ecology
[dna] air wrote 40 bytes to ecology
[dna] air wrote 55 bytes to ecology
[dna] air wrote 14 bytes to ecology
[dna] air wrote 40 bytes to ecology
[dna] air wrote 73 bytes to ecology
[dna] air wrote 120 bytes to ecology
[dna] air wrote 43 bytes to ecology
[dna] air wrote 23 bytes to ecology
[dna] air wrote 38 bytes to ecology
[dna] air wrote 14 bytes to ecology
[dna] air wrote 39 bytes to ecology
[dna] air wrote 58 bytes to ecology
[dna] air wrote 39 bytes to ecology
[debug-onto] tick=550 corpus=138871 stage=2 freeze=0
[dna] air wrote 50 bytes to ecology
[dna] air wrote 166 bytes to ecology
[dna] air wrote 58 bytes to ecology
[dna] air wrote 74 bytes to ecology
[dna] air wrote 42 bytes to ecology
[dna] air wrote 76 bytes to ecology
[dna] air wrote 17 bytes to ecology
[dna] air wrote 249 bytes to ecology
[dna] air wrote 128 bytes to ecology
[dna] air wrote 32 bytes to ecology
[dna] air wrote 21 bytes to ecology
[dna] air wrote 48 bytes to ecology
[dna] air wrote 38 bytes to ecology
[dna] air wrote 137 bytes to ecology
[dna] air wrote 49 bytes to ecology
[dna] air wrote 88 bytes to ecology
[debug-onto] tick=600 corpus=138871 stage=2 freeze=0
[dna] air wrote 28 bytes to ecology
[dna] air wrote 81 bytes to ecology
[dna] air wrote 65 bytes to ecology
[dna] air wrote 31 bytes to ecology
[dna] air wrote 103 bytes to ecology
[dna] air wrote 29 bytes to ecology
[dna] air wrote 9 bytes to ecology
[dna] air wrote 33 bytes to ecology
[dna] air wrote 17 bytes to ecology
[dna] air wrote 172 bytes to ecology
[dna] air wrote 38 bytes to ecology
[dna] air wrote 43 bytes to ecology
[dna] air wrote 38 bytes to ecology
[dna] air wrote 159 bytes to ecology
[dna] air wrote 63 bytes to ecology
[dna] air wrote 54 bytes to ecology
[dna] air wrote 95 bytes to ecology
[debug-onto] tick=650 corpus=138871 stage=2 freeze=0
[dna] air wrote 72 bytes to ecology
[dna] air wrote 45 bytes to ecology
[dna] air wrote 122 bytes to ecology
[dna] air wrote 33 bytes to ecology
[dna] air wrote 106 bytes to ecology
[dna] air wrote 99 bytes to ecology
[dna] air wrote 74 bytes to ecology
[dna] air wrote 39 bytes to ecology
[dna] air wrote 134 bytes to ecology
[dna] air wrote 112 bytes to ecology
[dna] air wrote 29 bytes to ecology
[dna] air wrote 15 bytes to ecology
[dna] air wrote 109 bytes to ecology
[dna] air wrote 24 bytes to ecology
[dna] air wrote 60 bytes to ecology
[debug-onto] tick=700 corpus=138871 stage=2 freeze=0
[dna] air wrote 23 bytes to ecology

[evolution] Organism shutting down gracefully.
