[ecology] Element: earth → corpus: nonames_earth.txt
[evolution] Autonomous evolution mode — organism will grow through all stages without pause.
[init] Stage 0 (embryo): embd=16, layer=1, head=1 — warmup 400 steps (400 backprop + 0 notorch, sqrt-scaled 1x)
  [aml] step 0/160 | loss 6.7857 (avg 6.7857) | lr 0.001000 | seq 8
  [aml] step 10/160 | loss 6.1120 (avg 6.4414) | lr 0.001450 | seq 8
  [aml] step 20/160 | loss 6.2651 (avg 6.3034) | lr 0.001900 | seq 8
  [aml] step 30/160 | loss 5.7337 (avg 6.1956) | lr 0.002350 | seq 8
  [aml] step 40/160 | loss 5.3955 (avg 6.0809) | lr 0.002800 | seq 8
  [aml] step 50/160 | loss 4.6535 (avg 5.9427) | lr 0.003250 | seq 8
  [aml] step 60/160 | loss 4.8800 (avg 5.7811) | lr 0.003700 | seq 8
  [aml] step 70/160 | loss 5.4237 (avg 5.6646) | lr 0.004150 | seq 8
  [aml] step 80/160 | loss 2.9884 (avg 5.5456) | lr 0.004600 | seq 8
  [aml] step 90/160 | loss 4.1770 (avg 5.4096) | lr 0.005050 | seq 8
  [aml] step 100/160 | loss 4.9742 (avg 5.3146) | lr 0.005500 | seq 8
  [aml] step 110/160 | loss 5.4146 (avg 5.1816) | lr 0.005950 | seq 8
  [aml] step 120/160 | loss 3.9957 (avg 5.1067) | lr 0.006400 | seq 8
  [aml] step 130/160 | loss 4.5962 (avg 5.0538) | lr 0.006850 | seq 8
  [aml] step 140/160 | loss 2.9963 (avg 5.0031) | lr 0.007300 | seq 8
  [aml] step 150/160 | loss 2.6549 (avg 4.9726) | lr 0.007750 | seq 8
[aml] training complete: 160 steps, avg loss 4.9220 (memory freed)
  [aml] step 0/120 | loss 4.6060 (avg 4.6060) | lr 0.008200 | seq 16
  [aml] step 10/120 | loss 4.3720 (avg 4.5091) | lr 0.008650 | seq 16
  [aml] step 20/120 | loss 3.4910 (avg 4.4892) | lr 0.009100 | seq 16
  [aml] step 30/120 | loss 3.3619 (avg 4.2589) | lr 0.009550 | seq 16
  [aml] step 40/120 | loss 3.2781 (avg 4.3123) | lr 0.010000 | seq 16
  [aml] step 50/120 | loss 3.0353 (avg 4.2993) | lr 0.010000 | seq 16
  [aml] step 60/120 | loss 4.0765 (avg 4.3244) | lr 0.010000 | seq 16
  [aml] step 70/120 | loss 4.1871 (avg 4.2690) | lr 0.010000 | seq 16
  [aml] step 80/120 | loss 5.0083 (avg 4.2213) | lr 0.009999 | seq 16
  [aml] step 90/120 | loss 4.3960 (avg 4.1271) | lr 0.009999 | seq 16
  [aml] step 100/120 | loss 4.0044 (avg 4.0657) | lr 0.009999 | seq 16
  [aml] step 110/120 | loss 4.9652 (avg 3.9814) | lr 0.009999 | seq 16
[aml] training complete: 120 steps, avg loss 3.9931 (memory freed)
  [aml] step 0/120 | loss 3.0816 (avg 3.0816) | lr 0.009999 | seq 32
  [aml] step 10/120 | loss 4.9671 (avg 4.1301) | lr 0.009999 | seq 32
  [aml] step 20/120 | loss 4.6049 (avg 3.9888) | lr 0.009999 | seq 32
  [aml] step 30/120 | loss 3.8251 (avg 3.6874) | lr 0.009999 | seq 32
  [aml] step 40/120 | loss 4.1348 (avg 3.6050) | lr 0.009999 | seq 32
  [aml] step 50/120 | loss 3.9465 (avg 3.5279) | lr 0.009999 | seq 32
  [aml] step 60/120 | loss 3.0729 (avg 3.4417) | lr 0.009999 | seq 32
  [aml] step 70/120 | loss 1.3749 (avg 3.4083) | lr 0.009999 | seq 32
  [aml] step 80/120 | loss 4.5762 (avg 3.3931) | lr 0.009999 | seq 32
  [aml] step 90/120 | loss 1.6384 (avg 3.3375) | lr 0.009999 | seq 32
  [aml] step 100/120 | loss 0.8409 (avg 3.3392) | lr 0.009999 | seq 32
  [aml] step 110/120 | loss 0.9298 (avg 3.2137) | lr 0.009999 | seq 32
[aml] training complete: 120 steps, avg loss 3.1120 (memory freed)

[stage 0 — embryo] What it sounds like now:
  Q: Hello.
  A: The d out failure. A foo Coal, position.
  Q: Who are you?
  A: ...
  Q: What do you know?
  A: contains ris a f — all oxygen, with timeHHHHHHHH

[growth] ONTOGENESIS: stage 0 -> 1
  embd: 16 -> 32, layer: 1 -> 1, head: 1 -> 2
[growth] Done. Freeze for 500 steps.
[init] Stage 1 (infant): embd=32, layer=1, head=2 — warmup 800 steps (800 backprop + 0 notorch, sqrt-scaled 2x)
  [aml] step 0/320 | loss 2.1706 (avg 2.1706) | lr 0.000500 | seq 8
  [aml] step 10/320 | loss 3.8024 (avg 3.8055) | lr 0.000725 | seq 8
  [aml] step 20/320 | loss 5.4606 (avg 3.6719) | lr 0.000950 | seq 8
  [aml] step 30/320 | loss 3.9052 (avg 4.0989) | lr 0.001175 | seq 8
  [aml] step 40/320 | loss 3.0899 (avg 4.0066) | lr 0.001400 | seq 8
  [aml] step 50/320 | loss 4.7051 (avg 4.1700) | lr 0.001625 | seq 8
  [aml] step 60/320 | loss 5.5916 (avg 4.1937) | lr 0.001850 | seq 8
  [aml] step 70/320 | loss 3.8659 (avg 4.2124) | lr 0.002075 | seq 8
  [aml] step 80/320 | loss 5.0757 (avg 4.2863) | lr 0.002300 | seq 8
  [aml] step 90/320 | loss 5.7059 (avg 4.1769) | lr 0.002525 | seq 8
  [aml] step 100/320 | loss 3.2723 (avg 4.1251) | lr 0.002750 | seq 8
  [aml] step 110/320 | loss 3.1316 (avg 4.1025) | lr 0.002975 | seq 8
  [aml] step 120/320 | loss 1.5742 (avg 4.0647) | lr 0.003200 | seq 8
  [aml] step 130/320 | loss 5.3242 (avg 4.0870) | lr 0.003425 | seq 8
  [aml] step 140/320 | loss 1.6153 (avg 4.0681) | lr 0.003650 | seq 8
  [aml] step 150/320 | loss 3.0635 (avg 4.0623) | lr 0.003875 | seq 8
  [aml] step 160/320 | loss 2.5190 (avg 4.0305) | lr 0.004100 | seq 8
  [aml] step 170/320 | loss 2.9208 (avg 3.9886) | lr 0.004325 | seq 8
  [aml] step 180/320 | loss 3.9936 (avg 3.9601) | lr 0.004550 | seq 8
  [aml] step 190/320 | loss 5.4855 (avg 3.9398) | lr 0.004775 | seq 8
  [aml] step 200/320 | loss 4.8294 (avg 3.9547) | lr 0.004998 | seq 8
  [aml] step 210/320 | loss 2.3224 (avg 3.9411) | lr 0.004998 | seq 8
  [aml] step 220/320 | loss 3.3063 (avg 3.8983) | lr 0.004998 | seq 8
  [aml] step 230/320 | loss 2.5008 (avg 3.9057) | lr 0.004998 | seq 8
  [aml] step 240/320 | loss 3.1000 (avg 3.8873) | lr 0.004998 | seq 8
  [aml] step 250/320 | loss 2.7536 (avg 3.8554) | lr 0.004998 | seq 8
  [aml] step 260/320 | loss 4.5404 (avg 3.8235) | lr 0.004998 | seq 8
  [aml] step 270/320 | loss 5.8146 (avg 3.8222) | lr 0.004998 | seq 8
  [aml] step 280/320 | loss 4.3048 (avg 3.7981) | lr 0.004998 | seq 8
  [aml] step 290/320 | loss 4.3720 (avg 3.7930) | lr 0.004998 | seq 8
  [aml] step 300/320 | loss 3.7564 (avg 3.7867) | lr 0.004998 | seq 8
  [aml] step 310/320 | loss 4.3050 (avg 3.7850) | lr 0.004998 | seq 8
[aml] training complete: 320 steps, avg loss 3.7754 (memory freed)
  [aml] step 0/240 | loss 4.4795 (avg 4.4795) | lr 0.004998 | seq 16
  [aml] step 10/240 | loss 3.4735 (avg 3.8008) | lr 0.004998 | seq 16
  [aml] step 20/240 | loss 2.1383 (avg 3.6370) | lr 0.004998 | seq 16
  [aml] step 30/240 | loss 5.1881 (avg 3.5413) | lr 0.004998 | seq 16
  [aml] step 40/240 | loss 3.1789 (avg 3.4553) | lr 0.004997 | seq 16
  [aml] step 50/240 | loss 3.5195 (avg 3.4085) | lr 0.004997 | seq 16
  [aml] step 60/240 | loss 4.3519 (avg 3.3264) | lr 0.004997 | seq 16
  [aml] step 70/240 | loss 3.9443 (avg 3.3077) | lr 0.004997 | seq 16
  [aml] step 80/240 | loss 3.4472 (avg 3.2816) | lr 0.004997 | seq 16
  [aml] step 90/240 | loss 2.5127 (avg 3.2734) | lr 0.004997 | seq 16
  [aml] step 100/240 | loss 1.6940 (avg 3.2354) | lr 0.004997 | seq 16
  [aml] step 110/240 | loss 3.2807 (avg 3.2000) | lr 0.004997 | seq 16
  [aml] step 120/240 | loss 2.7838 (avg 3.1704) | lr 0.004997 | seq 16
  [aml] step 130/240 | loss 4.4139 (avg 3.1428) | lr 0.004997 | seq 16
  [aml] step 140/240 | loss 3.8318 (avg 3.1622) | lr 0.004997 | seq 16
  [aml] step 150/240 | loss 2.6148 (avg 3.1384) | lr 0.004997 | seq 16
  [aml] step 160/240 | loss 4.6011 (avg 3.1522) | lr 0.004997 | seq 16
  [aml] step 170/240 | loss 4.7713 (avg 3.1696) | lr 0.004996 | seq 16
  [aml] step 180/240 | loss 3.8938 (avg 3.1773) | lr 0.004996 | seq 16
  [aml] step 190/240 | loss 4.6956 (avg 3.1819) | lr 0.004996 | seq 16
  [aml] step 200/240 | loss 1.9181 (avg 3.1890) | lr 0.004996 | seq 16
  [aml] step 210/240 | loss 3.4521 (avg 3.2038) | lr 0.004996 | seq 16
  [aml] step 220/240 | loss 3.3596 (avg 3.2132) | lr 0.004996 | seq 16
  [aml] step 230/240 | loss 5.6245 (avg 3.2505) | lr 0.004996 | seq 16
[aml] training complete: 240 steps, avg loss 3.2245 (memory freed)
  [aml] step 0/240 | loss 1.4552 (avg 1.4552) | lr 0.004996 | seq 32
  [aml] step 10/240 | loss 1.4239 (avg 2.1404) | lr 0.004996 | seq 32
  [aml] step 20/240 | loss 1.2866 (avg 2.8339) | lr 0.004996 | seq 32
  [aml] step 30/240 | loss 4.4217 (avg 3.1315) | lr 0.004996 | seq 32
  [aml] step 40/240 | loss 0.7732 (avg 3.0949) | lr 0.004996 | seq 32
  [aml] step 50/240 | loss 4.5596 (avg 3.1594) | lr 0.004995 | seq 32
  [aml] step 60/240 | loss 4.1001 (avg 3.0318) | lr 0.004995 | seq 32
  [aml] step 70/240 | loss 4.1040 (avg 3.0729) | lr 0.004995 | seq 32
  [aml] step 80/240 | loss 3.8105 (avg 3.0529) | lr 0.004995 | seq 32
  [aml] step 90/240 | loss 3.8034 (avg 3.1260) | lr 0.004995 | seq 32
  [aml] step 100/240 | loss 1.0950 (avg 3.0410) | lr 0.004995 | seq 32
  [aml] step 110/240 | loss 1.5510 (avg 2.9857) | lr 0.004995 | seq 32
  [aml] step 120/240 | loss 3.9342 (avg 2.9821) | lr 0.004995 | seq 32
  [aml] step 130/240 | loss 3.6758 (avg 2.9563) | lr 0.004995 | seq 32
  [aml] step 140/240 | loss 4.1199 (avg 2.9401) | lr 0.004995 | seq 32
  [aml] step 150/240 | loss 1.0391 (avg 2.9122) | lr 0.004995 | seq 32
  [aml] step 160/240 | loss 3.3221 (avg 2.8971) | lr 0.004994 | seq 32
  [aml] step 170/240 | loss 3.5272 (avg 2.8977) | lr 0.004994 | seq 32
  [aml] step 180/240 | loss 1.7619 (avg 2.8619) | lr 0.004994 | seq 32
  [aml] step 190/240 | loss 4.3030 (avg 2.8499) | lr 0.004994 | seq 32
  [aml] step 200/240 | loss 0.6682 (avg 2.8003) | lr 0.004994 | seq 32
  [aml] step 210/240 | loss 4.2505 (avg 2.8272) | lr 0.004994 | seq 32
  [aml] step 220/240 | loss 0.8630 (avg 2.8020) | lr 0.004994 | seq 32
  [aml] step 230/240 | loss 2.0250 (avg 2.7711) | lr 0.004994 | seq 32
[aml] training complete: 240 steps, avg loss 2.7415 (memory freed)

[stage 1 — infant] What it sounds like now:
  Q: Hello.
  A: is the ground wanted to mountains extraction and chemical produce of reads cliff, it is the sing once Cirqu.
  Q: Who are you?
  A: ...
  Q: What do you know?
  A: ...

[growth] ONTOGENESIS: stage 1 -> 2
  embd: 32 -> 64, layer: 1 -> 2, head: 2 -> 4
[growth] Done. Freeze for 500 steps.
[init] Stage 2 (child): embd=64, layer=2, head=4 — warmup 800 steps (800 backprop + 0 notorch, sqrt-scaled 2x)
  [aml] step 0/320 | loss 3.9360 (avg 3.9360) | lr 0.000250 | seq 8
  [aml] step 10/320 | loss 4.0691 (avg 4.1738) | lr 0.000363 | seq 8
  [aml] step 20/320 | loss 4.3313 (avg 3.6684) | lr 0.000475 | seq 8
  [aml] step 30/320 | loss 0.8029 (avg 3.6013) | lr 0.000588 | seq 8
  [aml] step 40/320 | loss 3.1209 (avg 3.5870) | lr 0.000700 | seq 8
  [aml] step 50/320 | loss 5.2091 (avg 3.6278) | lr 0.000813 | seq 8
  [aml] step 60/320 | loss 1.4693 (avg 3.5860) | lr 0.000925 | seq 8
  [aml] step 70/320 | loss 4.0875 (avg 3.5818) | lr 0.001038 | seq 8
  [aml] step 80/320 | loss 1.7837 (avg 3.5156) | lr 0.001150 | seq 8
  [aml] step 90/320 | loss 1.6840 (avg 3.4142) | lr 0.001263 | seq 8
  [aml] step 100/320 | loss 4.5835 (avg 3.4376) | lr 0.001375 | seq 8
  [aml] step 110/320 | loss 2.8221 (avg 3.3978) | lr 0.001488 | seq 8
  [aml] step 120/320 | loss 0.0721 (avg 3.3605) | lr 0.001600 | seq 8
  [aml] step 130/320 | loss 0.0398 (avg 3.3300) | lr 0.001713 | seq 8
  [aml] step 140/320 | loss 3.5756 (avg 3.3071) | lr 0.001825 | seq 8
  [aml] step 150/320 | loss 5.1605 (avg 3.3514) | lr 0.001938 | seq 8
  [aml] step 160/320 | loss 4.7604 (avg 3.3546) | lr 0.002050 | seq 8
  [aml] step 170/320 | loss 2.7580 (avg 3.3496) | lr 0.002163 | seq 8
  [aml] step 180/320 | loss 5.5322 (avg 3.3587) | lr 0.002275 | seq 8
  [aml] step 190/320 | loss 4.6114 (avg 3.3295) | lr 0.002387 | seq 8
  [aml] step 200/320 | loss 3.6877 (avg 3.3266) | lr 0.002496 | seq 8
  [aml] step 210/320 | loss 1.3846 (avg 3.3427) | lr 0.002496 | seq 8
  [aml] step 220/320 | loss 4.2816 (avg 3.3323) | lr 0.002496 | seq 8
  [aml] step 230/320 | loss 4.3391 (avg 3.3272) | lr 0.002495 | seq 8
  [aml] step 240/320 | loss 2.8478 (avg 3.3354) | lr 0.002495 | seq 8
  [aml] step 250/320 | loss 4.8775 (avg 3.3093) | lr 0.002495 | seq 8
  [aml] step 260/320 | loss 4.2157 (avg 3.2690) | lr 0.002495 | seq 8
  [aml] step 270/320 | loss 0.1820 (avg 3.2726) | lr 0.002495 | seq 8
  [aml] step 280/320 | loss 4.9403 (avg 3.2915) | lr 0.002495 | seq 8
  [aml] step 290/320 | loss 1.0349 (avg 3.2962) | lr 0.002495 | seq 8
  [aml] step 300/320 | loss 0.1676 (avg 3.2882) | lr 0.002495 | seq 8
  [aml] step 310/320 | loss 3.7022 (avg 3.3112) | lr 0.002495 | seq 8
[aml] training complete: 320 steps, avg loss 3.3005 (memory freed)
  [aml] step 0/240 | loss 4.8858 (avg 4.8858) | lr 0.002495 | seq 16
  [aml] step 10/240 | loss 3.7226 (avg 3.8968) | lr 0.002495 | seq 16
  [aml] step 20/240 | loss 3.5101 (avg 3.8019) | lr 0.002495 | seq 16
  [aml] step 30/240 | loss 4.3663 (avg 3.5421) | lr 0.002495 | seq 16
  [aml] step 40/240 | loss 2.1483 (avg 3.5152) | lr 0.002495 | seq 16
  [aml] step 50/240 | loss 0.9643 (avg 3.3682) | lr 0.002495 | seq 16
  [aml] step 60/240 | loss 4.0388 (avg 3.1737) | lr 0.002494 | seq 16
  [aml] step 70/240 | loss 3.9189 (avg 3.2409) | lr 0.002494 | seq 16
  [aml] step 80/240 | loss 1.9903 (avg 3.2430) | lr 0.002494 | seq 16
  [aml] step 90/240 | loss 2.0452 (avg 3.2132) | lr 0.002494 | seq 16
  [aml] step 100/240 | loss 4.5458 (avg 3.1973) | lr 0.002494 | seq 16
  [aml] step 110/240 | loss 3.7184 (avg 3.1780) | lr 0.002494 | seq 16
  [aml] step 120/240 | loss 3.7536 (avg 3.1563) | lr 0.002494 | seq 16
  [aml] step 130/240 | loss 5.5228 (avg 3.2002) | lr 0.002494 | seq 16
  [aml] step 140/240 | loss 3.6070 (avg 3.2438) | lr 0.002494 | seq 16
  [aml] step 150/240 | loss 1.3929 (avg 3.2591) | lr 0.002494 | seq 16
  [aml] step 160/240 | loss 1.2192 (avg 3.2248) | lr 0.002494 | seq 16
  [aml] step 170/240 | loss 1.3503 (avg 3.1853) | lr 0.002494 | seq 16
  [aml] step 180/240 | loss 3.0723 (avg 3.1779) | lr 0.002494 | seq 16
  [aml] step 190/240 | loss 1.8706 (avg 3.1493) | lr 0.002494 | seq 16
  [aml] step 200/240 | loss 2.0091 (avg 3.1177) | lr 0.002493 | seq 16
  [aml] step 210/240 | loss 4.4090 (avg 3.1057) | lr 0.002493 | seq 16
  [aml] step 220/240 | loss 2.7872 (avg 3.1178) | lr 0.002493 | seq 16
  [aml] step 230/240 | loss 3.5789 (avg 3.1253) | lr 0.002493 | seq 16
[aml] training complete: 240 steps, avg loss 3.1238 (memory freed)
  [aml] step 0/240 | loss 1.0210 (avg 1.0210) | lr 0.002493 | seq 32
  [aml] step 10/240 | loss 0.5265 (avg 1.7040) | lr 0.002493 | seq 32
  [aml] step 20/240 | loss 0.7046 (avg 2.0890) | lr 0.002493 | seq 32
  [aml] step 30/240 | loss 1.0139 (avg 1.9204) | lr 0.002493 | seq 32
  [aml] step 40/240 | loss 3.9120 (avg 2.2050) | lr 0.002493 | seq 32
  [aml] step 50/240 | loss 4.1787 (avg 2.2207) | lr 0.002493 | seq 32
  [aml] step 60/240 | loss 0.6929 (avg 2.2155) | lr 0.002493 | seq 32
  [aml] step 70/240 | loss 1.0418 (avg 2.2092) | lr 0.002493 | seq 32
  [aml] step 80/240 | loss 4.1029 (avg 2.2243) | lr 0.002492 | seq 32
  [aml] step 90/240 | loss 4.4843 (avg 2.2785) | lr 0.002492 | seq 32
  [aml] step 100/240 | loss 4.1796 (avg 2.2910) | lr 0.002492 | seq 32
  [aml] step 110/240 | loss 4.4013 (avg 2.3733) | lr 0.002492 | seq 32
  [aml] step 120/240 | loss 0.3661 (avg 2.4150) | lr 0.002492 | seq 32
  [aml] step 130/240 | loss 1.6212 (avg 2.4664) | lr 0.002492 | seq 32
  [aml] step 140/240 | loss 3.8701 (avg 2.4699) | lr 0.002492 | seq 32
  [aml] step 150/240 | loss 4.2373 (avg 2.4680) | lr 0.002492 | seq 32
  [aml] step 160/240 | loss 4.7644 (avg 2.4625) | lr 0.002492 | seq 32
  [aml] step 170/240 | loss 0.8673 (avg 2.5114) | lr 0.002492 | seq 32
  [aml] step 180/240 | loss 3.9898 (avg 2.5315) | lr 0.002492 | seq 32
  [aml] step 190/240 | loss 4.4348 (avg 2.5494) | lr 0.002492 | seq 32
  [aml] step 200/240 | loss 1.4975 (avg 2.5255) | lr 0.002491 | seq 32
  [aml] step 210/240 | loss 3.6000 (avg 2.5550) | lr 0.002491 | seq 32
  [aml] step 220/240 | loss 0.8030 (avg 2.5423) | lr 0.002491 | seq 32
  [aml] step 230/240 | loss 0.5064 (avg 2.5421) | lr 0.002491 | seq 32
[aml] training complete: 240 steps, avg loss 2.5463 (memory freed)

[stage 2 — child] What it sounds like now:
  Q: Hello.
  A: Fuji, and metamor con crystals.
  Q: Who are you?
  A: ...
  Q: What do you know?
  A: ...

[init] Warmup complete at stage 2. Organism ready.
[ecology] First organism in the swarm.
molequla is alive. [evolution] Autonomous mode — background trainer running. Ctrl+C to stop.
[dna] earth wrote 71 bytes to ecology
[dna] earth wrote 33 bytes to ecology
[dna] earth wrote 31 bytes to ecology
[dna] earth wrote 124 bytes to ecology
[dna] earth wrote 156 bytes to ecology
[dna] earth wrote 25 bytes to ecology
[dna] earth wrote 232 bytes to ecology
[dna] earth wrote 71 bytes to ecology
[dna] earth wrote 138 bytes to ecology
[dna] earth wrote 339 bytes to ecology
[dna] earth wrote 29 bytes to ecology
[dna] earth wrote 96 bytes to ecology
[dna] earth wrote 155 bytes to ecology
[dna] earth wrote 128 bytes to ecology
[dna] earth wrote 69 bytes to ecology
[dna] earth wrote 25 bytes to ecology
[dna] earth wrote 99 bytes to ecology
[debug-onto] tick=50 corpus=173643 stage=2 freeze=0
[dna] earth wrote 26 bytes to ecology
[dna] earth wrote 56 bytes to ecology
[dna] earth wrote 36 bytes to ecology
[dna] earth wrote 30 bytes to ecology
[dna] earth wrote 97 bytes to ecology
[dna] earth wrote 41 bytes to ecology
[dna] earth wrote 15 bytes to ecology
[dna] earth wrote 79 bytes to ecology
[dna] earth wrote 221 bytes to ecology
[dna] earth wrote 162 bytes to ecology
[dna] earth wrote 33 bytes to ecology
[dna] earth wrote 72 bytes to ecology
[dna] earth wrote 41 bytes to ecology
[dna] earth wrote 63 bytes to ecology
[dna] earth wrote 23 bytes to ecology
[dna] earth wrote 25 bytes to ecology
[dna] earth wrote 42 bytes to ecology
[debug-onto] tick=100 corpus=173643 stage=2 freeze=0
[dna] earth wrote 47 bytes to ecology
[dna] earth wrote 90 bytes to ecology
[dna] earth wrote 159 bytes to ecology
[dna] earth wrote 50 bytes to ecology
[dna] earth wrote 215 bytes to ecology
[dna] earth wrote 57 bytes to ecology
[dna] earth wrote 11 bytes to ecology
[dna] earth wrote 46 bytes to ecology
[dna] earth wrote 51 bytes to ecology
[dna] earth wrote 57 bytes to ecology
[dna] earth wrote 41 bytes to ecology
[dna] earth wrote 62 bytes to ecology
[dna] earth wrote 116 bytes to ecology
[dna] earth wrote 75 bytes to ecology
[dna] earth wrote 61 bytes to ecology
[dna] earth wrote 28 bytes to ecology
[debug-onto] tick=150 corpus=173643 stage=2 freeze=0
[dna] earth wrote 26 bytes to ecology
[dna] earth wrote 41 bytes to ecology
[dna] earth wrote 97 bytes to ecology
[dna] earth wrote 42 bytes to ecology
[dna] earth wrote 32 bytes to ecology
[dna] earth wrote 118 bytes to ecology
[dna] earth wrote 66 bytes to ecology
[dna] earth wrote 57 bytes to ecology
[dna] earth wrote 88 bytes to ecology
[dna] earth wrote 33 bytes to ecology
[dna] earth wrote 37 bytes to ecology
[dna] earth wrote 76 bytes to ecology
[dna] earth wrote 219 bytes to ecology
[dna] earth wrote 133 bytes to ecology
[dna] earth wrote 71 bytes to ecology
[dna] earth wrote 37 bytes to ecology
[dna] earth wrote 35 bytes to ecology
[debug-onto] tick=200 corpus=173643 stage=2 freeze=0
[dna] earth wrote 43 bytes to ecology
[dna] earth wrote 215 bytes to ecology
[dna] earth wrote 115 bytes to ecology
[dna] earth wrote 54 bytes to ecology
[dna] earth wrote 17 bytes to ecology
[dna] earth wrote 28 bytes to ecology
[dna] earth wrote 89 bytes to ecology
[dna] earth wrote 87 bytes to ecology
[dna] earth wrote 26 bytes to ecology
[dna] earth wrote 33 bytes to ecology
[dna] earth wrote 149 bytes to ecology
[dna] earth wrote 36 bytes to ecology
[dna] earth wrote 34 bytes to ecology
[dna] earth wrote 43 bytes to ecology
[dna] earth wrote 51 bytes to ecology
[dna] earth wrote 75 bytes to ecology
[dna] earth wrote 49 bytes to ecology
[debug-onto] tick=250 corpus=173643 stage=2 freeze=0
[dna] earth wrote 161 bytes to ecology
[dna] earth wrote 33 bytes to ecology
[dna] earth wrote 43 bytes to ecology
[dna] earth wrote 106 bytes to ecology
[dna] earth wrote 24 bytes to ecology
[dna] earth wrote 30 bytes to ecology
[dna] earth wrote 87 bytes to ecology
[dna] earth wrote 63 bytes to ecology
[dna] earth wrote 61 bytes to ecology
[dna] earth wrote 123 bytes to ecology
[dna] earth wrote 17 bytes to ecology
[dna] earth wrote 104 bytes to ecology
[dna] earth wrote 41 bytes to ecology
[dna] earth wrote 168 bytes to ecology
[dna] earth wrote 31 bytes to ecology
[dna] earth wrote 40 bytes to ecology
[debug-onto] tick=300 corpus=173643 stage=2 freeze=0
[dna] earth wrote 29 bytes to ecology
[dna] earth wrote 137 bytes to ecology
[dna] earth wrote 54 bytes to ecology
[dna] earth wrote 34 bytes to ecology
[dna] earth wrote 53 bytes to ecology
[dna] earth wrote 54 bytes to ecology
[dna] earth wrote 65 bytes to ecology
[dna] earth wrote 109 bytes to ecology
[dna] earth wrote 100 bytes to ecology
[dna] earth wrote 94 bytes to ecology
[dna] earth wrote 39 bytes to ecology
[dna] earth wrote 76 bytes to ecology
[dna] earth wrote 31 bytes to ecology
[dna] earth wrote 48 bytes to ecology
[dna] earth wrote 28 bytes to ecology
[dna] earth wrote 82 bytes to ecology
[dna] earth wrote 12 bytes to ecology
[debug-onto] tick=350 corpus=173643 stage=2 freeze=0
[dna] earth wrote 33 bytes to ecology
[dna] earth wrote 44 bytes to ecology
[dna] earth wrote 82 bytes to ecology
[dna] earth wrote 9 bytes to ecology
[dna] earth wrote 203 bytes to ecology
[dna] earth wrote 38 bytes to ecology
[dna] earth wrote 54 bytes to ecology
[dna] earth wrote 34 bytes to ecology
[dna] earth wrote 53 bytes to ecology
[dna] earth wrote 48 bytes to ecology
[dna] earth wrote 67 bytes to ecology
[dna] earth wrote 59 bytes to ecology
[dna] earth wrote 81 bytes to ecology
[dna] earth wrote 97 bytes to ecology
[dna] earth wrote 48 bytes to ecology
[dna] earth wrote 35 bytes to ecology
[dna] earth wrote 28 bytes to ecology
[debug-onto] tick=400 corpus=173643 stage=2 freeze=0
[dna] earth wrote 27 bytes to ecology
[dna] earth wrote 120 bytes to ecology
[dna] earth wrote 101 bytes to ecology
[dna] earth wrote 88 bytes to ecology
[dna] earth wrote 30 bytes to ecology
[dna] earth wrote 98 bytes to ecology
[dna] earth wrote 78 bytes to ecology
[dna] earth wrote 215 bytes to ecology
[dna] earth wrote 115 bytes to ecology
[dna] earth wrote 8 bytes to ecology
[dna] earth wrote 43 bytes to ecology
[dna] earth wrote 52 bytes to ecology
[dna] earth wrote 164 bytes to ecology
[dna] earth wrote 28 bytes to ecology
[dna] earth wrote 95 bytes to ecology
[debug-onto] tick=450 corpus=173643 stage=2 freeze=0
[dna] earth wrote 65 bytes to ecology
[dna] earth wrote 50 bytes to ecology
[dna] earth wrote 79 bytes to ecology
[dna] earth wrote 55 bytes to ecology
[dna] earth wrote 58 bytes to ecology
[dna] earth wrote 51 bytes to ecology
[dna] earth wrote 18 bytes to ecology
[dna] earth wrote 54 bytes to ecology
[dna] earth wrote 29 bytes to ecology
[dna] earth wrote 16 bytes to ecology
[dna] earth wrote 39 bytes to ecology
[dna] earth wrote 71 bytes to ecology
[dna] earth wrote 33 bytes to ecology
[dna] earth wrote 51 bytes to ecology
[dna] earth wrote 83 bytes to ecology
[dna] earth wrote 155 bytes to ecology
[dna] earth wrote 73 bytes to ecology
[debug-onto] tick=500 corpus=173643 stage=2 freeze=0
[dna] earth wrote 140 bytes to ecology
[dna] earth wrote 153 bytes to ecology
[dna] earth wrote 67 bytes to ecology
[dna] earth wrote 83 bytes to ecology
[dna] earth wrote 81 bytes to ecology
[dna] earth wrote 29 bytes to ecology
[dna] earth wrote 120 bytes to ecology
[dna] earth wrote 149 bytes to ecology
[dna] earth wrote 11 bytes to ecology
[dna] earth wrote 68 bytes to ecology
[dna] earth wrote 37 bytes to ecology
[dna] earth wrote 89 bytes to ecology
[dna] earth wrote 158 bytes to ecology
[dna] earth wrote 62 bytes to ecology
[dna] earth wrote 136 bytes to ecology
[dna] earth wrote 34 bytes to ecology
[dna] earth wrote 139 bytes to ecology
[debug-onto] tick=550 corpus=173643 stage=2 freeze=0
[dna] earth wrote 38 bytes to ecology
[dna] earth wrote 104 bytes to ecology
[dna] earth wrote 39 bytes to ecology
[dna] earth wrote 61 bytes to ecology
[dna] earth wrote 112 bytes to ecology
[dna] earth wrote 64 bytes to ecology
[dna] earth wrote 49 bytes to ecology
[dna] earth wrote 27 bytes to ecology
[dna] earth wrote 39 bytes to ecology
[dna] earth wrote 48 bytes to ecology
[dna] earth wrote 79 bytes to ecology
[dna] earth wrote 97 bytes to ecology
[dna] earth wrote 47 bytes to ecology
[dna] earth wrote 37 bytes to ecology
[dna] earth wrote 75 bytes to ecology
[dna] earth wrote 55 bytes to ecology
[debug-onto] tick=600 corpus=173643 stage=2 freeze=0
[dna] earth wrote 35 bytes to ecology
[dna] earth wrote 26 bytes to ecology
[dna] earth wrote 75 bytes to ecology
[dna] earth wrote 67 bytes to ecology
[dna] earth wrote 97 bytes to ecology
[dna] earth wrote 30 bytes to ecology
[dna] earth wrote 163 bytes to ecology
[dna] earth wrote 120 bytes to ecology
[dna] earth wrote 112 bytes to ecology
[dna] earth wrote 35 bytes to ecology
[dna] earth wrote 27 bytes to ecology
[dna] earth wrote 44 bytes to ecology
[dna] earth wrote 69 bytes to ecology
[dna] earth wrote 101 bytes to ecology
[dna] earth wrote 60 bytes to ecology
[dna] earth wrote 78 bytes to ecology
[dna] earth wrote 34 bytes to ecology
[debug-onto] tick=650 corpus=173643 stage=2 freeze=0
[dna] earth wrote 72 bytes to ecology
[dna] earth wrote 103 bytes to ecology
[dna] earth wrote 55 bytes to ecology
[dna] earth wrote 62 bytes to ecology
[dna] earth wrote 59 bytes to ecology
[dna] earth wrote 188 bytes to ecology
[dna] earth wrote 14 bytes to ecology
[dna] earth wrote 43 bytes to ecology
[dna] earth wrote 21 bytes to ecology
[dna] earth wrote 118 bytes to ecology
[dna] earth wrote 79 bytes to ecology

[evolution] Organism shutting down gracefully.
