[ecology] Element: water → corpus: nonames_water.txt
[evolution] Autonomous evolution mode — organism will grow through all stages without pause.
[ecology] Joined swarm. 1 peer(s) detected.
molequla is alive. [evolution] Autonomous mode — background trainer running. Ctrl+C to stop.
[dna] water wrote 15 bytes to ecology
[dna] water consumed 16089 bytes from 228 files: [air/gen_1776753225_1.txt air/gen_1776753241_4.txt air/gen_1776753249_7.txt air/gen_1776753257_10.txt air/gen_1776753264_13.txt air/gen_1776753272_16.txt air/gen_1776753279_19.txt air/gen_1776753287_22.txt air/gen_1776753294_25.txt air/gen_1776753302_28.txt air/gen_1776753310_31.txt air/gen_1776753317_34.txt air/gen_1776753325_37.txt air/gen_1776753332_40.txt air/gen_1776753340_43.txt air/gen_1776753348_46.txt air/gen_1776753355_49.txt air/gen_1776753363_52.txt air/gen_1776753370_55.txt air/gen_1776753378_58.txt air/gen_1776753385_61.txt air/gen_1776753393_64.txt air/gen_1776753400_67.txt air/gen_1776753408_70.txt air/gen_1776753415_73.txt air/gen_1776753423_76.txt air/gen_1776753430_79.txt air/gen_1776753438_82.txt air/gen_1776753453_88.txt air/gen_1776753461_91.txt air/gen_1776753468_94.txt air/gen_1776753476_97.txt air/gen_1776753483_100.txt air/gen_1776753499_106.txt air/gen_1776753506_109.txt air/gen_1776753514_112.txt air/gen_1776753522_115.txt air/gen_1776753529_118.txt air/gen_1776753537_121.txt air/gen_1776753544_124.txt air/gen_1776753552_127.txt air/gen_1776753559_130.txt air/gen_1776753567_133.txt air/gen_1776753574_136.txt air/gen_1776753582_139.txt air/gen_1776753590_142.txt air/gen_1776753597_145.txt air/gen_1776753605_148.txt air/gen_1776753612_151.txt air/gen_1776753620_154.txt air/gen_1776753627_157.txt air/gen_1776753635_160.txt air/gen_1776753642_163.txt air/gen_1776753650_166.txt air/gen_1776753658_169.txt air/gen_1776753665_172.txt air/gen_1776753673_175.txt air/gen_1776753681_178.txt air/gen_1776753688_181.txt air/gen_1776753696_184.txt air/gen_1776753703_187.txt air/gen_1776753711_190.txt air/gen_1776753719_193.txt air/gen_1776753726_196.txt air/gen_1776753734_199.txt air/gen_1776753741_202.txt air/gen_1776753749_205.txt air/gen_1776753757_208.txt air/gen_1776753764_211.txt air/gen_1776753772_214.txt air/gen_1776753780_217.txt air/gen_1776753787_220.txt air/gen_1776753795_223.txt air/gen_1776753802_226.txt air/gen_1776753810_229.txt air/gen_1776753818_232.txt air/gen_1776753825_235.txt air/gen_1776753833_238.txt air/gen_1776753841_241.txt air/gen_1776753848_244.txt air/gen_1776753856_247.txt air/gen_1776753863_250.txt air/gen_1776753871_253.txt air/gen_1776753878_256.txt air/gen_1776753886_259.txt air/gen_1776753894_262.txt air/gen_1776753901_265.txt air/gen_1776753909_268.txt air/gen_1776753917_271.txt air/gen_1776753925_274.txt air/gen_1776753932_277.txt air/gen_1776753940_280.txt air/gen_1776753948_283.txt air/gen_1776753955_286.txt air/gen_1776753963_289.txt air/gen_1776753971_292.txt air/gen_1776753978_295.txt air/gen_1776753986_298.txt air/gen_1776753994_301.txt air/gen_1776754001_304.txt air/gen_1776754009_307.txt air/gen_1776754016_310.txt air/gen_1776754024_313.txt air/gen_1776754032_316.txt air/gen_1776754039_319.txt air/gen_1776754047_322.txt air/gen_1776754054_325.txt air/gen_1776754062_328.txt air/gen_1776754069_331.txt air/gen_1776754077_334.txt air/gen_1776754085_337.txt air/gen_1776754092_340.txt air/gen_1776754100_343.txt air/gen_1776754108_346.txt air/gen_1776754115_349.txt air/gen_1776754123_352.txt air/gen_1776754131_355.txt air/gen_1776754138_358.txt air/gen_1776754146_361.txt air/gen_1776754153_364.txt air/gen_1776754161_367.txt air/gen_1776754169_370.txt air/gen_1776754177_373.txt air/gen_1776754184_376.txt air/gen_1776754192_379.txt air/gen_1776754199_382.txt air/gen_1776754207_385.txt air/gen_1776754215_388.txt air/gen_1776754222_391.txt air/gen_1776754230_394.txt air/gen_1776754238_397.txt air/gen_1776754245_400.txt air/gen_1776754261_406.txt air/gen_1776754269_409.txt air/gen_1776754276_412.txt air/gen_1776754284_415.txt air/gen_1776754292_418.txt air/gen_1776754299_421.txt air/gen_1776754307_424.txt air/gen_1776754315_427.txt air/gen_1776754322_430.txt air/gen_1776754330_433.txt air/gen_1776754338_436.txt air/gen_1776754345_439.txt air/gen_1776754353_442.txt air/gen_1776754361_445.txt air/gen_1776754368_448.txt air/gen_1776754376_451.txt air/gen_1776754384_454.txt air/gen_1776754391_457.txt air/gen_1776754399_460.txt air/gen_1776754407_463.txt air/gen_1776754414_466.txt air/gen_1776754422_469.txt air/gen_1776754429_472.txt air/gen_1776754445_478.txt air/gen_1776754452_481.txt air/gen_1776754460_484.txt air/gen_1776754467_487.txt air/gen_1776754475_490.txt air/gen_1776754483_493.txt air/gen_1776754490_496.txt air/gen_1776754498_499.txt air/gen_1776754506_502.txt air/gen_1776754514_505.txt air/gen_1776754521_508.txt air/gen_1776754529_511.txt air/gen_1776754536_514.txt air/gen_1776754544_517.txt air/gen_1776754551_520.txt air/gen_1776754559_523.txt air/gen_1776754567_526.txt air/gen_1776754574_529.txt air/gen_1776754582_532.txt air/gen_1776754589_535.txt air/gen_1776754597_538.txt air/gen_1776754604_541.txt air/gen_1776754612_544.txt air/gen_1776754620_547.txt air/gen_1776754627_550.txt air/gen_1776754635_553.txt air/gen_1776754642_556.txt air/gen_1776754650_559.txt air/gen_1776754657_562.txt air/gen_1776754665_565.txt air/gen_1776754672_568.txt air/gen_1776754680_571.txt air/gen_1776754688_574.txt air/gen_1776754695_577.txt air/gen_1776754703_580.txt air/gen_1776754710_583.txt air/gen_1776754718_586.txt air/gen_1776754725_589.txt air/gen_1776754733_592.txt air/gen_1776754740_595.txt air/gen_1776754748_598.txt air/gen_1776754756_601.txt air/gen_1776754763_604.txt air/gen_1776754771_607.txt air/gen_1776754778_610.txt air/gen_1776754786_613.txt air/gen_1776754793_616.txt air/gen_1776754808_622.txt air/gen_1776754816_625.txt air/gen_1776754824_628.txt air/gen_1776754831_631.txt air/gen_1776754839_634.txt air/gen_1776754846_637.txt air/gen_1776754854_640.txt air/gen_1776754862_643.txt air/gen_1776754869_646.txt air/gen_1776754877_649.txt air/gen_1776754884_652.txt air/gen_1776754892_655.txt air/gen_1776754900_658.txt air/gen_1776754907_661.txt air/gen_1776754915_664.txt air/gen_1776754922_667.txt air/gen_1776754930_670.txt air/gen_1776754945_676.txt air/gen_1776754953_679.txt air/gen_1776754960_682.txt air/gen_1776754968_685.txt air/gen_1776754976_688.txt air/gen_1776754991_694.txt air/gen_1776754999_697.txt air/gen_1776755006_700.txt air/gen_1776755014_703.txt]
[trainer] micro-train burst (16089 bytes, novelty 0.03) — and lo, it feeds again.
[syntropy] action=explore | trend=0.0000 | field_dev=-0.004 | purpose_align=-0.051 | lr_mul=1.30
[aml] burst complete: 32 steps, avg loss 1.7692 (memory freed)
[dna] water wrote 36 bytes to ecology
[dna] water wrote 52 bytes to ecology
[dna] water wrote 52 bytes to ecology
[dna] water wrote 42 bytes to ecology
[dna] water wrote 46 bytes to ecology
[dna] water wrote 85 bytes to ecology
[dna] water wrote 119 bytes to ecology
[dna] water wrote 15 bytes to ecology
[dna] water wrote 135 bytes to ecology
[dna] water wrote 102 bytes to ecology
[dna] water wrote 24 bytes to ecology
[dna] water wrote 51 bytes to ecology
[dna] water wrote 25 bytes to ecology
[dna] water wrote 47 bytes to ecology
[dna] water wrote 16 bytes to ecology
[dna] water wrote 94 bytes to ecology
[dna] water wrote 27 bytes to ecology
[dna] water wrote 37 bytes to ecology
[dna] water wrote 101 bytes to ecology
[dna] water wrote 64 bytes to ecology
[dna] water wrote 151 bytes to ecology
[dna] water wrote 87 bytes to ecology
[dna] water wrote 42 bytes to ecology
[dna] water wrote 27 bytes to ecology
[dna] water wrote 27 bytes to ecology
[dna] water wrote 87 bytes to ecology
[dna] water wrote 49 bytes to ecology
[dna] water wrote 114 bytes to ecology
[dna] water wrote 63 bytes to ecology
[dna] water wrote 64 bytes to ecology
[dna] water wrote 61 bytes to ecology
[dna] water wrote 143 bytes to ecology
[debug-onto] tick=50 corpus=142014 stage=2 freeze=0
[dna] water wrote 76 bytes to ecology
[dna] water wrote 35 bytes to ecology
[dna] water wrote 38 bytes to ecology
[dna] water wrote 23 bytes to ecology
[dna] water wrote 41 bytes to ecology
[dna] water wrote 60 bytes to ecology
[dna] water wrote 16 bytes to ecology
[dna] water wrote 139 bytes to ecology
[dna] water wrote 95 bytes to ecology
[dna] water wrote 14 bytes to ecology
[dna] water wrote 46 bytes to ecology
[dna] water wrote 118 bytes to ecology
[dna] water wrote 38 bytes to ecology
[dna] water wrote 59 bytes to ecology
[dna] water wrote 46 bytes to ecology
[dna] water wrote 124 bytes to ecology
[dna] water wrote 12 bytes to ecology
[dna] water wrote 78 bytes to ecology
[dna] water wrote 49 bytes to ecology
[dna] water wrote 57 bytes to ecology
[dna] water wrote 35 bytes to ecology
[dna] water wrote 61 bytes to ecology
[dna] water wrote 36 bytes to ecology
[dna] water wrote 18 bytes to ecology
[dna] water wrote 44 bytes to ecology
[dna] water wrote 29 bytes to ecology
[dna] water wrote 65 bytes to ecology
[dna] water wrote 47 bytes to ecology
[dna] water wrote 71 bytes to ecology
[dna] water wrote 14 bytes to ecology
[dna] water wrote 21 bytes to ecology
[dna] water wrote 103 bytes to ecology
[debug-onto] tick=100 corpus=142014 stage=2 freeze=0
[dna] water wrote 26 bytes to ecology
[dna] water wrote 76 bytes to ecology
[dna] water wrote 59 bytes to ecology
[dna] water wrote 95 bytes to ecology
[dna] water wrote 88 bytes to ecology
[dna] water wrote 75 bytes to ecology
[dna] water wrote 80 bytes to ecology
[dna] water wrote 31 bytes to ecology
[dna] water wrote 33 bytes to ecology
[dna] water wrote 57 bytes to ecology
[dna] water wrote 32 bytes to ecology
[dna] water wrote 54 bytes to ecology
[dna] water wrote 12 bytes to ecology
[dna] water wrote 43 bytes to ecology
[dna] water wrote 35 bytes to ecology
[dna] water wrote 66 bytes to ecology
[dna] water wrote 131 bytes to ecology
[dna] water wrote 63 bytes to ecology
[dna] water wrote 33 bytes to ecology
[dna] water wrote 52 bytes to ecology
[dna] water wrote 30 bytes to ecology
[dna] water wrote 38 bytes to ecology
[dna] water wrote 49 bytes to ecology
[dna] water wrote 117 bytes to ecology
[dna] water wrote 50 bytes to ecology
[dna] water wrote 66 bytes to ecology
[dna] water wrote 38 bytes to ecology
[dna] water wrote 64 bytes to ecology
[dna] water wrote 34 bytes to ecology
[dna] water wrote 15 bytes to ecology
[dna] water wrote 46 bytes to ecology
[dna] water wrote 30 bytes to ecology
[debug-onto] tick=150 corpus=142014 stage=2 freeze=0
[dna] water wrote 25 bytes to ecology
[dna] water wrote 92 bytes to ecology
[dna] water wrote 33 bytes to ecology
[dna] water wrote 11 bytes to ecology
[dna] water wrote 109 bytes to ecology
[dna] water wrote 78 bytes to ecology
[dna] water wrote 68 bytes to ecology
[dna] water wrote 54 bytes to ecology
[dna] water wrote 25 bytes to ecology
[dna] water wrote 108 bytes to ecology
[dna] water wrote 74 bytes to ecology
[dna] water wrote 42 bytes to ecology
[dna] water wrote 39 bytes to ecology
[dna] water wrote 91 bytes to ecology
[dna] water wrote 20 bytes to ecology
[dna] water wrote 30 bytes to ecology
[dna] water wrote 102 bytes to ecology
[dna] water wrote 36 bytes to ecology
[dna] water wrote 102 bytes to ecology
[dna] water wrote 82 bytes to ecology
[dna] water wrote 64 bytes to ecology
[dna] water wrote 23 bytes to ecology
[dna] water wrote 36 bytes to ecology
[dna] water wrote 80 bytes to ecology
[dna] water wrote 14 bytes to ecology
[dna] water wrote 99 bytes to ecology
[dna] water wrote 15 bytes to ecology
[dna] water wrote 71 bytes to ecology
[dna] water wrote 85 bytes to ecology
[dna] water wrote 41 bytes to ecology
[dna] water wrote 88 bytes to ecology
[dna] water wrote 78 bytes to ecology
[dna] water wrote 118 bytes to ecology
[dna] water wrote 164 bytes to ecology
[dna] water wrote 81 bytes to ecology
[debug-onto] tick=200 corpus=142014 stage=2 freeze=0
[dna] water wrote 129 bytes to ecology
[dna] water wrote 92 bytes to ecology
[dna] water wrote 45 bytes to ecology
[dna] water wrote 60 bytes to ecology
[dna] water wrote 35 bytes to ecology
[dna] water wrote 95 bytes to ecology
[dna] water wrote 166 bytes to ecology
[dna] water wrote 60 bytes to ecology
[dna] water wrote 54 bytes to ecology
[dna] water wrote 28 bytes to ecology
[dna] water wrote 18 bytes to ecology
[dna] water wrote 31 bytes to ecology
[dna] water wrote 68 bytes to ecology
[dna] water wrote 31 bytes to ecology
[dna] water wrote 30 bytes to ecology
[dna] water wrote 106 bytes to ecology
[dna] water wrote 31 bytes to ecology
[dna] water wrote 125 bytes to ecology
[dna] water wrote 21 bytes to ecology
[dna] water wrote 55 bytes to ecology
[dna] water wrote 42 bytes to ecology
[dna] water wrote 100 bytes to ecology
[dna] water wrote 70 bytes to ecology
[dna] water wrote 113 bytes to ecology
[dna] water wrote 55 bytes to ecology
[dna] water wrote 78 bytes to ecology
[dna] water wrote 63 bytes to ecology
[dna] water wrote 24 bytes to ecology
[dna] water wrote 54 bytes to ecology
[dna] water wrote 85 bytes to ecology
[dna] water wrote 11 bytes to ecology
[dna] water wrote 84 bytes to ecology
[debug-onto] tick=250 corpus=142014 stage=2 freeze=0
[dna] water wrote 167 bytes to ecology
[dna] water wrote 25 bytes to ecology
[dna] water wrote 74 bytes to ecology
[dna] water wrote 68 bytes to ecology
[dna] water wrote 26 bytes to ecology
[dna] water wrote 90 bytes to ecology
[dna] water wrote 40 bytes to ecology
[dna] water wrote 39 bytes to ecology
[dna] water wrote 81 bytes to ecology
[dna] water wrote 35 bytes to ecology
[dna] water wrote 66 bytes to ecology
[dna] water wrote 31 bytes to ecology
[dna] water wrote 43 bytes to ecology
[dna] water wrote 35 bytes to ecology
[dna] water wrote 160 bytes to ecology
[dna] water wrote 49 bytes to ecology
[dna] water wrote 201 bytes to ecology
[dna] water wrote 222 bytes to ecology
[dna] water wrote 128 bytes to ecology
[dna] water wrote 68 bytes to ecology
[dna] water wrote 40 bytes to ecology
[dna] water wrote 98 bytes to ecology
[dna] water wrote 32 bytes to ecology
[dna] water wrote 34 bytes to ecology
[dna] water wrote 31 bytes to ecology
[dna] water wrote 37 bytes to ecology
[dna] water wrote 51 bytes to ecology
[dna] water wrote 43 bytes to ecology
[dna] water wrote 34 bytes to ecology
[dna] water wrote 53 bytes to ecology
[debug-onto] tick=300 corpus=142014 stage=2 freeze=0
[dna] water wrote 11 bytes to ecology
[dna] water wrote 60 bytes to ecology
[dna] water wrote 22 bytes to ecology
[dna] water wrote 35 bytes to ecology
[dna] water wrote 39 bytes to ecology
[dna] water wrote 38 bytes to ecology
[dna] water wrote 53 bytes to ecology
[dna] water wrote 30 bytes to ecology
[dna] water wrote 76 bytes to ecology
[dna] water wrote 25 bytes to ecology
[dna] water wrote 180 bytes to ecology
[dna] water wrote 39 bytes to ecology
[dna] water wrote 64 bytes to ecology
[dna] water wrote 44 bytes to ecology
[dna] water wrote 67 bytes to ecology
[dna] water wrote 111 bytes to ecology
[dna] water wrote 30 bytes to ecology
[dna] water wrote 75 bytes to ecology
[dna] water wrote 11 bytes to ecology
[dna] water wrote 45 bytes to ecology
[dna] water wrote 41 bytes to ecology
[dna] water wrote 52 bytes to ecology
[dna] water wrote 90 bytes to ecology
[dna] water wrote 112 bytes to ecology
[dna] water wrote 134 bytes to ecology
[dna] water wrote 41 bytes to ecology
[dna] water wrote 12 bytes to ecology
[dna] water wrote 37 bytes to ecology
[dna] water wrote 63 bytes to ecology
[dna] water wrote 32 bytes to ecology
[dna] water wrote 24 bytes to ecology
[debug-onto] tick=350 corpus=142014 stage=2 freeze=0
[dna] water wrote 57 bytes to ecology
[dna] water wrote 53 bytes to ecology
[dna] water wrote 152 bytes to ecology
[dna] water wrote 102 bytes to ecology
[dna] water wrote 35 bytes to ecology
[dna] water wrote 64 bytes to ecology
[dna] water wrote 23 bytes to ecology
[dna] water wrote 35 bytes to ecology
[dna] water wrote 23 bytes to ecology
[dna] water wrote 35 bytes to ecology
[dna] water wrote 50 bytes to ecology
[dna] water wrote 56 bytes to ecology
[dna] water wrote 87 bytes to ecology
[dna] water wrote 62 bytes to ecology
[dna] water wrote 38 bytes to ecology
[dna] water wrote 116 bytes to ecology
[dna] water wrote 97 bytes to ecology
[dna] water wrote 46 bytes to ecology
[dna] water wrote 29 bytes to ecology
[dna] water wrote 15 bytes to ecology
[dna] water wrote 54 bytes to ecology
[dna] water wrote 244 bytes to ecology
[dna] water wrote 67 bytes to ecology
[dna] water wrote 22 bytes to ecology
[dna] water wrote 62 bytes to ecology
[dna] water wrote 30 bytes to ecology
[dna] water wrote 54 bytes to ecology
[dna] water wrote 115 bytes to ecology
[dna] water wrote 102 bytes to ecology
[dna] water wrote 46 bytes to ecology
[dna] water wrote 90 bytes to ecology
[dna] water wrote 51 bytes to ecology
[dna] water wrote 34 bytes to ecology
[debug-onto] tick=400 corpus=142014 stage=2 freeze=0
[dna] water wrote 26 bytes to ecology
[dna] water wrote 48 bytes to ecology
[dna] water wrote 36 bytes to ecology
[dna] water wrote 128 bytes to ecology
[dna] water wrote 98 bytes to ecology
[dna] water wrote 50 bytes to ecology
[dna] water wrote 63 bytes to ecology
[dna] water wrote 62 bytes to ecology
[dna] water wrote 37 bytes to ecology
[dna] water wrote 7 bytes to ecology
[dna] water wrote 29 bytes to ecology
[dna] water wrote 47 bytes to ecology
[dna] water wrote 48 bytes to ecology
[dna] water wrote 38 bytes to ecology
[dna] water wrote 42 bytes to ecology
[dna] water wrote 51 bytes to ecology
[dna] water wrote 78 bytes to ecology
[dna] water wrote 46 bytes to ecology
[dna] water wrote 113 bytes to ecology
[dna] water wrote 74 bytes to ecology
[dna] water wrote 123 bytes to ecology
[dna] water wrote 18 bytes to ecology
[dna] water wrote 58 bytes to ecology
[dna] water wrote 84 bytes to ecology
[dna] water wrote 25 bytes to ecology
[dna] water wrote 90 bytes to ecology
[dna] water wrote 85 bytes to ecology
[dna] water wrote 41 bytes to ecology
[dna] water wrote 140 bytes to ecology
[dna] water wrote 80 bytes to ecology
[dna] water wrote 63 bytes to ecology
[dna] water wrote 23 bytes to ecology
[dna] water wrote 107 bytes to ecology
[dna] water wrote 23 bytes to ecology
[debug-onto] tick=450 corpus=142014 stage=2 freeze=0
[dna] water wrote 62 bytes to ecology
[dna] water wrote 44 bytes to ecology
[dna] water wrote 70 bytes to ecology
[dna] water wrote 101 bytes to ecology
[dna] water wrote 47 bytes to ecology
[dna] water wrote 68 bytes to ecology
[dna] water wrote 50 bytes to ecology
[dna] water wrote 169 bytes to ecology
[dna] water wrote 21 bytes to ecology
[dna] water wrote 69 bytes to ecology
[dna] water wrote 12 bytes to ecology
[dna] water wrote 118 bytes to ecology
[dna] water wrote 23 bytes to ecology
[dna] water wrote 58 bytes to ecology
[dna] water wrote 52 bytes to ecology
[dna] water wrote 52 bytes to ecology
[dna] water wrote 115 bytes to ecology
[dna] water wrote 51 bytes to ecology
[dna] water wrote 112 bytes to ecology
[dna] water wrote 43 bytes to ecology
[dna] water wrote 103 bytes to ecology
[dna] water wrote 68 bytes to ecology
[dna] water wrote 51 bytes to ecology
[dna] water wrote 51 bytes to ecology
[dna] water wrote 63 bytes to ecology
[dna] water wrote 46 bytes to ecology
[dna] water wrote 49 bytes to ecology
[dna] water wrote 63 bytes to ecology
[dna] water wrote 42 bytes to ecology
[dna] water wrote 109 bytes to ecology
[debug-onto] tick=500 corpus=142014 stage=2 freeze=0
[dna] water wrote 23 bytes to ecology
[dna] water wrote 98 bytes to ecology
[dna] water wrote 69 bytes to ecology
[dna] water wrote 42 bytes to ecology
[dna] water wrote 65 bytes to ecology
[dna] water wrote 45 bytes to ecology
[dna] water wrote 192 bytes to ecology
[dna] water wrote 23 bytes to ecology
[dna] water wrote 85 bytes to ecology
[dna] water wrote 113 bytes to ecology
[dna] water wrote 57 bytes to ecology
[dna] water wrote 54 bytes to ecology
[dna] water wrote 18 bytes to ecology
[dna] water wrote 90 bytes to ecology
[dna] water wrote 62 bytes to ecology
[dna] water wrote 37 bytes to ecology
[dna] water wrote 45 bytes to ecology
[dna] water wrote 141 bytes to ecology
[dna] water wrote 236 bytes to ecology
[dna] water wrote 18 bytes to ecology
[dna] water wrote 80 bytes to ecology
[dna] water wrote 110 bytes to ecology
[dna] water wrote 27 bytes to ecology
[dna] water wrote 42 bytes to ecology
[dna] water wrote 59 bytes to ecology
[dna] water wrote 63 bytes to ecology
[dna] water wrote 42 bytes to ecology
[dna] water wrote 55 bytes to ecology
[dna] water wrote 32 bytes to ecology
[dna] water wrote 63 bytes to ecology
[debug-onto] tick=550 corpus=142014 stage=2 freeze=0
[dna] water wrote 84 bytes to ecology
[dna] water wrote 107 bytes to ecology
[dna] water wrote 124 bytes to ecology
[dna] water wrote 26 bytes to ecology
[dna] water wrote 58 bytes to ecology
[dna] water wrote 54 bytes to ecology
[dna] water wrote 44 bytes to ecology
[dna] water wrote 21 bytes to ecology
[dna] water wrote 58 bytes to ecology
[dna] water wrote 54 bytes to ecology
[dna] water wrote 64 bytes to ecology
[dna] water wrote 26 bytes to ecology
[dna] water wrote 52 bytes to ecology
[dna] water wrote 84 bytes to ecology
[dna] water wrote 75 bytes to ecology
[dna] water wrote 48 bytes to ecology
[dna] water wrote 124 bytes to ecology
[dna] water wrote 55 bytes to ecology
[dna] water wrote 46 bytes to ecology
[dna] water wrote 88 bytes to ecology
[dna] water wrote 56 bytes to ecology
[dna] water wrote 42 bytes to ecology
[dna] water wrote 34 bytes to ecology
[dna] water wrote 19 bytes to ecology
[dna] water wrote 102 bytes to ecology
[dna] water wrote 43 bytes to ecology
[dna] water wrote 35 bytes to ecology
[dna] water wrote 97 bytes to ecology
[dna] water wrote 71 bytes to ecology
[dna] water wrote 82 bytes to ecology
[dna] water wrote 38 bytes to ecology
[dna] water wrote 173 bytes to ecology
[dna] water wrote 63 bytes to ecology
[debug-onto] tick=600 corpus=142014 stage=2 freeze=0
[dna] water wrote 382 bytes to ecology
[dna] water wrote 82 bytes to ecology
[dna] water wrote 93 bytes to ecology
[dna] water wrote 115 bytes to ecology
[dna] water wrote 169 bytes to ecology
[dna] water wrote 38 bytes to ecology
[dna] water wrote 41 bytes to ecology
[dna] water wrote 28 bytes to ecology
[dna] water wrote 69 bytes to ecology
[dna] water wrote 160 bytes to ecology
[dna] water wrote 57 bytes to ecology
[dna] water wrote 45 bytes to ecology
[dna] water wrote 84 bytes to ecology
[dna] water wrote 58 bytes to ecology
[dna] water wrote 311 bytes to ecology
[dna] water wrote 73 bytes to ecology
[dna] water wrote 9 bytes to ecology
[dna] water wrote 85 bytes to ecology
[dna] water wrote 53 bytes to ecology
[dna] water wrote 61 bytes to ecology
[dna] water wrote 34 bytes to ecology
[dna] water wrote 30 bytes to ecology
[dna] water wrote 164 bytes to ecology
[dna] water wrote 122 bytes to ecology
[dna] water wrote 12 bytes to ecology
[dna] water wrote 31 bytes to ecology
[dna] water wrote 72 bytes to ecology

[evolution] Organism shutting down gracefully.
