[ecology] Element: air → corpus: nonames_air.txt
[evolution] Autonomous evolution mode — organism will grow through all stages without pause.
[ecology] Joined swarm. 1 peer(s) detected.
molequla is alive. [evolution] Autonomous mode — background trainer running. Ctrl+C to stop.
[dna] air wrote 61 bytes to ecology
[dna] air consumed 17029 bytes from 229 files: [earth/gen_1776490990_1.txt earth/gen_1776490998_4.txt earth/gen_1776491006_7.txt earth/gen_1776491013_10.txt earth/gen_1776491021_13.txt earth/gen_1776491029_16.txt earth/gen_1776491037_19.txt earth/gen_1776491045_22.txt earth/gen_1776491047_23.txt earth/gen_1776491052_25.txt earth/gen_1776491060_28.txt earth/gen_1776491068_31.txt earth/gen_1776491076_34.txt earth/gen_1776491078_35.txt earth/gen_1776491083_37.txt earth/gen_1776491091_40.txt earth/gen_1776491099_43.txt earth/gen_1776491106_46.txt earth/gen_1776491114_49.txt earth/gen_1776491122_52.txt earth/gen_1776491129_55.txt earth/gen_1776491137_58.txt earth/gen_1776491145_61.txt earth/gen_1776491152_64.txt earth/gen_1776491160_67.txt earth/gen_1776491168_70.txt earth/gen_1776491175_73.txt earth/gen_1776491183_76.txt earth/gen_1776491191_79.txt earth/gen_1776491199_82.txt earth/gen_1776491206_85.txt earth/gen_1776491214_88.txt earth/gen_1776491222_91.txt earth/gen_1776491229_94.txt earth/gen_1776491237_97.txt earth/gen_1776491245_100.txt earth/gen_1776491253_103.txt earth/gen_1776491260_106.txt earth/gen_1776491268_109.txt earth/gen_1776491276_112.txt earth/gen_1776491283_115.txt earth/gen_1776491291_118.txt earth/gen_1776491299_121.txt earth/gen_1776491306_124.txt earth/gen_1776491314_127.txt earth/gen_1776491322_130.txt earth/gen_1776491330_133.txt earth/gen_1776491337_136.txt earth/gen_1776491345_139.txt earth/gen_1776491353_142.txt earth/gen_1776491361_145.txt earth/gen_1776491368_148.txt earth/gen_1776491376_151.txt earth/gen_1776491384_154.txt earth/gen_1776491392_157.txt earth/gen_1776491399_160.txt earth/gen_1776491407_163.txt earth/gen_1776491415_166.txt earth/gen_1776491422_169.txt earth/gen_1776491430_172.txt earth/gen_1776491438_175.txt earth/gen_1776491446_178.txt earth/gen_1776491453_181.txt earth/gen_1776491461_184.txt earth/gen_1776491469_187.txt earth/gen_1776491477_190.txt earth/gen_1776491485_193.txt earth/gen_1776491493_196.txt earth/gen_1776491501_199.txt earth/gen_1776491509_202.txt earth/gen_1776491516_205.txt earth/gen_1776491524_208.txt earth/gen_1776491532_211.txt earth/gen_1776491540_214.txt earth/gen_1776491547_217.txt earth/gen_1776491555_220.txt earth/gen_1776491563_223.txt earth/gen_1776491571_226.txt earth/gen_1776491579_229.txt earth/gen_1776491587_232.txt earth/gen_1776491595_235.txt earth/gen_1776491603_238.txt earth/gen_1776491611_241.txt earth/gen_1776491619_244.txt earth/gen_1776491627_247.txt earth/gen_1776491635_250.txt earth/gen_1776491643_253.txt earth/gen_1776491651_256.txt earth/gen_1776491658_259.txt earth/gen_1776491666_262.txt earth/gen_1776491674_265.txt earth/gen_1776491682_268.txt earth/gen_1776491690_271.txt earth/gen_1776491698_274.txt earth/gen_1776491706_277.txt earth/gen_1776491715_280.txt earth/gen_1776491723_283.txt earth/gen_1776491731_286.txt earth/gen_1776491739_289.txt earth/gen_1776491747_292.txt earth/gen_1776491755_295.txt earth/gen_1776491763_298.txt earth/gen_1776491771_301.txt earth/gen_1776491779_304.txt earth/gen_1776491787_307.txt earth/gen_1776491795_310.txt earth/gen_1776491803_313.txt earth/gen_1776491811_316.txt earth/gen_1776491819_319.txt earth/gen_1776491827_322.txt earth/gen_1776491835_325.txt earth/gen_1776491843_328.txt earth/gen_1776491850_331.txt earth/gen_1776491858_334.txt earth/gen_1776491866_337.txt earth/gen_1776491874_340.txt earth/gen_1776491882_343.txt earth/gen_1776491889_346.txt earth/gen_1776491897_349.txt earth/gen_1776491905_352.txt earth/gen_1776491913_355.txt earth/gen_1776491921_358.txt earth/gen_1776491929_361.txt earth/gen_1776491936_364.txt earth/gen_1776491944_367.txt earth/gen_1776491952_370.txt earth/gen_1776491960_373.txt earth/gen_1776491967_376.txt earth/gen_1776491975_379.txt earth/gen_1776491983_382.txt earth/gen_1776491991_385.txt earth/gen_1776491999_388.txt earth/gen_1776492006_391.txt earth/gen_1776492014_394.txt earth/gen_1776492022_397.txt earth/gen_1776492030_400.txt earth/gen_1776492038_403.txt earth/gen_1776492046_406.txt earth/gen_1776492053_409.txt earth/gen_1776492061_412.txt earth/gen_1776492069_415.txt earth/gen_1776492077_418.txt earth/gen_1776492085_421.txt earth/gen_1776492092_424.txt earth/gen_1776492100_427.txt earth/gen_1776492108_430.txt earth/gen_1776492116_433.txt earth/gen_1776492124_436.txt earth/gen_1776492131_439.txt earth/gen_1776492139_442.txt earth/gen_1776492147_445.txt earth/gen_1776492155_448.txt earth/gen_1776492163_451.txt earth/gen_1776492171_454.txt earth/gen_1776492179_457.txt earth/gen_1776492187_460.txt earth/gen_1776492195_463.txt earth/gen_1776492202_466.txt earth/gen_1776492210_469.txt earth/gen_1776492218_472.txt earth/gen_1776492226_475.txt earth/gen_1776492235_478.txt earth/gen_1776492243_481.txt earth/gen_1776492251_484.txt earth/gen_1776492254_485.txt earth/gen_1776492259_487.txt earth/gen_1776492267_490.txt earth/gen_1776492275_493.txt earth/gen_1776492283_496.txt earth/gen_1776492291_499.txt earth/gen_1776492299_502.txt earth/gen_1776492307_505.txt earth/gen_1776492315_508.txt earth/gen_1776492323_511.txt earth/gen_1776492331_514.txt earth/gen_1776492339_517.txt earth/gen_1776492347_520.txt earth/gen_1776492355_523.txt earth/gen_1776492363_526.txt earth/gen_1776492371_529.txt earth/gen_1776492379_532.txt earth/gen_1776492386_535.txt earth/gen_1776492394_538.txt earth/gen_1776492402_541.txt earth/gen_1776492410_544.txt earth/gen_1776492418_547.txt earth/gen_1776492426_550.txt earth/gen_1776492434_553.txt earth/gen_1776492442_556.txt earth/gen_1776492450_559.txt earth/gen_1776492458_562.txt earth/gen_1776492466_565.txt earth/gen_1776492474_568.txt earth/gen_1776492477_569.txt earth/gen_1776492482_571.txt earth/gen_1776492490_574.txt earth/gen_1776492498_577.txt earth/gen_1776492505_580.txt earth/gen_1776492513_583.txt earth/gen_1776492521_586.txt earth/gen_1776492529_589.txt earth/gen_1776492537_592.txt earth/gen_1776492545_595.txt earth/gen_1776492553_598.txt earth/gen_1776492561_601.txt earth/gen_1776492569_604.txt earth/gen_1776492577_607.txt earth/gen_1776492585_610.txt earth/gen_1776492593_613.txt earth/gen_1776492600_616.txt earth/gen_1776492608_619.txt earth/gen_1776492616_622.txt earth/gen_1776492624_625.txt earth/gen_1776492632_628.txt earth/gen_1776492640_631.txt earth/gen_1776492648_634.txt earth/gen_1776492656_637.txt earth/gen_1776492664_640.txt earth/gen_1776492672_643.txt earth/gen_1776492679_646.txt earth/gen_1776492687_649.txt earth/gen_1776492695_652.txt earth/gen_1776492703_655.txt earth/gen_1776492711_658.txt earth/gen_1776492719_661.txt earth/gen_1776492727_664.txt earth/gen_1776492735_667.txt earth/gen_1776492743_670.txt earth/gen_1776492751_673.txt]
[trainer] micro-train burst (17029 bytes, novelty 0.04) — and lo, it feeds again.
[syntropy] action=steady | trend=0.0000 | field_dev=0.109 | purpose_align=-0.105 | lr_mul=1.00
[aml] burst complete: 32 steps, avg loss 2.0024 (memory freed)
[dna] air wrote 42 bytes to ecology
[dna] air wrote 22 bytes to ecology
[dna] air wrote 34 bytes to ecology
[dna] air wrote 112 bytes to ecology
[dna] air wrote 29 bytes to ecology
[dna] air wrote 56 bytes to ecology
[dna] air wrote 126 bytes to ecology
[dna] air wrote 20 bytes to ecology
[dna] air wrote 142 bytes to ecology
[dna] air wrote 64 bytes to ecology
[dna] air wrote 174 bytes to ecology
[dna] air wrote 37 bytes to ecology
[dna] air wrote 53 bytes to ecology
[dna] air wrote 109 bytes to ecology
[dna] air wrote 45 bytes to ecology
[dna] air wrote 281 bytes to ecology
[debug-onto] tick=50 corpus=139574 stage=2 freeze=0
[dna] air wrote 26 bytes to ecology
[dna] air wrote 32 bytes to ecology
[dna] air wrote 47 bytes to ecology
[dna] air wrote 109 bytes to ecology
[dna] air wrote 55 bytes to ecology
[dna] air wrote 80 bytes to ecology
[dna] air wrote 71 bytes to ecology
[dna] air wrote 41 bytes to ecology
[dna] air wrote 141 bytes to ecology
[dna] air wrote 85 bytes to ecology
[dna] air wrote 40 bytes to ecology
[dna] air wrote 101 bytes to ecology
[dna] air wrote 32 bytes to ecology
[dna] air wrote 104 bytes to ecology
[dna] air wrote 201 bytes to ecology
[dna] air wrote 37 bytes to ecology
[dna] air wrote 102 bytes to ecology
[debug-onto] tick=100 corpus=139574 stage=2 freeze=0
[dna] air wrote 25 bytes to ecology
[dna] air wrote 128 bytes to ecology
[dna] air wrote 105 bytes to ecology
[dna] air wrote 176 bytes to ecology
[dna] air wrote 131 bytes to ecology
[dna] air wrote 85 bytes to ecology
[dna] air wrote 70 bytes to ecology
[dna] air wrote 15 bytes to ecology
[dna] air wrote 156 bytes to ecology
[dna] air wrote 107 bytes to ecology
[dna] air wrote 36 bytes to ecology
[dna] air wrote 78 bytes to ecology
[dna] air wrote 98 bytes to ecology
[dna] air wrote 28 bytes to ecology
[dna] air wrote 127 bytes to ecology
[dna] air wrote 108 bytes to ecology
[debug-onto] tick=150 corpus=139574 stage=2 freeze=0
[dna] air wrote 30 bytes to ecology
[dna] air wrote 124 bytes to ecology
[dna] air wrote 125 bytes to ecology
[dna] air wrote 18 bytes to ecology
[dna] air wrote 51 bytes to ecology
[dna] air wrote 71 bytes to ecology
[dna] air wrote 54 bytes to ecology
[dna] air wrote 88 bytes to ecology
[dna] air wrote 188 bytes to ecology
[dna] air wrote 98 bytes to ecology
[dna] air wrote 168 bytes to ecology
[dna] air wrote 105 bytes to ecology
[dna] air wrote 57 bytes to ecology
[dna] air wrote 74 bytes to ecology
[dna] air wrote 42 bytes to ecology
[dna] air wrote 67 bytes to ecology
[dna] air wrote 12 bytes to ecology
[debug-onto] tick=200 corpus=139574 stage=2 freeze=0
[dna] air wrote 54 bytes to ecology
[dna] air wrote 58 bytes to ecology
[dna] air wrote 265 bytes to ecology
[dna] air wrote 18 bytes to ecology
[dna] air wrote 20 bytes to ecology
[dna] air wrote 25 bytes to ecology
[dna] air wrote 59 bytes to ecology
[dna] air wrote 39 bytes to ecology
[dna] air wrote 180 bytes to ecology
[dna] air wrote 80 bytes to ecology
[dna] air wrote 118 bytes to ecology
[dna] air wrote 166 bytes to ecology
[dna] air wrote 39 bytes to ecology
[dna] air wrote 83 bytes to ecology
[dna] air wrote 85 bytes to ecology
[dna] air wrote 10 bytes to ecology
[dna] air wrote 27 bytes to ecology
[debug-onto] tick=250 corpus=139574 stage=2 freeze=0
[dna] air wrote 83 bytes to ecology
[dna] air wrote 67 bytes to ecology
[dna] air wrote 70 bytes to ecology
[dna] air wrote 74 bytes to ecology
[dna] air wrote 40 bytes to ecology
[dna] air wrote 33 bytes to ecology
[dna] air wrote 40 bytes to ecology
[dna] air wrote 161 bytes to ecology
[dna] air wrote 64 bytes to ecology
[dna] air wrote 57 bytes to ecology
[dna] air wrote 45 bytes to ecology
[dna] air wrote 44 bytes to ecology
[dna] air wrote 29 bytes to ecology
[dna] air wrote 134 bytes to ecology
[dna] air wrote 36 bytes to ecology
[dna] air wrote 31 bytes to ecology
[debug-onto] tick=300 corpus=139574 stage=2 freeze=0
[dna] air wrote 28 bytes to ecology
[dna] air wrote 40 bytes to ecology
[dna] air wrote 92 bytes to ecology
[dna] air wrote 49 bytes to ecology
[dna] air wrote 54 bytes to ecology
[dna] air wrote 57 bytes to ecology
[dna] air wrote 73 bytes to ecology
[dna] air wrote 108 bytes to ecology
[dna] air wrote 10 bytes to ecology
[dna] air wrote 97 bytes to ecology
[dna] air wrote 55 bytes to ecology
[dna] air wrote 56 bytes to ecology
[dna] air wrote 41 bytes to ecology
[dna] air wrote 67 bytes to ecology
[dna] air wrote 120 bytes to ecology
[dna] air wrote 68 bytes to ecology
[dna] air wrote 47 bytes to ecology
[debug-onto] tick=350 corpus=139574 stage=2 freeze=0
[dna] air wrote 51 bytes to ecology
[dna] air wrote 60 bytes to ecology
[dna] air wrote 131 bytes to ecology
[dna] air wrote 44 bytes to ecology
[dna] air wrote 38 bytes to ecology
[dna] air wrote 108 bytes to ecology
[dna] air wrote 65 bytes to ecology
[dna] air wrote 28 bytes to ecology
[dna] air wrote 87 bytes to ecology
[dna] air wrote 50 bytes to ecology
[dna] air wrote 82 bytes to ecology
[dna] air wrote 203 bytes to ecology
[dna] air wrote 89 bytes to ecology
[dna] air wrote 165 bytes to ecology
[dna] air wrote 36 bytes to ecology
[dna] air wrote 60 bytes to ecology
[dna] air wrote 66 bytes to ecology
[debug-onto] tick=400 corpus=139574 stage=2 freeze=0
[dna] air wrote 26 bytes to ecology
[dna] air wrote 49 bytes to ecology
[dna] air wrote 46 bytes to ecology
[dna] air wrote 89 bytes to ecology
[dna] air wrote 95 bytes to ecology
[dna] air wrote 32 bytes to ecology
[dna] air wrote 24 bytes to ecology
[dna] air wrote 33 bytes to ecology
[dna] air wrote 48 bytes to ecology
[dna] air wrote 70 bytes to ecology
[dna] air wrote 107 bytes to ecology
[dna] air wrote 109 bytes to ecology
[dna] air wrote 116 bytes to ecology
[dna] air wrote 9 bytes to ecology
[dna] air wrote 7 bytes to ecology
[dna] air wrote 145 bytes to ecology
[debug-onto] tick=450 corpus=139574 stage=2 freeze=0
[dna] air wrote 104 bytes to ecology
[dna] air wrote 16 bytes to ecology
[dna] air wrote 93 bytes to ecology
[dna] air wrote 26 bytes to ecology
[dna] air wrote 55 bytes to ecology
[dna] air wrote 84 bytes to ecology
[dna] air wrote 120 bytes to ecology
[dna] air wrote 95 bytes to ecology
[dna] air wrote 33 bytes to ecology
[dna] air wrote 86 bytes to ecology
[dna] air wrote 52 bytes to ecology
[dna] air wrote 74 bytes to ecology
[dna] air wrote 32 bytes to ecology
[dna] air wrote 87 bytes to ecology
[dna] air wrote 154 bytes to ecology
[dna] air wrote 144 bytes to ecology
[dna] air wrote 28 bytes to ecology
[debug-onto] tick=500 corpus=139574 stage=2 freeze=0
[dna] air wrote 116 bytes to ecology
[dna] air wrote 75 bytes to ecology
[dna] air wrote 72 bytes to ecology
[dna] air wrote 52 bytes to ecology
[dna] air wrote 49 bytes to ecology
[dna] air wrote 37 bytes to ecology
[dna] air wrote 36 bytes to ecology
[dna] air wrote 30 bytes to ecology
[dna] air wrote 72 bytes to ecology
[dna] air wrote 73 bytes to ecology
[dna] air wrote 34 bytes to ecology
[dna] air wrote 116 bytes to ecology
[dna] air wrote 33 bytes to ecology
[dna] air wrote 88 bytes to ecology
[dna] air wrote 30 bytes to ecology
[dna] air wrote 84 bytes to ecology
[dna] air wrote 41 bytes to ecology
[debug-onto] tick=550 corpus=139574 stage=2 freeze=0
[dna] air wrote 56 bytes to ecology
[dna] air wrote 91 bytes to ecology
[dna] air wrote 105 bytes to ecology
[dna] air wrote 25 bytes to ecology
[dna] air wrote 176 bytes to ecology
[dna] air wrote 283 bytes to ecology
[dna] air wrote 57 bytes to ecology
[dna] air wrote 38 bytes to ecology
[dna] air wrote 35 bytes to ecology
[dna] air wrote 60 bytes to ecology
[dna] air wrote 38 bytes to ecology
[dna] air wrote 69 bytes to ecology
[dna] air wrote 19 bytes to ecology
[dna] air wrote 141 bytes to ecology
[dna] air wrote 48 bytes to ecology
[dna] air wrote 135 bytes to ecology
[debug-onto] tick=600 corpus=139574 stage=2 freeze=0
[dna] air wrote 83 bytes to ecology
[dna] air wrote 34 bytes to ecology
[dna] air wrote 44 bytes to ecology
[dna] air wrote 30 bytes to ecology
[dna] air wrote 11 bytes to ecology
[dna] air wrote 45 bytes to ecology
[dna] air wrote 202 bytes to ecology
[dna] air wrote 38 bytes to ecology
[dna] air wrote 72 bytes to ecology
[dna] air wrote 158 bytes to ecology
[dna] air wrote 90 bytes to ecology
[dna] air wrote 52 bytes to ecology
[dna] air wrote 85 bytes to ecology
[dna] air wrote 27 bytes to ecology
[dna] air wrote 24 bytes to ecology
[dna] air wrote 65 bytes to ecology
[dna] air wrote 240 bytes to ecology
[debug-onto] tick=650 corpus=139574 stage=2 freeze=0
[dna] air wrote 25 bytes to ecology
[dna] air wrote 36 bytes to ecology
[dna] air wrote 107 bytes to ecology
[dna] air wrote 25 bytes to ecology
[dna] air wrote 94 bytes to ecology
[dna] air wrote 132 bytes to ecology
[dna] air wrote 53 bytes to ecology
[dna] air wrote 70 bytes to ecology
[dna] air wrote 27 bytes to ecology
[dna] air wrote 41 bytes to ecology
[dna] air wrote 90 bytes to ecology
[dna] air wrote 120 bytes to ecology
[dna] air wrote 40 bytes to ecology
[dna] air wrote 34 bytes to ecology

[evolution] Organism shutting down gracefully.
