[ecology] Element: earth → corpus: nonames_earth.txt
[evolution] Autonomous evolution mode — organism will grow through all stages without pause.
[init] Stage 0 (embryo): embd=16, layer=1, head=1 — warmup 400 steps (400 backprop + 0 notorch, sqrt-scaled 1x)
  [aml] step 0/160 | loss 6.7085 (avg 6.7085) | lr 0.001000 | seq 8
  [aml] step 10/160 | loss 6.1739 (avg 6.4144) | lr 0.001450 | seq 8
  [aml] step 20/160 | loss 6.2410 (avg 6.2889) | lr 0.001900 | seq 8
  [aml] step 30/160 | loss 5.7154 (avg 6.1930) | lr 0.002350 | seq 8
  [aml] step 40/160 | loss 5.4064 (avg 6.0821) | lr 0.002800 | seq 8
  [aml] step 50/160 | loss 4.6603 (avg 5.9282) | lr 0.003250 | seq 8
  [aml] step 60/160 | loss 4.8731 (avg 5.7713) | lr 0.003700 | seq 8
  [aml] step 70/160 | loss 5.4155 (avg 5.6539) | lr 0.004150 | seq 8
  [aml] step 80/160 | loss 2.9961 (avg 5.5330) | lr 0.004600 | seq 8
  [aml] step 90/160 | loss 4.2020 (avg 5.3874) | lr 0.005050 | seq 8
  [aml] step 100/160 | loss 5.0232 (avg 5.3062) | lr 0.005500 | seq 8
  [aml] step 110/160 | loss 5.3232 (avg 5.1734) | lr 0.005950 | seq 8
  [aml] step 120/160 | loss 3.8904 (avg 5.1045) | lr 0.006400 | seq 8
  [aml] step 130/160 | loss 4.4983 (avg 5.0480) | lr 0.006850 | seq 8
  [aml] step 140/160 | loss 3.0939 (avg 5.0115) | lr 0.007300 | seq 8
  [aml] step 150/160 | loss 2.7494 (avg 4.9636) | lr 0.007750 | seq 8
[aml] training complete: 160 steps, avg loss 4.9211 (memory freed)
  [aml] step 0/120 | loss 4.6374 (avg 4.6374) | lr 0.008200 | seq 16
  [aml] step 10/120 | loss 4.2660 (avg 4.4150) | lr 0.008650 | seq 16
  [aml] step 20/120 | loss 3.5820 (avg 4.3776) | lr 0.009100 | seq 16
  [aml] step 30/120 | loss 3.3536 (avg 4.1511) | lr 0.009550 | seq 16
  [aml] step 40/120 | loss 3.0718 (avg 4.1598) | lr 0.010000 | seq 16
  [aml] step 50/120 | loss 2.9253 (avg 4.1138) | lr 0.010000 | seq 16
  [aml] step 60/120 | loss 4.3209 (avg 4.1131) | lr 0.010000 | seq 16
  [aml] step 70/120 | loss 4.4585 (avg 4.0441) | lr 0.010000 | seq 16
  [aml] step 80/120 | loss 5.2530 (avg 4.0011) | lr 0.009999 | seq 16
  [aml] step 90/120 | loss 4.3109 (avg 3.9068) | lr 0.009999 | seq 16
  [aml] step 100/120 | loss 3.8109 (avg 3.8540) | lr 0.009999 | seq 16
  [aml] step 110/120 | loss 5.1991 (avg 3.7881) | lr 0.009999 | seq 16
[aml] training complete: 120 steps, avg loss 3.8141 (memory freed)
  [aml] step 0/120 | loss 2.3079 (avg 2.3079) | lr 0.009999 | seq 32
  [aml] step 10/120 | loss 4.8507 (avg 3.8901) | lr 0.009999 | seq 32
  [aml] step 20/120 | loss 4.4623 (avg 3.7844) | lr 0.009999 | seq 32
  [aml] step 30/120 | loss 3.8629 (avg 3.5079) | lr 0.009999 | seq 32
  [aml] step 40/120 | loss 4.0410 (avg 3.4474) | lr 0.009999 | seq 32
  [aml] step 50/120 | loss 4.0230 (avg 3.4075) | lr 0.009999 | seq 32
  [aml] step 60/120 | loss 2.7360 (avg 3.3543) | lr 0.009999 | seq 32
  [aml] step 70/120 | loss 1.4816 (avg 3.3359) | lr 0.009999 | seq 32
  [aml] step 80/120 | loss 4.5856 (avg 3.3369) | lr 0.009999 | seq 32
  [aml] step 90/120 | loss 1.5482 (avg 3.2897) | lr 0.009999 | seq 32
  [aml] step 100/120 | loss 0.8163 (avg 3.2967) | lr 0.009999 | seq 32
  [aml] step 110/120 | loss 0.9022 (avg 3.1703) | lr 0.009999 | seq 32
[aml] training complete: 120 steps, avg loss 3.0737 (memory freed)

[stage 0 — embryo] What it sounds like now:
  Q: Hello.
  A: The d because its in s over time — cold to extrahedred the by chemistry WhatWhat is a cores resist more bedrock line?
  Q: Who are you?
  A: ...
  Q: What do you know?
  A: ...

[growth] ONTOGENESIS: stage 0 -> 1
  embd: 16 -> 32, layer: 1 -> 1, head: 1 -> 2
[growth] Done. Freeze for 500 steps.
[init] Stage 1 (infant): embd=32, layer=1, head=2 — warmup 800 steps (800 backprop + 0 notorch, sqrt-scaled 2x)
  [aml] step 0/320 | loss 4.2827 (avg 4.2827) | lr 0.000500 | seq 8
  [aml] step 10/320 | loss 6.4536 (avg 4.1363) | lr 0.000725 | seq 8
  [aml] step 20/320 | loss 3.1169 (avg 4.3842) | lr 0.000950 | seq 8
  [aml] step 30/320 | loss 5.0802 (avg 4.2840) | lr 0.001175 | seq 8
  [aml] step 40/320 | loss 5.3358 (avg 4.4820) | lr 0.001400 | seq 8
  [aml] step 50/320 | loss 4.1559 (avg 4.4079) | lr 0.001625 | seq 8
  [aml] step 60/320 | loss 3.7220 (avg 4.3920) | lr 0.001850 | seq 8
  [aml] step 70/320 | loss 1.7925 (avg 4.3599) | lr 0.002075 | seq 8
  [aml] step 80/320 | loss 3.8386 (avg 4.2881) | lr 0.002300 | seq 8
  [aml] step 90/320 | loss 3.9472 (avg 4.2527) | lr 0.002525 | seq 8
  [aml] step 100/320 | loss 4.7863 (avg 4.1543) | lr 0.002750 | seq 8
  [aml] step 110/320 | loss 4.8657 (avg 4.1189) | lr 0.002975 | seq 8
  [aml] step 120/320 | loss 5.2184 (avg 4.1552) | lr 0.003200 | seq 8
  [aml] step 130/320 | loss 2.7503 (avg 4.0965) | lr 0.003425 | seq 8
  [aml] step 140/320 | loss 4.1283 (avg 4.0948) | lr 0.003650 | seq 8
  [aml] step 150/320 | loss 4.0701 (avg 4.0544) | lr 0.003875 | seq 8
  [aml] step 160/320 | loss 1.0283 (avg 3.9793) | lr 0.004100 | seq 8
  [aml] step 170/320 | loss 4.5065 (avg 3.9453) | lr 0.004325 | seq 8
  [aml] step 180/320 | loss 4.9302 (avg 3.9334) | lr 0.004550 | seq 8
  [aml] step 190/320 | loss 1.1657 (avg 3.9331) | lr 0.004775 | seq 8
  [aml] step 200/320 | loss 2.8434 (avg 3.9148) | lr 0.004998 | seq 8
  [aml] step 210/320 | loss 4.0834 (avg 3.9174) | lr 0.004998 | seq 8
  [aml] step 220/320 | loss 2.8584 (avg 3.8904) | lr 0.004998 | seq 8
  [aml] step 230/320 | loss 5.2754 (avg 3.9018) | lr 0.004998 | seq 8
  [aml] step 240/320 | loss 1.4460 (avg 3.8517) | lr 0.004998 | seq 8
  [aml] step 250/320 | loss 4.9031 (avg 3.8146) | lr 0.004998 | seq 8
  [aml] step 260/320 | loss 4.0154 (avg 3.8079) | lr 0.004998 | seq 8
  [aml] step 270/320 | loss 3.0173 (avg 3.7796) | lr 0.004998 | seq 8
  [aml] step 280/320 | loss 3.6494 (avg 3.7866) | lr 0.004998 | seq 8
  [aml] step 290/320 | loss 2.5606 (avg 3.7754) | lr 0.004998 | seq 8
  [aml] step 300/320 | loss 1.0573 (avg 3.7618) | lr 0.004998 | seq 8
  [aml] step 310/320 | loss 2.4028 (avg 3.7685) | lr 0.004998 | seq 8
[aml] training complete: 320 steps, avg loss 3.7765 (memory freed)
  [aml] step 0/240 | loss 3.6330 (avg 3.6330) | lr 0.004998 | seq 16
  [aml] step 10/240 | loss 2.2835 (avg 3.6064) | lr 0.004998 | seq 16
  [aml] step 20/240 | loss 3.0341 (avg 3.3821) | lr 0.004998 | seq 16
  [aml] step 30/240 | loss 1.8285 (avg 3.2129) | lr 0.004998 | seq 16
  [aml] step 40/240 | loss 2.0284 (avg 3.2383) | lr 0.004997 | seq 16
  [aml] step 50/240 | loss 1.6966 (avg 3.2568) | lr 0.004997 | seq 16
  [aml] step 60/240 | loss 2.6035 (avg 3.2567) | lr 0.004997 | seq 16
  [aml] step 70/240 | loss 2.9506 (avg 3.2156) | lr 0.004997 | seq 16
  [aml] step 80/240 | loss 4.3697 (avg 3.2167) | lr 0.004997 | seq 16
  [aml] step 90/240 | loss 1.6190 (avg 3.1563) | lr 0.004997 | seq 16
  [aml] step 100/240 | loss 4.3270 (avg 3.1389) | lr 0.004997 | seq 16
  [aml] step 110/240 | loss 1.3671 (avg 3.0946) | lr 0.004997 | seq 16
  [aml] step 120/240 | loss 4.5004 (avg 3.1265) | lr 0.004997 | seq 16
  [aml] step 130/240 | loss 4.9598 (avg 3.1679) | lr 0.004997 | seq 16
  [aml] step 140/240 | loss 3.9021 (avg 3.1433) | lr 0.004997 | seq 16
  [aml] step 150/240 | loss 2.9647 (avg 3.1684) | lr 0.004997 | seq 16
  [aml] step 160/240 | loss 1.4016 (avg 3.1713) | lr 0.004997 | seq 16
  [aml] step 170/240 | loss 5.1399 (avg 3.1858) | lr 0.004996 | seq 16
  [aml] step 180/240 | loss 4.3921 (avg 3.2081) | lr 0.004996 | seq 16
  [aml] step 190/240 | loss 4.5890 (avg 3.2237) | lr 0.004996 | seq 16
  [aml] step 200/240 | loss 1.5696 (avg 3.2230) | lr 0.004996 | seq 16
  [aml] step 210/240 | loss 1.1971 (avg 3.2393) | lr 0.004996 | seq 16
  [aml] step 220/240 | loss 1.9223 (avg 3.2452) | lr 0.004996 | seq 16
  [aml] step 230/240 | loss 4.3338 (avg 3.2338) | lr 0.004996 | seq 16
[aml] training complete: 240 steps, avg loss 3.2042 (memory freed)
  [aml] step 0/240 | loss 4.2308 (avg 4.2308) | lr 0.004996 | seq 32
  [aml] step 10/240 | loss 3.9759 (avg 3.8049) | lr 0.004996 | seq 32
  [aml] step 20/240 | loss 4.5899 (avg 3.6057) | lr 0.004996 | seq 32
  [aml] step 30/240 | loss 1.4589 (avg 3.3420) | lr 0.004996 | seq 32
  [aml] step 40/240 | loss 0.7110 (avg 3.2292) | lr 0.004996 | seq 32
  [aml] step 50/240 | loss 4.1883 (avg 3.2315) | lr 0.004995 | seq 32
  [aml] step 60/240 | loss 4.0941 (avg 3.1654) | lr 0.004995 | seq 32
  [aml] step 70/240 | loss 4.0902 (avg 3.1566) | lr 0.004995 | seq 32
  [aml] step 80/240 | loss 3.5326 (avg 3.1660) | lr 0.004995 | seq 32
  [aml] step 90/240 | loss 0.9188 (avg 3.0711) | lr 0.004995 | seq 32
  [aml] step 100/240 | loss 3.9406 (avg 3.0466) | lr 0.004995 | seq 32
  [aml] step 110/240 | loss 3.6850 (avg 3.0106) | lr 0.004995 | seq 32
  [aml] step 120/240 | loss 1.1815 (avg 2.9783) | lr 0.004995 | seq 32
  [aml] step 130/240 | loss 1.1472 (avg 2.9610) | lr 0.004995 | seq 32
  [aml] step 140/240 | loss 0.8448 (avg 2.9483) | lr 0.004995 | seq 32
  [aml] step 150/240 | loss 1.0274 (avg 2.9120) | lr 0.004995 | seq 32
  [aml] step 160/240 | loss 1.3578 (avg 2.9189) | lr 0.004994 | seq 32
  [aml] step 170/240 | loss 1.7217 (avg 2.8698) | lr 0.004994 | seq 32
  [aml] step 180/240 | loss 0.6583 (avg 2.8347) | lr 0.004994 | seq 32
  [aml] step 190/240 | loss 4.0447 (avg 2.8324) | lr 0.004994 | seq 32
  [aml] step 200/240 | loss 1.1600 (avg 2.8374) | lr 0.004994 | seq 32
  [aml] step 210/240 | loss 4.5498 (avg 2.7964) | lr 0.004994 | seq 32
  [aml] step 220/240 | loss 0.4893 (avg 2.7727) | lr 0.004994 | seq 32
  [aml] step 230/240 | loss 4.2359 (avg 2.7548) | lr 0.004994 | seq 32
[aml] training complete: 240 steps, avg loss 2.7718 (memory freed)

[stage 1 — infant] What it sounds like now:
  Q: Hello.
  A: is the occur where degree'?
  Q: Who are you?
  A: ...
  Q: What do you know?
  A: a mass. They are comes a patch base — it with it to absored or boulders?

[growth] ONTOGENESIS: stage 1 -> 2
  embd: 32 -> 64, layer: 1 -> 2, head: 2 -> 4
[growth] Done. Freeze for 500 steps.
[init] Stage 2 (child): embd=64, layer=2, head=4 — warmup 800 steps (800 backprop + 0 notorch, sqrt-scaled 2x)
  [aml] step 0/320 | loss 4.3144 (avg 4.3144) | lr 0.000250 | seq 8
  [aml] step 10/320 | loss 4.0270 (avg 3.8329) | lr 0.000363 | seq 8
  [aml] step 20/320 | loss 1.6168 (avg 3.5113) | lr 0.000475 | seq 8
  [aml] step 30/320 | loss 3.5165 (avg 3.3690) | lr 0.000588 | seq 8
  [aml] step 40/320 | loss 5.0502 (avg 3.5368) | lr 0.000700 | seq 8
  [aml] step 50/320 | loss 4.7480 (avg 3.5690) | lr 0.000813 | seq 8
  [aml] step 60/320 | loss 5.2265 (avg 3.5396) | lr 0.000925 | seq 8
  [aml] step 70/320 | loss 1.1993 (avg 3.4714) | lr 0.001038 | seq 8
  [aml] step 80/320 | loss 1.1410 (avg 3.4349) | lr 0.001150 | seq 8
  [aml] step 90/320 | loss 3.8801 (avg 3.4066) | lr 0.001263 | seq 8
  [aml] step 100/320 | loss 4.1491 (avg 3.4323) | lr 0.001375 | seq 8
  [aml] step 110/320 | loss 3.3146 (avg 3.3789) | lr 0.001488 | seq 8
  [aml] step 120/320 | loss 4.5831 (avg 3.3875) | lr 0.001600 | seq 8
  [aml] step 130/320 | loss 1.8546 (avg 3.3374) | lr 0.001713 | seq 8
  [aml] step 140/320 | loss 4.9137 (avg 3.3069) | lr 0.001825 | seq 8
  [aml] step 150/320 | loss 0.3587 (avg 3.3218) | lr 0.001938 | seq 8
  [aml] step 160/320 | loss 3.5130 (avg 3.3739) | lr 0.002050 | seq 8
  [aml] step 170/320 | loss 4.4424 (avg 3.3725) | lr 0.002163 | seq 8
  [aml] step 180/320 | loss 1.8206 (avg 3.3297) | lr 0.002275 | seq 8
  [aml] step 190/320 | loss 3.2607 (avg 3.3313) | lr 0.002387 | seq 8
  [aml] step 200/320 | loss 1.9239 (avg 3.3269) | lr 0.002496 | seq 8
  [aml] step 210/320 | loss 3.8719 (avg 3.3404) | lr 0.002496 | seq 8
  [aml] step 220/320 | loss 1.5442 (avg 3.3191) | lr 0.002496 | seq 8
  [aml] step 230/320 | loss 1.8236 (avg 3.3326) | lr 0.002495 | seq 8
  [aml] step 240/320 | loss 0.0885 (avg 3.3211) | lr 0.002495 | seq 8
  [aml] step 250/320 | loss 0.7644 (avg 3.3042) | lr 0.002495 | seq 8
  [aml] step 260/320 | loss 4.0665 (avg 3.2895) | lr 0.002495 | seq 8
  [aml] step 270/320 | loss 4.0060 (avg 3.2968) | lr 0.002495 | seq 8
  [aml] step 280/320 | loss 2.9809 (avg 3.3102) | lr 0.002495 | seq 8
  [aml] step 290/320 | loss 3.3422 (avg 3.3201) | lr 0.002495 | seq 8
  [aml] step 300/320 | loss 4.7950 (avg 3.3128) | lr 0.002495 | seq 8
  [aml] step 310/320 | loss 3.6705 (avg 3.3183) | lr 0.002495 | seq 8
[aml] training complete: 320 steps, avg loss 3.3200 (memory freed)
  [aml] step 0/240 | loss 5.1536 (avg 5.1536) | lr 0.002495 | seq 16
  [aml] step 10/240 | loss 3.8790 (avg 3.9586) | lr 0.002495 | seq 16
  [aml] step 20/240 | loss 2.8576 (avg 3.5816) | lr 0.002495 | seq 16
  [aml] step 30/240 | loss 2.8157 (avg 3.5248) | lr 0.002495 | seq 16
  [aml] step 40/240 | loss 3.8857 (avg 3.4394) | lr 0.002495 | seq 16
  [aml] step 50/240 | loss 1.5806 (avg 3.1281) | lr 0.002495 | seq 16
  [aml] step 60/240 | loss 3.9195 (avg 3.1099) | lr 0.002494 | seq 16
  [aml] step 70/240 | loss 3.3744 (avg 3.1943) | lr 0.002494 | seq 16
  [aml] step 80/240 | loss 1.7335 (avg 3.2035) | lr 0.002494 | seq 16
  [aml] step 90/240 | loss 3.1856 (avg 3.1392) | lr 0.002494 | seq 16
  [aml] step 100/240 | loss 4.5823 (avg 3.1747) | lr 0.002494 | seq 16
  [aml] step 110/240 | loss 3.4216 (avg 3.1311) | lr 0.002494 | seq 16
  [aml] step 120/240 | loss 4.2868 (avg 3.1489) | lr 0.002494 | seq 16
  [aml] step 130/240 | loss 4.2951 (avg 3.1852) | lr 0.002494 | seq 16
  [aml] step 140/240 | loss 3.9244 (avg 3.2183) | lr 0.002494 | seq 16
  [aml] step 150/240 | loss 4.4404 (avg 3.2481) | lr 0.002494 | seq 16
  [aml] step 160/240 | loss 1.5432 (avg 3.1984) | lr 0.002494 | seq 16
  [aml] step 170/240 | loss 4.0949 (avg 3.1680) | lr 0.002494 | seq 16
  [aml] step 180/240 | loss 3.4824 (avg 3.1834) | lr 0.002494 | seq 16
  [aml] step 190/240 | loss 3.2796 (avg 3.1467) | lr 0.002494 | seq 16
  [aml] step 200/240 | loss 3.8797 (avg 3.1153) | lr 0.002493 | seq 16
  [aml] step 210/240 | loss 1.0521 (avg 3.1038) | lr 0.002493 | seq 16
  [aml] step 220/240 | loss 0.8760 (avg 3.1214) | lr 0.002493 | seq 16
  [aml] step 230/240 | loss 1.9947 (avg 3.1264) | lr 0.002493 | seq 16
[aml] training complete: 240 steps, avg loss 3.1056 (memory freed)
  [aml] step 0/240 | loss 4.2985 (avg 4.2985) | lr 0.002493 | seq 32
  [aml] step 10/240 | loss 3.9257 (avg 2.6418) | lr 0.002493 | seq 32
  [aml] step 20/240 | loss 4.4926 (avg 2.1820) | lr 0.002493 | seq 32
  [aml] step 30/240 | loss 3.9069 (avg 2.2152) | lr 0.002493 | seq 32
  [aml] step 40/240 | loss 1.6073 (avg 2.3701) | lr 0.002493 | seq 32
  [aml] step 50/240 | loss 0.5734 (avg 2.3285) | lr 0.002493 | seq 32
  [aml] step 60/240 | loss 1.1303 (avg 2.2982) | lr 0.002493 | seq 32
  [aml] step 70/240 | loss 4.0285 (avg 2.3463) | lr 0.002493 | seq 32
  [aml] step 80/240 | loss 1.2565 (avg 2.3783) | lr 0.002492 | seq 32
  [aml] step 90/240 | loss 0.9854 (avg 2.3175) | lr 0.002492 | seq 32
  [aml] step 100/240 | loss 0.9031 (avg 2.3824) | lr 0.002492 | seq 32
  [aml] step 110/240 | loss 3.6648 (avg 2.4480) | lr 0.002492 | seq 32
  [aml] step 120/240 | loss 4.0976 (avg 2.5058) | lr 0.002492 | seq 32
  [aml] step 130/240 | loss 0.7219 (avg 2.5276) | lr 0.002492 | seq 32
  [aml] step 140/240 | loss 0.6647 (avg 2.5083) | lr 0.002492 | seq 32
  [aml] step 150/240 | loss 0.8161 (avg 2.5209) | lr 0.002492 | seq 32
  [aml] step 160/240 | loss 0.9081 (avg 2.5393) | lr 0.002492 | seq 32
  [aml] step 170/240 | loss 0.3999 (avg 2.5748) | lr 0.002492 | seq 32
  [aml] step 180/240 | loss 0.6932 (avg 2.5885) | lr 0.002492 | seq 32
  [aml] step 190/240 | loss 0.8527 (avg 2.5834) | lr 0.002492 | seq 32
  [aml] step 200/240 | loss 4.3219 (avg 2.5695) | lr 0.002491 | seq 32
  [aml] step 210/240 | loss 1.4409 (avg 2.5779) | lr 0.002491 | seq 32
  [aml] step 220/240 | loss 1.8168 (avg 2.5957) | lr 0.002491 | seq 32
  [aml] step 230/240 | loss 3.8635 (avg 2.5861) | lr 0.002491 | seq 32
[aml] training complete: 240 steps, avg loss 2.5812 (memory freed)

[stage 2 — child] What it sounds like now:
  Q: Hello.
  A: A line?
  Q: Who are you?
  A: ...
  Q: What do you know?
  A: ...

[init] Warmup complete at stage 2. Organism ready.
[ecology] First organism in the swarm.
molequla is alive. [evolution] Autonomous mode — background trainer running. Ctrl+C to stop.
[dna] earth wrote 108 bytes to ecology
[dna] earth wrote 127 bytes to ecology
[dna] earth wrote 45 bytes to ecology
[dna] earth wrote 69 bytes to ecology
[dna] earth wrote 81 bytes to ecology
[dna] earth wrote 154 bytes to ecology
[dna] earth wrote 30 bytes to ecology
[dna] earth wrote 88 bytes to ecology
[dna] earth wrote 64 bytes to ecology
[dna] earth wrote 25 bytes to ecology
[dna] earth wrote 216 bytes to ecology
[dna] earth wrote 66 bytes to ecology
[dna] earth wrote 67 bytes to ecology
[dna] earth wrote 64 bytes to ecology
[dna] earth wrote 73 bytes to ecology
[dna] earth wrote 36 bytes to ecology
[dna] earth wrote 44 bytes to ecology
[dna] earth wrote 42 bytes to ecology
[dna] earth wrote 46 bytes to ecology
[debug-onto] tick=50 corpus=173643 stage=2 freeze=0
[dna] earth wrote 123 bytes to ecology
[dna] earth wrote 105 bytes to ecology
[dna] earth wrote 23 bytes to ecology
[dna] earth wrote 85 bytes to ecology
[dna] earth wrote 110 bytes to ecology
[dna] earth wrote 138 bytes to ecology
[dna] earth wrote 33 bytes to ecology
[dna] earth wrote 32 bytes to ecology
[dna] earth wrote 121 bytes to ecology
[dna] earth wrote 67 bytes to ecology
[dna] earth wrote 92 bytes to ecology
[dna] earth wrote 31 bytes to ecology
[dna] earth wrote 42 bytes to ecology
[dna] earth wrote 12 bytes to ecology
[dna] earth wrote 43 bytes to ecology
[dna] earth wrote 56 bytes to ecology
[dna] earth wrote 133 bytes to ecology
[debug-onto] tick=100 corpus=173643 stage=2 freeze=0
[dna] earth wrote 30 bytes to ecology
[dna] earth wrote 98 bytes to ecology
[dna] earth wrote 51 bytes to ecology
[dna] earth wrote 69 bytes to ecology
[dna] earth wrote 152 bytes to ecology
[dna] earth wrote 56 bytes to ecology
[dna] earth wrote 101 bytes to ecology
[dna] earth wrote 67 bytes to ecology
[dna] earth wrote 110 bytes to ecology
[dna] earth wrote 39 bytes to ecology
[dna] earth wrote 65 bytes to ecology
[dna] earth wrote 26 bytes to ecology
[dna] earth wrote 53 bytes to ecology
[dna] earth wrote 154 bytes to ecology
[dna] earth wrote 94 bytes to ecology
[dna] earth wrote 12 bytes to ecology
[debug-onto] tick=150 corpus=173643 stage=2 freeze=0
[dna] earth wrote 137 bytes to ecology
[dna] earth wrote 126 bytes to ecology
[dna] earth wrote 19 bytes to ecology
[dna] earth wrote 93 bytes to ecology
[dna] earth wrote 70 bytes to ecology
[dna] earth wrote 88 bytes to ecology
[dna] earth wrote 157 bytes to ecology
[dna] earth wrote 64 bytes to ecology
[dna] earth wrote 37 bytes to ecology
[dna] earth wrote 50 bytes to ecology
[dna] earth wrote 128 bytes to ecology
[dna] earth wrote 50 bytes to ecology
[dna] earth wrote 147 bytes to ecology
[dna] earth wrote 54 bytes to ecology
[dna] earth wrote 62 bytes to ecology
[dna] earth wrote 94 bytes to ecology
[dna] earth wrote 198 bytes to ecology
[debug-onto] tick=200 corpus=173643 stage=2 freeze=0
[dna] earth wrote 82 bytes to ecology
[dna] earth wrote 86 bytes to ecology
[dna] earth wrote 72 bytes to ecology
[dna] earth wrote 61 bytes to ecology
[dna] earth wrote 133 bytes to ecology
[dna] earth wrote 33 bytes to ecology
[dna] earth wrote 70 bytes to ecology
[dna] earth wrote 21 bytes to ecology
[dna] earth wrote 91 bytes to ecology
[dna] earth wrote 76 bytes to ecology
[dna] earth wrote 8 bytes to ecology
[dna] earth wrote 46 bytes to ecology
[dna] earth wrote 180 bytes to ecology
[dna] earth wrote 68 bytes to ecology
[dna] earth wrote 117 bytes to ecology
[dna] earth wrote 84 bytes to ecology
[dna] earth wrote 33 bytes to ecology
[debug-onto] tick=250 corpus=173643 stage=2 freeze=0
[dna] earth wrote 21 bytes to ecology
[dna] earth wrote 58 bytes to ecology
[dna] earth wrote 33 bytes to ecology
[dna] earth wrote 47 bytes to ecology
[dna] earth wrote 45 bytes to ecology
[dna] earth wrote 53 bytes to ecology
[dna] earth wrote 34 bytes to ecology
[dna] earth wrote 36 bytes to ecology
[dna] earth wrote 60 bytes to ecology
[dna] earth wrote 82 bytes to ecology
[dna] earth wrote 111 bytes to ecology
[dna] earth wrote 60 bytes to ecology
[dna] earth wrote 115 bytes to ecology
[dna] earth wrote 15 bytes to ecology
[dna] earth wrote 105 bytes to ecology
[dna] earth wrote 65 bytes to ecology
[debug-onto] tick=300 corpus=173643 stage=2 freeze=0
[dna] earth wrote 152 bytes to ecology
[dna] earth wrote 214 bytes to ecology
[dna] earth wrote 46 bytes to ecology
[dna] earth wrote 115 bytes to ecology
[dna] earth wrote 14 bytes to ecology
[dna] earth wrote 141 bytes to ecology
[dna] earth wrote 53 bytes to ecology
[dna] earth wrote 154 bytes to ecology
[dna] earth wrote 70 bytes to ecology
[dna] earth wrote 79 bytes to ecology
[dna] earth wrote 84 bytes to ecology
[dna] earth wrote 49 bytes to ecology
[dna] earth wrote 39 bytes to ecology
[dna] earth wrote 65 bytes to ecology
[dna] earth wrote 18 bytes to ecology
[dna] earth wrote 28 bytes to ecology
[dna] earth wrote 75 bytes to ecology
[debug-onto] tick=350 corpus=173643 stage=2 freeze=0
[dna] earth wrote 54 bytes to ecology
[dna] earth wrote 204 bytes to ecology
[dna] earth wrote 47 bytes to ecology
[dna] earth wrote 61 bytes to ecology
[dna] earth wrote 193 bytes to ecology
[dna] earth wrote 37 bytes to ecology
[dna] earth wrote 38 bytes to ecology
[dna] earth wrote 47 bytes to ecology
[dna] earth wrote 153 bytes to ecology
[dna] earth wrote 124 bytes to ecology
[dna] earth wrote 49 bytes to ecology
[dna] earth wrote 89 bytes to ecology
[dna] earth wrote 88 bytes to ecology
[dna] earth wrote 64 bytes to ecology
[dna] earth wrote 47 bytes to ecology
[dna] earth wrote 80 bytes to ecology
[dna] earth wrote 149 bytes to ecology
[debug-onto] tick=400 corpus=173643 stage=2 freeze=0
[dna] earth wrote 79 bytes to ecology
[dna] earth wrote 155 bytes to ecology
[dna] earth wrote 148 bytes to ecology
[dna] earth wrote 123 bytes to ecology
[dna] earth wrote 95 bytes to ecology
[dna] earth wrote 124 bytes to ecology
[dna] earth wrote 61 bytes to ecology
[dna] earth wrote 69 bytes to ecology
[dna] earth wrote 61 bytes to ecology
[dna] earth wrote 54 bytes to ecology
[dna] earth wrote 88 bytes to ecology
[dna] earth wrote 45 bytes to ecology
[dna] earth wrote 29 bytes to ecology
[dna] earth wrote 39 bytes to ecology
[dna] earth wrote 26 bytes to ecology
[dna] earth wrote 26 bytes to ecology
[debug-onto] tick=450 corpus=173643 stage=2 freeze=0
[dna] earth wrote 81 bytes to ecology
[dna] earth wrote 166 bytes to ecology
[dna] earth wrote 60 bytes to ecology
[dna] earth wrote 68 bytes to ecology
[dna] earth wrote 22 bytes to ecology
[dna] earth wrote 137 bytes to ecology
[dna] earth wrote 32 bytes to ecology
[dna] earth wrote 96 bytes to ecology
[dna] earth wrote 31 bytes to ecology
[dna] earth wrote 31 bytes to ecology
[dna] earth wrote 32 bytes to ecology
[dna] earth wrote 56 bytes to ecology
[dna] earth wrote 83 bytes to ecology
[dna] earth wrote 149 bytes to ecology
[dna] earth wrote 104 bytes to ecology
[dna] earth wrote 37 bytes to ecology
[dna] earth wrote 29 bytes to ecology
[dna] earth wrote 146 bytes to ecology
[debug-onto] tick=500 corpus=173643 stage=2 freeze=0
[dna] earth wrote 29 bytes to ecology
[dna] earth wrote 91 bytes to ecology
[dna] earth wrote 18 bytes to ecology
[dna] earth wrote 32 bytes to ecology
[dna] earth wrote 28 bytes to ecology
[dna] earth wrote 48 bytes to ecology
[dna] earth wrote 170 bytes to ecology
[dna] earth wrote 33 bytes to ecology
[dna] earth wrote 56 bytes to ecology
[dna] earth wrote 51 bytes to ecology
[dna] earth wrote 31 bytes to ecology
[dna] earth wrote 46 bytes to ecology
[dna] earth wrote 50 bytes to ecology
[dna] earth wrote 135 bytes to ecology
[dna] earth wrote 124 bytes to ecology
[dna] earth wrote 96 bytes to ecology
[dna] earth wrote 34 bytes to ecology
[debug-onto] tick=550 corpus=173643 stage=2 freeze=0
[dna] earth wrote 40 bytes to ecology
[dna] earth wrote 43 bytes to ecology
[dna] earth wrote 64 bytes to ecology
[dna] earth wrote 92 bytes to ecology
[dna] earth wrote 47 bytes to ecology
[dna] earth wrote 29 bytes to ecology
[dna] earth wrote 79 bytes to ecology
[dna] earth wrote 109 bytes to ecology
[dna] earth wrote 54 bytes to ecology
[dna] earth wrote 64 bytes to ecology
[dna] earth wrote 20 bytes to ecology
[dna] earth wrote 53 bytes to ecology
[dna] earth wrote 79 bytes to ecology
[dna] earth wrote 59 bytes to ecology
[dna] earth wrote 41 bytes to ecology
[dna] earth wrote 82 bytes to ecology
[dna] earth wrote 19 bytes to ecology
[debug-onto] tick=600 corpus=173643 stage=2 freeze=0
[dna] earth wrote 88 bytes to ecology
[dna] earth wrote 30 bytes to ecology
[dna] earth wrote 49 bytes to ecology
[dna] earth wrote 130 bytes to ecology
[dna] earth wrote 68 bytes to ecology
[dna] earth wrote 104 bytes to ecology
[dna] earth wrote 89 bytes to ecology
[dna] earth wrote 91 bytes to ecology
[dna] earth wrote 112 bytes to ecology
[dna] earth wrote 52 bytes to ecology
[dna] earth wrote 49 bytes to ecology
[dna] earth wrote 51 bytes to ecology
[dna] earth wrote 17 bytes to ecology
[dna] earth wrote 45 bytes to ecology
[dna] earth wrote 76 bytes to ecology
[dna] earth wrote 82 bytes to ecology
[dna] earth wrote 138 bytes to ecology
[debug-onto] tick=650 corpus=173643 stage=2 freeze=0
[dna] earth wrote 71 bytes to ecology
[dna] earth wrote 60 bytes to ecology
[dna] earth wrote 91 bytes to ecology
[dna] earth wrote 83 bytes to ecology
[dna] earth wrote 89 bytes to ecology
[dna] earth wrote 76 bytes to ecology
[dna] earth wrote 54 bytes to ecology
[dna] earth wrote 43 bytes to ecology

[evolution] Organism shutting down gracefully.
