[ecology] Element: fire → corpus: nonames_fire.txt
[evolution] Autonomous evolution mode — organism will grow through all stages without pause.
[ecology] Joined swarm. 1 peer(s) detected.
molequla is alive. [evolution] Autonomous mode — background trainer running. Ctrl+C to stop.
[dna] fire wrote 97 bytes to ecology
[dna] fire consumed 19505 bytes from 311 files: [water/gen_1776494563_1.txt water/gen_1776494581_4.txt water/gen_1776494583_5.txt water/gen_1776494589_7.txt water/gen_1776494598_10.txt water/gen_1776494600_11.txt water/gen_1776494606_13.txt water/gen_1776494615_16.txt water/gen_1776494618_17.txt water/gen_1776494623_19.txt water/gen_1776494632_22.txt water/gen_1776494635_23.txt water/gen_1776494640_25.txt water/gen_1776494649_28.txt water/gen_1776494652_29.txt water/gen_1776494658_31.txt water/gen_1776494666_34.txt water/gen_1776494675_37.txt water/gen_1776494683_40.txt water/gen_1776494686_41.txt water/gen_1776494692_43.txt water/gen_1776494701_46.txt water/gen_1776494704_47.txt water/gen_1776494710_49.txt water/gen_1776494718_52.txt water/gen_1776494721_53.txt water/gen_1776494727_55.txt water/gen_1776494735_58.txt water/gen_1776494738_59.txt water/gen_1776494744_61.txt water/gen_1776494753_64.txt water/gen_1776494755_65.txt water/gen_1776494761_67.txt water/gen_1776494770_70.txt water/gen_1776494772_71.txt water/gen_1776494778_73.txt water/gen_1776494787_76.txt water/gen_1776494789_77.txt water/gen_1776494795_79.txt water/gen_1776494804_82.txt water/gen_1776494807_83.txt water/gen_1776494812_85.txt water/gen_1776494821_88.txt water/gen_1776494824_89.txt water/gen_1776494829_91.txt water/gen_1776494838_94.txt water/gen_1776494841_95.txt water/gen_1776494846_97.txt water/gen_1776494855_100.txt water/gen_1776494858_101.txt water/gen_1776494863_103.txt water/gen_1776494872_106.txt water/gen_1776494875_107.txt water/gen_1776494880_109.txt water/gen_1776494889_112.txt water/gen_1776494892_113.txt water/gen_1776494897_115.txt water/gen_1776494906_118.txt water/gen_1776494909_119.txt water/gen_1776494915_121.txt water/gen_1776494923_124.txt water/gen_1776494926_125.txt water/gen_1776494932_127.txt water/gen_1776494940_130.txt water/gen_1776494943_131.txt water/gen_1776494949_133.txt water/gen_1776494957_136.txt water/gen_1776494960_137.txt water/gen_1776494966_139.txt water/gen_1776494974_142.txt water/gen_1776494977_143.txt water/gen_1776494983_145.txt water/gen_1776494991_148.txt water/gen_1776494994_149.txt water/gen_1776495000_151.txt water/gen_1776495008_154.txt water/gen_1776495011_155.txt water/gen_1776495017_157.txt water/gen_1776495025_160.txt water/gen_1776495028_161.txt water/gen_1776495033_163.txt water/gen_1776495042_166.txt water/gen_1776495045_167.txt water/gen_1776495050_169.txt water/gen_1776495059_172.txt water/gen_1776495061_173.txt water/gen_1776495067_175.txt water/gen_1776495076_178.txt water/gen_1776495078_179.txt water/gen_1776495084_181.txt water/gen_1776495092_184.txt water/gen_1776495095_185.txt water/gen_1776495101_187.txt water/gen_1776495109_190.txt water/gen_1776495112_191.txt water/gen_1776495118_193.txt water/gen_1776495126_196.txt water/gen_1776495129_197.txt water/gen_1776495135_199.txt water/gen_1776495143_202.txt water/gen_1776495146_203.txt water/gen_1776495151_205.txt water/gen_1776495160_208.txt water/gen_1776495163_209.txt water/gen_1776495168_211.txt water/gen_1776495177_214.txt water/gen_1776495180_215.txt water/gen_1776495185_217.txt water/gen_1776495193_220.txt water/gen_1776495196_221.txt water/gen_1776495202_223.txt water/gen_1776495210_226.txt water/gen_1776495213_227.txt water/gen_1776495219_229.txt water/gen_1776495227_232.txt water/gen_1776495230_233.txt water/gen_1776495236_235.txt water/gen_1776495244_238.txt water/gen_1776495247_239.txt water/gen_1776495253_241.txt water/gen_1776495261_244.txt water/gen_1776495264_245.txt water/gen_1776495270_247.txt water/gen_1776495278_250.txt water/gen_1776495286_253.txt water/gen_1776495295_256.txt water/gen_1776495298_257.txt water/gen_1776495304_259.txt water/gen_1776495312_262.txt water/gen_1776495315_263.txt water/gen_1776495321_265.txt water/gen_1776495329_268.txt water/gen_1776495332_269.txt water/gen_1776495337_271.txt water/gen_1776495346_274.txt water/gen_1776495349_275.txt water/gen_1776495354_277.txt water/gen_1776495363_280.txt water/gen_1776495366_281.txt water/gen_1776495371_283.txt water/gen_1776495380_286.txt water/gen_1776495383_287.txt water/gen_1776495388_289.txt water/gen_1776495397_292.txt water/gen_1776495399_293.txt water/gen_1776495405_295.txt water/gen_1776495414_298.txt water/gen_1776495416_299.txt water/gen_1776495422_301.txt water/gen_1776495431_304.txt water/gen_1776495433_305.txt water/gen_1776495439_307.txt water/gen_1776495447_310.txt water/gen_1776495450_311.txt water/gen_1776495456_313.txt water/gen_1776495464_316.txt water/gen_1776495467_317.txt water/gen_1776495473_319.txt water/gen_1776495481_322.txt water/gen_1776495490_325.txt water/gen_1776495498_328.txt water/gen_1776495501_329.txt water/gen_1776495507_331.txt water/gen_1776495515_334.txt water/gen_1776495518_335.txt water/gen_1776495523_337.txt water/gen_1776495532_340.txt water/gen_1776495535_341.txt water/gen_1776495541_343.txt water/gen_1776495549_346.txt water/gen_1776495552_347.txt water/gen_1776495558_349.txt water/gen_1776495566_352.txt water/gen_1776495569_353.txt water/gen_1776495575_355.txt water/gen_1776495583_358.txt water/gen_1776495586_359.txt water/gen_1776495592_361.txt water/gen_1776495600_364.txt water/gen_1776495603_365.txt water/gen_1776495609_367.txt water/gen_1776495617_370.txt water/gen_1776495626_373.txt water/gen_1776495634_376.txt water/gen_1776495637_377.txt water/gen_1776495643_379.txt water/gen_1776495651_382.txt water/gen_1776495654_383.txt water/gen_1776495660_385.txt water/gen_1776495668_388.txt water/gen_1776495671_389.txt water/gen_1776495677_391.txt water/gen_1776495685_394.txt water/gen_1776495688_395.txt water/gen_1776495693_397.txt water/gen_1776495702_400.txt water/gen_1776495705_401.txt water/gen_1776495710_403.txt water/gen_1776495719_406.txt water/gen_1776495722_407.txt water/gen_1776495727_409.txt water/gen_1776495736_412.txt water/gen_1776495738_413.txt water/gen_1776495744_415.txt water/gen_1776495752_418.txt water/gen_1776495755_419.txt water/gen_1776495761_421.txt water/gen_1776495769_424.txt water/gen_1776495772_425.txt water/gen_1776495778_427.txt water/gen_1776495786_430.txt water/gen_1776495789_431.txt water/gen_1776495795_433.txt water/gen_1776495803_436.txt water/gen_1776495806_437.txt water/gen_1776495811_439.txt water/gen_1776495820_442.txt water/gen_1776495823_443.txt water/gen_1776495828_445.txt water/gen_1776495837_448.txt water/gen_1776495840_449.txt water/gen_1776495845_451.txt water/gen_1776495854_454.txt water/gen_1776495857_455.txt water/gen_1776495862_457.txt water/gen_1776495871_460.txt water/gen_1776495874_461.txt water/gen_1776495879_463.txt water/gen_1776495888_466.txt water/gen_1776495891_467.txt water/gen_1776495896_469.txt water/gen_1776495905_472.txt water/gen_1776495908_473.txt water/gen_1776495913_475.txt water/gen_1776495922_478.txt water/gen_1776495930_481.txt water/gen_1776495939_484.txt water/gen_1776495942_485.txt water/gen_1776495947_487.txt water/gen_1776495956_490.txt water/gen_1776495958_491.txt water/gen_1776495964_493.txt water/gen_1776495973_496.txt water/gen_1776495975_497.txt water/gen_1776495981_499.txt water/gen_1776495989_502.txt water/gen_1776495992_503.txt water/gen_1776495998_505.txt water/gen_1776496006_508.txt water/gen_1776496009_509.txt water/gen_1776496015_511.txt water/gen_1776496023_514.txt water/gen_1776496026_515.txt water/gen_1776496032_517.txt water/gen_1776496040_520.txt water/gen_1776496043_521.txt water/gen_1776496048_523.txt water/gen_1776496057_526.txt water/gen_1776496060_527.txt water/gen_1776496065_529.txt water/gen_1776496074_532.txt water/gen_1776496077_533.txt water/gen_1776496082_535.txt water/gen_1776496091_538.txt water/gen_1776496093_539.txt water/gen_1776496099_541.txt water/gen_1776496108_544.txt water/gen_1776496110_545.txt water/gen_1776496116_547.txt water/gen_1776496124_550.txt water/gen_1776496127_551.txt water/gen_1776496133_553.txt water/gen_1776496142_556.txt water/gen_1776496144_557.txt water/gen_1776496150_559.txt water/gen_1776496159_562.txt water/gen_1776496161_563.txt water/gen_1776496167_565.txt water/gen_1776496175_568.txt water/gen_1776496178_569.txt water/gen_1776496184_571.txt water/gen_1776496193_574.txt water/gen_1776496195_575.txt water/gen_1776496201_577.txt water/gen_1776496210_580.txt water/gen_1776496212_581.txt water/gen_1776496218_583.txt water/gen_1776496226_586.txt water/gen_1776496229_587.txt water/gen_1776496235_589.txt water/gen_1776496244_592.txt water/gen_1776496246_593.txt water/gen_1776496252_595.txt water/gen_1776496260_598.txt water/gen_1776496263_599.txt water/gen_1776496269_601.txt water/gen_1776496277_604.txt water/gen_1776496280_605.txt water/gen_1776496286_607.txt water/gen_1776496294_610.txt water/gen_1776496297_611.txt water/gen_1776496303_613.txt water/gen_1776496311_616.txt water/gen_1776496314_617.txt water/gen_1776496319_619.txt water/gen_1776496328_622.txt water/gen_1776496331_623.txt water/gen_1776496336_625.txt water/gen_1776496345_628.txt water/gen_1776496348_629.txt water/gen_1776496353_631.txt]
[trainer] micro-train burst (19505 bytes, novelty 0.04) — and lo, it feeds again.
[syntropy] action=explore | trend=0.0000 | field_dev=0.000 | purpose_align=-0.083 | lr_mul=1.30
[aml] burst complete: 32 steps, avg loss 1.8305 (memory freed)
[dna] fire wrote 50 bytes to ecology
[dna] fire wrote 77 bytes to ecology
[dna] fire wrote 118 bytes to ecology
[dna] fire wrote 115 bytes to ecology
[dna] fire wrote 57 bytes to ecology
[dna] fire wrote 118 bytes to ecology
[dna] fire wrote 23 bytes to ecology
[dna] fire wrote 169 bytes to ecology
[dna] fire wrote 28 bytes to ecology
[dna] fire wrote 92 bytes to ecology
[dna] fire wrote 141 bytes to ecology
[dna] fire wrote 249 bytes to ecology
[dna] fire wrote 10 bytes to ecology
[dna] fire wrote 222 bytes to ecology
[dna] fire wrote 30 bytes to ecology
[dna] fire wrote 85 bytes to ecology
[dna] fire wrote 15 bytes to ecology
[dna] fire wrote 21 bytes to ecology
[dna] fire wrote 60 bytes to ecology
[dna] fire wrote 51 bytes to ecology
[dna] fire wrote 15 bytes to ecology
[dna] fire wrote 65 bytes to ecology
[dna] fire wrote 25 bytes to ecology
[debug-onto] tick=50 corpus=141716 stage=2 freeze=0
[dna] fire wrote 47 bytes to ecology
[dna] fire wrote 19 bytes to ecology
[dna] fire wrote 18 bytes to ecology
[dna] fire wrote 32 bytes to ecology
[dna] fire wrote 13 bytes to ecology
[dna] fire wrote 122 bytes to ecology
[dna] fire wrote 34 bytes to ecology
[dna] fire wrote 69 bytes to ecology
[dna] fire wrote 45 bytes to ecology
[dna] fire wrote 51 bytes to ecology
[dna] fire wrote 51 bytes to ecology
[dna] fire wrote 52 bytes to ecology
[dna] fire wrote 9 bytes to ecology
[dna] fire wrote 27 bytes to ecology
[dna] fire wrote 95 bytes to ecology
[dna] fire wrote 36 bytes to ecology
[dna] fire wrote 135 bytes to ecology
[dna] fire wrote 98 bytes to ecology
[dna] fire wrote 9 bytes to ecology
[dna] fire wrote 26 bytes to ecology
[dna] fire wrote 70 bytes to ecology
[dna] fire wrote 35 bytes to ecology
[debug-onto] tick=100 corpus=141716 stage=2 freeze=0
[dna] fire wrote 9 bytes to ecology
[dna] fire wrote 11 bytes to ecology
[dna] fire wrote 15 bytes to ecology
[dna] fire wrote 10 bytes to ecology
[dna] fire wrote 55 bytes to ecology
[dna] fire wrote 72 bytes to ecology
[dna] fire wrote 42 bytes to ecology
[dna] fire wrote 22 bytes to ecology
[dna] fire wrote 53 bytes to ecology
[dna] fire wrote 112 bytes to ecology
[dna] fire wrote 29 bytes to ecology
[dna] fire wrote 83 bytes to ecology
[dna] fire wrote 86 bytes to ecology
[dna] fire wrote 50 bytes to ecology
[dna] fire wrote 111 bytes to ecology
[dna] fire wrote 26 bytes to ecology
[dna] fire wrote 31 bytes to ecology
[dna] fire wrote 37 bytes to ecology
[dna] fire wrote 12 bytes to ecology
[dna] fire wrote 46 bytes to ecology
[dna] fire wrote 44 bytes to ecology
[dna] fire wrote 193 bytes to ecology
[dna] fire wrote 12 bytes to ecology
[dna] fire wrote 35 bytes to ecology
[dna] fire wrote 42 bytes to ecology
[debug-onto] tick=150 corpus=141716 stage=2 freeze=0
[dna] fire wrote 28 bytes to ecology
[dna] fire wrote 54 bytes to ecology
[dna] fire wrote 76 bytes to ecology
[dna] fire wrote 21 bytes to ecology
[dna] fire wrote 63 bytes to ecology
[dna] fire wrote 8 bytes to ecology
[dna] fire wrote 55 bytes to ecology
[dna] fire wrote 8 bytes to ecology
[dna] fire wrote 5 bytes to ecology
[dna] fire wrote 42 bytes to ecology
[dna] fire wrote 62 bytes to ecology
[dna] fire wrote 90 bytes to ecology
[dna] fire wrote 73 bytes to ecology
[dna] fire wrote 21 bytes to ecology
[dna] fire wrote 53 bytes to ecology
[dna] fire wrote 65 bytes to ecology
[dna] fire wrote 48 bytes to ecology
[dna] fire wrote 105 bytes to ecology
[dna] fire wrote 47 bytes to ecology
[dna] fire wrote 40 bytes to ecology
[dna] fire wrote 32 bytes to ecology
[dna] fire wrote 101 bytes to ecology
[dna] fire wrote 60 bytes to ecology
[dna] fire wrote 71 bytes to ecology
[dna] fire wrote 55 bytes to ecology
[debug-onto] tick=200 corpus=141716 stage=2 freeze=0
[dna] fire wrote 23 bytes to ecology
[dna] fire wrote 31 bytes to ecology
[dna] fire wrote 54 bytes to ecology
[dna] fire wrote 142 bytes to ecology
[dna] fire wrote 13 bytes to ecology
[dna] fire wrote 26 bytes to ecology
[dna] fire wrote 121 bytes to ecology
[dna] fire wrote 17 bytes to ecology
[dna] fire wrote 23 bytes to ecology
[dna] fire wrote 60 bytes to ecology
[dna] fire wrote 31 bytes to ecology
[dna] fire wrote 28 bytes to ecology
[dna] fire wrote 58 bytes to ecology
[dna] fire wrote 22 bytes to ecology
[dna] fire wrote 16 bytes to ecology
[dna] fire wrote 34 bytes to ecology
[dna] fire wrote 29 bytes to ecology
[dna] fire wrote 149 bytes to ecology
[dna] fire wrote 79 bytes to ecology
[dna] fire wrote 17 bytes to ecology
[dna] fire wrote 55 bytes to ecology
[dna] fire wrote 39 bytes to ecology
[debug-onto] tick=250 corpus=141716 stage=2 freeze=0
[dna] fire wrote 8 bytes to ecology
[dna] fire wrote 58 bytes to ecology
[dna] fire wrote 73 bytes to ecology
[dna] fire wrote 128 bytes to ecology
[dna] fire wrote 53 bytes to ecology
[dna] fire wrote 131 bytes to ecology
[dna] fire wrote 80 bytes to ecology
[dna] fire wrote 114 bytes to ecology
[dna] fire wrote 33 bytes to ecology
[dna] fire wrote 30 bytes to ecology
[dna] fire wrote 11 bytes to ecology
[dna] fire wrote 9 bytes to ecology
[dna] fire wrote 123 bytes to ecology
[dna] fire wrote 75 bytes to ecology
[dna] fire wrote 94 bytes to ecology
[dna] fire wrote 35 bytes to ecology
[dna] fire wrote 35 bytes to ecology
[dna] fire wrote 29 bytes to ecology
[dna] fire wrote 24 bytes to ecology
[dna] fire wrote 73 bytes to ecology
[dna] fire wrote 111 bytes to ecology
[debug-onto] tick=300 corpus=141716 stage=2 freeze=0
[dna] fire wrote 213 bytes to ecology
[dna] fire wrote 58 bytes to ecology
[dna] fire wrote 8 bytes to ecology
[dna] fire wrote 47 bytes to ecology
[dna] fire wrote 35 bytes to ecology
[dna] fire wrote 39 bytes to ecology
[dna] fire wrote 133 bytes to ecology
[dna] fire wrote 24 bytes to ecology
[dna] fire wrote 121 bytes to ecology
[dna] fire wrote 21 bytes to ecology
[dna] fire wrote 10 bytes to ecology
[dna] fire wrote 40 bytes to ecology
[dna] fire wrote 46 bytes to ecology
[dna] fire wrote 32 bytes to ecology
[dna] fire wrote 81 bytes to ecology
[dna] fire wrote 88 bytes to ecology
[dna] fire wrote 48 bytes to ecology
[dna] fire wrote 43 bytes to ecology
[dna] fire wrote 48 bytes to ecology
[debug-onto] tick=350 corpus=141716 stage=2 freeze=0
[dna] fire wrote 33 bytes to ecology
[dna] fire wrote 47 bytes to ecology
[dna] fire wrote 78 bytes to ecology
[dna] fire wrote 68 bytes to ecology
[dna] fire wrote 20 bytes to ecology
[dna] fire wrote 70 bytes to ecology
[dna] fire wrote 24 bytes to ecology
[dna] fire wrote 5 bytes to ecology
[dna] fire wrote 32 bytes to ecology
[dna] fire wrote 25 bytes to ecology
[dna] fire wrote 50 bytes to ecology
[dna] fire wrote 14 bytes to ecology
[dna] fire wrote 76 bytes to ecology
[dna] fire wrote 28 bytes to ecology
[dna] fire wrote 46 bytes to ecology
[dna] fire wrote 82 bytes to ecology
[dna] fire wrote 24 bytes to ecology
[dna] fire wrote 28 bytes to ecology
[dna] fire wrote 44 bytes to ecology
[dna] fire wrote 80 bytes to ecology
[dna] fire wrote 44 bytes to ecology
[dna] fire wrote 113 bytes to ecology
[dna] fire wrote 35 bytes to ecology
[debug-onto] tick=400 corpus=141716 stage=2 freeze=0
[dna] fire wrote 21 bytes to ecology
[dna] fire wrote 21 bytes to ecology
[dna] fire wrote 68 bytes to ecology
[dna] fire wrote 23 bytes to ecology
[dna] fire wrote 64 bytes to ecology
[dna] fire wrote 117 bytes to ecology
[dna] fire wrote 32 bytes to ecology
[dna] fire wrote 67 bytes to ecology
[dna] fire wrote 91 bytes to ecology
[dna] fire wrote 45 bytes to ecology
[dna] fire wrote 84 bytes to ecology
[dna] fire wrote 144 bytes to ecology
[dna] fire wrote 94 bytes to ecology
[dna] fire wrote 86 bytes to ecology
[dna] fire wrote 36 bytes to ecology
[dna] fire wrote 57 bytes to ecology
[dna] fire wrote 73 bytes to ecology
[dna] fire wrote 54 bytes to ecology
[dna] fire wrote 24 bytes to ecology
[dna] fire wrote 112 bytes to ecology
[dna] fire wrote 30 bytes to ecology
[dna] fire wrote 60 bytes to ecology
[dna] fire wrote 45 bytes to ecology
[debug-onto] tick=450 corpus=141716 stage=2 freeze=0
[dna] fire wrote 84 bytes to ecology
[dna] fire wrote 67 bytes to ecology
[dna] fire wrote 33 bytes to ecology
[dna] fire wrote 161 bytes to ecology
[dna] fire wrote 93 bytes to ecology
[dna] fire wrote 27 bytes to ecology
[dna] fire wrote 16 bytes to ecology
[dna] fire wrote 27 bytes to ecology
[dna] fire wrote 96 bytes to ecology
[dna] fire wrote 77 bytes to ecology
[dna] fire wrote 19 bytes to ecology
[dna] fire wrote 96 bytes to ecology
[dna] fire wrote 115 bytes to ecology
[dna] fire wrote 90 bytes to ecology
[dna] fire wrote 74 bytes to ecology
[dna] fire wrote 28 bytes to ecology
[dna] fire wrote 103 bytes to ecology
[dna] fire wrote 20 bytes to ecology
[dna] fire wrote 127 bytes to ecology
[dna] fire wrote 24 bytes to ecology
[dna] fire wrote 74 bytes to ecology
[debug-onto] tick=500 corpus=141716 stage=2 freeze=0
[dna] fire wrote 158 bytes to ecology
[dna] fire wrote 25 bytes to ecology
[dna] fire wrote 67 bytes to ecology
[dna] fire wrote 50 bytes to ecology
[dna] fire wrote 40 bytes to ecology
[dna] fire wrote 27 bytes to ecology
[dna] fire wrote 48 bytes to ecology
[dna] fire wrote 14 bytes to ecology
[dna] fire wrote 11 bytes to ecology
[dna] fire wrote 39 bytes to ecology
[dna] fire wrote 97 bytes to ecology
[dna] fire wrote 38 bytes to ecology
[dna] fire wrote 47 bytes to ecology
[dna] fire wrote 59 bytes to ecology
[dna] fire wrote 32 bytes to ecology
[dna] fire wrote 84 bytes to ecology
[dna] fire wrote 18 bytes to ecology
[dna] fire wrote 29 bytes to ecology
[dna] fire wrote 35 bytes to ecology
[dna] fire wrote 151 bytes to ecology
[debug-onto] tick=550 corpus=141716 stage=2 freeze=0
[dna] fire wrote 42 bytes to ecology
[dna] fire wrote 33 bytes to ecology
[dna] fire wrote 17 bytes to ecology
[dna] fire wrote 29 bytes to ecology
[dna] fire wrote 9 bytes to ecology
[dna] fire wrote 21 bytes to ecology
[dna] fire wrote 25 bytes to ecology
[dna] fire wrote 37 bytes to ecology
[dna] fire wrote 14 bytes to ecology
[dna] fire wrote 22 bytes to ecology
[dna] fire wrote 84 bytes to ecology
[dna] fire wrote 33 bytes to ecology
[dna] fire wrote 87 bytes to ecology
[dna] fire wrote 68 bytes to ecology
[dna] fire wrote 35 bytes to ecology
[dna] fire wrote 55 bytes to ecology
[dna] fire wrote 31 bytes to ecology
[dna] fire wrote 27 bytes to ecology
[dna] fire wrote 26 bytes to ecology
[dna] fire wrote 10 bytes to ecology
[dna] fire wrote 10 bytes to ecology
[dna] fire wrote 70 bytes to ecology
[dna] fire wrote 25 bytes to ecology
[dna] fire wrote 39 bytes to ecology
[debug-onto] tick=600 corpus=141716 stage=2 freeze=0
[dna] fire wrote 43 bytes to ecology
[dna] fire wrote 27 bytes to ecology
[dna] fire wrote 21 bytes to ecology
[dna] fire wrote 55 bytes to ecology
[dna] fire wrote 30 bytes to ecology
[dna] fire wrote 12 bytes to ecology
[dna] fire wrote 71 bytes to ecology
[dna] fire wrote 83 bytes to ecology
[dna] fire wrote 17 bytes to ecology
[dna] fire wrote 51 bytes to ecology
[dna] fire wrote 76 bytes to ecology
[dna] fire wrote 212 bytes to ecology
[dna] fire wrote 80 bytes to ecology
[dna] fire wrote 48 bytes to ecology
[dna] fire wrote 58 bytes to ecology
[dna] fire wrote 58 bytes to ecology
[dna] fire wrote 44 bytes to ecology
[dna] fire wrote 87 bytes to ecology
[dna] fire wrote 81 bytes to ecology
[dna] fire wrote 35 bytes to ecology
[dna] fire wrote 93 bytes to ecology
[dna] fire wrote 29 bytes to ecology
[dna] fire wrote 112 bytes to ecology
[debug-onto] tick=650 corpus=141716 stage=2 freeze=0
[dna] fire wrote 28 bytes to ecology
[dna] fire wrote 62 bytes to ecology
[dna] fire wrote 39 bytes to ecology
[dna] fire wrote 15 bytes to ecology

[evolution] Organism shutting down gracefully.
