[ecology] Element: water → corpus: nonames_water.txt
[evolution] Autonomous evolution mode — organism will grow through all stages without pause.
[ecology] Joined swarm. 1 peer(s) detected.
molequla is alive. [evolution] Autonomous mode — background trainer running. Ctrl+C to stop.
[dna] water wrote 154 bytes to ecology
[dna] water consumed 17211 bytes from 231 files: [air/gen_1776492762_1.txt air/gen_1776492778_4.txt air/gen_1776492786_7.txt air/gen_1776492794_10.txt air/gen_1776492802_13.txt air/gen_1776492809_16.txt air/gen_1776492817_19.txt air/gen_1776492825_22.txt air/gen_1776492833_25.txt air/gen_1776492841_28.txt air/gen_1776492848_31.txt air/gen_1776492856_34.txt air/gen_1776492864_37.txt air/gen_1776492872_40.txt air/gen_1776492880_43.txt air/gen_1776492887_46.txt air/gen_1776492895_49.txt air/gen_1776492903_52.txt air/gen_1776492911_55.txt air/gen_1776492919_58.txt air/gen_1776492926_61.txt air/gen_1776492934_64.txt air/gen_1776492942_67.txt air/gen_1776492950_70.txt air/gen_1776492957_73.txt air/gen_1776492965_76.txt air/gen_1776492973_79.txt air/gen_1776492981_82.txt air/gen_1776492988_85.txt air/gen_1776492996_88.txt air/gen_1776493004_91.txt air/gen_1776493012_94.txt air/gen_1776493020_97.txt air/gen_1776493028_100.txt air/gen_1776493035_103.txt air/gen_1776493043_106.txt air/gen_1776493051_109.txt air/gen_1776493059_112.txt air/gen_1776493067_115.txt air/gen_1776493075_118.txt air/gen_1776493082_121.txt air/gen_1776493090_124.txt air/gen_1776493098_127.txt air/gen_1776493106_130.txt air/gen_1776493114_133.txt air/gen_1776493121_136.txt air/gen_1776493129_139.txt air/gen_1776493137_142.txt air/gen_1776493145_145.txt air/gen_1776493153_148.txt air/gen_1776493160_151.txt air/gen_1776493168_154.txt air/gen_1776493176_157.txt air/gen_1776493183_160.txt air/gen_1776493191_163.txt air/gen_1776493199_166.txt air/gen_1776493207_169.txt air/gen_1776493214_172.txt air/gen_1776493222_175.txt air/gen_1776493230_178.txt air/gen_1776493238_181.txt air/gen_1776493245_184.txt air/gen_1776493253_187.txt air/gen_1776493261_190.txt air/gen_1776493268_193.txt air/gen_1776493276_196.txt air/gen_1776493284_199.txt air/gen_1776493292_202.txt air/gen_1776493300_205.txt air/gen_1776493308_208.txt air/gen_1776493315_211.txt air/gen_1776493323_214.txt air/gen_1776493331_217.txt air/gen_1776493339_220.txt air/gen_1776493347_223.txt air/gen_1776493354_226.txt air/gen_1776493362_229.txt air/gen_1776493370_232.txt air/gen_1776493378_235.txt air/gen_1776493386_238.txt air/gen_1776493393_241.txt air/gen_1776493401_244.txt air/gen_1776493409_247.txt air/gen_1776493416_250.txt air/gen_1776493424_253.txt air/gen_1776493432_256.txt air/gen_1776493440_259.txt air/gen_1776493447_262.txt air/gen_1776493455_265.txt air/gen_1776493463_268.txt air/gen_1776493470_271.txt air/gen_1776493478_274.txt air/gen_1776493486_277.txt air/gen_1776493494_280.txt air/gen_1776493502_283.txt air/gen_1776493510_286.txt air/gen_1776493517_289.txt air/gen_1776493525_292.txt air/gen_1776493533_295.txt air/gen_1776493540_298.txt air/gen_1776493548_301.txt air/gen_1776493556_304.txt air/gen_1776493564_307.txt air/gen_1776493572_310.txt air/gen_1776493580_313.txt air/gen_1776493587_316.txt air/gen_1776493595_319.txt air/gen_1776493603_322.txt air/gen_1776493611_325.txt air/gen_1776493619_328.txt air/gen_1776493626_331.txt air/gen_1776493634_334.txt air/gen_1776493642_337.txt air/gen_1776493649_340.txt air/gen_1776493657_343.txt air/gen_1776493665_346.txt air/gen_1776493673_349.txt air/gen_1776493680_352.txt air/gen_1776493688_355.txt air/gen_1776493696_358.txt air/gen_1776493704_361.txt air/gen_1776493711_364.txt air/gen_1776493719_367.txt air/gen_1776493727_370.txt air/gen_1776493735_373.txt air/gen_1776493743_376.txt air/gen_1776493751_379.txt air/gen_1776493759_382.txt air/gen_1776493766_385.txt air/gen_1776493774_388.txt air/gen_1776493782_391.txt air/gen_1776493790_394.txt air/gen_1776493798_397.txt air/gen_1776493805_400.txt air/gen_1776493813_403.txt air/gen_1776493821_406.txt air/gen_1776493828_409.txt air/gen_1776493836_412.txt air/gen_1776493844_415.txt air/gen_1776493851_418.txt air/gen_1776493859_421.txt air/gen_1776493867_424.txt air/gen_1776493875_427.txt air/gen_1776493882_430.txt air/gen_1776493890_433.txt air/gen_1776493898_436.txt air/gen_1776493905_439.txt air/gen_1776493913_442.txt air/gen_1776493921_445.txt air/gen_1776493929_448.txt air/gen_1776493936_451.txt air/gen_1776493944_454.txt air/gen_1776493952_457.txt air/gen_1776493960_460.txt air/gen_1776493967_463.txt air/gen_1776493975_466.txt air/gen_1776493983_469.txt air/gen_1776493990_472.txt air/gen_1776493998_475.txt air/gen_1776494006_478.txt air/gen_1776494014_481.txt air/gen_1776494021_484.txt air/gen_1776494029_487.txt air/gen_1776494037_490.txt air/gen_1776494044_493.txt air/gen_1776494052_496.txt air/gen_1776494060_499.txt air/gen_1776494068_502.txt air/gen_1776494075_505.txt air/gen_1776494083_508.txt air/gen_1776494091_511.txt air/gen_1776494099_514.txt air/gen_1776494107_517.txt air/gen_1776494114_520.txt air/gen_1776494122_523.txt air/gen_1776494130_526.txt air/gen_1776494138_529.txt air/gen_1776494146_532.txt air/gen_1776494153_535.txt air/gen_1776494161_538.txt air/gen_1776494169_541.txt air/gen_1776494177_544.txt air/gen_1776494184_547.txt air/gen_1776494192_550.txt air/gen_1776494200_553.txt air/gen_1776494208_556.txt air/gen_1776494215_559.txt air/gen_1776494223_562.txt air/gen_1776494231_565.txt air/gen_1776494239_568.txt air/gen_1776494247_571.txt air/gen_1776494254_574.txt air/gen_1776494262_577.txt air/gen_1776494270_580.txt air/gen_1776494278_583.txt air/gen_1776494286_586.txt air/gen_1776494293_589.txt air/gen_1776494301_592.txt air/gen_1776494309_595.txt air/gen_1776494316_598.txt air/gen_1776494324_601.txt air/gen_1776494332_604.txt air/gen_1776494340_607.txt air/gen_1776494347_610.txt air/gen_1776494355_613.txt air/gen_1776494363_616.txt air/gen_1776494371_619.txt air/gen_1776494378_622.txt air/gen_1776494386_625.txt air/gen_1776494394_628.txt air/gen_1776494402_631.txt air/gen_1776494410_634.txt air/gen_1776494418_637.txt air/gen_1776494425_640.txt air/gen_1776494433_643.txt air/gen_1776494441_646.txt air/gen_1776494448_649.txt air/gen_1776494456_652.txt air/gen_1776494464_655.txt air/gen_1776494472_658.txt air/gen_1776494479_661.txt air/gen_1776494487_664.txt air/gen_1776494495_667.txt air/gen_1776494503_670.txt air/gen_1776494510_673.txt air/gen_1776494518_676.txt air/gen_1776494526_679.txt air/gen_1776494534_682.txt air/gen_1776494541_685.txt air/gen_1776494549_688.txt air/gen_1776494557_691.txt]
[trainer] micro-train burst (17211 bytes, novelty 0.03) — and lo, it feeds again.
[syntropy] action=explore | trend=0.0000 | field_dev=-0.045 | purpose_align=-0.087 | lr_mul=1.30
[aml] burst complete: 32 steps, avg loss 1.8221 (memory freed)
[dna] water wrote 99 bytes to ecology
[dna] water wrote 70 bytes to ecology
[dna] water wrote 36 bytes to ecology
[dna] water wrote 33 bytes to ecology
[dna] water wrote 67 bytes to ecology
[dna] water wrote 86 bytes to ecology
[dna] water wrote 60 bytes to ecology
[dna] water wrote 29 bytes to ecology
[dna] water wrote 56 bytes to ecology
[dna] water wrote 41 bytes to ecology
[dna] water wrote 38 bytes to ecology
[dna] water wrote 68 bytes to ecology
[dna] water wrote 32 bytes to ecology
[dna] water wrote 87 bytes to ecology
[dna] water wrote 64 bytes to ecology
[dna] water wrote 58 bytes to ecology
[dna] water wrote 54 bytes to ecology
[dna] water wrote 49 bytes to ecology
[dna] water wrote 33 bytes to ecology
[dna] water wrote 13 bytes to ecology
[dna] water wrote 28 bytes to ecology
[dna] water wrote 55 bytes to ecology
[dna] water wrote 67 bytes to ecology
[debug-onto] tick=50 corpus=143139 stage=2 freeze=0
[dna] water wrote 65 bytes to ecology
[dna] water wrote 45 bytes to ecology
[dna] water wrote 164 bytes to ecology
[dna] water wrote 41 bytes to ecology
[dna] water wrote 33 bytes to ecology
[dna] water wrote 131 bytes to ecology
[dna] water wrote 62 bytes to ecology
[dna] water wrote 34 bytes to ecology
[dna] water wrote 46 bytes to ecology
[dna] water wrote 63 bytes to ecology
[dna] water wrote 42 bytes to ecology
[dna] water wrote 55 bytes to ecology
[dna] water wrote 59 bytes to ecology
[dna] water wrote 62 bytes to ecology
[dna] water wrote 55 bytes to ecology
[dna] water wrote 183 bytes to ecology
[dna] water wrote 27 bytes to ecology
[dna] water wrote 128 bytes to ecology
[dna] water wrote 42 bytes to ecology
[dna] water wrote 17 bytes to ecology
[dna] water wrote 11 bytes to ecology
[dna] water wrote 54 bytes to ecology
[dna] water wrote 195 bytes to ecology
[dna] water wrote 147 bytes to ecology
[dna] water wrote 127 bytes to ecology
[debug-onto] tick=100 corpus=143139 stage=2 freeze=0
[dna] water wrote 23 bytes to ecology
[dna] water wrote 91 bytes to ecology
[dna] water wrote 67 bytes to ecology
[dna] water wrote 60 bytes to ecology
[dna] water wrote 50 bytes to ecology
[dna] water wrote 78 bytes to ecology
[dna] water wrote 81 bytes to ecology
[dna] water wrote 64 bytes to ecology
[dna] water wrote 214 bytes to ecology
[dna] water wrote 43 bytes to ecology
[dna] water wrote 26 bytes to ecology
[dna] water wrote 85 bytes to ecology
[dna] water wrote 68 bytes to ecology
[dna] water wrote 30 bytes to ecology
[dna] water wrote 73 bytes to ecology
[dna] water wrote 230 bytes to ecology
[dna] water wrote 37 bytes to ecology
[dna] water wrote 98 bytes to ecology
[dna] water wrote 85 bytes to ecology
[dna] water wrote 28 bytes to ecology
[dna] water wrote 43 bytes to ecology
[dna] water wrote 47 bytes to ecology
[dna] water wrote 53 bytes to ecology
[dna] water wrote 41 bytes to ecology
[dna] water wrote 69 bytes to ecology
[debug-onto] tick=150 corpus=143139 stage=2 freeze=0
[dna] water wrote 11 bytes to ecology
[dna] water wrote 47 bytes to ecology
[dna] water wrote 21 bytes to ecology
[dna] water wrote 103 bytes to ecology
[dna] water wrote 34 bytes to ecology
[dna] water wrote 14 bytes to ecology
[dna] water wrote 43 bytes to ecology
[dna] water wrote 38 bytes to ecology
[dna] water wrote 26 bytes to ecology
[dna] water wrote 74 bytes to ecology
[dna] water wrote 34 bytes to ecology
[dna] water wrote 75 bytes to ecology
[dna] water wrote 11 bytes to ecology
[dna] water wrote 39 bytes to ecology
[dna] water wrote 5 bytes to ecology
[dna] water wrote 66 bytes to ecology
[dna] water wrote 153 bytes to ecology
[dna] water wrote 60 bytes to ecology
[dna] water wrote 53 bytes to ecology
[dna] water wrote 82 bytes to ecology
[dna] water wrote 57 bytes to ecology
[dna] water wrote 50 bytes to ecology
[dna] water wrote 28 bytes to ecology
[dna] water wrote 93 bytes to ecology
[dna] water wrote 88 bytes to ecology
[debug-onto] tick=200 corpus=143139 stage=2 freeze=0
[dna] water wrote 66 bytes to ecology
[dna] water wrote 17 bytes to ecology
[dna] water wrote 48 bytes to ecology
[dna] water wrote 81 bytes to ecology
[dna] water wrote 80 bytes to ecology
[dna] water wrote 65 bytes to ecology
[dna] water wrote 145 bytes to ecology
[dna] water wrote 52 bytes to ecology
[dna] water wrote 41 bytes to ecology
[dna] water wrote 55 bytes to ecology
[dna] water wrote 37 bytes to ecology
[dna] water wrote 27 bytes to ecology
[dna] water wrote 40 bytes to ecology
[dna] water wrote 47 bytes to ecology
[dna] water wrote 37 bytes to ecology
[dna] water wrote 28 bytes to ecology
[dna] water wrote 76 bytes to ecology
[dna] water wrote 57 bytes to ecology
[dna] water wrote 111 bytes to ecology
[dna] water wrote 57 bytes to ecology
[dna] water wrote 89 bytes to ecology
[dna] water wrote 24 bytes to ecology
[dna] water wrote 227 bytes to ecology
[dna] water wrote 74 bytes to ecology
[dna] water wrote 128 bytes to ecology
[debug-onto] tick=250 corpus=143139 stage=2 freeze=0
[dna] water wrote 17 bytes to ecology
[dna] water wrote 49 bytes to ecology
[dna] water wrote 49 bytes to ecology
[dna] water wrote 46 bytes to ecology
[dna] water wrote 80 bytes to ecology
[dna] water wrote 45 bytes to ecology
[dna] water wrote 24 bytes to ecology
[dna] water wrote 82 bytes to ecology
[dna] water wrote 26 bytes to ecology
[dna] water wrote 29 bytes to ecology
[dna] water wrote 145 bytes to ecology
[dna] water wrote 103 bytes to ecology
[dna] water wrote 70 bytes to ecology
[dna] water wrote 83 bytes to ecology
[dna] water wrote 146 bytes to ecology
[dna] water wrote 137 bytes to ecology
[dna] water wrote 48 bytes to ecology
[dna] water wrote 55 bytes to ecology
[dna] water wrote 149 bytes to ecology
[dna] water wrote 44 bytes to ecology
[dna] water wrote 52 bytes to ecology
[dna] water wrote 102 bytes to ecology
[dna] water wrote 35 bytes to ecology
[dna] water wrote 47 bytes to ecology
[debug-onto] tick=300 corpus=143139 stage=2 freeze=0
[dna] water wrote 89 bytes to ecology
[dna] water wrote 35 bytes to ecology
[dna] water wrote 32 bytes to ecology
[dna] water wrote 77 bytes to ecology
[dna] water wrote 56 bytes to ecology
[dna] water wrote 21 bytes to ecology
[dna] water wrote 53 bytes to ecology
[dna] water wrote 39 bytes to ecology
[dna] water wrote 135 bytes to ecology
[dna] water wrote 47 bytes to ecology
[dna] water wrote 105 bytes to ecology
[dna] water wrote 22 bytes to ecology
[dna] water wrote 51 bytes to ecology
[dna] water wrote 37 bytes to ecology
[dna] water wrote 33 bytes to ecology
[dna] water wrote 154 bytes to ecology
[dna] water wrote 35 bytes to ecology
[dna] water wrote 12 bytes to ecology
[dna] water wrote 76 bytes to ecology
[dna] water wrote 28 bytes to ecology
[dna] water wrote 34 bytes to ecology
[dna] water wrote 19 bytes to ecology
[dna] water wrote 15 bytes to ecology
[dna] water wrote 50 bytes to ecology
[debug-onto] tick=350 corpus=143139 stage=2 freeze=0
[dna] water wrote 80 bytes to ecology
[dna] water wrote 42 bytes to ecology
[dna] water wrote 54 bytes to ecology
[dna] water wrote 117 bytes to ecology
[dna] water wrote 48 bytes to ecology
[dna] water wrote 27 bytes to ecology
[dna] water wrote 198 bytes to ecology
[dna] water wrote 36 bytes to ecology
[dna] water wrote 12 bytes to ecology
[dna] water wrote 113 bytes to ecology
[dna] water wrote 67 bytes to ecology
[dna] water wrote 73 bytes to ecology
[dna] water wrote 67 bytes to ecology
[dna] water wrote 67 bytes to ecology
[dna] water wrote 36 bytes to ecology
[dna] water wrote 69 bytes to ecology
[dna] water wrote 87 bytes to ecology
[dna] water wrote 42 bytes to ecology
[dna] water wrote 38 bytes to ecology
[dna] water wrote 79 bytes to ecology
[dna] water wrote 18 bytes to ecology
[dna] water wrote 55 bytes to ecology
[dna] water wrote 67 bytes to ecology
[dna] water wrote 37 bytes to ecology
[debug-onto] tick=400 corpus=143139 stage=2 freeze=0
[dna] water wrote 66 bytes to ecology
[dna] water wrote 64 bytes to ecology
[dna] water wrote 15 bytes to ecology
[dna] water wrote 23 bytes to ecology
[dna] water wrote 38 bytes to ecology
[dna] water wrote 52 bytes to ecology
[dna] water wrote 58 bytes to ecology
[dna] water wrote 88 bytes to ecology
[dna] water wrote 77 bytes to ecology
[dna] water wrote 48 bytes to ecology
[dna] water wrote 188 bytes to ecology
[dna] water wrote 62 bytes to ecology
[dna] water wrote 92 bytes to ecology
[dna] water wrote 129 bytes to ecology
[dna] water wrote 60 bytes to ecology
[dna] water wrote 127 bytes to ecology
[dna] water wrote 119 bytes to ecology
[dna] water wrote 61 bytes to ecology
[dna] water wrote 13 bytes to ecology
[dna] water wrote 49 bytes to ecology
[dna] water wrote 31 bytes to ecology
[dna] water wrote 35 bytes to ecology
[dna] water wrote 79 bytes to ecology
[dna] water wrote 84 bytes to ecology
[dna] water wrote 82 bytes to ecology
[debug-onto] tick=450 corpus=143139 stage=2 freeze=0
[dna] water wrote 25 bytes to ecology
[dna] water wrote 52 bytes to ecology
[dna] water wrote 109 bytes to ecology
[dna] water wrote 28 bytes to ecology
[dna] water wrote 124 bytes to ecology
[dna] water wrote 138 bytes to ecology
[dna] water wrote 64 bytes to ecology
[dna] water wrote 43 bytes to ecology
[dna] water wrote 53 bytes to ecology
[dna] water wrote 116 bytes to ecology
[dna] water wrote 103 bytes to ecology
[dna] water wrote 89 bytes to ecology
[dna] water wrote 61 bytes to ecology
[dna] water wrote 58 bytes to ecology
[dna] water wrote 52 bytes to ecology
[dna] water wrote 49 bytes to ecology
[dna] water wrote 44 bytes to ecology
[dna] water wrote 84 bytes to ecology
[dna] water wrote 81 bytes to ecology
[dna] water wrote 52 bytes to ecology
[dna] water wrote 28 bytes to ecology
[dna] water wrote 107 bytes to ecology
[dna] water wrote 12 bytes to ecology
[dna] water wrote 31 bytes to ecology
[debug-onto] tick=500 corpus=143139 stage=2 freeze=0
[dna] water wrote 41 bytes to ecology
[dna] water wrote 134 bytes to ecology
[dna] water wrote 21 bytes to ecology
[dna] water wrote 38 bytes to ecology
[dna] water wrote 78 bytes to ecology
[dna] water wrote 67 bytes to ecology
[dna] water wrote 36 bytes to ecology
[dna] water wrote 23 bytes to ecology
[dna] water wrote 78 bytes to ecology
[dna] water wrote 53 bytes to ecology
[dna] water wrote 39 bytes to ecology
[dna] water wrote 29 bytes to ecology
[dna] water wrote 82 bytes to ecology
[dna] water wrote 102 bytes to ecology
[dna] water wrote 51 bytes to ecology
[dna] water wrote 32 bytes to ecology
[dna] water wrote 65 bytes to ecology
[dna] water wrote 31 bytes to ecology
[dna] water wrote 10 bytes to ecology
[dna] water wrote 31 bytes to ecology
[dna] water wrote 165 bytes to ecology
[dna] water wrote 88 bytes to ecology
[dna] water wrote 48 bytes to ecology
[dna] water wrote 99 bytes to ecology
[dna] water wrote 65 bytes to ecology
[debug-onto] tick=550 corpus=143139 stage=2 freeze=0
[dna] water wrote 26 bytes to ecology
[dna] water wrote 69 bytes to ecology
[dna] water wrote 21 bytes to ecology
[dna] water wrote 30 bytes to ecology
[dna] water wrote 10 bytes to ecology
[dna] water wrote 42 bytes to ecology
[dna] water wrote 10 bytes to ecology
[dna] water wrote 24 bytes to ecology
[dna] water wrote 86 bytes to ecology
[dna] water wrote 61 bytes to ecology
[dna] water wrote 132 bytes to ecology
[dna] water wrote 41 bytes to ecology
[dna] water wrote 70 bytes to ecology
[dna] water wrote 49 bytes to ecology
[dna] water wrote 96 bytes to ecology
[dna] water wrote 8 bytes to ecology
[dna] water wrote 83 bytes to ecology
[dna] water wrote 123 bytes to ecology
[dna] water wrote 42 bytes to ecology
[dna] water wrote 42 bytes to ecology
[dna] water wrote 34 bytes to ecology
[dna] water wrote 20 bytes to ecology
[dna] water wrote 43 bytes to ecology
[dna] water wrote 26 bytes to ecology
[dna] water wrote 38 bytes to ecology
[debug-onto] tick=600 corpus=143139 stage=2 freeze=0
[dna] water wrote 29 bytes to ecology
[dna] water wrote 117 bytes to ecology
[dna] water wrote 58 bytes to ecology
[dna] water wrote 64 bytes to ecology
[dna] water wrote 74 bytes to ecology
[dna] water wrote 26 bytes to ecology
[dna] water wrote 122 bytes to ecology
[dna] water wrote 31 bytes to ecology
[dna] water wrote 52 bytes to ecology
[dna] water wrote 45 bytes to ecology
[dna] water wrote 84 bytes to ecology
[dna] water wrote 76 bytes to ecology
[dna] water wrote 29 bytes to ecology
[dna] water wrote 36 bytes to ecology
[dna] water wrote 14 bytes to ecology
[dna] water wrote 63 bytes to ecology

[evolution] Organism shutting down gracefully.
