[ecology] Element: air → corpus: nonames_air.txt
[evolution] Autonomous evolution mode — organism will grow through all stages without pause.
[ecology] Joined swarm. 1 peer(s) detected.
molequla is alive. [evolution] Autonomous mode — background trainer running. Ctrl+C to stop.
[dna] air wrote 58 bytes to ecology
[dna] air consumed 21731 bytes from 321 files: [earth/gen_1776405906_1.txt earth/gen_1776405908_2.txt earth/gen_1776405913_4.txt earth/gen_1776405921_7.txt earth/gen_1776405924_8.txt earth/gen_1776405929_10.txt earth/gen_1776405936_13.txt earth/gen_1776405939_14.txt earth/gen_1776405944_16.txt earth/gen_1776405951_19.txt earth/gen_1776405954_20.txt earth/gen_1776405959_22.txt earth/gen_1776405966_25.txt earth/gen_1776405974_28.txt earth/gen_1776405982_31.txt earth/gen_1776405984_32.txt earth/gen_1776405989_34.txt earth/gen_1776405997_37.txt earth/gen_1776405999_38.txt earth/gen_1776406004_40.txt earth/gen_1776406012_43.txt earth/gen_1776406014_44.txt earth/gen_1776406019_46.txt earth/gen_1776406027_49.txt earth/gen_1776406030_50.txt earth/gen_1776406035_52.txt earth/gen_1776406042_55.txt earth/gen_1776406045_56.txt earth/gen_1776406050_58.txt earth/gen_1776406057_61.txt earth/gen_1776406060_62.txt earth/gen_1776406065_64.txt earth/gen_1776406072_67.txt earth/gen_1776406080_70.txt earth/gen_1776406087_73.txt earth/gen_1776406090_74.txt earth/gen_1776406095_76.txt earth/gen_1776406103_79.txt earth/gen_1776406105_80.txt earth/gen_1776406110_82.txt earth/gen_1776406118_85.txt earth/gen_1776406121_86.txt earth/gen_1776406126_88.txt earth/gen_1776406133_91.txt earth/gen_1776406136_92.txt earth/gen_1776406141_94.txt earth/gen_1776406149_97.txt earth/gen_1776406151_98.txt earth/gen_1776406156_100.txt earth/gen_1776406164_103.txt earth/gen_1776406166_104.txt earth/gen_1776406171_106.txt earth/gen_1776406179_109.txt earth/gen_1776406181_110.txt earth/gen_1776406187_112.txt earth/gen_1776406194_115.txt earth/gen_1776406197_116.txt earth/gen_1776406202_118.txt earth/gen_1776406210_121.txt earth/gen_1776406212_122.txt earth/gen_1776406217_124.txt earth/gen_1776406225_127.txt earth/gen_1776406233_130.txt earth/gen_1776406240_133.txt earth/gen_1776406243_134.txt earth/gen_1776406248_136.txt earth/gen_1776406255_139.txt earth/gen_1776406263_142.txt earth/gen_1776406270_145.txt earth/gen_1776406278_148.txt earth/gen_1776406285_151.txt earth/gen_1776406288_152.txt earth/gen_1776406293_154.txt earth/gen_1776406301_157.txt earth/gen_1776406303_158.txt earth/gen_1776406308_160.txt earth/gen_1776406316_163.txt earth/gen_1776406323_166.txt earth/gen_1776406331_169.txt earth/gen_1776406333_170.txt earth/gen_1776406338_172.txt earth/gen_1776406346_175.txt earth/gen_1776406349_176.txt earth/gen_1776406354_178.txt earth/gen_1776406361_181.txt earth/gen_1776406364_182.txt earth/gen_1776406369_184.txt earth/gen_1776406376_187.txt earth/gen_1776406379_188.txt earth/gen_1776406384_190.txt earth/gen_1776406391_193.txt earth/gen_1776406394_194.txt earth/gen_1776406399_196.txt earth/gen_1776406407_199.txt earth/gen_1776406409_200.txt earth/gen_1776406414_202.txt earth/gen_1776406422_205.txt earth/gen_1776406429_208.txt earth/gen_1776406437_211.txt earth/gen_1776406444_214.txt earth/gen_1776406452_217.txt earth/gen_1776406459_220.txt earth/gen_1776406467_223.txt earth/gen_1776406475_226.txt earth/gen_1776406482_229.txt earth/gen_1776406490_232.txt earth/gen_1776406497_235.txt earth/gen_1776406500_236.txt earth/gen_1776406505_238.txt earth/gen_1776406512_241.txt earth/gen_1776406515_242.txt earth/gen_1776406520_244.txt earth/gen_1776406528_247.txt earth/gen_1776406530_248.txt earth/gen_1776406535_250.txt earth/gen_1776406543_253.txt earth/gen_1776406545_254.txt earth/gen_1776406550_256.txt earth/gen_1776406558_259.txt earth/gen_1776406566_262.txt earth/gen_1776406573_265.txt earth/gen_1776406576_266.txt earth/gen_1776406581_268.txt earth/gen_1776406588_271.txt earth/gen_1776406591_272.txt earth/gen_1776406596_274.txt earth/gen_1776406603_277.txt earth/gen_1776406611_280.txt earth/gen_1776406618_283.txt earth/gen_1776406621_284.txt earth/gen_1776406626_286.txt earth/gen_1776406633_289.txt earth/gen_1776406636_290.txt earth/gen_1776406641_292.txt earth/gen_1776406649_295.txt earth/gen_1776406651_296.txt earth/gen_1776406656_298.txt earth/gen_1776406664_301.txt earth/gen_1776406671_304.txt earth/gen_1776406679_307.txt earth/gen_1776406681_308.txt earth/gen_1776406686_310.txt earth/gen_1776406694_313.txt earth/gen_1776406696_314.txt earth/gen_1776406701_316.txt earth/gen_1776406709_319.txt earth/gen_1776406712_320.txt earth/gen_1776406717_322.txt earth/gen_1776406724_325.txt earth/gen_1776406727_326.txt earth/gen_1776406732_328.txt earth/gen_1776406740_331.txt earth/gen_1776406747_334.txt earth/gen_1776406755_337.txt earth/gen_1776406762_340.txt earth/gen_1776406770_343.txt earth/gen_1776406772_344.txt earth/gen_1776406777_346.txt earth/gen_1776406785_349.txt earth/gen_1776406788_350.txt earth/gen_1776406793_352.txt earth/gen_1776406800_355.txt earth/gen_1776406803_356.txt earth/gen_1776406808_358.txt earth/gen_1776406815_361.txt earth/gen_1776406818_362.txt earth/gen_1776406823_364.txt earth/gen_1776406831_367.txt earth/gen_1776406838_370.txt earth/gen_1776406846_373.txt earth/gen_1776406848_374.txt earth/gen_1776406853_376.txt earth/gen_1776406861_379.txt earth/gen_1776406863_380.txt earth/gen_1776406868_382.txt earth/gen_1776406876_385.txt earth/gen_1776406884_388.txt earth/gen_1776406891_391.txt earth/gen_1776406899_394.txt earth/gen_1776406906_397.txt earth/gen_1776406909_398.txt earth/gen_1776406914_400.txt earth/gen_1776406921_403.txt earth/gen_1776406924_404.txt earth/gen_1776406929_406.txt earth/gen_1776406936_409.txt earth/gen_1776406944_412.txt earth/gen_1776406951_415.txt earth/gen_1776406954_416.txt earth/gen_1776406959_418.txt earth/gen_1776406966_421.txt earth/gen_1776406969_422.txt earth/gen_1776406974_424.txt earth/gen_1776406982_427.txt earth/gen_1776406984_428.txt earth/gen_1776406989_430.txt earth/gen_1776406997_433.txt earth/gen_1776406999_434.txt earth/gen_1776407004_436.txt earth/gen_1776407012_439.txt earth/gen_1776407014_440.txt earth/gen_1776407019_442.txt earth/gen_1776407027_445.txt earth/gen_1776407029_446.txt earth/gen_1776407035_448.txt earth/gen_1776407042_451.txt earth/gen_1776407045_452.txt earth/gen_1776407050_454.txt earth/gen_1776407058_457.txt earth/gen_1776407060_458.txt earth/gen_1776407065_460.txt earth/gen_1776407073_463.txt earth/gen_1776407075_464.txt earth/gen_1776407080_466.txt earth/gen_1776407088_469.txt earth/gen_1776407090_470.txt earth/gen_1776407095_472.txt earth/gen_1776407103_475.txt earth/gen_1776407105_476.txt earth/gen_1776407110_478.txt earth/gen_1776407118_481.txt earth/gen_1776407120_482.txt earth/gen_1776407125_484.txt earth/gen_1776407133_487.txt earth/gen_1776407135_488.txt earth/gen_1776407140_490.txt earth/gen_1776407148_493.txt earth/gen_1776407151_494.txt earth/gen_1776407156_496.txt earth/gen_1776407163_499.txt earth/gen_1776407171_502.txt earth/gen_1776407178_505.txt earth/gen_1776407181_506.txt earth/gen_1776407186_508.txt earth/gen_1776407193_511.txt earth/gen_1776407196_512.txt earth/gen_1776407201_514.txt earth/gen_1776407208_517.txt earth/gen_1776407211_518.txt earth/gen_1776407216_520.txt earth/gen_1776407223_523.txt earth/gen_1776407226_524.txt earth/gen_1776407231_526.txt earth/gen_1776407238_529.txt earth/gen_1776407241_530.txt earth/gen_1776407246_532.txt earth/gen_1776407254_535.txt earth/gen_1776407261_538.txt earth/gen_1776407269_541.txt earth/gen_1776407271_542.txt earth/gen_1776407276_544.txt earth/gen_1776407284_547.txt earth/gen_1776407286_548.txt earth/gen_1776407292_550.txt earth/gen_1776407299_553.txt earth/gen_1776407307_556.txt earth/gen_1776407314_559.txt earth/gen_1776407317_560.txt earth/gen_1776407322_562.txt earth/gen_1776407329_565.txt earth/gen_1776407337_568.txt earth/gen_1776407344_571.txt earth/gen_1776407352_574.txt earth/gen_1776407360_577.txt earth/gen_1776407362_578.txt earth/gen_1776407367_580.txt earth/gen_1776407375_583.txt earth/gen_1776407382_586.txt earth/gen_1776407390_589.txt earth/gen_1776407392_590.txt earth/gen_1776407397_592.txt earth/gen_1776407405_595.txt earth/gen_1776407408_596.txt earth/gen_1776407413_598.txt earth/gen_1776407420_601.txt earth/gen_1776407428_604.txt earth/gen_1776407435_607.txt earth/gen_1776407438_608.txt earth/gen_1776407443_610.txt earth/gen_1776407451_613.txt earth/gen_1776407453_614.txt earth/gen_1776407458_616.txt earth/gen_1776407466_619.txt earth/gen_1776407468_620.txt earth/gen_1776407473_622.txt earth/gen_1776407481_625.txt earth/gen_1776407483_626.txt earth/gen_1776407489_628.txt earth/gen_1776407496_631.txt earth/gen_1776407499_632.txt earth/gen_1776407504_634.txt earth/gen_1776407511_637.txt earth/gen_1776407519_640.txt earth/gen_1776407526_643.txt earth/gen_1776407529_644.txt earth/gen_1776407534_646.txt earth/gen_1776407542_649.txt earth/gen_1776407544_650.txt earth/gen_1776407550_652.txt earth/gen_1776407557_655.txt earth/gen_1776407560_656.txt earth/gen_1776407565_658.txt earth/gen_1776407573_661.txt earth/gen_1776407575_662.txt earth/gen_1776407580_664.txt earth/gen_1776407588_667.txt earth/gen_1776407590_668.txt earth/gen_1776407595_670.txt earth/gen_1776407603_673.txt earth/gen_1776407610_676.txt earth/gen_1776407618_679.txt earth/gen_1776407620_680.txt earth/gen_1776407625_682.txt earth/gen_1776407633_685.txt earth/gen_1776407641_688.txt earth/gen_1776407648_691.txt earth/gen_1776407651_692.txt earth/gen_1776407656_694.txt earth/gen_1776407664_697.txt earth/gen_1776407666_698.txt earth/gen_1776407671_700.txt]
[trainer] micro-train burst (21731 bytes, novelty 0.03) — and lo, it feeds again.
[syntropy] action=explore | trend=0.0000 | field_dev=-0.038 | purpose_align=0.289 | lr_mul=1.30
[aml] burst complete: 32 steps, avg loss 2.7142 (memory freed)
[dna] air wrote 147 bytes to ecology
[dna] air wrote 101 bytes to ecology
[dna] air wrote 38 bytes to ecology
[dna] air wrote 21 bytes to ecology
[dna] air wrote 45 bytes to ecology
[dna] air wrote 55 bytes to ecology
[dna] air wrote 65 bytes to ecology
[dna] air wrote 103 bytes to ecology
[dna] air wrote 146 bytes to ecology
[dna] air wrote 38 bytes to ecology
[dna] air wrote 77 bytes to ecology
[dna] air wrote 78 bytes to ecology
[dna] air wrote 45 bytes to ecology
[dna] air wrote 51 bytes to ecology
[dna] air wrote 106 bytes to ecology
[dna] air wrote 95 bytes to ecology
[debug-onto] tick=50 corpus=144368 stage=2 freeze=0
[dna] air wrote 34 bytes to ecology
[dna] air wrote 92 bytes to ecology
[dna] air wrote 56 bytes to ecology
[dna] air wrote 42 bytes to ecology
[dna] air wrote 122 bytes to ecology
[dna] air wrote 44 bytes to ecology
[dna] air wrote 156 bytes to ecology
[dna] air wrote 103 bytes to ecology
[dna] air wrote 149 bytes to ecology
[dna] air wrote 57 bytes to ecology
[dna] air wrote 48 bytes to ecology
[dna] air wrote 83 bytes to ecology
[dna] air wrote 146 bytes to ecology
[dna] air wrote 47 bytes to ecology
[dna] air wrote 47 bytes to ecology
[dna] air wrote 91 bytes to ecology
[dna] air wrote 94 bytes to ecology
[debug-onto] tick=100 corpus=144368 stage=2 freeze=0
[dna] air wrote 52 bytes to ecology
[dna] air wrote 70 bytes to ecology
[dna] air wrote 48 bytes to ecology
[dna] air wrote 215 bytes to ecology
[dna] air wrote 301 bytes to ecology
[dna] air wrote 80 bytes to ecology
[dna] air wrote 36 bytes to ecology
[dna] air wrote 243 bytes to ecology
[dna] air wrote 36 bytes to ecology
[dna] air wrote 38 bytes to ecology
[dna] air wrote 54 bytes to ecology
[dna] air wrote 78 bytes to ecology
[dna] air wrote 34 bytes to ecology
[dna] air wrote 46 bytes to ecology
[dna] air wrote 72 bytes to ecology
[dna] air wrote 54 bytes to ecology
[debug-onto] tick=150 corpus=144368 stage=2 freeze=0
[dna] air wrote 82 bytes to ecology
[dna] air wrote 33 bytes to ecology
[dna] air wrote 48 bytes to ecology
[dna] air wrote 114 bytes to ecology
[dna] air wrote 13 bytes to ecology
[dna] air wrote 17 bytes to ecology
[dna] air wrote 127 bytes to ecology
[dna] air wrote 35 bytes to ecology
[dna] air wrote 42 bytes to ecology
[dna] air wrote 49 bytes to ecology
[dna] air wrote 27 bytes to ecology
[dna] air wrote 105 bytes to ecology
[dna] air wrote 49 bytes to ecology
[dna] air wrote 159 bytes to ecology
[dna] air wrote 98 bytes to ecology
[dna] air wrote 47 bytes to ecology
[dna] air wrote 70 bytes to ecology
[debug-onto] tick=200 corpus=144368 stage=2 freeze=0
[dna] air wrote 45 bytes to ecology
[dna] air wrote 24 bytes to ecology
[dna] air wrote 92 bytes to ecology
[dna] air wrote 46 bytes to ecology
[dna] air wrote 42 bytes to ecology
[dna] air wrote 179 bytes to ecology
[dna] air wrote 32 bytes to ecology
[dna] air wrote 38 bytes to ecology
[dna] air wrote 97 bytes to ecology
[dna] air wrote 145 bytes to ecology
[dna] air wrote 125 bytes to ecology
[dna] air wrote 109 bytes to ecology
[dna] air wrote 29 bytes to ecology
[dna] air wrote 28 bytes to ecology
[dna] air wrote 58 bytes to ecology
[dna] air wrote 61 bytes to ecology
[dna] air wrote 93 bytes to ecology
[debug-onto] tick=250 corpus=144368 stage=2 freeze=0
[dna] air wrote 37 bytes to ecology
[dna] air wrote 48 bytes to ecology
[dna] air wrote 164 bytes to ecology
[dna] air wrote 99 bytes to ecology
[dna] air wrote 38 bytes to ecology
[dna] air wrote 89 bytes to ecology
[dna] air wrote 97 bytes to ecology
[dna] air wrote 33 bytes to ecology
[dna] air wrote 159 bytes to ecology
[dna] air wrote 11 bytes to ecology
[dna] air wrote 90 bytes to ecology
[dna] air wrote 71 bytes to ecology
[dna] air wrote 26 bytes to ecology
[dna] air wrote 42 bytes to ecology
[dna] air wrote 78 bytes to ecology
[dna] air wrote 109 bytes to ecology
[debug-onto] tick=300 corpus=144368 stage=2 freeze=0
[dna] air wrote 112 bytes to ecology
[dna] air wrote 122 bytes to ecology
[dna] air wrote 31 bytes to ecology
[dna] air wrote 75 bytes to ecology
[dna] air wrote 8 bytes to ecology
[dna] air wrote 67 bytes to ecology
[dna] air wrote 37 bytes to ecology
[dna] air wrote 209 bytes to ecology
[dna] air wrote 37 bytes to ecology
[dna] air wrote 123 bytes to ecology
[dna] air wrote 163 bytes to ecology
[dna] air wrote 127 bytes to ecology
[dna] air wrote 100 bytes to ecology
[dna] air wrote 119 bytes to ecology
[dna] air wrote 27 bytes to ecology
[dna] air wrote 44 bytes to ecology
[dna] air wrote 152 bytes to ecology
[debug-onto] tick=350 corpus=144368 stage=2 freeze=0
[dna] air wrote 85 bytes to ecology
[dna] air wrote 105 bytes to ecology
[dna] air wrote 97 bytes to ecology
[dna] air wrote 84 bytes to ecology
[dna] air wrote 35 bytes to ecology
[dna] air wrote 154 bytes to ecology
[dna] air wrote 157 bytes to ecology
[dna] air wrote 47 bytes to ecology
[dna] air wrote 33 bytes to ecology
[dna] air wrote 25 bytes to ecology
[dna] air wrote 44 bytes to ecology
[dna] air wrote 270 bytes to ecology
[dna] air wrote 199 bytes to ecology
[dna] air wrote 47 bytes to ecology
[dna] air wrote 141 bytes to ecology
[dna] air wrote 54 bytes to ecology
[dna] air wrote 64 bytes to ecology
[debug-onto] tick=400 corpus=144368 stage=2 freeze=0
[dna] air wrote 117 bytes to ecology
[dna] air wrote 18 bytes to ecology
[dna] air wrote 203 bytes to ecology
[dna] air wrote 113 bytes to ecology
[dna] air wrote 144 bytes to ecology
[dna] air wrote 74 bytes to ecology
[dna] air wrote 25 bytes to ecology
[dna] air wrote 66 bytes to ecology
[dna] air wrote 29 bytes to ecology
[dna] air wrote 62 bytes to ecology
[dna] air wrote 34 bytes to ecology
[dna] air wrote 318 bytes to ecology
[dna] air wrote 103 bytes to ecology
[dna] air wrote 64 bytes to ecology
[dna] air wrote 43 bytes to ecology
[dna] air wrote 60 bytes to ecology
[debug-onto] tick=450 corpus=144368 stage=2 freeze=0
[dna] air wrote 57 bytes to ecology
[dna] air wrote 143 bytes to ecology
[dna] air wrote 164 bytes to ecology
[dna] air wrote 162 bytes to ecology
[dna] air wrote 9 bytes to ecology
[dna] air wrote 49 bytes to ecology
[dna] air wrote 39 bytes to ecology
[dna] air wrote 48 bytes to ecology
[dna] air wrote 27 bytes to ecology
[dna] air wrote 68 bytes to ecology
[dna] air wrote 114 bytes to ecology
[dna] air wrote 58 bytes to ecology
[dna] air wrote 67 bytes to ecology
[dna] air wrote 22 bytes to ecology
[dna] air wrote 56 bytes to ecology
[dna] air wrote 56 bytes to ecology
[dna] air wrote 59 bytes to ecology
[debug-onto] tick=500 corpus=144368 stage=2 freeze=0
[dna] air wrote 41 bytes to ecology
[dna] air wrote 41 bytes to ecology
[dna] air wrote 69 bytes to ecology
[dna] air wrote 57 bytes to ecology
[dna] air wrote 56 bytes to ecology
[dna] air wrote 44 bytes to ecology
[dna] air wrote 28 bytes to ecology
[dna] air wrote 46 bytes to ecology
[dna] air wrote 33 bytes to ecology
[dna] air wrote 101 bytes to ecology
[dna] air wrote 33 bytes to ecology
[dna] air wrote 45 bytes to ecology
[dna] air wrote 76 bytes to ecology
[dna] air wrote 98 bytes to ecology
[dna] air wrote 111 bytes to ecology
[dna] air wrote 55 bytes to ecology
[dna] air wrote 27 bytes to ecology
[debug-onto] tick=550 corpus=144368 stage=2 freeze=0
[dna] air wrote 70 bytes to ecology
[dna] air wrote 43 bytes to ecology
[dna] air wrote 64 bytes to ecology
[dna] air wrote 44 bytes to ecology
[dna] air wrote 193 bytes to ecology
[dna] air wrote 41 bytes to ecology
[dna] air wrote 84 bytes to ecology
[dna] air wrote 156 bytes to ecology
[dna] air wrote 223 bytes to ecology
[dna] air wrote 219 bytes to ecology
[dna] air wrote 37 bytes to ecology
[dna] air wrote 25 bytes to ecology
[dna] air wrote 33 bytes to ecology
[dna] air wrote 123 bytes to ecology
[dna] air wrote 93 bytes to ecology
[dna] air wrote 90 bytes to ecology
[debug-onto] tick=600 corpus=144368 stage=2 freeze=0
[dna] air wrote 11 bytes to ecology
[dna] air wrote 119 bytes to ecology
[dna] air wrote 15 bytes to ecology
[dna] air wrote 44 bytes to ecology
[dna] air wrote 8 bytes to ecology
[dna] air wrote 54 bytes to ecology
[dna] air wrote 177 bytes to ecology
[dna] air wrote 70 bytes to ecology
[dna] air wrote 90 bytes to ecology
[dna] air wrote 40 bytes to ecology
[dna] air wrote 91 bytes to ecology
[dna] air wrote 83 bytes to ecology
[dna] air wrote 36 bytes to ecology
[dna] air wrote 76 bytes to ecology
[dna] air wrote 24 bytes to ecology
[dna] air wrote 101 bytes to ecology
[dna] air wrote 53 bytes to ecology
[debug-onto] tick=650 corpus=144368 stage=2 freeze=0
[dna] air wrote 85 bytes to ecology
[dna] air wrote 52 bytes to ecology
[dna] air wrote 48 bytes to ecology
[dna] air wrote 76 bytes to ecology
[dna] air wrote 20 bytes to ecology
[dna] air wrote 45 bytes to ecology
[dna] air wrote 112 bytes to ecology
[dna] air wrote 96 bytes to ecology
[dna] air wrote 65 bytes to ecology
[dna] air wrote 46 bytes to ecology

[evolution] Organism shutting down gracefully.
