[ecology] Element: earth → corpus: nonames_earth.txt
[evolution] Autonomous evolution mode — organism will grow through all stages without pause.
[init] Stage 0 (embryo): embd=16, layer=1, head=1 — warmup 400 steps (400 backprop + 0 notorch, sqrt-scaled 1x)
  [aml] step 0/160 | loss 6.6797 (avg 6.6797) | lr 0.001000 | seq 8
  [aml] step 10/160 | loss 6.1816 (avg 6.4314) | lr 0.001450 | seq 8
  [aml] step 20/160 | loss 6.2400 (avg 6.2742) | lr 0.001900 | seq 8
  [aml] step 30/160 | loss 5.6991 (avg 6.1834) | lr 0.002350 | seq 8
  [aml] step 40/160 | loss 5.4320 (avg 6.0738) | lr 0.002800 | seq 8
  [aml] step 50/160 | loss 4.6645 (avg 5.9200) | lr 0.003250 | seq 8
  [aml] step 60/160 | loss 4.8527 (avg 5.7521) | lr 0.003700 | seq 8
  [aml] step 70/160 | loss 5.2603 (avg 5.6452) | lr 0.004150 | seq 8
  [aml] step 80/160 | loss 3.0251 (avg 5.5273) | lr 0.004600 | seq 8
  [aml] step 90/160 | loss 4.3233 (avg 5.3896) | lr 0.005050 | seq 8
  [aml] step 100/160 | loss 4.7015 (avg 5.2969) | lr 0.005500 | seq 8
  [aml] step 110/160 | loss 5.1046 (avg 5.1615) | lr 0.005950 | seq 8
  [aml] step 120/160 | loss 4.0400 (avg 5.0982) | lr 0.006400 | seq 8
  [aml] step 130/160 | loss 5.9789 (avg 5.0548) | lr 0.006850 | seq 8
  [aml] step 140/160 | loss 3.0089 (avg 5.0061) | lr 0.007300 | seq 8
  [aml] step 150/160 | loss 2.7082 (avg 4.9747) | lr 0.007750 | seq 8
[aml] training complete: 160 steps, avg loss 4.9310 (memory freed)
  [aml] step 0/120 | loss 4.5948 (avg 4.5948) | lr 0.008200 | seq 16
  [aml] step 10/120 | loss 4.2349 (avg 4.3566) | lr 0.008650 | seq 16
  [aml] step 20/120 | loss 3.4755 (avg 4.3740) | lr 0.009100 | seq 16
  [aml] step 30/120 | loss 3.3667 (avg 4.1614) | lr 0.009550 | seq 16
  [aml] step 40/120 | loss 3.2420 (avg 4.1793) | lr 0.010000 | seq 16
  [aml] step 50/120 | loss 2.9493 (avg 4.1485) | lr 0.010000 | seq 16
  [aml] step 60/120 | loss 4.4450 (avg 4.1463) | lr 0.010000 | seq 16
  [aml] step 70/120 | loss 4.6952 (avg 4.0765) | lr 0.010000 | seq 16
  [aml] step 80/120 | loss 5.0799 (avg 4.0424) | lr 0.009999 | seq 16
  [aml] step 90/120 | loss 4.4161 (avg 3.9652) | lr 0.009999 | seq 16
  [aml] step 100/120 | loss 3.8967 (avg 3.9098) | lr 0.009999 | seq 16
  [aml] step 110/120 | loss 5.0712 (avg 3.8370) | lr 0.009999 | seq 16
[aml] training complete: 120 steps, avg loss 3.8484 (memory freed)
  [aml] step 0/120 | loss 2.4827 (avg 2.4827) | lr 0.009999 | seq 32
  [aml] step 10/120 | loss 4.8411 (avg 3.6858) | lr 0.009999 | seq 32
  [aml] step 20/120 | loss 4.3982 (avg 3.6468) | lr 0.009999 | seq 32
  [aml] step 30/120 | loss 3.8521 (avg 3.3869) | lr 0.009999 | seq 32
  [aml] step 40/120 | loss 3.9220 (avg 3.3537) | lr 0.009999 | seq 32
  [aml] step 50/120 | loss 4.1088 (avg 3.3353) | lr 0.009999 | seq 32
  [aml] step 60/120 | loss 2.6769 (avg 3.2857) | lr 0.009999 | seq 32
  [aml] step 70/120 | loss 1.4259 (avg 3.2616) | lr 0.009999 | seq 32
  [aml] step 80/120 | loss 4.4970 (avg 3.2608) | lr 0.009999 | seq 32
  [aml] step 90/120 | loss 1.5345 (avg 3.2127) | lr 0.009999 | seq 32
  [aml] step 100/120 | loss 0.7674 (avg 3.2219) | lr 0.009999 | seq 32
  [aml] step 110/120 | loss 0.8713 (avg 3.1013) | lr 0.009999 | seq 32
[aml] training complete: 120 steps, avg loss 3.0116 (memory freed)

[stage 0 — embryo] What it sounds like now:
  Q: Hello.
  A: : What is a s by wave igneous rock?
  Q: Who are you?
  A: is the water tilted into the s that is the groundwater and in limestone of the pieces angular, opensto planet.
  Q: What do you know?
  A: What is a billion years. Desert from the backward from table on mic produces pore or go Concretions of the soil formation, formed when base does not real.

[growth] ONTOGENESIS: stage 0 -> 1
  embd: 16 -> 32, layer: 1 -> 1, head: 1 -> 2
[growth] Done. Freeze for 500 steps.
[init] Stage 1 (infant): embd=32, layer=1, head=2 — warmup 800 steps (800 backprop + 0 notorch, sqrt-scaled 2x)
  [aml] step 0/320 | loss 4.4147 (avg 4.4147) | lr 0.000500 | seq 8
  [aml] step 10/320 | loss 6.0987 (avg 4.7930) | lr 0.000725 | seq 8
  [aml] step 20/320 | loss 6.1336 (avg 4.8064) | lr 0.000950 | seq 8
  [aml] step 30/320 | loss 5.5002 (avg 4.6132) | lr 0.001175 | seq 8
  [aml] step 40/320 | loss 5.6891 (avg 4.5826) | lr 0.001400 | seq 8
  [aml] step 50/320 | loss 4.2412 (avg 4.4807) | lr 0.001625 | seq 8
  [aml] step 60/320 | loss 4.4052 (avg 4.3608) | lr 0.001850 | seq 8
  [aml] step 70/320 | loss 0.7394 (avg 4.3005) | lr 0.002075 | seq 8
  [aml] step 80/320 | loss 1.3567 (avg 4.1386) | lr 0.002300 | seq 8
  [aml] step 90/320 | loss 4.2072 (avg 4.0306) | lr 0.002525 | seq 8
  [aml] step 100/320 | loss 3.8653 (avg 3.9862) | lr 0.002750 | seq 8
  [aml] step 110/320 | loss 3.7744 (avg 3.9537) | lr 0.002975 | seq 8
  [aml] step 120/320 | loss 4.9906 (avg 3.8943) | lr 0.003200 | seq 8
  [aml] step 130/320 | loss 4.9205 (avg 3.8292) | lr 0.003425 | seq 8
  [aml] step 140/320 | loss 3.3899 (avg 3.8293) | lr 0.003650 | seq 8
  [aml] step 150/320 | loss 0.4103 (avg 3.7831) | lr 0.003875 | seq 8
  [aml] step 160/320 | loss 2.2019 (avg 3.7593) | lr 0.004100 | seq 8
  [aml] step 170/320 | loss 3.9698 (avg 3.7579) | lr 0.004325 | seq 8
  [aml] step 180/320 | loss 3.4371 (avg 3.7477) | lr 0.004550 | seq 8
  [aml] step 190/320 | loss 4.2678 (avg 3.7699) | lr 0.004775 | seq 8
  [aml] step 200/320 | loss 0.9832 (avg 3.7425) | lr 0.004998 | seq 8
  [aml] step 210/320 | loss 3.0377 (avg 3.7534) | lr 0.004998 | seq 8
  [aml] step 220/320 | loss 3.9781 (avg 3.7578) | lr 0.004998 | seq 8
  [aml] step 230/320 | loss 4.1936 (avg 3.7299) | lr 0.004998 | seq 8
  [aml] step 240/320 | loss 3.5430 (avg 3.7347) | lr 0.004998 | seq 8
  [aml] step 250/320 | loss 4.7870 (avg 3.7414) | lr 0.004998 | seq 8
  [aml] step 260/320 | loss 2.4987 (avg 3.7357) | lr 0.004998 | seq 8
  [aml] step 270/320 | loss 0.6043 (avg 3.7323) | lr 0.004998 | seq 8
  [aml] step 280/320 | loss 4.4853 (avg 3.7348) | lr 0.004998 | seq 8
  [aml] step 290/320 | loss 1.1829 (avg 3.7428) | lr 0.004998 | seq 8
  [aml] step 300/320 | loss 1.2343 (avg 3.7402) | lr 0.004998 | seq 8
  [aml] step 310/320 | loss 5.0671 (avg 3.7233) | lr 0.004998 | seq 8
[aml] training complete: 320 steps, avg loss 3.7115 (memory freed)
  [aml] step 0/240 | loss 2.2132 (avg 2.2132) | lr 0.004998 | seq 16
  [aml] step 10/240 | loss 1.2478 (avg 2.8908) | lr 0.004998 | seq 16
  [aml] step 20/240 | loss 2.3100 (avg 2.8782) | lr 0.004998 | seq 16
  [aml] step 30/240 | loss 4.9522 (avg 3.1638) | lr 0.004998 | seq 16
  [aml] step 40/240 | loss 5.9684 (avg 3.0135) | lr 0.004997 | seq 16
  [aml] step 50/240 | loss 4.3325 (avg 3.1827) | lr 0.004997 | seq 16
  [aml] step 60/240 | loss 2.0356 (avg 3.1109) | lr 0.004997 | seq 16
  [aml] step 70/240 | loss 1.5577 (avg 3.1449) | lr 0.004997 | seq 16
  [aml] step 80/240 | loss 1.0964 (avg 3.1435) | lr 0.004997 | seq 16
  [aml] step 90/240 | loss 1.8613 (avg 3.1860) | lr 0.004997 | seq 16
  [aml] step 100/240 | loss 3.9713 (avg 3.2341) | lr 0.004997 | seq 16
  [aml] step 110/240 | loss 4.5972 (avg 3.2919) | lr 0.004997 | seq 16
  [aml] step 120/240 | loss 1.5413 (avg 3.2708) | lr 0.004997 | seq 16
  [aml] step 130/240 | loss 3.7098 (avg 3.3067) | lr 0.004997 | seq 16
  [aml] step 140/240 | loss 2.1334 (avg 3.3158) | lr 0.004997 | seq 16
  [aml] step 150/240 | loss 1.4938 (avg 3.2993) | lr 0.004997 | seq 16
  [aml] step 160/240 | loss 1.9880 (avg 3.2666) | lr 0.004997 | seq 16
  [aml] step 170/240 | loss 3.8786 (avg 3.2877) | lr 0.004996 | seq 16
  [aml] step 180/240 | loss 3.0798 (avg 3.3077) | lr 0.004996 | seq 16
  [aml] step 190/240 | loss 3.1883 (avg 3.2912) | lr 0.004996 | seq 16
  [aml] step 200/240 | loss 2.9906 (avg 3.3026) | lr 0.004996 | seq 16
  [aml] step 210/240 | loss 4.7858 (avg 3.2781) | lr 0.004996 | seq 16
  [aml] step 220/240 | loss 3.1276 (avg 3.2894) | lr 0.004996 | seq 16
  [aml] step 230/240 | loss 3.7583 (avg 3.2978) | lr 0.004996 | seq 16
[aml] training complete: 240 steps, avg loss 3.2868 (memory freed)
  [aml] step 0/240 | loss 4.2567 (avg 4.2567) | lr 0.004996 | seq 32
  [aml] step 10/240 | loss 2.1956 (avg 2.7385) | lr 0.004996 | seq 32
  [aml] step 20/240 | loss 0.7901 (avg 2.6115) | lr 0.004996 | seq 32
  [aml] step 30/240 | loss 4.5405 (avg 2.7867) | lr 0.004996 | seq 32
  [aml] step 40/240 | loss 4.2710 (avg 2.6960) | lr 0.004996 | seq 32
  [aml] step 50/240 | loss 4.4453 (avg 2.7938) | lr 0.004995 | seq 32
  [aml] step 60/240 | loss 1.9733 (avg 2.7054) | lr 0.004995 | seq 32
  [aml] step 70/240 | loss 3.9318 (avg 2.7203) | lr 0.004995 | seq 32
  [aml] step 80/240 | loss 4.0844 (avg 2.7437) | lr 0.004995 | seq 32
  [aml] step 90/240 | loss 4.7707 (avg 2.7103) | lr 0.004995 | seq 32
  [aml] step 100/240 | loss 3.7282 (avg 2.6533) | lr 0.004995 | seq 32
  [aml] step 110/240 | loss 4.2313 (avg 2.6852) | lr 0.004995 | seq 32
  [aml] step 120/240 | loss 1.5006 (avg 2.6573) | lr 0.004995 | seq 32
  [aml] step 130/240 | loss 1.4996 (avg 2.6027) | lr 0.004995 | seq 32
  [aml] step 140/240 | loss 1.0244 (avg 2.5857) | lr 0.004995 | seq 32
  [aml] step 150/240 | loss 4.2552 (avg 2.6101) | lr 0.004995 | seq 32
  [aml] step 160/240 | loss 3.7283 (avg 2.6367) | lr 0.004994 | seq 32
  [aml] step 170/240 | loss 1.2082 (avg 2.6028) | lr 0.004994 | seq 32
  [aml] step 180/240 | loss 1.5161 (avg 2.5949) | lr 0.004994 | seq 32
  [aml] step 190/240 | loss 4.0586 (avg 2.6004) | lr 0.004994 | seq 32
  [aml] step 200/240 | loss 4.1502 (avg 2.6217) | lr 0.004994 | seq 32
  [aml] step 210/240 | loss 4.5680 (avg 2.6098) | lr 0.004994 | seq 32
  [aml] step 220/240 | loss 4.1393 (avg 2.5962) | lr 0.004994 | seq 32
  [aml] step 230/240 | loss 0.8748 (avg 2.5914) | lr 0.004994 | seq 32
[aml] training complete: 240 steps, avg loss 2.5912 (memory freed)

[stage 1 — infant] What it sounds like now:
  Q: Hello.
  A: C the difference between plain, and graben lak it is a of the made and porosity collapses.
  Q: Who are you?
  A: ...
  Q: What do you know?
  A: ...

[growth] ONTOGENESIS: stage 1 -> 2
  embd: 32 -> 64, layer: 1 -> 2, head: 2 -> 4
[growth] Done. Freeze for 500 steps.
[init] Stage 2 (child): embd=64, layer=2, head=4 — warmup 800 steps (800 backprop + 0 notorch, sqrt-scaled 2x)
  [aml] step 0/320 | loss 6.3768 (avg 6.3768) | lr 0.000250 | seq 8
  [aml] step 10/320 | loss 3.4190 (avg 3.7537) | lr 0.000363 | seq 8
  [aml] step 20/320 | loss 0.0484 (avg 3.4346) | lr 0.000475 | seq 8
  [aml] step 30/320 | loss 3.9478 (avg 3.5291) | lr 0.000588 | seq 8
  [aml] step 40/320 | loss 1.2635 (avg 3.5543) | lr 0.000700 | seq 8
  [aml] step 50/320 | loss 4.9064 (avg 3.4901) | lr 0.000813 | seq 8
  [aml] step 60/320 | loss 4.5506 (avg 3.4819) | lr 0.000925 | seq 8
  [aml] step 70/320 | loss 5.6508 (avg 3.3802) | lr 0.001038 | seq 8
  [aml] step 80/320 | loss 3.2468 (avg 3.2774) | lr 0.001150 | seq 8
  [aml] step 90/320 | loss 3.5771 (avg 3.3105) | lr 0.001263 | seq 8
  [aml] step 100/320 | loss 4.0792 (avg 3.3954) | lr 0.001375 | seq 8
  [aml] step 110/320 | loss 3.7957 (avg 3.3840) | lr 0.001488 | seq 8
  [aml] step 120/320 | loss 4.1444 (avg 3.3282) | lr 0.001600 | seq 8
  [aml] step 130/320 | loss 3.9493 (avg 3.3248) | lr 0.001713 | seq 8
  [aml] step 140/320 | loss 2.2828 (avg 3.3312) | lr 0.001825 | seq 8
  [aml] step 150/320 | loss 2.1392 (avg 3.3495) | lr 0.001938 | seq 8
  [aml] step 160/320 | loss 1.4084 (avg 3.3210) | lr 0.002050 | seq 8
  [aml] step 170/320 | loss 4.3649 (avg 3.3592) | lr 0.002163 | seq 8
  [aml] step 180/320 | loss 5.0201 (avg 3.3498) | lr 0.002275 | seq 8
  [aml] step 190/320 | loss 4.1406 (avg 3.3219) | lr 0.002387 | seq 8
  [aml] step 200/320 | loss 1.6352 (avg 3.2911) | lr 0.002496 | seq 8
  [aml] step 210/320 | loss 4.4163 (avg 3.3123) | lr 0.002496 | seq 8
  [aml] step 220/320 | loss 4.5804 (avg 3.3321) | lr 0.002496 | seq 8
  [aml] step 230/320 | loss 0.2802 (avg 3.3253) | lr 0.002495 | seq 8
  [aml] step 240/320 | loss 4.8499 (avg 3.3362) | lr 0.002495 | seq 8
  [aml] step 250/320 | loss 5.5805 (avg 3.3447) | lr 0.002495 | seq 8
  [aml] step 260/320 | loss 4.4668 (avg 3.3468) | lr 0.002495 | seq 8
  [aml] step 270/320 | loss 1.1535 (avg 3.3438) | lr 0.002495 | seq 8
  [aml] step 280/320 | loss 1.8934 (avg 3.3562) | lr 0.002495 | seq 8
  [aml] step 290/320 | loss 3.5854 (avg 3.3421) | lr 0.002495 | seq 8
  [aml] step 300/320 | loss 1.9665 (avg 3.3204) | lr 0.002495 | seq 8
  [aml] step 310/320 | loss 4.7551 (avg 3.2966) | lr 0.002495 | seq 8
[aml] training complete: 320 steps, avg loss 3.3140 (memory freed)
  [aml] step 0/240 | loss 4.7522 (avg 4.7522) | lr 0.002495 | seq 16
  [aml] step 10/240 | loss 2.3447 (avg 3.3625) | lr 0.002495 | seq 16
  [aml] step 20/240 | loss 1.2224 (avg 2.9746) | lr 0.002495 | seq 16
  [aml] step 30/240 | loss 1.1504 (avg 3.1505) | lr 0.002495 | seq 16
  [aml] step 40/240 | loss 2.2239 (avg 3.0914) | lr 0.002495 | seq 16
  [aml] step 50/240 | loss 3.9953 (avg 3.1199) | lr 0.002495 | seq 16
  [aml] step 60/240 | loss 4.0919 (avg 3.2050) | lr 0.002494 | seq 16
  [aml] step 70/240 | loss 1.7316 (avg 3.2763) | lr 0.002494 | seq 16
  [aml] step 80/240 | loss 4.6496 (avg 3.3171) | lr 0.002494 | seq 16
  [aml] step 90/240 | loss 4.2487 (avg 3.2508) | lr 0.002494 | seq 16
  [aml] step 100/240 | loss 3.2712 (avg 3.1749) | lr 0.002494 | seq 16
  [aml] step 110/240 | loss 2.7637 (avg 3.1986) | lr 0.002494 | seq 16
  [aml] step 120/240 | loss 2.0225 (avg 3.1344) | lr 0.002494 | seq 16
  [aml] step 130/240 | loss 4.4531 (avg 3.0801) | lr 0.002494 | seq 16
  [aml] step 140/240 | loss 2.5653 (avg 3.0828) | lr 0.002494 | seq 16
  [aml] step 150/240 | loss 4.2180 (avg 3.1119) | lr 0.002494 | seq 16
  [aml] step 160/240 | loss 3.9670 (avg 3.1143) | lr 0.002494 | seq 16
  [aml] step 170/240 | loss 0.9318 (avg 3.0837) | lr 0.002494 | seq 16
  [aml] step 180/240 | loss 1.2668 (avg 3.0800) | lr 0.002494 | seq 16
  [aml] step 190/240 | loss 1.7980 (avg 3.0431) | lr 0.002494 | seq 16
  [aml] step 200/240 | loss 5.3393 (avg 3.0691) | lr 0.002493 | seq 16
  [aml] step 210/240 | loss 1.3632 (avg 3.0399) | lr 0.002493 | seq 16
  [aml] step 220/240 | loss 2.7857 (avg 3.0136) | lr 0.002493 | seq 16
  [aml] step 230/240 | loss 1.1294 (avg 2.9974) | lr 0.002493 | seq 16
[aml] training complete: 240 steps, avg loss 3.0118 (memory freed)
  [aml] step 0/240 | loss 1.6290 (avg 1.6290) | lr 0.002493 | seq 32
  [aml] step 10/240 | loss 4.3737 (avg 2.3608) | lr 0.002493 | seq 32
  [aml] step 20/240 | loss 0.6683 (avg 2.8101) | lr 0.002493 | seq 32
  [aml] step 30/240 | loss 4.5666 (avg 2.9674) | lr 0.002493 | seq 32
  [aml] step 40/240 | loss 1.1618 (avg 2.9662) | lr 0.002493 | seq 32
  [aml] step 50/240 | loss 4.0169 (avg 2.8530) | lr 0.002493 | seq 32
  [aml] step 60/240 | loss 4.6724 (avg 2.7913) | lr 0.002493 | seq 32
  [aml] step 70/240 | loss 3.8409 (avg 2.7360) | lr 0.002493 | seq 32
  [aml] step 80/240 | loss 3.8494 (avg 2.8498) | lr 0.002492 | seq 32
  [aml] step 90/240 | loss 0.7101 (avg 2.8253) | lr 0.002492 | seq 32
  [aml] step 100/240 | loss 1.2774 (avg 2.8327) | lr 0.002492 | seq 32
  [aml] step 110/240 | loss 4.8933 (avg 2.7976) | lr 0.002492 | seq 32
  [aml] step 120/240 | loss 4.3947 (avg 2.8108) | lr 0.002492 | seq 32
  [aml] step 130/240 | loss 3.9776 (avg 2.7987) | lr 0.002492 | seq 32
  [aml] step 140/240 | loss 0.7320 (avg 2.7908) | lr 0.002492 | seq 32
  [aml] step 150/240 | loss 1.1686 (avg 2.7718) | lr 0.002492 | seq 32
  [aml] step 160/240 | loss 4.2967 (avg 2.7589) | lr 0.002492 | seq 32
  [aml] step 170/240 | loss 0.8471 (avg 2.7275) | lr 0.002492 | seq 32
  [aml] step 180/240 | loss 4.6243 (avg 2.6951) | lr 0.002492 | seq 32
  [aml] step 190/240 | loss 4.4266 (avg 2.6410) | lr 0.002492 | seq 32
  [aml] step 200/240 | loss 0.8579 (avg 2.6259) | lr 0.002491 | seq 32
  [aml] step 210/240 | loss 0.5176 (avg 2.5975) | lr 0.002491 | seq 32
  [aml] step 220/240 | loss 1.3617 (avg 2.6005) | lr 0.002491 | seq 32
  [aml] step 230/240 | loss 0.7360 (avg 2.6163) | lr 0.002491 | seq 32
[aml] training complete: 240 steps, avg loss 2.6071 (memory freed)

[stage 2 — child] What it sounds like now:
  Q: Hello.
  A: Without the ground is servoir energy is a metamorphic.
  Q: Who are you?
  A: ...
  Q: What do you know?
  A: ...

[init] Warmup complete at stage 2. Organism ready.
[ecology] First organism in the swarm.
molequla is alive. [evolution] Autonomous mode — background trainer running. Ctrl+C to stop.
[dna] earth wrote 32 bytes to ecology
[dna] earth wrote 16 bytes to ecology
[dna] earth wrote 201 bytes to ecology
[dna] earth wrote 49 bytes to ecology
[dna] earth wrote 17 bytes to ecology
[dna] earth wrote 176 bytes to ecology
[dna] earth wrote 29 bytes to ecology
[dna] earth wrote 25 bytes to ecology
[dna] earth wrote 23 bytes to ecology
[dna] earth wrote 52 bytes to ecology
[dna] earth wrote 55 bytes to ecology
[dna] earth wrote 70 bytes to ecology
[dna] earth wrote 19 bytes to ecology
[dna] earth wrote 110 bytes to ecology
[dna] earth wrote 145 bytes to ecology
[dna] earth wrote 11 bytes to ecology
[dna] earth wrote 60 bytes to ecology
[dna] earth wrote 38 bytes to ecology
[dna] earth wrote 23 bytes to ecology
[dna] earth wrote 89 bytes to ecology
[dna] earth wrote 60 bytes to ecology
[dna] earth wrote 28 bytes to ecology
[dna] earth wrote 79 bytes to ecology
[dna] earth wrote 94 bytes to ecology
[dna] earth wrote 24 bytes to ecology
[debug-onto] tick=50 corpus=173643 stage=2 freeze=0
[dna] earth wrote 57 bytes to ecology
[dna] earth wrote 51 bytes to ecology
[dna] earth wrote 16 bytes to ecology
[dna] earth wrote 55 bytes to ecology
[dna] earth wrote 48 bytes to ecology
[dna] earth wrote 84 bytes to ecology
[dna] earth wrote 9 bytes to ecology
[dna] earth wrote 100 bytes to ecology
[dna] earth wrote 40 bytes to ecology
[dna] earth wrote 81 bytes to ecology
[dna] earth wrote 144 bytes to ecology
[dna] earth wrote 109 bytes to ecology
[dna] earth wrote 35 bytes to ecology
[dna] earth wrote 21 bytes to ecology
[dna] earth wrote 37 bytes to ecology
[dna] earth wrote 104 bytes to ecology
[dna] earth wrote 21 bytes to ecology
[dna] earth wrote 185 bytes to ecology
[dna] earth wrote 14 bytes to ecology
[dna] earth wrote 23 bytes to ecology
[dna] earth wrote 59 bytes to ecology
[dna] earth wrote 33 bytes to ecology
[dna] earth wrote 23 bytes to ecology
[dna] earth wrote 62 bytes to ecology
[debug-onto] tick=100 corpus=173643 stage=2 freeze=0
[dna] earth wrote 94 bytes to ecology
[dna] earth wrote 28 bytes to ecology
[dna] earth wrote 33 bytes to ecology
[dna] earth wrote 57 bytes to ecology
[dna] earth wrote 31 bytes to ecology
[dna] earth wrote 200 bytes to ecology
[dna] earth wrote 39 bytes to ecology
[dna] earth wrote 105 bytes to ecology
[dna] earth wrote 98 bytes to ecology
[dna] earth wrote 75 bytes to ecology
[dna] earth wrote 64 bytes to ecology
[dna] earth wrote 102 bytes to ecology
[dna] earth wrote 123 bytes to ecology
[dna] earth wrote 40 bytes to ecology
[dna] earth wrote 10 bytes to ecology
[dna] earth wrote 17 bytes to ecology
[dna] earth wrote 109 bytes to ecology
[dna] earth wrote 28 bytes to ecology
[dna] earth wrote 34 bytes to ecology
[dna] earth wrote 37 bytes to ecology
[dna] earth wrote 84 bytes to ecology
[debug-onto] tick=150 corpus=173643 stage=2 freeze=0
[dna] earth wrote 59 bytes to ecology
[dna] earth wrote 138 bytes to ecology
[dna] earth wrote 35 bytes to ecology
[dna] earth wrote 91 bytes to ecology
[dna] earth wrote 264 bytes to ecology
[dna] earth wrote 217 bytes to ecology
[dna] earth wrote 47 bytes to ecology
[dna] earth wrote 68 bytes to ecology
[dna] earth wrote 150 bytes to ecology
[dna] earth wrote 30 bytes to ecology
[dna] earth wrote 40 bytes to ecology
[dna] earth wrote 105 bytes to ecology
[dna] earth wrote 29 bytes to ecology
[dna] earth wrote 48 bytes to ecology
[dna] earth wrote 31 bytes to ecology
[dna] earth wrote 61 bytes to ecology
[dna] earth wrote 169 bytes to ecology
[dna] earth wrote 62 bytes to ecology
[dna] earth wrote 21 bytes to ecology
[dna] earth wrote 78 bytes to ecology
[dna] earth wrote 72 bytes to ecology
[dna] earth wrote 21 bytes to ecology
[dna] earth wrote 108 bytes to ecology
[dna] earth wrote 64 bytes to ecology
[dna] earth wrote 217 bytes to ecology
[debug-onto] tick=200 corpus=173643 stage=2 freeze=0
[dna] earth wrote 43 bytes to ecology
[dna] earth wrote 58 bytes to ecology
[dna] earth wrote 52 bytes to ecology
[dna] earth wrote 38 bytes to ecology
[dna] earth wrote 176 bytes to ecology
[dna] earth wrote 32 bytes to ecology
[dna] earth wrote 79 bytes to ecology
[dna] earth wrote 89 bytes to ecology
[dna] earth wrote 135 bytes to ecology
[dna] earth wrote 98 bytes to ecology
[dna] earth wrote 74 bytes to ecology
[dna] earth wrote 161 bytes to ecology
[dna] earth wrote 61 bytes to ecology
[dna] earth wrote 102 bytes to ecology
[dna] earth wrote 107 bytes to ecology
[dna] earth wrote 21 bytes to ecology
[dna] earth wrote 252 bytes to ecology
[dna] earth wrote 42 bytes to ecology
[dna] earth wrote 26 bytes to ecology
[dna] earth wrote 155 bytes to ecology
[debug-onto] tick=250 corpus=173643 stage=2 freeze=0
[dna] earth wrote 31 bytes to ecology
[dna] earth wrote 32 bytes to ecology
[dna] earth wrote 49 bytes to ecology
[dna] earth wrote 165 bytes to ecology
[dna] earth wrote 64 bytes to ecology
[dna] earth wrote 91 bytes to ecology
[dna] earth wrote 112 bytes to ecology
[dna] earth wrote 41 bytes to ecology
[dna] earth wrote 24 bytes to ecology
[dna] earth wrote 24 bytes to ecology
[dna] earth wrote 42 bytes to ecology
[dna] earth wrote 60 bytes to ecology
[dna] earth wrote 38 bytes to ecology
[dna] earth wrote 53 bytes to ecology
[dna] earth wrote 33 bytes to ecology
[dna] earth wrote 49 bytes to ecology
[dna] earth wrote 62 bytes to ecology
[dna] earth wrote 25 bytes to ecology
[dna] earth wrote 52 bytes to ecology
[dna] earth wrote 101 bytes to ecology
[dna] earth wrote 84 bytes to ecology
[dna] earth wrote 28 bytes to ecology
[debug-onto] tick=300 corpus=173643 stage=2 freeze=0
[dna] earth wrote 46 bytes to ecology
[dna] earth wrote 61 bytes to ecology
[dna] earth wrote 35 bytes to ecology
[dna] earth wrote 17 bytes to ecology
[dna] earth wrote 71 bytes to ecology
[dna] earth wrote 99 bytes to ecology
[dna] earth wrote 36 bytes to ecology
[dna] earth wrote 38 bytes to ecology
[dna] earth wrote 16 bytes to ecology
[dna] earth wrote 42 bytes to ecology
[dna] earth wrote 152 bytes to ecology
[dna] earth wrote 39 bytes to ecology
[dna] earth wrote 179 bytes to ecology
[dna] earth wrote 250 bytes to ecology
[dna] earth wrote 33 bytes to ecology
[dna] earth wrote 70 bytes to ecology
[dna] earth wrote 55 bytes to ecology
[dna] earth wrote 72 bytes to ecology
[dna] earth wrote 83 bytes to ecology
[dna] earth wrote 77 bytes to ecology
[dna] earth wrote 127 bytes to ecology
[dna] earth wrote 38 bytes to ecology
[dna] earth wrote 16 bytes to ecology
[debug-onto] tick=350 corpus=173643 stage=2 freeze=0
[dna] earth wrote 16 bytes to ecology
[dna] earth wrote 127 bytes to ecology
[dna] earth wrote 37 bytes to ecology
[dna] earth wrote 146 bytes to ecology
[dna] earth wrote 65 bytes to ecology
[dna] earth wrote 35 bytes to ecology
[dna] earth wrote 106 bytes to ecology
[dna] earth wrote 36 bytes to ecology
[dna] earth wrote 56 bytes to ecology
[dna] earth wrote 54 bytes to ecology
[dna] earth wrote 19 bytes to ecology
[dna] earth wrote 94 bytes to ecology
[dna] earth wrote 31 bytes to ecology
[dna] earth wrote 56 bytes to ecology
[dna] earth wrote 164 bytes to ecology
[dna] earth wrote 88 bytes to ecology
[dna] earth wrote 8 bytes to ecology
[dna] earth wrote 18 bytes to ecology
[dna] earth wrote 162 bytes to ecology
[dna] earth wrote 54 bytes to ecology
[dna] earth wrote 54 bytes to ecology
[dna] earth wrote 33 bytes to ecology
[debug-onto] tick=400 corpus=173643 stage=2 freeze=0
[dna] earth wrote 122 bytes to ecology
[dna] earth wrote 18 bytes to ecology
[dna] earth wrote 59 bytes to ecology
[dna] earth wrote 55 bytes to ecology
[dna] earth wrote 67 bytes to ecology
[dna] earth wrote 127 bytes to ecology
[dna] earth wrote 74 bytes to ecology
[dna] earth wrote 37 bytes to ecology
[dna] earth wrote 35 bytes to ecology
[dna] earth wrote 24 bytes to ecology
[dna] earth wrote 189 bytes to ecology
[dna] earth wrote 132 bytes to ecology
[dna] earth wrote 88 bytes to ecology
[dna] earth wrote 204 bytes to ecology
[dna] earth wrote 33 bytes to ecology
[dna] earth wrote 42 bytes to ecology
[dna] earth wrote 48 bytes to ecology
[dna] earth wrote 21 bytes to ecology
[dna] earth wrote 123 bytes to ecology
[dna] earth wrote 84 bytes to ecology
[dna] earth wrote 102 bytes to ecology
[dna] earth wrote 22 bytes to ecology
[dna] earth wrote 125 bytes to ecology
[debug-onto] tick=450 corpus=173643 stage=2 freeze=0
[dna] earth wrote 110 bytes to ecology
[dna] earth wrote 21 bytes to ecology
[dna] earth wrote 43 bytes to ecology
[dna] earth wrote 212 bytes to ecology
[dna] earth wrote 20 bytes to ecology
[dna] earth wrote 175 bytes to ecology
[dna] earth wrote 110 bytes to ecology
[dna] earth wrote 18 bytes to ecology
[dna] earth wrote 20 bytes to ecology
[dna] earth wrote 21 bytes to ecology
[dna] earth wrote 30 bytes to ecology
[dna] earth wrote 144 bytes to ecology
[dna] earth wrote 58 bytes to ecology
[dna] earth wrote 25 bytes to ecology
[dna] earth wrote 12 bytes to ecology
[dna] earth wrote 36 bytes to ecology
[dna] earth wrote 49 bytes to ecology
[dna] earth wrote 61 bytes to ecology
[dna] earth wrote 72 bytes to ecology
[dna] earth wrote 23 bytes to ecology
[dna] earth wrote 58 bytes to ecology
[dna] earth wrote 85 bytes to ecology
[dna] earth wrote 32 bytes to ecology
[dna] earth wrote 121 bytes to ecology
[dna] earth wrote 49 bytes to ecology
[debug-onto] tick=500 corpus=173643 stage=2 freeze=0
[dna] earth wrote 84 bytes to ecology
[dna] earth wrote 135 bytes to ecology
[dna] earth wrote 17 bytes to ecology
[dna] earth wrote 21 bytes to ecology
[dna] earth wrote 76 bytes to ecology
[dna] earth wrote 26 bytes to ecology
[dna] earth wrote 22 bytes to ecology
[dna] earth wrote 37 bytes to ecology
[dna] earth wrote 20 bytes to ecology
[dna] earth wrote 90 bytes to ecology
[dna] earth wrote 38 bytes to ecology
[dna] earth wrote 35 bytes to ecology
[dna] earth wrote 23 bytes to ecology
[dna] earth wrote 36 bytes to ecology
[dna] earth wrote 28 bytes to ecology
[dna] earth wrote 113 bytes to ecology
[dna] earth wrote 38 bytes to ecology
[dna] earth wrote 73 bytes to ecology
[dna] earth wrote 29 bytes to ecology
[dna] earth wrote 65 bytes to ecology
[dna] earth wrote 54 bytes to ecology
[dna] earth wrote 95 bytes to ecology
[dna] earth wrote 19 bytes to ecology
[dna] earth wrote 72 bytes to ecology
[debug-onto] tick=550 corpus=173643 stage=2 freeze=0
[dna] earth wrote 37 bytes to ecology
[dna] earth wrote 58 bytes to ecology
[dna] earth wrote 42 bytes to ecology
[dna] earth wrote 65 bytes to ecology
[dna] earth wrote 81 bytes to ecology
[dna] earth wrote 66 bytes to ecology
[dna] earth wrote 7 bytes to ecology
[dna] earth wrote 129 bytes to ecology
[dna] earth wrote 42 bytes to ecology
[dna] earth wrote 128 bytes to ecology
[dna] earth wrote 7 bytes to ecology
[dna] earth wrote 43 bytes to ecology
[dna] earth wrote 85 bytes to ecology
[dna] earth wrote 66 bytes to ecology
[dna] earth wrote 13 bytes to ecology
[dna] earth wrote 18 bytes to ecology
[dna] earth wrote 105 bytes to ecology
[dna] earth wrote 161 bytes to ecology
[dna] earth wrote 42 bytes to ecology
[dna] earth wrote 227 bytes to ecology
[debug-onto] tick=600 corpus=173643 stage=2 freeze=0
[dna] earth wrote 25 bytes to ecology
[dna] earth wrote 118 bytes to ecology
[dna] earth wrote 59 bytes to ecology
[dna] earth wrote 60 bytes to ecology
[dna] earth wrote 16 bytes to ecology
[dna] earth wrote 76 bytes to ecology
[dna] earth wrote 19 bytes to ecology
[dna] earth wrote 50 bytes to ecology
[dna] earth wrote 40 bytes to ecology
[dna] earth wrote 17 bytes to ecology
[dna] earth wrote 32 bytes to ecology
[dna] earth wrote 102 bytes to ecology
[dna] earth wrote 16 bytes to ecology
[dna] earth wrote 20 bytes to ecology
[dna] earth wrote 44 bytes to ecology
[dna] earth wrote 17 bytes to ecology
[dna] earth wrote 67 bytes to ecology
[dna] earth wrote 68 bytes to ecology
[dna] earth wrote 263 bytes to ecology
[dna] earth wrote 23 bytes to ecology
[dna] earth wrote 236 bytes to ecology
[dna] earth wrote 100 bytes to ecology
[dna] earth wrote 37 bytes to ecology
[dna] earth wrote 30 bytes to ecology
[debug-onto] tick=650 corpus=173643 stage=2 freeze=0
[dna] earth wrote 143 bytes to ecology
[dna] earth wrote 25 bytes to ecology
[dna] earth wrote 26 bytes to ecology
[dna] earth wrote 47 bytes to ecology
[dna] earth wrote 176 bytes to ecology
[dna] earth wrote 14 bytes to ecology
[dna] earth wrote 61 bytes to ecology
[dna] earth wrote 67 bytes to ecology
[dna] earth wrote 54 bytes to ecology
[dna] earth wrote 80 bytes to ecology
[dna] earth wrote 25 bytes to ecology
[dna] earth wrote 66 bytes to ecology
[dna] earth wrote 70 bytes to ecology
[dna] earth wrote 11 bytes to ecology
[dna] earth wrote 119 bytes to ecology
[dna] earth wrote 100 bytes to ecology
[dna] earth wrote 54 bytes to ecology
[dna] earth wrote 39 bytes to ecology
[dna] earth wrote 19 bytes to ecology
[dna] earth wrote 45 bytes to ecology
[dna] earth wrote 48 bytes to ecology
[dna] earth wrote 34 bytes to ecology
[dna] earth wrote 28 bytes to ecology
[debug-onto] tick=700 corpus=173643 stage=2 freeze=0

[evolution] Organism shutting down gracefully.
