[ecology] Element: fire → corpus: nonames_fire.txt
[evolution] Autonomous evolution mode — organism will grow through all stages without pause.
[ecology] Joined swarm. 1 peer(s) detected.
molequla is alive. [evolution] Autonomous mode — background trainer running. Ctrl+C to stop.
[dna] fire wrote 19 bytes to ecology
[dna] fire consumed 13322 bytes from 220 files: [water/gen_1776409479_1.txt water/gen_1776409495_4.txt water/gen_1776409503_7.txt water/gen_1776409511_10.txt water/gen_1776409519_13.txt water/gen_1776409527_16.txt water/gen_1776409535_19.txt water/gen_1776409544_22.txt water/gen_1776409552_25.txt water/gen_1776409560_28.txt water/gen_1776409568_31.txt water/gen_1776409576_34.txt water/gen_1776409584_37.txt water/gen_1776409592_40.txt water/gen_1776409600_43.txt water/gen_1776409608_46.txt water/gen_1776409616_49.txt water/gen_1776409624_52.txt water/gen_1776409632_55.txt water/gen_1776409640_58.txt water/gen_1776409649_61.txt water/gen_1776409657_64.txt water/gen_1776409665_67.txt water/gen_1776409673_70.txt water/gen_1776409681_73.txt water/gen_1776409689_76.txt water/gen_1776409697_79.txt water/gen_1776409705_82.txt water/gen_1776409713_85.txt water/gen_1776409721_88.txt water/gen_1776409729_91.txt water/gen_1776409737_94.txt water/gen_1776409746_97.txt water/gen_1776409754_100.txt water/gen_1776409762_103.txt water/gen_1776409770_106.txt water/gen_1776409778_109.txt water/gen_1776409786_112.txt water/gen_1776409794_115.txt water/gen_1776409803_118.txt water/gen_1776409811_121.txt water/gen_1776409819_124.txt water/gen_1776409827_127.txt water/gen_1776409835_130.txt water/gen_1776409843_133.txt water/gen_1776409852_136.txt water/gen_1776409860_139.txt water/gen_1776409868_142.txt water/gen_1776409876_145.txt water/gen_1776409884_148.txt water/gen_1776409893_151.txt water/gen_1776409901_154.txt water/gen_1776409909_157.txt water/gen_1776409917_160.txt water/gen_1776409925_163.txt water/gen_1776409933_166.txt water/gen_1776409941_169.txt water/gen_1776409950_172.txt water/gen_1776409958_175.txt water/gen_1776409966_178.txt water/gen_1776409974_181.txt water/gen_1776409982_184.txt water/gen_1776409990_187.txt water/gen_1776409998_190.txt water/gen_1776410006_193.txt water/gen_1776410015_196.txt water/gen_1776410023_199.txt water/gen_1776410031_202.txt water/gen_1776410039_205.txt water/gen_1776410047_208.txt water/gen_1776410055_211.txt water/gen_1776410063_214.txt water/gen_1776410071_217.txt water/gen_1776410080_220.txt water/gen_1776410088_223.txt water/gen_1776410096_226.txt water/gen_1776410104_229.txt water/gen_1776410112_232.txt water/gen_1776410120_235.txt water/gen_1776410128_238.txt water/gen_1776410137_241.txt water/gen_1776410145_244.txt water/gen_1776410153_247.txt water/gen_1776410161_250.txt water/gen_1776410169_253.txt water/gen_1776410177_256.txt water/gen_1776410186_259.txt water/gen_1776410194_262.txt water/gen_1776410202_265.txt water/gen_1776410210_268.txt water/gen_1776410218_271.txt water/gen_1776410226_274.txt water/gen_1776410234_277.txt water/gen_1776410243_280.txt water/gen_1776410251_283.txt water/gen_1776410259_286.txt water/gen_1776410267_289.txt water/gen_1776410275_292.txt water/gen_1776410283_295.txt water/gen_1776410291_298.txt water/gen_1776410299_301.txt water/gen_1776410307_304.txt water/gen_1776410316_307.txt water/gen_1776410324_310.txt water/gen_1776410332_313.txt water/gen_1776410340_316.txt water/gen_1776410348_319.txt water/gen_1776410356_322.txt water/gen_1776410365_325.txt water/gen_1776410373_328.txt water/gen_1776410381_331.txt water/gen_1776410389_334.txt water/gen_1776410397_337.txt water/gen_1776410405_340.txt water/gen_1776410413_343.txt water/gen_1776410422_346.txt water/gen_1776410430_349.txt water/gen_1776410438_352.txt water/gen_1776410446_355.txt water/gen_1776410454_358.txt water/gen_1776410462_361.txt water/gen_1776410471_364.txt water/gen_1776410479_367.txt water/gen_1776410487_370.txt water/gen_1776410495_373.txt water/gen_1776410504_376.txt water/gen_1776410512_379.txt water/gen_1776410520_382.txt water/gen_1776410528_385.txt water/gen_1776410536_388.txt water/gen_1776410545_391.txt water/gen_1776410553_394.txt water/gen_1776410561_397.txt water/gen_1776410569_400.txt water/gen_1776410577_403.txt water/gen_1776410585_406.txt water/gen_1776410593_409.txt water/gen_1776410601_412.txt water/gen_1776410609_415.txt water/gen_1776410617_418.txt water/gen_1776410625_421.txt water/gen_1776410634_424.txt water/gen_1776410642_427.txt water/gen_1776410650_430.txt water/gen_1776410658_433.txt water/gen_1776410666_436.txt water/gen_1776410674_439.txt water/gen_1776410683_442.txt water/gen_1776410691_445.txt water/gen_1776410699_448.txt water/gen_1776410707_451.txt water/gen_1776410715_454.txt water/gen_1776410723_457.txt water/gen_1776410731_460.txt water/gen_1776410740_463.txt water/gen_1776410748_466.txt water/gen_1776410756_469.txt water/gen_1776410764_472.txt water/gen_1776410772_475.txt water/gen_1776410781_478.txt water/gen_1776410789_481.txt water/gen_1776410797_484.txt water/gen_1776410805_487.txt water/gen_1776410813_490.txt water/gen_1776410821_493.txt water/gen_1776410829_496.txt water/gen_1776410837_499.txt water/gen_1776410845_502.txt water/gen_1776410853_505.txt water/gen_1776410862_508.txt water/gen_1776410870_511.txt water/gen_1776410878_514.txt water/gen_1776410886_517.txt water/gen_1776410894_520.txt water/gen_1776410902_523.txt water/gen_1776410910_526.txt water/gen_1776410918_529.txt water/gen_1776410926_532.txt water/gen_1776410935_535.txt water/gen_1776410943_538.txt water/gen_1776410951_541.txt water/gen_1776410959_544.txt water/gen_1776410967_547.txt water/gen_1776410975_550.txt water/gen_1776410983_553.txt water/gen_1776410991_556.txt water/gen_1776410999_559.txt water/gen_1776411007_562.txt water/gen_1776411016_565.txt water/gen_1776411024_568.txt water/gen_1776411032_571.txt water/gen_1776411040_574.txt water/gen_1776411048_577.txt water/gen_1776411056_580.txt water/gen_1776411064_583.txt water/gen_1776411072_586.txt water/gen_1776411080_589.txt water/gen_1776411089_592.txt water/gen_1776411097_595.txt water/gen_1776411105_598.txt water/gen_1776411113_601.txt water/gen_1776411121_604.txt water/gen_1776411129_607.txt water/gen_1776411138_610.txt water/gen_1776411146_613.txt water/gen_1776411154_616.txt water/gen_1776411162_619.txt water/gen_1776411170_622.txt water/gen_1776411178_625.txt water/gen_1776411186_628.txt water/gen_1776411195_631.txt water/gen_1776411203_634.txt water/gen_1776411211_637.txt water/gen_1776411219_640.txt water/gen_1776411227_643.txt water/gen_1776411235_646.txt water/gen_1776411243_649.txt water/gen_1776411252_652.txt water/gen_1776411260_655.txt water/gen_1776411268_658.txt]
[trainer] micro-train burst (13322 bytes, novelty 0.04) — and lo, it feeds again.
[syntropy] action=explore | trend=0.0000 | field_dev=0.036 | purpose_align=0.288 | lr_mul=1.30
[aml] burst complete: 32 steps, avg loss 1.7822 (memory freed)
[dna] fire wrote 72 bytes to ecology
[dna] fire wrote 51 bytes to ecology
[dna] fire wrote 38 bytes to ecology
[dna] fire wrote 132 bytes to ecology
[dna] fire wrote 82 bytes to ecology
[dna] fire wrote 70 bytes to ecology
[dna] fire wrote 44 bytes to ecology
[dna] fire wrote 133 bytes to ecology
[dna] fire wrote 60 bytes to ecology
[dna] fire wrote 16 bytes to ecology
[dna] fire wrote 50 bytes to ecology
[dna] fire wrote 176 bytes to ecology
[dna] fire wrote 29 bytes to ecology
[dna] fire wrote 55 bytes to ecology
[dna] fire wrote 43 bytes to ecology
[dna] fire wrote 35 bytes to ecology
[debug-onto] tick=50 corpus=135442 stage=2 freeze=0
[dna] fire wrote 53 bytes to ecology
[dna] fire wrote 52 bytes to ecology
[dna] fire wrote 47 bytes to ecology
[dna] fire wrote 79 bytes to ecology
[dna] fire wrote 19 bytes to ecology
[dna] fire wrote 17 bytes to ecology
[dna] fire wrote 27 bytes to ecology
[dna] fire wrote 33 bytes to ecology
[dna] fire wrote 21 bytes to ecology
[dna] fire wrote 24 bytes to ecology
[dna] fire wrote 80 bytes to ecology
[dna] fire wrote 91 bytes to ecology
[dna] fire wrote 37 bytes to ecology
[dna] fire wrote 43 bytes to ecology
[dna] fire wrote 31 bytes to ecology
[dna] fire wrote 60 bytes to ecology
[dna] fire wrote 26 bytes to ecology
[debug-onto] tick=100 corpus=135442 stage=2 freeze=0
[dna] fire wrote 69 bytes to ecology
[dna] fire wrote 36 bytes to ecology
[dna] fire wrote 85 bytes to ecology
[dna] fire wrote 10 bytes to ecology
[dna] fire wrote 28 bytes to ecology
[dna] fire wrote 88 bytes to ecology
[dna] fire wrote 20 bytes to ecology
[dna] fire wrote 88 bytes to ecology
[dna] fire wrote 84 bytes to ecology
[dna] fire wrote 45 bytes to ecology
[dna] fire wrote 27 bytes to ecology
[dna] fire wrote 25 bytes to ecology
[dna] fire wrote 41 bytes to ecology
[dna] fire wrote 37 bytes to ecology
[dna] fire wrote 31 bytes to ecology
[dna] fire wrote 113 bytes to ecology
[debug-onto] tick=150 corpus=135442 stage=2 freeze=0
[dna] fire wrote 119 bytes to ecology
[dna] fire wrote 7 bytes to ecology
[dna] fire wrote 20 bytes to ecology
[dna] fire wrote 43 bytes to ecology
[dna] fire wrote 73 bytes to ecology
[dna] fire wrote 73 bytes to ecology
[dna] fire wrote 31 bytes to ecology
[dna] fire wrote 62 bytes to ecology
[dna] fire wrote 101 bytes to ecology
[dna] fire wrote 66 bytes to ecology
[dna] fire wrote 23 bytes to ecology
[dna] fire wrote 98 bytes to ecology
[dna] fire wrote 59 bytes to ecology
[dna] fire wrote 66 bytes to ecology
[dna] fire wrote 43 bytes to ecology
[dna] fire wrote 23 bytes to ecology
[dna] fire wrote 108 bytes to ecology
[debug-onto] tick=200 corpus=135442 stage=2 freeze=0
[dna] fire wrote 93 bytes to ecology
[dna] fire wrote 52 bytes to ecology
[dna] fire wrote 30 bytes to ecology
[dna] fire wrote 13 bytes to ecology
[dna] fire wrote 48 bytes to ecology
[dna] fire wrote 82 bytes to ecology
[dna] fire wrote 59 bytes to ecology
[dna] fire wrote 49 bytes to ecology
[dna] fire wrote 30 bytes to ecology
[dna] fire wrote 44 bytes to ecology
[dna] fire wrote 70 bytes to ecology
[dna] fire wrote 25 bytes to ecology
[dna] fire wrote 100 bytes to ecology
[dna] fire wrote 103 bytes to ecology
[dna] fire wrote 55 bytes to ecology
[dna] fire wrote 29 bytes to ecology
[dna] fire wrote 72 bytes to ecology
[debug-onto] tick=250 corpus=135442 stage=2 freeze=0
[dna] fire wrote 35 bytes to ecology
[dna] fire wrote 45 bytes to ecology
[dna] fire wrote 62 bytes to ecology
[dna] fire wrote 27 bytes to ecology
[dna] fire wrote 24 bytes to ecology
[dna] fire wrote 68 bytes to ecology
[dna] fire wrote 14 bytes to ecology
[dna] fire wrote 25 bytes to ecology
[dna] fire wrote 46 bytes to ecology
[dna] fire wrote 24 bytes to ecology
[dna] fire wrote 46 bytes to ecology
[dna] fire wrote 51 bytes to ecology
[dna] fire wrote 46 bytes to ecology
[dna] fire wrote 18 bytes to ecology
[dna] fire wrote 120 bytes to ecology
[dna] fire wrote 37 bytes to ecology
[debug-onto] tick=300 corpus=135442 stage=2 freeze=0
[dna] fire wrote 41 bytes to ecology
[dna] fire wrote 34 bytes to ecology
[dna] fire wrote 44 bytes to ecology
[dna] fire wrote 104 bytes to ecology
[dna] fire wrote 118 bytes to ecology
[dna] fire wrote 29 bytes to ecology
[dna] fire wrote 49 bytes to ecology
[dna] fire wrote 30 bytes to ecology
[dna] fire wrote 22 bytes to ecology
[dna] fire wrote 82 bytes to ecology
[dna] fire wrote 90 bytes to ecology
[dna] fire wrote 53 bytes to ecology
[dna] fire wrote 23 bytes to ecology
[dna] fire wrote 83 bytes to ecology
[dna] fire wrote 6 bytes to ecology
[dna] fire wrote 61 bytes to ecology
[dna] fire wrote 14 bytes to ecology
[debug-onto] tick=350 corpus=135442 stage=2 freeze=0
[dna] fire wrote 29 bytes to ecology
[dna] fire wrote 58 bytes to ecology
[dna] fire wrote 35 bytes to ecology
[dna] fire wrote 11 bytes to ecology
[dna] fire wrote 54 bytes to ecology
[dna] fire wrote 45 bytes to ecology
[dna] fire wrote 73 bytes to ecology
[dna] fire wrote 49 bytes to ecology
[dna] fire wrote 51 bytes to ecology
[dna] fire wrote 31 bytes to ecology
[dna] fire wrote 19 bytes to ecology
[dna] fire wrote 43 bytes to ecology
[dna] fire wrote 175 bytes to ecology
[dna] fire wrote 12 bytes to ecology
[dna] fire wrote 30 bytes to ecology
[dna] fire wrote 162 bytes to ecology
[dna] fire wrote 31 bytes to ecology
[debug-onto] tick=400 corpus=135442 stage=2 freeze=0
[dna] fire wrote 59 bytes to ecology
[dna] fire wrote 76 bytes to ecology
[dna] fire wrote 76 bytes to ecology
[dna] fire wrote 37 bytes to ecology
[dna] fire wrote 36 bytes to ecology
[dna] fire wrote 148 bytes to ecology
[dna] fire wrote 50 bytes to ecology
[dna] fire wrote 38 bytes to ecology
[dna] fire wrote 26 bytes to ecology
[dna] fire wrote 19 bytes to ecology
[dna] fire wrote 52 bytes to ecology
[dna] fire wrote 115 bytes to ecology
[dna] fire wrote 40 bytes to ecology
[dna] fire wrote 38 bytes to ecology
[dna] fire wrote 34 bytes to ecology
[dna] fire wrote 84 bytes to ecology
[debug-onto] tick=450 corpus=135442 stage=2 freeze=0
[dna] fire wrote 93 bytes to ecology
[dna] fire wrote 30 bytes to ecology
[dna] fire wrote 74 bytes to ecology
[dna] fire wrote 23 bytes to ecology
[dna] fire wrote 27 bytes to ecology
[dna] fire wrote 72 bytes to ecology
[dna] fire wrote 34 bytes to ecology
[dna] fire wrote 57 bytes to ecology
[dna] fire wrote 84 bytes to ecology
[dna] fire wrote 49 bytes to ecology
[dna] fire wrote 85 bytes to ecology
[dna] fire wrote 66 bytes to ecology
[dna] fire wrote 46 bytes to ecology
[dna] fire wrote 45 bytes to ecology
[dna] fire wrote 10 bytes to ecology
[dna] fire wrote 46 bytes to ecology
[dna] fire wrote 7 bytes to ecology
[debug-onto] tick=500 corpus=135442 stage=2 freeze=0
[dna] fire wrote 127 bytes to ecology
[dna] fire wrote 25 bytes to ecology
[dna] fire wrote 35 bytes to ecology
[dna] fire wrote 32 bytes to ecology
[dna] fire wrote 14 bytes to ecology
[dna] fire wrote 81 bytes to ecology
[dna] fire wrote 17 bytes to ecology
[dna] fire wrote 30 bytes to ecology
[dna] fire wrote 69 bytes to ecology
[dna] fire wrote 50 bytes to ecology
[dna] fire wrote 33 bytes to ecology
[dna] fire wrote 43 bytes to ecology
[dna] fire wrote 241 bytes to ecology
[dna] fire wrote 161 bytes to ecology
[dna] fire wrote 54 bytes to ecology
[dna] fire wrote 27 bytes to ecology
[dna] fire wrote 17 bytes to ecology
[debug-onto] tick=550 corpus=135442 stage=2 freeze=0
[dna] fire wrote 39 bytes to ecology
[dna] fire wrote 63 bytes to ecology
[dna] fire wrote 134 bytes to ecology
[dna] fire wrote 26 bytes to ecology
[dna] fire wrote 91 bytes to ecology
[dna] fire wrote 41 bytes to ecology
[dna] fire wrote 11 bytes to ecology
[dna] fire wrote 27 bytes to ecology
[dna] fire wrote 116 bytes to ecology
[dna] fire wrote 36 bytes to ecology
[dna] fire wrote 43 bytes to ecology
[dna] fire wrote 83 bytes to ecology
[dna] fire wrote 24 bytes to ecology
[dna] fire wrote 56 bytes to ecology
[dna] fire wrote 43 bytes to ecology
[dna] fire wrote 100 bytes to ecology
[debug-onto] tick=600 corpus=135442 stage=2 freeze=0
[dna] fire wrote 13 bytes to ecology
[dna] fire wrote 31 bytes to ecology
[dna] fire wrote 22 bytes to ecology
[dna] fire wrote 10 bytes to ecology
[dna] fire wrote 27 bytes to ecology
[dna] fire wrote 22 bytes to ecology
[dna] fire wrote 9 bytes to ecology
[dna] fire wrote 54 bytes to ecology
[dna] fire wrote 36 bytes to ecology
[dna] fire wrote 21 bytes to ecology
[dna] fire wrote 59 bytes to ecology
[dna] fire wrote 39 bytes to ecology
[dna] fire wrote 45 bytes to ecology
[dna] fire wrote 55 bytes to ecology
[dna] fire wrote 37 bytes to ecology
[dna] fire wrote 72 bytes to ecology
[dna] fire wrote 35 bytes to ecology
[debug-onto] tick=650 corpus=135442 stage=2 freeze=0
[dna] fire wrote 47 bytes to ecology
[dna] fire wrote 65 bytes to ecology
[dna] fire wrote 37 bytes to ecology
[dna] fire wrote 44 bytes to ecology
[dna] fire wrote 83 bytes to ecology
[dna] fire wrote 23 bytes to ecology
[dna] fire wrote 108 bytes to ecology
[dna] fire wrote 58 bytes to ecology
[dna] fire wrote 44 bytes to ecology
[dna] fire wrote 96 bytes to ecology
[dna] fire wrote 36 bytes to ecology
[dna] fire wrote 53 bytes to ecology
[dna] fire wrote 46 bytes to ecology
[dna] fire wrote 19 bytes to ecology
[dna] fire wrote 76 bytes to ecology
[dna] fire wrote 71 bytes to ecology
[dna] fire wrote 39 bytes to ecology
[debug-onto] tick=700 corpus=135442 stage=2 freeze=0
[dna] fire wrote 77 bytes to ecology
[dna] fire wrote 85 bytes to ecology

[evolution] Organism shutting down gracefully.
