[ecology] Element: water → corpus: nonames_water.txt
[evolution] Autonomous evolution mode — organism will grow through all stages without pause.
[ecology] Joined swarm. 1 peer(s) detected.
molequla is alive. [evolution] Autonomous mode — background trainer running. Ctrl+C to stop.
[dna] water wrote 101 bytes to ecology
[dna] water consumed 17787 bytes from 227 files: [air/gen_1776407679_1.txt air/gen_1776407696_4.txt air/gen_1776407704_7.txt air/gen_1776407712_10.txt air/gen_1776407719_13.txt air/gen_1776407727_16.txt air/gen_1776407735_19.txt air/gen_1776407743_22.txt air/gen_1776407751_25.txt air/gen_1776407759_28.txt air/gen_1776407767_31.txt air/gen_1776407774_34.txt air/gen_1776407782_37.txt air/gen_1776407790_40.txt air/gen_1776407798_43.txt air/gen_1776407806_46.txt air/gen_1776407814_49.txt air/gen_1776407821_52.txt air/gen_1776407829_55.txt air/gen_1776407837_58.txt air/gen_1776407845_61.txt air/gen_1776407853_64.txt air/gen_1776407861_67.txt air/gen_1776407869_70.txt air/gen_1776407877_73.txt air/gen_1776407885_76.txt air/gen_1776407893_79.txt air/gen_1776407900_82.txt air/gen_1776407908_85.txt air/gen_1776407916_88.txt air/gen_1776407924_91.txt air/gen_1776407932_94.txt air/gen_1776407940_97.txt air/gen_1776407948_100.txt air/gen_1776407955_103.txt air/gen_1776407963_106.txt air/gen_1776407971_109.txt air/gen_1776407979_112.txt air/gen_1776407987_115.txt air/gen_1776407995_118.txt air/gen_1776408003_121.txt air/gen_1776408011_124.txt air/gen_1776408019_127.txt air/gen_1776408026_130.txt air/gen_1776408034_133.txt air/gen_1776408042_136.txt air/gen_1776408050_139.txt air/gen_1776408058_142.txt air/gen_1776408066_145.txt air/gen_1776408074_148.txt air/gen_1776408082_151.txt air/gen_1776408090_154.txt air/gen_1776408097_157.txt air/gen_1776408105_160.txt air/gen_1776408113_163.txt air/gen_1776408121_166.txt air/gen_1776408129_169.txt air/gen_1776408137_172.txt air/gen_1776408145_175.txt air/gen_1776408153_178.txt air/gen_1776408161_181.txt air/gen_1776408168_184.txt air/gen_1776408176_187.txt air/gen_1776408184_190.txt air/gen_1776408192_193.txt air/gen_1776408200_196.txt air/gen_1776408208_199.txt air/gen_1776408216_202.txt air/gen_1776408224_205.txt air/gen_1776408232_208.txt air/gen_1776408240_211.txt air/gen_1776408248_214.txt air/gen_1776408256_217.txt air/gen_1776408264_220.txt air/gen_1776408272_223.txt air/gen_1776408279_226.txt air/gen_1776408288_229.txt air/gen_1776408295_232.txt air/gen_1776408303_235.txt air/gen_1776408311_238.txt air/gen_1776408319_241.txt air/gen_1776408327_244.txt air/gen_1776408335_247.txt air/gen_1776408343_250.txt air/gen_1776408351_253.txt air/gen_1776408359_256.txt air/gen_1776408367_259.txt air/gen_1776408374_262.txt air/gen_1776408382_265.txt air/gen_1776408390_268.txt air/gen_1776408398_271.txt air/gen_1776408406_274.txt air/gen_1776408414_277.txt air/gen_1776408422_280.txt air/gen_1776408430_283.txt air/gen_1776408438_286.txt air/gen_1776408446_289.txt air/gen_1776408453_292.txt air/gen_1776408461_295.txt air/gen_1776408469_298.txt air/gen_1776408477_301.txt air/gen_1776408485_304.txt air/gen_1776408493_307.txt air/gen_1776408501_310.txt air/gen_1776408509_313.txt air/gen_1776408517_316.txt air/gen_1776408524_319.txt air/gen_1776408532_322.txt air/gen_1776408540_325.txt air/gen_1776408548_328.txt air/gen_1776408556_331.txt air/gen_1776408564_334.txt air/gen_1776408572_337.txt air/gen_1776408580_340.txt air/gen_1776408588_343.txt air/gen_1776408596_346.txt air/gen_1776408604_349.txt air/gen_1776408612_352.txt air/gen_1776408620_355.txt air/gen_1776408628_358.txt air/gen_1776408636_361.txt air/gen_1776408643_364.txt air/gen_1776408651_367.txt air/gen_1776408659_370.txt air/gen_1776408667_373.txt air/gen_1776408675_376.txt air/gen_1776408683_379.txt air/gen_1776408691_382.txt air/gen_1776408699_385.txt air/gen_1776408707_388.txt air/gen_1776408715_391.txt air/gen_1776408723_394.txt air/gen_1776408731_397.txt air/gen_1776408739_400.txt air/gen_1776408747_403.txt air/gen_1776408755_406.txt air/gen_1776408763_409.txt air/gen_1776408771_412.txt air/gen_1776408779_415.txt air/gen_1776408787_418.txt air/gen_1776408794_421.txt air/gen_1776408802_424.txt air/gen_1776408810_427.txt air/gen_1776408818_430.txt air/gen_1776408826_433.txt air/gen_1776408834_436.txt air/gen_1776408842_439.txt air/gen_1776408850_442.txt air/gen_1776408858_445.txt air/gen_1776408866_448.txt air/gen_1776408873_451.txt air/gen_1776408881_454.txt air/gen_1776408889_457.txt air/gen_1776408897_460.txt air/gen_1776408905_463.txt air/gen_1776408913_466.txt air/gen_1776408921_469.txt air/gen_1776408929_472.txt air/gen_1776408937_475.txt air/gen_1776408945_478.txt air/gen_1776408952_481.txt air/gen_1776408960_484.txt air/gen_1776408968_487.txt air/gen_1776408976_490.txt air/gen_1776408984_493.txt air/gen_1776408992_496.txt air/gen_1776409000_499.txt air/gen_1776409008_502.txt air/gen_1776409016_505.txt air/gen_1776409024_508.txt air/gen_1776409032_511.txt air/gen_1776409039_514.txt air/gen_1776409047_517.txt air/gen_1776409055_520.txt air/gen_1776409063_523.txt air/gen_1776409071_526.txt air/gen_1776409079_529.txt air/gen_1776409087_532.txt air/gen_1776409094_535.txt air/gen_1776409102_538.txt air/gen_1776409110_541.txt air/gen_1776409118_544.txt air/gen_1776409126_547.txt air/gen_1776409134_550.txt air/gen_1776409142_553.txt air/gen_1776409150_556.txt air/gen_1776409158_559.txt air/gen_1776409165_562.txt air/gen_1776409173_565.txt air/gen_1776409181_568.txt air/gen_1776409189_571.txt air/gen_1776409197_574.txt air/gen_1776409205_577.txt air/gen_1776409213_580.txt air/gen_1776409221_583.txt air/gen_1776409229_586.txt air/gen_1776409237_589.txt air/gen_1776409244_592.txt air/gen_1776409252_595.txt air/gen_1776409260_598.txt air/gen_1776409268_601.txt air/gen_1776409276_604.txt air/gen_1776409284_607.txt air/gen_1776409292_610.txt air/gen_1776409300_613.txt air/gen_1776409308_616.txt air/gen_1776409316_619.txt air/gen_1776409324_622.txt air/gen_1776409332_625.txt air/gen_1776409340_628.txt air/gen_1776409348_631.txt air/gen_1776409356_634.txt air/gen_1776409363_637.txt air/gen_1776409371_640.txt air/gen_1776409379_643.txt air/gen_1776409387_646.txt air/gen_1776409395_649.txt air/gen_1776409403_652.txt air/gen_1776409411_655.txt air/gen_1776409419_658.txt air/gen_1776409427_661.txt air/gen_1776409435_664.txt air/gen_1776409442_667.txt air/gen_1776409450_670.txt air/gen_1776409458_673.txt air/gen_1776409466_676.txt air/gen_1776409474_679.txt]
[trainer] micro-train burst (17787 bytes, novelty 0.04) — and lo, it feeds again.
[syntropy] action=explore | trend=0.0000 | field_dev=-0.010 | purpose_align=0.287 | lr_mul=1.30
[aml] burst complete: 32 steps, avg loss 1.7129 (memory freed)
[dna] water wrote 78 bytes to ecology
[dna] water wrote 29 bytes to ecology
[dna] water wrote 22 bytes to ecology
[dna] water wrote 137 bytes to ecology
[dna] water wrote 9 bytes to ecology
[dna] water wrote 184 bytes to ecology
[dna] water wrote 40 bytes to ecology
[dna] water wrote 50 bytes to ecology
[dna] water wrote 34 bytes to ecology
[dna] water wrote 64 bytes to ecology
[dna] water wrote 103 bytes to ecology
[dna] water wrote 81 bytes to ecology
[dna] water wrote 36 bytes to ecology
[dna] water wrote 52 bytes to ecology
[dna] water wrote 56 bytes to ecology
[dna] water wrote 49 bytes to ecology
[debug-onto] tick=50 corpus=143711 stage=2 freeze=0
[dna] water wrote 66 bytes to ecology
[dna] water wrote 10 bytes to ecology
[dna] water wrote 72 bytes to ecology
[dna] water wrote 39 bytes to ecology
[dna] water wrote 36 bytes to ecology
[dna] water wrote 51 bytes to ecology
[dna] water wrote 21 bytes to ecology
[dna] water wrote 63 bytes to ecology
[dna] water wrote 33 bytes to ecology
[dna] water wrote 12 bytes to ecology
[dna] water wrote 72 bytes to ecology
[dna] water wrote 67 bytes to ecology
[dna] water wrote 36 bytes to ecology
[dna] water wrote 20 bytes to ecology
[dna] water wrote 71 bytes to ecology
[dna] water wrote 168 bytes to ecology
[dna] water wrote 59 bytes to ecology
[debug-onto] tick=100 corpus=143711 stage=2 freeze=0
[dna] water wrote 52 bytes to ecology
[dna] water wrote 37 bytes to ecology
[dna] water wrote 104 bytes to ecology
[dna] water wrote 39 bytes to ecology
[dna] water wrote 36 bytes to ecology
[dna] water wrote 28 bytes to ecology
[dna] water wrote 41 bytes to ecology
[dna] water wrote 52 bytes to ecology
[dna] water wrote 46 bytes to ecology
[dna] water wrote 47 bytes to ecology
[dna] water wrote 33 bytes to ecology
[dna] water wrote 52 bytes to ecology
[dna] water wrote 41 bytes to ecology
[dna] water wrote 47 bytes to ecology
[dna] water wrote 25 bytes to ecology
[dna] water wrote 117 bytes to ecology
[debug-onto] tick=150 corpus=143711 stage=2 freeze=0
[dna] water wrote 99 bytes to ecology
[dna] water wrote 13 bytes to ecology
[dna] water wrote 84 bytes to ecology
[dna] water wrote 37 bytes to ecology
[dna] water wrote 93 bytes to ecology
[dna] water wrote 80 bytes to ecology
[dna] water wrote 27 bytes to ecology
[dna] water wrote 35 bytes to ecology
[dna] water wrote 64 bytes to ecology
[dna] water wrote 36 bytes to ecology
[dna] water wrote 44 bytes to ecology
[dna] water wrote 28 bytes to ecology
[dna] water wrote 48 bytes to ecology
[dna] water wrote 150 bytes to ecology
[dna] water wrote 78 bytes to ecology
[dna] water wrote 115 bytes to ecology
[dna] water wrote 53 bytes to ecology
[debug-onto] tick=200 corpus=143711 stage=2 freeze=0
[dna] water wrote 23 bytes to ecology
[dna] water wrote 37 bytes to ecology
[dna] water wrote 59 bytes to ecology
[dna] water wrote 78 bytes to ecology
[dna] water wrote 83 bytes to ecology
[dna] water wrote 24 bytes to ecology
[dna] water wrote 122 bytes to ecology
[dna] water wrote 28 bytes to ecology
[dna] water wrote 34 bytes to ecology
[dna] water wrote 92 bytes to ecology
[dna] water wrote 42 bytes to ecology
[dna] water wrote 35 bytes to ecology
[dna] water wrote 45 bytes to ecology
[dna] water wrote 71 bytes to ecology
[dna] water wrote 56 bytes to ecology
[dna] water wrote 30 bytes to ecology
[dna] water wrote 107 bytes to ecology
[debug-onto] tick=250 corpus=143711 stage=2 freeze=0
[dna] water wrote 45 bytes to ecology
[dna] water wrote 16 bytes to ecology
[dna] water wrote 35 bytes to ecology
[dna] water wrote 43 bytes to ecology
[dna] water wrote 28 bytes to ecology
[dna] water wrote 52 bytes to ecology
[dna] water wrote 31 bytes to ecology
[dna] water wrote 62 bytes to ecology
[dna] water wrote 38 bytes to ecology
[dna] water wrote 25 bytes to ecology
[dna] water wrote 45 bytes to ecology
[dna] water wrote 29 bytes to ecology
[dna] water wrote 54 bytes to ecology
[dna] water wrote 48 bytes to ecology
[dna] water wrote 24 bytes to ecology
[dna] water wrote 83 bytes to ecology
[debug-onto] tick=300 corpus=143711 stage=2 freeze=0
[dna] water wrote 40 bytes to ecology
[dna] water wrote 49 bytes to ecology
[dna] water wrote 28 bytes to ecology
[dna] water wrote 58 bytes to ecology
[dna] water wrote 29 bytes to ecology
[dna] water wrote 150 bytes to ecology
[dna] water wrote 35 bytes to ecology
[dna] water wrote 52 bytes to ecology
[dna] water wrote 56 bytes to ecology
[dna] water wrote 154 bytes to ecology
[dna] water wrote 23 bytes to ecology
[dna] water wrote 39 bytes to ecology
[dna] water wrote 42 bytes to ecology
[dna] water wrote 17 bytes to ecology
[dna] water wrote 55 bytes to ecology
[dna] water wrote 139 bytes to ecology
[dna] water wrote 86 bytes to ecology
[debug-onto] tick=350 corpus=143711 stage=2 freeze=0
[dna] water wrote 38 bytes to ecology
[dna] water wrote 97 bytes to ecology
[dna] water wrote 74 bytes to ecology
[dna] water wrote 99 bytes to ecology
[dna] water wrote 60 bytes to ecology
[dna] water wrote 39 bytes to ecology
[dna] water wrote 79 bytes to ecology
[dna] water wrote 100 bytes to ecology
[dna] water wrote 44 bytes to ecology
[dna] water wrote 94 bytes to ecology
[dna] water wrote 77 bytes to ecology
[dna] water wrote 30 bytes to ecology
[dna] water wrote 119 bytes to ecology
[dna] water wrote 167 bytes to ecology
[dna] water wrote 78 bytes to ecology
[dna] water wrote 37 bytes to ecology
[dna] water wrote 65 bytes to ecology
[debug-onto] tick=400 corpus=143711 stage=2 freeze=0
[dna] water wrote 25 bytes to ecology
[dna] water wrote 53 bytes to ecology
[dna] water wrote 17 bytes to ecology
[dna] water wrote 36 bytes to ecology
[dna] water wrote 56 bytes to ecology
[dna] water wrote 80 bytes to ecology
[dna] water wrote 56 bytes to ecology
[dna] water wrote 27 bytes to ecology
[dna] water wrote 8 bytes to ecology
[dna] water wrote 66 bytes to ecology
[dna] water wrote 76 bytes to ecology
[dna] water wrote 58 bytes to ecology
[dna] water wrote 90 bytes to ecology
[dna] water wrote 54 bytes to ecology
[dna] water wrote 67 bytes to ecology
[dna] water wrote 49 bytes to ecology
[debug-onto] tick=450 corpus=143711 stage=2 freeze=0
[dna] water wrote 31 bytes to ecology
[dna] water wrote 27 bytes to ecology
[dna] water wrote 78 bytes to ecology
[dna] water wrote 80 bytes to ecology
[dna] water wrote 39 bytes to ecology
[dna] water wrote 33 bytes to ecology
[dna] water wrote 30 bytes to ecology
[dna] water wrote 280 bytes to ecology
[dna] water wrote 136 bytes to ecology
[dna] water wrote 77 bytes to ecology
[dna] water wrote 31 bytes to ecology
[dna] water wrote 29 bytes to ecology
[dna] water wrote 97 bytes to ecology
[dna] water wrote 115 bytes to ecology
[dna] water wrote 53 bytes to ecology
[dna] water wrote 28 bytes to ecology
[dna] water wrote 158 bytes to ecology
[debug-onto] tick=500 corpus=143711 stage=2 freeze=0
[dna] water wrote 11 bytes to ecology
[dna] water wrote 33 bytes to ecology
[dna] water wrote 63 bytes to ecology
[dna] water wrote 47 bytes to ecology
[dna] water wrote 68 bytes to ecology
[dna] water wrote 34 bytes to ecology
[dna] water wrote 64 bytes to ecology
[dna] water wrote 43 bytes to ecology
[dna] water wrote 114 bytes to ecology
[dna] water wrote 117 bytes to ecology
[dna] water wrote 68 bytes to ecology
[dna] water wrote 30 bytes to ecology
[dna] water wrote 42 bytes to ecology
[dna] water wrote 58 bytes to ecology
[dna] water wrote 11 bytes to ecology
[dna] water wrote 8 bytes to ecology
[dna] water wrote 62 bytes to ecology
[debug-onto] tick=550 corpus=143711 stage=2 freeze=0
[dna] water wrote 96 bytes to ecology
[dna] water wrote 19 bytes to ecology
[dna] water wrote 28 bytes to ecology
[dna] water wrote 32 bytes to ecology
[dna] water wrote 24 bytes to ecology
[dna] water wrote 34 bytes to ecology
[dna] water wrote 138 bytes to ecology
[dna] water wrote 34 bytes to ecology
[dna] water wrote 86 bytes to ecology
[dna] water wrote 131 bytes to ecology
[dna] water wrote 125 bytes to ecology
[dna] water wrote 76 bytes to ecology
[dna] water wrote 115 bytes to ecology
[dna] water wrote 39 bytes to ecology
[dna] water wrote 79 bytes to ecology
[dna] water wrote 36 bytes to ecology
[debug-onto] tick=600 corpus=143711 stage=2 freeze=0
[dna] water wrote 56 bytes to ecology
[dna] water wrote 112 bytes to ecology
[dna] water wrote 142 bytes to ecology
[dna] water wrote 47 bytes to ecology
[dna] water wrote 179 bytes to ecology
[dna] water wrote 30 bytes to ecology
[dna] water wrote 56 bytes to ecology
[dna] water wrote 40 bytes to ecology
[dna] water wrote 52 bytes to ecology
[dna] water wrote 41 bytes to ecology
[dna] water wrote 73 bytes to ecology
[dna] water wrote 58 bytes to ecology
[dna] water wrote 53 bytes to ecology
[dna] water wrote 40 bytes to ecology
[dna] water wrote 62 bytes to ecology
[dna] water wrote 44 bytes to ecology
[dna] water wrote 74 bytes to ecology
[debug-onto] tick=650 corpus=143711 stage=2 freeze=0
[dna] water wrote 49 bytes to ecology
[dna] water wrote 108 bytes to ecology
[dna] water wrote 26 bytes to ecology

[evolution] Organism shutting down gracefully.
