[ecology] Element: air → corpus: nonames_air.txt
[evolution] Autonomous evolution mode — organism will grow through all stages without pause.
[ecology] Joined swarm. 1 peer(s) detected.
molequla is alive. [evolution] Autonomous mode — background trainer running. Ctrl+C to stop.
[dna] air wrote 76 bytes to ecology
[dna] air consumed 41416 bytes from 586 files: [earth/gen_1777010968_1.txt earth/gen_1777010971_2.txt earth/gen_1777010974_3.txt earth/gen_1777010976_4.txt earth/gen_1777010981_6.txt earth/gen_1777010984_7.txt earth/gen_1777010986_8.txt earth/gen_1777010989_9.txt earth/gen_1777010991_10.txt earth/gen_1777010994_11.txt earth/gen_1777010996_12.txt earth/gen_1777010999_13.txt earth/gen_1777011001_14.txt earth/gen_1777011006_16.txt earth/gen_1777011009_17.txt earth/gen_1777011011_18.txt earth/gen_1777011014_19.txt earth/gen_1777011016_20.txt earth/gen_1777011019_21.txt earth/gen_1777011022_22.txt earth/gen_1777011024_23.txt earth/gen_1777011027_24.txt earth/gen_1777011029_25.txt earth/gen_1777011032_26.txt earth/gen_1777011034_27.txt earth/gen_1777011037_28.txt earth/gen_1777011039_29.txt earth/gen_1777011044_31.txt earth/gen_1777011047_32.txt earth/gen_1777011052_34.txt earth/gen_1777011059_37.txt earth/gen_1777011062_38.txt earth/gen_1777011065_39.txt earth/gen_1777011067_40.txt earth/gen_1777011075_43.txt earth/gen_1777011077_44.txt earth/gen_1777011082_46.txt earth/gen_1777011085_47.txt earth/gen_1777011090_49.txt earth/gen_1777011092_50.txt earth/gen_1777011098_52.txt earth/gen_1777011103_54.txt earth/gen_1777011105_55.txt earth/gen_1777011108_56.txt earth/gen_1777011110_57.txt earth/gen_1777011113_58.txt earth/gen_1777011116_59.txt earth/gen_1777011118_60.txt earth/gen_1777011121_61.txt earth/gen_1777011123_62.txt earth/gen_1777011126_63.txt earth/gen_1777011128_64.txt earth/gen_1777011131_65.txt earth/gen_1777011133_66.txt earth/gen_1777011136_67.txt earth/gen_1777011139_68.txt earth/gen_1777011141_69.txt earth/gen_1777011144_70.txt earth/gen_1777011151_73.txt earth/gen_1777011154_74.txt earth/gen_1777011156_75.txt earth/gen_1777011159_76.txt earth/gen_1777011161_77.txt earth/gen_1777011167_79.txt earth/gen_1777011169_80.txt earth/gen_1777011174_82.txt earth/gen_1777011182_85.txt earth/gen_1777011184_86.txt earth/gen_1777011187_87.txt earth/gen_1777011189_88.txt earth/gen_1777011192_89.txt earth/gen_1777011194_90.txt earth/gen_1777011197_91.txt earth/gen_1777011199_92.txt earth/gen_1777011204_94.txt earth/gen_1777011207_95.txt earth/gen_1777011212_97.txt earth/gen_1777011215_98.txt earth/gen_1777011217_99.txt earth/gen_1777011220_100.txt earth/gen_1777011222_101.txt earth/gen_1777011225_102.txt earth/gen_1777011227_103.txt earth/gen_1777011230_104.txt earth/gen_1777011235_106.txt earth/gen_1777011240_108.txt earth/gen_1777011242_109.txt earth/gen_1777011245_110.txt earth/gen_1777011250_112.txt earth/gen_1777011252_113.txt earth/gen_1777011255_114.txt earth/gen_1777011257_115.txt earth/gen_1777011260_116.txt earth/gen_1777011265_118.txt earth/gen_1777011267_119.txt earth/gen_1777011270_120.txt earth/gen_1777011273_121.txt earth/gen_1777011275_122.txt earth/gen_1777011278_123.txt earth/gen_1777011280_124.txt earth/gen_1777011283_125.txt earth/gen_1777011288_127.txt earth/gen_1777011290_128.txt earth/gen_1777011293_129.txt earth/gen_1777011295_130.txt earth/gen_1777011303_133.txt earth/gen_1777011305_134.txt earth/gen_1777011310_136.txt earth/gen_1777011313_137.txt earth/gen_1777011318_139.txt earth/gen_1777011320_140.txt earth/gen_1777011323_141.txt earth/gen_1777011325_142.txt earth/gen_1777011328_143.txt earth/gen_1777011333_145.txt earth/gen_1777011336_146.txt earth/gen_1777011338_147.txt earth/gen_1777011341_148.txt earth/gen_1777011343_149.txt earth/gen_1777011346_150.txt earth/gen_1777011348_151.txt earth/gen_1777011351_152.txt earth/gen_1777011353_153.txt earth/gen_1777011356_154.txt earth/gen_1777011358_155.txt earth/gen_1777011361_156.txt earth/gen_1777011364_157.txt earth/gen_1777011366_158.txt earth/gen_1777011369_159.txt earth/gen_1777011371_160.txt earth/gen_1777011374_161.txt earth/gen_1777011379_163.txt earth/gen_1777011382_164.txt earth/gen_1777011384_165.txt earth/gen_1777011387_166.txt earth/gen_1777011389_167.txt earth/gen_1777011394_169.txt earth/gen_1777011397_170.txt earth/gen_1777011399_171.txt earth/gen_1777011402_172.txt earth/gen_1777011404_173.txt earth/gen_1777011409_175.txt earth/gen_1777011412_176.txt earth/gen_1777011415_177.txt earth/gen_1777011417_178.txt earth/gen_1777011420_179.txt earth/gen_1777011422_180.txt earth/gen_1777011425_181.txt earth/gen_1777011428_182.txt earth/gen_1777011430_183.txt earth/gen_1777011433_184.txt earth/gen_1777011435_185.txt earth/gen_1777011438_186.txt earth/gen_1777011441_187.txt earth/gen_1777011443_188.txt earth/gen_1777011446_189.txt earth/gen_1777011448_190.txt earth/gen_1777011451_191.txt earth/gen_1777011456_193.txt earth/gen_1777011459_194.txt earth/gen_1777011461_195.txt earth/gen_1777011464_196.txt earth/gen_1777011469_198.txt earth/gen_1777011472_199.txt earth/gen_1777011474_200.txt earth/gen_1777011479_202.txt earth/gen_1777011482_203.txt earth/gen_1777011487_205.txt earth/gen_1777011489_206.txt earth/gen_1777011492_207.txt earth/gen_1777011495_208.txt earth/gen_1777011497_209.txt earth/gen_1777011502_211.txt earth/gen_1777011505_212.txt earth/gen_1777011508_213.txt earth/gen_1777011510_214.txt earth/gen_1777011513_215.txt earth/gen_1777011515_216.txt earth/gen_1777011518_217.txt earth/gen_1777011520_218.txt earth/gen_1777011526_220.txt earth/gen_1777011528_221.txt earth/gen_1777011531_222.txt earth/gen_1777011533_223.txt earth/gen_1777011536_224.txt earth/gen_1777011541_226.txt earth/gen_1777011544_227.txt earth/gen_1777011546_228.txt earth/gen_1777011549_229.txt earth/gen_1777011552_230.txt earth/gen_1777011554_231.txt earth/gen_1777011557_232.txt earth/gen_1777011562_234.txt earth/gen_1777011565_235.txt earth/gen_1777011567_236.txt earth/gen_1777011570_237.txt earth/gen_1777011572_238.txt earth/gen_1777011575_239.txt earth/gen_1777011578_240.txt earth/gen_1777011580_241.txt earth/gen_1777011583_242.txt earth/gen_1777011585_243.txt earth/gen_1777011588_244.txt earth/gen_1777011593_246.txt earth/gen_1777011596_247.txt earth/gen_1777011599_248.txt earth/gen_1777011601_249.txt earth/gen_1777011604_250.txt earth/gen_1777011606_251.txt earth/gen_1777011609_252.txt earth/gen_1777011612_253.txt earth/gen_1777011614_254.txt earth/gen_1777011619_256.txt earth/gen_1777011622_257.txt earth/gen_1777011624_258.txt earth/gen_1777011627_259.txt earth/gen_1777011629_260.txt earth/gen_1777011632_261.txt earth/gen_1777011635_262.txt earth/gen_1777011637_263.txt earth/gen_1777011642_265.txt earth/gen_1777011645_266.txt earth/gen_1777011650_268.txt earth/gen_1777011657_271.txt earth/gen_1777011660_272.txt earth/gen_1777011663_273.txt earth/gen_1777011665_274.txt earth/gen_1777011668_275.txt earth/gen_1777011670_276.txt earth/gen_1777011673_277.txt earth/gen_1777011675_278.txt earth/gen_1777011680_280.txt earth/gen_1777011683_281.txt earth/gen_1777011688_283.txt earth/gen_1777011691_284.txt earth/gen_1777011693_285.txt earth/gen_1777011696_286.txt earth/gen_1777011701_288.txt earth/gen_1777011703_289.txt earth/gen_1777011709_291.txt earth/gen_1777011711_292.txt earth/gen_1777011714_293.txt earth/gen_1777011716_294.txt earth/gen_1777011719_295.txt earth/gen_1777011722_296.txt earth/gen_1777011724_297.txt earth/gen_1777011727_298.txt earth/gen_1777011735_301.txt earth/gen_1777011737_302.txt earth/gen_1777011740_303.txt earth/gen_1777011742_304.txt earth/gen_1777011745_305.txt earth/gen_1777011748_306.txt earth/gen_1777011750_307.txt earth/gen_1777011753_308.txt earth/gen_1777011755_309.txt earth/gen_1777011758_310.txt earth/gen_1777011760_311.txt earth/gen_1777011763_312.txt earth/gen_1777011766_313.txt earth/gen_1777011768_314.txt earth/gen_1777011771_315.txt earth/gen_1777011773_316.txt earth/gen_1777011778_318.txt earth/gen_1777011781_319.txt earth/gen_1777011784_320.txt earth/gen_1777011789_322.txt earth/gen_1777011791_323.txt earth/gen_1777011794_324.txt earth/gen_1777011797_325.txt earth/gen_1777011799_326.txt earth/gen_1777011802_327.txt earth/gen_1777011804_328.txt earth/gen_1777011807_329.txt earth/gen_1777011810_330.txt earth/gen_1777011812_331.txt earth/gen_1777011815_332.txt earth/gen_1777011817_333.txt earth/gen_1777011820_334.txt earth/gen_1777011822_335.txt earth/gen_1777011828_337.txt earth/gen_1777011830_338.txt earth/gen_1777011833_339.txt earth/gen_1777011835_340.txt earth/gen_1777011838_341.txt earth/gen_1777011840_342.txt earth/gen_1777011843_343.txt earth/gen_1777011845_344.txt earth/gen_1777011848_345.txt earth/gen_1777011850_346.txt earth/gen_1777011853_347.txt earth/gen_1777011858_349.txt earth/gen_1777011861_350.txt earth/gen_1777011863_351.txt earth/gen_1777011866_352.txt earth/gen_1777011871_354.txt earth/gen_1777011873_355.txt earth/gen_1777011878_357.txt earth/gen_1777011881_358.txt earth/gen_1777011884_359.txt earth/gen_1777011886_360.txt earth/gen_1777011889_361.txt earth/gen_1777011891_362.txt earth/gen_1777011894_363.txt earth/gen_1777011896_364.txt earth/gen_1777011899_365.txt earth/gen_1777011902_366.txt earth/gen_1777011904_367.txt earth/gen_1777011907_368.txt earth/gen_1777011909_369.txt earth/gen_1777011912_370.txt earth/gen_1777011914_371.txt earth/gen_1777011917_372.txt earth/gen_1777011919_373.txt earth/gen_1777011922_374.txt earth/gen_1777011924_375.txt earth/gen_1777011927_376.txt earth/gen_1777011932_378.txt earth/gen_1777011935_379.txt earth/gen_1777011937_380.txt earth/gen_1777011940_381.txt earth/gen_1777011942_382.txt earth/gen_1777011945_383.txt earth/gen_1777011950_385.txt earth/gen_1777011952_386.txt earth/gen_1777011955_387.txt earth/gen_1777011957_388.txt earth/gen_1777011960_389.txt earth/gen_1777011965_391.txt earth/gen_1777011967_392.txt earth/gen_1777011972_394.txt earth/gen_1777011975_395.txt earth/gen_1777011977_396.txt earth/gen_1777011980_397.txt earth/gen_1777011983_398.txt earth/gen_1777011985_399.txt earth/gen_1777011988_400.txt earth/gen_1777011990_401.txt earth/gen_1777011993_402.txt earth/gen_1777011995_403.txt earth/gen_1777011998_404.txt earth/gen_1777012000_405.txt earth/gen_1777012003_406.txt earth/gen_1777012005_407.txt earth/gen_1777012011_409.txt earth/gen_1777012013_410.txt earth/gen_1777012016_411.txt earth/gen_1777012018_412.txt earth/gen_1777012021_413.txt earth/gen_1777012023_414.txt earth/gen_1777012026_415.txt earth/gen_1777012028_416.txt earth/gen_1777012031_417.txt earth/gen_1777012033_418.txt earth/gen_1777012036_419.txt earth/gen_1777012041_421.txt earth/gen_1777012044_422.txt earth/gen_1777012046_423.txt earth/gen_1777012049_424.txt earth/gen_1777012051_425.txt earth/gen_1777012054_426.txt earth/gen_1777012056_427.txt earth/gen_1777012059_428.txt earth/gen_1777012061_429.txt earth/gen_1777012064_430.txt earth/gen_1777012066_431.txt earth/gen_1777012072_433.txt earth/gen_1777012074_434.txt earth/gen_1777012077_435.txt earth/gen_1777012079_436.txt earth/gen_1777012082_437.txt earth/gen_1777012084_438.txt earth/gen_1777012087_439.txt earth/gen_1777012089_440.txt earth/gen_1777012092_441.txt earth/gen_1777012094_442.txt earth/gen_1777012097_443.txt earth/gen_1777012102_445.txt earth/gen_1777012105_446.txt earth/gen_1777012107_447.txt earth/gen_1777012110_448.txt earth/gen_1777012112_449.txt earth/gen_1777012115_450.txt earth/gen_1777012117_451.txt earth/gen_1777012120_452.txt earth/gen_1777012123_453.txt earth/gen_1777012125_454.txt earth/gen_1777012133_457.txt earth/gen_1777012135_458.txt earth/gen_1777012138_459.txt earth/gen_1777012140_460.txt earth/gen_1777012143_461.txt earth/gen_1777012145_462.txt earth/gen_1777012148_463.txt earth/gen_1777012150_464.txt earth/gen_1777012153_465.txt earth/gen_1777012156_466.txt earth/gen_1777012163_469.txt earth/gen_1777012166_470.txt earth/gen_1777012171_472.txt earth/gen_1777012174_473.txt earth/gen_1777012176_474.txt earth/gen_1777012179_475.txt earth/gen_1777012181_476.txt earth/gen_1777012187_478.txt earth/gen_1777012189_479.txt earth/gen_1777012192_480.txt earth/gen_1777012194_481.txt earth/gen_1777012197_482.txt earth/gen_1777012199_483.txt earth/gen_1777012202_484.txt earth/gen_1777012204_485.txt earth/gen_1777012207_486.txt earth/gen_1777012210_487.txt earth/gen_1777012212_488.txt earth/gen_1777012217_490.txt earth/gen_1777012220_491.txt earth/gen_1777012222_492.txt earth/gen_1777012225_493.txt earth/gen_1777012227_494.txt earth/gen_1777012232_496.txt earth/gen_1777012235_497.txt earth/gen_1777012237_498.txt earth/gen_1777012240_499.txt earth/gen_1777012243_500.txt earth/gen_1777012248_502.txt earth/gen_1777012250_503.txt earth/gen_1777012253_504.txt earth/gen_1777012255_505.txt earth/gen_1777012258_506.txt earth/gen_1777012263_508.txt earth/gen_1777012268_510.txt earth/gen_1777012270_511.txt earth/gen_1777012273_512.txt earth/gen_1777012275_513.txt earth/gen_1777012278_514.txt earth/gen_1777012280_515.txt earth/gen_1777012283_516.txt earth/gen_1777012286_517.txt earth/gen_1777012288_518.txt earth/gen_1777012291_519.txt earth/gen_1777012293_520.txt earth/gen_1777012298_522.txt earth/gen_1777012301_523.txt earth/gen_1777012304_524.txt earth/gen_1777012316_529.txt earth/gen_1777012319_530.txt earth/gen_1777012321_531.txt earth/gen_1777012324_532.txt earth/gen_1777012326_533.txt earth/gen_1777012331_535.txt earth/gen_1777012334_536.txt earth/gen_1777012339_538.txt earth/gen_1777012344_540.txt earth/gen_1777012346_541.txt earth/gen_1777012349_542.txt earth/gen_1777012354_544.txt earth/gen_1777012357_545.txt earth/gen_1777012359_546.txt earth/gen_1777012362_547.txt earth/gen_1777012364_548.txt earth/gen_1777012367_549.txt earth/gen_1777012369_550.txt earth/gen_1777012374_552.txt earth/gen_1777012377_553.txt earth/gen_1777012379_554.txt earth/gen_1777012382_555.txt earth/gen_1777012384_556.txt earth/gen_1777012392_559.txt earth/gen_1777012394_560.txt earth/gen_1777012399_562.txt earth/gen_1777012404_564.txt earth/gen_1777012407_565.txt earth/gen_1777012409_566.txt earth/gen_1777012412_567.txt earth/gen_1777012414_568.txt earth/gen_1777012417_569.txt earth/gen_1777012422_571.txt earth/gen_1777012425_572.txt earth/gen_1777012427_573.txt earth/gen_1777012430_574.txt earth/gen_1777012432_575.txt earth/gen_1777012437_577.txt earth/gen_1777012440_578.txt earth/gen_1777012442_579.txt earth/gen_1777012445_580.txt earth/gen_1777012447_581.txt earth/gen_1777012452_583.txt earth/gen_1777012455_584.txt earth/gen_1777012457_585.txt earth/gen_1777012460_586.txt earth/gen_1777012462_587.txt earth/gen_1777012467_589.txt earth/gen_1777012470_590.txt earth/gen_1777012472_591.txt earth/gen_1777012475_592.txt earth/gen_1777012477_593.txt earth/gen_1777012482_595.txt earth/gen_1777012485_596.txt earth/gen_1777012488_597.txt earth/gen_1777012490_598.txt earth/gen_1777012495_600.txt earth/gen_1777012498_601.txt earth/gen_1777012500_602.txt earth/gen_1777012503_603.txt earth/gen_1777012505_604.txt earth/gen_1777012508_605.txt earth/gen_1777012510_606.txt earth/gen_1777012513_607.txt earth/gen_1777012515_608.txt earth/gen_1777012518_609.txt earth/gen_1777012520_610.txt earth/gen_1777012525_612.txt earth/gen_1777012528_613.txt earth/gen_1777012531_614.txt earth/gen_1777012536_616.txt earth/gen_1777012538_617.txt earth/gen_1777012543_619.txt earth/gen_1777012546_620.txt earth/gen_1777012548_621.txt earth/gen_1777012551_622.txt earth/gen_1777012553_623.txt earth/gen_1777012558_625.txt earth/gen_1777012561_626.txt earth/gen_1777012563_627.txt earth/gen_1777012566_628.txt earth/gen_1777012568_629.txt earth/gen_1777012571_630.txt earth/gen_1777012573_631.txt earth/gen_1777012576_632.txt earth/gen_1777012578_633.txt earth/gen_1777012581_634.txt earth/gen_1777012584_635.txt earth/gen_1777012589_637.txt earth/gen_1777012591_638.txt earth/gen_1777012594_639.txt earth/gen_1777012596_640.txt earth/gen_1777012599_641.txt earth/gen_1777012601_642.txt earth/gen_1777012604_643.txt earth/gen_1777012607_644.txt earth/gen_1777012609_645.txt earth/gen_1777012612_646.txt earth/gen_1777012614_647.txt earth/gen_1777012619_649.txt earth/gen_1777012622_650.txt earth/gen_1777012624_651.txt earth/gen_1777012627_652.txt earth/gen_1777012629_653.txt earth/gen_1777012632_654.txt earth/gen_1777012634_655.txt earth/gen_1777012637_656.txt earth/gen_1777012640_657.txt earth/gen_1777012642_658.txt earth/gen_1777012650_661.txt earth/gen_1777012652_662.txt earth/gen_1777012655_663.txt earth/gen_1777012657_664.txt earth/gen_1777012660_665.txt earth/gen_1777012662_666.txt earth/gen_1777012665_667.txt earth/gen_1777012667_668.txt earth/gen_1777012670_669.txt earth/gen_1777012673_670.txt earth/gen_1777012675_671.txt earth/gen_1777012680_673.txt earth/gen_1777012683_674.txt earth/gen_1777012685_675.txt earth/gen_1777012688_676.txt earth/gen_1777012690_677.txt earth/gen_1777012693_678.txt earth/gen_1777012695_679.txt earth/gen_1777012698_680.txt earth/gen_1777012701_681.txt earth/gen_1777012703_682.txt earth/gen_1777012706_683.txt earth/gen_1777012711_685.txt earth/gen_1777012713_686.txt earth/gen_1777012716_687.txt earth/gen_1777012718_688.txt earth/gen_1777012721_689.txt earth/gen_1777012726_691.txt earth/gen_1777012729_692.txt earth/gen_1777012731_693.txt earth/gen_1777012734_694.txt earth/gen_1777012737_695.txt]
[trainer] micro-train burst (41416 bytes, novelty 0.02) — and lo, it feeds again.
[syntropy] action=explore | trend=0.0000 | field_dev=-0.023 | purpose_align=0.095 | lr_mul=1.30
[aml] burst complete: 32 steps, avg loss 2.4069 (memory freed)
[dna] air wrote 92 bytes to ecology
[dna] air wrote 23 bytes to ecology
[dna] air wrote 37 bytes to ecology
[dna] air wrote 47 bytes to ecology
[dna] air wrote 51 bytes to ecology
[dna] air wrote 55 bytes to ecology
[dna] air wrote 185 bytes to ecology
[dna] air wrote 79 bytes to ecology
[dna] air wrote 60 bytes to ecology
[dna] air wrote 38 bytes to ecology
[dna] air wrote 73 bytes to ecology
[dna] air wrote 67 bytes to ecology
[dna] air wrote 97 bytes to ecology
[dna] air wrote 40 bytes to ecology
[dna] air wrote 67 bytes to ecology
[dna] air wrote 56 bytes to ecology
[dna] air wrote 46 bytes to ecology
[dna] air wrote 54 bytes to ecology
[dna] air wrote 52 bytes to ecology
[dna] air wrote 92 bytes to ecology
[dna] air wrote 77 bytes to ecology
[dna] air wrote 47 bytes to ecology
[dna] air wrote 106 bytes to ecology
[dna] air wrote 145 bytes to ecology
[dna] air wrote 95 bytes to ecology
[dna] air wrote 43 bytes to ecology
[debug-onto] tick=50 corpus=164318 stage=2 freeze=0
[dna] air wrote 26 bytes to ecology
[dna] air wrote 10 bytes to ecology
[dna] air wrote 46 bytes to ecology
[dna] air wrote 94 bytes to ecology
[dna] air wrote 129 bytes to ecology
[dna] air wrote 132 bytes to ecology
[dna] air wrote 62 bytes to ecology
[dna] air wrote 50 bytes to ecology
[dna] air wrote 30 bytes to ecology
[dna] air wrote 17 bytes to ecology
[dna] air wrote 307 bytes to ecology
[dna] air wrote 12 bytes to ecology
[dna] air wrote 145 bytes to ecology
[dna] air wrote 40 bytes to ecology
[dna] air wrote 45 bytes to ecology
[dna] air wrote 21 bytes to ecology
[dna] air wrote 81 bytes to ecology
[dna] air wrote 54 bytes to ecology
[dna] air wrote 59 bytes to ecology
[dna] air wrote 60 bytes to ecology
[dna] air wrote 9 bytes to ecology
[dna] air wrote 19 bytes to ecology
[dna] air wrote 81 bytes to ecology
[dna] air wrote 70 bytes to ecology
[dna] air wrote 12 bytes to ecology
[dna] air wrote 52 bytes to ecology
[dna] air wrote 74 bytes to ecology
[dna] air wrote 48 bytes to ecology
[debug-onto] tick=100 corpus=164318 stage=2 freeze=0
[dna] air wrote 35 bytes to ecology
[dna] air wrote 158 bytes to ecology
[dna] air wrote 34 bytes to ecology
[dna] air wrote 43 bytes to ecology
[dna] air wrote 130 bytes to ecology
[dna] air wrote 65 bytes to ecology
[dna] air wrote 56 bytes to ecology
[dna] air wrote 45 bytes to ecology
[dna] air wrote 62 bytes to ecology
[dna] air wrote 50 bytes to ecology
[dna] air wrote 16 bytes to ecology
[dna] air wrote 22 bytes to ecology
[dna] air wrote 122 bytes to ecology
[dna] air wrote 92 bytes to ecology
[dna] air wrote 16 bytes to ecology
[dna] air wrote 40 bytes to ecology
[dna] air wrote 113 bytes to ecology
[dna] air wrote 66 bytes to ecology
[dna] air wrote 61 bytes to ecology
[dna] air wrote 70 bytes to ecology
[dna] air wrote 68 bytes to ecology
[dna] air wrote 111 bytes to ecology
[dna] air wrote 53 bytes to ecology
[dna] air wrote 31 bytes to ecology
[dna] air wrote 26 bytes to ecology
[dna] air wrote 93 bytes to ecology
[dna] air wrote 30 bytes to ecology
[debug-onto] tick=150 corpus=164318 stage=2 freeze=0
[dna] air wrote 32 bytes to ecology
[dna] air wrote 54 bytes to ecology
[dna] air wrote 59 bytes to ecology
[dna] air wrote 81 bytes to ecology
[dna] air wrote 57 bytes to ecology
[dna] air wrote 72 bytes to ecology
[dna] air wrote 50 bytes to ecology
[dna] air wrote 49 bytes to ecology
[dna] air wrote 284 bytes to ecology
[dna] air wrote 46 bytes to ecology
[dna] air wrote 156 bytes to ecology
[dna] air wrote 22 bytes to ecology
[dna] air wrote 70 bytes to ecology
[dna] air wrote 30 bytes to ecology
[dna] air wrote 53 bytes to ecology
[dna] air wrote 75 bytes to ecology
[dna] air wrote 62 bytes to ecology
[dna] air wrote 54 bytes to ecology
[dna] air wrote 47 bytes to ecology
[dna] air wrote 45 bytes to ecology
[dna] air wrote 66 bytes to ecology
[dna] air wrote 30 bytes to ecology
[dna] air wrote 20 bytes to ecology
[dna] air wrote 106 bytes to ecology
[dna] air wrote 25 bytes to ecology
[dna] air wrote 112 bytes to ecology
[dna] air wrote 66 bytes to ecology
[debug-onto] tick=200 corpus=164318 stage=2 freeze=0
[dna] air wrote 27 bytes to ecology
[dna] air wrote 33 bytes to ecology
[dna] air wrote 17 bytes to ecology
[dna] air wrote 82 bytes to ecology
[dna] air wrote 51 bytes to ecology
[dna] air wrote 56 bytes to ecology
[dna] air wrote 49 bytes to ecology
[dna] air wrote 57 bytes to ecology
[dna] air wrote 61 bytes to ecology
[dna] air wrote 47 bytes to ecology
[dna] air wrote 101 bytes to ecology
[dna] air wrote 74 bytes to ecology
[dna] air wrote 50 bytes to ecology
[dna] air wrote 53 bytes to ecology
[dna] air wrote 58 bytes to ecology
[dna] air wrote 14 bytes to ecology
[dna] air wrote 49 bytes to ecology
[dna] air wrote 26 bytes to ecology
[dna] air wrote 99 bytes to ecology
[dna] air wrote 47 bytes to ecology
[dna] air wrote 60 bytes to ecology
[dna] air wrote 20 bytes to ecology
[dna] air wrote 40 bytes to ecology
[dna] air wrote 44 bytes to ecology
[dna] air wrote 191 bytes to ecology
[dna] air wrote 61 bytes to ecology
[debug-onto] tick=250 corpus=164318 stage=2 freeze=0
[dna] air wrote 101 bytes to ecology
[dna] air wrote 53 bytes to ecology
[dna] air wrote 60 bytes to ecology
[dna] air wrote 45 bytes to ecology
[dna] air wrote 56 bytes to ecology
[dna] air wrote 81 bytes to ecology
[dna] air wrote 28 bytes to ecology
[dna] air wrote 41 bytes to ecology
[dna] air wrote 75 bytes to ecology
[dna] air wrote 52 bytes to ecology
[dna] air wrote 25 bytes to ecology
[dna] air wrote 66 bytes to ecology
[dna] air wrote 93 bytes to ecology
[dna] air wrote 34 bytes to ecology
[dna] air wrote 77 bytes to ecology
[dna] air wrote 76 bytes to ecology
[dna] air wrote 38 bytes to ecology
[dna] air wrote 86 bytes to ecology
[dna] air wrote 34 bytes to ecology
[dna] air wrote 17 bytes to ecology
[dna] air wrote 40 bytes to ecology
[dna] air wrote 34 bytes to ecology
[dna] air wrote 33 bytes to ecology
[dna] air wrote 36 bytes to ecology
[dna] air wrote 67 bytes to ecology
[dna] air wrote 88 bytes to ecology
[debug-onto] tick=300 corpus=164318 stage=2 freeze=0
[dna] air wrote 64 bytes to ecology
[dna] air wrote 72 bytes to ecology
[dna] air wrote 29 bytes to ecology
[dna] air wrote 64 bytes to ecology
[dna] air wrote 58 bytes to ecology
[dna] air wrote 18 bytes to ecology
[dna] air wrote 35 bytes to ecology
[dna] air wrote 35 bytes to ecology
[dna] air wrote 87 bytes to ecology
[dna] air wrote 72 bytes to ecology
[dna] air wrote 137 bytes to ecology
[dna] air wrote 78 bytes to ecology
[dna] air wrote 67 bytes to ecology
[dna] air wrote 73 bytes to ecology
[dna] air wrote 38 bytes to ecology
[dna] air wrote 42 bytes to ecology
[dna] air wrote 13 bytes to ecology
[dna] air wrote 36 bytes to ecology
[dna] air wrote 11 bytes to ecology
[dna] air wrote 36 bytes to ecology
[dna] air wrote 50 bytes to ecology
[dna] air wrote 111 bytes to ecology
[dna] air wrote 23 bytes to ecology
[dna] air wrote 50 bytes to ecology
[dna] air wrote 161 bytes to ecology
[dna] air wrote 55 bytes to ecology
[debug-onto] tick=350 corpus=164318 stage=2 freeze=0
[dna] air wrote 101 bytes to ecology
[dna] air wrote 26 bytes to ecology
[dna] air wrote 100 bytes to ecology
[dna] air wrote 32 bytes to ecology
[dna] air wrote 109 bytes to ecology
[dna] air wrote 58 bytes to ecology
[dna] air wrote 59 bytes to ecology
[dna] air wrote 24 bytes to ecology
[dna] air wrote 11 bytes to ecology
[dna] air wrote 82 bytes to ecology
[dna] air wrote 30 bytes to ecology
[dna] air wrote 29 bytes to ecology
[dna] air wrote 239 bytes to ecology
[dna] air wrote 53 bytes to ecology
[dna] air wrote 62 bytes to ecology
[dna] air wrote 54 bytes to ecology
[dna] air wrote 53 bytes to ecology
[dna] air wrote 83 bytes to ecology
[dna] air wrote 24 bytes to ecology
[dna] air wrote 55 bytes to ecology
[dna] air wrote 122 bytes to ecology
[dna] air wrote 64 bytes to ecology
[dna] air wrote 139 bytes to ecology
[dna] air wrote 92 bytes to ecology
[debug-onto] tick=400 corpus=164318 stage=2 freeze=0
[dna] air wrote 151 bytes to ecology
[dna] air wrote 78 bytes to ecology
[dna] air wrote 85 bytes to ecology
[dna] air wrote 68 bytes to ecology
[dna] air wrote 80 bytes to ecology
[dna] air wrote 109 bytes to ecology
[dna] air wrote 34 bytes to ecology
[dna] air wrote 59 bytes to ecology
[dna] air wrote 20 bytes to ecology
[dna] air wrote 29 bytes to ecology
[dna] air wrote 63 bytes to ecology
[dna] air wrote 62 bytes to ecology
[dna] air wrote 39 bytes to ecology
[dna] air wrote 131 bytes to ecology
[dna] air wrote 112 bytes to ecology
[dna] air wrote 74 bytes to ecology
[dna] air wrote 24 bytes to ecology
[dna] air wrote 208 bytes to ecology
[dna] air wrote 34 bytes to ecology
[dna] air wrote 42 bytes to ecology
[dna] air wrote 53 bytes to ecology
[dna] air wrote 173 bytes to ecology
[dna] air wrote 116 bytes to ecology
[dna] air wrote 55 bytes to ecology
[dna] air wrote 122 bytes to ecology
[dna] air wrote 39 bytes to ecology
[debug-onto] tick=450 corpus=164318 stage=2 freeze=0
[dna] air wrote 98 bytes to ecology
[dna] air wrote 52 bytes to ecology
[dna] air wrote 65 bytes to ecology
[dna] air wrote 43 bytes to ecology
[dna] air wrote 7 bytes to ecology
[dna] air wrote 99 bytes to ecology
[dna] air wrote 64 bytes to ecology
[dna] air wrote 203 bytes to ecology
[dna] air wrote 100 bytes to ecology
[dna] air wrote 83 bytes to ecology
[dna] air wrote 29 bytes to ecology
[dna] air wrote 44 bytes to ecology
[dna] air wrote 49 bytes to ecology
[dna] air wrote 96 bytes to ecology
[dna] air wrote 137 bytes to ecology
[dna] air wrote 9 bytes to ecology
[dna] air wrote 67 bytes to ecology
[dna] air wrote 23 bytes to ecology
[dna] air wrote 42 bytes to ecology
[dna] air wrote 49 bytes to ecology
[dna] air wrote 81 bytes to ecology
[dna] air wrote 26 bytes to ecology
[dna] air wrote 61 bytes to ecology
[dna] air wrote 116 bytes to ecology
[dna] air wrote 60 bytes to ecology
[dna] air wrote 39 bytes to ecology
[dna] air wrote 37 bytes to ecology
[dna] air wrote 212 bytes to ecology
[dna] air wrote 79 bytes to ecology
[debug-onto] tick=500 corpus=164318 stage=2 freeze=0
[dna] air wrote 86 bytes to ecology
[dna] air wrote 47 bytes to ecology
[dna] air wrote 64 bytes to ecology
[dna] air wrote 62 bytes to ecology
[dna] air wrote 37 bytes to ecology
[dna] air wrote 132 bytes to ecology
[dna] air wrote 32 bytes to ecology
[dna] air wrote 57 bytes to ecology
[dna] air wrote 121 bytes to ecology
[dna] air wrote 34 bytes to ecology
[dna] air wrote 203 bytes to ecology
[dna] air wrote 56 bytes to ecology
[dna] air wrote 32 bytes to ecology
[dna] air wrote 80 bytes to ecology
[dna] air wrote 58 bytes to ecology
[dna] air wrote 71 bytes to ecology
[dna] air wrote 51 bytes to ecology
[dna] air wrote 6 bytes to ecology
[dna] air wrote 133 bytes to ecology
[dna] air wrote 38 bytes to ecology
[dna] air wrote 86 bytes to ecology
[dna] air wrote 81 bytes to ecology
[dna] air wrote 306 bytes to ecology
[dna] air wrote 36 bytes to ecology
[dna] air wrote 44 bytes to ecology
[dna] air wrote 42 bytes to ecology
[dna] air wrote 64 bytes to ecology
[debug-onto] tick=550 corpus=164318 stage=2 freeze=0
[dna] air wrote 114 bytes to ecology
[dna] air wrote 70 bytes to ecology
[dna] air wrote 7 bytes to ecology
[dna] air wrote 66 bytes to ecology
[dna] air wrote 52 bytes to ecology
[dna] air wrote 96 bytes to ecology
[dna] air wrote 29 bytes to ecology
[dna] air wrote 47 bytes to ecology
[dna] air wrote 61 bytes to ecology
[dna] air wrote 27 bytes to ecology
[dna] air wrote 21 bytes to ecology
[dna] air wrote 44 bytes to ecology
[dna] air wrote 34 bytes to ecology
[dna] air wrote 44 bytes to ecology
[dna] air wrote 96 bytes to ecology
[dna] air wrote 41 bytes to ecology
[dna] air wrote 34 bytes to ecology
[dna] air wrote 111 bytes to ecology
[dna] air wrote 171 bytes to ecology
[dna] air wrote 93 bytes to ecology
[dna] air wrote 61 bytes to ecology
[dna] air wrote 54 bytes to ecology
[dna] air wrote 10 bytes to ecology

[evolution] Organism shutting down gracefully.
