[ecology] Element: fire → corpus: nonames_fire.txt
[evolution] Autonomous evolution mode — organism will grow through all stages without pause.
[ecology] Joined swarm. 1 peer(s) detected.
molequla is alive. [evolution] Autonomous mode — background trainer running. Ctrl+C to stop.
[dna] fire wrote 46 bytes to ecology
[dna] fire consumed 14728 bytes from 212 files: [water/gen_1777014558_4.txt water/gen_1777014566_7.txt water/gen_1777014575_10.txt water/gen_1777014583_13.txt water/gen_1777014592_16.txt water/gen_1777014600_19.txt water/gen_1777014608_22.txt water/gen_1777014617_25.txt water/gen_1777014625_28.txt water/gen_1777014634_31.txt water/gen_1777014642_34.txt water/gen_1777014651_37.txt water/gen_1777014659_40.txt water/gen_1777014668_43.txt water/gen_1777014676_46.txt water/gen_1777014685_49.txt water/gen_1777014693_52.txt water/gen_1777014701_55.txt water/gen_1777014710_58.txt water/gen_1777014718_61.txt water/gen_1777014727_64.txt water/gen_1777014735_67.txt water/gen_1777014744_70.txt water/gen_1777014752_73.txt water/gen_1777014761_76.txt water/gen_1777014769_79.txt water/gen_1777014778_82.txt water/gen_1777014786_85.txt water/gen_1777014795_88.txt water/gen_1777014803_91.txt water/gen_1777014812_94.txt water/gen_1777014820_97.txt water/gen_1777014829_100.txt water/gen_1777014837_103.txt water/gen_1777014846_106.txt water/gen_1777014854_109.txt water/gen_1777014862_112.txt water/gen_1777014871_115.txt water/gen_1777014879_118.txt water/gen_1777014888_121.txt water/gen_1777014896_124.txt water/gen_1777014905_127.txt water/gen_1777014913_130.txt water/gen_1777014922_133.txt water/gen_1777014930_136.txt water/gen_1777014939_139.txt water/gen_1777014947_142.txt water/gen_1777014956_145.txt water/gen_1777014964_148.txt water/gen_1777014973_151.txt water/gen_1777014981_154.txt water/gen_1777014990_157.txt water/gen_1777014998_160.txt water/gen_1777015007_163.txt water/gen_1777015015_166.txt water/gen_1777015024_169.txt water/gen_1777015032_172.txt water/gen_1777015041_175.txt water/gen_1777015049_178.txt water/gen_1777015058_181.txt water/gen_1777015066_184.txt water/gen_1777015075_187.txt water/gen_1777015083_190.txt water/gen_1777015091_193.txt water/gen_1777015100_196.txt water/gen_1777015108_199.txt water/gen_1777015117_202.txt water/gen_1777015125_205.txt water/gen_1777015134_208.txt water/gen_1777015142_211.txt water/gen_1777015150_214.txt water/gen_1777015159_217.txt water/gen_1777015167_220.txt water/gen_1777015176_223.txt water/gen_1777015184_226.txt water/gen_1777015193_229.txt water/gen_1777015201_232.txt water/gen_1777015209_235.txt water/gen_1777015218_238.txt water/gen_1777015226_241.txt water/gen_1777015235_244.txt water/gen_1777015243_247.txt water/gen_1777015251_250.txt water/gen_1777015260_253.txt water/gen_1777015268_256.txt water/gen_1777015277_259.txt water/gen_1777015285_262.txt water/gen_1777015294_265.txt water/gen_1777015302_268.txt water/gen_1777015310_271.txt water/gen_1777015318_274.txt water/gen_1777015327_277.txt water/gen_1777015335_280.txt water/gen_1777015343_283.txt water/gen_1777015352_286.txt water/gen_1777015360_289.txt water/gen_1777015368_292.txt water/gen_1777015376_295.txt water/gen_1777015384_298.txt water/gen_1777015393_301.txt water/gen_1777015401_304.txt water/gen_1777015409_307.txt water/gen_1777015417_310.txt water/gen_1777015426_313.txt water/gen_1777015434_316.txt water/gen_1777015442_319.txt water/gen_1777015451_322.txt water/gen_1777015459_325.txt water/gen_1777015467_328.txt water/gen_1777015476_331.txt water/gen_1777015484_334.txt water/gen_1777015493_337.txt water/gen_1777015501_340.txt water/gen_1777015509_343.txt water/gen_1777015517_346.txt water/gen_1777015526_349.txt water/gen_1777015534_352.txt water/gen_1777015542_355.txt water/gen_1777015551_358.txt water/gen_1777015559_361.txt water/gen_1777015568_364.txt water/gen_1777015576_367.txt water/gen_1777015584_370.txt water/gen_1777015593_373.txt water/gen_1777015601_376.txt water/gen_1777015610_379.txt water/gen_1777015618_382.txt water/gen_1777015627_385.txt water/gen_1777015635_388.txt water/gen_1777015643_391.txt water/gen_1777015652_394.txt water/gen_1777015660_397.txt water/gen_1777015668_400.txt water/gen_1777015677_403.txt water/gen_1777015685_406.txt water/gen_1777015693_409.txt water/gen_1777015702_412.txt water/gen_1777015710_415.txt water/gen_1777015718_418.txt water/gen_1777015727_421.txt water/gen_1777015735_424.txt water/gen_1777015744_427.txt water/gen_1777015752_430.txt water/gen_1777015761_433.txt water/gen_1777015769_436.txt water/gen_1777015778_439.txt water/gen_1777015786_442.txt water/gen_1777015795_445.txt water/gen_1777015804_448.txt water/gen_1777015812_451.txt water/gen_1777015821_454.txt water/gen_1777015830_457.txt water/gen_1777015839_460.txt water/gen_1777015847_463.txt water/gen_1777015856_466.txt water/gen_1777015864_469.txt water/gen_1777015873_472.txt water/gen_1777015881_475.txt water/gen_1777015890_478.txt water/gen_1777015898_481.txt water/gen_1777015907_484.txt water/gen_1777015916_487.txt water/gen_1777015924_490.txt water/gen_1777015932_493.txt water/gen_1777015941_496.txt water/gen_1777015949_499.txt water/gen_1777015958_502.txt water/gen_1777015966_505.txt water/gen_1777015975_508.txt water/gen_1777015984_511.txt water/gen_1777015992_514.txt water/gen_1777016001_517.txt water/gen_1777016009_520.txt water/gen_1777016017_523.txt water/gen_1777016026_526.txt water/gen_1777016034_529.txt water/gen_1777016042_532.txt water/gen_1777016050_535.txt water/gen_1777016059_538.txt water/gen_1777016067_541.txt water/gen_1777016075_544.txt water/gen_1777016083_547.txt water/gen_1777016092_550.txt water/gen_1777016100_553.txt water/gen_1777016108_556.txt water/gen_1777016116_559.txt water/gen_1777016124_562.txt water/gen_1777016133_565.txt water/gen_1777016141_568.txt water/gen_1777016150_571.txt water/gen_1777016158_574.txt water/gen_1777016166_577.txt water/gen_1777016175_580.txt water/gen_1777016183_583.txt water/gen_1777016192_586.txt water/gen_1777016200_589.txt water/gen_1777016209_592.txt water/gen_1777016217_595.txt water/gen_1777016226_598.txt water/gen_1777016234_601.txt water/gen_1777016242_604.txt water/gen_1777016251_607.txt water/gen_1777016259_610.txt water/gen_1777016267_613.txt water/gen_1777016276_616.txt water/gen_1777016284_619.txt water/gen_1777016293_622.txt water/gen_1777016301_625.txt water/gen_1777016310_628.txt water/gen_1777016318_631.txt water/gen_1777016327_634.txt water/gen_1777016335_637.txt]
[trainer] micro-train burst (14728 bytes, novelty 0.04) — and lo, it feeds again.
[syntropy] action=explore | trend=0.0000 | field_dev=0.031 | purpose_align=0.090 | lr_mul=1.30
[aml] burst complete: 32 steps, avg loss 1.6720 (memory freed)
[dna] fire wrote 101 bytes to ecology
[dna] fire wrote 60 bytes to ecology
[dna] fire wrote 41 bytes to ecology
[dna] fire wrote 26 bytes to ecology
[dna] fire wrote 83 bytes to ecology
[dna] fire wrote 40 bytes to ecology
[dna] fire wrote 50 bytes to ecology
[dna] fire wrote 31 bytes to ecology
[dna] fire wrote 92 bytes to ecology
[dna] fire wrote 98 bytes to ecology
[dna] fire wrote 26 bytes to ecology
[dna] fire wrote 134 bytes to ecology
[dna] fire wrote 90 bytes to ecology
[dna] fire wrote 47 bytes to ecology
[dna] fire wrote 29 bytes to ecology
[dna] fire wrote 29 bytes to ecology
[debug-onto] tick=50 corpus=136840 stage=2 freeze=0
[dna] fire wrote 109 bytes to ecology
[dna] fire wrote 24 bytes to ecology
[dna] fire wrote 73 bytes to ecology
[dna] fire wrote 34 bytes to ecology
[dna] fire wrote 55 bytes to ecology
[dna] fire wrote 34 bytes to ecology
[dna] fire wrote 58 bytes to ecology
[dna] fire wrote 69 bytes to ecology
[dna] fire wrote 11 bytes to ecology
[dna] fire wrote 22 bytes to ecology
[dna] fire wrote 26 bytes to ecology
[dna] fire wrote 37 bytes to ecology
[dna] fire wrote 90 bytes to ecology
[dna] fire wrote 121 bytes to ecology
[dna] fire wrote 39 bytes to ecology
[dna] fire wrote 79 bytes to ecology
[dna] fire wrote 81 bytes to ecology
[debug-onto] tick=100 corpus=136840 stage=2 freeze=0
[dna] fire wrote 196 bytes to ecology
[dna] fire wrote 168 bytes to ecology
[dna] fire wrote 87 bytes to ecology
[dna] fire wrote 95 bytes to ecology
[dna] fire wrote 53 bytes to ecology
[dna] fire wrote 9 bytes to ecology
[dna] fire wrote 43 bytes to ecology
[dna] fire wrote 18 bytes to ecology
[dna] fire wrote 66 bytes to ecology
[dna] fire wrote 61 bytes to ecology
[dna] fire wrote 26 bytes to ecology
[dna] fire wrote 14 bytes to ecology
[dna] fire wrote 49 bytes to ecology
[dna] fire wrote 22 bytes to ecology
[dna] fire wrote 108 bytes to ecology
[dna] fire wrote 43 bytes to ecology
[debug-onto] tick=150 corpus=136840 stage=2 freeze=0
[dna] fire wrote 82 bytes to ecology
[dna] fire wrote 41 bytes to ecology
[dna] fire wrote 47 bytes to ecology
[dna] fire wrote 102 bytes to ecology
[dna] fire wrote 78 bytes to ecology
[dna] fire wrote 32 bytes to ecology
[dna] fire wrote 71 bytes to ecology
[dna] fire wrote 64 bytes to ecology
[dna] fire wrote 40 bytes to ecology
[dna] fire wrote 117 bytes to ecology
[dna] fire wrote 44 bytes to ecology
[dna] fire wrote 46 bytes to ecology
[dna] fire wrote 54 bytes to ecology
[dna] fire wrote 75 bytes to ecology
[dna] fire wrote 77 bytes to ecology
[dna] fire wrote 49 bytes to ecology
[dna] fire wrote 42 bytes to ecology
[debug-onto] tick=200 corpus=136840 stage=2 freeze=0
[dna] fire wrote 50 bytes to ecology
[dna] fire wrote 98 bytes to ecology
[dna] fire wrote 50 bytes to ecology
[dna] fire wrote 25 bytes to ecology
[dna] fire wrote 30 bytes to ecology
[dna] fire wrote 105 bytes to ecology
[dna] fire wrote 66 bytes to ecology
[dna] fire wrote 39 bytes to ecology
[dna] fire wrote 44 bytes to ecology
[dna] fire wrote 40 bytes to ecology
[dna] fire wrote 14 bytes to ecology
[dna] fire wrote 46 bytes to ecology
[dna] fire wrote 117 bytes to ecology
[dna] fire wrote 48 bytes to ecology
[dna] fire wrote 89 bytes to ecology
[dna] fire wrote 110 bytes to ecology
[dna] fire wrote 114 bytes to ecology
[debug-onto] tick=250 corpus=136840 stage=2 freeze=0
[dna] fire wrote 44 bytes to ecology
[dna] fire wrote 56 bytes to ecology
[dna] fire wrote 56 bytes to ecology
[dna] fire wrote 112 bytes to ecology
[dna] fire wrote 126 bytes to ecology
[dna] fire wrote 109 bytes to ecology
[dna] fire wrote 29 bytes to ecology
[dna] fire wrote 34 bytes to ecology
[dna] fire wrote 191 bytes to ecology
[dna] fire wrote 32 bytes to ecology
[dna] fire wrote 48 bytes to ecology
[dna] fire wrote 42 bytes to ecology
[dna] fire wrote 76 bytes to ecology
[dna] fire wrote 125 bytes to ecology
[dna] fire wrote 36 bytes to ecology
[dna] fire wrote 164 bytes to ecology
[debug-onto] tick=300 corpus=136840 stage=2 freeze=0
[dna] fire wrote 32 bytes to ecology
[dna] fire wrote 32 bytes to ecology
[dna] fire wrote 98 bytes to ecology
[dna] fire wrote 40 bytes to ecology
[dna] fire wrote 50 bytes to ecology
[dna] fire wrote 32 bytes to ecology
[dna] fire wrote 26 bytes to ecology
[dna] fire wrote 102 bytes to ecology
[dna] fire wrote 107 bytes to ecology
[dna] fire wrote 62 bytes to ecology
[dna] fire wrote 11 bytes to ecology
[dna] fire wrote 42 bytes to ecology
[dna] fire wrote 17 bytes to ecology
[dna] fire wrote 42 bytes to ecology
[dna] fire wrote 50 bytes to ecology
[dna] fire wrote 23 bytes to ecology
[dna] fire wrote 160 bytes to ecology
[debug-onto] tick=350 corpus=136840 stage=2 freeze=0
[dna] fire wrote 70 bytes to ecology
[dna] fire wrote 39 bytes to ecology
[dna] fire wrote 27 bytes to ecology
[dna] fire wrote 81 bytes to ecology
[dna] fire wrote 149 bytes to ecology
[dna] fire wrote 39 bytes to ecology
[dna] fire wrote 27 bytes to ecology
[dna] fire wrote 39 bytes to ecology
[dna] fire wrote 229 bytes to ecology
[dna] fire wrote 108 bytes to ecology
[dna] fire wrote 48 bytes to ecology
[dna] fire wrote 158 bytes to ecology
[dna] fire wrote 53 bytes to ecology
[dna] fire wrote 125 bytes to ecology
[dna] fire wrote 53 bytes to ecology
[dna] fire wrote 75 bytes to ecology
[dna] fire wrote 45 bytes to ecology
[debug-onto] tick=400 corpus=136840 stage=2 freeze=0
[dna] fire wrote 129 bytes to ecology
[dna] fire wrote 84 bytes to ecology
[dna] fire wrote 103 bytes to ecology
[dna] fire wrote 25 bytes to ecology
[dna] fire wrote 109 bytes to ecology
[dna] fire wrote 85 bytes to ecology
[dna] fire wrote 125 bytes to ecology
[dna] fire wrote 121 bytes to ecology
[dna] fire wrote 69 bytes to ecology
[dna] fire wrote 36 bytes to ecology
[dna] fire wrote 59 bytes to ecology
[dna] fire wrote 33 bytes to ecology
[dna] fire wrote 129 bytes to ecology
[dna] fire wrote 40 bytes to ecology
[dna] fire wrote 50 bytes to ecology
[dna] fire wrote 159 bytes to ecology
[debug-onto] tick=450 corpus=136840 stage=2 freeze=0
[dna] fire wrote 152 bytes to ecology
[dna] fire wrote 26 bytes to ecology
[dna] fire wrote 69 bytes to ecology
[dna] fire wrote 75 bytes to ecology
[dna] fire wrote 38 bytes to ecology
[dna] fire wrote 38 bytes to ecology
[dna] fire wrote 133 bytes to ecology
[dna] fire wrote 65 bytes to ecology
[dna] fire wrote 81 bytes to ecology
[dna] fire wrote 161 bytes to ecology
[dna] fire wrote 150 bytes to ecology
[dna] fire wrote 8 bytes to ecology
[dna] fire wrote 49 bytes to ecology
[dna] fire wrote 101 bytes to ecology
[dna] fire wrote 72 bytes to ecology
[dna] fire wrote 84 bytes to ecology
[dna] fire wrote 63 bytes to ecology
[debug-onto] tick=500 corpus=136840 stage=2 freeze=0
[dna] fire wrote 37 bytes to ecology
[dna] fire wrote 54 bytes to ecology
[dna] fire wrote 39 bytes to ecology
[dna] fire wrote 77 bytes to ecology
[dna] fire wrote 125 bytes to ecology
[dna] fire wrote 56 bytes to ecology
[dna] fire wrote 44 bytes to ecology
[dna] fire wrote 96 bytes to ecology
[dna] fire wrote 53 bytes to ecology
[dna] fire wrote 142 bytes to ecology
[dna] fire wrote 26 bytes to ecology
[dna] fire wrote 98 bytes to ecology
[dna] fire wrote 70 bytes to ecology
[dna] fire wrote 101 bytes to ecology
[dna] fire wrote 81 bytes to ecology
[dna] fire wrote 101 bytes to ecology
[dna] fire wrote 71 bytes to ecology
[debug-onto] tick=550 corpus=136840 stage=2 freeze=0
[dna] fire wrote 12 bytes to ecology
[dna] fire wrote 24 bytes to ecology
[dna] fire wrote 103 bytes to ecology
[dna] fire wrote 61 bytes to ecology
[dna] fire wrote 71 bytes to ecology
[dna] fire wrote 40 bytes to ecology
[dna] fire wrote 107 bytes to ecology
[dna] fire wrote 46 bytes to ecology
[dna] fire wrote 74 bytes to ecology
[dna] fire wrote 48 bytes to ecology
[dna] fire wrote 46 bytes to ecology
[dna] fire wrote 73 bytes to ecology
[dna] fire wrote 49 bytes to ecology
[dna] fire wrote 80 bytes to ecology
[dna] fire wrote 123 bytes to ecology
[dna] fire wrote 33 bytes to ecology
[debug-onto] tick=600 corpus=136840 stage=2 freeze=0
[dna] fire wrote 75 bytes to ecology
[dna] fire wrote 79 bytes to ecology
[dna] fire wrote 64 bytes to ecology
[dna] fire wrote 125 bytes to ecology
[dna] fire wrote 107 bytes to ecology
[dna] fire wrote 36 bytes to ecology
[dna] fire wrote 91 bytes to ecology
[dna] fire wrote 88 bytes to ecology
[dna] fire wrote 83 bytes to ecology
[dna] fire wrote 48 bytes to ecology
[dna] fire wrote 57 bytes to ecology
[dna] fire wrote 98 bytes to ecology
[dna] fire wrote 56 bytes to ecology
[dna] fire wrote 36 bytes to ecology
[dna] fire wrote 34 bytes to ecology
[dna] fire wrote 45 bytes to ecology
[dna] fire wrote 22 bytes to ecology
[debug-onto] tick=650 corpus=136840 stage=2 freeze=0
[dna] fire wrote 35 bytes to ecology
[dna] fire wrote 79 bytes to ecology
[dna] fire wrote 7 bytes to ecology
[dna] fire wrote 13 bytes to ecology
[dna] fire wrote 48 bytes to ecology
[dna] fire wrote 71 bytes to ecology
[dna] fire wrote 108 bytes to ecology
[dna] fire wrote 228 bytes to ecology
[dna] fire wrote 50 bytes to ecology
[dna] fire wrote 70 bytes to ecology
[dna] fire wrote 35 bytes to ecology
[dna] fire wrote 87 bytes to ecology

[evolution] Organism shutting down gracefully.
