[ecology] Element: air → corpus: nonames_air.txt
[evolution] Autonomous evolution mode — organism will grow through all stages without pause.
[ecology] Joined swarm. 1 peer(s) detected.
molequla is alive. [evolution] Autonomous mode — background trainer running. Ctrl+C to stop.
[dna] air wrote 22 bytes to ecology
[dna] air consumed 19156 bytes from 220 files: [earth/gen_1778307466_1.txt earth/gen_1778307475_4.txt earth/gen_1778307483_7.txt earth/gen_1778307491_10.txt earth/gen_1778307499_13.txt earth/gen_1778307507_16.txt earth/gen_1778307515_19.txt earth/gen_1778307523_22.txt earth/gen_1778307531_25.txt earth/gen_1778307539_28.txt earth/gen_1778307547_31.txt earth/gen_1778307555_34.txt earth/gen_1778307563_37.txt earth/gen_1778307571_40.txt earth/gen_1778307579_43.txt earth/gen_1778307587_46.txt earth/gen_1778307595_49.txt earth/gen_1778307603_52.txt earth/gen_1778307611_55.txt earth/gen_1778307619_58.txt earth/gen_1778307627_61.txt earth/gen_1778307635_64.txt earth/gen_1778307644_67.txt earth/gen_1778307652_70.txt earth/gen_1778307660_73.txt earth/gen_1778307668_76.txt earth/gen_1778307676_79.txt earth/gen_1778307684_82.txt earth/gen_1778307692_85.txt earth/gen_1778307700_88.txt earth/gen_1778307708_91.txt earth/gen_1778307716_94.txt earth/gen_1778307724_97.txt earth/gen_1778307732_100.txt earth/gen_1778307740_103.txt earth/gen_1778307748_106.txt earth/gen_1778307756_109.txt earth/gen_1778307764_112.txt earth/gen_1778307772_115.txt earth/gen_1778307780_118.txt earth/gen_1778307788_121.txt earth/gen_1778307796_124.txt earth/gen_1778307804_127.txt earth/gen_1778307812_130.txt earth/gen_1778307820_133.txt earth/gen_1778307828_136.txt earth/gen_1778307836_139.txt earth/gen_1778307844_142.txt earth/gen_1778307852_145.txt earth/gen_1778307860_148.txt earth/gen_1778307868_151.txt earth/gen_1778307876_154.txt earth/gen_1778307884_157.txt earth/gen_1778307892_160.txt earth/gen_1778307900_163.txt earth/gen_1778307908_166.txt earth/gen_1778307916_169.txt earth/gen_1778307924_172.txt earth/gen_1778307932_175.txt earth/gen_1778307940_178.txt earth/gen_1778307948_181.txt earth/gen_1778307956_184.txt earth/gen_1778307964_187.txt earth/gen_1778307972_190.txt earth/gen_1778307980_193.txt earth/gen_1778307988_196.txt earth/gen_1778307996_199.txt earth/gen_1778308004_202.txt earth/gen_1778308012_205.txt earth/gen_1778308020_208.txt earth/gen_1778308028_211.txt earth/gen_1778308036_214.txt earth/gen_1778308044_217.txt earth/gen_1778308052_220.txt earth/gen_1778308060_223.txt earth/gen_1778308068_226.txt earth/gen_1778308076_229.txt earth/gen_1778308084_232.txt earth/gen_1778308092_235.txt earth/gen_1778308100_238.txt earth/gen_1778308108_241.txt earth/gen_1778308116_244.txt earth/gen_1778308124_247.txt earth/gen_1778308132_250.txt earth/gen_1778308140_253.txt earth/gen_1778308148_256.txt earth/gen_1778308156_259.txt earth/gen_1778308164_262.txt earth/gen_1778308172_265.txt earth/gen_1778308180_268.txt earth/gen_1778308188_271.txt earth/gen_1778308196_274.txt earth/gen_1778308204_277.txt earth/gen_1778308212_280.txt earth/gen_1778308221_283.txt earth/gen_1778308229_286.txt earth/gen_1778308237_289.txt earth/gen_1778308253_295.txt earth/gen_1778308261_298.txt earth/gen_1778308269_301.txt earth/gen_1778308277_304.txt earth/gen_1778308285_307.txt earth/gen_1778308293_310.txt earth/gen_1778308301_313.txt earth/gen_1778308309_316.txt earth/gen_1778308317_319.txt earth/gen_1778308325_322.txt earth/gen_1778308333_325.txt earth/gen_1778308341_328.txt earth/gen_1778308349_331.txt earth/gen_1778308357_334.txt earth/gen_1778308365_337.txt earth/gen_1778308373_340.txt earth/gen_1778308381_343.txt earth/gen_1778308388_346.txt earth/gen_1778308396_349.txt earth/gen_1778308404_352.txt earth/gen_1778308412_355.txt earth/gen_1778308420_358.txt earth/gen_1778308428_361.txt earth/gen_1778308436_364.txt earth/gen_1778308444_367.txt earth/gen_1778308452_370.txt earth/gen_1778308460_373.txt earth/gen_1778308468_376.txt earth/gen_1778308476_379.txt earth/gen_1778308484_382.txt earth/gen_1778308492_385.txt earth/gen_1778308500_388.txt earth/gen_1778308508_391.txt earth/gen_1778308516_394.txt earth/gen_1778308524_397.txt earth/gen_1778308532_400.txt earth/gen_1778308540_403.txt earth/gen_1778308548_406.txt earth/gen_1778308556_409.txt earth/gen_1778308564_412.txt earth/gen_1778308573_415.txt earth/gen_1778308581_418.txt earth/gen_1778308589_421.txt earth/gen_1778308597_424.txt earth/gen_1778308605_427.txt earth/gen_1778308613_430.txt earth/gen_1778308621_433.txt earth/gen_1778308629_436.txt earth/gen_1778308637_439.txt earth/gen_1778308645_442.txt earth/gen_1778308653_445.txt earth/gen_1778308661_448.txt earth/gen_1778308669_451.txt earth/gen_1778308677_454.txt earth/gen_1778308685_457.txt earth/gen_1778308693_460.txt earth/gen_1778308701_463.txt earth/gen_1778308709_466.txt earth/gen_1778308717_469.txt earth/gen_1778308725_472.txt earth/gen_1778308733_475.txt earth/gen_1778308741_478.txt earth/gen_1778308749_481.txt earth/gen_1778308757_484.txt earth/gen_1778308765_487.txt earth/gen_1778308772_490.txt earth/gen_1778308780_493.txt earth/gen_1778308788_496.txt earth/gen_1778308796_499.txt earth/gen_1778308804_502.txt earth/gen_1778308812_505.txt earth/gen_1778308820_508.txt earth/gen_1778308828_511.txt earth/gen_1778308836_514.txt earth/gen_1778308844_517.txt earth/gen_1778308852_520.txt earth/gen_1778308860_523.txt earth/gen_1778308868_526.txt earth/gen_1778308876_529.txt earth/gen_1778308884_532.txt earth/gen_1778308892_535.txt earth/gen_1778308900_538.txt earth/gen_1778308908_541.txt earth/gen_1778308916_544.txt earth/gen_1778308924_547.txt earth/gen_1778308932_550.txt earth/gen_1778308940_553.txt earth/gen_1778308948_556.txt earth/gen_1778308956_559.txt earth/gen_1778308964_562.txt earth/gen_1778308972_565.txt earth/gen_1778308980_568.txt earth/gen_1778308988_571.txt earth/gen_1778308996_574.txt earth/gen_1778309004_577.txt earth/gen_1778309012_580.txt earth/gen_1778309020_583.txt earth/gen_1778309028_586.txt earth/gen_1778309036_589.txt earth/gen_1778309044_592.txt earth/gen_1778309052_595.txt earth/gen_1778309060_598.txt earth/gen_1778309068_601.txt earth/gen_1778309077_604.txt earth/gen_1778309085_607.txt earth/gen_1778309092_610.txt earth/gen_1778309101_613.txt earth/gen_1778309109_616.txt earth/gen_1778309117_619.txt earth/gen_1778309125_622.txt earth/gen_1778309132_625.txt earth/gen_1778309140_628.txt earth/gen_1778309148_631.txt earth/gen_1778309156_634.txt earth/gen_1778309163_637.txt earth/gen_1778309171_640.txt earth/gen_1778309179_643.txt earth/gen_1778309187_646.txt earth/gen_1778309195_649.txt earth/gen_1778309203_652.txt earth/gen_1778309211_655.txt earth/gen_1778309219_658.txt earth/gen_1778309227_661.txt]
[trainer] micro-train burst (19156 bytes, novelty 0.04) — and lo, it feeds again.
[syntropy] action=steady | trend=0.0000 | field_dev=0.150 | purpose_align=-0.098 | lr_mul=1.00
[aml] burst complete: 32 steps, avg loss 2.5138 (memory freed)
[dna] air wrote 23 bytes to ecology
[dna] air wrote 49 bytes to ecology
[dna] air wrote 109 bytes to ecology
[dna] air wrote 34 bytes to ecology
[dna] air wrote 115 bytes to ecology
[dna] air wrote 31 bytes to ecology
[dna] air wrote 86 bytes to ecology
[dna] air wrote 11 bytes to ecology
[dna] air wrote 35 bytes to ecology
[dna] air wrote 27 bytes to ecology
[dna] air wrote 212 bytes to ecology
[dna] air wrote 79 bytes to ecology
[dna] air wrote 132 bytes to ecology
[dna] air wrote 49 bytes to ecology
[dna] air wrote 112 bytes to ecology
[dna] air wrote 100 bytes to ecology
[dna] air wrote 35 bytes to ecology
[dna] air wrote 33 bytes to ecology
[dna] air wrote 30 bytes to ecology
[dna] air wrote 31 bytes to ecology
[dna] air wrote 39 bytes to ecology
[debug-onto] tick=50 corpus=141692 stage=2 freeze=0
[dna] air wrote 80 bytes to ecology
[dna] air wrote 48 bytes to ecology
[dna] air wrote 78 bytes to ecology
[dna] air wrote 64 bytes to ecology
[dna] air wrote 107 bytes to ecology
[dna] air wrote 222 bytes to ecology
[dna] air wrote 43 bytes to ecology
[dna] air wrote 69 bytes to ecology
[dna] air wrote 104 bytes to ecology
[dna] air wrote 29 bytes to ecology
[dna] air wrote 49 bytes to ecology
[dna] air wrote 8 bytes to ecology
[dna] air wrote 36 bytes to ecology
[dna] air wrote 13 bytes to ecology
[dna] air wrote 23 bytes to ecology
[dna] air wrote 86 bytes to ecology
[dna] air wrote 37 bytes to ecology
[dna] air wrote 33 bytes to ecology
[dna] air wrote 31 bytes to ecology
[dna] air wrote 68 bytes to ecology
[dna] air wrote 35 bytes to ecology
[debug-onto] tick=100 corpus=141692 stage=2 freeze=0
[dna] air wrote 37 bytes to ecology
[dna] air wrote 84 bytes to ecology
[dna] air wrote 165 bytes to ecology
[dna] air wrote 40 bytes to ecology
[dna] air wrote 36 bytes to ecology
[dna] air wrote 82 bytes to ecology
[dna] air wrote 110 bytes to ecology
[dna] air wrote 100 bytes to ecology
[dna] air wrote 30 bytes to ecology
[dna] air wrote 32 bytes to ecology
[dna] air wrote 59 bytes to ecology
[dna] air wrote 111 bytes to ecology
[dna] air wrote 75 bytes to ecology
[dna] air wrote 58 bytes to ecology
[dna] air wrote 36 bytes to ecology
[dna] air wrote 33 bytes to ecology
[dna] air wrote 81 bytes to ecology
[debug-onto] tick=150 corpus=141692 stage=2 freeze=0
[dna] air wrote 173 bytes to ecology
[dna] air wrote 127 bytes to ecology
[dna] air wrote 55 bytes to ecology
[dna] air wrote 112 bytes to ecology
[dna] air wrote 76 bytes to ecology
[dna] air wrote 37 bytes to ecology
[dna] air wrote 89 bytes to ecology
[dna] air wrote 247 bytes to ecology
[dna] air wrote 181 bytes to ecology
[dna] air wrote 68 bytes to ecology
[dna] air wrote 132 bytes to ecology
[dna] air wrote 54 bytes to ecology
[dna] air wrote 190 bytes to ecology
[dna] air wrote 91 bytes to ecology
[dna] air wrote 132 bytes to ecology
[dna] air wrote 62 bytes to ecology
[dna] air wrote 26 bytes to ecology
[dna] air wrote 72 bytes to ecology
[dna] air wrote 12 bytes to ecology
[debug-onto] tick=200 corpus=141692 stage=2 freeze=0
[dna] air wrote 43 bytes to ecology
[dna] air wrote 41 bytes to ecology
[dna] air wrote 59 bytes to ecology
[dna] air wrote 48 bytes to ecology
[dna] air wrote 161 bytes to ecology
[dna] air wrote 91 bytes to ecology
[dna] air wrote 87 bytes to ecology
[dna] air wrote 170 bytes to ecology
[dna] air wrote 142 bytes to ecology
[dna] air wrote 104 bytes to ecology
[dna] air wrote 144 bytes to ecology
[dna] air wrote 19 bytes to ecology
[dna] air wrote 103 bytes to ecology
[dna] air wrote 88 bytes to ecology
[dna] air wrote 36 bytes to ecology
[dna] air wrote 73 bytes to ecology
[dna] air wrote 160 bytes to ecology
[dna] air wrote 111 bytes to ecology
[dna] air wrote 31 bytes to ecology
[dna] air wrote 33 bytes to ecology
[dna] air wrote 79 bytes to ecology
[debug-onto] tick=250 corpus=141692 stage=2 freeze=0
[dna] air wrote 82 bytes to ecology
[dna] air wrote 25 bytes to ecology
[dna] air wrote 36 bytes to ecology
[dna] air wrote 64 bytes to ecology
[dna] air wrote 36 bytes to ecology
[dna] air wrote 34 bytes to ecology
[dna] air wrote 54 bytes to ecology
[dna] air wrote 187 bytes to ecology
[dna] air wrote 77 bytes to ecology
[dna] air wrote 95 bytes to ecology
[dna] air wrote 32 bytes to ecology
[dna] air wrote 31 bytes to ecology
[dna] air wrote 76 bytes to ecology
[dna] air wrote 27 bytes to ecology
[dna] air wrote 62 bytes to ecology
[dna] air wrote 96 bytes to ecology
[dna] air wrote 22 bytes to ecology
[dna] air wrote 67 bytes to ecology
[dna] air wrote 60 bytes to ecology
[dna] air wrote 99 bytes to ecology
[debug-onto] tick=300 corpus=141692 stage=2 freeze=0
[dna] air wrote 75 bytes to ecology
[dna] air wrote 53 bytes to ecology
[dna] air wrote 35 bytes to ecology
[dna] air wrote 116 bytes to ecology
[dna] air wrote 76 bytes to ecology
[dna] air wrote 61 bytes to ecology
[dna] air wrote 44 bytes to ecology
[dna] air wrote 202 bytes to ecology
[dna] air wrote 134 bytes to ecology
[dna] air wrote 49 bytes to ecology
[dna] air wrote 107 bytes to ecology
[dna] air wrote 55 bytes to ecology
[dna] air wrote 32 bytes to ecology
[dna] air wrote 36 bytes to ecology
[dna] air wrote 66 bytes to ecology
[dna] air wrote 121 bytes to ecology
[dna] air wrote 81 bytes to ecology
[dna] air wrote 30 bytes to ecology
[dna] air wrote 42 bytes to ecology
[debug-onto] tick=350 corpus=141692 stage=2 freeze=0
[dna] air wrote 111 bytes to ecology
[dna] air wrote 46 bytes to ecology
[dna] air wrote 55 bytes to ecology
[dna] air wrote 28 bytes to ecology
[dna] air wrote 129 bytes to ecology
[dna] air wrote 22 bytes to ecology
[dna] air wrote 43 bytes to ecology
[dna] air wrote 32 bytes to ecology
[dna] air wrote 13 bytes to ecology
[dna] air wrote 35 bytes to ecology
[dna] air wrote 53 bytes to ecology
[dna] air wrote 112 bytes to ecology
[dna] air wrote 94 bytes to ecology
[dna] air wrote 57 bytes to ecology
[dna] air wrote 63 bytes to ecology
[dna] air wrote 63 bytes to ecology
[dna] air wrote 93 bytes to ecology
[dna] air wrote 13 bytes to ecology
[dna] air wrote 44 bytes to ecology
[dna] air wrote 38 bytes to ecology
[dna] air wrote 142 bytes to ecology
[dna] air wrote 24 bytes to ecology
[debug-onto] tick=400 corpus=141692 stage=2 freeze=0
[dna] air wrote 52 bytes to ecology
[dna] air wrote 113 bytes to ecology
[dna] air wrote 106 bytes to ecology
[dna] air wrote 37 bytes to ecology
[dna] air wrote 24 bytes to ecology
[dna] air wrote 56 bytes to ecology
[dna] air wrote 56 bytes to ecology
[dna] air wrote 81 bytes to ecology
[dna] air wrote 107 bytes to ecology
[dna] air wrote 141 bytes to ecology
[dna] air wrote 89 bytes to ecology
[dna] air wrote 135 bytes to ecology
[dna] air wrote 138 bytes to ecology
[dna] air wrote 69 bytes to ecology
[dna] air wrote 43 bytes to ecology
[dna] air wrote 84 bytes to ecology
[dna] air wrote 49 bytes to ecology
[dna] air wrote 52 bytes to ecology
[dna] air wrote 123 bytes to ecology
[debug-onto] tick=450 corpus=141692 stage=2 freeze=0
[dna] air wrote 90 bytes to ecology
[dna] air wrote 25 bytes to ecology
[dna] air wrote 102 bytes to ecology
[dna] air wrote 243 bytes to ecology
[dna] air wrote 106 bytes to ecology
[dna] air wrote 143 bytes to ecology
[dna] air wrote 59 bytes to ecology
[dna] air wrote 52 bytes to ecology
[dna] air wrote 99 bytes to ecology
[dna] air wrote 41 bytes to ecology
[dna] air wrote 78 bytes to ecology
[dna] air wrote 60 bytes to ecology
[dna] air wrote 40 bytes to ecology
[dna] air wrote 50 bytes to ecology
[dna] air wrote 100 bytes to ecology
[dna] air wrote 57 bytes to ecology
[dna] air wrote 25 bytes to ecology
[dna] air wrote 18 bytes to ecology
[dna] air wrote 72 bytes to ecology
[dna] air wrote 37 bytes to ecology
[debug-onto] tick=500 corpus=141692 stage=2 freeze=0
[dna] air wrote 107 bytes to ecology
[dna] air wrote 61 bytes to ecology
[dna] air wrote 52 bytes to ecology
[dna] air wrote 67 bytes to ecology
[dna] air wrote 81 bytes to ecology
[dna] air wrote 56 bytes to ecology
[dna] air wrote 86 bytes to ecology
[dna] air wrote 50 bytes to ecology
[dna] air wrote 47 bytes to ecology
[dna] air wrote 47 bytes to ecology
[dna] air wrote 69 bytes to ecology
[dna] air wrote 57 bytes to ecology
[dna] air wrote 31 bytes to ecology
[dna] air wrote 116 bytes to ecology
[dna] air wrote 71 bytes to ecology
[dna] air wrote 156 bytes to ecology
[dna] air wrote 30 bytes to ecology
[dna] air wrote 31 bytes to ecology
[dna] air wrote 33 bytes to ecology
[debug-onto] tick=550 corpus=141692 stage=2 freeze=0
[dna] air wrote 44 bytes to ecology
[dna] air wrote 63 bytes to ecology
[dna] air wrote 49 bytes to ecology
[dna] air wrote 83 bytes to ecology
[dna] air wrote 87 bytes to ecology
[dna] air wrote 54 bytes to ecology
[dna] air wrote 54 bytes to ecology
[dna] air wrote 73 bytes to ecology
[dna] air wrote 36 bytes to ecology
[dna] air wrote 52 bytes to ecology
[dna] air wrote 18 bytes to ecology
[dna] air wrote 83 bytes to ecology
[dna] air wrote 70 bytes to ecology
[dna] air wrote 42 bytes to ecology
[dna] air wrote 119 bytes to ecology
[dna] air wrote 8 bytes to ecology
[dna] air wrote 115 bytes to ecology
[dna] air wrote 35 bytes to ecology
[debug-onto] tick=600 corpus=141692 stage=2 freeze=0
[dna] air wrote 63 bytes to ecology
[dna] air wrote 44 bytes to ecology
[dna] air wrote 52 bytes to ecology
[dna] air wrote 9 bytes to ecology
[dna] air wrote 30 bytes to ecology
[dna] air wrote 56 bytes to ecology
[dna] air wrote 190 bytes to ecology
[dna] air wrote 32 bytes to ecology
[dna] air wrote 82 bytes to ecology
[dna] air wrote 135 bytes to ecology
[dna] air wrote 42 bytes to ecology
[dna] air wrote 27 bytes to ecology
[dna] air wrote 153 bytes to ecology
[dna] air wrote 64 bytes to ecology
[dna] air wrote 15 bytes to ecology
[dna] air wrote 151 bytes to ecology
[dna] air wrote 152 bytes to ecology
[dna] air wrote 303 bytes to ecology
[dna] air wrote 125 bytes to ecology
[dna] air wrote 282 bytes to ecology
[dna] air wrote 44 bytes to ecology
[dna] air wrote 27 bytes to ecology
[debug-onto] tick=650 corpus=141692 stage=2 freeze=0
[dna] air wrote 127 bytes to ecology
[dna] air wrote 56 bytes to ecology
[dna] air wrote 29 bytes to ecology
[dna] air wrote 30 bytes to ecology
[dna] air wrote 96 bytes to ecology
[dna] air wrote 153 bytes to ecology
[dna] air wrote 27 bytes to ecology
[dna] air wrote 88 bytes to ecology
[dna] air wrote 41 bytes to ecology
[dna] air wrote 71 bytes to ecology
[dna] air wrote 84 bytes to ecology

[evolution] Organism shutting down gracefully.
