[ecology] Element: earth → corpus: nonames_earth.txt
[evolution] Autonomous evolution mode — organism will grow through all stages without pause.
[init] Stage 0 (embryo): embd=16, layer=1, head=1 — warmup 400 steps (400 backprop + 0 notorch, sqrt-scaled 1x)
  [aml] step 0/160 | loss 6.6100 (avg 6.6100) | lr 0.001000 | seq 8
  [aml] step 10/160 | loss 6.1687 (avg 6.4146) | lr 0.001450 | seq 8
  [aml] step 20/160 | loss 6.2041 (avg 6.2909) | lr 0.001900 | seq 8
  [aml] step 30/160 | loss 5.7260 (avg 6.1924) | lr 0.002350 | seq 8
  [aml] step 40/160 | loss 5.4113 (avg 6.0745) | lr 0.002800 | seq 8
  [aml] step 50/160 | loss 4.6600 (avg 5.9119) | lr 0.003250 | seq 8
  [aml] step 60/160 | loss 4.8719 (avg 5.7509) | lr 0.003700 | seq 8
  [aml] step 70/160 | loss 5.2990 (avg 5.6381) | lr 0.004150 | seq 8
  [aml] step 80/160 | loss 2.9979 (avg 5.5098) | lr 0.004600 | seq 8
  [aml] step 90/160 | loss 4.2445 (avg 5.3702) | lr 0.005050 | seq 8
  [aml] step 100/160 | loss 4.9585 (avg 5.2889) | lr 0.005500 | seq 8
  [aml] step 110/160 | loss 5.4642 (avg 5.1578) | lr 0.005950 | seq 8
  [aml] step 120/160 | loss 3.8145 (avg 5.0903) | lr 0.006400 | seq 8
  [aml] step 130/160 | loss 5.9705 (avg 5.0561) | lr 0.006850 | seq 8
  [aml] step 140/160 | loss 2.9381 (avg 5.0098) | lr 0.007300 | seq 8
  [aml] step 150/160 | loss 2.7874 (avg 4.9813) | lr 0.007750 | seq 8
[aml] training complete: 160 steps, avg loss 4.9369 (memory freed)
  [aml] step 0/120 | loss 4.8069 (avg 4.8069) | lr 0.008200 | seq 16
  [aml] step 10/120 | loss 4.4384 (avg 4.4953) | lr 0.008650 | seq 16
  [aml] step 20/120 | loss 3.4895 (avg 4.4926) | lr 0.009100 | seq 16
  [aml] step 30/120 | loss 3.5956 (avg 4.2847) | lr 0.009550 | seq 16
  [aml] step 40/120 | loss 3.3860 (avg 4.2925) | lr 0.010000 | seq 16
  [aml] step 50/120 | loss 3.1420 (avg 4.2731) | lr 0.010000 | seq 16
  [aml] step 60/120 | loss 4.0645 (avg 4.2781) | lr 0.010000 | seq 16
  [aml] step 70/120 | loss 4.1887 (avg 4.1990) | lr 0.010000 | seq 16
  [aml] step 80/120 | loss 4.9118 (avg 4.1512) | lr 0.009999 | seq 16
  [aml] step 90/120 | loss 4.6808 (avg 4.0549) | lr 0.009999 | seq 16
  [aml] step 100/120 | loss 3.9607 (avg 4.0024) | lr 0.009999 | seq 16
  [aml] step 110/120 | loss 4.9849 (avg 3.9235) | lr 0.009999 | seq 16
[aml] training complete: 120 steps, avg loss 3.9310 (memory freed)
  [aml] step 0/120 | loss 2.9040 (avg 2.9040) | lr 0.009999 | seq 32
  [aml] step 10/120 | loss 4.8817 (avg 3.9504) | lr 0.009999 | seq 32
  [aml] step 20/120 | loss 4.4399 (avg 3.8098) | lr 0.009999 | seq 32
  [aml] step 30/120 | loss 3.9190 (avg 3.5438) | lr 0.009999 | seq 32
  [aml] step 40/120 | loss 3.9403 (avg 3.4855) | lr 0.009999 | seq 32
  [aml] step 50/120 | loss 4.0205 (avg 3.4529) | lr 0.009999 | seq 32
  [aml] step 60/120 | loss 2.7996 (avg 3.3865) | lr 0.009999 | seq 32
  [aml] step 70/120 | loss 1.4081 (avg 3.3614) | lr 0.009999 | seq 32
  [aml] step 80/120 | loss 4.5114 (avg 3.3555) | lr 0.009999 | seq 32
  [aml] step 90/120 | loss 1.6648 (avg 3.3091) | lr 0.009999 | seq 32
  [aml] step 100/120 | loss 0.8728 (avg 3.3127) | lr 0.009999 | seq 32
  [aml] step 110/120 | loss 0.9368 (avg 3.1898) | lr 0.009999 | seq 32
[aml] training complete: 120 steps, avg loss 3.0921 (memory freed)

[stage 0 — embryo] What it sounds like now:
  Q: Hello.
  A: The dark polarizing material down by encycle polis
  Q: Who are you?
  A: are hor destro??
  Q: What do you know?
  A: cone of the valve more human easure construction?

[growth] ONTOGENESIS: stage 0 -> 1
  embd: 16 -> 32, layer: 1 -> 1, head: 1 -> 2
[growth] Done. Freeze for 500 steps.
[init] Stage 1 (infant): embd=32, layer=1, head=2 — warmup 800 steps (800 backprop + 0 notorch, sqrt-scaled 2x)
  [aml] step 0/320 | loss 0.4763 (avg 0.4763) | lr 0.000500 | seq 8
  [aml] step 10/320 | loss 7.4075 (avg 5.0052) | lr 0.000725 | seq 8
  [aml] step 20/320 | loss 4.5833 (avg 4.1513) | lr 0.000950 | seq 8
  [aml] step 30/320 | loss 3.5767 (avg 3.8474) | lr 0.001175 | seq 8
  [aml] step 40/320 | loss 3.6620 (avg 4.0384) | lr 0.001400 | seq 8
  [aml] step 50/320 | loss 4.8233 (avg 3.9928) | lr 0.001625 | seq 8
  [aml] step 60/320 | loss 6.5135 (avg 4.1125) | lr 0.001850 | seq 8
  [aml] step 70/320 | loss 5.1483 (avg 4.1135) | lr 0.002075 | seq 8
  [aml] step 80/320 | loss 5.4990 (avg 4.1619) | lr 0.002300 | seq 8
  [aml] step 90/320 | loss 2.4109 (avg 4.1974) | lr 0.002525 | seq 8
  [aml] step 100/320 | loss 4.8378 (avg 4.1310) | lr 0.002750 | seq 8
  [aml] step 110/320 | loss 5.0993 (avg 4.0857) | lr 0.002975 | seq 8
  [aml] step 120/320 | loss 3.5681 (avg 4.0190) | lr 0.003200 | seq 8
  [aml] step 130/320 | loss 3.2351 (avg 3.9954) | lr 0.003425 | seq 8
  [aml] step 140/320 | loss 4.7585 (avg 4.0370) | lr 0.003650 | seq 8
  [aml] step 150/320 | loss 2.8474 (avg 4.0120) | lr 0.003875 | seq 8
  [aml] step 160/320 | loss 4.6011 (avg 4.0219) | lr 0.004100 | seq 8
  [aml] step 170/320 | loss 4.9075 (avg 3.9998) | lr 0.004325 | seq 8
  [aml] step 180/320 | loss 5.0518 (avg 3.9656) | lr 0.004550 | seq 8
  [aml] step 190/320 | loss 1.3275 (avg 3.9162) | lr 0.004775 | seq 8
  [aml] step 200/320 | loss 3.7789 (avg 3.9168) | lr 0.004998 | seq 8
  [aml] step 210/320 | loss 4.5073 (avg 3.9299) | lr 0.004998 | seq 8
  [aml] step 220/320 | loss 0.9870 (avg 3.9041) | lr 0.004998 | seq 8
  [aml] step 230/320 | loss 5.5431 (avg 3.8939) | lr 0.004998 | seq 8
  [aml] step 240/320 | loss 1.1154 (avg 3.8776) | lr 0.004998 | seq 8
  [aml] step 250/320 | loss 4.3837 (avg 3.8816) | lr 0.004998 | seq 8
  [aml] step 260/320 | loss 4.1066 (avg 3.8502) | lr 0.004998 | seq 8
  [aml] step 270/320 | loss 3.0409 (avg 3.8161) | lr 0.004998 | seq 8
  [aml] step 280/320 | loss 2.6676 (avg 3.8134) | lr 0.004998 | seq 8
  [aml] step 290/320 | loss 1.1480 (avg 3.7822) | lr 0.004998 | seq 8
  [aml] step 300/320 | loss 3.8105 (avg 3.7854) | lr 0.004998 | seq 8
  [aml] step 310/320 | loss 4.7421 (avg 3.7789) | lr 0.004998 | seq 8
[aml] training complete: 320 steps, avg loss 3.7799 (memory freed)
  [aml] step 0/240 | loss 2.3954 (avg 2.3954) | lr 0.004998 | seq 16
  [aml] step 10/240 | loss 4.3168 (avg 3.7311) | lr 0.004998 | seq 16
  [aml] step 20/240 | loss 5.1576 (avg 3.7481) | lr 0.004998 | seq 16
  [aml] step 30/240 | loss 2.3206 (avg 3.6905) | lr 0.004998 | seq 16
  [aml] step 40/240 | loss 5.0963 (avg 3.5874) | lr 0.004997 | seq 16
  [aml] step 50/240 | loss 3.1098 (avg 3.5070) | lr 0.004997 | seq 16
  [aml] step 60/240 | loss 3.4795 (avg 3.4564) | lr 0.004997 | seq 16
  [aml] step 70/240 | loss 4.6420 (avg 3.4005) | lr 0.004997 | seq 16
  [aml] step 80/240 | loss 4.1141 (avg 3.3833) | lr 0.004997 | seq 16
  [aml] step 90/240 | loss 3.4496 (avg 3.3634) | lr 0.004997 | seq 16
  [aml] step 100/240 | loss 2.4634 (avg 3.3436) | lr 0.004997 | seq 16
  [aml] step 110/240 | loss 1.9186 (avg 3.2997) | lr 0.004997 | seq 16
  [aml] step 120/240 | loss 3.2832 (avg 3.2674) | lr 0.004997 | seq 16
  [aml] step 130/240 | loss 2.9770 (avg 3.2443) | lr 0.004997 | seq 16
  [aml] step 140/240 | loss 4.1451 (avg 3.2215) | lr 0.004997 | seq 16
  [aml] step 150/240 | loss 1.5656 (avg 3.2398) | lr 0.004997 | seq 16
  [aml] step 160/240 | loss 2.2983 (avg 3.2162) | lr 0.004997 | seq 16
  [aml] step 170/240 | loss 3.7079 (avg 3.2350) | lr 0.004996 | seq 16
  [aml] step 180/240 | loss 2.4109 (avg 3.2377) | lr 0.004996 | seq 16
  [aml] step 190/240 | loss 1.1920 (avg 3.2411) | lr 0.004996 | seq 16
  [aml] step 200/240 | loss 4.4400 (avg 3.2534) | lr 0.004996 | seq 16
  [aml] step 210/240 | loss 3.9161 (avg 3.2589) | lr 0.004996 | seq 16
  [aml] step 220/240 | loss 3.5495 (avg 3.2693) | lr 0.004996 | seq 16
  [aml] step 230/240 | loss 4.6414 (avg 3.2805) | lr 0.004996 | seq 16
[aml] training complete: 240 steps, avg loss 3.3070 (memory freed)
  [aml] step 0/240 | loss 0.9775 (avg 0.9775) | lr 0.004996 | seq 32
  [aml] step 10/240 | loss 1.4795 (avg 2.2695) | lr 0.004996 | seq 32
  [aml] step 20/240 | loss 1.3505 (avg 2.2055) | lr 0.004996 | seq 32
  [aml] step 30/240 | loss 1.1093 (avg 2.6549) | lr 0.004996 | seq 32
  [aml] step 40/240 | loss 4.2435 (avg 2.9020) | lr 0.004996 | seq 32
  [aml] step 50/240 | loss 0.7581 (avg 2.9250) | lr 0.004995 | seq 32
  [aml] step 60/240 | loss 4.5341 (avg 3.0079) | lr 0.004995 | seq 32
  [aml] step 70/240 | loss 4.0822 (avg 2.9105) | lr 0.004995 | seq 32
  [aml] step 80/240 | loss 4.3107 (avg 2.9699) | lr 0.004995 | seq 32
  [aml] step 90/240 | loss 3.7899 (avg 2.9650) | lr 0.004995 | seq 32
  [aml] step 100/240 | loss 3.7603 (avg 3.0353) | lr 0.004995 | seq 32
  [aml] step 110/240 | loss 1.1008 (avg 2.9691) | lr 0.004995 | seq 32
  [aml] step 120/240 | loss 1.5873 (avg 2.9282) | lr 0.004995 | seq 32
  [aml] step 130/240 | loss 3.9746 (avg 2.9317) | lr 0.004995 | seq 32
  [aml] step 140/240 | loss 3.6934 (avg 2.9108) | lr 0.004995 | seq 32
  [aml] step 150/240 | loss 4.1387 (avg 2.9024) | lr 0.004995 | seq 32
  [aml] step 160/240 | loss 1.0504 (avg 2.8816) | lr 0.004994 | seq 32
  [aml] step 170/240 | loss 3.1659 (avg 2.8674) | lr 0.004994 | seq 32
  [aml] step 180/240 | loss 3.5469 (avg 2.8668) | lr 0.004994 | seq 32
  [aml] step 190/240 | loss 1.7943 (avg 2.8341) | lr 0.004994 | seq 32
  [aml] step 200/240 | loss 3.5851 (avg 2.8207) | lr 0.004994 | seq 32
  [aml] step 210/240 | loss 0.6814 (avg 2.7759) | lr 0.004994 | seq 32
  [aml] step 220/240 | loss 4.1516 (avg 2.7970) | lr 0.004994 | seq 32
  [aml] step 230/240 | loss 0.8714 (avg 2.7752) | lr 0.004994 | seq 32
[aml] training complete: 240 steps, avg loss 2.7485 (memory freed)

[stage 1 — infant] What it sounds like now:
  Q: Hello.
  A: The binds what dark and A cut a con crystal forces that drawn mineral that h requencies Consolidity?
  Q: Who are you?
  A: ...
  Q: What do you know?
  A: ...

[growth] ONTOGENESIS: stage 1 -> 2
  embd: 32 -> 64, layer: 1 -> 2, head: 2 -> 4
[growth] Done. Freeze for 500 steps.
[init] Stage 2 (child): embd=64, layer=2, head=4 — warmup 800 steps (800 backprop + 0 notorch, sqrt-scaled 2x)
  [aml] step 0/320 | loss 0.5495 (avg 0.5495) | lr 0.000250 | seq 8
  [aml] step 10/320 | loss 3.2641 (avg 3.1344) | lr 0.000363 | seq 8
  [aml] step 20/320 | loss 3.4398 (avg 3.5643) | lr 0.000475 | seq 8
  [aml] step 30/320 | loss 2.7395 (avg 3.4561) | lr 0.000588 | seq 8
  [aml] step 40/320 | loss 1.6901 (avg 3.3570) | lr 0.000700 | seq 8
  [aml] step 50/320 | loss 0.0691 (avg 3.3375) | lr 0.000813 | seq 8
  [aml] step 60/320 | loss 4.7361 (avg 3.3271) | lr 0.000925 | seq 8
  [aml] step 70/320 | loss 4.9075 (avg 3.3506) | lr 0.001038 | seq 8
  [aml] step 80/320 | loss 0.8315 (avg 3.3414) | lr 0.001150 | seq 8
  [aml] step 90/320 | loss 2.0747 (avg 3.3435) | lr 0.001263 | seq 8
  [aml] step 100/320 | loss 4.3229 (avg 3.3718) | lr 0.001375 | seq 8
  [aml] step 110/320 | loss 3.7205 (avg 3.3439) | lr 0.001488 | seq 8
  [aml] step 120/320 | loss 4.0004 (avg 3.3318) | lr 0.001600 | seq 8
  [aml] step 130/320 | loss 0.1017 (avg 3.3163) | lr 0.001713 | seq 8
  [aml] step 140/320 | loss 4.5405 (avg 3.3306) | lr 0.001825 | seq 8
  [aml] step 150/320 | loss 2.7342 (avg 3.3158) | lr 0.001938 | seq 8
  [aml] step 160/320 | loss 3.6899 (avg 3.3445) | lr 0.002050 | seq 8
  [aml] step 170/320 | loss 2.2398 (avg 3.3104) | lr 0.002163 | seq 8
  [aml] step 180/320 | loss 5.3836 (avg 3.3015) | lr 0.002275 | seq 8
  [aml] step 190/320 | loss 4.5510 (avg 3.2825) | lr 0.002387 | seq 8
  [aml] step 200/320 | loss 0.7419 (avg 3.3212) | lr 0.002496 | seq 8
  [aml] step 210/320 | loss 5.7951 (avg 3.3421) | lr 0.002496 | seq 8
  [aml] step 220/320 | loss 2.0352 (avg 3.3446) | lr 0.002496 | seq 8
  [aml] step 230/320 | loss 3.4138 (avg 3.3317) | lr 0.002495 | seq 8
  [aml] step 240/320 | loss 4.7065 (avg 3.3270) | lr 0.002495 | seq 8
  [aml] step 250/320 | loss 3.5168 (avg 3.3225) | lr 0.002495 | seq 8
  [aml] step 260/320 | loss 3.0734 (avg 3.3167) | lr 0.002495 | seq 8
  [aml] step 270/320 | loss 3.7911 (avg 3.3313) | lr 0.002495 | seq 8
  [aml] step 280/320 | loss 1.4780 (avg 3.3265) | lr 0.002495 | seq 8
  [aml] step 290/320 | loss 4.1242 (avg 3.3188) | lr 0.002495 | seq 8
  [aml] step 300/320 | loss 4.1737 (avg 3.3207) | lr 0.002495 | seq 8
  [aml] step 310/320 | loss 0.3029 (avg 3.2965) | lr 0.002495 | seq 8
[aml] training complete: 320 steps, avg loss 3.3104 (memory freed)
  [aml] step 0/240 | loss 1.7516 (avg 1.7516) | lr 0.002495 | seq 16
  [aml] step 10/240 | loss 3.5842 (avg 3.8461) | lr 0.002495 | seq 16
  [aml] step 20/240 | loss 4.2697 (avg 3.6436) | lr 0.002495 | seq 16
  [aml] step 30/240 | loss 4.9559 (avg 3.6477) | lr 0.002495 | seq 16
  [aml] step 40/240 | loss 4.5799 (avg 3.5217) | lr 0.002495 | seq 16
  [aml] step 50/240 | loss 3.7678 (avg 3.5375) | lr 0.002495 | seq 16
  [aml] step 60/240 | loss 2.6878 (avg 3.5028) | lr 0.002494 | seq 16
  [aml] step 70/240 | loss 3.3161 (avg 3.2524) | lr 0.002494 | seq 16
  [aml] step 80/240 | loss 4.4377 (avg 3.2579) | lr 0.002494 | seq 16
  [aml] step 90/240 | loss 3.0546 (avg 3.3202) | lr 0.002494 | seq 16
  [aml] step 100/240 | loss 5.1225 (avg 3.2865) | lr 0.002494 | seq 16
  [aml] step 110/240 | loss 4.2192 (avg 3.2166) | lr 0.002494 | seq 16
  [aml] step 120/240 | loss 2.7524 (avg 3.2161) | lr 0.002494 | seq 16
  [aml] step 130/240 | loss 2.3421 (avg 3.1906) | lr 0.002494 | seq 16
  [aml] step 140/240 | loss 4.0280 (avg 3.2163) | lr 0.002494 | seq 16
  [aml] step 150/240 | loss 4.3828 (avg 3.2674) | lr 0.002494 | seq 16
  [aml] step 160/240 | loss 4.2259 (avg 3.2864) | lr 0.002494 | seq 16
  [aml] step 170/240 | loss 1.7919 (avg 3.2697) | lr 0.002494 | seq 16
  [aml] step 180/240 | loss 1.5010 (avg 3.2193) | lr 0.002494 | seq 16
  [aml] step 190/240 | loss 4.8809 (avg 3.2071) | lr 0.002494 | seq 16
  [aml] step 200/240 | loss 1.0601 (avg 3.1929) | lr 0.002493 | seq 16
  [aml] step 210/240 | loss 1.0946 (avg 3.1625) | lr 0.002493 | seq 16
  [aml] step 220/240 | loss 1.6935 (avg 3.1217) | lr 0.002493 | seq 16
  [aml] step 230/240 | loss 4.7199 (avg 3.1322) | lr 0.002493 | seq 16
[aml] training complete: 240 steps, avg loss 3.1460 (memory freed)
  [aml] step 0/240 | loss 5.1232 (avg 5.1232) | lr 0.002493 | seq 32
  [aml] step 10/240 | loss 1.2420 (avg 2.6623) | lr 0.002493 | seq 32
  [aml] step 20/240 | loss 4.4127 (avg 2.6736) | lr 0.002493 | seq 32
  [aml] step 30/240 | loss 3.8127 (avg 2.6149) | lr 0.002493 | seq 32
  [aml] step 40/240 | loss 4.4460 (avg 2.3827) | lr 0.002493 | seq 32
  [aml] step 50/240 | loss 3.8837 (avg 2.3591) | lr 0.002493 | seq 32
  [aml] step 60/240 | loss 1.7118 (avg 2.4402) | lr 0.002493 | seq 32
  [aml] step 70/240 | loss 0.5468 (avg 2.3872) | lr 0.002493 | seq 32
  [aml] step 80/240 | loss 1.1499 (avg 2.3578) | lr 0.002492 | seq 32
  [aml] step 90/240 | loss 3.9571 (avg 2.3893) | lr 0.002492 | seq 32
  [aml] step 100/240 | loss 1.3732 (avg 2.4095) | lr 0.002492 | seq 32
  [aml] step 110/240 | loss 0.9725 (avg 2.3555) | lr 0.002492 | seq 32
  [aml] step 120/240 | loss 0.8755 (avg 2.4093) | lr 0.002492 | seq 32
  [aml] step 130/240 | loss 3.7003 (avg 2.4628) | lr 0.002492 | seq 32
  [aml] step 140/240 | loss 3.9671 (avg 2.5155) | lr 0.002492 | seq 32
  [aml] step 150/240 | loss 0.7167 (avg 2.5248) | lr 0.002492 | seq 32
  [aml] step 160/240 | loss 0.5771 (avg 2.5062) | lr 0.002492 | seq 32
  [aml] step 170/240 | loss 0.7770 (avg 2.5131) | lr 0.002492 | seq 32
  [aml] step 180/240 | loss 0.8868 (avg 2.5290) | lr 0.002492 | seq 32
  [aml] step 190/240 | loss 0.3533 (avg 2.5607) | lr 0.002492 | seq 32
  [aml] step 200/240 | loss 0.6934 (avg 2.5688) | lr 0.002491 | seq 32
  [aml] step 210/240 | loss 0.9124 (avg 2.5685) | lr 0.002491 | seq 32
  [aml] step 220/240 | loss 4.3502 (avg 2.5538) | lr 0.002491 | seq 32
  [aml] step 230/240 | loss 1.3856 (avg 2.5636) | lr 0.002491 | seq 32
[aml] training complete: 240 steps, avg loss 2.5820 (memory freed)

[stage 2 — child] What it sounds like now:
  Q: Hello.
  A: A block metry. TheyH: on comp is a p ste — it.
  Q: Who are you?
  A: ...
  Q: What do you know?
  A: ...

[init] Warmup complete at stage 2. Organism ready.
[ecology] First organism in the swarm.
molequla is alive. [evolution] Autonomous mode — background trainer running. Ctrl+C to stop.
[dna] earth wrote 104 bytes to ecology
[dna] earth wrote 115 bytes to ecology
[dna] earth wrote 32 bytes to ecology
[dna] earth wrote 218 bytes to ecology
[dna] earth wrote 159 bytes to ecology
[dna] earth wrote 87 bytes to ecology
[dna] earth wrote 122 bytes to ecology
[dna] earth wrote 99 bytes to ecology
[dna] earth wrote 190 bytes to ecology
[dna] earth wrote 45 bytes to ecology
[dna] earth wrote 31 bytes to ecology
[dna] earth wrote 105 bytes to ecology
[dna] earth wrote 99 bytes to ecology
[dna] earth wrote 145 bytes to ecology
[dna] earth wrote 153 bytes to ecology
[dna] earth wrote 50 bytes to ecology
[dna] earth wrote 97 bytes to ecology
[debug-onto] tick=50 corpus=173643 stage=2 freeze=0
[dna] earth wrote 88 bytes to ecology
[dna] earth wrote 314 bytes to ecology
[dna] earth wrote 60 bytes to ecology
[dna] earth wrote 43 bytes to ecology
[dna] earth wrote 103 bytes to ecology
[dna] earth wrote 187 bytes to ecology
[dna] earth wrote 46 bytes to ecology
[dna] earth wrote 77 bytes to ecology
[dna] earth wrote 55 bytes to ecology
[dna] earth wrote 168 bytes to ecology
[dna] earth wrote 26 bytes to ecology
[dna] earth wrote 151 bytes to ecology
[dna] earth wrote 46 bytes to ecology
[dna] earth wrote 46 bytes to ecology
[dna] earth wrote 27 bytes to ecology
[dna] earth wrote 59 bytes to ecology
[dna] earth wrote 22 bytes to ecology
[debug-onto] tick=100 corpus=173643 stage=2 freeze=0
[dna] earth wrote 81 bytes to ecology
[dna] earth wrote 77 bytes to ecology
[dna] earth wrote 150 bytes to ecology
[dna] earth wrote 59 bytes to ecology
[dna] earth wrote 64 bytes to ecology
[dna] earth wrote 74 bytes to ecology
[dna] earth wrote 240 bytes to ecology
[dna] earth wrote 65 bytes to ecology
[dna] earth wrote 11 bytes to ecology
[dna] earth wrote 22 bytes to ecology
[dna] earth wrote 115 bytes to ecology
[dna] earth wrote 14 bytes to ecology
[dna] earth wrote 36 bytes to ecology
[dna] earth wrote 44 bytes to ecology
[dna] earth wrote 11 bytes to ecology
[dna] earth wrote 158 bytes to ecology
[debug-onto] tick=150 corpus=173643 stage=2 freeze=0
[dna] earth wrote 67 bytes to ecology
[dna] earth wrote 55 bytes to ecology
[dna] earth wrote 78 bytes to ecology
[dna] earth wrote 82 bytes to ecology
[dna] earth wrote 49 bytes to ecology
[dna] earth wrote 64 bytes to ecology
[dna] earth wrote 63 bytes to ecology
[dna] earth wrote 136 bytes to ecology
[dna] earth wrote 66 bytes to ecology
[dna] earth wrote 66 bytes to ecology
[dna] earth wrote 225 bytes to ecology
[dna] earth wrote 80 bytes to ecology
[dna] earth wrote 89 bytes to ecology
[dna] earth wrote 60 bytes to ecology
[dna] earth wrote 62 bytes to ecology
[dna] earth wrote 76 bytes to ecology
[dna] earth wrote 67 bytes to ecology
[debug-onto] tick=200 corpus=173643 stage=2 freeze=0
[dna] earth wrote 38 bytes to ecology
[dna] earth wrote 42 bytes to ecology
[dna] earth wrote 30 bytes to ecology
[dna] earth wrote 83 bytes to ecology
[dna] earth wrote 24 bytes to ecology
[dna] earth wrote 118 bytes to ecology
[dna] earth wrote 56 bytes to ecology
[dna] earth wrote 48 bytes to ecology
[dna] earth wrote 87 bytes to ecology
[dna] earth wrote 42 bytes to ecology
[dna] earth wrote 54 bytes to ecology
[dna] earth wrote 182 bytes to ecology
[dna] earth wrote 57 bytes to ecology
[dna] earth wrote 47 bytes to ecology
[dna] earth wrote 221 bytes to ecology
[dna] earth wrote 39 bytes to ecology
[dna] earth wrote 45 bytes to ecology
[debug-onto] tick=250 corpus=173643 stage=2 freeze=0
[dna] earth wrote 42 bytes to ecology
[dna] earth wrote 155 bytes to ecology
[dna] earth wrote 19 bytes to ecology
[dna] earth wrote 56 bytes to ecology
[dna] earth wrote 68 bytes to ecology
[dna] earth wrote 37 bytes to ecology
[dna] earth wrote 128 bytes to ecology
[dna] earth wrote 132 bytes to ecology
[dna] earth wrote 231 bytes to ecology
[dna] earth wrote 137 bytes to ecology
[dna] earth wrote 70 bytes to ecology
[dna] earth wrote 92 bytes to ecology
[dna] earth wrote 128 bytes to ecology
[dna] earth wrote 8 bytes to ecology
[dna] earth wrote 18 bytes to ecology
[dna] earth wrote 168 bytes to ecology
[debug-onto] tick=300 corpus=173643 stage=2 freeze=0
[dna] earth wrote 55 bytes to ecology
[dna] earth wrote 103 bytes to ecology
[dna] earth wrote 109 bytes to ecology
[dna] earth wrote 185 bytes to ecology
[dna] earth wrote 67 bytes to ecology
[dna] earth wrote 46 bytes to ecology
[dna] earth wrote 54 bytes to ecology
[dna] earth wrote 187 bytes to ecology
[dna] earth wrote 39 bytes to ecology
[dna] earth wrote 41 bytes to ecology
[dna] earth wrote 49 bytes to ecology
[dna] earth wrote 34 bytes to ecology
[dna] earth wrote 177 bytes to ecology
[dna] earth wrote 90 bytes to ecology
[dna] earth wrote 43 bytes to ecology
[dna] earth wrote 106 bytes to ecology
[dna] earth wrote 117 bytes to ecology
[debug-onto] tick=350 corpus=173643 stage=2 freeze=0
[dna] earth wrote 25 bytes to ecology
[dna] earth wrote 137 bytes to ecology
[dna] earth wrote 21 bytes to ecology
[dna] earth wrote 86 bytes to ecology
[dna] earth wrote 48 bytes to ecology
[dna] earth wrote 91 bytes to ecology
[dna] earth wrote 74 bytes to ecology
[dna] earth wrote 41 bytes to ecology
[dna] earth wrote 82 bytes to ecology
[dna] earth wrote 165 bytes to ecology
[dna] earth wrote 74 bytes to ecology
[dna] earth wrote 73 bytes to ecology
[dna] earth wrote 76 bytes to ecology
[dna] earth wrote 168 bytes to ecology
[dna] earth wrote 58 bytes to ecology
[dna] earth wrote 117 bytes to ecology
[dna] earth wrote 41 bytes to ecology
[debug-onto] tick=400 corpus=173643 stage=2 freeze=0
[dna] earth wrote 78 bytes to ecology
[dna] earth wrote 51 bytes to ecology
[dna] earth wrote 47 bytes to ecology
[dna] earth wrote 100 bytes to ecology
[dna] earth wrote 91 bytes to ecology
[dna] earth wrote 177 bytes to ecology
[dna] earth wrote 118 bytes to ecology
[dna] earth wrote 169 bytes to ecology
[dna] earth wrote 233 bytes to ecology
[dna] earth wrote 60 bytes to ecology
[dna] earth wrote 42 bytes to ecology
[dna] earth wrote 37 bytes to ecology
[dna] earth wrote 102 bytes to ecology
[dna] earth wrote 114 bytes to ecology
[dna] earth wrote 85 bytes to ecology
[dna] earth wrote 16 bytes to ecology
[debug-onto] tick=450 corpus=173643 stage=2 freeze=0
[dna] earth wrote 157 bytes to ecology
[dna] earth wrote 42 bytes to ecology
[dna] earth wrote 235 bytes to ecology
[dna] earth wrote 248 bytes to ecology
[dna] earth wrote 88 bytes to ecology
[dna] earth wrote 105 bytes to ecology
[dna] earth wrote 82 bytes to ecology
[dna] earth wrote 34 bytes to ecology
[dna] earth wrote 35 bytes to ecology
[dna] earth wrote 61 bytes to ecology
[dna] earth wrote 171 bytes to ecology
[dna] earth wrote 141 bytes to ecology
[dna] earth wrote 110 bytes to ecology
[dna] earth wrote 46 bytes to ecology
[dna] earth wrote 74 bytes to ecology
[dna] earth wrote 56 bytes to ecology
[dna] earth wrote 34 bytes to ecology
[debug-onto] tick=500 corpus=173643 stage=2 freeze=0
[dna] earth wrote 251 bytes to ecology
[dna] earth wrote 36 bytes to ecology
[dna] earth wrote 75 bytes to ecology
[dna] earth wrote 67 bytes to ecology
[dna] earth wrote 112 bytes to ecology
[dna] earth wrote 72 bytes to ecology
[dna] earth wrote 58 bytes to ecology
[dna] earth wrote 17 bytes to ecology
[dna] earth wrote 96 bytes to ecology
[dna] earth wrote 34 bytes to ecology
[dna] earth wrote 170 bytes to ecology
[dna] earth wrote 197 bytes to ecology
[dna] earth wrote 63 bytes to ecology
[dna] earth wrote 57 bytes to ecology
[dna] earth wrote 100 bytes to ecology
[dna] earth wrote 28 bytes to ecology
[dna] earth wrote 84 bytes to ecology
[debug-onto] tick=550 corpus=173643 stage=2 freeze=0
[dna] earth wrote 43 bytes to ecology
[dna] earth wrote 37 bytes to ecology
[dna] earth wrote 107 bytes to ecology
[dna] earth wrote 52 bytes to ecology
[dna] earth wrote 112 bytes to ecology
[dna] earth wrote 47 bytes to ecology
[dna] earth wrote 84 bytes to ecology
[dna] earth wrote 119 bytes to ecology
[dna] earth wrote 118 bytes to ecology
[dna] earth wrote 143 bytes to ecology
[dna] earth wrote 32 bytes to ecology
[dna] earth wrote 49 bytes to ecology
[dna] earth wrote 55 bytes to ecology
[dna] earth wrote 21 bytes to ecology
[dna] earth wrote 64 bytes to ecology
[dna] earth wrote 107 bytes to ecology
[debug-onto] tick=600 corpus=173643 stage=2 freeze=0
[dna] earth wrote 60 bytes to ecology
[dna] earth wrote 106 bytes to ecology
[dna] earth wrote 95 bytes to ecology
[dna] earth wrote 94 bytes to ecology
[dna] earth wrote 105 bytes to ecology
[dna] earth wrote 96 bytes to ecology
[dna] earth wrote 39 bytes to ecology
[dna] earth wrote 50 bytes to ecology
[dna] earth wrote 141 bytes to ecology
[dna] earth wrote 52 bytes to ecology
[dna] earth wrote 140 bytes to ecology
[dna] earth wrote 43 bytes to ecology
[dna] earth wrote 38 bytes to ecology
[dna] earth wrote 68 bytes to ecology
[dna] earth wrote 91 bytes to ecology
[dna] earth wrote 209 bytes to ecology
[dna] earth wrote 37 bytes to ecology
[debug-onto] tick=650 corpus=173643 stage=2 freeze=0
[dna] earth wrote 31 bytes to ecology
[dna] earth wrote 36 bytes to ecology
[dna] earth wrote 55 bytes to ecology
[dna] earth wrote 76 bytes to ecology

[evolution] Organism shutting down gracefully.
