[ecology] Element: fire → corpus: nonames_fire.txt
[evolution] Autonomous evolution mode — organism will grow through all stages without pause.
[ecology] Joined swarm. 1 peer(s) detected.
molequla is alive. [evolution] Autonomous mode — background trainer running. Ctrl+C to stop.
[dna] fire wrote 65 bytes to ecology
[dna] fire consumed 13938 bytes from 205 files: [water/gen_1778311039_1.txt water/gen_1778311056_4.txt water/gen_1778311065_7.txt water/gen_1778311074_10.txt water/gen_1778311083_13.txt water/gen_1778311091_16.txt water/gen_1778311100_19.txt water/gen_1778311109_22.txt water/gen_1778311118_25.txt water/gen_1778311127_28.txt water/gen_1778311136_31.txt water/gen_1778311144_34.txt water/gen_1778311153_37.txt water/gen_1778311162_40.txt water/gen_1778311171_43.txt water/gen_1778311179_46.txt water/gen_1778311188_49.txt water/gen_1778311197_52.txt water/gen_1778311206_55.txt water/gen_1778311214_58.txt water/gen_1778311223_61.txt water/gen_1778311232_64.txt water/gen_1778311241_67.txt water/gen_1778311250_70.txt water/gen_1778311259_73.txt water/gen_1778311267_76.txt water/gen_1778311276_79.txt water/gen_1778311285_82.txt water/gen_1778311294_85.txt water/gen_1778311303_88.txt water/gen_1778311311_91.txt water/gen_1778311320_94.txt water/gen_1778311329_97.txt water/gen_1778311338_100.txt water/gen_1778311347_103.txt water/gen_1778311355_106.txt water/gen_1778311364_109.txt water/gen_1778311373_112.txt water/gen_1778311382_115.txt water/gen_1778311390_118.txt water/gen_1778311399_121.txt water/gen_1778311408_124.txt water/gen_1778311417_127.txt water/gen_1778311425_130.txt water/gen_1778311434_133.txt water/gen_1778311443_136.txt water/gen_1778311452_139.txt water/gen_1778311460_142.txt water/gen_1778311469_145.txt water/gen_1778311478_148.txt water/gen_1778311486_151.txt water/gen_1778311495_154.txt water/gen_1778311504_157.txt water/gen_1778311513_160.txt water/gen_1778311521_163.txt water/gen_1778311530_166.txt water/gen_1778311539_169.txt water/gen_1778311548_172.txt water/gen_1778311556_175.txt water/gen_1778311565_178.txt water/gen_1778311574_181.txt water/gen_1778311583_184.txt water/gen_1778311592_187.txt water/gen_1778311600_190.txt water/gen_1778311609_193.txt water/gen_1778311618_196.txt water/gen_1778311627_199.txt water/gen_1778311636_202.txt water/gen_1778311644_205.txt water/gen_1778311653_208.txt water/gen_1778311662_211.txt water/gen_1778311671_214.txt water/gen_1778311680_217.txt water/gen_1778311688_220.txt water/gen_1778311697_223.txt water/gen_1778311706_226.txt water/gen_1778311715_229.txt water/gen_1778311723_232.txt water/gen_1778311732_235.txt water/gen_1778311741_238.txt water/gen_1778311750_241.txt water/gen_1778311759_244.txt water/gen_1778311767_247.txt water/gen_1778311776_250.txt water/gen_1778311785_253.txt water/gen_1778311794_256.txt water/gen_1778311803_259.txt water/gen_1778311812_262.txt water/gen_1778311820_265.txt water/gen_1778311829_268.txt water/gen_1778311838_271.txt water/gen_1778311846_274.txt water/gen_1778311855_277.txt water/gen_1778311864_280.txt water/gen_1778311873_283.txt water/gen_1778311882_286.txt water/gen_1778311890_289.txt water/gen_1778311899_292.txt water/gen_1778311908_295.txt water/gen_1778311917_298.txt water/gen_1778311925_301.txt water/gen_1778311934_304.txt water/gen_1778311943_307.txt water/gen_1778311952_310.txt water/gen_1778311960_313.txt water/gen_1778311969_316.txt water/gen_1778311978_319.txt water/gen_1778311987_322.txt water/gen_1778311995_325.txt water/gen_1778312004_328.txt water/gen_1778312013_331.txt water/gen_1778312022_334.txt water/gen_1778312030_337.txt water/gen_1778312039_340.txt water/gen_1778312048_343.txt water/gen_1778312057_346.txt water/gen_1778312065_349.txt water/gen_1778312074_352.txt water/gen_1778312083_355.txt water/gen_1778312091_358.txt water/gen_1778312100_361.txt water/gen_1778312109_364.txt water/gen_1778312117_367.txt water/gen_1778312126_370.txt water/gen_1778312135_373.txt water/gen_1778312144_376.txt water/gen_1778312152_379.txt water/gen_1778312161_382.txt water/gen_1778312170_385.txt water/gen_1778312179_388.txt water/gen_1778312187_391.txt water/gen_1778312196_394.txt water/gen_1778312205_397.txt water/gen_1778312214_400.txt water/gen_1778312223_403.txt water/gen_1778312231_406.txt water/gen_1778312240_409.txt water/gen_1778312249_412.txt water/gen_1778312258_415.txt water/gen_1778312267_418.txt water/gen_1778312276_421.txt water/gen_1778312284_424.txt water/gen_1778312293_427.txt water/gen_1778312302_430.txt water/gen_1778312311_433.txt water/gen_1778312319_436.txt water/gen_1778312328_439.txt water/gen_1778312337_442.txt water/gen_1778312345_445.txt water/gen_1778312354_448.txt water/gen_1778312363_451.txt water/gen_1778312372_454.txt water/gen_1778312380_457.txt water/gen_1778312389_460.txt water/gen_1778312398_463.txt water/gen_1778312407_466.txt water/gen_1778312415_469.txt water/gen_1778312424_472.txt water/gen_1778312433_475.txt water/gen_1778312442_478.txt water/gen_1778312450_481.txt water/gen_1778312459_484.txt water/gen_1778312468_487.txt water/gen_1778312477_490.txt water/gen_1778312485_493.txt water/gen_1778312494_496.txt water/gen_1778312503_499.txt water/gen_1778312512_502.txt water/gen_1778312521_505.txt water/gen_1778312529_508.txt water/gen_1778312538_511.txt water/gen_1778312547_514.txt water/gen_1778312556_517.txt water/gen_1778312564_520.txt water/gen_1778312573_523.txt water/gen_1778312582_526.txt water/gen_1778312590_529.txt water/gen_1778312599_532.txt water/gen_1778312608_535.txt water/gen_1778312617_538.txt water/gen_1778312625_541.txt water/gen_1778312634_544.txt water/gen_1778312643_547.txt water/gen_1778312651_550.txt water/gen_1778312660_553.txt water/gen_1778312669_556.txt water/gen_1778312678_559.txt water/gen_1778312686_562.txt water/gen_1778312695_565.txt water/gen_1778312704_568.txt water/gen_1778312712_571.txt water/gen_1778312721_574.txt water/gen_1778312730_577.txt water/gen_1778312738_580.txt water/gen_1778312747_583.txt water/gen_1778312756_586.txt water/gen_1778312764_589.txt water/gen_1778312773_592.txt water/gen_1778312782_595.txt water/gen_1778312790_598.txt water/gen_1778312799_601.txt water/gen_1778312808_604.txt water/gen_1778312817_607.txt water/gen_1778312825_610.txt water/gen_1778312834_613.txt]
[trainer] micro-train burst (13938 bytes, novelty 0.05) — and lo, it feeds again.
[syntropy] action=explore | trend=0.0000 | field_dev=-0.045 | purpose_align=-0.103 | lr_mul=1.30
[aml] burst complete: 32 steps, avg loss 1.7398 (memory freed)
[trainer] growing new delta module (total: 2) — new soul appended.
[dna] fire wrote 17 bytes to ecology
[dna] fire wrote 13 bytes to ecology
[dna] fire wrote 123 bytes to ecology
[dna] fire wrote 44 bytes to ecology
[dna] fire wrote 96 bytes to ecology
[dna] fire wrote 45 bytes to ecology
[dna] fire wrote 8 bytes to ecology
[dna] fire wrote 9 bytes to ecology
[dna] fire wrote 46 bytes to ecology
[dna] fire wrote 61 bytes to ecology
[dna] fire wrote 54 bytes to ecology
[dna] fire wrote 45 bytes to ecology
[dna] fire wrote 25 bytes to ecology
[dna] fire wrote 180 bytes to ecology
[dna] fire wrote 55 bytes to ecology
[dna] fire wrote 36 bytes to ecology
[dna] fire wrote 92 bytes to ecology
[dna] fire wrote 45 bytes to ecology
[dna] fire wrote 20 bytes to ecology
[dna] fire wrote 55 bytes to ecology
[dna] fire wrote 61 bytes to ecology
[dna] fire wrote 104 bytes to ecology
[dna] fire wrote 95 bytes to ecology
[debug-onto] tick=50 corpus=136043 stage=2 freeze=0
[dna] fire wrote 150 bytes to ecology
[dna] fire wrote 75 bytes to ecology
[dna] fire wrote 31 bytes to ecology
[dna] fire wrote 34 bytes to ecology
[dna] fire wrote 69 bytes to ecology
[dna] fire wrote 42 bytes to ecology
[dna] fire wrote 24 bytes to ecology
[dna] fire wrote 68 bytes to ecology
[dna] fire wrote 75 bytes to ecology
[dna] fire wrote 103 bytes to ecology
[dna] fire wrote 60 bytes to ecology
[dna] fire wrote 86 bytes to ecology
[dna] fire wrote 135 bytes to ecology
[dna] fire wrote 40 bytes to ecology
[dna] fire wrote 54 bytes to ecology
[dna] fire wrote 76 bytes to ecology
[dna] fire wrote 33 bytes to ecology
[dna] fire wrote 23 bytes to ecology
[dna] fire wrote 51 bytes to ecology
[dna] fire wrote 7 bytes to ecology
[dna] fire wrote 148 bytes to ecology
[dna] fire wrote 70 bytes to ecology
[dna] fire wrote 19 bytes to ecology
[debug-onto] tick=100 corpus=136043 stage=2 freeze=0
[dna] fire wrote 41 bytes to ecology
[dna] fire wrote 71 bytes to ecology
[dna] fire wrote 162 bytes to ecology
[dna] fire wrote 16 bytes to ecology
[dna] fire wrote 40 bytes to ecology
[dna] fire wrote 59 bytes to ecology
[dna] fire wrote 51 bytes to ecology
[dna] fire wrote 82 bytes to ecology
[dna] fire wrote 20 bytes to ecology
[dna] fire wrote 32 bytes to ecology
[dna] fire wrote 106 bytes to ecology
[dna] fire wrote 75 bytes to ecology
[dna] fire wrote 58 bytes to ecology
[dna] fire wrote 69 bytes to ecology
[dna] fire wrote 35 bytes to ecology
[dna] fire wrote 74 bytes to ecology
[dna] fire wrote 22 bytes to ecology
[dna] fire wrote 68 bytes to ecology
[dna] fire wrote 93 bytes to ecology
[dna] fire wrote 10 bytes to ecology
[dna] fire wrote 144 bytes to ecology
[dna] fire wrote 66 bytes to ecology
[dna] fire wrote 59 bytes to ecology
[debug-onto] tick=150 corpus=136043 stage=2 freeze=0
[dna] fire wrote 62 bytes to ecology
[dna] fire wrote 31 bytes to ecology
[dna] fire wrote 34 bytes to ecology
[dna] fire wrote 50 bytes to ecology
[dna] fire wrote 94 bytes to ecology
[dna] fire wrote 78 bytes to ecology
[dna] fire wrote 46 bytes to ecology
[dna] fire wrote 39 bytes to ecology
[dna] fire wrote 68 bytes to ecology
[dna] fire wrote 30 bytes to ecology
[dna] fire wrote 57 bytes to ecology
[dna] fire wrote 44 bytes to ecology
[dna] fire wrote 95 bytes to ecology
[dna] fire wrote 16 bytes to ecology
[dna] fire wrote 131 bytes to ecology
[dna] fire wrote 56 bytes to ecology
[dna] fire wrote 27 bytes to ecology
[dna] fire wrote 36 bytes to ecology
[dna] fire wrote 95 bytes to ecology
[dna] fire wrote 100 bytes to ecology
[dna] fire wrote 8 bytes to ecology
[dna] fire wrote 132 bytes to ecology
[dna] fire wrote 74 bytes to ecology
[debug-onto] tick=200 corpus=136043 stage=2 freeze=0
[dna] fire wrote 106 bytes to ecology
[dna] fire wrote 73 bytes to ecology
[dna] fire wrote 147 bytes to ecology
[dna] fire wrote 123 bytes to ecology
[dna] fire wrote 12 bytes to ecology
[dna] fire wrote 24 bytes to ecology
[dna] fire wrote 78 bytes to ecology
[dna] fire wrote 83 bytes to ecology
[dna] fire wrote 90 bytes to ecology
[dna] fire wrote 6 bytes to ecology
[dna] fire wrote 57 bytes to ecology
[dna] fire wrote 39 bytes to ecology
[dna] fire wrote 9 bytes to ecology
[dna] fire wrote 24 bytes to ecology
[dna] fire wrote 27 bytes to ecology
[dna] fire wrote 100 bytes to ecology
[dna] fire wrote 26 bytes to ecology
[dna] fire wrote 25 bytes to ecology
[dna] fire wrote 75 bytes to ecology
[dna] fire wrote 30 bytes to ecology
[dna] fire wrote 12 bytes to ecology
[dna] fire wrote 48 bytes to ecology
[debug-onto] tick=250 corpus=136043 stage=2 freeze=0
[dna] fire wrote 113 bytes to ecology
[dna] fire wrote 90 bytes to ecology
[dna] fire wrote 35 bytes to ecology
[dna] fire wrote 66 bytes to ecology
[dna] fire wrote 35 bytes to ecology
[dna] fire wrote 30 bytes to ecology
[dna] fire wrote 20 bytes to ecology
[dna] fire wrote 48 bytes to ecology
[dna] fire wrote 68 bytes to ecology
[dna] fire wrote 11 bytes to ecology
[dna] fire wrote 55 bytes to ecology
[dna] fire wrote 34 bytes to ecology
[dna] fire wrote 53 bytes to ecology
[dna] fire wrote 35 bytes to ecology
[dna] fire wrote 76 bytes to ecology
[dna] fire wrote 14 bytes to ecology
[dna] fire wrote 13 bytes to ecology
[dna] fire wrote 39 bytes to ecology
[dna] fire wrote 42 bytes to ecology
[dna] fire wrote 32 bytes to ecology
[dna] fire wrote 87 bytes to ecology
[dna] fire wrote 46 bytes to ecology
[dna] fire wrote 138 bytes to ecology
[dna] fire wrote 69 bytes to ecology
[debug-onto] tick=300 corpus=136043 stage=2 freeze=0
[dna] fire wrote 35 bytes to ecology
[dna] fire wrote 17 bytes to ecology
[dna] fire wrote 85 bytes to ecology
[dna] fire wrote 37 bytes to ecology
[dna] fire wrote 16 bytes to ecology
[dna] fire wrote 12 bytes to ecology
[dna] fire wrote 48 bytes to ecology
[dna] fire wrote 49 bytes to ecology
[dna] fire wrote 27 bytes to ecology
[dna] fire wrote 116 bytes to ecology
[dna] fire wrote 72 bytes to ecology
[dna] fire wrote 29 bytes to ecology
[dna] fire wrote 91 bytes to ecology
[dna] fire wrote 175 bytes to ecology
[dna] fire wrote 36 bytes to ecology
[dna] fire wrote 29 bytes to ecology
[dna] fire wrote 32 bytes to ecology
[dna] fire wrote 117 bytes to ecology
[dna] fire wrote 48 bytes to ecology
[dna] fire wrote 109 bytes to ecology
[dna] fire wrote 105 bytes to ecology
[dna] fire wrote 35 bytes to ecology
[dna] fire wrote 80 bytes to ecology
[debug-onto] tick=350 corpus=136043 stage=2 freeze=0
[dna] fire wrote 90 bytes to ecology
[dna] fire wrote 94 bytes to ecology
[dna] fire wrote 46 bytes to ecology
[dna] fire wrote 31 bytes to ecology
[dna] fire wrote 51 bytes to ecology
[dna] fire wrote 138 bytes to ecology
[dna] fire wrote 8 bytes to ecology
[dna] fire wrote 86 bytes to ecology
[dna] fire wrote 55 bytes to ecology
[dna] fire wrote 82 bytes to ecology
[dna] fire wrote 64 bytes to ecology
[dna] fire wrote 32 bytes to ecology
[dna] fire wrote 132 bytes to ecology
[dna] fire wrote 11 bytes to ecology
[dna] fire wrote 62 bytes to ecology
[dna] fire wrote 66 bytes to ecology
[dna] fire wrote 33 bytes to ecology
[dna] fire wrote 77 bytes to ecology
[dna] fire wrote 43 bytes to ecology
[dna] fire wrote 66 bytes to ecology
[dna] fire wrote 79 bytes to ecology
[debug-onto] tick=400 corpus=136043 stage=2 freeze=0
[dna] fire wrote 44 bytes to ecology
[dna] fire wrote 70 bytes to ecology
[dna] fire wrote 48 bytes to ecology
[dna] fire wrote 24 bytes to ecology
[dna] fire wrote 21 bytes to ecology
[dna] fire wrote 36 bytes to ecology
[dna] fire wrote 51 bytes to ecology
[dna] fire wrote 24 bytes to ecology
[dna] fire wrote 106 bytes to ecology
[dna] fire wrote 20 bytes to ecology
[dna] fire wrote 64 bytes to ecology
[dna] fire wrote 10 bytes to ecology
[dna] fire wrote 69 bytes to ecology
[dna] fire wrote 68 bytes to ecology
[dna] fire wrote 95 bytes to ecology
[dna] fire wrote 93 bytes to ecology
[dna] fire wrote 40 bytes to ecology
[dna] fire wrote 144 bytes to ecology
[dna] fire wrote 16 bytes to ecology
[dna] fire wrote 27 bytes to ecology
[dna] fire wrote 127 bytes to ecology
[dna] fire wrote 73 bytes to ecology
[dna] fire wrote 90 bytes to ecology
[debug-onto] tick=450 corpus=136043 stage=2 freeze=0
[dna] fire wrote 61 bytes to ecology
[dna] fire wrote 64 bytes to ecology
[dna] fire wrote 41 bytes to ecology
[dna] fire wrote 44 bytes to ecology
[dna] fire wrote 9 bytes to ecology
[dna] fire wrote 17 bytes to ecology
[dna] fire wrote 136 bytes to ecology
[dna] fire wrote 50 bytes to ecology
[dna] fire wrote 86 bytes to ecology
[dna] fire wrote 77 bytes to ecology
[dna] fire wrote 6 bytes to ecology
[dna] fire wrote 69 bytes to ecology
[dna] fire wrote 67 bytes to ecology
[dna] fire wrote 63 bytes to ecology
[dna] fire wrote 38 bytes to ecology
[dna] fire wrote 36 bytes to ecology
[dna] fire wrote 78 bytes to ecology
[dna] fire wrote 172 bytes to ecology
[dna] fire wrote 86 bytes to ecology
[dna] fire wrote 86 bytes to ecology
[dna] fire wrote 47 bytes to ecology
[dna] fire wrote 89 bytes to ecology
[dna] fire wrote 34 bytes to ecology
[debug-onto] tick=500 corpus=136043 stage=2 freeze=0
[dna] fire wrote 47 bytes to ecology
[dna] fire wrote 137 bytes to ecology
[dna] fire wrote 51 bytes to ecology
[dna] fire wrote 93 bytes to ecology
[dna] fire wrote 24 bytes to ecology
[dna] fire wrote 36 bytes to ecology
[dna] fire wrote 26 bytes to ecology
[dna] fire wrote 86 bytes to ecology
[dna] fire wrote 52 bytes to ecology
[dna] fire wrote 68 bytes to ecology
[dna] fire wrote 81 bytes to ecology
[dna] fire wrote 26 bytes to ecology
[dna] fire wrote 62 bytes to ecology
[dna] fire wrote 94 bytes to ecology
[dna] fire wrote 56 bytes to ecology
[dna] fire wrote 66 bytes to ecology
[dna] fire wrote 36 bytes to ecology
[dna] fire wrote 44 bytes to ecology
[dna] fire wrote 47 bytes to ecology
[dna] fire wrote 83 bytes to ecology
[dna] fire wrote 18 bytes to ecology
[dna] fire wrote 49 bytes to ecology
[dna] fire wrote 61 bytes to ecology
[debug-onto] tick=550 corpus=136043 stage=2 freeze=0
[dna] fire wrote 84 bytes to ecology
[dna] fire wrote 127 bytes to ecology
[dna] fire wrote 98 bytes to ecology
[dna] fire wrote 97 bytes to ecology
[dna] fire wrote 45 bytes to ecology
[dna] fire wrote 123 bytes to ecology
[dna] fire wrote 14 bytes to ecology
[dna] fire wrote 80 bytes to ecology
[dna] fire wrote 59 bytes to ecology
[dna] fire wrote 37 bytes to ecology
[dna] fire wrote 74 bytes to ecology
[dna] fire wrote 10 bytes to ecology
[dna] fire wrote 92 bytes to ecology
[dna] fire wrote 129 bytes to ecology
[dna] fire wrote 49 bytes to ecology
[dna] fire wrote 27 bytes to ecology
[dna] fire wrote 84 bytes to ecology
[dna] fire wrote 84 bytes to ecology
[dna] fire wrote 43 bytes to ecology
[dna] fire wrote 40 bytes to ecology
[dna] fire wrote 144 bytes to ecology
[dna] fire wrote 15 bytes to ecology
[dna] fire wrote 88 bytes to ecology
[debug-onto] tick=600 corpus=136043 stage=2 freeze=0
[dna] fire wrote 22 bytes to ecology
[dna] fire wrote 40 bytes to ecology
[dna] fire wrote 149 bytes to ecology
[dna] fire wrote 52 bytes to ecology
[dna] fire wrote 29 bytes to ecology
[dna] fire wrote 70 bytes to ecology
[dna] fire wrote 161 bytes to ecology
[dna] fire wrote 46 bytes to ecology
[dna] fire wrote 126 bytes to ecology
[dna] fire wrote 12 bytes to ecology
[dna] fire wrote 14 bytes to ecology
[dna] fire wrote 31 bytes to ecology
[dna] fire wrote 75 bytes to ecology
[dna] fire wrote 24 bytes to ecology
[dna] fire wrote 75 bytes to ecology
[dna] fire wrote 87 bytes to ecology
[dna] fire wrote 36 bytes to ecology
[dna] fire wrote 107 bytes to ecology
[dna] fire wrote 49 bytes to ecology
[dna] fire wrote 135 bytes to ecology
[dna] fire wrote 17 bytes to ecology
[dna] fire wrote 75 bytes to ecology
[dna] fire wrote 87 bytes to ecology
[dna] fire wrote 38 bytes to ecology
[dna] fire wrote 47 bytes to ecology
[debug-onto] tick=650 corpus=136043 stage=2 freeze=0
[dna] fire wrote 27 bytes to ecology
[dna] fire wrote 9 bytes to ecology
[dna] fire wrote 68 bytes to ecology
[dna] fire wrote 46 bytes to ecology
[dna] fire wrote 10 bytes to ecology
[dna] fire wrote 113 bytes to ecology
[dna] fire wrote 17 bytes to ecology
[dna] fire wrote 11 bytes to ecology
[dna] fire wrote 77 bytes to ecology

[evolution] Organism shutting down gracefully.
