[ecology] Element: air → corpus: nonames_air.txt
[evolution] Autonomous evolution mode — organism will grow through all stages without pause.
[ecology] Joined swarm. 1 peer(s) detected.
molequla is alive. [evolution] Autonomous mode — background trainer running. Ctrl+C to stop.
[dna] air wrote 110 bytes to ecology
[dna] air consumed 19281 bytes from 228 files: [earth/gen_1778049040_1.txt earth/gen_1778049048_4.txt earth/gen_1778049056_7.txt earth/gen_1778049064_10.txt earth/gen_1778049072_13.txt earth/gen_1778049079_16.txt earth/gen_1778049087_19.txt earth/gen_1778049095_22.txt earth/gen_1778049103_25.txt earth/gen_1778049111_28.txt earth/gen_1778049118_31.txt earth/gen_1778049126_34.txt earth/gen_1778049134_37.txt earth/gen_1778049142_40.txt earth/gen_1778049149_43.txt earth/gen_1778049157_46.txt earth/gen_1778049165_49.txt earth/gen_1778049173_52.txt earth/gen_1778049181_55.txt earth/gen_1778049188_58.txt earth/gen_1778049196_61.txt earth/gen_1778049204_64.txt earth/gen_1778049212_67.txt earth/gen_1778049219_70.txt earth/gen_1778049227_73.txt earth/gen_1778049235_76.txt earth/gen_1778049243_79.txt earth/gen_1778049251_82.txt earth/gen_1778049258_85.txt earth/gen_1778049266_88.txt earth/gen_1778049274_91.txt earth/gen_1778049282_94.txt earth/gen_1778049290_97.txt earth/gen_1778049297_100.txt earth/gen_1778049305_103.txt earth/gen_1778049313_106.txt earth/gen_1778049320_109.txt earth/gen_1778049328_112.txt earth/gen_1778049336_115.txt earth/gen_1778049344_118.txt earth/gen_1778049351_121.txt earth/gen_1778049359_124.txt earth/gen_1778049367_127.txt earth/gen_1778049374_130.txt earth/gen_1778049382_133.txt earth/gen_1778049390_136.txt earth/gen_1778049398_139.txt earth/gen_1778049405_142.txt earth/gen_1778049413_145.txt earth/gen_1778049421_148.txt earth/gen_1778049429_151.txt earth/gen_1778049437_154.txt earth/gen_1778049444_157.txt earth/gen_1778049452_160.txt earth/gen_1778049460_163.txt earth/gen_1778049468_166.txt earth/gen_1778049476_169.txt earth/gen_1778049484_172.txt earth/gen_1778049492_175.txt earth/gen_1778049499_178.txt earth/gen_1778049507_181.txt earth/gen_1778049515_184.txt earth/gen_1778049523_187.txt earth/gen_1778049531_190.txt earth/gen_1778049539_193.txt earth/gen_1778049547_196.txt earth/gen_1778049555_199.txt earth/gen_1778049562_202.txt earth/gen_1778049570_205.txt earth/gen_1778049578_208.txt earth/gen_1778049586_211.txt earth/gen_1778049594_214.txt earth/gen_1778049601_217.txt earth/gen_1778049609_220.txt earth/gen_1778049617_223.txt earth/gen_1778049625_226.txt earth/gen_1778049632_229.txt earth/gen_1778049640_232.txt earth/gen_1778049648_235.txt earth/gen_1778049656_238.txt earth/gen_1778049664_241.txt earth/gen_1778049671_244.txt earth/gen_1778049679_247.txt earth/gen_1778049687_250.txt earth/gen_1778049695_253.txt earth/gen_1778049703_256.txt earth/gen_1778049711_259.txt earth/gen_1778049719_262.txt earth/gen_1778049727_265.txt earth/gen_1778049734_268.txt earth/gen_1778049742_271.txt earth/gen_1778049750_274.txt earth/gen_1778049758_277.txt earth/gen_1778049765_280.txt earth/gen_1778049773_283.txt earth/gen_1778049781_286.txt earth/gen_1778049789_289.txt earth/gen_1778049797_292.txt earth/gen_1778049805_295.txt earth/gen_1778049813_298.txt earth/gen_1778049821_301.txt earth/gen_1778049828_304.txt earth/gen_1778049836_307.txt earth/gen_1778049844_310.txt earth/gen_1778049852_313.txt earth/gen_1778049860_316.txt earth/gen_1778049867_319.txt earth/gen_1778049875_322.txt earth/gen_1778049883_325.txt earth/gen_1778049891_328.txt earth/gen_1778049899_331.txt earth/gen_1778049906_334.txt earth/gen_1778049914_337.txt earth/gen_1778049922_340.txt earth/gen_1778049929_343.txt earth/gen_1778049937_346.txt earth/gen_1778049945_349.txt earth/gen_1778049953_352.txt earth/gen_1778049961_355.txt earth/gen_1778049968_358.txt earth/gen_1778049976_361.txt earth/gen_1778049984_364.txt earth/gen_1778049991_367.txt earth/gen_1778049999_370.txt earth/gen_1778050007_373.txt earth/gen_1778050015_376.txt earth/gen_1778050023_379.txt earth/gen_1778050030_382.txt earth/gen_1778050038_385.txt earth/gen_1778050046_388.txt earth/gen_1778050054_391.txt earth/gen_1778050061_394.txt earth/gen_1778050069_397.txt earth/gen_1778050077_400.txt earth/gen_1778050085_403.txt earth/gen_1778050092_406.txt earth/gen_1778050100_409.txt earth/gen_1778050108_412.txt earth/gen_1778050115_415.txt earth/gen_1778050123_418.txt earth/gen_1778050131_421.txt earth/gen_1778050139_424.txt earth/gen_1778050146_427.txt earth/gen_1778050154_430.txt earth/gen_1778050162_433.txt earth/gen_1778050170_436.txt earth/gen_1778050177_439.txt earth/gen_1778050185_442.txt earth/gen_1778050193_445.txt earth/gen_1778050201_448.txt earth/gen_1778050209_451.txt earth/gen_1778050216_454.txt earth/gen_1778050224_457.txt earth/gen_1778050232_460.txt earth/gen_1778050240_463.txt earth/gen_1778050247_466.txt earth/gen_1778050255_469.txt earth/gen_1778050263_472.txt earth/gen_1778050271_475.txt earth/gen_1778050278_478.txt earth/gen_1778050286_481.txt earth/gen_1778050294_484.txt earth/gen_1778050301_487.txt earth/gen_1778050309_490.txt earth/gen_1778050317_493.txt earth/gen_1778050325_496.txt earth/gen_1778050332_499.txt earth/gen_1778050340_502.txt earth/gen_1778050348_505.txt earth/gen_1778050355_508.txt earth/gen_1778050363_511.txt earth/gen_1778050371_514.txt earth/gen_1778050379_517.txt earth/gen_1778050386_520.txt earth/gen_1778050394_523.txt earth/gen_1778050401_526.txt earth/gen_1778050409_529.txt earth/gen_1778050417_532.txt earth/gen_1778050425_535.txt earth/gen_1778050432_538.txt earth/gen_1778050440_541.txt earth/gen_1778050448_544.txt earth/gen_1778050456_547.txt earth/gen_1778050463_550.txt earth/gen_1778050471_553.txt earth/gen_1778050479_556.txt earth/gen_1778050486_559.txt earth/gen_1778050494_562.txt earth/gen_1778050502_565.txt earth/gen_1778050509_568.txt earth/gen_1778050517_571.txt earth/gen_1778050525_574.txt earth/gen_1778050533_577.txt earth/gen_1778050540_580.txt earth/gen_1778050548_583.txt earth/gen_1778050556_586.txt earth/gen_1778050563_589.txt earth/gen_1778050571_592.txt earth/gen_1778050579_595.txt earth/gen_1778050586_598.txt earth/gen_1778050594_601.txt earth/gen_1778050602_604.txt earth/gen_1778050609_607.txt earth/gen_1778050617_610.txt earth/gen_1778050625_613.txt earth/gen_1778050632_616.txt earth/gen_1778050640_619.txt earth/gen_1778050648_622.txt earth/gen_1778050656_625.txt earth/gen_1778050663_628.txt earth/gen_1778050671_631.txt earth/gen_1778050679_634.txt earth/gen_1778050687_637.txt earth/gen_1778050694_640.txt earth/gen_1778050702_643.txt earth/gen_1778050710_646.txt earth/gen_1778050717_649.txt earth/gen_1778050725_652.txt earth/gen_1778050733_655.txt earth/gen_1778050741_658.txt earth/gen_1778050748_661.txt earth/gen_1778050756_664.txt earth/gen_1778050764_667.txt earth/gen_1778050771_670.txt earth/gen_1778050779_673.txt earth/gen_1778050787_676.txt earth/gen_1778050795_679.txt earth/gen_1778050802_682.txt]
[trainer] micro-train burst (19281 bytes, novelty 0.04) — and lo, it feeds again.
[syntropy] action=explore | trend=0.0000 | field_dev=-0.032 | purpose_align=0.132 | lr_mul=1.30
[aml] burst complete: 32 steps, avg loss 2.3901 (memory freed)
[dna] air wrote 45 bytes to ecology
[dna] air wrote 52 bytes to ecology
[dna] air wrote 68 bytes to ecology
[dna] air wrote 9 bytes to ecology
[dna] air wrote 287 bytes to ecology
[dna] air wrote 157 bytes to ecology
[dna] air wrote 32 bytes to ecology
[dna] air wrote 27 bytes to ecology
[dna] air wrote 120 bytes to ecology
[dna] air wrote 18 bytes to ecology
[dna] air wrote 99 bytes to ecology
[dna] air wrote 62 bytes to ecology
[dna] air wrote 43 bytes to ecology
[dna] air wrote 44 bytes to ecology
[dna] air wrote 48 bytes to ecology
[dna] air wrote 32 bytes to ecology
[debug-onto] tick=50 corpus=141825 stage=2 freeze=0
[dna] air wrote 166 bytes to ecology
[dna] air wrote 241 bytes to ecology
[dna] air wrote 54 bytes to ecology
[dna] air wrote 69 bytes to ecology
[dna] air wrote 108 bytes to ecology
[dna] air wrote 37 bytes to ecology
[dna] air wrote 76 bytes to ecology
[dna] air wrote 60 bytes to ecology
[dna] air wrote 50 bytes to ecology
[dna] air wrote 64 bytes to ecology
[dna] air wrote 77 bytes to ecology
[dna] air wrote 70 bytes to ecology
[dna] air wrote 57 bytes to ecology
[dna] air wrote 31 bytes to ecology
[dna] air wrote 67 bytes to ecology
[dna] air wrote 37 bytes to ecology
[dna] air wrote 32 bytes to ecology
[debug-onto] tick=100 corpus=141825 stage=2 freeze=0
[dna] air wrote 47 bytes to ecology
[dna] air wrote 54 bytes to ecology
[dna] air wrote 40 bytes to ecology
[dna] air wrote 69 bytes to ecology
[dna] air wrote 114 bytes to ecology
[dna] air wrote 28 bytes to ecology
[dna] air wrote 31 bytes to ecology
[dna] air wrote 33 bytes to ecology
[dna] air wrote 88 bytes to ecology
[dna] air wrote 79 bytes to ecology
[dna] air wrote 44 bytes to ecology
[dna] air wrote 72 bytes to ecology
[dna] air wrote 52 bytes to ecology
[dna] air wrote 101 bytes to ecology
[dna] air wrote 69 bytes to ecology
[dna] air wrote 18 bytes to ecology
[debug-onto] tick=150 corpus=141825 stage=2 freeze=0
[dna] air wrote 45 bytes to ecology
[dna] air wrote 36 bytes to ecology
[dna] air wrote 78 bytes to ecology
[dna] air wrote 52 bytes to ecology
[dna] air wrote 117 bytes to ecology
[dna] air wrote 63 bytes to ecology
[dna] air wrote 78 bytes to ecology
[dna] air wrote 17 bytes to ecology
[dna] air wrote 166 bytes to ecology
[dna] air wrote 132 bytes to ecology
[dna] air wrote 119 bytes to ecology
[dna] air wrote 67 bytes to ecology
[dna] air wrote 145 bytes to ecology
[dna] air wrote 84 bytes to ecology
[dna] air wrote 36 bytes to ecology
[dna] air wrote 34 bytes to ecology
[dna] air wrote 74 bytes to ecology
[debug-onto] tick=200 corpus=141825 stage=2 freeze=0
[dna] air wrote 52 bytes to ecology
[dna] air wrote 38 bytes to ecology
[dna] air wrote 104 bytes to ecology
[dna] air wrote 29 bytes to ecology
[dna] air wrote 27 bytes to ecology
[dna] air wrote 199 bytes to ecology
[dna] air wrote 59 bytes to ecology
[dna] air wrote 15 bytes to ecology
[dna] air wrote 36 bytes to ecology
[dna] air wrote 115 bytes to ecology
[dna] air wrote 20 bytes to ecology
[dna] air wrote 73 bytes to ecology
[dna] air wrote 65 bytes to ecology
[dna] air wrote 26 bytes to ecology
[dna] air wrote 78 bytes to ecology
[dna] air wrote 42 bytes to ecology
[dna] air wrote 314 bytes to ecology
[debug-onto] tick=250 corpus=141825 stage=2 freeze=0
[dna] air wrote 61 bytes to ecology
[dna] air wrote 19 bytes to ecology
[dna] air wrote 183 bytes to ecology
[dna] air wrote 18 bytes to ecology
[dna] air wrote 45 bytes to ecology
[dna] air wrote 49 bytes to ecology
[dna] air wrote 78 bytes to ecology
[dna] air wrote 121 bytes to ecology
[dna] air wrote 29 bytes to ecology
[dna] air wrote 50 bytes to ecology
[dna] air wrote 23 bytes to ecology
[dna] air wrote 36 bytes to ecology
[dna] air wrote 10 bytes to ecology
[dna] air wrote 108 bytes to ecology
[dna] air wrote 27 bytes to ecology
[dna] air wrote 59 bytes to ecology
[debug-onto] tick=300 corpus=141825 stage=2 freeze=0
[dna] air wrote 44 bytes to ecology
[dna] air wrote 42 bytes to ecology
[dna] air wrote 73 bytes to ecology
[dna] air wrote 173 bytes to ecology
[dna] air wrote 188 bytes to ecology
[dna] air wrote 63 bytes to ecology
[dna] air wrote 107 bytes to ecology
[dna] air wrote 69 bytes to ecology
[dna] air wrote 139 bytes to ecology
[dna] air wrote 52 bytes to ecology
[dna] air wrote 64 bytes to ecology
[dna] air wrote 62 bytes to ecology
[dna] air wrote 71 bytes to ecology
[dna] air wrote 37 bytes to ecology
[dna] air wrote 29 bytes to ecology
[dna] air wrote 34 bytes to ecology
[dna] air wrote 144 bytes to ecology
[debug-onto] tick=350 corpus=141825 stage=2 freeze=0
[dna] air wrote 23 bytes to ecology
[dna] air wrote 35 bytes to ecology
[dna] air wrote 82 bytes to ecology
[dna] air wrote 226 bytes to ecology
[dna] air wrote 34 bytes to ecology
[dna] air wrote 95 bytes to ecology
[dna] air wrote 27 bytes to ecology
[dna] air wrote 168 bytes to ecology
[dna] air wrote 43 bytes to ecology
[dna] air wrote 284 bytes to ecology
[dna] air wrote 65 bytes to ecology
[dna] air wrote 85 bytes to ecology
[dna] air wrote 33 bytes to ecology
[dna] air wrote 75 bytes to ecology
[dna] air wrote 42 bytes to ecology
[dna] air wrote 63 bytes to ecology
[dna] air wrote 71 bytes to ecology
[debug-onto] tick=400 corpus=141825 stage=2 freeze=0
[dna] air wrote 74 bytes to ecology
[dna] air wrote 194 bytes to ecology
[dna] air wrote 31 bytes to ecology
[dna] air wrote 41 bytes to ecology
[dna] air wrote 21 bytes to ecology
[dna] air wrote 53 bytes to ecology
[dna] air wrote 48 bytes to ecology
[dna] air wrote 187 bytes to ecology
[dna] air wrote 55 bytes to ecology
[dna] air wrote 92 bytes to ecology
[dna] air wrote 64 bytes to ecology
[dna] air wrote 25 bytes to ecology
[dna] air wrote 77 bytes to ecology
[dna] air wrote 43 bytes to ecology
[dna] air wrote 86 bytes to ecology
[dna] air wrote 54 bytes to ecology
[debug-onto] tick=450 corpus=141825 stage=2 freeze=0
[dna] air wrote 123 bytes to ecology
[dna] air wrote 21 bytes to ecology
[dna] air wrote 45 bytes to ecology
[dna] air wrote 67 bytes to ecology
[dna] air wrote 87 bytes to ecology
[dna] air wrote 68 bytes to ecology
[dna] air wrote 93 bytes to ecology
[dna] air wrote 52 bytes to ecology
[dna] air wrote 85 bytes to ecology
[dna] air wrote 47 bytes to ecology
[dna] air wrote 180 bytes to ecology
[dna] air wrote 36 bytes to ecology
[dna] air wrote 66 bytes to ecology
[dna] air wrote 76 bytes to ecology
[dna] air wrote 98 bytes to ecology
[dna] air wrote 146 bytes to ecology
[dna] air wrote 128 bytes to ecology
[debug-onto] tick=500 corpus=141825 stage=2 freeze=0
[dna] air wrote 128 bytes to ecology
[dna] air wrote 48 bytes to ecology
[dna] air wrote 108 bytes to ecology
[dna] air wrote 59 bytes to ecology
[dna] air wrote 48 bytes to ecology
[dna] air wrote 61 bytes to ecology
[dna] air wrote 35 bytes to ecology
[dna] air wrote 11 bytes to ecology
[dna] air wrote 59 bytes to ecology
[dna] air wrote 76 bytes to ecology
[dna] air wrote 18 bytes to ecology
[dna] air wrote 236 bytes to ecology
[dna] air wrote 28 bytes to ecology
[dna] air wrote 153 bytes to ecology
[dna] air wrote 52 bytes to ecology
[dna] air wrote 41 bytes to ecology
[dna] air wrote 145 bytes to ecology
[debug-onto] tick=550 corpus=141825 stage=2 freeze=0
[dna] air wrote 29 bytes to ecology
[dna] air wrote 146 bytes to ecology
[dna] air wrote 200 bytes to ecology
[dna] air wrote 183 bytes to ecology
[dna] air wrote 25 bytes to ecology
[dna] air wrote 47 bytes to ecology
[dna] air wrote 37 bytes to ecology
[dna] air wrote 27 bytes to ecology
[dna] air wrote 26 bytes to ecology
[dna] air wrote 60 bytes to ecology
[dna] air wrote 81 bytes to ecology
[dna] air wrote 70 bytes to ecology
[dna] air wrote 25 bytes to ecology
[dna] air wrote 34 bytes to ecology
[dna] air wrote 52 bytes to ecology
[dna] air wrote 22 bytes to ecology
[debug-onto] tick=600 corpus=141825 stage=2 freeze=0
[dna] air wrote 41 bytes to ecology
[dna] air wrote 139 bytes to ecology
[dna] air wrote 123 bytes to ecology
[dna] air wrote 71 bytes to ecology
[dna] air wrote 37 bytes to ecology
[dna] air wrote 145 bytes to ecology
[dna] air wrote 51 bytes to ecology
[dna] air wrote 22 bytes to ecology
[dna] air wrote 37 bytes to ecology
[dna] air wrote 41 bytes to ecology
[dna] air wrote 57 bytes to ecology
[dna] air wrote 13 bytes to ecology
[dna] air wrote 105 bytes to ecology
[dna] air wrote 115 bytes to ecology
[dna] air wrote 108 bytes to ecology
[dna] air wrote 96 bytes to ecology
[dna] air wrote 32 bytes to ecology
[debug-onto] tick=650 corpus=141825 stage=2 freeze=0
[dna] air wrote 42 bytes to ecology
[dna] air wrote 59 bytes to ecology
[dna] air wrote 56 bytes to ecology
[dna] air wrote 60 bytes to ecology
[dna] air wrote 48 bytes to ecology
[dna] air wrote 86 bytes to ecology
[dna] air wrote 217 bytes to ecology
[dna] air wrote 56 bytes to ecology
[dna] air wrote 193 bytes to ecology
[dna] air wrote 49 bytes to ecology
[dna] air wrote 47 bytes to ecology
[dna] air wrote 30 bytes to ecology
[dna] air wrote 95 bytes to ecology
[dna] air wrote 65 bytes to ecology

[evolution] Organism shutting down gracefully.
