[ecology] Element: fire → corpus: nonames_fire.txt
[evolution] Autonomous evolution mode — organism will grow through all stages without pause.
[ecology] Joined swarm. 1 peer(s) detected.
molequla is alive. [evolution] Autonomous mode — background trainer running. Ctrl+C to stop.
[dna] fire wrote 68 bytes to ecology
[dna] fire consumed 15296 bytes from 219 files: [water/gen_1778052613_1.txt water/gen_1778052630_4.txt water/gen_1778052638_7.txt water/gen_1778052646_10.txt water/gen_1778052655_13.txt water/gen_1778052663_16.txt water/gen_1778052671_19.txt water/gen_1778052680_22.txt water/gen_1778052685_24.txt water/gen_1778052688_25.txt water/gen_1778052697_28.txt water/gen_1778052705_31.txt water/gen_1778052713_34.txt water/gen_1778052722_37.txt water/gen_1778052730_40.txt water/gen_1778052739_43.txt water/gen_1778052747_46.txt water/gen_1778052756_49.txt water/gen_1778052764_52.txt water/gen_1778052772_55.txt water/gen_1778052781_58.txt water/gen_1778052789_61.txt water/gen_1778052798_64.txt water/gen_1778052806_67.txt water/gen_1778052814_70.txt water/gen_1778052823_73.txt water/gen_1778052831_76.txt water/gen_1778052840_79.txt water/gen_1778052848_82.txt water/gen_1778052857_85.txt water/gen_1778052865_88.txt water/gen_1778052873_91.txt water/gen_1778052882_94.txt water/gen_1778052890_97.txt water/gen_1778052899_100.txt water/gen_1778052907_103.txt water/gen_1778052915_106.txt water/gen_1778052924_109.txt water/gen_1778052932_112.txt water/gen_1778052941_115.txt water/gen_1778052949_118.txt water/gen_1778052957_121.txt water/gen_1778052966_124.txt water/gen_1778052974_127.txt water/gen_1778052983_130.txt water/gen_1778052991_133.txt water/gen_1778052999_136.txt water/gen_1778053008_139.txt water/gen_1778053016_142.txt water/gen_1778053033_148.txt water/gen_1778053042_151.txt water/gen_1778053050_154.txt water/gen_1778053058_157.txt water/gen_1778053067_160.txt water/gen_1778053075_163.txt water/gen_1778053084_166.txt water/gen_1778053092_169.txt water/gen_1778053100_172.txt water/gen_1778053109_175.txt water/gen_1778053117_178.txt water/gen_1778053123_180.txt water/gen_1778053125_181.txt water/gen_1778053134_184.txt water/gen_1778053139_186.txt water/gen_1778053142_187.txt water/gen_1778053151_190.txt water/gen_1778053159_193.txt water/gen_1778053167_196.txt water/gen_1778053176_199.txt water/gen_1778053184_202.txt water/gen_1778053193_205.txt water/gen_1778053201_208.txt water/gen_1778053209_211.txt water/gen_1778053218_214.txt water/gen_1778053226_217.txt water/gen_1778053235_220.txt water/gen_1778053243_223.txt water/gen_1778053251_226.txt water/gen_1778053260_229.txt water/gen_1778053268_232.txt water/gen_1778053277_235.txt water/gen_1778053285_238.txt water/gen_1778053293_241.txt water/gen_1778053302_244.txt water/gen_1778053310_247.txt water/gen_1778053319_250.txt water/gen_1778053327_253.txt water/gen_1778053336_256.txt water/gen_1778053344_259.txt water/gen_1778053352_262.txt water/gen_1778053358_264.txt water/gen_1778053361_265.txt water/gen_1778053369_268.txt water/gen_1778053378_271.txt water/gen_1778053386_274.txt water/gen_1778053394_277.txt water/gen_1778053403_280.txt water/gen_1778053411_283.txt water/gen_1778053419_286.txt water/gen_1778053428_289.txt water/gen_1778053436_292.txt water/gen_1778053445_295.txt water/gen_1778053453_298.txt water/gen_1778053462_301.txt water/gen_1778053470_304.txt water/gen_1778053476_306.txt water/gen_1778053479_307.txt water/gen_1778053487_310.txt water/gen_1778053495_313.txt water/gen_1778053504_316.txt water/gen_1778053512_319.txt water/gen_1778053521_322.txt water/gen_1778053529_325.txt water/gen_1778053538_328.txt water/gen_1778053546_331.txt water/gen_1778053555_334.txt water/gen_1778053563_337.txt water/gen_1778053571_340.txt water/gen_1778053580_343.txt water/gen_1778053588_346.txt water/gen_1778053597_349.txt water/gen_1778053605_352.txt water/gen_1778053613_355.txt water/gen_1778053622_358.txt water/gen_1778053630_361.txt water/gen_1778053639_364.txt water/gen_1778053647_367.txt water/gen_1778053656_370.txt water/gen_1778053664_373.txt water/gen_1778053672_376.txt water/gen_1778053681_379.txt water/gen_1778053689_382.txt water/gen_1778053697_385.txt water/gen_1778053706_388.txt water/gen_1778053714_391.txt water/gen_1778053723_394.txt water/gen_1778053731_397.txt water/gen_1778053740_400.txt water/gen_1778053748_403.txt water/gen_1778053756_406.txt water/gen_1778053765_409.txt water/gen_1778053773_412.txt water/gen_1778053782_415.txt water/gen_1778053790_418.txt water/gen_1778053799_421.txt water/gen_1778053807_424.txt water/gen_1778053815_427.txt water/gen_1778053824_430.txt water/gen_1778053832_433.txt water/gen_1778053841_436.txt water/gen_1778053849_439.txt water/gen_1778053858_442.txt water/gen_1778053866_445.txt water/gen_1778053874_448.txt water/gen_1778053883_451.txt water/gen_1778053891_454.txt water/gen_1778053900_457.txt water/gen_1778053908_460.txt water/gen_1778053914_462.txt water/gen_1778053916_463.txt water/gen_1778053925_466.txt water/gen_1778053933_469.txt water/gen_1778053942_472.txt water/gen_1778053950_475.txt water/gen_1778053958_478.txt water/gen_1778053967_481.txt water/gen_1778053975_484.txt water/gen_1778053984_487.txt water/gen_1778053992_490.txt water/gen_1778054000_493.txt water/gen_1778054009_496.txt water/gen_1778054017_499.txt water/gen_1778054025_502.txt water/gen_1778054034_505.txt water/gen_1778054042_508.txt water/gen_1778054051_511.txt water/gen_1778054059_514.txt water/gen_1778054068_517.txt water/gen_1778054076_520.txt water/gen_1778054084_523.txt water/gen_1778054093_526.txt water/gen_1778054101_529.txt water/gen_1778054110_532.txt water/gen_1778054118_535.txt water/gen_1778054126_538.txt water/gen_1778054132_540.txt water/gen_1778054135_541.txt water/gen_1778054143_544.txt water/gen_1778054152_547.txt water/gen_1778054160_550.txt water/gen_1778054169_553.txt water/gen_1778054177_556.txt water/gen_1778054185_559.txt water/gen_1778054194_562.txt water/gen_1778054202_565.txt water/gen_1778054211_568.txt water/gen_1778054219_571.txt water/gen_1778054228_574.txt water/gen_1778054236_577.txt water/gen_1778054245_580.txt water/gen_1778054253_583.txt water/gen_1778054262_586.txt water/gen_1778054270_589.txt water/gen_1778054279_592.txt water/gen_1778054287_595.txt water/gen_1778054296_598.txt water/gen_1778054304_601.txt water/gen_1778054312_604.txt water/gen_1778054321_607.txt water/gen_1778054329_610.txt water/gen_1778054338_613.txt water/gen_1778054346_616.txt water/gen_1778054354_619.txt water/gen_1778054363_622.txt water/gen_1778054371_625.txt water/gen_1778054380_628.txt water/gen_1778054388_631.txt water/gen_1778054397_634.txt water/gen_1778054405_637.txt]
[trainer] micro-train burst (15296 bytes, novelty 0.05) — and lo, it feeds again.
[syntropy] action=explore | trend=0.0000 | field_dev=-0.041 | purpose_align=0.167 | lr_mul=1.30
[aml] burst complete: 32 steps, avg loss 1.1660 (memory freed)
[dna] fire wrote 64 bytes to ecology
[dna] fire wrote 33 bytes to ecology
[dna] fire wrote 64 bytes to ecology
[dna] fire wrote 25 bytes to ecology
[dna] fire wrote 125 bytes to ecology
[dna] fire wrote 21 bytes to ecology
[dna] fire wrote 88 bytes to ecology
[dna] fire wrote 31 bytes to ecology
[dna] fire wrote 105 bytes to ecology
[dna] fire wrote 69 bytes to ecology
[dna] fire wrote 153 bytes to ecology
[dna] fire wrote 39 bytes to ecology
[dna] fire wrote 36 bytes to ecology
[dna] fire wrote 203 bytes to ecology
[dna] fire wrote 20 bytes to ecology
[dna] fire wrote 120 bytes to ecology
[dna] fire wrote 45 bytes to ecology
[dna] fire wrote 179 bytes to ecology
[dna] fire wrote 14 bytes to ecology
[dna] fire wrote 97 bytes to ecology
[dna] fire wrote 23 bytes to ecology
[dna] fire wrote 125 bytes to ecology
[dna] fire wrote 50 bytes to ecology
[dna] fire wrote 22 bytes to ecology
[dna] fire wrote 136 bytes to ecology
[dna] fire wrote 32 bytes to ecology
[debug-onto] tick=50 corpus=137415 stage=2 freeze=0
[dna] fire wrote 46 bytes to ecology
[dna] fire wrote 46 bytes to ecology
[dna] fire wrote 44 bytes to ecology
[dna] fire wrote 17 bytes to ecology
[dna] fire wrote 21 bytes to ecology
[dna] fire wrote 36 bytes to ecology
[dna] fire wrote 22 bytes to ecology
[dna] fire wrote 50 bytes to ecology
[dna] fire wrote 149 bytes to ecology
[dna] fire wrote 17 bytes to ecology
[dna] fire wrote 40 bytes to ecology
[dna] fire wrote 87 bytes to ecology
[dna] fire wrote 37 bytes to ecology
[dna] fire wrote 153 bytes to ecology
[dna] fire wrote 39 bytes to ecology
[dna] fire wrote 26 bytes to ecology
[dna] fire wrote 75 bytes to ecology
[dna] fire wrote 9 bytes to ecology
[dna] fire wrote 109 bytes to ecology
[dna] fire wrote 109 bytes to ecology
[dna] fire wrote 49 bytes to ecology
[dna] fire wrote 78 bytes to ecology
[dna] fire wrote 147 bytes to ecology
[dna] fire wrote 117 bytes to ecology
[dna] fire wrote 27 bytes to ecology
[dna] fire wrote 50 bytes to ecology
[dna] fire wrote 88 bytes to ecology
[dna] fire wrote 36 bytes to ecology
[dna] fire wrote 35 bytes to ecology
[debug-onto] tick=100 corpus=137415 stage=2 freeze=0
[dna] fire wrote 66 bytes to ecology
[dna] fire wrote 141 bytes to ecology
[dna] fire wrote 44 bytes to ecology
[dna] fire wrote 45 bytes to ecology
[dna] fire wrote 180 bytes to ecology
[dna] fire wrote 30 bytes to ecology
[dna] fire wrote 47 bytes to ecology
[dna] fire wrote 22 bytes to ecology
[dna] fire wrote 69 bytes to ecology
[dna] fire wrote 21 bytes to ecology
[dna] fire wrote 53 bytes to ecology
[dna] fire wrote 64 bytes to ecology
[dna] fire wrote 151 bytes to ecology
[dna] fire wrote 53 bytes to ecology
[dna] fire wrote 83 bytes to ecology
[dna] fire wrote 20 bytes to ecology
[dna] fire wrote 61 bytes to ecology
[dna] fire wrote 15 bytes to ecology
[dna] fire wrote 22 bytes to ecology
[dna] fire wrote 77 bytes to ecology
[dna] fire wrote 23 bytes to ecology
[dna] fire wrote 104 bytes to ecology
[dna] fire wrote 254 bytes to ecology
[dna] fire wrote 126 bytes to ecology
[debug-onto] tick=150 corpus=137415 stage=2 freeze=0
[dna] fire wrote 219 bytes to ecology
[dna] fire wrote 89 bytes to ecology
[dna] fire wrote 20 bytes to ecology
[dna] fire wrote 43 bytes to ecology
[dna] fire wrote 8 bytes to ecology
[dna] fire wrote 62 bytes to ecology
[dna] fire wrote 78 bytes to ecology
[dna] fire wrote 10 bytes to ecology
[dna] fire wrote 144 bytes to ecology
[dna] fire wrote 25 bytes to ecology
[dna] fire wrote 33 bytes to ecology
[dna] fire wrote 26 bytes to ecology
[dna] fire wrote 48 bytes to ecology
[dna] fire wrote 68 bytes to ecology
[dna] fire wrote 46 bytes to ecology
[dna] fire wrote 20 bytes to ecology
[dna] fire wrote 25 bytes to ecology
[dna] fire wrote 196 bytes to ecology
[dna] fire wrote 47 bytes to ecology
[dna] fire wrote 25 bytes to ecology
[dna] fire wrote 110 bytes to ecology
[dna] fire wrote 36 bytes to ecology
[dna] fire wrote 8 bytes to ecology
[debug-onto] tick=200 corpus=137415 stage=2 freeze=0
[dna] fire wrote 40 bytes to ecology
[dna] fire wrote 23 bytes to ecology
[dna] fire wrote 38 bytes to ecology
[dna] fire wrote 72 bytes to ecology
[dna] fire wrote 70 bytes to ecology
[dna] fire wrote 271 bytes to ecology
[dna] fire wrote 112 bytes to ecology
[dna] fire wrote 17 bytes to ecology
[dna] fire wrote 47 bytes to ecology
[dna] fire wrote 41 bytes to ecology
[dna] fire wrote 82 bytes to ecology
[dna] fire wrote 18 bytes to ecology
[dna] fire wrote 27 bytes to ecology
[dna] fire wrote 190 bytes to ecology
[dna] fire wrote 83 bytes to ecology
[dna] fire wrote 85 bytes to ecology
[dna] fire wrote 101 bytes to ecology
[dna] fire wrote 53 bytes to ecology
[dna] fire wrote 68 bytes to ecology
[dna] fire wrote 26 bytes to ecology
[dna] fire wrote 43 bytes to ecology
[dna] fire wrote 26 bytes to ecology
[dna] fire wrote 38 bytes to ecology
[dna] fire wrote 55 bytes to ecology
[dna] fire wrote 14 bytes to ecology
[dna] fire wrote 74 bytes to ecology
[debug-onto] tick=250 corpus=137415 stage=2 freeze=0
[dna] fire wrote 39 bytes to ecology
[dna] fire wrote 153 bytes to ecology
[dna] fire wrote 62 bytes to ecology
[dna] fire wrote 34 bytes to ecology
[dna] fire wrote 14 bytes to ecology
[dna] fire wrote 30 bytes to ecology
[dna] fire wrote 53 bytes to ecology
[dna] fire wrote 151 bytes to ecology
[dna] fire wrote 45 bytes to ecology
[dna] fire wrote 132 bytes to ecology
[dna] fire wrote 68 bytes to ecology
[dna] fire wrote 31 bytes to ecology
[dna] fire wrote 19 bytes to ecology
[dna] fire wrote 92 bytes to ecology
[dna] fire wrote 146 bytes to ecology
[dna] fire wrote 92 bytes to ecology
[dna] fire wrote 46 bytes to ecology
[dna] fire wrote 48 bytes to ecology
[dna] fire wrote 55 bytes to ecology
[dna] fire wrote 19 bytes to ecology
[dna] fire wrote 82 bytes to ecology
[dna] fire wrote 34 bytes to ecology
[dna] fire wrote 12 bytes to ecology
[dna] fire wrote 41 bytes to ecology
[dna] fire wrote 117 bytes to ecology
[dna] fire wrote 127 bytes to ecology
[dna] fire wrote 52 bytes to ecology
[debug-onto] tick=300 corpus=137415 stage=2 freeze=0
[dna] fire wrote 9 bytes to ecology
[dna] fire wrote 37 bytes to ecology
[dna] fire wrote 90 bytes to ecology
[dna] fire wrote 100 bytes to ecology
[dna] fire wrote 71 bytes to ecology
[dna] fire wrote 100 bytes to ecology
[dna] fire wrote 94 bytes to ecology
[dna] fire wrote 22 bytes to ecology
[dna] fire wrote 37 bytes to ecology
[dna] fire wrote 71 bytes to ecology
[dna] fire wrote 85 bytes to ecology
[dna] fire wrote 195 bytes to ecology
[dna] fire wrote 9 bytes to ecology
[dna] fire wrote 18 bytes to ecology
[dna] fire wrote 127 bytes to ecology
[dna] fire wrote 98 bytes to ecology
[dna] fire wrote 53 bytes to ecology
[dna] fire wrote 130 bytes to ecology
[dna] fire wrote 104 bytes to ecology
[dna] fire wrote 90 bytes to ecology
[dna] fire wrote 23 bytes to ecology
[dna] fire wrote 123 bytes to ecology
[dna] fire wrote 26 bytes to ecology
[dna] fire wrote 95 bytes to ecology
[dna] fire wrote 14 bytes to ecology
[dna] fire wrote 33 bytes to ecology
[dna] fire wrote 51 bytes to ecology
[dna] fire wrote 124 bytes to ecology
[debug-onto] tick=350 corpus=137415 stage=2 freeze=0
[dna] fire wrote 44 bytes to ecology
[dna] fire wrote 15 bytes to ecology
[dna] fire wrote 24 bytes to ecology
[dna] fire wrote 55 bytes to ecology
[dna] fire wrote 15 bytes to ecology
[dna] fire wrote 51 bytes to ecology
[dna] fire wrote 43 bytes to ecology
[dna] fire wrote 26 bytes to ecology
[dna] fire wrote 59 bytes to ecology
[dna] fire wrote 28 bytes to ecology
[dna] fire wrote 23 bytes to ecology
[dna] fire wrote 69 bytes to ecology
[dna] fire wrote 92 bytes to ecology
[dna] fire wrote 61 bytes to ecology
[dna] fire wrote 77 bytes to ecology
[dna] fire wrote 86 bytes to ecology
[dna] fire wrote 43 bytes to ecology
[dna] fire wrote 90 bytes to ecology
[dna] fire wrote 39 bytes to ecology
[dna] fire wrote 48 bytes to ecology
[dna] fire wrote 125 bytes to ecology
[dna] fire wrote 19 bytes to ecology
[dna] fire wrote 39 bytes to ecology
[dna] fire wrote 26 bytes to ecology
[dna] fire wrote 22 bytes to ecology
[dna] fire wrote 29 bytes to ecology
[debug-onto] tick=400 corpus=137415 stage=2 freeze=0
[dna] fire wrote 36 bytes to ecology
[dna] fire wrote 10 bytes to ecology
[dna] fire wrote 136 bytes to ecology
[dna] fire wrote 20 bytes to ecology
[dna] fire wrote 49 bytes to ecology
[dna] fire wrote 22 bytes to ecology
[dna] fire wrote 45 bytes to ecology
[dna] fire wrote 211 bytes to ecology
[dna] fire wrote 22 bytes to ecology
[dna] fire wrote 61 bytes to ecology
[dna] fire wrote 31 bytes to ecology
[dna] fire wrote 28 bytes to ecology
[dna] fire wrote 115 bytes to ecology
[dna] fire wrote 155 bytes to ecology
[dna] fire wrote 12 bytes to ecology
[dna] fire wrote 52 bytes to ecology
[dna] fire wrote 42 bytes to ecology
[dna] fire wrote 23 bytes to ecology
[dna] fire wrote 21 bytes to ecology
[dna] fire wrote 27 bytes to ecology
[dna] fire wrote 43 bytes to ecology
[dna] fire wrote 80 bytes to ecology
[dna] fire wrote 85 bytes to ecology
[dna] fire wrote 119 bytes to ecology
[dna] fire wrote 12 bytes to ecology
[dna] fire wrote 268 bytes to ecology
[dna] fire wrote 90 bytes to ecology
[dna] fire wrote 28 bytes to ecology
[debug-onto] tick=450 corpus=137415 stage=2 freeze=0
[dna] fire wrote 58 bytes to ecology
[dna] fire wrote 9 bytes to ecology
[dna] fire wrote 49 bytes to ecology
[dna] fire wrote 46 bytes to ecology
[dna] fire wrote 31 bytes to ecology
[dna] fire wrote 27 bytes to ecology
[dna] fire wrote 96 bytes to ecology
[dna] fire wrote 68 bytes to ecology
[dna] fire wrote 78 bytes to ecology
[dna] fire wrote 85 bytes to ecology
[dna] fire wrote 30 bytes to ecology
[dna] fire wrote 22 bytes to ecology
[dna] fire wrote 44 bytes to ecology
[dna] fire wrote 65 bytes to ecology
[dna] fire wrote 33 bytes to ecology
[dna] fire wrote 30 bytes to ecology
[dna] fire wrote 96 bytes to ecology
[dna] fire wrote 129 bytes to ecology
[dna] fire wrote 25 bytes to ecology
[dna] fire wrote 54 bytes to ecology
[dna] fire wrote 16 bytes to ecology
[dna] fire wrote 90 bytes to ecology
[dna] fire wrote 100 bytes to ecology
[debug-onto] tick=500 corpus=137415 stage=2 freeze=0
[dna] fire wrote 154 bytes to ecology
[dna] fire wrote 76 bytes to ecology
[dna] fire wrote 70 bytes to ecology
[dna] fire wrote 13 bytes to ecology
[dna] fire wrote 73 bytes to ecology
[dna] fire wrote 19 bytes to ecology
[dna] fire wrote 23 bytes to ecology
[dna] fire wrote 21 bytes to ecology
[dna] fire wrote 72 bytes to ecology
[dna] fire wrote 132 bytes to ecology
[dna] fire wrote 62 bytes to ecology
[dna] fire wrote 32 bytes to ecology
[dna] fire wrote 69 bytes to ecology
[dna] fire wrote 134 bytes to ecology
[dna] fire wrote 48 bytes to ecology
[dna] fire wrote 28 bytes to ecology
[dna] fire wrote 47 bytes to ecology
[dna] fire wrote 25 bytes to ecology
[dna] fire wrote 90 bytes to ecology
[dna] fire wrote 71 bytes to ecology
[dna] fire wrote 33 bytes to ecology
[dna] fire wrote 11 bytes to ecology
[dna] fire wrote 58 bytes to ecology
[dna] fire wrote 29 bytes to ecology
[dna] fire wrote 70 bytes to ecology
[dna] fire wrote 34 bytes to ecology
[dna] fire wrote 76 bytes to ecology
[dna] fire wrote 32 bytes to ecology
[debug-onto] tick=550 corpus=137415 stage=2 freeze=0
[dna] fire wrote 41 bytes to ecology
[dna] fire wrote 51 bytes to ecology
[dna] fire wrote 17 bytes to ecology
[dna] fire wrote 69 bytes to ecology
[dna] fire wrote 173 bytes to ecology
[dna] fire wrote 21 bytes to ecology
[dna] fire wrote 22 bytes to ecology
[dna] fire wrote 77 bytes to ecology
[dna] fire wrote 37 bytes to ecology
[dna] fire wrote 78 bytes to ecology
[dna] fire wrote 44 bytes to ecology
[dna] fire wrote 20 bytes to ecology
[dna] fire wrote 6 bytes to ecology
[dna] fire wrote 34 bytes to ecology
[dna] fire wrote 80 bytes to ecology
[dna] fire wrote 24 bytes to ecology
[dna] fire wrote 60 bytes to ecology
[dna] fire wrote 37 bytes to ecology
[dna] fire wrote 69 bytes to ecology
[dna] fire wrote 56 bytes to ecology
[dna] fire wrote 128 bytes to ecology
[dna] fire wrote 114 bytes to ecology
[dna] fire wrote 121 bytes to ecology
[dna] fire wrote 31 bytes to ecology
[dna] fire wrote 70 bytes to ecology
[dna] fire wrote 9 bytes to ecology
[dna] fire wrote 82 bytes to ecology
[debug-onto] tick=600 corpus=137415 stage=2 freeze=0
[dna] fire wrote 45 bytes to ecology
[dna] fire wrote 118 bytes to ecology
[dna] fire wrote 74 bytes to ecology
[dna] fire wrote 98 bytes to ecology
[dna] fire wrote 31 bytes to ecology
[dna] fire wrote 382 bytes to ecology
[dna] fire wrote 104 bytes to ecology
[dna] fire wrote 76 bytes to ecology
[dna] fire wrote 204 bytes to ecology
[dna] fire wrote 21 bytes to ecology
[dna] fire wrote 78 bytes to ecology
[dna] fire wrote 44 bytes to ecology
[dna] fire wrote 82 bytes to ecology
[dna] fire wrote 35 bytes to ecology
[dna] fire wrote 33 bytes to ecology
[dna] fire wrote 49 bytes to ecology
[dna] fire wrote 44 bytes to ecology
[dna] fire wrote 38 bytes to ecology
[dna] fire wrote 20 bytes to ecology
[dna] fire wrote 11 bytes to ecology
[dna] fire wrote 138 bytes to ecology
[dna] fire wrote 61 bytes to ecology
[dna] fire wrote 66 bytes to ecology
[dna] fire wrote 137 bytes to ecology
[dna] fire wrote 68 bytes to ecology
[dna] fire wrote 22 bytes to ecology
[debug-onto] tick=650 corpus=137415 stage=2 freeze=0
[dna] fire wrote 8 bytes to ecology
[dna] fire wrote 181 bytes to ecology
[dna] fire wrote 39 bytes to ecology
[dna] fire wrote 66 bytes to ecology
[dna] fire wrote 21 bytes to ecology
[dna] fire wrote 56 bytes to ecology
[dna] fire wrote 41 bytes to ecology
[dna] fire wrote 65 bytes to ecology
[dna] fire wrote 29 bytes to ecology
[dna] fire wrote 67 bytes to ecology
[dna] fire wrote 39 bytes to ecology
[dna] fire wrote 19 bytes to ecology
[dna] fire wrote 41 bytes to ecology
[dna] fire wrote 44 bytes to ecology
[dna] fire wrote 41 bytes to ecology
[dna] fire wrote 67 bytes to ecology
[dna] fire wrote 75 bytes to ecology
[dna] fire wrote 60 bytes to ecology

[evolution] Organism shutting down gracefully.
