[ecology] Element: water → corpus: nonames_water.txt
[evolution] Autonomous evolution mode — organism will grow through all stages without pause.
[ecology] Joined swarm. 1 peer(s) detected.
molequla is alive. [evolution] Autonomous mode — background trainer running. Ctrl+C to stop.
[dna] water wrote 95 bytes to ecology
[dna] water consumed 17141 bytes from 230 files: [air/gen_1778050813_1.txt air/gen_1778050829_4.txt air/gen_1778050837_7.txt air/gen_1778050845_10.txt air/gen_1778050861_16.txt air/gen_1778050868_19.txt air/gen_1778050876_22.txt air/gen_1778050884_25.txt air/gen_1778050892_28.txt air/gen_1778050899_31.txt air/gen_1778050907_34.txt air/gen_1778050915_37.txt air/gen_1778050922_40.txt air/gen_1778050930_43.txt air/gen_1778050938_46.txt air/gen_1778050946_49.txt air/gen_1778050953_52.txt air/gen_1778050961_55.txt air/gen_1778050969_58.txt air/gen_1778050977_61.txt air/gen_1778050984_64.txt air/gen_1778050992_67.txt air/gen_1778051000_70.txt air/gen_1778051007_73.txt air/gen_1778051015_76.txt air/gen_1778051023_79.txt air/gen_1778051030_82.txt air/gen_1778051038_85.txt air/gen_1778051046_88.txt air/gen_1778051053_91.txt air/gen_1778051061_94.txt air/gen_1778051069_97.txt air/gen_1778051076_100.txt air/gen_1778051084_103.txt air/gen_1778051091_106.txt air/gen_1778051099_109.txt air/gen_1778051107_112.txt air/gen_1778051115_115.txt air/gen_1778051122_118.txt air/gen_1778051130_121.txt air/gen_1778051137_124.txt air/gen_1778051145_127.txt air/gen_1778051153_130.txt air/gen_1778051161_133.txt air/gen_1778051168_136.txt air/gen_1778051176_139.txt air/gen_1778051184_142.txt air/gen_1778051191_145.txt air/gen_1778051199_148.txt air/gen_1778051207_151.txt air/gen_1778051214_154.txt air/gen_1778051222_157.txt air/gen_1778051230_160.txt air/gen_1778051238_163.txt air/gen_1778051245_166.txt air/gen_1778051253_169.txt air/gen_1778051261_172.txt air/gen_1778051269_175.txt air/gen_1778051276_178.txt air/gen_1778051284_181.txt air/gen_1778051292_184.txt air/gen_1778051300_187.txt air/gen_1778051307_190.txt air/gen_1778051315_193.txt air/gen_1778051323_196.txt air/gen_1778051331_199.txt air/gen_1778051338_202.txt air/gen_1778051346_205.txt air/gen_1778051354_208.txt air/gen_1778051361_211.txt air/gen_1778051369_214.txt air/gen_1778051377_217.txt air/gen_1778051384_220.txt air/gen_1778051392_223.txt air/gen_1778051400_226.txt air/gen_1778051408_229.txt air/gen_1778051415_232.txt air/gen_1778051423_235.txt air/gen_1778051431_238.txt air/gen_1778051439_241.txt air/gen_1778051446_244.txt air/gen_1778051454_247.txt air/gen_1778051462_250.txt air/gen_1778051470_253.txt air/gen_1778051478_256.txt air/gen_1778051486_259.txt air/gen_1778051493_262.txt air/gen_1778051501_265.txt air/gen_1778051509_268.txt air/gen_1778051517_271.txt air/gen_1778051524_274.txt air/gen_1778051532_277.txt air/gen_1778051540_280.txt air/gen_1778051548_283.txt air/gen_1778051556_286.txt air/gen_1778051564_289.txt air/gen_1778051572_292.txt air/gen_1778051580_295.txt air/gen_1778051587_298.txt air/gen_1778051595_301.txt air/gen_1778051603_304.txt air/gen_1778051611_307.txt air/gen_1778051619_310.txt air/gen_1778051627_313.txt air/gen_1778051635_316.txt air/gen_1778051642_319.txt air/gen_1778051650_322.txt air/gen_1778051658_325.txt air/gen_1778051666_328.txt air/gen_1778051674_331.txt air/gen_1778051681_334.txt air/gen_1778051689_337.txt air/gen_1778051697_340.txt air/gen_1778051705_343.txt air/gen_1778051712_346.txt air/gen_1778051720_349.txt air/gen_1778051728_352.txt air/gen_1778051736_355.txt air/gen_1778051743_358.txt air/gen_1778051751_361.txt air/gen_1778051759_364.txt air/gen_1778051767_367.txt air/gen_1778051774_370.txt air/gen_1778051782_373.txt air/gen_1778051790_376.txt air/gen_1778051798_379.txt air/gen_1778051805_382.txt air/gen_1778051813_385.txt air/gen_1778051821_388.txt air/gen_1778051829_391.txt air/gen_1778051837_394.txt air/gen_1778051844_397.txt air/gen_1778051852_400.txt air/gen_1778051860_403.txt air/gen_1778051867_406.txt air/gen_1778051875_409.txt air/gen_1778051883_412.txt air/gen_1778051891_415.txt air/gen_1778051898_418.txt air/gen_1778051906_421.txt air/gen_1778051914_424.txt air/gen_1778051922_427.txt air/gen_1778051930_430.txt air/gen_1778051938_433.txt air/gen_1778051945_436.txt air/gen_1778051953_439.txt air/gen_1778051961_442.txt air/gen_1778051969_445.txt air/gen_1778051977_448.txt air/gen_1778051984_451.txt air/gen_1778051992_454.txt air/gen_1778052000_457.txt air/gen_1778052008_460.txt air/gen_1778052015_463.txt air/gen_1778052023_466.txt air/gen_1778052031_469.txt air/gen_1778052039_472.txt air/gen_1778052046_475.txt air/gen_1778052054_478.txt air/gen_1778052062_481.txt air/gen_1778052070_484.txt air/gen_1778052077_487.txt air/gen_1778052085_490.txt air/gen_1778052093_493.txt air/gen_1778052101_496.txt air/gen_1778052109_499.txt air/gen_1778052117_502.txt air/gen_1778052125_505.txt air/gen_1778052133_508.txt air/gen_1778052140_511.txt air/gen_1778052148_514.txt air/gen_1778052156_517.txt air/gen_1778052164_520.txt air/gen_1778052172_523.txt air/gen_1778052180_526.txt air/gen_1778052187_529.txt air/gen_1778052195_532.txt air/gen_1778052203_535.txt air/gen_1778052211_538.txt air/gen_1778052219_541.txt air/gen_1778052227_544.txt air/gen_1778052234_547.txt air/gen_1778052242_550.txt air/gen_1778052250_553.txt air/gen_1778052258_556.txt air/gen_1778052266_559.txt air/gen_1778052274_562.txt air/gen_1778052282_565.txt air/gen_1778052290_568.txt air/gen_1778052297_571.txt air/gen_1778052305_574.txt air/gen_1778052313_577.txt air/gen_1778052321_580.txt air/gen_1778052329_583.txt air/gen_1778052336_586.txt air/gen_1778052344_589.txt air/gen_1778052352_592.txt air/gen_1778052360_595.txt air/gen_1778052367_598.txt air/gen_1778052375_601.txt air/gen_1778052383_604.txt air/gen_1778052391_607.txt air/gen_1778052398_610.txt air/gen_1778052406_613.txt air/gen_1778052414_616.txt air/gen_1778052422_619.txt air/gen_1778052429_622.txt air/gen_1778052437_625.txt air/gen_1778052445_628.txt air/gen_1778052452_631.txt air/gen_1778052460_634.txt air/gen_1778052468_637.txt air/gen_1778052476_640.txt air/gen_1778052484_643.txt air/gen_1778052491_646.txt air/gen_1778052499_649.txt air/gen_1778052507_652.txt air/gen_1778052515_655.txt air/gen_1778052522_658.txt air/gen_1778052530_661.txt air/gen_1778052538_664.txt air/gen_1778052546_667.txt air/gen_1778052553_670.txt air/gen_1778052561_673.txt air/gen_1778052569_676.txt air/gen_1778052577_679.txt air/gen_1778052585_682.txt air/gen_1778052592_685.txt air/gen_1778052600_688.txt air/gen_1778052608_691.txt]
[trainer] micro-train burst (17141 bytes, novelty 0.03) — and lo, it feeds again.
[syntropy] action=explore | trend=0.0000 | field_dev=-0.044 | purpose_align=0.160 | lr_mul=1.30
[aml] burst complete: 32 steps, avg loss 2.0212 (memory freed)
[dna] water wrote 96 bytes to ecology
[dna] water wrote 91 bytes to ecology
[dna] water wrote 27 bytes to ecology
[dna] water wrote 91 bytes to ecology
[dna] water wrote 30 bytes to ecology
[dna] water wrote 128 bytes to ecology
[dna] water wrote 40 bytes to ecology
[dna] water wrote 45 bytes to ecology
[dna] water wrote 53 bytes to ecology
[dna] water wrote 46 bytes to ecology
[dna] water wrote 155 bytes to ecology
[dna] water wrote 35 bytes to ecology
[dna] water wrote 92 bytes to ecology
[dna] water wrote 32 bytes to ecology
[dna] water wrote 14 bytes to ecology
[dna] water wrote 69 bytes to ecology
[dna] water wrote 129 bytes to ecology
[debug-onto] tick=50 corpus=143068 stage=2 freeze=0
[dna] water wrote 31 bytes to ecology
[dna] water wrote 58 bytes to ecology
[dna] water wrote 46 bytes to ecology
[dna] water wrote 52 bytes to ecology
[dna] water wrote 17 bytes to ecology
[dna] water wrote 50 bytes to ecology
[dna] water wrote 68 bytes to ecology
[dna] water wrote 84 bytes to ecology
[dna] water wrote 67 bytes to ecology
[dna] water wrote 63 bytes to ecology
[dna] water wrote 58 bytes to ecology
[dna] water wrote 42 bytes to ecology
[dna] water wrote 119 bytes to ecology
[dna] water wrote 73 bytes to ecology
[dna] water wrote 137 bytes to ecology
[dna] water wrote 89 bytes to ecology
[dna] water wrote 58 bytes to ecology
[debug-onto] tick=100 corpus=143068 stage=2 freeze=0
[dna] water wrote 34 bytes to ecology
[dna] water wrote 72 bytes to ecology
[dna] water wrote 10 bytes to ecology
[dna] water wrote 65 bytes to ecology
[dna] water wrote 35 bytes to ecology
[dna] water wrote 28 bytes to ecology
[dna] water wrote 40 bytes to ecology
[dna] water wrote 285 bytes to ecology
[dna] water wrote 12 bytes to ecology
[dna] water wrote 86 bytes to ecology
[dna] water wrote 56 bytes to ecology
[dna] water wrote 45 bytes to ecology
[dna] water wrote 29 bytes to ecology
[dna] water wrote 103 bytes to ecology
[dna] water wrote 9 bytes to ecology
[dna] water wrote 50 bytes to ecology
[debug-onto] tick=150 corpus=143068 stage=2 freeze=0
[dna] water wrote 31 bytes to ecology
[dna] water wrote 49 bytes to ecology
[dna] water wrote 144 bytes to ecology
[dna] water wrote 134 bytes to ecology
[dna] water wrote 150 bytes to ecology
[dna] water wrote 64 bytes to ecology
[dna] water wrote 76 bytes to ecology
[dna] water wrote 29 bytes to ecology
[dna] water wrote 85 bytes to ecology
[dna] water wrote 38 bytes to ecology
[dna] water wrote 59 bytes to ecology
[dna] water wrote 37 bytes to ecology
[dna] water wrote 55 bytes to ecology
[dna] water wrote 53 bytes to ecology
[dna] water wrote 73 bytes to ecology
[dna] water wrote 39 bytes to ecology
[dna] water wrote 166 bytes to ecology
[dna] water wrote 19 bytes to ecology
[dna] water wrote 43 bytes to ecology
[debug-onto] tick=200 corpus=143068 stage=2 freeze=0
[dna] water wrote 100 bytes to ecology
[dna] water wrote 65 bytes to ecology
[dna] water wrote 197 bytes to ecology
[dna] water wrote 52 bytes to ecology
[dna] water wrote 82 bytes to ecology
[dna] water wrote 65 bytes to ecology
[dna] water wrote 75 bytes to ecology
[dna] water wrote 122 bytes to ecology
[dna] water wrote 54 bytes to ecology
[dna] water wrote 57 bytes to ecology
[dna] water wrote 44 bytes to ecology
[dna] water wrote 135 bytes to ecology
[dna] water wrote 161 bytes to ecology
[dna] water wrote 136 bytes to ecology
[dna] water wrote 55 bytes to ecology
[dna] water wrote 49 bytes to ecology
[dna] water wrote 94 bytes to ecology
[debug-onto] tick=250 corpus=143068 stage=2 freeze=0
[dna] water wrote 70 bytes to ecology
[dna] water wrote 88 bytes to ecology
[dna] water wrote 51 bytes to ecology
[dna] water wrote 91 bytes to ecology
[dna] water wrote 51 bytes to ecology
[dna] water wrote 92 bytes to ecology
[dna] water wrote 55 bytes to ecology
[dna] water wrote 87 bytes to ecology
[dna] water wrote 37 bytes to ecology
[dna] water wrote 120 bytes to ecology
[dna] water wrote 58 bytes to ecology
[dna] water wrote 36 bytes to ecology
[dna] water wrote 53 bytes to ecology
[dna] water wrote 73 bytes to ecology
[dna] water wrote 194 bytes to ecology
[dna] water wrote 235 bytes to ecology
[dna] water wrote 246 bytes to ecology
[debug-onto] tick=300 corpus=143068 stage=2 freeze=0
[dna] water wrote 23 bytes to ecology
[dna] water wrote 75 bytes to ecology
[dna] water wrote 112 bytes to ecology
[dna] water wrote 31 bytes to ecology
[dna] water wrote 60 bytes to ecology
[dna] water wrote 68 bytes to ecology
[dna] water wrote 49 bytes to ecology
[dna] water wrote 21 bytes to ecology
[dna] water wrote 35 bytes to ecology
[dna] water wrote 16 bytes to ecology
[dna] water wrote 59 bytes to ecology
[dna] water wrote 37 bytes to ecology
[dna] water wrote 108 bytes to ecology
[dna] water wrote 56 bytes to ecology
[dna] water wrote 38 bytes to ecology
[dna] water wrote 77 bytes to ecology
[dna] water wrote 63 bytes to ecology
[dna] water wrote 77 bytes to ecology
[debug-onto] tick=350 corpus=143068 stage=2 freeze=0
[dna] water wrote 29 bytes to ecology
[dna] water wrote 58 bytes to ecology
[dna] water wrote 55 bytes to ecology
[dna] water wrote 133 bytes to ecology
[dna] water wrote 40 bytes to ecology
[dna] water wrote 70 bytes to ecology
[dna] water wrote 18 bytes to ecology
[dna] water wrote 31 bytes to ecology
[dna] water wrote 141 bytes to ecology
[dna] water wrote 40 bytes to ecology
[dna] water wrote 30 bytes to ecology
[dna] water wrote 23 bytes to ecology
[dna] water wrote 28 bytes to ecology
[dna] water wrote 48 bytes to ecology
[dna] water wrote 180 bytes to ecology
[dna] water wrote 22 bytes to ecology
[dna] water wrote 35 bytes to ecology
[debug-onto] tick=400 corpus=143068 stage=2 freeze=0
[dna] water wrote 58 bytes to ecology
[dna] water wrote 45 bytes to ecology
[dna] water wrote 49 bytes to ecology
[dna] water wrote 67 bytes to ecology
[dna] water wrote 13 bytes to ecology
[dna] water wrote 44 bytes to ecology
[dna] water wrote 67 bytes to ecology
[dna] water wrote 69 bytes to ecology
[dna] water wrote 24 bytes to ecology
[dna] water wrote 73 bytes to ecology
[dna] water wrote 83 bytes to ecology
[dna] water wrote 59 bytes to ecology
[dna] water wrote 53 bytes to ecology
[dna] water wrote 196 bytes to ecology
[dna] water wrote 20 bytes to ecology
[dna] water wrote 27 bytes to ecology
[debug-onto] tick=450 corpus=143068 stage=2 freeze=0
[dna] water wrote 70 bytes to ecology
[dna] water wrote 54 bytes to ecology
[dna] water wrote 88 bytes to ecology
[dna] water wrote 54 bytes to ecology
[dna] water wrote 86 bytes to ecology
[dna] water wrote 33 bytes to ecology
[dna] water wrote 37 bytes to ecology
[dna] water wrote 161 bytes to ecology
[dna] water wrote 32 bytes to ecology
[dna] water wrote 62 bytes to ecology
[dna] water wrote 31 bytes to ecology
[dna] water wrote 41 bytes to ecology
[dna] water wrote 53 bytes to ecology
[dna] water wrote 21 bytes to ecology
[dna] water wrote 151 bytes to ecology
[dna] water wrote 140 bytes to ecology
[dna] water wrote 30 bytes to ecology
[dna] water wrote 27 bytes to ecology
[debug-onto] tick=500 corpus=143068 stage=2 freeze=0
[dna] water wrote 35 bytes to ecology
[dna] water wrote 39 bytes to ecology
[dna] water wrote 76 bytes to ecology
[dna] water wrote 53 bytes to ecology
[dna] water wrote 177 bytes to ecology
[dna] water wrote 120 bytes to ecology
[dna] water wrote 41 bytes to ecology
[dna] water wrote 29 bytes to ecology
[dna] water wrote 53 bytes to ecology
[dna] water wrote 99 bytes to ecology
[dna] water wrote 62 bytes to ecology
[dna] water wrote 67 bytes to ecology
[dna] water wrote 51 bytes to ecology
[dna] water wrote 18 bytes to ecology
[dna] water wrote 196 bytes to ecology
[dna] water wrote 35 bytes to ecology
[dna] water wrote 44 bytes to ecology
[dna] water wrote 75 bytes to ecology
[debug-onto] tick=550 corpus=143068 stage=2 freeze=0
[dna] water wrote 53 bytes to ecology
[dna] water wrote 161 bytes to ecology
[dna] water wrote 110 bytes to ecology
[dna] water wrote 218 bytes to ecology
[dna] water wrote 76 bytes to ecology
[dna] water wrote 29 bytes to ecology
[dna] water wrote 52 bytes to ecology
[dna] water wrote 53 bytes to ecology
[dna] water wrote 52 bytes to ecology
[dna] water wrote 58 bytes to ecology
[dna] water wrote 82 bytes to ecology
[dna] water wrote 93 bytes to ecology
[dna] water wrote 34 bytes to ecology
[dna] water wrote 102 bytes to ecology
[dna] water wrote 74 bytes to ecology
[dna] water wrote 49 bytes to ecology
[debug-onto] tick=600 corpus=143068 stage=2 freeze=0
[dna] water wrote 52 bytes to ecology
[dna] water wrote 85 bytes to ecology
[dna] water wrote 105 bytes to ecology
[dna] water wrote 49 bytes to ecology
[dna] water wrote 19 bytes to ecology
[dna] water wrote 65 bytes to ecology
[dna] water wrote 19 bytes to ecology
[dna] water wrote 34 bytes to ecology
[dna] water wrote 87 bytes to ecology
[dna] water wrote 31 bytes to ecology
[dna] water wrote 49 bytes to ecology
[dna] water wrote 77 bytes to ecology
[dna] water wrote 100 bytes to ecology

[evolution] Organism shutting down gracefully.
