[ecology] Element: air → corpus: nonames_air.txt
[evolution] Autonomous evolution mode — organism will grow through all stages without pause.
[ecology] Joined swarm. 1 peer(s) detected.
molequla is alive. [evolution] Autonomous mode — background trainer running. Ctrl+C to stop.
[dna] air wrote 53 bytes to ecology
[dna] air consumed 24589 bytes from 355 files: [earth/gen_1778655021_1.txt earth/gen_1778655026_3.txt earth/gen_1778655029_4.txt earth/gen_1778655037_7.txt earth/gen_1778655042_9.txt earth/gen_1778655045_10.txt earth/gen_1778655053_13.txt earth/gen_1778655061_16.txt earth/gen_1778655066_18.txt earth/gen_1778655069_19.txt earth/gen_1778655074_21.txt earth/gen_1778655077_22.txt earth/gen_1778655082_24.txt earth/gen_1778655085_25.txt earth/gen_1778655090_27.txt earth/gen_1778655093_28.txt earth/gen_1778655098_30.txt earth/gen_1778655101_31.txt earth/gen_1778655109_34.txt earth/gen_1778655117_37.txt earth/gen_1778655122_39.txt earth/gen_1778655125_40.txt earth/gen_1778655132_43.txt earth/gen_1778655138_45.txt earth/gen_1778655140_46.txt earth/gen_1778655148_49.txt earth/gen_1778655153_51.txt earth/gen_1778655156_52.txt earth/gen_1778655164_55.txt earth/gen_1778655169_57.txt earth/gen_1778655171_58.txt earth/gen_1778655179_61.txt earth/gen_1778655185_63.txt earth/gen_1778655187_64.txt earth/gen_1778655195_67.txt earth/gen_1778655200_69.txt earth/gen_1778655203_70.txt earth/gen_1778655211_73.txt earth/gen_1778655216_75.txt earth/gen_1778655219_76.txt earth/gen_1778655227_79.txt earth/gen_1778655232_81.txt earth/gen_1778655235_82.txt earth/gen_1778655248_87.txt earth/gen_1778655251_88.txt earth/gen_1778655256_90.txt earth/gen_1778655259_91.txt earth/gen_1778655264_93.txt earth/gen_1778655267_94.txt earth/gen_1778655273_96.txt earth/gen_1778655275_97.txt earth/gen_1778655281_99.txt earth/gen_1778655283_100.txt earth/gen_1778655289_102.txt earth/gen_1778655291_103.txt earth/gen_1778655297_105.txt earth/gen_1778655300_106.txt earth/gen_1778655307_109.txt earth/gen_1778655313_111.txt earth/gen_1778655315_112.txt earth/gen_1778655321_114.txt earth/gen_1778655323_115.txt earth/gen_1778655329_117.txt earth/gen_1778655331_118.txt earth/gen_1778655337_120.txt earth/gen_1778655339_121.txt earth/gen_1778655345_123.txt earth/gen_1778655347_124.txt earth/gen_1778655355_127.txt earth/gen_1778655360_129.txt earth/gen_1778655363_130.txt earth/gen_1778655368_132.txt earth/gen_1778655371_133.txt earth/gen_1778655376_135.txt earth/gen_1778655379_136.txt earth/gen_1778655387_139.txt earth/gen_1778655395_142.txt earth/gen_1778655402_145.txt earth/gen_1778655408_147.txt earth/gen_1778655410_148.txt earth/gen_1778655416_150.txt earth/gen_1778655418_151.txt earth/gen_1778655424_153.txt earth/gen_1778655426_154.txt earth/gen_1778655432_156.txt earth/gen_1778655434_157.txt earth/gen_1778655440_159.txt earth/gen_1778655442_160.txt earth/gen_1778655448_162.txt earth/gen_1778655450_163.txt earth/gen_1778655456_165.txt earth/gen_1778655458_166.txt earth/gen_1778655466_169.txt earth/gen_1778655471_171.txt earth/gen_1778655474_172.txt earth/gen_1778655482_175.txt earth/gen_1778655490_178.txt earth/gen_1778655498_181.txt earth/gen_1778655503_183.txt earth/gen_1778655506_184.txt earth/gen_1778655511_186.txt earth/gen_1778655514_187.txt earth/gen_1778655519_189.txt earth/gen_1778655522_190.txt earth/gen_1778655535_195.txt earth/gen_1778655538_196.txt earth/gen_1778655545_199.txt earth/gen_1778655551_201.txt earth/gen_1778655553_202.txt earth/gen_1778655561_205.txt earth/gen_1778655566_207.txt earth/gen_1778655569_208.txt earth/gen_1778655577_211.txt earth/gen_1778655582_213.txt earth/gen_1778655585_214.txt earth/gen_1778655590_216.txt earth/gen_1778655593_217.txt earth/gen_1778655598_219.txt earth/gen_1778655601_220.txt earth/gen_1778655609_223.txt earth/gen_1778655614_225.txt earth/gen_1778655617_226.txt earth/gen_1778655623_228.txt earth/gen_1778655625_229.txt earth/gen_1778655631_231.txt earth/gen_1778655633_232.txt earth/gen_1778655641_235.txt earth/gen_1778655647_237.txt earth/gen_1778655649_238.txt earth/gen_1778655658_241.txt earth/gen_1778655663_243.txt earth/gen_1778655666_244.txt earth/gen_1778655674_247.txt earth/gen_1778655679_249.txt earth/gen_1778655682_250.txt earth/gen_1778655690_253.txt earth/gen_1778655695_255.txt earth/gen_1778655698_256.txt earth/gen_1778655711_261.txt earth/gen_1778655714_262.txt earth/gen_1778655719_264.txt earth/gen_1778655722_265.txt earth/gen_1778655727_267.txt earth/gen_1778655730_268.txt earth/gen_1778655738_271.txt earth/gen_1778655743_273.txt earth/gen_1778655746_274.txt earth/gen_1778655754_277.txt earth/gen_1778655759_279.txt earth/gen_1778655762_280.txt earth/gen_1778655770_283.txt earth/gen_1778655775_285.txt earth/gen_1778655778_286.txt earth/gen_1778655786_289.txt earth/gen_1778655791_291.txt earth/gen_1778655794_292.txt earth/gen_1778655802_295.txt earth/gen_1778655807_297.txt earth/gen_1778655810_298.txt earth/gen_1778655818_301.txt earth/gen_1778655823_303.txt earth/gen_1778655826_304.txt earth/gen_1778655831_306.txt earth/gen_1778655839_309.txt earth/gen_1778655842_310.txt earth/gen_1778655847_312.txt earth/gen_1778655850_313.txt earth/gen_1778655855_315.txt earth/gen_1778655858_316.txt earth/gen_1778655866_319.txt earth/gen_1778655871_321.txt earth/gen_1778655874_322.txt earth/gen_1778655882_325.txt earth/gen_1778655887_327.txt earth/gen_1778655890_328.txt earth/gen_1778655898_331.txt earth/gen_1778655903_333.txt earth/gen_1778655905_334.txt earth/gen_1778655911_336.txt earth/gen_1778655913_337.txt earth/gen_1778655919_339.txt earth/gen_1778655921_340.txt earth/gen_1778655929_343.txt earth/gen_1778655934_345.txt earth/gen_1778655937_346.txt earth/gen_1778655945_349.txt earth/gen_1778655950_351.txt earth/gen_1778655953_352.txt earth/gen_1778655961_355.txt earth/gen_1778655966_357.txt earth/gen_1778655968_358.txt earth/gen_1778655976_361.txt earth/gen_1778655982_363.txt earth/gen_1778655984_364.txt earth/gen_1778655992_367.txt earth/gen_1778655997_369.txt earth/gen_1778656000_370.txt earth/gen_1778656008_373.txt earth/gen_1778656013_375.txt earth/gen_1778656016_376.txt earth/gen_1778656024_379.txt earth/gen_1778656029_381.txt earth/gen_1778656032_382.txt earth/gen_1778656039_385.txt earth/gen_1778656045_387.txt earth/gen_1778656047_388.txt earth/gen_1778656052_390.txt earth/gen_1778656055_391.txt earth/gen_1778656060_393.txt earth/gen_1778656063_394.txt earth/gen_1778656071_397.txt earth/gen_1778656076_399.txt earth/gen_1778656078_400.txt earth/gen_1778656084_402.txt earth/gen_1778656086_403.txt earth/gen_1778656091_405.txt earth/gen_1778656094_406.txt earth/gen_1778656099_408.txt earth/gen_1778656102_409.txt earth/gen_1778656107_411.txt earth/gen_1778656109_412.txt earth/gen_1778656117_415.txt earth/gen_1778656122_417.txt earth/gen_1778656125_418.txt earth/gen_1778656133_421.txt earth/gen_1778656141_424.txt earth/gen_1778656148_427.txt earth/gen_1778656153_429.txt earth/gen_1778656156_430.txt earth/gen_1778656164_433.txt earth/gen_1778656169_435.txt earth/gen_1778656172_436.txt earth/gen_1778656179_439.txt earth/gen_1778656185_441.txt earth/gen_1778656187_442.txt earth/gen_1778656192_444.txt earth/gen_1778656195_445.txt earth/gen_1778656200_447.txt earth/gen_1778656203_448.txt earth/gen_1778656208_450.txt earth/gen_1778656210_451.txt earth/gen_1778656216_453.txt earth/gen_1778656218_454.txt earth/gen_1778656226_457.txt earth/gen_1778656234_460.txt earth/gen_1778656239_462.txt earth/gen_1778656242_463.txt earth/gen_1778656247_465.txt earth/gen_1778656250_466.txt earth/gen_1778656257_469.txt earth/gen_1778656263_471.txt earth/gen_1778656265_472.txt earth/gen_1778656273_475.txt earth/gen_1778656278_477.txt earth/gen_1778656281_478.txt earth/gen_1778656289_481.txt earth/gen_1778656297_484.txt earth/gen_1778656304_487.txt earth/gen_1778656310_489.txt earth/gen_1778656312_490.txt earth/gen_1778656320_493.txt earth/gen_1778656325_495.txt earth/gen_1778656328_496.txt earth/gen_1778656336_499.txt earth/gen_1778656341_501.txt earth/gen_1778656344_502.txt earth/gen_1778656349_504.txt earth/gen_1778656352_505.txt earth/gen_1778656360_508.txt earth/gen_1778656365_510.txt earth/gen_1778656368_511.txt earth/gen_1778656373_513.txt earth/gen_1778656376_514.txt earth/gen_1778656381_516.txt earth/gen_1778656384_517.txt earth/gen_1778656389_519.txt earth/gen_1778656392_520.txt earth/gen_1778656400_523.txt earth/gen_1778656405_525.txt earth/gen_1778656407_526.txt earth/gen_1778656413_528.txt earth/gen_1778656415_529.txt earth/gen_1778656421_531.txt earth/gen_1778656423_532.txt earth/gen_1778656428_534.txt earth/gen_1778656431_535.txt earth/gen_1778656436_537.txt earth/gen_1778656439_538.txt earth/gen_1778656444_540.txt earth/gen_1778656447_541.txt earth/gen_1778656452_543.txt earth/gen_1778656455_544.txt earth/gen_1778656463_547.txt earth/gen_1778656468_549.txt earth/gen_1778656471_550.txt earth/gen_1778656479_553.txt earth/gen_1778656484_555.txt earth/gen_1778656487_556.txt earth/gen_1778656492_558.txt earth/gen_1778656495_559.txt earth/gen_1778656500_561.txt earth/gen_1778656503_562.txt earth/gen_1778656511_565.txt earth/gen_1778656517_567.txt earth/gen_1778656519_568.txt earth/gen_1778656525_570.txt earth/gen_1778656527_571.txt earth/gen_1778656533_573.txt earth/gen_1778656535_574.txt earth/gen_1778656543_577.txt earth/gen_1778656549_579.txt earth/gen_1778656551_580.txt earth/gen_1778656557_582.txt earth/gen_1778656559_583.txt earth/gen_1778656565_585.txt earth/gen_1778656567_586.txt earth/gen_1778656575_589.txt earth/gen_1778656583_592.txt earth/gen_1778656591_595.txt earth/gen_1778656597_597.txt earth/gen_1778656599_598.txt earth/gen_1778656607_601.txt earth/gen_1778656615_604.txt earth/gen_1778656623_607.txt earth/gen_1778656628_609.txt earth/gen_1778656631_610.txt earth/gen_1778656639_613.txt earth/gen_1778656644_615.txt earth/gen_1778656647_616.txt earth/gen_1778656655_619.txt earth/gen_1778656660_621.txt earth/gen_1778656663_622.txt earth/gen_1778656671_625.txt earth/gen_1778656676_627.txt earth/gen_1778656679_628.txt earth/gen_1778656687_631.txt earth/gen_1778656692_633.txt earth/gen_1778656695_634.txt earth/gen_1778656703_637.txt earth/gen_1778656708_639.txt earth/gen_1778656711_640.txt earth/gen_1778656719_643.txt earth/gen_1778656724_645.txt earth/gen_1778656727_646.txt earth/gen_1778656735_649.txt earth/gen_1778656740_651.txt earth/gen_1778656743_652.txt earth/gen_1778656751_655.txt earth/gen_1778656757_657.txt earth/gen_1778656759_658.txt earth/gen_1778656767_661.txt earth/gen_1778656773_663.txt earth/gen_1778656775_664.txt earth/gen_1778656783_667.txt earth/gen_1778656789_669.txt]
[trainer] micro-train burst (24589 bytes, novelty 0.03) — and lo, it feeds again.
[syntropy] action=explore | trend=0.0000 | field_dev=-0.037 | purpose_align=0.183 | lr_mul=1.30
[aml] burst complete: 32 steps, avg loss 2.3554 (memory freed)
[dna] air wrote 9 bytes to ecology
[dna] air wrote 44 bytes to ecology
[dna] air wrote 9 bytes to ecology
[dna] air wrote 48 bytes to ecology
[dna] air wrote 9 bytes to ecology
[dna] air wrote 21 bytes to ecology
[dna] air wrote 9 bytes to ecology
[dna] air wrote 40 bytes to ecology
[dna] air wrote 9 bytes to ecology
[dna] air wrote 86 bytes to ecology
[dna] air wrote 9 bytes to ecology
[dna] air wrote 35 bytes to ecology
[dna] air wrote 35 bytes to ecology
[dna] air wrote 28 bytes to ecology
[dna] air wrote 9 bytes to ecology
[dna] air wrote 72 bytes to ecology
[dna] air wrote 9 bytes to ecology
[dna] air wrote 60 bytes to ecology
[dna] air wrote 9 bytes to ecology
[dna] air wrote 9 bytes to ecology
[dna] air wrote 77 bytes to ecology
[dna] air wrote 9 bytes to ecology
[dna] air wrote 28 bytes to ecology
[dna] air wrote 9 bytes to ecology
[dna] air wrote 33 bytes to ecology
[dna] air wrote 9 bytes to ecology
[dna] air wrote 35 bytes to ecology
[dna] air wrote 9 bytes to ecology
[dna] air wrote 9 bytes to ecology
[dna] air wrote 68 bytes to ecology
[dna] air wrote 9 bytes to ecology
[dna] air wrote 73 bytes to ecology
[dna] air wrote 9 bytes to ecology
[dna] air wrote 9 bytes to ecology
[dna] air wrote 16 bytes to ecology
[debug-onto] tick=50 corpus=147260 stage=2 freeze=0
[dna] air wrote 9 bytes to ecology
[dna] air wrote 62 bytes to ecology
[dna] air wrote 9 bytes to ecology
[dna] air wrote 26 bytes to ecology
[dna] air wrote 9 bytes to ecology
[dna] air wrote 8 bytes to ecology
[dna] air wrote 9 bytes to ecology
[dna] air wrote 64 bytes to ecology
[dna] air wrote 120 bytes to ecology
[dna] air wrote 9 bytes to ecology
[dna] air wrote 9 bytes to ecology
[dna] air wrote 138 bytes to ecology
[dna] air wrote 9 bytes to ecology
[dna] air wrote 93 bytes to ecology
[dna] air wrote 9 bytes to ecology
[dna] air wrote 9 bytes to ecology
[dna] air wrote 194 bytes to ecology
[dna] air wrote 9 bytes to ecology
[dna] air wrote 44 bytes to ecology
[dna] air wrote 9 bytes to ecology
[dna] air wrote 9 bytes to ecology
[dna] air wrote 31 bytes to ecology
[dna] air wrote 9 bytes to ecology
[dna] air wrote 48 bytes to ecology
[dna] air wrote 9 bytes to ecology
[dna] air wrote 9 bytes to ecology
[dna] air wrote 91 bytes to ecology
[dna] air wrote 9 bytes to ecology
[dna] air wrote 22 bytes to ecology
[dna] air wrote 9 bytes to ecology
[dna] air wrote 9 bytes to ecology
[dna] air wrote 70 bytes to ecology
[dna] air wrote 9 bytes to ecology
[dna] air wrote 63 bytes to ecology
[dna] air wrote 9 bytes to ecology
[dna] air wrote 39 bytes to ecology
[dna] air wrote 9 bytes to ecology
[dna] air wrote 21 bytes to ecology
[debug-onto] tick=100 corpus=147260 stage=2 freeze=0
[dna] air wrote 9 bytes to ecology
[dna] air wrote 144 bytes to ecology
[dna] air wrote 9 bytes to ecology
[dna] air wrote 201 bytes to ecology
[dna] air wrote 9 bytes to ecology
[dna] air wrote 142 bytes to ecology
[dna] air wrote 9 bytes to ecology
[dna] air wrote 53 bytes to ecology
[dna] air wrote 9 bytes to ecology
[dna] air wrote 9 bytes to ecology
[dna] air wrote 95 bytes to ecology
[dna] air wrote 9 bytes to ecology
[dna] air wrote 59 bytes to ecology
[dna] air wrote 9 bytes to ecology
[dna] air wrote 9 bytes to ecology
[dna] air wrote 64 bytes to ecology
[dna] air wrote 9 bytes to ecology
[dna] air wrote 111 bytes to ecology
[dna] air wrote 9 bytes to ecology
[dna] air wrote 134 bytes to ecology
[dna] air wrote 9 bytes to ecology
[dna] air wrote 43 bytes to ecology
[dna] air wrote 9 bytes to ecology
[dna] air wrote 9 bytes to ecology
[dna] air wrote 34 bytes to ecology
[dna] air wrote 9 bytes to ecology
[dna] air wrote 71 bytes to ecology
[dna] air wrote 9 bytes to ecology
[dna] air wrote 75 bytes to ecology
[dna] air wrote 9 bytes to ecology
[dna] air wrote 53 bytes to ecology
[dna] air wrote 9 bytes to ecology
[dna] air wrote 180 bytes to ecology
[dna] air wrote 9 bytes to ecology
[dna] air wrote 48 bytes to ecology
[dna] air wrote 9 bytes to ecology
[dna] air wrote 9 bytes to ecology
[debug-onto] tick=150 corpus=147260 stage=2 freeze=0
[dna] air wrote 50 bytes to ecology
[dna] air wrote 24 bytes to ecology
[dna] air wrote 47 bytes to ecology
[dna] air wrote 9 bytes to ecology
[dna] air wrote 149 bytes to ecology
[dna] air wrote 9 bytes to ecology
[dna] air wrote 55 bytes to ecology
[dna] air wrote 9 bytes to ecology
[dna] air wrote 46 bytes to ecology
[dna] air wrote 9 bytes to ecology
[dna] air wrote 42 bytes to ecology
[dna] air wrote 9 bytes to ecology
[dna] air wrote 9 bytes to ecology
[dna] air wrote 80 bytes to ecology
[dna] air wrote 9 bytes to ecology
[dna] air wrote 37 bytes to ecology
[dna] air wrote 9 bytes to ecology
[dna] air wrote 9 bytes to ecology
[dna] air wrote 31 bytes to ecology
[dna] air wrote 9 bytes to ecology
[dna] air wrote 34 bytes to ecology
[dna] air wrote 9 bytes to ecology
[dna] air wrote 31 bytes to ecology
[dna] air wrote 9 bytes to ecology
[dna] air wrote 188 bytes to ecology
[dna] air wrote 9 bytes to ecology
[dna] air wrote 15 bytes to ecology
[dna] air wrote 9 bytes to ecology
[dna] air wrote 56 bytes to ecology
[dna] air wrote 9 bytes to ecology
[dna] air wrote 98 bytes to ecology
[dna] air wrote 65 bytes to ecology
[dna] air wrote 45 bytes to ecology
[dna] air wrote 9 bytes to ecology
[dna] air wrote 27 bytes to ecology
[debug-onto] tick=200 corpus=147260 stage=2 freeze=0
[dna] air wrote 9 bytes to ecology
[dna] air wrote 196 bytes to ecology
[dna] air wrote 9 bytes to ecology
[dna] air wrote 124 bytes to ecology
[dna] air wrote 9 bytes to ecology
[dna] air wrote 35 bytes to ecology
[dna] air wrote 9 bytes to ecology
[dna] air wrote 67 bytes to ecology
[dna] air wrote 41 bytes to ecology
[dna] air wrote 58 bytes to ecology
[dna] air wrote 9 bytes to ecology
[dna] air wrote 9 bytes to ecology
[dna] air wrote 152 bytes to ecology
[dna] air wrote 9 bytes to ecology
[dna] air wrote 48 bytes to ecology
[dna] air wrote 9 bytes to ecology
[dna] air wrote 9 bytes to ecology
[dna] air wrote 119 bytes to ecology
[dna] air wrote 9 bytes to ecology
[dna] air wrote 23 bytes to ecology
[dna] air wrote 9 bytes to ecology
[dna] air wrote 9 bytes to ecology
[dna] air wrote 64 bytes to ecology
[dna] air wrote 9 bytes to ecology
[dna] air wrote 36 bytes to ecology
[dna] air wrote 9 bytes to ecology
[dna] air wrote 47 bytes to ecology
[dna] air wrote 9 bytes to ecology
[dna] air wrote 89 bytes to ecology
[dna] air wrote 9 bytes to ecology
[dna] air wrote 158 bytes to ecology
[dna] air wrote 18 bytes to ecology
[dna] air wrote 89 bytes to ecology
[dna] air wrote 9 bytes to ecology
[dna] air wrote 9 bytes to ecology
[dna] air wrote 30 bytes to ecology
[dna] air wrote 9 bytes to ecology
[dna] air wrote 40 bytes to ecology
[debug-onto] tick=250 corpus=147260 stage=2 freeze=0
[dna] air wrote 9 bytes to ecology
[dna] air wrote 50 bytes to ecology
[dna] air wrote 9 bytes to ecology
[dna] air wrote 37 bytes to ecology
[dna] air wrote 9 bytes to ecology
[dna] air wrote 45 bytes to ecology
[dna] air wrote 9 bytes to ecology
[dna] air wrote 111 bytes to ecology
[dna] air wrote 9 bytes to ecology
[dna] air wrote 69 bytes to ecology
[dna] air wrote 9 bytes to ecology
[dna] air wrote 31 bytes to ecology
[dna] air wrote 9 bytes to ecology
[dna] air wrote 9 bytes to ecology
[dna] air wrote 52 bytes to ecology
[dna] air wrote 9 bytes to ecology
[dna] air wrote 81 bytes to ecology
[dna] air wrote 9 bytes to ecology
[dna] air wrote 27 bytes to ecology
[dna] air wrote 9 bytes to ecology
[dna] air wrote 160 bytes to ecology
[dna] air wrote 9 bytes to ecology
[dna] air wrote 9 bytes to ecology
[dna] air wrote 36 bytes to ecology
[dna] air wrote 9 bytes to ecology
[dna] air wrote 77 bytes to ecology
[dna] air wrote 9 bytes to ecology
[dna] air wrote 39 bytes to ecology
[dna] air wrote 25 bytes to ecology
[dna] air wrote 9 bytes to ecology
[dna] air wrote 66 bytes to ecology
[dna] air wrote 9 bytes to ecology
[dna] air wrote 19 bytes to ecology
[dna] air wrote 9 bytes to ecology
[dna] air wrote 9 bytes to ecology
[debug-onto] tick=300 corpus=147260 stage=2 freeze=0
[dna] air wrote 43 bytes to ecology
[dna] air wrote 9 bytes to ecology
[dna] air wrote 85 bytes to ecology
[dna] air wrote 9 bytes to ecology
[dna] air wrote 9 bytes to ecology
[dna] air wrote 93 bytes to ecology
[dna] air wrote 9 bytes to ecology
[dna] air wrote 36 bytes to ecology
[dna] air wrote 9 bytes to ecology
[dna] air wrote 9 bytes to ecology
[dna] air wrote 42 bytes to ecology
[dna] air wrote 9 bytes to ecology
[dna] air wrote 41 bytes to ecology
[dna] air wrote 9 bytes to ecology
[dna] air wrote 31 bytes to ecology
[dna] air wrote 9 bytes to ecology
[dna] air wrote 35 bytes to ecology
[dna] air wrote 9 bytes to ecology
[dna] air wrote 42 bytes to ecology
[dna] air wrote 9 bytes to ecology
[dna] air wrote 100 bytes to ecology
[dna] air wrote 9 bytes to ecology
[dna] air wrote 9 bytes to ecology
[dna] air wrote 84 bytes to ecology
[dna] air wrote 9 bytes to ecology
[dna] air wrote 144 bytes to ecology
[dna] air wrote 9 bytes to ecology
[dna] air wrote 59 bytes to ecology
[dna] air wrote 9 bytes to ecology
[dna] air wrote 84 bytes to ecology
[dna] air wrote 9 bytes to ecology
[dna] air wrote 9 bytes to ecology
[dna] air wrote 46 bytes to ecology
[dna] air wrote 9 bytes to ecology
[dna] air wrote 37 bytes to ecology
[dna] air wrote 9 bytes to ecology
[dna] air wrote 9 bytes to ecology
[dna] air wrote 48 bytes to ecology
[debug-onto] tick=350 corpus=147260 stage=2 freeze=0
[dna] air wrote 9 bytes to ecology
[dna] air wrote 130 bytes to ecology
[dna] air wrote 9 bytes to ecology
[dna] air wrote 9 bytes to ecology
[dna] air wrote 158 bytes to ecology
[dna] air wrote 9 bytes to ecology
[dna] air wrote 53 bytes to ecology
[dna] air wrote 9 bytes to ecology
[dna] air wrote 46 bytes to ecology
[dna] air wrote 9 bytes to ecology
[dna] air wrote 57 bytes to ecology
[dna] air wrote 9 bytes to ecology
[dna] air wrote 9 bytes to ecology
[dna] air wrote 43 bytes to ecology
[dna] air wrote 30 bytes to ecology
[dna] air wrote 9 bytes to ecology
[dna] air wrote 60 bytes to ecology
[dna] air wrote 9 bytes to ecology
[dna] air wrote 30 bytes to ecology
[dna] air wrote 9 bytes to ecology
[dna] air wrote 9 bytes to ecology
[dna] air wrote 19 bytes to ecology
[dna] air wrote 9 bytes to ecology
[dna] air wrote 74 bytes to ecology
[dna] air wrote 9 bytes to ecology
[dna] air wrote 49 bytes to ecology
[dna] air wrote 47 bytes to ecology
[dna] air wrote 37 bytes to ecology
[dna] air wrote 9 bytes to ecology
[dna] air wrote 109 bytes to ecology
[dna] air wrote 9 bytes to ecology
[dna] air wrote 31 bytes to ecology
[dna] air wrote 9 bytes to ecology
[dna] air wrote 80 bytes to ecology
[dna] air wrote 103 bytes to ecology
[dna] air wrote 77 bytes to ecology
[debug-onto] tick=400 corpus=147260 stage=2 freeze=0
[dna] air wrote 9 bytes to ecology
[dna] air wrote 9 bytes to ecology
[dna] air wrote 29 bytes to ecology
[dna] air wrote 9 bytes to ecology
[dna] air wrote 138 bytes to ecology
[dna] air wrote 9 bytes to ecology
[dna] air wrote 42 bytes to ecology
[dna] air wrote 9 bytes to ecology
[dna] air wrote 49 bytes to ecology
[dna] air wrote 9 bytes to ecology
[dna] air wrote 76 bytes to ecology
[dna] air wrote 9 bytes to ecology
[dna] air wrote 106 bytes to ecology
[dna] air wrote 9 bytes to ecology
[dna] air wrote 9 bytes to ecology
[dna] air wrote 56 bytes to ecology
[dna] air wrote 9 bytes to ecology
[dna] air wrote 78 bytes to ecology
[dna] air wrote 9 bytes to ecology
[dna] air wrote 128 bytes to ecology
[dna] air wrote 88 bytes to ecology
[dna] air wrote 46 bytes to ecology
[dna] air wrote 9 bytes to ecology
[dna] air wrote 9 bytes to ecology
[dna] air wrote 112 bytes to ecology
[dna] air wrote 9 bytes to ecology
[dna] air wrote 25 bytes to ecology
[dna] air wrote 9 bytes to ecology
[dna] air wrote 9 bytes to ecology
[dna] air wrote 196 bytes to ecology
[dna] air wrote 9 bytes to ecology
[dna] air wrote 39 bytes to ecology
[dna] air wrote 9 bytes to ecology
[dna] air wrote 110 bytes to ecology
[dna] air wrote 41 bytes to ecology
[dna] air wrote 58 bytes to ecology
[dna] air wrote 9 bytes to ecology
[dna] air wrote 9 bytes to ecology
[debug-onto] tick=450 corpus=147260 stage=2 freeze=0
[dna] air wrote 29 bytes to ecology
[dna] air wrote 128 bytes to ecology
[dna] air wrote 9 bytes to ecology
[dna] air wrote 9 bytes to ecology
[dna] air wrote 45 bytes to ecology
[dna] air wrote 9 bytes to ecology
[dna] air wrote 19 bytes to ecology
[dna] air wrote 9 bytes to ecology
[dna] air wrote 9 bytes to ecology
[dna] air wrote 131 bytes to ecology
[dna] air wrote 9 bytes to ecology
[dna] air wrote 29 bytes to ecology
[dna] air wrote 9 bytes to ecology
[dna] air wrote 9 bytes to ecology
[dna] air wrote 16 bytes to ecology
[dna] air wrote 9 bytes to ecology
[dna] air wrote 24 bytes to ecology
[dna] air wrote 9 bytes to ecology
[dna] air wrote 9 bytes to ecology
[dna] air wrote 24 bytes to ecology
[dna] air wrote 9 bytes to ecology
[dna] air wrote 48 bytes to ecology
[dna] air wrote 9 bytes to ecology
[dna] air wrote 43 bytes to ecology
[dna] air wrote 9 bytes to ecology
[dna] air wrote 45 bytes to ecology
[dna] air wrote 9 bytes to ecology
[dna] air wrote 9 bytes to ecology
[dna] air wrote 36 bytes to ecology
[dna] air wrote 9 bytes to ecology
[dna] air wrote 179 bytes to ecology
[dna] air wrote 9 bytes to ecology
[dna] air wrote 9 bytes to ecology
[dna] air wrote 96 bytes to ecology
[dna] air wrote 9 bytes to ecology
[dna] air wrote 40 bytes to ecology
[dna] air wrote 9 bytes to ecology
[dna] air wrote 9 bytes to ecology
[dna] air wrote 30 bytes to ecology
[debug-onto] tick=500 corpus=147260 stage=2 freeze=0
[dna] air wrote 9 bytes to ecology
[dna] air wrote 168 bytes to ecology
[dna] air wrote 9 bytes to ecology
[dna] air wrote 80 bytes to ecology
[dna] air wrote 9 bytes to ecology
[dna] air wrote 43 bytes to ecology
[dna] air wrote 9 bytes to ecology
[dna] air wrote 9 bytes to ecology
[dna] air wrote 107 bytes to ecology
[dna] air wrote 9 bytes to ecology
[dna] air wrote 52 bytes to ecology
[dna] air wrote 9 bytes to ecology
[dna] air wrote 51 bytes to ecology
[dna] air wrote 20 bytes to ecology
[dna] air wrote 81 bytes to ecology
[dna] air wrote 9 bytes to ecology
[dna] air wrote 9 bytes to ecology
[dna] air wrote 73 bytes to ecology
[dna] air wrote 63 bytes to ecology
[dna] air wrote 28 bytes to ecology
[dna] air wrote 9 bytes to ecology
[dna] air wrote 37 bytes to ecology
[dna] air wrote 9 bytes to ecology
[dna] air wrote 47 bytes to ecology
[dna] air wrote 9 bytes to ecology
[dna] air wrote 40 bytes to ecology
[dna] air wrote 26 bytes to ecology
[dna] air wrote 9 bytes to ecology
[dna] air wrote 9 bytes to ecology
[dna] air wrote 72 bytes to ecology
[dna] air wrote 40 bytes to ecology
[dna] air wrote 32 bytes to ecology
[dna] air wrote 9 bytes to ecology
[dna] air wrote 176 bytes to ecology
[dna] air wrote 9 bytes to ecology
[dna] air wrote 29 bytes to ecology
[debug-onto] tick=550 corpus=147260 stage=2 freeze=0
[dna] air wrote 9 bytes to ecology
[dna] air wrote 133 bytes to ecology
[dna] air wrote 9 bytes to ecology
[dna] air wrote 69 bytes to ecology
[dna] air wrote 9 bytes to ecology
[dna] air wrote 9 bytes to ecology
[dna] air wrote 58 bytes to ecology
[dna] air wrote 9 bytes to ecology
[dna] air wrote 29 bytes to ecology
[dna] air wrote 9 bytes to ecology
[dna] air wrote 9 bytes to ecology
[dna] air wrote 30 bytes to ecology
[dna] air wrote 9 bytes to ecology
[dna] air wrote 108 bytes to ecology
[dna] air wrote 9 bytes to ecology
[dna] air wrote 9 bytes to ecology
[dna] air wrote 47 bytes to ecology
[dna] air wrote 9 bytes to ecology
[dna] air wrote 62 bytes to ecology
[dna] air wrote 9 bytes to ecology
[dna] air wrote 269 bytes to ecology
[dna] air wrote 9 bytes to ecology
[dna] air wrote 62 bytes to ecology
[dna] air wrote 9 bytes to ecology
[dna] air wrote 9 bytes to ecology
[dna] air wrote 51 bytes to ecology
[dna] air wrote 9 bytes to ecology
[dna] air wrote 42 bytes to ecology
[dna] air wrote 9 bytes to ecology
[dna] air wrote 40 bytes to ecology
[dna] air wrote 56 bytes to ecology
[dna] air wrote 54 bytes to ecology
[dna] air wrote 9 bytes to ecology
[dna] air wrote 9 bytes to ecology
[dna] air wrote 12 bytes to ecology
[dna] air wrote 9 bytes to ecology
[dna] air wrote 75 bytes to ecology
[dna] air wrote 9 bytes to ecology
[debug-onto] tick=600 corpus=147260 stage=2 freeze=0
[dna] air wrote 50 bytes to ecology
[dna] air wrote 9 bytes to ecology
[dna] air wrote 91 bytes to ecology
[dna] air wrote 9 bytes to ecology
[dna] air wrote 9 bytes to ecology
[dna] air wrote 249 bytes to ecology
[dna] air wrote 9 bytes to ecology
[dna] air wrote 94 bytes to ecology
[dna] air wrote 9 bytes to ecology
[dna] air wrote 9 bytes to ecology
[dna] air wrote 36 bytes to ecology
[dna] air wrote 9 bytes to ecology
[dna] air wrote 11 bytes to ecology
[dna] air wrote 9 bytes to ecology
[dna] air wrote 9 bytes to ecology
[dna] air wrote 29 bytes to ecology

[evolution] Organism shutting down gracefully.
