[ecology] Element: earth → corpus: nonames_earth.txt
[evolution] Autonomous evolution mode — organism will grow through all stages without pause.
[init] Stage 0 (embryo): embd=16, layer=1, head=1 — warmup 400 steps (400 backprop + 0 notorch, sqrt-scaled 1x)
  [aml] step 0/160 | loss 6.5510 (avg 6.5510) | lr 0.001000 | seq 8
  [aml] step 10/160 | loss 6.1252 (avg 6.4420) | lr 0.001450 | seq 8
  [aml] step 20/160 | loss 6.2145 (avg 6.2916) | lr 0.001900 | seq 8
  [aml] step 30/160 | loss 5.7631 (avg 6.1876) | lr 0.002350 | seq 8
  [aml] step 40/160 | loss 5.4304 (avg 6.0700) | lr 0.002800 | seq 8
  [aml] step 50/160 | loss 4.6764 (avg 5.9298) | lr 0.003250 | seq 8
  [aml] step 60/160 | loss 4.8858 (avg 5.7740) | lr 0.003700 | seq 8
  [aml] step 70/160 | loss 5.3977 (avg 5.6598) | lr 0.004150 | seq 8
  [aml] step 80/160 | loss 3.0163 (avg 5.5523) | lr 0.004600 | seq 8
  [aml] step 90/160 | loss 4.1735 (avg 5.4169) | lr 0.005050 | seq 8
  [aml] step 100/160 | loss 4.9951 (avg 5.3211) | lr 0.005500 | seq 8
  [aml] step 110/160 | loss 5.2435 (avg 5.1852) | lr 0.005950 | seq 8
  [aml] step 120/160 | loss 4.0089 (avg 5.1080) | lr 0.006400 | seq 8
  [aml] step 130/160 | loss 6.0633 (avg 5.0601) | lr 0.006850 | seq 8
  [aml] step 140/160 | loss 3.0501 (avg 5.0077) | lr 0.007300 | seq 8
  [aml] step 150/160 | loss 2.8723 (avg 4.9590) | lr 0.007750 | seq 8
[aml] training complete: 160 steps, avg loss 4.9111 (memory freed)
  [aml] step 0/120 | loss 5.1530 (avg 5.1530) | lr 0.008200 | seq 16
  [aml] step 10/120 | loss 4.4207 (avg 4.6157) | lr 0.008650 | seq 16
  [aml] step 20/120 | loss 3.5809 (avg 4.5994) | lr 0.009100 | seq 16
  [aml] step 30/120 | loss 3.4928 (avg 4.3755) | lr 0.009550 | seq 16
  [aml] step 40/120 | loss 3.1881 (avg 4.4078) | lr 0.010000 | seq 16
  [aml] step 50/120 | loss 3.0611 (avg 4.3381) | lr 0.010000 | seq 16
  [aml] step 60/120 | loss 4.3663 (avg 4.3025) | lr 0.010000 | seq 16
  [aml] step 70/120 | loss 4.7596 (avg 4.2173) | lr 0.010000 | seq 16
  [aml] step 80/120 | loss 5.2665 (avg 4.1622) | lr 0.009999 | seq 16
  [aml] step 90/120 | loss 4.4776 (avg 4.0665) | lr 0.009999 | seq 16
  [aml] step 100/120 | loss 3.8771 (avg 4.0052) | lr 0.009999 | seq 16
  [aml] step 110/120 | loss 5.2351 (avg 3.9285) | lr 0.009999 | seq 16
[aml] training complete: 120 steps, avg loss 3.9497 (memory freed)
  [aml] step 0/120 | loss 3.0487 (avg 3.0487) | lr 0.009999 | seq 32
  [aml] step 10/120 | loss 5.0982 (avg 4.1918) | lr 0.009999 | seq 32
  [aml] step 20/120 | loss 4.5233 (avg 4.0133) | lr 0.009999 | seq 32
  [aml] step 30/120 | loss 3.8464 (avg 3.7206) | lr 0.009999 | seq 32
  [aml] step 40/120 | loss 3.9178 (avg 3.6182) | lr 0.009999 | seq 32
  [aml] step 50/120 | loss 3.8723 (avg 3.5515) | lr 0.009999 | seq 32
  [aml] step 60/120 | loss 2.8006 (avg 3.4740) | lr 0.009999 | seq 32
  [aml] step 70/120 | loss 1.3867 (avg 3.4403) | lr 0.009999 | seq 32
  [aml] step 80/120 | loss 4.6341 (avg 3.4264) | lr 0.009999 | seq 32
  [aml] step 90/120 | loss 1.5066 (avg 3.3661) | lr 0.009999 | seq 32
  [aml] step 100/120 | loss 0.8563 (avg 3.3676) | lr 0.009999 | seq 32
  [aml] step 110/120 | loss 0.9077 (avg 3.2382) | lr 0.009999 | seq 32
[aml] training complete: 120 steps, avg loss 3.1418 (memory freed)

[stage 0 — embryo] What it sounds like now:
  Q: Hello.
  A: Every particles re spread enough toppled on the same a goct changes.
  Q: Who are you?
  A: ...
  Q: What do you know?
  A: ...

[growth] ONTOGENESIS: stage 0 -> 1
  embd: 16 -> 32, layer: 1 -> 1, head: 1 -> 2
[growth] Done. Freeze for 500 steps.
[init] Stage 1 (infant): embd=32, layer=1, head=2 — warmup 800 steps (800 backprop + 0 notorch, sqrt-scaled 2x)
  [aml] step 0/320 | loss 6.8837 (avg 6.8837) | lr 0.000500 | seq 8
  [aml] step 10/320 | loss 1.7156 (avg 4.8956) | lr 0.000725 | seq 8
  [aml] step 20/320 | loss 3.7393 (avg 4.1425) | lr 0.000950 | seq 8
  [aml] step 30/320 | loss 5.2438 (avg 3.9847) | lr 0.001175 | seq 8
  [aml] step 40/320 | loss 2.9916 (avg 4.0402) | lr 0.001400 | seq 8
  [aml] step 50/320 | loss 4.3893 (avg 3.9930) | lr 0.001625 | seq 8
  [aml] step 60/320 | loss 4.6123 (avg 4.1136) | lr 0.001850 | seq 8
  [aml] step 70/320 | loss 3.9237 (avg 4.1036) | lr 0.002075 | seq 8
  [aml] step 80/320 | loss 3.8903 (avg 4.1267) | lr 0.002300 | seq 8
  [aml] step 90/320 | loss 1.7134 (avg 4.1443) | lr 0.002525 | seq 8
  [aml] step 100/320 | loss 4.1879 (avg 4.1088) | lr 0.002750 | seq 8
  [aml] step 110/320 | loss 3.9065 (avg 4.0569) | lr 0.002975 | seq 8
  [aml] step 120/320 | loss 4.5410 (avg 4.0299) | lr 0.003200 | seq 8
  [aml] step 130/320 | loss 4.9070 (avg 4.0010) | lr 0.003425 | seq 8
  [aml] step 140/320 | loss 4.8243 (avg 4.0338) | lr 0.003650 | seq 8
  [aml] step 150/320 | loss 2.4716 (avg 3.9873) | lr 0.003875 | seq 8
  [aml] step 160/320 | loss 4.2872 (avg 4.0096) | lr 0.004100 | seq 8
  [aml] step 170/320 | loss 3.9609 (avg 3.9747) | lr 0.004325 | seq 8
  [aml] step 180/320 | loss 0.8274 (avg 3.9096) | lr 0.004550 | seq 8
  [aml] step 190/320 | loss 4.8043 (avg 3.8873) | lr 0.004775 | seq 8
  [aml] step 200/320 | loss 5.3027 (avg 3.8815) | lr 0.004998 | seq 8
  [aml] step 210/320 | loss 1.7023 (avg 3.8843) | lr 0.004998 | seq 8
  [aml] step 220/320 | loss 3.9349 (avg 3.8727) | lr 0.004998 | seq 8
  [aml] step 230/320 | loss 4.1383 (avg 3.8726) | lr 0.004998 | seq 8
  [aml] step 240/320 | loss 2.9509 (avg 3.8553) | lr 0.004998 | seq 8
  [aml] step 250/320 | loss 5.5562 (avg 3.8661) | lr 0.004998 | seq 8
  [aml] step 260/320 | loss 1.6944 (avg 3.8236) | lr 0.004998 | seq 8
  [aml] step 270/320 | loss 4.8753 (avg 3.7903) | lr 0.004998 | seq 8
  [aml] step 280/320 | loss 3.0364 (avg 3.7849) | lr 0.004998 | seq 8
  [aml] step 290/320 | loss 2.9820 (avg 3.7583) | lr 0.004998 | seq 8
  [aml] step 300/320 | loss 3.7890 (avg 3.7691) | lr 0.004998 | seq 8
  [aml] step 310/320 | loss 2.3458 (avg 3.7573) | lr 0.004998 | seq 8
[aml] training complete: 320 steps, avg loss 3.7492 (memory freed)
  [aml] step 0/240 | loss 2.3947 (avg 2.3947) | lr 0.004998 | seq 16
  [aml] step 10/240 | loss 4.4225 (avg 3.9962) | lr 0.004998 | seq 16
  [aml] step 20/240 | loss 3.6361 (avg 3.8272) | lr 0.004998 | seq 16
  [aml] step 30/240 | loss 4.7591 (avg 3.7756) | lr 0.004998 | seq 16
  [aml] step 40/240 | loss 2.5121 (avg 3.5761) | lr 0.004997 | seq 16
  [aml] step 50/240 | loss 1.5132 (avg 3.4736) | lr 0.004997 | seq 16
  [aml] step 60/240 | loss 1.1956 (avg 3.4235) | lr 0.004997 | seq 16
  [aml] step 70/240 | loss 3.6246 (avg 3.3962) | lr 0.004997 | seq 16
  [aml] step 80/240 | loss 4.2170 (avg 3.3807) | lr 0.004997 | seq 16
  [aml] step 90/240 | loss 1.6395 (avg 3.3278) | lr 0.004997 | seq 16
  [aml] step 100/240 | loss 1.2597 (avg 3.3026) | lr 0.004997 | seq 16
  [aml] step 110/240 | loss 2.8477 (avg 3.2711) | lr 0.004997 | seq 16
  [aml] step 120/240 | loss 1.4269 (avg 3.2231) | lr 0.004997 | seq 16
  [aml] step 130/240 | loss 1.6432 (avg 3.1980) | lr 0.004997 | seq 16
  [aml] step 140/240 | loss 4.0328 (avg 3.1834) | lr 0.004997 | seq 16
  [aml] step 150/240 | loss 1.4482 (avg 3.1743) | lr 0.004997 | seq 16
  [aml] step 160/240 | loss 2.0617 (avg 3.1537) | lr 0.004997 | seq 16
  [aml] step 170/240 | loss 3.5823 (avg 3.1738) | lr 0.004996 | seq 16
  [aml] step 180/240 | loss 2.2709 (avg 3.1753) | lr 0.004996 | seq 16
  [aml] step 190/240 | loss 1.1429 (avg 3.1742) | lr 0.004996 | seq 16
  [aml] step 200/240 | loss 3.9769 (avg 3.1908) | lr 0.004996 | seq 16
  [aml] step 210/240 | loss 4.0166 (avg 3.1973) | lr 0.004996 | seq 16
  [aml] step 220/240 | loss 3.3417 (avg 3.2099) | lr 0.004996 | seq 16
  [aml] step 230/240 | loss 4.6831 (avg 3.2247) | lr 0.004996 | seq 16
[aml] training complete: 240 steps, avg loss 3.2504 (memory freed)
  [aml] step 0/240 | loss 1.1011 (avg 1.1011) | lr 0.004996 | seq 32
  [aml] step 10/240 | loss 1.2918 (avg 2.3323) | lr 0.004996 | seq 32
  [aml] step 20/240 | loss 1.3570 (avg 2.2318) | lr 0.004996 | seq 32
  [aml] step 30/240 | loss 1.2526 (avg 2.6594) | lr 0.004996 | seq 32
  [aml] step 40/240 | loss 4.1624 (avg 2.9016) | lr 0.004996 | seq 32
  [aml] step 50/240 | loss 0.7508 (avg 2.9119) | lr 0.004995 | seq 32
  [aml] step 60/240 | loss 4.3915 (avg 2.9951) | lr 0.004995 | seq 32
  [aml] step 70/240 | loss 4.0894 (avg 2.9084) | lr 0.004995 | seq 32
  [aml] step 80/240 | loss 4.0397 (avg 2.9590) | lr 0.004995 | seq 32
  [aml] step 90/240 | loss 3.7630 (avg 2.9469) | lr 0.004995 | seq 32
  [aml] step 100/240 | loss 3.8363 (avg 3.0190) | lr 0.004995 | seq 32
  [aml] step 110/240 | loss 1.0673 (avg 2.9492) | lr 0.004995 | seq 32
  [aml] step 120/240 | loss 1.5558 (avg 2.9041) | lr 0.004995 | seq 32
  [aml] step 130/240 | loss 3.9049 (avg 2.9071) | lr 0.004995 | seq 32
  [aml] step 140/240 | loss 3.6171 (avg 2.8871) | lr 0.004995 | seq 32
  [aml] step 150/240 | loss 4.4578 (avg 2.8771) | lr 0.004995 | seq 32
  [aml] step 160/240 | loss 0.9918 (avg 2.8542) | lr 0.004994 | seq 32
  [aml] step 170/240 | loss 3.1406 (avg 2.8408) | lr 0.004994 | seq 32
  [aml] step 180/240 | loss 3.4387 (avg 2.8421) | lr 0.004994 | seq 32
  [aml] step 190/240 | loss 1.6372 (avg 2.8105) | lr 0.004994 | seq 32
  [aml] step 200/240 | loss 4.3252 (avg 2.8010) | lr 0.004994 | seq 32
  [aml] step 210/240 | loss 0.6362 (avg 2.7550) | lr 0.004994 | seq 32
  [aml] step 220/240 | loss 4.2617 (avg 2.7820) | lr 0.004994 | seq 32
  [aml] step 230/240 | loss 0.8258 (avg 2.7595) | lr 0.004994 | seq 32
[aml] training complete: 240 steps, avg loss 2.7339 (memory freed)

[stage 1 — infant] What it sounds like now:
  Q: Hello.
  A: The billion py of rock through material with the concrete and the most free's and remaining earth is the material that the force position in It is the difference betweenical wall moves, a floats pushesva supporous surface with a it, and the for push entirely mountains without engineering.
  Q: Who are you?
  A: ...
  Q: What do you know?
  A: porous rock and bs fueled fossils are the slowmidant elements areo

[growth] ONTOGENESIS: stage 1 -> 2
  embd: 32 -> 64, layer: 1 -> 2, head: 2 -> 4
[growth] Done. Freeze for 500 steps.
[init] Stage 2 (child): embd=64, layer=2, head=4 — warmup 800 steps (800 backprop + 0 notorch, sqrt-scaled 2x)
  [aml] step 0/320 | loss 5.4507 (avg 5.4507) | lr 0.000250 | seq 8
  [aml] step 10/320 | loss 1.7907 (avg 4.0165) | lr 0.000363 | seq 8
  [aml] step 20/320 | loss 4.8143 (avg 3.8238) | lr 0.000475 | seq 8
  [aml] step 30/320 | loss 5.5205 (avg 3.8496) | lr 0.000588 | seq 8
  [aml] step 40/320 | loss 3.9631 (avg 3.8185) | lr 0.000700 | seq 8
  [aml] step 50/320 | loss 3.8603 (avg 3.7719) | lr 0.000813 | seq 8
  [aml] step 60/320 | loss 2.8459 (avg 3.6792) | lr 0.000925 | seq 8
  [aml] step 70/320 | loss 3.9672 (avg 3.5927) | lr 0.001038 | seq 8
  [aml] step 80/320 | loss 3.1323 (avg 3.5543) | lr 0.001150 | seq 8
  [aml] step 90/320 | loss 5.8826 (avg 3.6499) | lr 0.001263 | seq 8
  [aml] step 100/320 | loss 3.8813 (avg 3.6559) | lr 0.001375 | seq 8
  [aml] step 110/320 | loss 4.1197 (avg 3.6202) | lr 0.001488 | seq 8
  [aml] step 120/320 | loss 5.4835 (avg 3.5622) | lr 0.001600 | seq 8
  [aml] step 130/320 | loss 4.1741 (avg 3.5481) | lr 0.001713 | seq 8
  [aml] step 140/320 | loss 3.3748 (avg 3.5377) | lr 0.001825 | seq 8
  [aml] step 150/320 | loss 5.0231 (avg 3.5168) | lr 0.001938 | seq 8
  [aml] step 160/320 | loss 4.5318 (avg 3.5440) | lr 0.002050 | seq 8
  [aml] step 170/320 | loss 3.3654 (avg 3.5252) | lr 0.002163 | seq 8
  [aml] step 180/320 | loss 5.0575 (avg 3.5218) | lr 0.002275 | seq 8
  [aml] step 190/320 | loss 4.4374 (avg 3.4930) | lr 0.002387 | seq 8
  [aml] step 200/320 | loss 4.8642 (avg 3.4684) | lr 0.002496 | seq 8
  [aml] step 210/320 | loss 4.7823 (avg 3.4594) | lr 0.002496 | seq 8
  [aml] step 220/320 | loss 4.3035 (avg 3.5046) | lr 0.002496 | seq 8
  [aml] step 230/320 | loss 2.9682 (avg 3.4814) | lr 0.002495 | seq 8
  [aml] step 240/320 | loss 4.2342 (avg 3.4585) | lr 0.002495 | seq 8
  [aml] step 250/320 | loss 4.4674 (avg 3.4591) | lr 0.002495 | seq 8
  [aml] step 260/320 | loss 0.2398 (avg 3.4518) | lr 0.002495 | seq 8
  [aml] step 270/320 | loss 3.1565 (avg 3.3773) | lr 0.002495 | seq 8
  [aml] step 280/320 | loss 4.0396 (avg 3.3549) | lr 0.002495 | seq 8
  [aml] step 290/320 | loss 4.6440 (avg 3.3776) | lr 0.002495 | seq 8
  [aml] step 300/320 | loss 3.0323 (avg 3.3646) | lr 0.002495 | seq 8
  [aml] step 310/320 | loss 3.8653 (avg 3.3822) | lr 0.002495 | seq 8
[aml] training complete: 320 steps, avg loss 3.3888 (memory freed)
  [aml] step 0/240 | loss 2.1654 (avg 2.1654) | lr 0.002495 | seq 16
  [aml] step 10/240 | loss 1.7076 (avg 2.9655) | lr 0.002495 | seq 16
  [aml] step 20/240 | loss 3.2238 (avg 3.4881) | lr 0.002495 | seq 16
  [aml] step 30/240 | loss 3.3195 (avg 3.6458) | lr 0.002495 | seq 16
  [aml] step 40/240 | loss 4.6909 (avg 3.6902) | lr 0.002495 | seq 16
  [aml] step 50/240 | loss 3.9805 (avg 3.5212) | lr 0.002495 | seq 16
  [aml] step 60/240 | loss 3.9066 (avg 3.3723) | lr 0.002494 | seq 16
  [aml] step 70/240 | loss 4.7839 (avg 3.3522) | lr 0.002494 | seq 16
  [aml] step 80/240 | loss 2.8806 (avg 3.2562) | lr 0.002494 | seq 16
  [aml] step 90/240 | loss 2.0484 (avg 3.1818) | lr 0.002494 | seq 16
  [aml] step 100/240 | loss 4.2656 (avg 3.1781) | lr 0.002494 | seq 16
  [aml] step 110/240 | loss 3.8991 (avg 3.2105) | lr 0.002494 | seq 16
  [aml] step 120/240 | loss 4.4211 (avg 3.2253) | lr 0.002494 | seq 16
  [aml] step 130/240 | loss 2.9140 (avg 3.1957) | lr 0.002494 | seq 16
  [aml] step 140/240 | loss 3.5169 (avg 3.1643) | lr 0.002494 | seq 16
  [aml] step 150/240 | loss 5.2542 (avg 3.1315) | lr 0.002494 | seq 16
  [aml] step 160/240 | loss 4.7724 (avg 3.1304) | lr 0.002494 | seq 16
  [aml] step 170/240 | loss 1.6084 (avg 3.1036) | lr 0.002494 | seq 16
  [aml] step 180/240 | loss 1.4596 (avg 3.0790) | lr 0.002494 | seq 16
  [aml] step 190/240 | loss 4.0530 (avg 3.0620) | lr 0.002494 | seq 16
  [aml] step 200/240 | loss 2.3010 (avg 3.0680) | lr 0.002493 | seq 16
  [aml] step 210/240 | loss 4.5171 (avg 3.0440) | lr 0.002493 | seq 16
  [aml] step 220/240 | loss 1.7368 (avg 3.0657) | lr 0.002493 | seq 16
  [aml] step 230/240 | loss 1.3661 (avg 3.0810) | lr 0.002493 | seq 16
[aml] training complete: 240 steps, avg loss 3.0985 (memory freed)
  [aml] step 0/240 | loss 4.6412 (avg 4.6412) | lr 0.002493 | seq 32
  [aml] step 10/240 | loss 4.7897 (avg 2.5475) | lr 0.002493 | seq 32
  [aml] step 20/240 | loss 2.4200 (avg 2.6550) | lr 0.002493 | seq 32
  [aml] step 30/240 | loss 4.2490 (avg 2.7366) | lr 0.002493 | seq 32
  [aml] step 40/240 | loss 4.8442 (avg 2.8638) | lr 0.002493 | seq 32
  [aml] step 50/240 | loss 1.0140 (avg 2.8647) | lr 0.002493 | seq 32
  [aml] step 60/240 | loss 1.4778 (avg 2.8250) | lr 0.002493 | seq 32
  [aml] step 70/240 | loss 1.6432 (avg 2.7386) | lr 0.002493 | seq 32
  [aml] step 80/240 | loss 0.6113 (avg 2.8036) | lr 0.002492 | seq 32
  [aml] step 90/240 | loss 1.3895 (avg 2.7855) | lr 0.002492 | seq 32
  [aml] step 100/240 | loss 4.2813 (avg 2.7619) | lr 0.002492 | seq 32
  [aml] step 110/240 | loss 1.0199 (avg 2.7275) | lr 0.002492 | seq 32
  [aml] step 120/240 | loss 0.8441 (avg 2.7254) | lr 0.002492 | seq 32
  [aml] step 130/240 | loss 4.0573 (avg 2.6949) | lr 0.002492 | seq 32
  [aml] step 140/240 | loss 1.3932 (avg 2.6367) | lr 0.002492 | seq 32
  [aml] step 150/240 | loss 1.7098 (avg 2.5764) | lr 0.002492 | seq 32
  [aml] step 160/240 | loss 3.7322 (avg 2.5774) | lr 0.002492 | seq 32
  [aml] step 170/240 | loss 0.4811 (avg 2.5722) | lr 0.002492 | seq 32
  [aml] step 180/240 | loss 3.9314 (avg 2.5843) | lr 0.002492 | seq 32
  [aml] step 190/240 | loss 4.0438 (avg 2.5760) | lr 0.002492 | seq 32
  [aml] step 200/240 | loss 4.0942 (avg 2.5439) | lr 0.002491 | seq 32
  [aml] step 210/240 | loss 4.2734 (avg 2.5612) | lr 0.002491 | seq 32
  [aml] step 220/240 | loss 1.5058 (avg 2.5431) | lr 0.002491 | seq 32
  [aml] step 230/240 | loss 1.1890 (avg 2.5165) | lr 0.002491 | seq 32
[aml] training complete: 240 steps, avg loss 2.5088 (memory freed)

[stage 2 — child] What it sounds like now:
  Q: Hello.
  A: Water tal force. Cuestas over table pair to the concrete behind a small geology?
  Q: Who are you?
  A: ...
  Q: What do you know?
  A: ...

[init] Warmup complete at stage 2. Organism ready.
[ecology] First organism in the swarm.
molequla is alive. [evolution] Autonomous mode — background trainer running. Ctrl+C to stop.
[dna] earth wrote 45 bytes to ecology
[dna] earth wrote 199 bytes to ecology
[dna] earth wrote 281 bytes to ecology
[dna] earth wrote 133 bytes to ecology
[dna] earth wrote 107 bytes to ecology
[dna] earth wrote 92 bytes to ecology
[dna] earth wrote 82 bytes to ecology
[dna] earth wrote 6 bytes to ecology
[dna] earth wrote 25 bytes to ecology
[dna] earth wrote 18 bytes to ecology
[dna] earth wrote 44 bytes to ecology
[dna] earth wrote 34 bytes to ecology
[dna] earth wrote 37 bytes to ecology
[dna] earth wrote 17 bytes to ecology
[dna] earth wrote 64 bytes to ecology
[dna] earth wrote 26 bytes to ecology
[dna] earth wrote 55 bytes to ecology
[dna] earth wrote 81 bytes to ecology
[dna] earth wrote 70 bytes to ecology
[dna] earth wrote 68 bytes to ecology
[dna] earth wrote 102 bytes to ecology
[dna] earth wrote 51 bytes to ecology
[dna] earth wrote 67 bytes to ecology
[dna] earth wrote 28 bytes to ecology
[dna] earth wrote 36 bytes to ecology
[dna] earth wrote 55 bytes to ecology
[dna] earth wrote 53 bytes to ecology
[debug-onto] tick=50 corpus=173643 stage=2 freeze=0
[dna] earth wrote 25 bytes to ecology
[dna] earth wrote 40 bytes to ecology
[dna] earth wrote 68 bytes to ecology
[dna] earth wrote 75 bytes to ecology
[dna] earth wrote 49 bytes to ecology
[dna] earth wrote 65 bytes to ecology
[dna] earth wrote 48 bytes to ecology
[dna] earth wrote 43 bytes to ecology
[dna] earth wrote 60 bytes to ecology
[dna] earth wrote 88 bytes to ecology
[dna] earth wrote 64 bytes to ecology
[dna] earth wrote 79 bytes to ecology
[dna] earth wrote 12 bytes to ecology
[dna] earth wrote 32 bytes to ecology
[dna] earth wrote 33 bytes to ecology
[dna] earth wrote 54 bytes to ecology
[dna] earth wrote 167 bytes to ecology
[dna] earth wrote 8 bytes to ecology
[dna] earth wrote 49 bytes to ecology
[dna] earth wrote 72 bytes to ecology
[dna] earth wrote 98 bytes to ecology
[dna] earth wrote 62 bytes to ecology
[dna] earth wrote 24 bytes to ecology
[dna] earth wrote 52 bytes to ecology
[dna] earth wrote 132 bytes to ecology
[dna] earth wrote 75 bytes to ecology
[dna] earth wrote 18 bytes to ecology
[dna] earth wrote 33 bytes to ecology
[debug-onto] tick=100 corpus=173643 stage=2 freeze=0
[dna] earth wrote 53 bytes to ecology
[dna] earth wrote 30 bytes to ecology
[dna] earth wrote 37 bytes to ecology
[dna] earth wrote 107 bytes to ecology
[dna] earth wrote 78 bytes to ecology
[dna] earth wrote 33 bytes to ecology
[dna] earth wrote 110 bytes to ecology
[dna] earth wrote 86 bytes to ecology
[dna] earth wrote 66 bytes to ecology
[dna] earth wrote 128 bytes to ecology
[dna] earth wrote 116 bytes to ecology
[dna] earth wrote 71 bytes to ecology
[dna] earth wrote 84 bytes to ecology
[dna] earth wrote 36 bytes to ecology
[dna] earth wrote 47 bytes to ecology
[dna] earth wrote 47 bytes to ecology
[dna] earth wrote 27 bytes to ecology
[dna] earth wrote 104 bytes to ecology
[dna] earth wrote 98 bytes to ecology
[dna] earth wrote 94 bytes to ecology
[dna] earth wrote 21 bytes to ecology
[dna] earth wrote 138 bytes to ecology
[dna] earth wrote 64 bytes to ecology
[dna] earth wrote 151 bytes to ecology
[dna] earth wrote 37 bytes to ecology
[dna] earth wrote 178 bytes to ecology
[dna] earth wrote 69 bytes to ecology
[dna] earth wrote 59 bytes to ecology
[debug-onto] tick=150 corpus=173643 stage=2 freeze=0
[dna] earth wrote 161 bytes to ecology
[dna] earth wrote 39 bytes to ecology
[dna] earth wrote 60 bytes to ecology
[dna] earth wrote 107 bytes to ecology
[dna] earth wrote 130 bytes to ecology
[dna] earth wrote 21 bytes to ecology
[dna] earth wrote 61 bytes to ecology
[dna] earth wrote 55 bytes to ecology
[dna] earth wrote 157 bytes to ecology
[dna] earth wrote 151 bytes to ecology
[dna] earth wrote 81 bytes to ecology
[dna] earth wrote 118 bytes to ecology
[dna] earth wrote 25 bytes to ecology
[dna] earth wrote 52 bytes to ecology
[dna] earth wrote 91 bytes to ecology
[dna] earth wrote 102 bytes to ecology
[dna] earth wrote 71 bytes to ecology
[dna] earth wrote 48 bytes to ecology
[dna] earth wrote 52 bytes to ecology
[dna] earth wrote 64 bytes to ecology
[dna] earth wrote 35 bytes to ecology
[dna] earth wrote 66 bytes to ecology
[dna] earth wrote 30 bytes to ecology
[dna] earth wrote 9 bytes to ecology
[dna] earth wrote 104 bytes to ecology
[dna] earth wrote 24 bytes to ecology
[dna] earth wrote 88 bytes to ecology
[debug-onto] tick=200 corpus=173643 stage=2 freeze=0
[dna] earth wrote 40 bytes to ecology
[dna] earth wrote 51 bytes to ecology
[dna] earth wrote 42 bytes to ecology
[dna] earth wrote 126 bytes to ecology
[dna] earth wrote 91 bytes to ecology
[dna] earth wrote 41 bytes to ecology
[dna] earth wrote 76 bytes to ecology
[dna] earth wrote 46 bytes to ecology
[dna] earth wrote 140 bytes to ecology
[dna] earth wrote 10 bytes to ecology
[dna] earth wrote 188 bytes to ecology
[dna] earth wrote 26 bytes to ecology
[dna] earth wrote 38 bytes to ecology
[dna] earth wrote 62 bytes to ecology
[dna] earth wrote 108 bytes to ecology
[dna] earth wrote 33 bytes to ecology
[dna] earth wrote 79 bytes to ecology
[dna] earth wrote 52 bytes to ecology
[dna] earth wrote 125 bytes to ecology
[dna] earth wrote 63 bytes to ecology
[dna] earth wrote 76 bytes to ecology
[dna] earth wrote 124 bytes to ecology
[dna] earth wrote 66 bytes to ecology
[dna] earth wrote 63 bytes to ecology
[dna] earth wrote 105 bytes to ecology
[dna] earth wrote 36 bytes to ecology
[dna] earth wrote 52 bytes to ecology
[dna] earth wrote 29 bytes to ecology
[debug-onto] tick=250 corpus=173643 stage=2 freeze=0
[dna] earth wrote 201 bytes to ecology
[dna] earth wrote 67 bytes to ecology
[dna] earth wrote 90 bytes to ecology
[dna] earth wrote 8 bytes to ecology
[dna] earth wrote 119 bytes to ecology
[dna] earth wrote 127 bytes to ecology
[dna] earth wrote 17 bytes to ecology
[dna] earth wrote 94 bytes to ecology
[dna] earth wrote 34 bytes to ecology
[dna] earth wrote 117 bytes to ecology
[dna] earth wrote 105 bytes to ecology
[dna] earth wrote 102 bytes to ecology
[dna] earth wrote 224 bytes to ecology
[dna] earth wrote 40 bytes to ecology
[dna] earth wrote 34 bytes to ecology
[dna] earth wrote 37 bytes to ecology
[dna] earth wrote 32 bytes to ecology
[dna] earth wrote 50 bytes to ecology
[dna] earth wrote 56 bytes to ecology
[dna] earth wrote 134 bytes to ecology
[dna] earth wrote 100 bytes to ecology
[dna] earth wrote 58 bytes to ecology
[dna] earth wrote 28 bytes to ecology
[dna] earth wrote 56 bytes to ecology
[dna] earth wrote 130 bytes to ecology
[dna] earth wrote 5 bytes to ecology
[debug-onto] tick=300 corpus=173643 stage=2 freeze=0
[dna] earth wrote 22 bytes to ecology
[dna] earth wrote 78 bytes to ecology
[dna] earth wrote 179 bytes to ecology
[dna] earth wrote 96 bytes to ecology
[dna] earth wrote 5 bytes to ecology
[dna] earth wrote 24 bytes to ecology
[dna] earth wrote 76 bytes to ecology
[dna] earth wrote 56 bytes to ecology
[dna] earth wrote 35 bytes to ecology
[dna] earth wrote 184 bytes to ecology
[dna] earth wrote 42 bytes to ecology
[dna] earth wrote 154 bytes to ecology
[dna] earth wrote 17 bytes to ecology
[dna] earth wrote 104 bytes to ecology
[dna] earth wrote 85 bytes to ecology
[dna] earth wrote 24 bytes to ecology
[dna] earth wrote 31 bytes to ecology
[dna] earth wrote 79 bytes to ecology
[dna] earth wrote 96 bytes to ecology
[dna] earth wrote 178 bytes to ecology
[dna] earth wrote 68 bytes to ecology
[dna] earth wrote 70 bytes to ecology
[dna] earth wrote 76 bytes to ecology
[dna] earth wrote 164 bytes to ecology
[dna] earth wrote 82 bytes to ecology
[dna] earth wrote 139 bytes to ecology
[dna] earth wrote 18 bytes to ecology
[dna] earth wrote 167 bytes to ecology
[debug-onto] tick=350 corpus=173643 stage=2 freeze=0
[dna] earth wrote 53 bytes to ecology
[dna] earth wrote 28 bytes to ecology
[dna] earth wrote 33 bytes to ecology
[dna] earth wrote 67 bytes to ecology
[dna] earth wrote 43 bytes to ecology
[dna] earth wrote 16 bytes to ecology
[dna] earth wrote 17 bytes to ecology
[dna] earth wrote 46 bytes to ecology
[dna] earth wrote 176 bytes to ecology
[dna] earth wrote 39 bytes to ecology
[dna] earth wrote 33 bytes to ecology
[dna] earth wrote 74 bytes to ecology
[dna] earth wrote 30 bytes to ecology
[dna] earth wrote 105 bytes to ecology
[dna] earth wrote 92 bytes to ecology
[dna] earth wrote 37 bytes to ecology
[dna] earth wrote 24 bytes to ecology
[dna] earth wrote 75 bytes to ecology
[dna] earth wrote 29 bytes to ecology
[dna] earth wrote 171 bytes to ecology
[dna] earth wrote 80 bytes to ecology
[dna] earth wrote 119 bytes to ecology
[dna] earth wrote 71 bytes to ecology
[dna] earth wrote 58 bytes to ecology
[dna] earth wrote 94 bytes to ecology
[dna] earth wrote 64 bytes to ecology
[dna] earth wrote 28 bytes to ecology
[debug-onto] tick=400 corpus=173643 stage=2 freeze=0
[dna] earth wrote 12 bytes to ecology
[dna] earth wrote 40 bytes to ecology
[dna] earth wrote 55 bytes to ecology
[dna] earth wrote 32 bytes to ecology
[dna] earth wrote 47 bytes to ecology
[dna] earth wrote 119 bytes to ecology
[dna] earth wrote 98 bytes to ecology
[dna] earth wrote 39 bytes to ecology
[dna] earth wrote 114 bytes to ecology
[dna] earth wrote 23 bytes to ecology
[dna] earth wrote 137 bytes to ecology
[dna] earth wrote 99 bytes to ecology
[dna] earth wrote 40 bytes to ecology
[dna] earth wrote 61 bytes to ecology
[dna] earth wrote 43 bytes to ecology
[dna] earth wrote 26 bytes to ecology
[dna] earth wrote 101 bytes to ecology
[dna] earth wrote 40 bytes to ecology
[dna] earth wrote 10 bytes to ecology
[dna] earth wrote 58 bytes to ecology
[dna] earth wrote 67 bytes to ecology
[dna] earth wrote 48 bytes to ecology
[dna] earth wrote 26 bytes to ecology
[dna] earth wrote 33 bytes to ecology
[dna] earth wrote 27 bytes to ecology
[dna] earth wrote 46 bytes to ecology
[dna] earth wrote 59 bytes to ecology
[debug-onto] tick=450 corpus=173643 stage=2 freeze=0
[dna] earth wrote 92 bytes to ecology
[dna] earth wrote 100 bytes to ecology
[dna] earth wrote 30 bytes to ecology
[dna] earth wrote 8 bytes to ecology
[dna] earth wrote 90 bytes to ecology
[dna] earth wrote 42 bytes to ecology
[dna] earth wrote 10 bytes to ecology
[dna] earth wrote 62 bytes to ecology
[dna] earth wrote 55 bytes to ecology
[dna] earth wrote 29 bytes to ecology
[dna] earth wrote 29 bytes to ecology
[dna] earth wrote 49 bytes to ecology
[dna] earth wrote 40 bytes to ecology
[dna] earth wrote 99 bytes to ecology
[dna] earth wrote 104 bytes to ecology
[dna] earth wrote 115 bytes to ecology
[dna] earth wrote 31 bytes to ecology
[dna] earth wrote 72 bytes to ecology
[dna] earth wrote 41 bytes to ecology
[dna] earth wrote 40 bytes to ecology
[dna] earth wrote 65 bytes to ecology
[dna] earth wrote 42 bytes to ecology
[dna] earth wrote 12 bytes to ecology
[dna] earth wrote 29 bytes to ecology
[dna] earth wrote 62 bytes to ecology
[debug-onto] tick=500 corpus=173643 stage=2 freeze=0
[dna] earth wrote 45 bytes to ecology
[dna] earth wrote 88 bytes to ecology
[dna] earth wrote 41 bytes to ecology
[dna] earth wrote 108 bytes to ecology
[dna] earth wrote 159 bytes to ecology
[dna] earth wrote 49 bytes to ecology
[dna] earth wrote 33 bytes to ecology
[dna] earth wrote 26 bytes to ecology
[dna] earth wrote 60 bytes to ecology
[dna] earth wrote 45 bytes to ecology
[dna] earth wrote 67 bytes to ecology
[dna] earth wrote 48 bytes to ecology
[dna] earth wrote 33 bytes to ecology
[dna] earth wrote 11 bytes to ecology
[dna] earth wrote 85 bytes to ecology
[dna] earth wrote 90 bytes to ecology
[dna] earth wrote 44 bytes to ecology
[dna] earth wrote 66 bytes to ecology
[dna] earth wrote 52 bytes to ecology
[dna] earth wrote 27 bytes to ecology
[dna] earth wrote 23 bytes to ecology
[dna] earth wrote 58 bytes to ecology
[dna] earth wrote 44 bytes to ecology
[dna] earth wrote 127 bytes to ecology
[dna] earth wrote 32 bytes to ecology
[dna] earth wrote 79 bytes to ecology
[dna] earth wrote 42 bytes to ecology
[dna] earth wrote 21 bytes to ecology
[dna] earth wrote 69 bytes to ecology
[dna] earth wrote 32 bytes to ecology
[dna] earth wrote 156 bytes to ecology
[debug-onto] tick=550 corpus=173643 stage=2 freeze=0
[dna] earth wrote 67 bytes to ecology
[dna] earth wrote 39 bytes to ecology
[dna] earth wrote 24 bytes to ecology
[dna] earth wrote 40 bytes to ecology
[dna] earth wrote 38 bytes to ecology
[dna] earth wrote 33 bytes to ecology
[dna] earth wrote 36 bytes to ecology
[dna] earth wrote 110 bytes to ecology
[dna] earth wrote 35 bytes to ecology
[dna] earth wrote 137 bytes to ecology
[dna] earth wrote 75 bytes to ecology
[dna] earth wrote 76 bytes to ecology
[dna] earth wrote 56 bytes to ecology
[dna] earth wrote 43 bytes to ecology
[dna] earth wrote 8 bytes to ecology
[dna] earth wrote 89 bytes to ecology
[dna] earth wrote 26 bytes to ecology
[dna] earth wrote 18 bytes to ecology
[dna] earth wrote 38 bytes to ecology
[dna] earth wrote 75 bytes to ecology
[dna] earth wrote 61 bytes to ecology
[dna] earth wrote 149 bytes to ecology
[dna] earth wrote 109 bytes to ecology
[dna] earth wrote 82 bytes to ecology
[dna] earth wrote 40 bytes to ecology
[dna] earth wrote 42 bytes to ecology
[dna] earth wrote 119 bytes to ecology
[debug-onto] tick=600 corpus=173643 stage=2 freeze=0
[dna] earth wrote 46 bytes to ecology
[dna] earth wrote 90 bytes to ecology
[dna] earth wrote 31 bytes to ecology
[dna] earth wrote 50 bytes to ecology
[dna] earth wrote 45 bytes to ecology
[dna] earth wrote 96 bytes to ecology
[dna] earth wrote 58 bytes to ecology
[dna] earth wrote 89 bytes to ecology
[dna] earth wrote 100 bytes to ecology
[dna] earth wrote 148 bytes to ecology
[dna] earth wrote 123 bytes to ecology
[dna] earth wrote 164 bytes to ecology
[dna] earth wrote 38 bytes to ecology
[dna] earth wrote 47 bytes to ecology
[dna] earth wrote 50 bytes to ecology
[dna] earth wrote 25 bytes to ecology
[dna] earth wrote 25 bytes to ecology
[dna] earth wrote 76 bytes to ecology
[dna] earth wrote 72 bytes to ecology
[dna] earth wrote 50 bytes to ecology
[dna] earth wrote 60 bytes to ecology
[dna] earth wrote 144 bytes to ecology
[dna] earth wrote 42 bytes to ecology
[dna] earth wrote 59 bytes to ecology
[debug-onto] tick=650 corpus=173643 stage=2 freeze=0
[dna] earth wrote 128 bytes to ecology
[dna] earth wrote 64 bytes to ecology
[dna] earth wrote 26 bytes to ecology
[dna] earth wrote 91 bytes to ecology
[dna] earth wrote 62 bytes to ecology
[dna] earth wrote 93 bytes to ecology
[dna] earth wrote 134 bytes to ecology
[dna] earth wrote 66 bytes to ecology
[dna] earth wrote 68 bytes to ecology
[dna] earth wrote 37 bytes to ecology

[evolution] Organism shutting down gracefully.
