[ecology] Element: fire → corpus: nonames_fire.txt
[evolution] Autonomous evolution mode — organism will grow through all stages without pause.
[ecology] Joined swarm. 1 peer(s) detected.
molequla is alive. [evolution] Autonomous mode — background trainer running. Ctrl+C to stop.
[dna] fire wrote 39 bytes to ecology
[dna] fire consumed 14101 bytes from 217 files: [water/gen_1778658594_1.txt water/gen_1778658609_4.txt water/gen_1778658617_7.txt water/gen_1778658625_10.txt water/gen_1778658634_13.txt water/gen_1778658642_16.txt water/gen_1778658650_19.txt water/gen_1778658658_22.txt water/gen_1778658666_25.txt water/gen_1778658674_28.txt water/gen_1778658683_31.txt water/gen_1778658691_34.txt water/gen_1778658699_37.txt water/gen_1778658707_40.txt water/gen_1778658715_43.txt water/gen_1778658723_46.txt water/gen_1778658732_49.txt water/gen_1778658740_52.txt water/gen_1778658748_55.txt water/gen_1778658756_58.txt water/gen_1778658764_61.txt water/gen_1778658772_64.txt water/gen_1778658781_67.txt water/gen_1778658789_70.txt water/gen_1778658797_73.txt water/gen_1778658805_76.txt water/gen_1778658813_79.txt water/gen_1778658821_82.txt water/gen_1778658830_85.txt water/gen_1778658838_88.txt water/gen_1778658846_91.txt water/gen_1778658855_94.txt water/gen_1778658863_97.txt water/gen_1778658871_100.txt water/gen_1778658879_103.txt water/gen_1778658888_106.txt water/gen_1778658896_109.txt water/gen_1778658904_112.txt water/gen_1778658912_115.txt water/gen_1778658920_118.txt water/gen_1778658928_121.txt water/gen_1778658936_124.txt water/gen_1778658945_127.txt water/gen_1778658953_130.txt water/gen_1778658961_133.txt water/gen_1778658969_136.txt water/gen_1778658978_139.txt water/gen_1778658986_142.txt water/gen_1778658994_145.txt water/gen_1778659003_148.txt water/gen_1778659011_151.txt water/gen_1778659019_154.txt water/gen_1778659027_157.txt water/gen_1778659035_160.txt water/gen_1778659044_163.txt water/gen_1778659052_166.txt water/gen_1778659060_169.txt water/gen_1778659069_172.txt water/gen_1778659077_175.txt water/gen_1778659086_178.txt water/gen_1778659094_181.txt water/gen_1778659102_184.txt water/gen_1778659110_187.txt water/gen_1778659119_190.txt water/gen_1778659127_193.txt water/gen_1778659136_196.txt water/gen_1778659144_199.txt water/gen_1778659152_202.txt water/gen_1778659161_205.txt water/gen_1778659169_208.txt water/gen_1778659177_211.txt water/gen_1778659186_214.txt water/gen_1778659194_217.txt water/gen_1778659202_220.txt water/gen_1778659211_223.txt water/gen_1778659219_226.txt water/gen_1778659228_229.txt water/gen_1778659236_232.txt water/gen_1778659244_235.txt water/gen_1778659253_238.txt water/gen_1778659261_241.txt water/gen_1778659269_244.txt water/gen_1778659278_247.txt water/gen_1778659286_250.txt water/gen_1778659294_253.txt water/gen_1778659303_256.txt water/gen_1778659311_259.txt water/gen_1778659319_262.txt water/gen_1778659328_265.txt water/gen_1778659336_268.txt water/gen_1778659344_271.txt water/gen_1778659353_274.txt water/gen_1778659361_277.txt water/gen_1778659369_280.txt water/gen_1778659378_283.txt water/gen_1778659386_286.txt water/gen_1778659394_289.txt water/gen_1778659403_292.txt water/gen_1778659411_295.txt water/gen_1778659419_298.txt water/gen_1778659428_301.txt water/gen_1778659436_304.txt water/gen_1778659444_307.txt water/gen_1778659453_310.txt water/gen_1778659461_313.txt water/gen_1778659469_316.txt water/gen_1778659478_319.txt water/gen_1778659486_322.txt water/gen_1778659494_325.txt water/gen_1778659503_328.txt water/gen_1778659511_331.txt water/gen_1778659519_334.txt water/gen_1778659528_337.txt water/gen_1778659536_340.txt water/gen_1778659544_343.txt water/gen_1778659553_346.txt water/gen_1778659561_349.txt water/gen_1778659569_352.txt water/gen_1778659578_355.txt water/gen_1778659586_358.txt water/gen_1778659594_361.txt water/gen_1778659603_364.txt water/gen_1778659611_367.txt water/gen_1778659619_370.txt water/gen_1778659628_373.txt water/gen_1778659636_376.txt water/gen_1778659644_379.txt water/gen_1778659653_382.txt water/gen_1778659661_385.txt water/gen_1778659669_388.txt water/gen_1778659672_389.txt water/gen_1778659677_391.txt water/gen_1778659686_394.txt water/gen_1778659694_397.txt water/gen_1778659702_400.txt water/gen_1778659711_403.txt water/gen_1778659719_406.txt water/gen_1778659727_409.txt water/gen_1778659736_412.txt water/gen_1778659744_415.txt water/gen_1778659752_418.txt water/gen_1778659761_421.txt water/gen_1778659769_424.txt water/gen_1778659777_427.txt water/gen_1778659786_430.txt water/gen_1778659794_433.txt water/gen_1778659802_436.txt water/gen_1778659811_439.txt water/gen_1778659819_442.txt water/gen_1778659827_445.txt water/gen_1778659836_448.txt water/gen_1778659844_451.txt water/gen_1778659852_454.txt water/gen_1778659860_457.txt water/gen_1778659868_460.txt water/gen_1778659877_463.txt water/gen_1778659885_466.txt water/gen_1778659893_469.txt water/gen_1778659902_472.txt water/gen_1778659910_475.txt water/gen_1778659918_478.txt water/gen_1778659926_481.txt water/gen_1778659935_484.txt water/gen_1778659943_487.txt water/gen_1778659951_490.txt water/gen_1778659960_493.txt water/gen_1778659968_496.txt water/gen_1778659976_499.txt water/gen_1778659985_502.txt water/gen_1778659993_505.txt water/gen_1778660002_508.txt water/gen_1778660010_511.txt water/gen_1778660018_514.txt water/gen_1778660026_517.txt water/gen_1778660035_520.txt water/gen_1778660043_523.txt water/gen_1778660051_526.txt water/gen_1778660060_529.txt water/gen_1778660068_532.txt water/gen_1778660076_535.txt water/gen_1778660084_538.txt water/gen_1778660093_541.txt water/gen_1778660101_544.txt water/gen_1778660109_547.txt water/gen_1778660118_550.txt water/gen_1778660126_553.txt water/gen_1778660134_556.txt water/gen_1778660143_559.txt water/gen_1778660151_562.txt water/gen_1778660159_565.txt water/gen_1778660168_568.txt water/gen_1778660176_571.txt water/gen_1778660185_574.txt water/gen_1778660193_577.txt water/gen_1778660202_580.txt water/gen_1778660211_583.txt water/gen_1778660219_586.txt water/gen_1778660228_589.txt water/gen_1778660236_592.txt water/gen_1778660245_595.txt water/gen_1778660253_598.txt water/gen_1778660262_601.txt water/gen_1778660270_604.txt water/gen_1778660279_607.txt water/gen_1778660287_610.txt water/gen_1778660296_613.txt water/gen_1778660304_616.txt water/gen_1778660312_619.txt water/gen_1778660321_622.txt water/gen_1778660329_625.txt water/gen_1778660338_628.txt water/gen_1778660346_631.txt water/gen_1778660354_634.txt water/gen_1778660363_637.txt water/gen_1778660371_640.txt water/gen_1778660380_643.txt water/gen_1778660388_646.txt]
[trainer] micro-train burst (14101 bytes, novelty 0.04) — and lo, it feeds again.
[syntropy] action=explore | trend=0.0000 | field_dev=0.055 | purpose_align=0.196 | lr_mul=1.30
[aml] burst complete: 32 steps, avg loss 1.9494 (memory freed)
[dna] fire wrote 46 bytes to ecology
[dna] fire wrote 43 bytes to ecology
[dna] fire wrote 43 bytes to ecology
[dna] fire wrote 86 bytes to ecology
[dna] fire wrote 65 bytes to ecology
[dna] fire wrote 39 bytes to ecology
[dna] fire wrote 32 bytes to ecology
[dna] fire wrote 74 bytes to ecology
[dna] fire wrote 66 bytes to ecology
[dna] fire wrote 59 bytes to ecology
[dna] fire wrote 64 bytes to ecology
[dna] fire wrote 50 bytes to ecology
[dna] fire wrote 90 bytes to ecology
[dna] fire wrote 48 bytes to ecology
[dna] fire wrote 43 bytes to ecology
[dna] fire wrote 48 bytes to ecology
[dna] fire wrote 84 bytes to ecology
[dna] fire wrote 36 bytes to ecology
[dna] fire wrote 13 bytes to ecology
[dna] fire wrote 43 bytes to ecology
[dna] fire wrote 108 bytes to ecology
[debug-onto] tick=50 corpus=136218 stage=2 freeze=0
[dna] fire wrote 80 bytes to ecology
[dna] fire wrote 114 bytes to ecology
[dna] fire wrote 35 bytes to ecology
[dna] fire wrote 12 bytes to ecology
[dna] fire wrote 17 bytes to ecology
[dna] fire wrote 25 bytes to ecology
[dna] fire wrote 114 bytes to ecology
[dna] fire wrote 81 bytes to ecology
[dna] fire wrote 84 bytes to ecology
[dna] fire wrote 135 bytes to ecology
[dna] fire wrote 44 bytes to ecology
[dna] fire wrote 220 bytes to ecology
[dna] fire wrote 173 bytes to ecology
[dna] fire wrote 56 bytes to ecology
[dna] fire wrote 52 bytes to ecology
[dna] fire wrote 57 bytes to ecology
[dna] fire wrote 10 bytes to ecology
[dna] fire wrote 105 bytes to ecology
[dna] fire wrote 98 bytes to ecology
[dna] fire wrote 84 bytes to ecology
[debug-onto] tick=100 corpus=136218 stage=2 freeze=0
[dna] fire wrote 45 bytes to ecology
[dna] fire wrote 51 bytes to ecology
[dna] fire wrote 53 bytes to ecology
[dna] fire wrote 30 bytes to ecology
[dna] fire wrote 57 bytes to ecology
[dna] fire wrote 106 bytes to ecology
[dna] fire wrote 14 bytes to ecology
[dna] fire wrote 10 bytes to ecology
[dna] fire wrote 30 bytes to ecology
[dna] fire wrote 88 bytes to ecology
[dna] fire wrote 101 bytes to ecology
[dna] fire wrote 113 bytes to ecology
[dna] fire wrote 46 bytes to ecology
[dna] fire wrote 67 bytes to ecology
[dna] fire wrote 68 bytes to ecology
[dna] fire wrote 21 bytes to ecology
[dna] fire wrote 20 bytes to ecology
[dna] fire wrote 84 bytes to ecology
[dna] fire wrote 49 bytes to ecology
[debug-onto] tick=150 corpus=136218 stage=2 freeze=0
[dna] fire wrote 46 bytes to ecology
[dna] fire wrote 134 bytes to ecology
[dna] fire wrote 33 bytes to ecology
[dna] fire wrote 37 bytes to ecology
[dna] fire wrote 55 bytes to ecology
[dna] fire wrote 96 bytes to ecology
[dna] fire wrote 121 bytes to ecology
[dna] fire wrote 66 bytes to ecology
[dna] fire wrote 9 bytes to ecology
[dna] fire wrote 82 bytes to ecology
[dna] fire wrote 42 bytes to ecology
[dna] fire wrote 40 bytes to ecology
[dna] fire wrote 57 bytes to ecology
[dna] fire wrote 60 bytes to ecology
[dna] fire wrote 156 bytes to ecology
[dna] fire wrote 31 bytes to ecology
[dna] fire wrote 30 bytes to ecology
[dna] fire wrote 95 bytes to ecology
[dna] fire wrote 20 bytes to ecology
[dna] fire wrote 24 bytes to ecology
[dna] fire wrote 78 bytes to ecology
[debug-onto] tick=200 corpus=136218 stage=2 freeze=0
[dna] fire wrote 61 bytes to ecology
[dna] fire wrote 73 bytes to ecology
[dna] fire wrote 34 bytes to ecology
[dna] fire wrote 21 bytes to ecology
[dna] fire wrote 51 bytes to ecology
[dna] fire wrote 95 bytes to ecology
[dna] fire wrote 67 bytes to ecology
[dna] fire wrote 54 bytes to ecology
[dna] fire wrote 55 bytes to ecology
[dna] fire wrote 24 bytes to ecology
[dna] fire wrote 71 bytes to ecology
[dna] fire wrote 59 bytes to ecology
[dna] fire wrote 115 bytes to ecology
[dna] fire wrote 75 bytes to ecology
[dna] fire wrote 8 bytes to ecology
[dna] fire wrote 68 bytes to ecology
[dna] fire wrote 76 bytes to ecology
[dna] fire wrote 65 bytes to ecology
[dna] fire wrote 40 bytes to ecology
[dna] fire wrote 37 bytes to ecology
[dna] fire wrote 139 bytes to ecology
[debug-onto] tick=250 corpus=136218 stage=2 freeze=0
[dna] fire wrote 36 bytes to ecology
[dna] fire wrote 35 bytes to ecology
[dna] fire wrote 155 bytes to ecology
[dna] fire wrote 89 bytes to ecology
[dna] fire wrote 82 bytes to ecology
[dna] fire wrote 21 bytes to ecology
[dna] fire wrote 61 bytes to ecology
[dna] fire wrote 195 bytes to ecology
[dna] fire wrote 58 bytes to ecology
[dna] fire wrote 25 bytes to ecology
[dna] fire wrote 37 bytes to ecology
[dna] fire wrote 113 bytes to ecology
[dna] fire wrote 93 bytes to ecology
[dna] fire wrote 28 bytes to ecology
[dna] fire wrote 41 bytes to ecology
[dna] fire wrote 135 bytes to ecology
[dna] fire wrote 131 bytes to ecology
[dna] fire wrote 18 bytes to ecology
[debug-onto] tick=300 corpus=136218 stage=2 freeze=0
[dna] fire wrote 39 bytes to ecology
[dna] fire wrote 91 bytes to ecology
[dna] fire wrote 29 bytes to ecology
[dna] fire wrote 84 bytes to ecology
[dna] fire wrote 172 bytes to ecology
[dna] fire wrote 68 bytes to ecology
[dna] fire wrote 90 bytes to ecology
[dna] fire wrote 26 bytes to ecology
[dna] fire wrote 55 bytes to ecology
[dna] fire wrote 54 bytes to ecology
[dna] fire wrote 51 bytes to ecology
[dna] fire wrote 108 bytes to ecology
[dna] fire wrote 62 bytes to ecology
[dna] fire wrote 42 bytes to ecology
[dna] fire wrote 128 bytes to ecology
[dna] fire wrote 66 bytes to ecology
[dna] fire wrote 76 bytes to ecology
[dna] fire wrote 19 bytes to ecology
[dna] fire wrote 49 bytes to ecology
[dna] fire wrote 78 bytes to ecology
[dna] fire wrote 21 bytes to ecology
[dna] fire wrote 103 bytes to ecology
[dna] fire wrote 47 bytes to ecology
[debug-onto] tick=350 corpus=136218 stage=2 freeze=0
[dna] fire wrote 41 bytes to ecology
[dna] fire wrote 76 bytes to ecology
[dna] fire wrote 85 bytes to ecology
[dna] fire wrote 127 bytes to ecology
[dna] fire wrote 68 bytes to ecology
[dna] fire wrote 27 bytes to ecology
[dna] fire wrote 135 bytes to ecology
[dna] fire wrote 166 bytes to ecology
[dna] fire wrote 52 bytes to ecology
[dna] fire wrote 28 bytes to ecology
[dna] fire wrote 22 bytes to ecology
[dna] fire wrote 53 bytes to ecology
[dna] fire wrote 65 bytes to ecology
[dna] fire wrote 63 bytes to ecology
[dna] fire wrote 133 bytes to ecology
[dna] fire wrote 83 bytes to ecology
[dna] fire wrote 127 bytes to ecology
[dna] fire wrote 29 bytes to ecology
[dna] fire wrote 47 bytes to ecology
[debug-onto] tick=400 corpus=136218 stage=2 freeze=0
[dna] fire wrote 111 bytes to ecology
[dna] fire wrote 50 bytes to ecology
[dna] fire wrote 45 bytes to ecology
[dna] fire wrote 30 bytes to ecology
[dna] fire wrote 74 bytes to ecology
[dna] fire wrote 9 bytes to ecology
[dna] fire wrote 90 bytes to ecology
[dna] fire wrote 81 bytes to ecology
[dna] fire wrote 92 bytes to ecology
[dna] fire wrote 83 bytes to ecology
[dna] fire wrote 105 bytes to ecology
[dna] fire wrote 27 bytes to ecology
[dna] fire wrote 215 bytes to ecology
[dna] fire wrote 82 bytes to ecology
[dna] fire wrote 22 bytes to ecology
[dna] fire wrote 39 bytes to ecology
[dna] fire wrote 15 bytes to ecology
[dna] fire wrote 73 bytes to ecology
[dna] fire wrote 21 bytes to ecology
[dna] fire wrote 37 bytes to ecology
[debug-onto] tick=450 corpus=136218 stage=2 freeze=0
[dna] fire wrote 109 bytes to ecology
[dna] fire wrote 6 bytes to ecology
[dna] fire wrote 110 bytes to ecology
[dna] fire wrote 96 bytes to ecology
[dna] fire wrote 37 bytes to ecology
[dna] fire wrote 70 bytes to ecology
[dna] fire wrote 21 bytes to ecology
[dna] fire wrote 21 bytes to ecology
[dna] fire wrote 65 bytes to ecology
[dna] fire wrote 66 bytes to ecology
[dna] fire wrote 29 bytes to ecology
[dna] fire wrote 48 bytes to ecology
[dna] fire wrote 56 bytes to ecology
[dna] fire wrote 79 bytes to ecology
[dna] fire wrote 50 bytes to ecology
[dna] fire wrote 84 bytes to ecology
[dna] fire wrote 16 bytes to ecology
[dna] fire wrote 67 bytes to ecology
[dna] fire wrote 88 bytes to ecology
[dna] fire wrote 127 bytes to ecology
[dna] fire wrote 63 bytes to ecology
[debug-onto] tick=500 corpus=136218 stage=2 freeze=0
[dna] fire wrote 73 bytes to ecology
[dna] fire wrote 95 bytes to ecology
[dna] fire wrote 58 bytes to ecology
[dna] fire wrote 46 bytes to ecology
[dna] fire wrote 170 bytes to ecology
[dna] fire wrote 58 bytes to ecology
[dna] fire wrote 78 bytes to ecology
[dna] fire wrote 40 bytes to ecology
[dna] fire wrote 87 bytes to ecology
[dna] fire wrote 175 bytes to ecology
[dna] fire wrote 81 bytes to ecology
[dna] fire wrote 28 bytes to ecology
[dna] fire wrote 87 bytes to ecology
[dna] fire wrote 41 bytes to ecology
[dna] fire wrote 19 bytes to ecology
[dna] fire wrote 29 bytes to ecology
[dna] fire wrote 93 bytes to ecology
[dna] fire wrote 72 bytes to ecology
[dna] fire wrote 45 bytes to ecology
[dna] fire wrote 112 bytes to ecology
[debug-onto] tick=550 corpus=136218 stage=2 freeze=0
[dna] fire wrote 73 bytes to ecology
[dna] fire wrote 6 bytes to ecology
[dna] fire wrote 15 bytes to ecology
[dna] fire wrote 113 bytes to ecology
[dna] fire wrote 52 bytes to ecology
[dna] fire wrote 55 bytes to ecology
[dna] fire wrote 27 bytes to ecology
[dna] fire wrote 31 bytes to ecology
[dna] fire wrote 32 bytes to ecology
[dna] fire wrote 28 bytes to ecology
[dna] fire wrote 19 bytes to ecology
[dna] fire wrote 22 bytes to ecology
[dna] fire wrote 118 bytes to ecology
[dna] fire wrote 89 bytes to ecology
[dna] fire wrote 36 bytes to ecology
[dna] fire wrote 31 bytes to ecology
[dna] fire wrote 31 bytes to ecology
[dna] fire wrote 36 bytes to ecology
[dna] fire wrote 42 bytes to ecology
[dna] fire wrote 38 bytes to ecology
[debug-onto] tick=600 corpus=136218 stage=2 freeze=0
[dna] fire wrote 31 bytes to ecology
[dna] fire wrote 107 bytes to ecology
[dna] fire wrote 33 bytes to ecology
[dna] fire wrote 58 bytes to ecology
[dna] fire wrote 82 bytes to ecology
[dna] fire wrote 28 bytes to ecology
[dna] fire wrote 41 bytes to ecology
[dna] fire wrote 54 bytes to ecology
[dna] fire wrote 20 bytes to ecology
[dna] fire wrote 64 bytes to ecology
[dna] fire wrote 116 bytes to ecology
[dna] fire wrote 81 bytes to ecology
[dna] fire wrote 54 bytes to ecology
[dna] fire wrote 32 bytes to ecology
[dna] fire wrote 16 bytes to ecology
[dna] fire wrote 73 bytes to ecology
[dna] fire wrote 39 bytes to ecology
[dna] fire wrote 47 bytes to ecology
[debug-onto] tick=650 corpus=136218 stage=2 freeze=0
[dna] fire wrote 50 bytes to ecology
[dna] fire wrote 26 bytes to ecology
[dna] fire wrote 63 bytes to ecology
[dna] fire wrote 100 bytes to ecology
[dna] fire wrote 101 bytes to ecology
[dna] fire wrote 27 bytes to ecology
[dna] fire wrote 123 bytes to ecology
[dna] fire wrote 33 bytes to ecology

[evolution] Organism shutting down gracefully.
