[ecology] Element: water → corpus: nonames_water.txt
[evolution] Autonomous evolution mode — organism will grow through all stages without pause.
[ecology] Joined swarm. 1 peer(s) detected.
molequla is alive. [evolution] Autonomous mode — background trainer running. Ctrl+C to stop.
[dna] water wrote 66 bytes to ecology
[dna] water consumed 14648 bytes from 219 files: [air/gen_1778656793_1.txt air/gen_1778656813_4.txt air/gen_1778656822_7.txt air/gen_1778656830_10.txt air/gen_1778656839_13.txt air/gen_1778656848_16.txt air/gen_1778656856_19.txt air/gen_1778656862_21.txt air/gen_1778656865_22.txt air/gen_1778656873_25.txt air/gen_1778656882_28.txt air/gen_1778656891_31.txt air/gen_1778656899_34.txt air/gen_1778656908_37.txt air/gen_1778656916_40.txt air/gen_1778656925_43.txt air/gen_1778656933_46.txt air/gen_1778656942_49.txt air/gen_1778656950_52.txt air/gen_1778656959_55.txt air/gen_1778656976_61.txt air/gen_1778656985_64.txt air/gen_1778656993_67.txt air/gen_1778657002_70.txt air/gen_1778657011_73.txt air/gen_1778657020_76.txt air/gen_1778657028_79.txt air/gen_1778657037_82.txt air/gen_1778657045_85.txt air/gen_1778657054_88.txt air/gen_1778657063_91.txt air/gen_1778657072_94.txt air/gen_1778657080_97.txt air/gen_1778657089_100.txt air/gen_1778657097_103.txt air/gen_1778657106_106.txt air/gen_1778657115_109.txt air/gen_1778657124_112.txt air/gen_1778657133_115.txt air/gen_1778657141_118.txt air/gen_1778657150_121.txt air/gen_1778657158_124.txt air/gen_1778657167_127.txt air/gen_1778657176_130.txt air/gen_1778657184_133.txt air/gen_1778657193_136.txt air/gen_1778657201_139.txt air/gen_1778657210_142.txt air/gen_1778657219_145.txt air/gen_1778657228_148.txt air/gen_1778657236_151.txt air/gen_1778657242_153.txt air/gen_1778657245_154.txt air/gen_1778657254_157.txt air/gen_1778657262_160.txt air/gen_1778657271_163.txt air/gen_1778657279_166.txt air/gen_1778657288_169.txt air/gen_1778657296_172.txt air/gen_1778657305_175.txt air/gen_1778657314_178.txt air/gen_1778657322_181.txt air/gen_1778657331_184.txt air/gen_1778657340_187.txt air/gen_1778657349_190.txt air/gen_1778657358_193.txt air/gen_1778657363_195.txt air/gen_1778657366_196.txt air/gen_1778657375_199.txt air/gen_1778657384_202.txt air/gen_1778657393_205.txt air/gen_1778657401_208.txt air/gen_1778657410_211.txt air/gen_1778657416_213.txt air/gen_1778657419_214.txt air/gen_1778657428_217.txt air/gen_1778657436_220.txt air/gen_1778657445_223.txt air/gen_1778657454_226.txt air/gen_1778657462_229.txt air/gen_1778657471_232.txt air/gen_1778657480_235.txt air/gen_1778657488_238.txt air/gen_1778657497_241.txt air/gen_1778657503_243.txt air/gen_1778657506_244.txt air/gen_1778657515_247.txt air/gen_1778657523_250.txt air/gen_1778657532_253.txt air/gen_1778657541_256.txt air/gen_1778657549_259.txt air/gen_1778657558_262.txt air/gen_1778657567_265.txt air/gen_1778657576_268.txt air/gen_1778657584_271.txt air/gen_1778657593_274.txt air/gen_1778657602_277.txt air/gen_1778657611_280.txt air/gen_1778657619_283.txt air/gen_1778657628_286.txt air/gen_1778657637_289.txt air/gen_1778657645_292.txt air/gen_1778657654_295.txt air/gen_1778657663_298.txt air/gen_1778657672_301.txt air/gen_1778657680_304.txt air/gen_1778657689_307.txt air/gen_1778657698_310.txt air/gen_1778657706_313.txt air/gen_1778657715_316.txt air/gen_1778657724_319.txt air/gen_1778657733_322.txt air/gen_1778657741_325.txt air/gen_1778657750_328.txt air/gen_1778657759_331.txt air/gen_1778657768_334.txt air/gen_1778657777_337.txt air/gen_1778657785_340.txt air/gen_1778657794_343.txt air/gen_1778657802_346.txt air/gen_1778657811_349.txt air/gen_1778657820_352.txt air/gen_1778657828_355.txt air/gen_1778657837_358.txt air/gen_1778657846_361.txt air/gen_1778657854_364.txt air/gen_1778657863_367.txt air/gen_1778657872_370.txt air/gen_1778657880_373.txt air/gen_1778657889_376.txt air/gen_1778657898_379.txt air/gen_1778657906_382.txt air/gen_1778657915_385.txt air/gen_1778657921_387.txt air/gen_1778657924_388.txt air/gen_1778657932_391.txt air/gen_1778657941_394.txt air/gen_1778657950_397.txt air/gen_1778657955_399.txt air/gen_1778657958_400.txt air/gen_1778657967_403.txt air/gen_1778657976_406.txt air/gen_1778657985_409.txt air/gen_1778657993_412.txt air/gen_1778658002_415.txt air/gen_1778658011_418.txt air/gen_1778658020_421.txt air/gen_1778658029_424.txt air/gen_1778658038_427.txt air/gen_1778658044_429.txt air/gen_1778658047_430.txt air/gen_1778658055_433.txt air/gen_1778658064_436.txt air/gen_1778658073_439.txt air/gen_1778658082_442.txt air/gen_1778658090_445.txt air/gen_1778658096_447.txt air/gen_1778658099_448.txt air/gen_1778658108_451.txt air/gen_1778658117_454.txt air/gen_1778658126_457.txt air/gen_1778658134_460.txt air/gen_1778658143_463.txt air/gen_1778658151_466.txt air/gen_1778658160_469.txt air/gen_1778658169_472.txt air/gen_1778658177_475.txt air/gen_1778658186_478.txt air/gen_1778658195_481.txt air/gen_1778658204_484.txt air/gen_1778658212_487.txt air/gen_1778658221_490.txt air/gen_1778658230_493.txt air/gen_1778658238_496.txt air/gen_1778658247_499.txt air/gen_1778658255_502.txt air/gen_1778658264_505.txt air/gen_1778658273_508.txt air/gen_1778658281_511.txt air/gen_1778658290_514.txt air/gen_1778658299_517.txt air/gen_1778658304_519.txt air/gen_1778658307_520.txt air/gen_1778658316_523.txt air/gen_1778658322_525.txt air/gen_1778658324_526.txt air/gen_1778658333_529.txt air/gen_1778658342_532.txt air/gen_1778658350_535.txt air/gen_1778658359_538.txt air/gen_1778658367_541.txt air/gen_1778658373_543.txt air/gen_1778658376_544.txt air/gen_1778658385_547.txt air/gen_1778658393_550.txt air/gen_1778658402_553.txt air/gen_1778658410_556.txt air/gen_1778658419_559.txt air/gen_1778658427_562.txt air/gen_1778658436_565.txt air/gen_1778658444_568.txt air/gen_1778658452_571.txt air/gen_1778658461_574.txt air/gen_1778658469_577.txt air/gen_1778658478_580.txt air/gen_1778658486_583.txt air/gen_1778658494_586.txt air/gen_1778658503_589.txt air/gen_1778658508_591.txt air/gen_1778658511_592.txt air/gen_1778658519_595.txt air/gen_1778658528_598.txt air/gen_1778658536_601.txt air/gen_1778658544_604.txt air/gen_1778658553_607.txt air/gen_1778658561_610.txt air/gen_1778658569_613.txt air/gen_1778658578_616.txt air/gen_1778658586_619.txt]
[trainer] micro-train burst (14648 bytes, novelty 0.05) — and lo, it feeds again.
[syntropy] action=explore | trend=0.0000 | field_dev=-0.012 | purpose_align=0.190 | lr_mul=1.30
[aml] burst complete: 32 steps, avg loss 1.7477 (memory freed)
[dna] water wrote 9 bytes to ecology
[dna] water wrote 201 bytes to ecology
[dna] water wrote 15 bytes to ecology
[dna] water wrote 9 bytes to ecology
[dna] water wrote 48 bytes to ecology
[dna] water wrote 9 bytes to ecology
[dna] water wrote 15 bytes to ecology
[dna] water wrote 9 bytes to ecology
[dna] water wrote 38 bytes to ecology
[dna] water wrote 9 bytes to ecology
[dna] water wrote 81 bytes to ecology
[dna] water wrote 9 bytes to ecology
[dna] water wrote 26 bytes to ecology
[dna] water wrote 49 bytes to ecology
[dna] water wrote 9 bytes to ecology
[dna] water wrote 114 bytes to ecology
[dna] water wrote 9 bytes to ecology
[dna] water wrote 92 bytes to ecology
[dna] water wrote 9 bytes to ecology
[dna] water wrote 23 bytes to ecology
[dna] water wrote 107 bytes to ecology
[dna] water wrote 9 bytes to ecology
[dna] water wrote 74 bytes to ecology
[dna] water wrote 9 bytes to ecology
[dna] water wrote 44 bytes to ecology
[dna] water wrote 9 bytes to ecology
[dna] water wrote 24 bytes to ecology
[dna] water wrote 9 bytes to ecology
[dna] water wrote 93 bytes to ecology
[debug-onto] tick=50 corpus=140564 stage=2 freeze=0
[dna] water wrote 9 bytes to ecology
[dna] water wrote 64 bytes to ecology
[dna] water wrote 9 bytes to ecology
[dna] water wrote 88 bytes to ecology
[dna] water wrote 9 bytes to ecology
[dna] water wrote 84 bytes to ecology
[dna] water wrote 36 bytes to ecology
[dna] water wrote 9 bytes to ecology
[dna] water wrote 31 bytes to ecology
[dna] water wrote 9 bytes to ecology
[dna] water wrote 76 bytes to ecology
[dna] water wrote 9 bytes to ecology
[dna] water wrote 34 bytes to ecology
[dna] water wrote 81 bytes to ecology
[dna] water wrote 9 bytes to ecology
[dna] water wrote 52 bytes to ecology
[dna] water wrote 9 bytes to ecology
[dna] water wrote 58 bytes to ecology
[dna] water wrote 9 bytes to ecology
[dna] water wrote 30 bytes to ecology
[dna] water wrote 129 bytes to ecology
[dna] water wrote 9 bytes to ecology
[dna] water wrote 30 bytes to ecology
[dna] water wrote 9 bytes to ecology
[dna] water wrote 99 bytes to ecology
[dna] water wrote 9 bytes to ecology
[dna] water wrote 64 bytes to ecology
[dna] water wrote 9 bytes to ecology
[dna] water wrote 105 bytes to ecology
[dna] water wrote 9 bytes to ecology
[dna] water wrote 74 bytes to ecology
[debug-onto] tick=100 corpus=140564 stage=2 freeze=0
[dna] water wrote 9 bytes to ecology
[dna] water wrote 15 bytes to ecology
[dna] water wrote 9 bytes to ecology
[dna] water wrote 59 bytes to ecology
[dna] water wrote 9 bytes to ecology
[dna] water wrote 173 bytes to ecology
[dna] water wrote 9 bytes to ecology
[dna] water wrote 78 bytes to ecology
[dna] water wrote 9 bytes to ecology
[dna] water wrote 30 bytes to ecology
[dna] water wrote 9 bytes to ecology
[dna] water wrote 24 bytes to ecology
[dna] water wrote 9 bytes to ecology
[dna] water wrote 45 bytes to ecology
[dna] water wrote 9 bytes to ecology
[dna] water wrote 83 bytes to ecology
[dna] water wrote 9 bytes to ecology
[dna] water wrote 86 bytes to ecology
[dna] water wrote 9 bytes to ecology
[dna] water wrote 39 bytes to ecology
[dna] water wrote 9 bytes to ecology
[dna] water wrote 65 bytes to ecology
[dna] water wrote 9 bytes to ecology
[dna] water wrote 43 bytes to ecology
[dna] water wrote 38 bytes to ecology
[dna] water wrote 9 bytes to ecology
[dna] water wrote 202 bytes to ecology
[dna] water wrote 9 bytes to ecology
[dna] water wrote 74 bytes to ecology
[dna] water wrote 9 bytes to ecology
[dna] water wrote 75 bytes to ecology
[dna] water wrote 9 bytes to ecology
[debug-onto] tick=150 corpus=140564 stage=2 freeze=0
[dna] water wrote 102 bytes to ecology
[dna] water wrote 9 bytes to ecology
[dna] water wrote 24 bytes to ecology
[dna] water wrote 9 bytes to ecology
[dna] water wrote 44 bytes to ecology
[dna] water wrote 9 bytes to ecology
[dna] water wrote 115 bytes to ecology
[dna] water wrote 9 bytes to ecology
[dna] water wrote 57 bytes to ecology
[dna] water wrote 9 bytes to ecology
[dna] water wrote 52 bytes to ecology
[dna] water wrote 9 bytes to ecology
[dna] water wrote 56 bytes to ecology
[dna] water wrote 9 bytes to ecology
[dna] water wrote 51 bytes to ecology
[dna] water wrote 82 bytes to ecology
[dna] water wrote 9 bytes to ecology
[dna] water wrote 98 bytes to ecology
[dna] water wrote 9 bytes to ecology
[dna] water wrote 42 bytes to ecology
[dna] water wrote 9 bytes to ecology
[dna] water wrote 54 bytes to ecology
[dna] water wrote 21 bytes to ecology
[dna] water wrote 9 bytes to ecology
[dna] water wrote 105 bytes to ecology
[dna] water wrote 38 bytes to ecology
[dna] water wrote 9 bytes to ecology
[dna] water wrote 54 bytes to ecology
[dna] water wrote 39 bytes to ecology
[debug-onto] tick=200 corpus=140564 stage=2 freeze=0
[dna] water wrote 9 bytes to ecology
[dna] water wrote 37 bytes to ecology
[dna] water wrote 33 bytes to ecology
[dna] water wrote 9 bytes to ecology
[dna] water wrote 137 bytes to ecology
[dna] water wrote 9 bytes to ecology
[dna] water wrote 30 bytes to ecology
[dna] water wrote 9 bytes to ecology
[dna] water wrote 62 bytes to ecology
[dna] water wrote 9 bytes to ecology
[dna] water wrote 40 bytes to ecology
[dna] water wrote 9 bytes to ecology
[dna] water wrote 81 bytes to ecology
[dna] water wrote 9 bytes to ecology
[dna] water wrote 71 bytes to ecology
[dna] water wrote 9 bytes to ecology
[dna] water wrote 100 bytes to ecology
[dna] water wrote 93 bytes to ecology
[dna] water wrote 9 bytes to ecology
[dna] water wrote 13 bytes to ecology
[dna] water wrote 9 bytes to ecology
[dna] water wrote 90 bytes to ecology
[dna] water wrote 9 bytes to ecology
[dna] water wrote 89 bytes to ecology
[dna] water wrote 9 bytes to ecology
[dna] water wrote 72 bytes to ecology
[dna] water wrote 9 bytes to ecology
[dna] water wrote 41 bytes to ecology
[dna] water wrote 9 bytes to ecology
[dna] water wrote 145 bytes to ecology
[dna] water wrote 9 bytes to ecology
[dna] water wrote 80 bytes to ecology
[debug-onto] tick=250 corpus=140564 stage=2 freeze=0
[dna] water wrote 9 bytes to ecology
[dna] water wrote 64 bytes to ecology
[dna] water wrote 9 bytes to ecology
[dna] water wrote 28 bytes to ecology
[dna] water wrote 9 bytes to ecology
[dna] water wrote 38 bytes to ecology
[dna] water wrote 9 bytes to ecology
[dna] water wrote 18 bytes to ecology
[dna] water wrote 9 bytes to ecology
[dna] water wrote 62 bytes to ecology
[dna] water wrote 9 bytes to ecology
[dna] water wrote 96 bytes to ecology
[dna] water wrote 9 bytes to ecology
[dna] water wrote 94 bytes to ecology
[dna] water wrote 9 bytes to ecology
[dna] water wrote 64 bytes to ecology
[dna] water wrote 9 bytes to ecology
[dna] water wrote 71 bytes to ecology
[dna] water wrote 9 bytes to ecology
[dna] water wrote 32 bytes to ecology
[dna] water wrote 9 bytes to ecology
[dna] water wrote 97 bytes to ecology
[dna] water wrote 9 bytes to ecology
[dna] water wrote 65 bytes to ecology
[dna] water wrote 9 bytes to ecology
[dna] water wrote 35 bytes to ecology
[dna] water wrote 9 bytes to ecology
[dna] water wrote 26 bytes to ecology
[dna] water wrote 9 bytes to ecology
[dna] water wrote 56 bytes to ecology
[dna] water wrote 9 bytes to ecology
[dna] water wrote 81 bytes to ecology
[debug-onto] tick=300 corpus=140564 stage=2 freeze=0
[dna] water wrote 43 bytes to ecology
[dna] water wrote 9 bytes to ecology
[dna] water wrote 128 bytes to ecology
[dna] water wrote 49 bytes to ecology
[dna] water wrote 9 bytes to ecology
[dna] water wrote 50 bytes to ecology
[dna] water wrote 9 bytes to ecology
[dna] water wrote 85 bytes to ecology
[dna] water wrote 9 bytes to ecology
[dna] water wrote 101 bytes to ecology
[dna] water wrote 100 bytes to ecology
[dna] water wrote 9 bytes to ecology
[dna] water wrote 97 bytes to ecology
[dna] water wrote 9 bytes to ecology
[dna] water wrote 42 bytes to ecology
[dna] water wrote 9 bytes to ecology
[dna] water wrote 82 bytes to ecology
[dna] water wrote 9 bytes to ecology
[dna] water wrote 65 bytes to ecology
[dna] water wrote 9 bytes to ecology
[dna] water wrote 61 bytes to ecology
[dna] water wrote 36 bytes to ecology
[dna] water wrote 9 bytes to ecology
[dna] water wrote 77 bytes to ecology
[dna] water wrote 64 bytes to ecology
[dna] water wrote 9 bytes to ecology
[dna] water wrote 123 bytes to ecology
[dna] water wrote 9 bytes to ecology
[dna] water wrote 32 bytes to ecology
[debug-onto] tick=350 corpus=140564 stage=2 freeze=0
[dna] water wrote 9 bytes to ecology
[dna] water wrote 25 bytes to ecology
[dna] water wrote 9 bytes to ecology
[dna] water wrote 97 bytes to ecology
[dna] water wrote 9 bytes to ecology
[dna] water wrote 27 bytes to ecology
[dna] water wrote 9 bytes to ecology
[dna] water wrote 58 bytes to ecology
[dna] water wrote 9 bytes to ecology
[dna] water wrote 27 bytes to ecology
[dna] water wrote 34 bytes to ecology
[dna] water wrote 9 bytes to ecology
[dna] water wrote 65 bytes to ecology
[dna] water wrote 19 bytes to ecology
[dna] water wrote 9 bytes to ecology
[dna] water wrote 64 bytes to ecology
[dna] water wrote 9 bytes to ecology
[dna] water wrote 168 bytes to ecology
[dna] water wrote 9 bytes to ecology
[dna] water wrote 24 bytes to ecology
[dna] water wrote 9 bytes to ecology
[dna] water wrote 25 bytes to ecology
[dna] water wrote 9 bytes to ecology
[dna] water wrote 76 bytes to ecology
[dna] water wrote 121 bytes to ecology
[dna] water wrote 51 bytes to ecology
[dna] water wrote 9 bytes to ecology
[dna] water wrote 67 bytes to ecology
[dna] water wrote 33 bytes to ecology
[dna] water wrote 9 bytes to ecology
[dna] water wrote 65 bytes to ecology
[debug-onto] tick=400 corpus=140564 stage=2 freeze=0
[dna] water wrote 32 bytes to ecology
[dna] water wrote 9 bytes to ecology
[dna] water wrote 48 bytes to ecology
[dna] water wrote 9 bytes to ecology
[dna] water wrote 44 bytes to ecology
[dna] water wrote 9 bytes to ecology
[dna] water wrote 60 bytes to ecology
[dna] water wrote 9 bytes to ecology
[dna] water wrote 122 bytes to ecology
[dna] water wrote 9 bytes to ecology
[dna] water wrote 34 bytes to ecology
[dna] water wrote 9 bytes to ecology
[dna] water wrote 67 bytes to ecology
[dna] water wrote 9 bytes to ecology
[dna] water wrote 71 bytes to ecology
[dna] water wrote 9 bytes to ecology
[dna] water wrote 46 bytes to ecology
[dna] water wrote 9 bytes to ecology
[dna] water wrote 51 bytes to ecology
[dna] water wrote 43 bytes to ecology
[dna] water wrote 9 bytes to ecology
[dna] water wrote 28 bytes to ecology
[dna] water wrote 9 bytes to ecology
[dna] water wrote 73 bytes to ecology
[dna] water wrote 9 bytes to ecology
[dna] water wrote 83 bytes to ecology
[dna] water wrote 9 bytes to ecology
[dna] water wrote 61 bytes to ecology
[dna] water wrote 9 bytes to ecology
[dna] water wrote 79 bytes to ecology
[dna] water wrote 9 bytes to ecology
[debug-onto] tick=450 corpus=140564 stage=2 freeze=0
[dna] water wrote 22 bytes to ecology
[dna] water wrote 9 bytes to ecology
[dna] water wrote 38 bytes to ecology
[dna] water wrote 9 bytes to ecology
[dna] water wrote 33 bytes to ecology
[dna] water wrote 9 bytes to ecology
[dna] water wrote 23 bytes to ecology
[dna] water wrote 27 bytes to ecology
[dna] water wrote 9 bytes to ecology
[dna] water wrote 156 bytes to ecology
[dna] water wrote 113 bytes to ecology
[dna] water wrote 9 bytes to ecology
[dna] water wrote 71 bytes to ecology
[dna] water wrote 9 bytes to ecology
[dna] water wrote 37 bytes to ecology
[dna] water wrote 9 bytes to ecology
[dna] water wrote 79 bytes to ecology
[dna] water wrote 9 bytes to ecology
[dna] water wrote 73 bytes to ecology
[dna] water wrote 9 bytes to ecology
[dna] water wrote 69 bytes to ecology
[dna] water wrote 25 bytes to ecology
[dna] water wrote 9 bytes to ecology
[dna] water wrote 53 bytes to ecology
[dna] water wrote 9 bytes to ecology
[dna] water wrote 72 bytes to ecology
[dna] water wrote 9 bytes to ecology
[dna] water wrote 24 bytes to ecology
[dna] water wrote 9 bytes to ecology
[dna] water wrote 101 bytes to ecology
[debug-onto] tick=500 corpus=140564 stage=2 freeze=0
[dna] water wrote 9 bytes to ecology
[dna] water wrote 20 bytes to ecology
[dna] water wrote 49 bytes to ecology
[dna] water wrote 9 bytes to ecology
[dna] water wrote 33 bytes to ecology
[dna] water wrote 56 bytes to ecology
[dna] water wrote 9 bytes to ecology
[dna] water wrote 52 bytes to ecology
[dna] water wrote 9 bytes to ecology
[dna] water wrote 119 bytes to ecology
[dna] water wrote 9 bytes to ecology
[dna] water wrote 66 bytes to ecology
[dna] water wrote 9 bytes to ecology
[dna] water wrote 50 bytes to ecology
[dna] water wrote 9 bytes to ecology
[dna] water wrote 38 bytes to ecology
[dna] water wrote 111 bytes to ecology
[dna] water wrote 9 bytes to ecology
[dna] water wrote 168 bytes to ecology
[dna] water wrote 9 bytes to ecology
[dna] water wrote 58 bytes to ecology
[dna] water wrote 9 bytes to ecology
[dna] water wrote 97 bytes to ecology
[dna] water wrote 84 bytes to ecology
[dna] water wrote 9 bytes to ecology
[dna] water wrote 72 bytes to ecology
[dna] water wrote 56 bytes to ecology
[dna] water wrote 9 bytes to ecology
[dna] water wrote 65 bytes to ecology
[debug-onto] tick=550 corpus=140564 stage=2 freeze=0
[dna] water wrote 72 bytes to ecology
[dna] water wrote 9 bytes to ecology
[dna] water wrote 89 bytes to ecology
[dna] water wrote 41 bytes to ecology
[dna] water wrote 9 bytes to ecology
[dna] water wrote 107 bytes to ecology
[dna] water wrote 9 bytes to ecology
[dna] water wrote 55 bytes to ecology
[dna] water wrote 9 bytes to ecology
[dna] water wrote 87 bytes to ecology
[dna] water wrote 9 bytes to ecology
[dna] water wrote 23 bytes to ecology
[dna] water wrote 9 bytes to ecology
[dna] water wrote 43 bytes to ecology
[dna] water wrote 110 bytes to ecology
[dna] water wrote 9 bytes to ecology
[dna] water wrote 43 bytes to ecology
[dna] water wrote 48 bytes to ecology
[dna] water wrote 9 bytes to ecology
[dna] water wrote 32 bytes to ecology
[dna] water wrote 9 bytes to ecology
[dna] water wrote 62 bytes to ecology
[dna] water wrote 9 bytes to ecology
[dna] water wrote 66 bytes to ecology
[dna] water wrote 9 bytes to ecology
[dna] water wrote 133 bytes to ecology
[dna] water wrote 9 bytes to ecology
[dna] water wrote 58 bytes to ecology
[dna] water wrote 9 bytes to ecology
[debug-onto] tick=600 corpus=140564 stage=2 freeze=0
[dna] water wrote 86 bytes to ecology
[dna] water wrote 9 bytes to ecology
[dna] water wrote 47 bytes to ecology
[dna] water wrote 28 bytes to ecology
[dna] water wrote 9 bytes to ecology
[dna] water wrote 15 bytes to ecology
[dna] water wrote 9 bytes to ecology
[dna] water wrote 60 bytes to ecology
[dna] water wrote 9 bytes to ecology
[dna] water wrote 17 bytes to ecology
[dna] water wrote 9 bytes to ecology
[dna] water wrote 126 bytes to ecology
[dna] water wrote 9 bytes to ecology
[dna] water wrote 32 bytes to ecology
[dna] water wrote 38 bytes to ecology
[dna] water wrote 9 bytes to ecology
[dna] water wrote 100 bytes to ecology
[dna] water wrote 20 bytes to ecology
[dna] water wrote 9 bytes to ecology
[dna] water wrote 77 bytes to ecology
[dna] water wrote 9 bytes to ecology
[dna] water wrote 257 bytes to ecology
[dna] water wrote 9 bytes to ecology
[dna] water wrote 89 bytes to ecology
[dna] water wrote 9 bytes to ecology
[dna] water wrote 26 bytes to ecology
[dna] water wrote 9 bytes to ecology
[dna] water wrote 32 bytes to ecology

[evolution] Organism shutting down gracefully.
