[ecology] Element: air → corpus: nonames_air.txt
[evolution] Autonomous evolution mode — organism will grow through all stages without pause.
[ecology] Joined swarm. 1 peer(s) detected.
molequla is alive. [evolution] Autonomous mode — background trainer running. Ctrl+C to stop.
[dna] air wrote 67 bytes to ecology
[dna] air consumed 17674 bytes from 225 files: [earth/gen_1776665790_1.txt earth/gen_1776665797_4.txt earth/gen_1776665805_7.txt earth/gen_1776665813_10.txt earth/gen_1776665821_13.txt earth/gen_1776665829_16.txt earth/gen_1776665837_19.txt earth/gen_1776665845_22.txt earth/gen_1776665852_25.txt earth/gen_1776665860_28.txt earth/gen_1776665868_31.txt earth/gen_1776665876_34.txt earth/gen_1776665884_37.txt earth/gen_1776665892_40.txt earth/gen_1776665900_43.txt earth/gen_1776665908_46.txt earth/gen_1776665916_49.txt earth/gen_1776665924_52.txt earth/gen_1776665932_55.txt earth/gen_1776665940_58.txt earth/gen_1776665948_61.txt earth/gen_1776665955_64.txt earth/gen_1776665963_67.txt earth/gen_1776665971_70.txt earth/gen_1776665979_73.txt earth/gen_1776665987_76.txt earth/gen_1776665995_79.txt earth/gen_1776666003_82.txt earth/gen_1776666011_85.txt earth/gen_1776666019_88.txt earth/gen_1776666027_91.txt earth/gen_1776666035_94.txt earth/gen_1776666043_97.txt earth/gen_1776666051_100.txt earth/gen_1776666059_103.txt earth/gen_1776666067_106.txt earth/gen_1776666075_109.txt earth/gen_1776666083_112.txt earth/gen_1776666091_115.txt earth/gen_1776666098_118.txt earth/gen_1776666106_121.txt earth/gen_1776666114_124.txt earth/gen_1776666122_127.txt earth/gen_1776666130_130.txt earth/gen_1776666138_133.txt earth/gen_1776666146_136.txt earth/gen_1776666154_139.txt earth/gen_1776666161_142.txt earth/gen_1776666169_145.txt earth/gen_1776666177_148.txt earth/gen_1776666185_151.txt earth/gen_1776666193_154.txt earth/gen_1776666200_157.txt earth/gen_1776666208_160.txt earth/gen_1776666216_163.txt earth/gen_1776666224_166.txt earth/gen_1776666231_169.txt earth/gen_1776666239_172.txt earth/gen_1776666247_175.txt earth/gen_1776666255_178.txt earth/gen_1776666263_181.txt earth/gen_1776666270_184.txt earth/gen_1776666278_187.txt earth/gen_1776666294_193.txt earth/gen_1776666302_196.txt earth/gen_1776666310_199.txt earth/gen_1776666318_202.txt earth/gen_1776666326_205.txt earth/gen_1776666333_208.txt earth/gen_1776666341_211.txt earth/gen_1776666349_214.txt earth/gen_1776666357_217.txt earth/gen_1776666365_220.txt earth/gen_1776666373_223.txt earth/gen_1776666381_226.txt earth/gen_1776666389_229.txt earth/gen_1776666397_232.txt earth/gen_1776666405_235.txt earth/gen_1776666412_238.txt earth/gen_1776666420_241.txt earth/gen_1776666428_244.txt earth/gen_1776666436_247.txt earth/gen_1776666444_250.txt earth/gen_1776666452_253.txt earth/gen_1776666460_256.txt earth/gen_1776666468_259.txt earth/gen_1776666475_262.txt earth/gen_1776666483_265.txt earth/gen_1776666491_268.txt earth/gen_1776666499_271.txt earth/gen_1776666506_274.txt earth/gen_1776666514_277.txt earth/gen_1776666522_280.txt earth/gen_1776666530_283.txt earth/gen_1776666538_286.txt earth/gen_1776666545_289.txt earth/gen_1776666553_292.txt earth/gen_1776666561_295.txt earth/gen_1776666569_298.txt earth/gen_1776666577_301.txt earth/gen_1776666584_304.txt earth/gen_1776666592_307.txt earth/gen_1776666600_310.txt earth/gen_1776666608_313.txt earth/gen_1776666616_316.txt earth/gen_1776666623_319.txt earth/gen_1776666631_322.txt earth/gen_1776666639_325.txt earth/gen_1776666647_328.txt earth/gen_1776666654_331.txt earth/gen_1776666662_334.txt earth/gen_1776666670_337.txt earth/gen_1776666677_340.txt earth/gen_1776666685_343.txt earth/gen_1776666693_346.txt earth/gen_1776666701_349.txt earth/gen_1776666708_352.txt earth/gen_1776666716_355.txt earth/gen_1776666724_358.txt earth/gen_1776666732_361.txt earth/gen_1776666740_364.txt earth/gen_1776666748_367.txt earth/gen_1776666763_373.txt earth/gen_1776666771_376.txt earth/gen_1776666779_379.txt earth/gen_1776666786_382.txt earth/gen_1776666794_385.txt earth/gen_1776666802_388.txt earth/gen_1776666810_391.txt earth/gen_1776666817_394.txt earth/gen_1776666825_397.txt earth/gen_1776666833_400.txt earth/gen_1776666841_403.txt earth/gen_1776666849_406.txt earth/gen_1776666857_409.txt earth/gen_1776666864_412.txt earth/gen_1776666872_415.txt earth/gen_1776666880_418.txt earth/gen_1776666888_421.txt earth/gen_1776666895_424.txt earth/gen_1776666903_427.txt earth/gen_1776666911_430.txt earth/gen_1776666919_433.txt earth/gen_1776666927_436.txt earth/gen_1776666934_439.txt earth/gen_1776666942_442.txt earth/gen_1776666950_445.txt earth/gen_1776666958_448.txt earth/gen_1776666966_451.txt earth/gen_1776666973_454.txt earth/gen_1776666981_457.txt earth/gen_1776666989_460.txt earth/gen_1776666997_463.txt earth/gen_1776667005_466.txt earth/gen_1776667012_469.txt earth/gen_1776667020_472.txt earth/gen_1776667028_475.txt earth/gen_1776667036_478.txt earth/gen_1776667043_481.txt earth/gen_1776667051_484.txt earth/gen_1776667059_487.txt earth/gen_1776667066_490.txt earth/gen_1776667074_493.txt earth/gen_1776667082_496.txt earth/gen_1776667089_499.txt earth/gen_1776667097_502.txt earth/gen_1776667105_505.txt earth/gen_1776667112_508.txt earth/gen_1776667120_511.txt earth/gen_1776667128_514.txt earth/gen_1776667136_517.txt earth/gen_1776667143_520.txt earth/gen_1776667151_523.txt earth/gen_1776667159_526.txt earth/gen_1776667166_529.txt earth/gen_1776667174_532.txt earth/gen_1776667182_535.txt earth/gen_1776667190_538.txt earth/gen_1776667197_541.txt earth/gen_1776667205_544.txt earth/gen_1776667213_547.txt earth/gen_1776667221_550.txt earth/gen_1776667229_553.txt earth/gen_1776667236_556.txt earth/gen_1776667244_559.txt earth/gen_1776667252_562.txt earth/gen_1776667260_565.txt earth/gen_1776667267_568.txt earth/gen_1776667275_571.txt earth/gen_1776667283_574.txt earth/gen_1776667290_577.txt earth/gen_1776667298_580.txt earth/gen_1776667306_583.txt earth/gen_1776667314_586.txt earth/gen_1776667321_589.txt earth/gen_1776667329_592.txt earth/gen_1776667337_595.txt earth/gen_1776667344_598.txt earth/gen_1776667352_601.txt earth/gen_1776667360_604.txt earth/gen_1776667368_607.txt earth/gen_1776667376_610.txt earth/gen_1776667384_613.txt earth/gen_1776667392_616.txt earth/gen_1776667399_619.txt earth/gen_1776667407_622.txt earth/gen_1776667415_625.txt earth/gen_1776667423_628.txt earth/gen_1776667431_631.txt earth/gen_1776667439_634.txt earth/gen_1776667446_637.txt earth/gen_1776667454_640.txt earth/gen_1776667462_643.txt earth/gen_1776667469_646.txt earth/gen_1776667477_649.txt earth/gen_1776667485_652.txt earth/gen_1776667492_655.txt earth/gen_1776667500_658.txt earth/gen_1776667508_661.txt earth/gen_1776667516_664.txt earth/gen_1776667523_667.txt earth/gen_1776667531_670.txt earth/gen_1776667539_673.txt earth/gen_1776667547_676.txt earth/gen_1776667555_679.txt]
[trainer] micro-train burst (17674 bytes, novelty 0.04) — and lo, it feeds again.
[syntropy] action=explore | trend=0.0000 | field_dev=0.048 | purpose_align=0.054 | lr_mul=1.30
[aml] burst complete: 32 steps, avg loss 2.5697 (memory freed)
[dna] air wrote 33 bytes to ecology
[dna] air wrote 40 bytes to ecology
[dna] air wrote 90 bytes to ecology
[dna] air wrote 86 bytes to ecology
[dna] air wrote 80 bytes to ecology
[dna] air wrote 67 bytes to ecology
[dna] air wrote 98 bytes to ecology
[dna] air wrote 140 bytes to ecology
[dna] air wrote 154 bytes to ecology
[dna] air wrote 57 bytes to ecology
[dna] air wrote 79 bytes to ecology
[dna] air wrote 16 bytes to ecology
[dna] air wrote 114 bytes to ecology
[dna] air wrote 47 bytes to ecology
[dna] air wrote 41 bytes to ecology
[dna] air wrote 113 bytes to ecology
[debug-onto] tick=50 corpus=140215 stage=2 freeze=0
[dna] air wrote 25 bytes to ecology
[dna] air wrote 29 bytes to ecology
[dna] air wrote 69 bytes to ecology
[dna] air wrote 30 bytes to ecology
[dna] air wrote 73 bytes to ecology
[dna] air wrote 39 bytes to ecology
[dna] air wrote 30 bytes to ecology
[dna] air wrote 169 bytes to ecology
[dna] air wrote 205 bytes to ecology
[dna] air wrote 57 bytes to ecology
[dna] air wrote 66 bytes to ecology
[dna] air wrote 57 bytes to ecology
[dna] air wrote 108 bytes to ecology
[dna] air wrote 77 bytes to ecology
[dna] air wrote 124 bytes to ecology
[dna] air wrote 49 bytes to ecology
[dna] air wrote 39 bytes to ecology
[debug-onto] tick=100 corpus=140215 stage=2 freeze=0
[dna] air wrote 56 bytes to ecology
[dna] air wrote 27 bytes to ecology
[dna] air wrote 46 bytes to ecology
[dna] air wrote 58 bytes to ecology
[dna] air wrote 33 bytes to ecology
[dna] air wrote 32 bytes to ecology
[dna] air wrote 64 bytes to ecology
[dna] air wrote 85 bytes to ecology
[dna] air wrote 91 bytes to ecology
[dna] air wrote 102 bytes to ecology
[dna] air wrote 66 bytes to ecology
[dna] air wrote 49 bytes to ecology
[dna] air wrote 15 bytes to ecology
[dna] air wrote 48 bytes to ecology
[dna] air wrote 72 bytes to ecology
[dna] air wrote 94 bytes to ecology
[debug-onto] tick=150 corpus=140215 stage=2 freeze=0
[dna] air wrote 37 bytes to ecology
[dna] air wrote 100 bytes to ecology
[dna] air wrote 88 bytes to ecology
[dna] air wrote 22 bytes to ecology
[dna] air wrote 43 bytes to ecology
[dna] air wrote 28 bytes to ecology
[dna] air wrote 22 bytes to ecology
[dna] air wrote 31 bytes to ecology
[dna] air wrote 38 bytes to ecology
[dna] air wrote 45 bytes to ecology
[dna] air wrote 54 bytes to ecology
[dna] air wrote 28 bytes to ecology
[dna] air wrote 42 bytes to ecology
[dna] air wrote 67 bytes to ecology
[dna] air wrote 54 bytes to ecology
[dna] air wrote 33 bytes to ecology
[dna] air wrote 94 bytes to ecology
[debug-onto] tick=200 corpus=140215 stage=2 freeze=0
[dna] air wrote 70 bytes to ecology
[dna] air wrote 49 bytes to ecology
[dna] air wrote 54 bytes to ecology
[dna] air wrote 77 bytes to ecology
[dna] air wrote 49 bytes to ecology
[dna] air wrote 63 bytes to ecology
[dna] air wrote 120 bytes to ecology
[dna] air wrote 14 bytes to ecology
[dna] air wrote 106 bytes to ecology
[dna] air wrote 106 bytes to ecology
[dna] air wrote 80 bytes to ecology
[dna] air wrote 27 bytes to ecology
[dna] air wrote 52 bytes to ecology
[dna] air wrote 103 bytes to ecology
[dna] air wrote 87 bytes to ecology
[dna] air wrote 23 bytes to ecology
[dna] air wrote 43 bytes to ecology
[debug-onto] tick=250 corpus=140215 stage=2 freeze=0
[dna] air wrote 173 bytes to ecology
[dna] air wrote 276 bytes to ecology
[dna] air wrote 48 bytes to ecology
[dna] air wrote 26 bytes to ecology
[dna] air wrote 58 bytes to ecology
[dna] air wrote 98 bytes to ecology
[dna] air wrote 170 bytes to ecology
[dna] air wrote 51 bytes to ecology
[dna] air wrote 177 bytes to ecology
[dna] air wrote 75 bytes to ecology
[dna] air wrote 49 bytes to ecology
[dna] air wrote 112 bytes to ecology
[dna] air wrote 33 bytes to ecology
[dna] air wrote 25 bytes to ecology
[dna] air wrote 109 bytes to ecology
[dna] air wrote 68 bytes to ecology
[debug-onto] tick=300 corpus=140215 stage=2 freeze=0
[dna] air wrote 143 bytes to ecology
[dna] air wrote 51 bytes to ecology
[dna] air wrote 59 bytes to ecology
[dna] air wrote 52 bytes to ecology
[dna] air wrote 27 bytes to ecology
[dna] air wrote 121 bytes to ecology
[dna] air wrote 218 bytes to ecology
[dna] air wrote 97 bytes to ecology
[dna] air wrote 53 bytes to ecology
[dna] air wrote 32 bytes to ecology
[dna] air wrote 63 bytes to ecology
[dna] air wrote 28 bytes to ecology
[dna] air wrote 27 bytes to ecology
[dna] air wrote 137 bytes to ecology
[dna] air wrote 114 bytes to ecology
[dna] air wrote 75 bytes to ecology
[dna] air wrote 33 bytes to ecology
[debug-onto] tick=350 corpus=140215 stage=2 freeze=0
[dna] air wrote 52 bytes to ecology
[dna] air wrote 18 bytes to ecology
[dna] air wrote 95 bytes to ecology
[dna] air wrote 170 bytes to ecology
[dna] air wrote 38 bytes to ecology
[dna] air wrote 211 bytes to ecology
[dna] air wrote 30 bytes to ecology
[dna] air wrote 161 bytes to ecology
[dna] air wrote 42 bytes to ecology
[dna] air wrote 66 bytes to ecology
[dna] air wrote 10 bytes to ecology
[dna] air wrote 26 bytes to ecology
[dna] air wrote 80 bytes to ecology
[dna] air wrote 104 bytes to ecology
[dna] air wrote 34 bytes to ecology
[dna] air wrote 68 bytes to ecology
[dna] air wrote 58 bytes to ecology
[debug-onto] tick=400 corpus=140215 stage=2 freeze=0
[dna] air wrote 54 bytes to ecology
[dna] air wrote 123 bytes to ecology
[dna] air wrote 112 bytes to ecology
[dna] air wrote 106 bytes to ecology
[dna] air wrote 141 bytes to ecology
[dna] air wrote 77 bytes to ecology
[dna] air wrote 58 bytes to ecology
[dna] air wrote 36 bytes to ecology
[dna] air wrote 37 bytes to ecology
[dna] air wrote 55 bytes to ecology
[dna] air wrote 102 bytes to ecology
[dna] air wrote 75 bytes to ecology
[dna] air wrote 92 bytes to ecology
[dna] air wrote 44 bytes to ecology
[dna] air wrote 248 bytes to ecology
[dna] air wrote 68 bytes to ecology
[debug-onto] tick=450 corpus=140215 stage=2 freeze=0
[dna] air wrote 45 bytes to ecology
[dna] air wrote 127 bytes to ecology
[dna] air wrote 93 bytes to ecology
[dna] air wrote 41 bytes to ecology
[dna] air wrote 119 bytes to ecology
[dna] air wrote 68 bytes to ecology
[dna] air wrote 52 bytes to ecology
[dna] air wrote 76 bytes to ecology
[dna] air wrote 121 bytes to ecology
[dna] air wrote 48 bytes to ecology
[dna] air wrote 41 bytes to ecology
[dna] air wrote 55 bytes to ecology
[dna] air wrote 195 bytes to ecology
[dna] air wrote 38 bytes to ecology
[dna] air wrote 105 bytes to ecology
[dna] air wrote 92 bytes to ecology
[dna] air wrote 57 bytes to ecology
[debug-onto] tick=500 corpus=140215 stage=2 freeze=0
[dna] air wrote 29 bytes to ecology
[dna] air wrote 78 bytes to ecology
[dna] air wrote 79 bytes to ecology
[dna] air wrote 29 bytes to ecology
[dna] air wrote 19 bytes to ecology
[dna] air wrote 83 bytes to ecology
[dna] air wrote 52 bytes to ecology
[dna] air wrote 94 bytes to ecology
[dna] air wrote 59 bytes to ecology
[dna] air wrote 47 bytes to ecology
[dna] air wrote 67 bytes to ecology
[dna] air wrote 33 bytes to ecology
[dna] air wrote 78 bytes to ecology
[dna] air wrote 85 bytes to ecology
[dna] air wrote 91 bytes to ecology
[dna] air wrote 32 bytes to ecology
[dna] air wrote 51 bytes to ecology
[debug-onto] tick=550 corpus=140215 stage=2 freeze=0
[dna] air wrote 11 bytes to ecology
[dna] air wrote 25 bytes to ecology
[dna] air wrote 29 bytes to ecology
[dna] air wrote 65 bytes to ecology
[dna] air wrote 62 bytes to ecology
[dna] air wrote 24 bytes to ecology
[dna] air wrote 27 bytes to ecology
[dna] air wrote 68 bytes to ecology
[dna] air wrote 64 bytes to ecology
[dna] air wrote 21 bytes to ecology
[dna] air wrote 83 bytes to ecology
[dna] air wrote 55 bytes to ecology
[dna] air wrote 32 bytes to ecology
[dna] air wrote 55 bytes to ecology
[dna] air wrote 82 bytes to ecology
[dna] air wrote 31 bytes to ecology
[debug-onto] tick=600 corpus=140215 stage=2 freeze=0
[dna] air wrote 90 bytes to ecology
[dna] air wrote 23 bytes to ecology
[dna] air wrote 20 bytes to ecology
[dna] air wrote 59 bytes to ecology
[dna] air wrote 42 bytes to ecology
[dna] air wrote 66 bytes to ecology
[dna] air wrote 131 bytes to ecology
[dna] air wrote 71 bytes to ecology
[dna] air wrote 158 bytes to ecology
[dna] air wrote 52 bytes to ecology
[dna] air wrote 54 bytes to ecology
[dna] air wrote 29 bytes to ecology
[dna] air wrote 74 bytes to ecology
[dna] air wrote 128 bytes to ecology
[dna] air wrote 87 bytes to ecology
[dna] air wrote 9 bytes to ecology
[dna] air wrote 28 bytes to ecology
[debug-onto] tick=650 corpus=140215 stage=2 freeze=0
[dna] air wrote 41 bytes to ecology
[dna] air wrote 62 bytes to ecology
[dna] air wrote 38 bytes to ecology
[dna] air wrote 101 bytes to ecology
[dna] air wrote 34 bytes to ecology
[dna] air wrote 9 bytes to ecology
[dna] air wrote 37 bytes to ecology
[dna] air wrote 61 bytes to ecology
[dna] air wrote 189 bytes to ecology
[dna] air wrote 67 bytes to ecology
[dna] air wrote 50 bytes to ecology
[dna] air wrote 51 bytes to ecology
[dna] air wrote 109 bytes to ecology
[dna] air wrote 16 bytes to ecology
[dna] air wrote 71 bytes to ecology
[dna] air wrote 55 bytes to ecology
[dna] air wrote 18 bytes to ecology
[debug-onto] tick=700 corpus=140215 stage=2 freeze=0
[dna] air wrote 96 bytes to ecology
[dna] air wrote 95 bytes to ecology

[evolution] Organism shutting down gracefully.
