[ecology] Element: earth → corpus: nonames_earth.txt
[evolution] Autonomous evolution mode — organism will grow through all stages without pause.
[init] Stage 0 (embryo): embd=16, layer=1, head=1 — warmup 400 steps (400 backprop + 0 notorch, sqrt-scaled 1x)
  [aml] step 0/160 | loss 6.5161 (avg 6.5161) | lr 0.001000 | seq 8
  [aml] step 10/160 | loss 6.1763 (avg 6.4026) | lr 0.001450 | seq 8
  [aml] step 20/160 | loss 6.2109 (avg 6.2727) | lr 0.001900 | seq 8
  [aml] step 30/160 | loss 5.7588 (avg 6.1868) | lr 0.002350 | seq 8
  [aml] step 40/160 | loss 5.4577 (avg 6.0764) | lr 0.002800 | seq 8
  [aml] step 50/160 | loss 4.7033 (avg 5.9255) | lr 0.003250 | seq 8
  [aml] step 60/160 | loss 4.9018 (avg 5.7683) | lr 0.003700 | seq 8
  [aml] step 70/160 | loss 5.3686 (avg 5.6530) | lr 0.004150 | seq 8
  [aml] step 80/160 | loss 3.0395 (avg 5.5446) | lr 0.004600 | seq 8
  [aml] step 90/160 | loss 4.1754 (avg 5.3973) | lr 0.005050 | seq 8
  [aml] step 100/160 | loss 5.0275 (avg 5.3081) | lr 0.005500 | seq 8
  [aml] step 110/160 | loss 5.2703 (avg 5.1776) | lr 0.005950 | seq 8
  [aml] step 120/160 | loss 3.8986 (avg 5.1033) | lr 0.006400 | seq 8
  [aml] step 130/160 | loss 5.7859 (avg 5.0564) | lr 0.006850 | seq 8
  [aml] step 140/160 | loss 3.0460 (avg 5.0195) | lr 0.007300 | seq 8
  [aml] step 150/160 | loss 2.8162 (avg 4.9719) | lr 0.007750 | seq 8
[aml] training complete: 160 steps, avg loss 4.9316 (memory freed)
  [aml] step 0/120 | loss 4.5790 (avg 4.5790) | lr 0.008200 | seq 16
  [aml] step 10/120 | loss 4.3624 (avg 4.4629) | lr 0.008650 | seq 16
  [aml] step 20/120 | loss 3.5299 (avg 4.4310) | lr 0.009100 | seq 16
  [aml] step 30/120 | loss 3.5331 (avg 4.2568) | lr 0.009550 | seq 16
  [aml] step 40/120 | loss 3.4707 (avg 4.3036) | lr 0.010000 | seq 16
  [aml] step 50/120 | loss 3.3159 (avg 4.3027) | lr 0.010000 | seq 16
  [aml] step 60/120 | loss 4.7477 (avg 4.3128) | lr 0.010000 | seq 16
  [aml] step 70/120 | loss 4.8036 (avg 4.2646) | lr 0.010000 | seq 16
  [aml] step 80/120 | loss 5.0043 (avg 4.2259) | lr 0.009999 | seq 16
  [aml] step 90/120 | loss 4.7118 (avg 4.1199) | lr 0.009999 | seq 16
  [aml] step 100/120 | loss 3.8578 (avg 4.0516) | lr 0.009999 | seq 16
  [aml] step 110/120 | loss 5.2644 (avg 3.9657) | lr 0.009999 | seq 16
[aml] training complete: 120 steps, avg loss 3.9677 (memory freed)
  [aml] step 0/120 | loss 2.6650 (avg 2.6650) | lr 0.009999 | seq 32
  [aml] step 10/120 | loss 4.8808 (avg 3.9379) | lr 0.009999 | seq 32
  [aml] step 20/120 | loss 4.4040 (avg 3.7842) | lr 0.009999 | seq 32
  [aml] step 30/120 | loss 3.9518 (avg 3.5035) | lr 0.009999 | seq 32
  [aml] step 40/120 | loss 3.9295 (avg 3.4454) | lr 0.009999 | seq 32
  [aml] step 50/120 | loss 3.9471 (avg 3.3954) | lr 0.009999 | seq 32
  [aml] step 60/120 | loss 2.8461 (avg 3.3372) | lr 0.009999 | seq 32
  [aml] step 70/120 | loss 1.3728 (avg 3.3198) | lr 0.009999 | seq 32
  [aml] step 80/120 | loss 4.4554 (avg 3.3110) | lr 0.009999 | seq 32
  [aml] step 90/120 | loss 1.5818 (avg 3.2628) | lr 0.009999 | seq 32
  [aml] step 100/120 | loss 0.7803 (avg 3.2689) | lr 0.009999 | seq 32
  [aml] step 110/120 | loss 0.9168 (avg 3.1450) | lr 0.009999 | seq 32
[aml] training complete: 120 steps, avg loss 3.0480 (memory freed)

[stage 0 — embryo] What it sounds like now:
  Q: Hello.
  A: : is a hum — collects mean weld to the value?
  Q: Who are you?
  A: a rock and chemically found horizontally.
  Q: What do you know?
  A: What is the rock, and are direction of rock layers, and the water wind discordance of retaining — drainage to be

[growth] ONTOGENESIS: stage 0 -> 1
  embd: 16 -> 32, layer: 1 -> 1, head: 1 -> 2
[growth] Done. Freeze for 500 steps.
[init] Stage 1 (infant): embd=32, layer=1, head=2 — warmup 800 steps (800 backprop + 0 notorch, sqrt-scaled 2x)
  [aml] step 0/320 | loss 6.0208 (avg 6.0208) | lr 0.000500 | seq 8
  [aml] step 10/320 | loss 4.3423 (avg 5.7442) | lr 0.000725 | seq 8
  [aml] step 20/320 | loss 5.3215 (avg 5.1953) | lr 0.000950 | seq 8
  [aml] step 30/320 | loss 3.4810 (avg 4.9016) | lr 0.001175 | seq 8
  [aml] step 40/320 | loss 5.5074 (avg 4.8051) | lr 0.001400 | seq 8
  [aml] step 50/320 | loss 1.4524 (avg 4.5667) | lr 0.001625 | seq 8
  [aml] step 60/320 | loss 0.6056 (avg 4.4698) | lr 0.001850 | seq 8
  [aml] step 70/320 | loss 4.1091 (avg 4.3753) | lr 0.002075 | seq 8
  [aml] step 80/320 | loss 5.1811 (avg 4.2872) | lr 0.002300 | seq 8
  [aml] step 90/320 | loss 3.9451 (avg 4.2909) | lr 0.002525 | seq 8
  [aml] step 100/320 | loss 4.6279 (avg 4.2266) | lr 0.002750 | seq 8
  [aml] step 110/320 | loss 1.2793 (avg 4.2008) | lr 0.002975 | seq 8
  [aml] step 120/320 | loss 4.1929 (avg 4.1762) | lr 0.003200 | seq 8
  [aml] step 130/320 | loss 4.1946 (avg 4.0925) | lr 0.003425 | seq 8
  [aml] step 140/320 | loss 4.3086 (avg 4.0306) | lr 0.003650 | seq 8
  [aml] step 150/320 | loss 3.1037 (avg 4.0152) | lr 0.003875 | seq 8
  [aml] step 160/320 | loss 3.8838 (avg 4.0098) | lr 0.004100 | seq 8
  [aml] step 170/320 | loss 5.0529 (avg 3.9757) | lr 0.004325 | seq 8
  [aml] step 180/320 | loss 5.1317 (avg 3.9862) | lr 0.004550 | seq 8
  [aml] step 190/320 | loss 1.4900 (avg 3.9462) | lr 0.004775 | seq 8
  [aml] step 200/320 | loss 2.3874 (avg 3.9604) | lr 0.004998 | seq 8
  [aml] step 210/320 | loss 0.9552 (avg 3.8867) | lr 0.004998 | seq 8
  [aml] step 220/320 | loss 4.2079 (avg 3.8739) | lr 0.004998 | seq 8
  [aml] step 230/320 | loss 0.3267 (avg 3.8555) | lr 0.004998 | seq 8
  [aml] step 240/320 | loss 4.8956 (avg 3.8391) | lr 0.004998 | seq 8
  [aml] step 250/320 | loss 1.4328 (avg 3.8369) | lr 0.004998 | seq 8
  [aml] step 260/320 | loss 4.9537 (avg 3.8386) | lr 0.004998 | seq 8
  [aml] step 270/320 | loss 4.2214 (avg 3.8200) | lr 0.004998 | seq 8
  [aml] step 280/320 | loss 4.4784 (avg 3.8285) | lr 0.004998 | seq 8
  [aml] step 290/320 | loss 3.7176 (avg 3.8286) | lr 0.004998 | seq 8
  [aml] step 300/320 | loss 0.7350 (avg 3.7867) | lr 0.004998 | seq 8
  [aml] step 310/320 | loss 4.7739 (avg 3.7976) | lr 0.004998 | seq 8
[aml] training complete: 320 steps, avg loss 3.7880 (memory freed)
  [aml] step 0/240 | loss 2.3826 (avg 2.3826) | lr 0.004998 | seq 16
  [aml] step 10/240 | loss 4.7086 (avg 3.0030) | lr 0.004998 | seq 16
  [aml] step 20/240 | loss 5.9321 (avg 3.2195) | lr 0.004998 | seq 16
  [aml] step 30/240 | loss 2.9113 (avg 3.2738) | lr 0.004998 | seq 16
  [aml] step 40/240 | loss 2.4100 (avg 3.2713) | lr 0.004997 | seq 16
  [aml] step 50/240 | loss 1.3866 (avg 3.2075) | lr 0.004997 | seq 16
  [aml] step 60/240 | loss 4.7337 (avg 3.1360) | lr 0.004997 | seq 16
  [aml] step 70/240 | loss 0.8953 (avg 3.1131) | lr 0.004997 | seq 16
  [aml] step 80/240 | loss 4.0872 (avg 3.0571) | lr 0.004997 | seq 16
  [aml] step 90/240 | loss 4.2896 (avg 3.1457) | lr 0.004997 | seq 16
  [aml] step 100/240 | loss 2.4218 (avg 3.1194) | lr 0.004997 | seq 16
  [aml] step 110/240 | loss 4.5668 (avg 3.1412) | lr 0.004997 | seq 16
  [aml] step 120/240 | loss 4.9726 (avg 3.1803) | lr 0.004997 | seq 16
  [aml] step 130/240 | loss 3.8278 (avg 3.2002) | lr 0.004997 | seq 16
  [aml] step 140/240 | loss 4.9118 (avg 3.2048) | lr 0.004997 | seq 16
  [aml] step 150/240 | loss 1.9307 (avg 3.2121) | lr 0.004997 | seq 16
  [aml] step 160/240 | loss 3.4721 (avg 3.2324) | lr 0.004997 | seq 16
  [aml] step 170/240 | loss 3.3874 (avg 3.2427) | lr 0.004996 | seq 16
  [aml] step 180/240 | loss 3.6348 (avg 3.2781) | lr 0.004996 | seq 16
  [aml] step 190/240 | loss 2.7900 (avg 3.2410) | lr 0.004996 | seq 16
  [aml] step 200/240 | loss 4.3179 (avg 3.2007) | lr 0.004996 | seq 16
  [aml] step 210/240 | loss 4.0746 (avg 3.2382) | lr 0.004996 | seq 16
  [aml] step 220/240 | loss 3.6705 (avg 3.2304) | lr 0.004996 | seq 16
  [aml] step 230/240 | loss 2.3715 (avg 3.2257) | lr 0.004996 | seq 16
[aml] training complete: 240 steps, avg loss 3.2448 (memory freed)
  [aml] step 0/240 | loss 1.1074 (avg 1.1074) | lr 0.004996 | seq 32
  [aml] step 10/240 | loss 5.0297 (avg 3.4685) | lr 0.004996 | seq 32
  [aml] step 20/240 | loss 2.5015 (avg 3.1388) | lr 0.004996 | seq 32
  [aml] step 30/240 | loss 4.5803 (avg 3.2779) | lr 0.004996 | seq 32
  [aml] step 40/240 | loss 4.5139 (avg 3.1340) | lr 0.004996 | seq 32
  [aml] step 50/240 | loss 1.9686 (avg 3.0739) | lr 0.004995 | seq 32
  [aml] step 60/240 | loss 0.8421 (avg 2.9581) | lr 0.004995 | seq 32
  [aml] step 70/240 | loss 4.4306 (avg 2.9795) | lr 0.004995 | seq 32
  [aml] step 80/240 | loss 4.0784 (avg 2.9040) | lr 0.004995 | seq 32
  [aml] step 90/240 | loss 4.4223 (avg 2.9352) | lr 0.004995 | seq 32
  [aml] step 100/240 | loss 2.0188 (avg 2.8659) | lr 0.004995 | seq 32
  [aml] step 110/240 | loss 3.7284 (avg 2.8581) | lr 0.004995 | seq 32
  [aml] step 120/240 | loss 3.9059 (avg 2.8558) | lr 0.004995 | seq 32
  [aml] step 130/240 | loss 4.7040 (avg 2.8191) | lr 0.004995 | seq 32
  [aml] step 140/240 | loss 3.6580 (avg 2.7706) | lr 0.004995 | seq 32
  [aml] step 150/240 | loss 4.0557 (avg 2.7817) | lr 0.004995 | seq 32
  [aml] step 160/240 | loss 1.5187 (avg 2.7555) | lr 0.004994 | seq 32
  [aml] step 170/240 | loss 1.4755 (avg 2.7128) | lr 0.004994 | seq 32
  [aml] step 180/240 | loss 0.9543 (avg 2.6879) | lr 0.004994 | seq 32
  [aml] step 190/240 | loss 3.9102 (avg 2.7009) | lr 0.004994 | seq 32
  [aml] step 200/240 | loss 3.6408 (avg 2.7208) | lr 0.004994 | seq 32
  [aml] step 210/240 | loss 1.2332 (avg 2.6880) | lr 0.004994 | seq 32
  [aml] step 220/240 | loss 1.4437 (avg 2.6778) | lr 0.004994 | seq 32
  [aml] step 230/240 | loss 4.1415 (avg 2.6771) | lr 0.004994 | seq 32
[aml] training complete: 240 steps, avg loss 2.6836 (memory freed)

[stage 1 — infant] What it sounds like now:
  Q: Hello.
  A: The river detratioting water fixed deposited deposits bedrock mud.
  Q: Who are you?
  A: ...
  Q: What do you know?
  A: ...

[growth] ONTOGENESIS: stage 1 -> 2
  embd: 32 -> 64, layer: 1 -> 2, head: 2 -> 4
[growth] Done. Freeze for 500 steps.
[init] Stage 2 (child): embd=64, layer=2, head=4 — warmup 800 steps (800 backprop + 0 notorch, sqrt-scaled 2x)
  [aml] step 0/320 | loss 3.3815 (avg 3.3815) | lr 0.000250 | seq 8
  [aml] step 10/320 | loss 5.0536 (avg 3.0550) | lr 0.000363 | seq 8
  [aml] step 20/320 | loss 1.8908 (avg 3.1884) | lr 0.000475 | seq 8
  [aml] step 30/320 | loss 3.9728 (avg 3.3350) | lr 0.000588 | seq 8
  [aml] step 40/320 | loss 4.5044 (avg 3.3139) | lr 0.000700 | seq 8
  [aml] step 50/320 | loss 3.0541 (avg 3.4308) | lr 0.000813 | seq 8
  [aml] step 60/320 | loss 3.3456 (avg 3.3594) | lr 0.000925 | seq 8
  [aml] step 70/320 | loss 4.4338 (avg 3.3578) | lr 0.001038 | seq 8
  [aml] step 80/320 | loss 3.9199 (avg 3.3316) | lr 0.001150 | seq 8
  [aml] step 90/320 | loss 2.9755 (avg 3.3508) | lr 0.001263 | seq 8
  [aml] step 100/320 | loss 1.8130 (avg 3.2887) | lr 0.001375 | seq 8
  [aml] step 110/320 | loss 4.4338 (avg 3.2967) | lr 0.001488 | seq 8
  [aml] step 120/320 | loss 5.3171 (avg 3.3284) | lr 0.001600 | seq 8
  [aml] step 130/320 | loss 1.7466 (avg 3.3397) | lr 0.001713 | seq 8
  [aml] step 140/320 | loss 4.3640 (avg 3.3121) | lr 0.001825 | seq 8
  [aml] step 150/320 | loss 1.1426 (avg 3.2893) | lr 0.001938 | seq 8
  [aml] step 160/320 | loss 3.4000 (avg 3.2801) | lr 0.002050 | seq 8
  [aml] step 170/320 | loss 3.3741 (avg 3.3077) | lr 0.002163 | seq 8
  [aml] step 180/320 | loss 4.3111 (avg 3.3425) | lr 0.002275 | seq 8
  [aml] step 190/320 | loss 1.2962 (avg 3.3073) | lr 0.002387 | seq 8
  [aml] step 200/320 | loss 2.1200 (avg 3.2817) | lr 0.002496 | seq 8
  [aml] step 210/320 | loss 4.0914 (avg 3.3186) | lr 0.002496 | seq 8
  [aml] step 220/320 | loss 3.4186 (avg 3.3033) | lr 0.002496 | seq 8
  [aml] step 230/320 | loss 2.8736 (avg 3.3031) | lr 0.002495 | seq 8
  [aml] step 240/320 | loss 3.5722 (avg 3.2927) | lr 0.002495 | seq 8
  [aml] step 250/320 | loss 4.3441 (avg 3.3007) | lr 0.002495 | seq 8
  [aml] step 260/320 | loss 0.9183 (avg 3.2716) | lr 0.002495 | seq 8
  [aml] step 270/320 | loss 1.8654 (avg 3.2635) | lr 0.002495 | seq 8
  [aml] step 280/320 | loss 4.3831 (avg 3.2621) | lr 0.002495 | seq 8
  [aml] step 290/320 | loss 5.4703 (avg 3.2792) | lr 0.002495 | seq 8
  [aml] step 300/320 | loss 3.2055 (avg 3.2910) | lr 0.002495 | seq 8
  [aml] step 310/320 | loss 3.1240 (avg 3.2742) | lr 0.002495 | seq 8
[aml] training complete: 320 steps, avg loss 3.2759 (memory freed)
  [aml] step 0/240 | loss 3.5299 (avg 3.5299) | lr 0.002495 | seq 16
  [aml] step 10/240 | loss 4.5983 (avg 3.4889) | lr 0.002495 | seq 16
  [aml] step 20/240 | loss 4.1506 (avg 3.3101) | lr 0.002495 | seq 16
  [aml] step 30/240 | loss 0.8294 (avg 2.9149) | lr 0.002495 | seq 16
  [aml] step 40/240 | loss 4.9011 (avg 2.8969) | lr 0.002495 | seq 16
  [aml] step 50/240 | loss 4.7456 (avg 3.1024) | lr 0.002495 | seq 16
  [aml] step 60/240 | loss 2.2211 (avg 3.1489) | lr 0.002494 | seq 16
  [aml] step 70/240 | loss 1.3172 (avg 3.0604) | lr 0.002494 | seq 16
  [aml] step 80/240 | loss 1.3518 (avg 3.0940) | lr 0.002494 | seq 16
  [aml] step 90/240 | loss 2.3301 (avg 3.0658) | lr 0.002494 | seq 16
  [aml] step 100/240 | loss 3.7552 (avg 3.0827) | lr 0.002494 | seq 16
  [aml] step 110/240 | loss 4.1590 (avg 3.1365) | lr 0.002494 | seq 16
  [aml] step 120/240 | loss 1.6863 (avg 3.1819) | lr 0.002494 | seq 16
  [aml] step 130/240 | loss 4.6570 (avg 3.2158) | lr 0.002494 | seq 16
  [aml] step 140/240 | loss 4.2968 (avg 3.1779) | lr 0.002494 | seq 16
  [aml] step 150/240 | loss 2.9101 (avg 3.1270) | lr 0.002494 | seq 16
  [aml] step 160/240 | loss 2.8998 (avg 3.1462) | lr 0.002494 | seq 16
  [aml] step 170/240 | loss 1.9776 (avg 3.1071) | lr 0.002494 | seq 16
  [aml] step 180/240 | loss 4.4337 (avg 3.0682) | lr 0.002494 | seq 16
  [aml] step 190/240 | loss 3.1354 (avg 3.0764) | lr 0.002494 | seq 16
  [aml] step 200/240 | loss 4.2577 (avg 3.1003) | lr 0.002493 | seq 16
  [aml] step 210/240 | loss 4.0026 (avg 3.1026) | lr 0.002493 | seq 16
  [aml] step 220/240 | loss 0.8617 (avg 3.0742) | lr 0.002493 | seq 16
  [aml] step 230/240 | loss 1.1024 (avg 3.0653) | lr 0.002493 | seq 16
[aml] training complete: 240 steps, avg loss 3.0396 (memory freed)
  [aml] step 0/240 | loss 0.9234 (avg 0.9234) | lr 0.002493 | seq 32
  [aml] step 10/240 | loss 4.3089 (avg 2.6706) | lr 0.002493 | seq 32
  [aml] step 20/240 | loss 0.9728 (avg 2.4867) | lr 0.002493 | seq 32
  [aml] step 30/240 | loss 4.0182 (avg 2.5047) | lr 0.002493 | seq 32
  [aml] step 40/240 | loss 4.3864 (avg 2.3495) | lr 0.002493 | seq 32
  [aml] step 50/240 | loss 1.3533 (avg 2.3627) | lr 0.002493 | seq 32
  [aml] step 60/240 | loss 1.1584 (avg 2.4004) | lr 0.002493 | seq 32
  [aml] step 70/240 | loss 4.4464 (avg 2.3687) | lr 0.002493 | seq 32
  [aml] step 80/240 | loss 4.2137 (avg 2.5090) | lr 0.002492 | seq 32
  [aml] step 90/240 | loss 4.2696 (avg 2.5467) | lr 0.002492 | seq 32
  [aml] step 100/240 | loss 4.2096 (avg 2.6072) | lr 0.002492 | seq 32
  [aml] step 110/240 | loss 1.4097 (avg 2.5601) | lr 0.002492 | seq 32
  [aml] step 120/240 | loss 0.2092 (avg 2.5507) | lr 0.002492 | seq 32
  [aml] step 130/240 | loss 0.8485 (avg 2.5462) | lr 0.002492 | seq 32
  [aml] step 140/240 | loss 4.8486 (avg 2.6245) | lr 0.002492 | seq 32
  [aml] step 150/240 | loss 4.3088 (avg 2.6439) | lr 0.002492 | seq 32
  [aml] step 160/240 | loss 4.2580 (avg 2.6534) | lr 0.002492 | seq 32
  [aml] step 170/240 | loss 1.7400 (avg 2.6159) | lr 0.002492 | seq 32
  [aml] step 180/240 | loss 4.1094 (avg 2.6374) | lr 0.002492 | seq 32
  [aml] step 190/240 | loss 4.3782 (avg 2.6372) | lr 0.002492 | seq 32
  [aml] step 200/240 | loss 0.9474 (avg 2.6498) | lr 0.002491 | seq 32
  [aml] step 210/240 | loss 4.2927 (avg 2.6381) | lr 0.002491 | seq 32
  [aml] step 220/240 | loss 1.1457 (avg 2.6188) | lr 0.002491 | seq 32
  [aml] step 230/240 | loss 3.5001 (avg 2.6173) | lr 0.002491 | seq 32
[aml] training complete: 240 steps, avg loss 2.5847 (memory freed)

[stage 2 — child] What it sounds like now:
  Q: Hello.
  A: To weight of the geological mesa fining a rock atoms area long by consolidity and the breaks — a coaster than rockya stable is a is a
  Q: Who are you?
  A: ...
  Q: What do you know?
  A: ...

[init] Warmup complete at stage 2. Organism ready.
[ecology] First organism in the swarm.
molequla is alive. [evolution] Autonomous mode — background trainer running. Ctrl+C to stop.
[dna] earth wrote 91 bytes to ecology
[dna] earth wrote 30 bytes to ecology
[dna] earth wrote 41 bytes to ecology
[dna] earth wrote 87 bytes to ecology
[dna] earth wrote 62 bytes to ecology
[dna] earth wrote 94 bytes to ecology
[dna] earth wrote 83 bytes to ecology
[dna] earth wrote 64 bytes to ecology
[dna] earth wrote 138 bytes to ecology
[dna] earth wrote 57 bytes to ecology
[dna] earth wrote 56 bytes to ecology
[dna] earth wrote 78 bytes to ecology
[dna] earth wrote 143 bytes to ecology
[dna] earth wrote 41 bytes to ecology
[dna] earth wrote 186 bytes to ecology
[dna] earth wrote 138 bytes to ecology
[dna] earth wrote 64 bytes to ecology
[debug-onto] tick=50 corpus=173643 stage=2 freeze=0
[dna] earth wrote 40 bytes to ecology
[dna] earth wrote 24 bytes to ecology
[dna] earth wrote 45 bytes to ecology
[dna] earth wrote 66 bytes to ecology
[dna] earth wrote 30 bytes to ecology
[dna] earth wrote 11 bytes to ecology
[dna] earth wrote 24 bytes to ecology
[dna] earth wrote 66 bytes to ecology
[dna] earth wrote 29 bytes to ecology
[dna] earth wrote 61 bytes to ecology
[dna] earth wrote 28 bytes to ecology
[dna] earth wrote 36 bytes to ecology
[dna] earth wrote 100 bytes to ecology
[dna] earth wrote 48 bytes to ecology
[dna] earth wrote 109 bytes to ecology
[dna] earth wrote 112 bytes to ecology
[dna] earth wrote 73 bytes to ecology
[debug-onto] tick=100 corpus=173643 stage=2 freeze=0
[dna] earth wrote 54 bytes to ecology
[dna] earth wrote 61 bytes to ecology
[dna] earth wrote 34 bytes to ecology
[dna] earth wrote 104 bytes to ecology
[dna] earth wrote 92 bytes to ecology
[dna] earth wrote 86 bytes to ecology
[dna] earth wrote 49 bytes to ecology
[dna] earth wrote 139 bytes to ecology
[dna] earth wrote 76 bytes to ecology
[dna] earth wrote 133 bytes to ecology
[dna] earth wrote 81 bytes to ecology
[dna] earth wrote 85 bytes to ecology
[dna] earth wrote 59 bytes to ecology
[dna] earth wrote 40 bytes to ecology
[dna] earth wrote 91 bytes to ecology
[dna] earth wrote 83 bytes to ecology
[debug-onto] tick=150 corpus=173643 stage=2 freeze=0
[dna] earth wrote 168 bytes to ecology
[dna] earth wrote 123 bytes to ecology
[dna] earth wrote 140 bytes to ecology
[dna] earth wrote 102 bytes to ecology
[dna] earth wrote 43 bytes to ecology
[dna] earth wrote 42 bytes to ecology
[dna] earth wrote 38 bytes to ecology
[dna] earth wrote 73 bytes to ecology
[dna] earth wrote 69 bytes to ecology
[dna] earth wrote 157 bytes to ecology
[dna] earth wrote 48 bytes to ecology
[dna] earth wrote 20 bytes to ecology
[dna] earth wrote 71 bytes to ecology
[dna] earth wrote 8 bytes to ecology
[dna] earth wrote 80 bytes to ecology
[dna] earth wrote 116 bytes to ecology
[dna] earth wrote 56 bytes to ecology
[debug-onto] tick=200 corpus=173643 stage=2 freeze=0
[dna] earth wrote 36 bytes to ecology
[dna] earth wrote 76 bytes to ecology
[dna] earth wrote 58 bytes to ecology
[dna] earth wrote 69 bytes to ecology
[dna] earth wrote 122 bytes to ecology
[dna] earth wrote 42 bytes to ecology
[dna] earth wrote 87 bytes to ecology
[dna] earth wrote 122 bytes to ecology
[dna] earth wrote 34 bytes to ecology
[dna] earth wrote 50 bytes to ecology
[dna] earth wrote 11 bytes to ecology
[dna] earth wrote 55 bytes to ecology
[dna] earth wrote 120 bytes to ecology
[dna] earth wrote 144 bytes to ecology
[dna] earth wrote 30 bytes to ecology
[dna] earth wrote 87 bytes to ecology
[dna] earth wrote 39 bytes to ecology
[debug-onto] tick=250 corpus=173643 stage=2 freeze=0
[dna] earth wrote 137 bytes to ecology
[dna] earth wrote 119 bytes to ecology
[dna] earth wrote 90 bytes to ecology
[dna] earth wrote 86 bytes to ecology
[dna] earth wrote 47 bytes to ecology
[dna] earth wrote 197 bytes to ecology
[dna] earth wrote 64 bytes to ecology
[dna] earth wrote 33 bytes to ecology
[dna] earth wrote 212 bytes to ecology
[dna] earth wrote 81 bytes to ecology
[dna] earth wrote 136 bytes to ecology
[dna] earth wrote 47 bytes to ecology
[dna] earth wrote 49 bytes to ecology
[dna] earth wrote 77 bytes to ecology
[dna] earth wrote 42 bytes to ecology
[dna] earth wrote 92 bytes to ecology
[debug-onto] tick=300 corpus=173643 stage=2 freeze=0
[dna] earth wrote 13 bytes to ecology
[dna] earth wrote 329 bytes to ecology
[dna] earth wrote 74 bytes to ecology
[dna] earth wrote 129 bytes to ecology
[dna] earth wrote 35 bytes to ecology
[dna] earth wrote 62 bytes to ecology
[dna] earth wrote 66 bytes to ecology
[dna] earth wrote 65 bytes to ecology
[dna] earth wrote 59 bytes to ecology
[dna] earth wrote 67 bytes to ecology
[dna] earth wrote 89 bytes to ecology
[dna] earth wrote 50 bytes to ecology
[dna] earth wrote 100 bytes to ecology
[dna] earth wrote 32 bytes to ecology
[dna] earth wrote 35 bytes to ecology
[dna] earth wrote 62 bytes to ecology
[dna] earth wrote 131 bytes to ecology
[debug-onto] tick=350 corpus=173643 stage=2 freeze=0
[dna] earth wrote 67 bytes to ecology
[dna] earth wrote 186 bytes to ecology
[dna] earth wrote 124 bytes to ecology
[dna] earth wrote 24 bytes to ecology
[dna] earth wrote 29 bytes to ecology
[dna] earth wrote 45 bytes to ecology
[dna] earth wrote 9 bytes to ecology
[dna] earth wrote 86 bytes to ecology
[dna] earth wrote 53 bytes to ecology
[dna] earth wrote 38 bytes to ecology
[dna] earth wrote 27 bytes to ecology
[dna] earth wrote 46 bytes to ecology
[dna] earth wrote 82 bytes to ecology
[dna] earth wrote 82 bytes to ecology
[dna] earth wrote 50 bytes to ecology
[dna] earth wrote 17 bytes to ecology
[dna] earth wrote 80 bytes to ecology
[debug-onto] tick=400 corpus=173643 stage=2 freeze=0
[dna] earth wrote 202 bytes to ecology
[dna] earth wrote 67 bytes to ecology
[dna] earth wrote 27 bytes to ecology
[dna] earth wrote 19 bytes to ecology
[dna] earth wrote 25 bytes to ecology
[dna] earth wrote 76 bytes to ecology
[dna] earth wrote 50 bytes to ecology
[dna] earth wrote 82 bytes to ecology
[dna] earth wrote 207 bytes to ecology
[dna] earth wrote 128 bytes to ecology
[dna] earth wrote 57 bytes to ecology
[dna] earth wrote 15 bytes to ecology
[dna] earth wrote 157 bytes to ecology
[dna] earth wrote 101 bytes to ecology
[dna] earth wrote 77 bytes to ecology
[dna] earth wrote 34 bytes to ecology
[debug-onto] tick=450 corpus=173643 stage=2 freeze=0
[dna] earth wrote 27 bytes to ecology
[dna] earth wrote 91 bytes to ecology
[dna] earth wrote 127 bytes to ecology
[dna] earth wrote 202 bytes to ecology
[dna] earth wrote 68 bytes to ecology
[dna] earth wrote 102 bytes to ecology
[dna] earth wrote 28 bytes to ecology
[dna] earth wrote 182 bytes to ecology
[dna] earth wrote 39 bytes to ecology
[dna] earth wrote 50 bytes to ecology
[dna] earth wrote 109 bytes to ecology
[dna] earth wrote 12 bytes to ecology
[dna] earth wrote 130 bytes to ecology
[dna] earth wrote 25 bytes to ecology
[dna] earth wrote 86 bytes to ecology
[dna] earth wrote 61 bytes to ecology
[dna] earth wrote 47 bytes to ecology
[debug-onto] tick=500 corpus=173643 stage=2 freeze=0
[dna] earth wrote 159 bytes to ecology
[dna] earth wrote 53 bytes to ecology
[dna] earth wrote 78 bytes to ecology
[dna] earth wrote 125 bytes to ecology
[dna] earth wrote 18 bytes to ecology
[dna] earth wrote 169 bytes to ecology
[dna] earth wrote 74 bytes to ecology
[dna] earth wrote 27 bytes to ecology
[dna] earth wrote 197 bytes to ecology
[dna] earth wrote 16 bytes to ecology
[dna] earth wrote 63 bytes to ecology
[dna] earth wrote 112 bytes to ecology
[dna] earth wrote 120 bytes to ecology
[dna] earth wrote 81 bytes to ecology
[dna] earth wrote 58 bytes to ecology
[dna] earth wrote 98 bytes to ecology
[dna] earth wrote 226 bytes to ecology
[debug-onto] tick=550 corpus=173643 stage=2 freeze=0
[dna] earth wrote 145 bytes to ecology
[dna] earth wrote 75 bytes to ecology
[dna] earth wrote 79 bytes to ecology
[dna] earth wrote 57 bytes to ecology
[dna] earth wrote 50 bytes to ecology
[dna] earth wrote 41 bytes to ecology
[dna] earth wrote 31 bytes to ecology
[dna] earth wrote 42 bytes to ecology
[dna] earth wrote 54 bytes to ecology
[dna] earth wrote 55 bytes to ecology
[dna] earth wrote 24 bytes to ecology
[dna] earth wrote 86 bytes to ecology
[dna] earth wrote 23 bytes to ecology
[dna] earth wrote 26 bytes to ecology
[dna] earth wrote 69 bytes to ecology
[dna] earth wrote 183 bytes to ecology
[debug-onto] tick=600 corpus=173643 stage=2 freeze=0
[dna] earth wrote 26 bytes to ecology
[dna] earth wrote 79 bytes to ecology
[dna] earth wrote 118 bytes to ecology
[dna] earth wrote 157 bytes to ecology
[dna] earth wrote 117 bytes to ecology
[dna] earth wrote 107 bytes to ecology
[dna] earth wrote 32 bytes to ecology
[dna] earth wrote 61 bytes to ecology
[dna] earth wrote 89 bytes to ecology
[dna] earth wrote 141 bytes to ecology
[dna] earth wrote 73 bytes to ecology
[dna] earth wrote 45 bytes to ecology
[dna] earth wrote 73 bytes to ecology
[dna] earth wrote 30 bytes to ecology
[dna] earth wrote 84 bytes to ecology
[dna] earth wrote 42 bytes to ecology
[dna] earth wrote 159 bytes to ecology
[debug-onto] tick=650 corpus=173643 stage=2 freeze=0
[dna] earth wrote 100 bytes to ecology
[dna] earth wrote 33 bytes to ecology
[dna] earth wrote 67 bytes to ecology
[dna] earth wrote 12 bytes to ecology
[dna] earth wrote 53 bytes to ecology
[dna] earth wrote 75 bytes to ecology
[dna] earth wrote 133 bytes to ecology
[dna] earth wrote 144 bytes to ecology
[dna] earth wrote 42 bytes to ecology
[dna] earth wrote 65 bytes to ecology

[evolution] Organism shutting down gracefully.
