[ecology] Element: fire → corpus: nonames_fire.txt
[evolution] Autonomous evolution mode — organism will grow through all stages without pause.
[ecology] Joined swarm. 1 peer(s) detected.
molequla is alive. [evolution] Autonomous mode — background trainer running. Ctrl+C to stop.
[dna] fire wrote 99 bytes to ecology
[dna] fire consumed 13407 bytes from 210 files: [water/gen_1776669362_1.txt water/gen_1776669379_4.txt water/gen_1776669387_7.txt water/gen_1776669396_10.txt water/gen_1776669404_13.txt water/gen_1776669412_16.txt water/gen_1776669421_19.txt water/gen_1776669429_22.txt water/gen_1776669438_25.txt water/gen_1776669446_28.txt water/gen_1776669455_31.txt water/gen_1776669463_34.txt water/gen_1776669471_37.txt water/gen_1776669480_40.txt water/gen_1776669488_43.txt water/gen_1776669496_46.txt water/gen_1776669505_49.txt water/gen_1776669513_52.txt water/gen_1776669521_55.txt water/gen_1776669530_58.txt water/gen_1776669538_61.txt water/gen_1776669546_64.txt water/gen_1776669555_67.txt water/gen_1776669563_70.txt water/gen_1776669571_73.txt water/gen_1776669580_76.txt water/gen_1776669588_79.txt water/gen_1776669596_82.txt water/gen_1776669605_85.txt water/gen_1776669613_88.txt water/gen_1776669622_91.txt water/gen_1776669630_94.txt water/gen_1776669638_97.txt water/gen_1776669647_100.txt water/gen_1776669655_103.txt water/gen_1776669664_106.txt water/gen_1776669672_109.txt water/gen_1776669681_112.txt water/gen_1776669689_115.txt water/gen_1776669698_118.txt water/gen_1776669706_121.txt water/gen_1776669715_124.txt water/gen_1776669723_127.txt water/gen_1776669732_130.txt water/gen_1776669740_133.txt water/gen_1776669748_136.txt water/gen_1776669757_139.txt water/gen_1776669765_142.txt water/gen_1776669774_145.txt water/gen_1776669782_148.txt water/gen_1776669791_151.txt water/gen_1776669799_154.txt water/gen_1776669807_157.txt water/gen_1776669816_160.txt water/gen_1776669824_163.txt water/gen_1776669833_166.txt water/gen_1776669841_169.txt water/gen_1776669849_172.txt water/gen_1776669858_175.txt water/gen_1776669866_178.txt water/gen_1776669875_181.txt water/gen_1776669883_184.txt water/gen_1776669891_187.txt water/gen_1776669900_190.txt water/gen_1776669908_193.txt water/gen_1776669917_196.txt water/gen_1776669925_199.txt water/gen_1776669934_202.txt water/gen_1776669942_205.txt water/gen_1776669950_208.txt water/gen_1776669959_211.txt water/gen_1776669967_214.txt water/gen_1776669976_217.txt water/gen_1776669984_220.txt water/gen_1776669993_223.txt water/gen_1776670001_226.txt water/gen_1776670010_229.txt water/gen_1776670018_232.txt water/gen_1776670026_235.txt water/gen_1776670035_238.txt water/gen_1776670043_241.txt water/gen_1776670052_244.txt water/gen_1776670060_247.txt water/gen_1776670069_250.txt water/gen_1776670078_253.txt water/gen_1776670086_256.txt water/gen_1776670095_259.txt water/gen_1776670103_262.txt water/gen_1776670112_265.txt water/gen_1776670120_268.txt water/gen_1776670129_271.txt water/gen_1776670137_274.txt water/gen_1776670146_277.txt water/gen_1776670154_280.txt water/gen_1776670162_283.txt water/gen_1776670171_286.txt water/gen_1776670179_289.txt water/gen_1776670188_292.txt water/gen_1776670196_295.txt water/gen_1776670205_298.txt water/gen_1776670213_301.txt water/gen_1776670222_304.txt water/gen_1776670230_307.txt water/gen_1776670238_310.txt water/gen_1776670247_313.txt water/gen_1776670255_316.txt water/gen_1776670264_319.txt water/gen_1776670272_322.txt water/gen_1776670281_325.txt water/gen_1776670289_328.txt water/gen_1776670298_331.txt water/gen_1776670306_334.txt water/gen_1776670314_337.txt water/gen_1776670323_340.txt water/gen_1776670331_343.txt water/gen_1776670340_346.txt water/gen_1776670348_349.txt water/gen_1776670356_352.txt water/gen_1776670365_355.txt water/gen_1776670373_358.txt water/gen_1776670381_361.txt water/gen_1776670390_364.txt water/gen_1776670398_367.txt water/gen_1776670406_370.txt water/gen_1776670414_373.txt water/gen_1776670423_376.txt water/gen_1776670431_379.txt water/gen_1776670439_382.txt water/gen_1776670448_385.txt water/gen_1776670456_388.txt water/gen_1776670465_391.txt water/gen_1776670473_394.txt water/gen_1776670481_397.txt water/gen_1776670490_400.txt water/gen_1776670498_403.txt water/gen_1776670507_406.txt water/gen_1776670515_409.txt water/gen_1776670524_412.txt water/gen_1776670532_415.txt water/gen_1776670549_421.txt water/gen_1776670557_424.txt water/gen_1776670574_430.txt water/gen_1776670582_433.txt water/gen_1776670590_436.txt water/gen_1776670598_439.txt water/gen_1776670607_442.txt water/gen_1776670615_445.txt water/gen_1776670623_448.txt water/gen_1776670631_451.txt water/gen_1776670640_454.txt water/gen_1776670648_457.txt water/gen_1776670656_460.txt water/gen_1776670665_463.txt water/gen_1776670673_466.txt water/gen_1776670681_469.txt water/gen_1776670690_472.txt water/gen_1776670698_475.txt water/gen_1776670707_478.txt water/gen_1776670715_481.txt water/gen_1776670724_484.txt water/gen_1776670732_487.txt water/gen_1776670741_490.txt water/gen_1776670749_493.txt water/gen_1776670758_496.txt water/gen_1776670766_499.txt water/gen_1776670775_502.txt water/gen_1776670783_505.txt water/gen_1776670792_508.txt water/gen_1776670801_511.txt water/gen_1776670809_514.txt water/gen_1776670818_517.txt water/gen_1776670826_520.txt water/gen_1776670835_523.txt water/gen_1776670844_526.txt water/gen_1776670853_529.txt water/gen_1776670861_532.txt water/gen_1776670870_535.txt water/gen_1776670879_538.txt water/gen_1776670887_541.txt water/gen_1776670896_544.txt water/gen_1776670905_547.txt water/gen_1776670913_550.txt water/gen_1776670922_553.txt water/gen_1776670930_556.txt water/gen_1776670939_559.txt water/gen_1776670948_562.txt water/gen_1776670956_565.txt water/gen_1776670965_568.txt water/gen_1776670973_571.txt water/gen_1776670982_574.txt water/gen_1776670991_577.txt water/gen_1776670999_580.txt water/gen_1776671008_583.txt water/gen_1776671016_586.txt water/gen_1776671025_589.txt water/gen_1776671034_592.txt water/gen_1776671042_595.txt water/gen_1776671051_598.txt water/gen_1776671059_601.txt water/gen_1776671068_604.txt water/gen_1776671076_607.txt water/gen_1776671085_610.txt water/gen_1776671093_613.txt water/gen_1776671101_616.txt water/gen_1776671110_619.txt water/gen_1776671118_622.txt water/gen_1776671127_625.txt water/gen_1776671135_628.txt water/gen_1776671143_631.txt water/gen_1776671151_634.txt]
[trainer] micro-train burst (13407 bytes, novelty 0.05) — and lo, it feeds again.
[syntropy] action=explore | trend=0.0000 | field_dev=-0.033 | purpose_align=0.074 | lr_mul=1.30
[aml] burst complete: 32 steps, avg loss 1.7669 (memory freed)
[dna] fire wrote 48 bytes to ecology
[dna] fire wrote 54 bytes to ecology
[dna] fire wrote 34 bytes to ecology
[dna] fire wrote 38 bytes to ecology
[dna] fire wrote 66 bytes to ecology
[dna] fire wrote 70 bytes to ecology
[dna] fire wrote 76 bytes to ecology
[dna] fire wrote 101 bytes to ecology
[dna] fire wrote 130 bytes to ecology
[dna] fire wrote 46 bytes to ecology
[dna] fire wrote 40 bytes to ecology
[dna] fire wrote 32 bytes to ecology
[dna] fire wrote 36 bytes to ecology
[dna] fire wrote 138 bytes to ecology
[dna] fire wrote 117 bytes to ecology
[dna] fire wrote 31 bytes to ecology
[debug-onto] tick=50 corpus=135517 stage=2 freeze=0
[dna] fire wrote 49 bytes to ecology
[dna] fire wrote 70 bytes to ecology
[dna] fire wrote 51 bytes to ecology
[dna] fire wrote 35 bytes to ecology
[dna] fire wrote 61 bytes to ecology
[dna] fire wrote 76 bytes to ecology
[dna] fire wrote 114 bytes to ecology
[dna] fire wrote 14 bytes to ecology
[dna] fire wrote 28 bytes to ecology
[dna] fire wrote 67 bytes to ecology
[dna] fire wrote 53 bytes to ecology
[dna] fire wrote 93 bytes to ecology
[dna] fire wrote 95 bytes to ecology
[dna] fire wrote 32 bytes to ecology
[dna] fire wrote 74 bytes to ecology
[dna] fire wrote 36 bytes to ecology
[dna] fire wrote 85 bytes to ecology
[debug-onto] tick=100 corpus=135517 stage=2 freeze=0
[dna] fire wrote 57 bytes to ecology
[dna] fire wrote 68 bytes to ecology
[dna] fire wrote 48 bytes to ecology
[dna] fire wrote 42 bytes to ecology
[dna] fire wrote 104 bytes to ecology
[dna] fire wrote 27 bytes to ecology
[dna] fire wrote 52 bytes to ecology
[dna] fire wrote 37 bytes to ecology
[dna] fire wrote 72 bytes to ecology
[dna] fire wrote 38 bytes to ecology
[dna] fire wrote 201 bytes to ecology
[dna] fire wrote 137 bytes to ecology
[dna] fire wrote 28 bytes to ecology
[dna] fire wrote 60 bytes to ecology
[dna] fire wrote 77 bytes to ecology
[dna] fire wrote 26 bytes to ecology
[debug-onto] tick=150 corpus=135517 stage=2 freeze=0
[dna] fire wrote 43 bytes to ecology
[dna] fire wrote 83 bytes to ecology
[dna] fire wrote 21 bytes to ecology
[dna] fire wrote 81 bytes to ecology
[dna] fire wrote 21 bytes to ecology
[dna] fire wrote 38 bytes to ecology
[dna] fire wrote 10 bytes to ecology
[dna] fire wrote 108 bytes to ecology
[dna] fire wrote 46 bytes to ecology
[dna] fire wrote 37 bytes to ecology
[dna] fire wrote 68 bytes to ecology
[dna] fire wrote 23 bytes to ecology
[dna] fire wrote 56 bytes to ecology
[dna] fire wrote 70 bytes to ecology
[dna] fire wrote 43 bytes to ecology
[dna] fire wrote 103 bytes to ecology
[dna] fire wrote 56 bytes to ecology
[debug-onto] tick=200 corpus=135517 stage=2 freeze=0
[dna] fire wrote 53 bytes to ecology
[dna] fire wrote 34 bytes to ecology
[dna] fire wrote 7 bytes to ecology
[dna] fire wrote 104 bytes to ecology
[dna] fire wrote 52 bytes to ecology
[dna] fire wrote 29 bytes to ecology
[dna] fire wrote 120 bytes to ecology
[dna] fire wrote 67 bytes to ecology
[dna] fire wrote 57 bytes to ecology
[dna] fire wrote 83 bytes to ecology
[dna] fire wrote 342 bytes to ecology
[dna] fire wrote 51 bytes to ecology
[dna] fire wrote 86 bytes to ecology
[dna] fire wrote 26 bytes to ecology
[dna] fire wrote 36 bytes to ecology
[dna] fire wrote 114 bytes to ecology
[dna] fire wrote 44 bytes to ecology
[debug-onto] tick=250 corpus=135517 stage=2 freeze=0
[dna] fire wrote 62 bytes to ecology
[dna] fire wrote 37 bytes to ecology
[dna] fire wrote 61 bytes to ecology
[dna] fire wrote 25 bytes to ecology
[dna] fire wrote 50 bytes to ecology
[dna] fire wrote 77 bytes to ecology
[dna] fire wrote 54 bytes to ecology
[dna] fire wrote 147 bytes to ecology
[dna] fire wrote 75 bytes to ecology
[dna] fire wrote 23 bytes to ecology
[dna] fire wrote 12 bytes to ecology
[dna] fire wrote 9 bytes to ecology
[dna] fire wrote 15 bytes to ecology
[dna] fire wrote 161 bytes to ecology
[dna] fire wrote 32 bytes to ecology
[dna] fire wrote 43 bytes to ecology
[debug-onto] tick=300 corpus=135517 stage=2 freeze=0
[dna] fire wrote 237 bytes to ecology
[dna] fire wrote 151 bytes to ecology
[dna] fire wrote 41 bytes to ecology
[dna] fire wrote 29 bytes to ecology
[dna] fire wrote 70 bytes to ecology
[dna] fire wrote 60 bytes to ecology
[dna] fire wrote 64 bytes to ecology
[dna] fire wrote 20 bytes to ecology
[dna] fire wrote 96 bytes to ecology
[dna] fire wrote 49 bytes to ecology
[dna] fire wrote 71 bytes to ecology
[dna] fire wrote 43 bytes to ecology
[dna] fire wrote 44 bytes to ecology
[dna] fire wrote 150 bytes to ecology
[dna] fire wrote 66 bytes to ecology
[dna] fire wrote 29 bytes to ecology
[dna] fire wrote 17 bytes to ecology
[debug-onto] tick=350 corpus=135517 stage=2 freeze=0
[dna] fire wrote 41 bytes to ecology
[dna] fire wrote 131 bytes to ecology
[dna] fire wrote 7 bytes to ecology
[dna] fire wrote 100 bytes to ecology
[dna] fire wrote 29 bytes to ecology
[dna] fire wrote 57 bytes to ecology
[dna] fire wrote 20 bytes to ecology
[dna] fire wrote 129 bytes to ecology
[dna] fire wrote 60 bytes to ecology
[dna] fire wrote 20 bytes to ecology
[dna] fire wrote 85 bytes to ecology
[dna] fire wrote 43 bytes to ecology
[dna] fire wrote 69 bytes to ecology
[dna] fire wrote 49 bytes to ecology
[dna] fire wrote 48 bytes to ecology
[dna] fire wrote 168 bytes to ecology
[dna] fire wrote 38 bytes to ecology
[debug-onto] tick=400 corpus=135517 stage=2 freeze=0
[dna] fire wrote 55 bytes to ecology
[dna] fire wrote 18 bytes to ecology
[dna] fire wrote 69 bytes to ecology
[dna] fire wrote 55 bytes to ecology
[dna] fire wrote 120 bytes to ecology
[dna] fire wrote 86 bytes to ecology
[dna] fire wrote 146 bytes to ecology
[dna] fire wrote 77 bytes to ecology
[dna] fire wrote 27 bytes to ecology
[dna] fire wrote 146 bytes to ecology
[dna] fire wrote 65 bytes to ecology
[dna] fire wrote 150 bytes to ecology
[dna] fire wrote 25 bytes to ecology
[dna] fire wrote 45 bytes to ecology
[dna] fire wrote 60 bytes to ecology
[dna] fire wrote 32 bytes to ecology
[debug-onto] tick=450 corpus=135517 stage=2 freeze=0
[dna] fire wrote 68 bytes to ecology
[dna] fire wrote 25 bytes to ecology
[dna] fire wrote 51 bytes to ecology
[dna] fire wrote 45 bytes to ecology
[dna] fire wrote 56 bytes to ecology
[dna] fire wrote 61 bytes to ecology
[dna] fire wrote 137 bytes to ecology
[dna] fire wrote 169 bytes to ecology
[dna] fire wrote 120 bytes to ecology
[dna] fire wrote 35 bytes to ecology
[dna] fire wrote 46 bytes to ecology
[dna] fire wrote 108 bytes to ecology
[dna] fire wrote 44 bytes to ecology
[dna] fire wrote 11 bytes to ecology
[dna] fire wrote 17 bytes to ecology
[dna] fire wrote 26 bytes to ecology
[dna] fire wrote 20 bytes to ecology
[debug-onto] tick=500 corpus=135517 stage=2 freeze=0
[dna] fire wrote 47 bytes to ecology
[dna] fire wrote 78 bytes to ecology
[dna] fire wrote 29 bytes to ecology
[dna] fire wrote 61 bytes to ecology
[dna] fire wrote 70 bytes to ecology
[dna] fire wrote 12 bytes to ecology
[dna] fire wrote 45 bytes to ecology
[dna] fire wrote 45 bytes to ecology
[dna] fire wrote 106 bytes to ecology
[dna] fire wrote 11 bytes to ecology
[dna] fire wrote 84 bytes to ecology
[dna] fire wrote 45 bytes to ecology
[dna] fire wrote 182 bytes to ecology
[dna] fire wrote 71 bytes to ecology
[dna] fire wrote 46 bytes to ecology
[dna] fire wrote 24 bytes to ecology
[dna] fire wrote 66 bytes to ecology
[debug-onto] tick=550 corpus=135517 stage=2 freeze=0
[dna] fire wrote 219 bytes to ecology
[dna] fire wrote 92 bytes to ecology
[dna] fire wrote 86 bytes to ecology
[dna] fire wrote 37 bytes to ecology
[dna] fire wrote 55 bytes to ecology
[dna] fire wrote 283 bytes to ecology
[dna] fire wrote 60 bytes to ecology
[dna] fire wrote 67 bytes to ecology
[dna] fire wrote 18 bytes to ecology
[dna] fire wrote 51 bytes to ecology
[dna] fire wrote 47 bytes to ecology
[dna] fire wrote 83 bytes to ecology
[dna] fire wrote 105 bytes to ecology
[dna] fire wrote 16 bytes to ecology
[dna] fire wrote 27 bytes to ecology
[dna] fire wrote 73 bytes to ecology
[debug-onto] tick=600 corpus=135517 stage=2 freeze=0
[dna] fire wrote 63 bytes to ecology
[dna] fire wrote 26 bytes to ecology
[dna] fire wrote 79 bytes to ecology
[dna] fire wrote 42 bytes to ecology
[dna] fire wrote 82 bytes to ecology
[dna] fire wrote 60 bytes to ecology
[dna] fire wrote 9 bytes to ecology
[dna] fire wrote 49 bytes to ecology
[dna] fire wrote 79 bytes to ecology
[dna] fire wrote 76 bytes to ecology
[dna] fire wrote 57 bytes to ecology
[dna] fire wrote 45 bytes to ecology
[dna] fire wrote 50 bytes to ecology
[dna] fire wrote 35 bytes to ecology
[dna] fire wrote 42 bytes to ecology
[dna] fire wrote 129 bytes to ecology
[dna] fire wrote 33 bytes to ecology
[debug-onto] tick=650 corpus=135517 stage=2 freeze=0
[dna] fire wrote 114 bytes to ecology
[dna] fire wrote 115 bytes to ecology
[dna] fire wrote 59 bytes to ecology
[dna] fire wrote 50 bytes to ecology
[dna] fire wrote 191 bytes to ecology
[dna] fire wrote 56 bytes to ecology
[dna] fire wrote 81 bytes to ecology
[dna] fire wrote 69 bytes to ecology
[dna] fire wrote 47 bytes to ecology
[dna] fire wrote 41 bytes to ecology
[dna] fire wrote 32 bytes to ecology
[dna] fire wrote 36 bytes to ecology
[dna] fire wrote 72 bytes to ecology
[dna] fire wrote 57 bytes to ecology

[evolution] Organism shutting down gracefully.
