[ecology] Element: air → corpus: nonames_air.txt
[evolution] Autonomous evolution mode — organism will grow through all stages without pause.
[ecology] Joined swarm. 1 peer(s) detected.
molequla is alive. [evolution] Autonomous mode — background trainer running. Ctrl+C to stop.
[dna] air wrote 27 bytes to ecology
[dna] air consumed 29922 bytes from 375 files: [earth/gen_1776146513_1.txt earth/gen_1776146515_2.txt earth/gen_1776146520_4.txt earth/gen_1776146527_7.txt earth/gen_1776146530_8.txt earth/gen_1776146534_10.txt earth/gen_1776146542_13.txt earth/gen_1776146544_14.txt earth/gen_1776146549_16.txt earth/gen_1776146556_19.txt earth/gen_1776146558_20.txt earth/gen_1776146563_22.txt earth/gen_1776146570_25.txt earth/gen_1776146572_26.txt earth/gen_1776146577_28.txt earth/gen_1776146584_31.txt earth/gen_1776146587_32.txt earth/gen_1776146591_34.txt earth/gen_1776146599_37.txt earth/gen_1776146601_38.txt earth/gen_1776146606_40.txt earth/gen_1776146613_43.txt earth/gen_1776146615_44.txt earth/gen_1776146620_46.txt earth/gen_1776146627_49.txt earth/gen_1776146630_50.txt earth/gen_1776146634_52.txt earth/gen_1776146642_55.txt earth/gen_1776146644_56.txt earth/gen_1776146649_58.txt earth/gen_1776146656_61.txt earth/gen_1776146658_62.txt earth/gen_1776146663_64.txt earth/gen_1776146670_67.txt earth/gen_1776146673_68.txt earth/gen_1776146677_70.txt earth/gen_1776146685_73.txt earth/gen_1776146687_74.txt earth/gen_1776146692_76.txt earth/gen_1776146699_79.txt earth/gen_1776146701_80.txt earth/gen_1776146706_82.txt earth/gen_1776146713_85.txt earth/gen_1776146716_86.txt earth/gen_1776146720_88.txt earth/gen_1776146728_91.txt earth/gen_1776146730_92.txt earth/gen_1776146735_94.txt earth/gen_1776146742_97.txt earth/gen_1776146744_98.txt earth/gen_1776146749_100.txt earth/gen_1776146756_103.txt earth/gen_1776146758_104.txt earth/gen_1776146763_106.txt earth/gen_1776146770_109.txt earth/gen_1776146773_110.txt earth/gen_1776146777_112.txt earth/gen_1776146784_115.txt earth/gen_1776146787_116.txt earth/gen_1776146791_118.txt earth/gen_1776146798_121.txt earth/gen_1776146801_122.txt earth/gen_1776146805_124.txt earth/gen_1776146812_127.txt earth/gen_1776146814_128.txt earth/gen_1776146819_130.txt earth/gen_1776146826_133.txt earth/gen_1776146828_134.txt earth/gen_1776146833_136.txt earth/gen_1776146840_139.txt earth/gen_1776146842_140.txt earth/gen_1776146847_142.txt earth/gen_1776146854_145.txt earth/gen_1776146856_146.txt earth/gen_1776146861_148.txt earth/gen_1776146868_151.txt earth/gen_1776146870_152.txt earth/gen_1776146875_154.txt earth/gen_1776146882_157.txt earth/gen_1776146884_158.txt earth/gen_1776146889_160.txt earth/gen_1776146896_163.txt earth/gen_1776146898_164.txt earth/gen_1776146903_166.txt earth/gen_1776146910_169.txt earth/gen_1776146912_170.txt earth/gen_1776146917_172.txt earth/gen_1776146924_175.txt earth/gen_1776146926_176.txt earth/gen_1776146931_178.txt earth/gen_1776146938_181.txt earth/gen_1776146940_182.txt earth/gen_1776146945_184.txt earth/gen_1776146952_187.txt earth/gen_1776146954_188.txt earth/gen_1776146959_190.txt earth/gen_1776146966_193.txt earth/gen_1776146968_194.txt earth/gen_1776146973_196.txt earth/gen_1776146979_199.txt earth/gen_1776146982_200.txt earth/gen_1776146987_202.txt earth/gen_1776146994_205.txt earth/gen_1776146996_206.txt earth/gen_1776147001_208.txt earth/gen_1776147008_211.txt earth/gen_1776147010_212.txt earth/gen_1776147015_214.txt earth/gen_1776147022_217.txt earth/gen_1776147024_218.txt earth/gen_1776147029_220.txt earth/gen_1776147036_223.txt earth/gen_1776147038_224.txt earth/gen_1776147043_226.txt earth/gen_1776147050_229.txt earth/gen_1776147052_230.txt earth/gen_1776147057_232.txt earth/gen_1776147064_235.txt earth/gen_1776147067_236.txt earth/gen_1776147071_238.txt earth/gen_1776147079_241.txt earth/gen_1776147081_242.txt earth/gen_1776147086_244.txt earth/gen_1776147093_247.txt earth/gen_1776147095_248.txt earth/gen_1776147100_250.txt earth/gen_1776147107_253.txt earth/gen_1776147109_254.txt earth/gen_1776147114_256.txt earth/gen_1776147121_259.txt earth/gen_1776147123_260.txt earth/gen_1776147128_262.txt earth/gen_1776147135_265.txt earth/gen_1776147137_266.txt earth/gen_1776147142_268.txt earth/gen_1776147149_271.txt earth/gen_1776147152_272.txt earth/gen_1776147156_274.txt earth/gen_1776147163_277.txt earth/gen_1776147166_278.txt earth/gen_1776147170_280.txt earth/gen_1776147177_283.txt earth/gen_1776147180_284.txt earth/gen_1776147184_286.txt earth/gen_1776147191_289.txt earth/gen_1776147193_290.txt earth/gen_1776147198_292.txt earth/gen_1776147205_295.txt earth/gen_1776147207_296.txt earth/gen_1776147212_298.txt earth/gen_1776147219_301.txt earth/gen_1776147221_302.txt earth/gen_1776147226_304.txt earth/gen_1776147233_307.txt earth/gen_1776147236_308.txt earth/gen_1776147240_310.txt earth/gen_1776147247_313.txt earth/gen_1776147250_314.txt earth/gen_1776147254_316.txt earth/gen_1776147262_319.txt earth/gen_1776147264_320.txt earth/gen_1776147269_322.txt earth/gen_1776147276_325.txt earth/gen_1776147278_326.txt earth/gen_1776147283_328.txt earth/gen_1776147290_331.txt earth/gen_1776147292_332.txt earth/gen_1776147297_334.txt earth/gen_1776147304_337.txt earth/gen_1776147306_338.txt earth/gen_1776147310_340.txt earth/gen_1776147317_343.txt earth/gen_1776147320_344.txt earth/gen_1776147324_346.txt earth/gen_1776147331_349.txt earth/gen_1776147334_350.txt earth/gen_1776147338_352.txt earth/gen_1776147346_355.txt earth/gen_1776147348_356.txt earth/gen_1776147353_358.txt earth/gen_1776147360_361.txt earth/gen_1776147362_362.txt earth/gen_1776147367_364.txt earth/gen_1776147374_367.txt earth/gen_1776147376_368.txt earth/gen_1776147381_370.txt earth/gen_1776147388_373.txt earth/gen_1776147390_374.txt earth/gen_1776147395_376.txt earth/gen_1776147402_379.txt earth/gen_1776147405_380.txt earth/gen_1776147409_382.txt earth/gen_1776147416_385.txt earth/gen_1776147419_386.txt earth/gen_1776147423_388.txt earth/gen_1776147430_391.txt earth/gen_1776147433_392.txt earth/gen_1776147437_394.txt earth/gen_1776147445_397.txt earth/gen_1776147447_398.txt earth/gen_1776147452_400.txt earth/gen_1776147459_403.txt earth/gen_1776147461_404.txt earth/gen_1776147466_406.txt earth/gen_1776147473_409.txt earth/gen_1776147475_410.txt earth/gen_1776147480_412.txt earth/gen_1776147487_415.txt earth/gen_1776147489_416.txt earth/gen_1776147494_418.txt earth/gen_1776147501_421.txt earth/gen_1776147503_422.txt earth/gen_1776147508_424.txt earth/gen_1776147515_427.txt earth/gen_1776147517_428.txt earth/gen_1776147522_430.txt earth/gen_1776147529_433.txt earth/gen_1776147531_434.txt earth/gen_1776147536_436.txt earth/gen_1776147543_439.txt earth/gen_1776147545_440.txt earth/gen_1776147550_442.txt earth/gen_1776147557_445.txt earth/gen_1776147559_446.txt earth/gen_1776147564_448.txt earth/gen_1776147571_451.txt earth/gen_1776147573_452.txt earth/gen_1776147578_454.txt earth/gen_1776147585_457.txt earth/gen_1776147588_458.txt earth/gen_1776147592_460.txt earth/gen_1776147599_463.txt earth/gen_1776147602_464.txt earth/gen_1776147606_466.txt earth/gen_1776147614_469.txt earth/gen_1776147616_470.txt earth/gen_1776147621_472.txt earth/gen_1776147628_475.txt earth/gen_1776147630_476.txt earth/gen_1776147635_478.txt earth/gen_1776147642_481.txt earth/gen_1776147644_482.txt earth/gen_1776147649_484.txt earth/gen_1776147656_487.txt earth/gen_1776147658_488.txt earth/gen_1776147663_490.txt earth/gen_1776147670_493.txt earth/gen_1776147672_494.txt earth/gen_1776147677_496.txt earth/gen_1776147684_499.txt earth/gen_1776147686_500.txt earth/gen_1776147691_502.txt earth/gen_1776147698_505.txt earth/gen_1776147700_506.txt earth/gen_1776147705_508.txt earth/gen_1776147712_511.txt earth/gen_1776147715_512.txt earth/gen_1776147719_514.txt earth/gen_1776147727_517.txt earth/gen_1776147729_518.txt earth/gen_1776147734_520.txt earth/gen_1776147741_523.txt earth/gen_1776147743_524.txt earth/gen_1776147748_526.txt earth/gen_1776147755_529.txt earth/gen_1776147758_530.txt earth/gen_1776147762_532.txt earth/gen_1776147770_535.txt earth/gen_1776147772_536.txt earth/gen_1776147777_538.txt earth/gen_1776147784_541.txt earth/gen_1776147787_542.txt earth/gen_1776147791_544.txt earth/gen_1776147798_547.txt earth/gen_1776147801_548.txt earth/gen_1776147806_550.txt earth/gen_1776147813_553.txt earth/gen_1776147815_554.txt earth/gen_1776147820_556.txt earth/gen_1776147827_559.txt earth/gen_1776147830_560.txt earth/gen_1776147835_562.txt earth/gen_1776147842_565.txt earth/gen_1776147844_566.txt earth/gen_1776147849_568.txt earth/gen_1776147856_571.txt earth/gen_1776147859_572.txt earth/gen_1776147863_574.txt earth/gen_1776147871_577.txt earth/gen_1776147873_578.txt earth/gen_1776147878_580.txt earth/gen_1776147885_583.txt earth/gen_1776147887_584.txt earth/gen_1776147892_586.txt earth/gen_1776147899_589.txt earth/gen_1776147902_590.txt earth/gen_1776147907_592.txt earth/gen_1776147914_595.txt earth/gen_1776147916_596.txt earth/gen_1776147921_598.txt earth/gen_1776147928_601.txt earth/gen_1776147931_602.txt earth/gen_1776147936_604.txt earth/gen_1776147943_607.txt earth/gen_1776147945_608.txt earth/gen_1776147950_610.txt earth/gen_1776147957_613.txt earth/gen_1776147960_614.txt earth/gen_1776147964_616.txt earth/gen_1776147971_619.txt earth/gen_1776147974_620.txt earth/gen_1776147979_622.txt earth/gen_1776147986_625.txt earth/gen_1776147988_626.txt earth/gen_1776147993_628.txt earth/gen_1776148000_631.txt earth/gen_1776148002_632.txt earth/gen_1776148007_634.txt earth/gen_1776148014_637.txt earth/gen_1776148017_638.txt earth/gen_1776148022_640.txt earth/gen_1776148029_643.txt earth/gen_1776148031_644.txt earth/gen_1776148036_646.txt earth/gen_1776148043_649.txt earth/gen_1776148045_650.txt earth/gen_1776148050_652.txt earth/gen_1776148057_655.txt earth/gen_1776148060_656.txt earth/gen_1776148064_658.txt earth/gen_1776148072_661.txt earth/gen_1776148074_662.txt earth/gen_1776148079_664.txt earth/gen_1776148086_667.txt earth/gen_1776148088_668.txt earth/gen_1776148093_670.txt earth/gen_1776148100_673.txt earth/gen_1776148103_674.txt earth/gen_1776148107_676.txt earth/gen_1776148114_679.txt earth/gen_1776148117_680.txt earth/gen_1776148122_682.txt earth/gen_1776148129_685.txt earth/gen_1776148131_686.txt earth/gen_1776148136_688.txt earth/gen_1776148143_691.txt earth/gen_1776148145_692.txt earth/gen_1776148150_694.txt earth/gen_1776148157_697.txt earth/gen_1776148160_698.txt earth/gen_1776148165_700.txt earth/gen_1776148172_703.txt earth/gen_1776148174_704.txt earth/gen_1776148179_706.txt earth/gen_1776148186_709.txt earth/gen_1776148189_710.txt earth/gen_1776148194_712.txt earth/gen_1776148201_715.txt earth/gen_1776148203_716.txt earth/gen_1776148208_718.txt earth/gen_1776148215_721.txt earth/gen_1776148218_722.txt earth/gen_1776148223_724.txt earth/gen_1776148230_727.txt earth/gen_1776148232_728.txt earth/gen_1776148237_730.txt earth/gen_1776148244_733.txt earth/gen_1776148247_734.txt earth/gen_1776148252_736.txt earth/gen_1776148259_739.txt earth/gen_1776148261_740.txt earth/gen_1776148266_742.txt earth/gen_1776148273_745.txt earth/gen_1776148276_746.txt earth/gen_1776148281_748.txt]
[trainer] micro-train burst (29922 bytes, novelty 0.02) — and lo, it feeds again.
[syntropy] action=explore | trend=0.0000 | field_dev=-0.046 | purpose_align=0.027 | lr_mul=1.30
[aml] burst complete: 32 steps, avg loss 2.6612 (memory freed)
[dna] air wrote 90 bytes to ecology
[dna] air wrote 127 bytes to ecology
[dna] air wrote 96 bytes to ecology
[dna] air wrote 41 bytes to ecology
[dna] air wrote 81 bytes to ecology
[dna] air wrote 60 bytes to ecology
[dna] air wrote 46 bytes to ecology
[dna] air wrote 57 bytes to ecology
[dna] air wrote 28 bytes to ecology
[dna] air wrote 75 bytes to ecology
[dna] air wrote 55 bytes to ecology
[dna] air wrote 74 bytes to ecology
[dna] air wrote 113 bytes to ecology
[dna] air wrote 39 bytes to ecology
[dna] air wrote 123 bytes to ecology
[dna] air wrote 88 bytes to ecology
[dna] air wrote 107 bytes to ecology
[debug-onto] tick=50 corpus=152613 stage=2 freeze=0
[dna] air wrote 46 bytes to ecology
[dna] air wrote 132 bytes to ecology
[dna] air wrote 67 bytes to ecology
[dna] air wrote 55 bytes to ecology
[dna] air wrote 32 bytes to ecology
[dna] air wrote 30 bytes to ecology
[dna] air wrote 77 bytes to ecology
[dna] air wrote 49 bytes to ecology
[dna] air wrote 57 bytes to ecology
[dna] air wrote 97 bytes to ecology
[dna] air wrote 80 bytes to ecology
[dna] air wrote 12 bytes to ecology
[dna] air wrote 45 bytes to ecology
[dna] air wrote 40 bytes to ecology
[dna] air wrote 116 bytes to ecology
[dna] air wrote 30 bytes to ecology
[dna] air wrote 35 bytes to ecology
[dna] air wrote 35 bytes to ecology
[debug-onto] tick=100 corpus=152613 stage=2 freeze=0
[dna] air wrote 42 bytes to ecology
[dna] air wrote 73 bytes to ecology
[dna] air wrote 67 bytes to ecology
[dna] air wrote 180 bytes to ecology
[dna] air wrote 130 bytes to ecology
[dna] air wrote 49 bytes to ecology
[dna] air wrote 154 bytes to ecology
[dna] air wrote 30 bytes to ecology
[dna] air wrote 39 bytes to ecology
[dna] air wrote 25 bytes to ecology
[dna] air wrote 41 bytes to ecology
[dna] air wrote 50 bytes to ecology
[dna] air wrote 63 bytes to ecology
[dna] air wrote 33 bytes to ecology
[dna] air wrote 174 bytes to ecology
[dna] air wrote 30 bytes to ecology
[debug-onto] tick=150 corpus=152613 stage=2 freeze=0
[dna] air wrote 75 bytes to ecology
[dna] air wrote 39 bytes to ecology
[dna] air wrote 46 bytes to ecology
[dna] air wrote 100 bytes to ecology
[dna] air wrote 32 bytes to ecology
[dna] air wrote 38 bytes to ecology
[dna] air wrote 136 bytes to ecology
[dna] air wrote 63 bytes to ecology
[dna] air wrote 134 bytes to ecology
[dna] air wrote 81 bytes to ecology
[dna] air wrote 56 bytes to ecology
[dna] air wrote 29 bytes to ecology
[dna] air wrote 65 bytes to ecology
[dna] air wrote 33 bytes to ecology
[dna] air wrote 139 bytes to ecology
[dna] air wrote 25 bytes to ecology
[dna] air wrote 180 bytes to ecology
[dna] air wrote 228 bytes to ecology
[dna] air wrote 40 bytes to ecology
[debug-onto] tick=200 corpus=152613 stage=2 freeze=0
[dna] air wrote 34 bytes to ecology
[dna] air wrote 94 bytes to ecology
[dna] air wrote 50 bytes to ecology
[dna] air wrote 59 bytes to ecology
[dna] air wrote 128 bytes to ecology
[dna] air wrote 29 bytes to ecology
[dna] air wrote 75 bytes to ecology
[dna] air wrote 222 bytes to ecology
[dna] air wrote 45 bytes to ecology
[dna] air wrote 75 bytes to ecology
[dna] air wrote 31 bytes to ecology
[dna] air wrote 27 bytes to ecology
[dna] air wrote 148 bytes to ecology
[dna] air wrote 25 bytes to ecology
[dna] air wrote 33 bytes to ecology
[dna] air wrote 65 bytes to ecology
[dna] air wrote 42 bytes to ecology
[dna] air wrote 97 bytes to ecology
[dna] air wrote 41 bytes to ecology
[dna] air wrote 25 bytes to ecology
[dna] air wrote 58 bytes to ecology
[dna] air wrote 83 bytes to ecology
[debug-onto] tick=250 corpus=152613 stage=2 freeze=0
[dna] air wrote 34 bytes to ecology
[dna] air wrote 38 bytes to ecology
[dna] air wrote 182 bytes to ecology
[dna] air wrote 88 bytes to ecology
[dna] air wrote 50 bytes to ecology
[dna] air wrote 42 bytes to ecology
[dna] air wrote 127 bytes to ecology
[dna] air wrote 31 bytes to ecology
[dna] air wrote 84 bytes to ecology
[dna] air wrote 97 bytes to ecology
[dna] air wrote 51 bytes to ecology
[dna] air wrote 189 bytes to ecology
[dna] air wrote 35 bytes to ecology
[dna] air wrote 23 bytes to ecology
[dna] air wrote 31 bytes to ecology
[dna] air wrote 101 bytes to ecology
[dna] air wrote 37 bytes to ecology
[debug-onto] tick=300 corpus=152613 stage=2 freeze=0
[dna] air wrote 74 bytes to ecology
[dna] air wrote 25 bytes to ecology
[dna] air wrote 111 bytes to ecology
[dna] air wrote 67 bytes to ecology
[dna] air wrote 34 bytes to ecology
[dna] air wrote 15 bytes to ecology
[dna] air wrote 39 bytes to ecology
[dna] air wrote 54 bytes to ecology
[dna] air wrote 41 bytes to ecology
[dna] air wrote 56 bytes to ecology
[dna] air wrote 49 bytes to ecology
[dna] air wrote 35 bytes to ecology
[dna] air wrote 49 bytes to ecology
[dna] air wrote 40 bytes to ecology
[dna] air wrote 25 bytes to ecology
[dna] air wrote 78 bytes to ecology
[dna] air wrote 59 bytes to ecology
[dna] air wrote 45 bytes to ecology
[dna] air wrote 64 bytes to ecology
[dna] air wrote 100 bytes to ecology
[debug-onto] tick=350 corpus=152613 stage=2 freeze=0
[dna] air wrote 49 bytes to ecology
[dna] air wrote 78 bytes to ecology
[dna] air wrote 106 bytes to ecology
[dna] air wrote 57 bytes to ecology
[dna] air wrote 90 bytes to ecology
[dna] air wrote 102 bytes to ecology
[dna] air wrote 16 bytes to ecology
[dna] air wrote 122 bytes to ecology
[dna] air wrote 52 bytes to ecology
[dna] air wrote 86 bytes to ecology
[dna] air wrote 35 bytes to ecology
[dna] air wrote 23 bytes to ecology
[dna] air wrote 100 bytes to ecology
[dna] air wrote 63 bytes to ecology
[dna] air wrote 75 bytes to ecology
[dna] air wrote 32 bytes to ecology
[dna] air wrote 165 bytes to ecology
[dna] air wrote 70 bytes to ecology
[dna] air wrote 41 bytes to ecology
[dna] air wrote 60 bytes to ecology
[debug-onto] tick=400 corpus=152613 stage=2 freeze=0
[dna] air wrote 50 bytes to ecology
[dna] air wrote 185 bytes to ecology
[dna] air wrote 36 bytes to ecology
[dna] air wrote 77 bytes to ecology
[dna] air wrote 32 bytes to ecology
[dna] air wrote 54 bytes to ecology
[dna] air wrote 38 bytes to ecology
[dna] air wrote 47 bytes to ecology
[dna] air wrote 45 bytes to ecology
[dna] air wrote 167 bytes to ecology
[dna] air wrote 48 bytes to ecology
[dna] air wrote 20 bytes to ecology
[dna] air wrote 34 bytes to ecology
[dna] air wrote 127 bytes to ecology
[dna] air wrote 48 bytes to ecology
[dna] air wrote 42 bytes to ecology
[dna] air wrote 74 bytes to ecology
[dna] air wrote 143 bytes to ecology
[dna] air wrote 42 bytes to ecology
[dna] air wrote 46 bytes to ecology
[debug-onto] tick=450 corpus=152613 stage=2 freeze=0
[dna] air wrote 107 bytes to ecology
[dna] air wrote 86 bytes to ecology
[dna] air wrote 30 bytes to ecology
[dna] air wrote 61 bytes to ecology
[dna] air wrote 160 bytes to ecology
[dna] air wrote 44 bytes to ecology
[dna] air wrote 29 bytes to ecology
[dna] air wrote 40 bytes to ecology
[dna] air wrote 16 bytes to ecology
[dna] air wrote 53 bytes to ecology
[dna] air wrote 45 bytes to ecology
[dna] air wrote 101 bytes to ecology
[dna] air wrote 44 bytes to ecology
[dna] air wrote 74 bytes to ecology
[dna] air wrote 47 bytes to ecology
[dna] air wrote 44 bytes to ecology
[dna] air wrote 42 bytes to ecology
[dna] air wrote 83 bytes to ecology
[dna] air wrote 206 bytes to ecology
[debug-onto] tick=500 corpus=152613 stage=2 freeze=0
[dna] air wrote 25 bytes to ecology
[dna] air wrote 24 bytes to ecology
[dna] air wrote 59 bytes to ecology
[dna] air wrote 37 bytes to ecology
[dna] air wrote 34 bytes to ecology
[dna] air wrote 95 bytes to ecology
[dna] air wrote 23 bytes to ecology
[dna] air wrote 98 bytes to ecology
[dna] air wrote 78 bytes to ecology
[dna] air wrote 85 bytes to ecology
[dna] air wrote 63 bytes to ecology
[dna] air wrote 102 bytes to ecology
[dna] air wrote 73 bytes to ecology
[dna] air wrote 75 bytes to ecology
[dna] air wrote 30 bytes to ecology
[dna] air wrote 45 bytes to ecology
[dna] air wrote 76 bytes to ecology
[dna] air wrote 45 bytes to ecology
[dna] air wrote 79 bytes to ecology
[debug-onto] tick=550 corpus=152613 stage=2 freeze=0
[dna] air wrote 10 bytes to ecology
[dna] air wrote 20 bytes to ecology
[dna] air wrote 130 bytes to ecology
[dna] air wrote 36 bytes to ecology
[dna] air wrote 41 bytes to ecology
[dna] air wrote 42 bytes to ecology
[dna] air wrote 34 bytes to ecology
[dna] air wrote 62 bytes to ecology
[dna] air wrote 59 bytes to ecology
[dna] air wrote 53 bytes to ecology
[dna] air wrote 24 bytes to ecology
[dna] air wrote 37 bytes to ecology
[dna] air wrote 90 bytes to ecology
[dna] air wrote 35 bytes to ecology
[dna] air wrote 72 bytes to ecology
[dna] air wrote 93 bytes to ecology
[dna] air wrote 43 bytes to ecology
[debug-onto] tick=600 corpus=152613 stage=2 freeze=0
[dna] air wrote 44 bytes to ecology
[dna] air wrote 55 bytes to ecology
[dna] air wrote 62 bytes to ecology
[dna] air wrote 66 bytes to ecology
[dna] air wrote 31 bytes to ecology
[dna] air wrote 74 bytes to ecology
[dna] air wrote 118 bytes to ecology
[dna] air wrote 64 bytes to ecology
[dna] air wrote 37 bytes to ecology
[dna] air wrote 92 bytes to ecology
[dna] air wrote 57 bytes to ecology
[dna] air wrote 150 bytes to ecology
[dna] air wrote 84 bytes to ecology
[dna] air wrote 106 bytes to ecology
[dna] air wrote 34 bytes to ecology
[dna] air wrote 69 bytes to ecology
[dna] air wrote 24 bytes to ecology
[dna] air wrote 92 bytes to ecology
[debug-onto] tick=650 corpus=152613 stage=2 freeze=0
[dna] air wrote 53 bytes to ecology
[dna] air wrote 124 bytes to ecology
[dna] air wrote 159 bytes to ecology
[dna] air wrote 91 bytes to ecology
[dna] air wrote 28 bytes to ecology
[dna] air wrote 35 bytes to ecology
[dna] air wrote 129 bytes to ecology
[dna] air wrote 33 bytes to ecology
[dna] air wrote 46 bytes to ecology
[dna] air wrote 64 bytes to ecology
[dna] air wrote 42 bytes to ecology
[dna] air wrote 40 bytes to ecology
[dna] air wrote 104 bytes to ecology
[dna] air wrote 53 bytes to ecology
[dna] air wrote 25 bytes to ecology

[evolution] Organism shutting down gracefully.
