[ecology] Element: earth → corpus: nonames_earth.txt
[evolution] Autonomous evolution mode — organism will grow through all stages without pause.
[init] Stage 0 (embryo): embd=16, layer=1, head=1 — warmup 400 steps (400 backprop + 0 notorch, sqrt-scaled 1x)
  [aml] step 0/160 | loss 6.5429 (avg 6.5429) | lr 0.001000 | seq 8
  [aml] step 10/160 | loss 6.1437 (avg 6.4024) | lr 0.001450 | seq 8
  [aml] step 20/160 | loss 6.2919 (avg 6.2770) | lr 0.001900 | seq 8
  [aml] step 30/160 | loss 5.7009 (avg 6.1881) | lr 0.002350 | seq 8
  [aml] step 40/160 | loss 5.4158 (avg 6.0739) | lr 0.002800 | seq 8
  [aml] step 50/160 | loss 4.6707 (avg 5.9168) | lr 0.003250 | seq 8
  [aml] step 60/160 | loss 4.9043 (avg 5.7486) | lr 0.003700 | seq 8
  [aml] step 70/160 | loss 5.3365 (avg 5.6430) | lr 0.004150 | seq 8
  [aml] step 80/160 | loss 2.9701 (avg 5.5138) | lr 0.004600 | seq 8
  [aml] step 90/160 | loss 4.3503 (avg 5.3776) | lr 0.005050 | seq 8
  [aml] step 100/160 | loss 4.6106 (avg 5.2838) | lr 0.005500 | seq 8
  [aml] step 110/160 | loss 5.0154 (avg 5.1488) | lr 0.005950 | seq 8
  [aml] step 120/160 | loss 4.1431 (avg 5.0793) | lr 0.006400 | seq 8
  [aml] step 130/160 | loss 4.3363 (avg 5.0270) | lr 0.006850 | seq 8
  [aml] step 140/160 | loss 2.9754 (avg 4.9815) | lr 0.007300 | seq 8
  [aml] step 150/160 | loss 2.8090 (avg 4.9347) | lr 0.007750 | seq 8
[aml] training complete: 160 steps, avg loss 4.8919 (memory freed)
  [aml] step 0/120 | loss 4.7622 (avg 4.7622) | lr 0.008200 | seq 16
  [aml] step 10/120 | loss 4.2981 (avg 4.4974) | lr 0.008650 | seq 16
  [aml] step 20/120 | loss 3.4918 (avg 4.4685) | lr 0.009100 | seq 16
  [aml] step 30/120 | loss 3.4325 (avg 4.2236) | lr 0.009550 | seq 16
  [aml] step 40/120 | loss 3.4188 (avg 4.2686) | lr 0.010000 | seq 16
  [aml] step 50/120 | loss 3.2501 (avg 4.2716) | lr 0.010000 | seq 16
  [aml] step 60/120 | loss 4.1681 (avg 4.2871) | lr 0.010000 | seq 16
  [aml] step 70/120 | loss 4.2066 (avg 4.2209) | lr 0.010000 | seq 16
  [aml] step 80/120 | loss 5.0345 (avg 4.1954) | lr 0.009999 | seq 16
  [aml] step 90/120 | loss 4.8245 (avg 4.1121) | lr 0.009999 | seq 16
  [aml] step 100/120 | loss 3.9237 (avg 4.0526) | lr 0.009999 | seq 16
  [aml] step 110/120 | loss 5.1807 (avg 3.9705) | lr 0.009999 | seq 16
[aml] training complete: 120 steps, avg loss 3.9770 (memory freed)
  [aml] step 0/120 | loss 3.0113 (avg 3.0113) | lr 0.009999 | seq 32
  [aml] step 10/120 | loss 5.0405 (avg 3.9537) | lr 0.009999 | seq 32
  [aml] step 20/120 | loss 4.5102 (avg 3.8055) | lr 0.009999 | seq 32
  [aml] step 30/120 | loss 4.0153 (avg 3.5402) | lr 0.009999 | seq 32
  [aml] step 40/120 | loss 3.9162 (avg 3.5021) | lr 0.009999 | seq 32
  [aml] step 50/120 | loss 4.0436 (avg 3.4746) | lr 0.009999 | seq 32
  [aml] step 60/120 | loss 2.7445 (avg 3.4047) | lr 0.009999 | seq 32
  [aml] step 70/120 | loss 1.4534 (avg 3.3651) | lr 0.009999 | seq 32
  [aml] step 80/120 | loss 4.5124 (avg 3.3609) | lr 0.009999 | seq 32
  [aml] step 90/120 | loss 1.5657 (avg 3.3114) | lr 0.009999 | seq 32
  [aml] step 100/120 | loss 0.8801 (avg 3.3206) | lr 0.009999 | seq 32
  [aml] step 110/120 | loss 0.9340 (avg 3.1963) | lr 0.009999 | seq 32
[aml] training complete: 120 steps, avg loss 3.1004 (memory freed)

[stage 0 — embryo] What it sounds like now:
  Q: Hello.
  A: The path the ground find does not preposed on the value?
  Q: Who are you?
  A: ? The ground.
  Q: What do you know?
  A: ...

[growth] ONTOGENESIS: stage 0 -> 1
  embd: 16 -> 32, layer: 1 -> 1, head: 1 -> 2
[growth] Done. Freeze for 500 steps.
[init] Stage 1 (infant): embd=32, layer=1, head=2 — warmup 800 steps (800 backprop + 0 notorch, sqrt-scaled 2x)
  [aml] step 0/320 | loss 5.5144 (avg 5.5144) | lr 0.000500 | seq 8
  [aml] step 10/320 | loss 6.9121 (avg 5.2406) | lr 0.000725 | seq 8
  [aml] step 20/320 | loss 4.3919 (avg 4.4842) | lr 0.000950 | seq 8
  [aml] step 30/320 | loss 4.2196 (avg 4.0433) | lr 0.001175 | seq 8
  [aml] step 40/320 | loss 4.1201 (avg 3.9154) | lr 0.001400 | seq 8
  [aml] step 50/320 | loss 4.6927 (avg 3.9359) | lr 0.001625 | seq 8
  [aml] step 60/320 | loss 4.3112 (avg 3.9558) | lr 0.001850 | seq 8
  [aml] step 70/320 | loss 4.3213 (avg 4.0395) | lr 0.002075 | seq 8
  [aml] step 80/320 | loss 3.9051 (avg 4.0787) | lr 0.002300 | seq 8
  [aml] step 90/320 | loss 5.8229 (avg 4.0784) | lr 0.002525 | seq 8
  [aml] step 100/320 | loss 4.5010 (avg 4.0889) | lr 0.002750 | seq 8
  [aml] step 110/320 | loss 4.0908 (avg 4.0499) | lr 0.002975 | seq 8
  [aml] step 120/320 | loss 4.4196 (avg 4.0147) | lr 0.003200 | seq 8
  [aml] step 130/320 | loss 3.4702 (avg 4.0076) | lr 0.003425 | seq 8
  [aml] step 140/320 | loss 4.7371 (avg 3.9952) | lr 0.003650 | seq 8
  [aml] step 150/320 | loss 3.9965 (avg 4.0063) | lr 0.003875 | seq 8
  [aml] step 160/320 | loss 4.2800 (avg 3.9914) | lr 0.004100 | seq 8
  [aml] step 170/320 | loss 4.4597 (avg 3.9922) | lr 0.004325 | seq 8
  [aml] step 180/320 | loss 2.6372 (avg 3.9648) | lr 0.004550 | seq 8
  [aml] step 190/320 | loss 4.5689 (avg 3.9202) | lr 0.004775 | seq 8
  [aml] step 200/320 | loss 4.9377 (avg 3.8870) | lr 0.004998 | seq 8
  [aml] step 210/320 | loss 4.0720 (avg 3.8822) | lr 0.004998 | seq 8
  [aml] step 220/320 | loss 3.9660 (avg 3.8764) | lr 0.004998 | seq 8
  [aml] step 230/320 | loss 4.5813 (avg 3.8643) | lr 0.004998 | seq 8
  [aml] step 240/320 | loss 3.7126 (avg 3.8762) | lr 0.004998 | seq 8
  [aml] step 250/320 | loss 4.8577 (avg 3.8503) | lr 0.004998 | seq 8
  [aml] step 260/320 | loss 1.0275 (avg 3.8408) | lr 0.004998 | seq 8
  [aml] step 270/320 | loss 2.6931 (avg 3.8101) | lr 0.004998 | seq 8
  [aml] step 280/320 | loss 5.0032 (avg 3.8058) | lr 0.004998 | seq 8
  [aml] step 290/320 | loss 3.2296 (avg 3.7807) | lr 0.004998 | seq 8
  [aml] step 300/320 | loss 2.8781 (avg 3.7744) | lr 0.004998 | seq 8
  [aml] step 310/320 | loss 4.3479 (avg 3.7759) | lr 0.004998 | seq 8
[aml] training complete: 320 steps, avg loss 3.7816 (memory freed)
  [aml] step 0/240 | loss 2.5071 (avg 2.5071) | lr 0.004998 | seq 16
  [aml] step 10/240 | loss 4.3426 (avg 3.2506) | lr 0.004998 | seq 16
  [aml] step 20/240 | loss 3.3938 (avg 3.4743) | lr 0.004998 | seq 16
  [aml] step 30/240 | loss 4.1321 (avg 3.5933) | lr 0.004998 | seq 16
  [aml] step 40/240 | loss 1.3063 (avg 3.5766) | lr 0.004997 | seq 16
  [aml] step 50/240 | loss 3.2306 (avg 3.5213) | lr 0.004997 | seq 16
  [aml] step 60/240 | loss 3.2534 (avg 3.4273) | lr 0.004997 | seq 16
  [aml] step 70/240 | loss 1.4801 (avg 3.3675) | lr 0.004997 | seq 16
  [aml] step 80/240 | loss 2.5811 (avg 3.3426) | lr 0.004997 | seq 16
  [aml] step 90/240 | loss 2.4815 (avg 3.3451) | lr 0.004997 | seq 16
  [aml] step 100/240 | loss 4.8445 (avg 3.3352) | lr 0.004997 | seq 16
  [aml] step 110/240 | loss 2.0011 (avg 3.2992) | lr 0.004997 | seq 16
  [aml] step 120/240 | loss 1.9645 (avg 3.2409) | lr 0.004997 | seq 16
  [aml] step 130/240 | loss 4.4750 (avg 3.2432) | lr 0.004997 | seq 16
  [aml] step 140/240 | loss 1.6078 (avg 3.1775) | lr 0.004997 | seq 16
  [aml] step 150/240 | loss 4.1489 (avg 3.2163) | lr 0.004997 | seq 16
  [aml] step 160/240 | loss 1.3269 (avg 3.2152) | lr 0.004997 | seq 16
  [aml] step 170/240 | loss 4.2120 (avg 3.1986) | lr 0.004996 | seq 16
  [aml] step 180/240 | loss 1.9922 (avg 3.1952) | lr 0.004996 | seq 16
  [aml] step 190/240 | loss 2.7993 (avg 3.1928) | lr 0.004996 | seq 16
  [aml] step 200/240 | loss 4.0549 (avg 3.2065) | lr 0.004996 | seq 16
  [aml] step 210/240 | loss 3.4402 (avg 3.2280) | lr 0.004996 | seq 16
  [aml] step 220/240 | loss 4.5829 (avg 3.2448) | lr 0.004996 | seq 16
  [aml] step 230/240 | loss 5.0411 (avg 3.2406) | lr 0.004996 | seq 16
[aml] training complete: 240 steps, avg loss 3.2517 (memory freed)
  [aml] step 0/240 | loss 4.0675 (avg 4.0675) | lr 0.004996 | seq 32
  [aml] step 10/240 | loss 1.0631 (avg 3.0330) | lr 0.004996 | seq 32
  [aml] step 20/240 | loss 1.5255 (avg 2.6008) | lr 0.004996 | seq 32
  [aml] step 30/240 | loss 4.9455 (avg 2.6566) | lr 0.004996 | seq 32
  [aml] step 40/240 | loss 4.4996 (avg 2.8877) | lr 0.004996 | seq 32
  [aml] step 50/240 | loss 3.8323 (avg 2.9985) | lr 0.004995 | seq 32
  [aml] step 60/240 | loss 4.1761 (avg 3.0022) | lr 0.004995 | seq 32
  [aml] step 70/240 | loss 1.7427 (avg 3.0407) | lr 0.004995 | seq 32
  [aml] step 80/240 | loss 1.0586 (avg 2.9367) | lr 0.004995 | seq 32
  [aml] step 90/240 | loss 3.8752 (avg 2.9846) | lr 0.004995 | seq 32
  [aml] step 100/240 | loss 4.6684 (avg 3.0073) | lr 0.004995 | seq 32
  [aml] step 110/240 | loss 1.5522 (avg 3.0039) | lr 0.004995 | seq 32
  [aml] step 120/240 | loss 2.2820 (avg 2.9841) | lr 0.004995 | seq 32
  [aml] step 130/240 | loss 3.9806 (avg 2.9494) | lr 0.004995 | seq 32
  [aml] step 140/240 | loss 4.3142 (avg 2.9215) | lr 0.004995 | seq 32
  [aml] step 150/240 | loss 1.8184 (avg 2.9086) | lr 0.004995 | seq 32
  [aml] step 160/240 | loss 1.0648 (avg 2.8957) | lr 0.004994 | seq 32
  [aml] step 170/240 | loss 1.0909 (avg 2.8712) | lr 0.004994 | seq 32
  [aml] step 180/240 | loss 0.7197 (avg 2.8559) | lr 0.004994 | seq 32
  [aml] step 190/240 | loss 4.1512 (avg 2.8721) | lr 0.004994 | seq 32
  [aml] step 200/240 | loss 4.2611 (avg 2.8325) | lr 0.004994 | seq 32
  [aml] step 210/240 | loss 1.0569 (avg 2.8001) | lr 0.004994 | seq 32
  [aml] step 220/240 | loss 4.0395 (avg 2.7847) | lr 0.004994 | seq 32
  [aml] step 230/240 | loss 4.2092 (avg 2.8062) | lr 0.004994 | seq 32
[aml] training complete: 240 steps, avg loss 2.7625 (memory freed)

[stage 1 — infant] What it sounds like now:
  Q: Hello.
  A: is a is a
  Q: Who are you?
  A: ...
  Q: What do you know?
  A: ...

[growth] ONTOGENESIS: stage 1 -> 2
  embd: 32 -> 64, layer: 1 -> 2, head: 2 -> 4
[growth] Done. Freeze for 500 steps.
[init] Stage 2 (child): embd=64, layer=2, head=4 — warmup 800 steps (800 backprop + 0 notorch, sqrt-scaled 2x)
  [aml] step 0/320 | loss 0.6060 (avg 0.6060) | lr 0.000250 | seq 8
  [aml] step 10/320 | loss 2.8456 (avg 3.6353) | lr 0.000363 | seq 8
  [aml] step 20/320 | loss 4.4029 (avg 3.7297) | lr 0.000475 | seq 8
  [aml] step 30/320 | loss 0.1001 (avg 3.6135) | lr 0.000588 | seq 8
  [aml] step 40/320 | loss 4.6381 (avg 3.7519) | lr 0.000700 | seq 8
  [aml] step 50/320 | loss 1.6871 (avg 3.7133) | lr 0.000813 | seq 8
  [aml] step 60/320 | loss 4.3229 (avg 3.6338) | lr 0.000925 | seq 8
  [aml] step 70/320 | loss 1.6273 (avg 3.6307) | lr 0.001038 | seq 8
  [aml] step 80/320 | loss 1.2519 (avg 3.5534) | lr 0.001150 | seq 8
  [aml] step 90/320 | loss 3.7041 (avg 3.5672) | lr 0.001263 | seq 8
  [aml] step 100/320 | loss 3.4033 (avg 3.5553) | lr 0.001375 | seq 8
  [aml] step 110/320 | loss 0.1822 (avg 3.5647) | lr 0.001488 | seq 8
  [aml] step 120/320 | loss 0.1500 (avg 3.5783) | lr 0.001600 | seq 8
  [aml] step 130/320 | loss 3.8435 (avg 3.6053) | lr 0.001713 | seq 8
  [aml] step 140/320 | loss 4.3967 (avg 3.5580) | lr 0.001825 | seq 8
  [aml] step 150/320 | loss 4.4150 (avg 3.4720) | lr 0.001938 | seq 8
  [aml] step 160/320 | loss 3.8426 (avg 3.4796) | lr 0.002050 | seq 8
  [aml] step 170/320 | loss 3.7933 (avg 3.4732) | lr 0.002163 | seq 8
  [aml] step 180/320 | loss 1.5734 (avg 3.4636) | lr 0.002275 | seq 8
  [aml] step 190/320 | loss 0.2290 (avg 3.4408) | lr 0.002387 | seq 8
  [aml] step 200/320 | loss 3.7214 (avg 3.4200) | lr 0.002496 | seq 8
  [aml] step 210/320 | loss 4.0945 (avg 3.3800) | lr 0.002496 | seq 8
  [aml] step 220/320 | loss 4.4275 (avg 3.3977) | lr 0.002496 | seq 8
  [aml] step 230/320 | loss 1.8808 (avg 3.4106) | lr 0.002495 | seq 8
  [aml] step 240/320 | loss 3.0286 (avg 3.4286) | lr 0.002495 | seq 8
  [aml] step 250/320 | loss 3.8110 (avg 3.3948) | lr 0.002495 | seq 8
  [aml] step 260/320 | loss 1.1075 (avg 3.3873) | lr 0.002495 | seq 8
  [aml] step 270/320 | loss 5.0275 (avg 3.3955) | lr 0.002495 | seq 8
  [aml] step 280/320 | loss 4.8125 (avg 3.3935) | lr 0.002495 | seq 8
  [aml] step 290/320 | loss 1.5510 (avg 3.3770) | lr 0.002495 | seq 8
  [aml] step 300/320 | loss 0.3447 (avg 3.3851) | lr 0.002495 | seq 8
  [aml] step 310/320 | loss 4.5669 (avg 3.3818) | lr 0.002495 | seq 8
[aml] training complete: 320 steps, avg loss 3.3687 (memory freed)
  [aml] step 0/240 | loss 3.3322 (avg 3.3322) | lr 0.002495 | seq 16
  [aml] step 10/240 | loss 3.9247 (avg 3.3962) | lr 0.002495 | seq 16
  [aml] step 20/240 | loss 0.5833 (avg 3.1150) | lr 0.002495 | seq 16
  [aml] step 30/240 | loss 2.3087 (avg 3.0730) | lr 0.002495 | seq 16
  [aml] step 40/240 | loss 3.9265 (avg 3.2530) | lr 0.002495 | seq 16
  [aml] step 50/240 | loss 4.2731 (avg 3.2110) | lr 0.002495 | seq 16
  [aml] step 60/240 | loss 4.4866 (avg 3.2348) | lr 0.002494 | seq 16
  [aml] step 70/240 | loss 1.8955 (avg 3.2802) | lr 0.002494 | seq 16
  [aml] step 80/240 | loss 4.2422 (avg 3.3139) | lr 0.002494 | seq 16
  [aml] step 90/240 | loss 4.5867 (avg 3.3463) | lr 0.002494 | seq 16
  [aml] step 100/240 | loss 4.5160 (avg 3.2944) | lr 0.002494 | seq 16
  [aml] step 110/240 | loss 1.8541 (avg 3.3244) | lr 0.002494 | seq 16
  [aml] step 120/240 | loss 0.8510 (avg 3.2857) | lr 0.002494 | seq 16
  [aml] step 130/240 | loss 2.1824 (avg 3.1731) | lr 0.002494 | seq 16
  [aml] step 140/240 | loss 4.3193 (avg 3.1996) | lr 0.002494 | seq 16
  [aml] step 150/240 | loss 1.1153 (avg 3.2274) | lr 0.002494 | seq 16
  [aml] step 160/240 | loss 4.2632 (avg 3.2128) | lr 0.002494 | seq 16
  [aml] step 170/240 | loss 4.1872 (avg 3.1883) | lr 0.002494 | seq 16
  [aml] step 180/240 | loss 2.2428 (avg 3.1775) | lr 0.002494 | seq 16
  [aml] step 190/240 | loss 2.7279 (avg 3.1644) | lr 0.002494 | seq 16
  [aml] step 200/240 | loss 3.8087 (avg 3.1765) | lr 0.002493 | seq 16
  [aml] step 210/240 | loss 2.8160 (avg 3.2098) | lr 0.002493 | seq 16
  [aml] step 220/240 | loss 2.8974 (avg 3.2285) | lr 0.002493 | seq 16
  [aml] step 230/240 | loss 3.8605 (avg 3.2117) | lr 0.002493 | seq 16
[aml] training complete: 240 steps, avg loss 3.1741 (memory freed)
  [aml] step 0/240 | loss 4.8585 (avg 4.8585) | lr 0.002493 | seq 32
  [aml] step 10/240 | loss 0.7905 (avg 2.5531) | lr 0.002493 | seq 32
  [aml] step 20/240 | loss 4.5579 (avg 2.9067) | lr 0.002493 | seq 32
  [aml] step 30/240 | loss 1.7463 (avg 2.5037) | lr 0.002493 | seq 32
  [aml] step 40/240 | loss 1.1611 (avg 2.4831) | lr 0.002493 | seq 32
  [aml] step 50/240 | loss 1.0636 (avg 2.5252) | lr 0.002493 | seq 32
  [aml] step 60/240 | loss 1.5300 (avg 2.6543) | lr 0.002493 | seq 32
  [aml] step 70/240 | loss 0.5565 (avg 2.6611) | lr 0.002493 | seq 32
  [aml] step 80/240 | loss 1.2411 (avg 2.6187) | lr 0.002492 | seq 32
  [aml] step 90/240 | loss 0.7669 (avg 2.6013) | lr 0.002492 | seq 32
  [aml] step 100/240 | loss 1.5278 (avg 2.5913) | lr 0.002492 | seq 32
  [aml] step 110/240 | loss 4.5787 (avg 2.5341) | lr 0.002492 | seq 32
  [aml] step 120/240 | loss 4.0931 (avg 2.4996) | lr 0.002492 | seq 32
  [aml] step 130/240 | loss 4.0304 (avg 2.5228) | lr 0.002492 | seq 32
  [aml] step 140/240 | loss 1.1244 (avg 2.4685) | lr 0.002492 | seq 32
  [aml] step 150/240 | loss 0.8540 (avg 2.4407) | lr 0.002492 | seq 32
  [aml] step 160/240 | loss 1.3593 (avg 2.4538) | lr 0.002492 | seq 32
  [aml] step 170/240 | loss 0.9043 (avg 2.4583) | lr 0.002492 | seq 32
  [aml] step 180/240 | loss 1.6428 (avg 2.4252) | lr 0.002492 | seq 32
  [aml] step 190/240 | loss 4.2203 (avg 2.4619) | lr 0.002492 | seq 32
  [aml] step 200/240 | loss 1.4070 (avg 2.4806) | lr 0.002491 | seq 32
  [aml] step 210/240 | loss 4.5214 (avg 2.5276) | lr 0.002491 | seq 32
  [aml] step 220/240 | loss 1.0963 (avg 2.5164) | lr 0.002491 | seq 32
  [aml] step 230/240 | loss 0.6190 (avg 2.5013) | lr 0.002491 | seq 32
[aml] training complete: 240 steps, avg loss 2.5153 (memory freed)

[stage 2 — child] What it sounds like now:
  Q: Hello.
  A: The contrace slice aggregate internal to mainland by the in you can be
  Q: Who are you?
  A: ...
  Q: What do you know?
  A: ...

[init] Warmup complete at stage 2. Organism ready.
[ecology] First organism in the swarm.
molequla is alive. [evolution] Autonomous mode — background trainer running. Ctrl+C to stop.
[dna] earth wrote 239 bytes to ecology
[dna] earth wrote 94 bytes to ecology
[dna] earth wrote 37 bytes to ecology
[dna] earth wrote 38 bytes to ecology
[dna] earth wrote 133 bytes to ecology
[dna] earth wrote 63 bytes to ecology
[dna] earth wrote 104 bytes to ecology
[dna] earth wrote 64 bytes to ecology
[dna] earth wrote 58 bytes to ecology
[dna] earth wrote 67 bytes to ecology
[dna] earth wrote 133 bytes to ecology
[dna] earth wrote 64 bytes to ecology
[dna] earth wrote 88 bytes to ecology
[dna] earth wrote 174 bytes to ecology
[dna] earth wrote 59 bytes to ecology
[dna] earth wrote 125 bytes to ecology
[dna] earth wrote 86 bytes to ecology
[dna] earth wrote 18 bytes to ecology
[dna] earth wrote 329 bytes to ecology
[dna] earth wrote 23 bytes to ecology
[dna] earth wrote 48 bytes to ecology
[dna] earth wrote 210 bytes to ecology
[dna] earth wrote 116 bytes to ecology
[dna] earth wrote 38 bytes to ecology
[dna] earth wrote 167 bytes to ecology
[dna] earth wrote 91 bytes to ecology
[debug-onto] tick=50 corpus=173643 stage=2 freeze=0
[dna] earth wrote 117 bytes to ecology
[dna] earth wrote 97 bytes to ecology
[dna] earth wrote 41 bytes to ecology
[dna] earth wrote 30 bytes to ecology
[dna] earth wrote 9 bytes to ecology
[dna] earth wrote 28 bytes to ecology
[dna] earth wrote 91 bytes to ecology
[dna] earth wrote 16 bytes to ecology
[dna] earth wrote 29 bytes to ecology
[dna] earth wrote 39 bytes to ecology
[dna] earth wrote 231 bytes to ecology
[dna] earth wrote 74 bytes to ecology
[dna] earth wrote 48 bytes to ecology
[dna] earth wrote 7 bytes to ecology
[dna] earth wrote 166 bytes to ecology
[dna] earth wrote 57 bytes to ecology
[dna] earth wrote 131 bytes to ecology
[dna] earth wrote 80 bytes to ecology
[dna] earth wrote 35 bytes to ecology
[dna] earth wrote 29 bytes to ecology
[dna] earth wrote 34 bytes to ecology
[dna] earth wrote 105 bytes to ecology
[dna] earth wrote 111 bytes to ecology
[dna] earth wrote 45 bytes to ecology
[dna] earth wrote 93 bytes to ecology
[debug-onto] tick=100 corpus=173643 stage=2 freeze=0
[dna] earth wrote 161 bytes to ecology
[dna] earth wrote 53 bytes to ecology
[dna] earth wrote 34 bytes to ecology
[dna] earth wrote 80 bytes to ecology
[dna] earth wrote 252 bytes to ecology
[dna] earth wrote 36 bytes to ecology
[dna] earth wrote 74 bytes to ecology
[dna] earth wrote 13 bytes to ecology
[dna] earth wrote 45 bytes to ecology
[dna] earth wrote 8 bytes to ecology
[dna] earth wrote 28 bytes to ecology
[dna] earth wrote 95 bytes to ecology
[dna] earth wrote 15 bytes to ecology
[dna] earth wrote 21 bytes to ecology
[dna] earth wrote 97 bytes to ecology
[dna] earth wrote 91 bytes to ecology
[dna] earth wrote 33 bytes to ecology
[dna] earth wrote 35 bytes to ecology
[dna] earth wrote 42 bytes to ecology
[dna] earth wrote 83 bytes to ecology
[dna] earth wrote 121 bytes to ecology
[dna] earth wrote 21 bytes to ecology
[dna] earth wrote 36 bytes to ecology
[dna] earth wrote 71 bytes to ecology
[debug-onto] tick=150 corpus=173643 stage=2 freeze=0
[dna] earth wrote 62 bytes to ecology
[dna] earth wrote 97 bytes to ecology
[dna] earth wrote 115 bytes to ecology
[dna] earth wrote 174 bytes to ecology
[dna] earth wrote 36 bytes to ecology
[dna] earth wrote 23 bytes to ecology
[dna] earth wrote 128 bytes to ecology
[dna] earth wrote 36 bytes to ecology
[dna] earth wrote 53 bytes to ecology
[dna] earth wrote 86 bytes to ecology
[dna] earth wrote 38 bytes to ecology
[dna] earth wrote 104 bytes to ecology
[dna] earth wrote 179 bytes to ecology
[dna] earth wrote 241 bytes to ecology
[dna] earth wrote 63 bytes to ecology
[dna] earth wrote 59 bytes to ecology
[dna] earth wrote 134 bytes to ecology
[dna] earth wrote 51 bytes to ecology
[dna] earth wrote 52 bytes to ecology
[dna] earth wrote 71 bytes to ecology
[dna] earth wrote 85 bytes to ecology
[dna] earth wrote 71 bytes to ecology
[dna] earth wrote 73 bytes to ecology
[dna] earth wrote 42 bytes to ecology
[dna] earth wrote 61 bytes to ecology
[dna] earth wrote 230 bytes to ecology
[debug-onto] tick=200 corpus=173643 stage=2 freeze=0
[dna] earth wrote 30 bytes to ecology
[dna] earth wrote 137 bytes to ecology
[dna] earth wrote 237 bytes to ecology
[dna] earth wrote 11 bytes to ecology
[dna] earth wrote 48 bytes to ecology
[dna] earth wrote 114 bytes to ecology
[dna] earth wrote 36 bytes to ecology
[dna] earth wrote 177 bytes to ecology
[dna] earth wrote 45 bytes to ecology
[dna] earth wrote 185 bytes to ecology
[dna] earth wrote 31 bytes to ecology
[dna] earth wrote 79 bytes to ecology
[dna] earth wrote 109 bytes to ecology
[dna] earth wrote 59 bytes to ecology
[dna] earth wrote 62 bytes to ecology
[dna] earth wrote 60 bytes to ecology
[dna] earth wrote 128 bytes to ecology
[dna] earth wrote 53 bytes to ecology
[dna] earth wrote 68 bytes to ecology
[dna] earth wrote 36 bytes to ecology
[dna] earth wrote 70 bytes to ecology
[dna] earth wrote 132 bytes to ecology
[dna] earth wrote 52 bytes to ecology
[dna] earth wrote 131 bytes to ecology
[dna] earth wrote 63 bytes to ecology
[debug-onto] tick=250 corpus=173643 stage=2 freeze=0
[dna] earth wrote 167 bytes to ecology
[dna] earth wrote 156 bytes to ecology
[dna] earth wrote 57 bytes to ecology
[dna] earth wrote 37 bytes to ecology
[dna] earth wrote 14 bytes to ecology
[dna] earth wrote 53 bytes to ecology
[dna] earth wrote 66 bytes to ecology
[dna] earth wrote 64 bytes to ecology
[dna] earth wrote 51 bytes to ecology
[dna] earth wrote 161 bytes to ecology
[dna] earth wrote 110 bytes to ecology
[dna] earth wrote 189 bytes to ecology
[dna] earth wrote 37 bytes to ecology
[dna] earth wrote 171 bytes to ecology
[dna] earth wrote 23 bytes to ecology
[dna] earth wrote 75 bytes to ecology
[dna] earth wrote 75 bytes to ecology
[dna] earth wrote 148 bytes to ecology
[dna] earth wrote 21 bytes to ecology
[dna] earth wrote 42 bytes to ecology
[dna] earth wrote 55 bytes to ecology
[dna] earth wrote 70 bytes to ecology
[dna] earth wrote 86 bytes to ecology
[dna] earth wrote 46 bytes to ecology
[debug-onto] tick=300 corpus=173643 stage=2 freeze=0
[dna] earth wrote 205 bytes to ecology
[dna] earth wrote 56 bytes to ecology
[dna] earth wrote 73 bytes to ecology
[dna] earth wrote 27 bytes to ecology
[dna] earth wrote 46 bytes to ecology
[dna] earth wrote 58 bytes to ecology
[dna] earth wrote 96 bytes to ecology
[dna] earth wrote 75 bytes to ecology
[dna] earth wrote 135 bytes to ecology
[dna] earth wrote 132 bytes to ecology
[dna] earth wrote 59 bytes to ecology
[dna] earth wrote 30 bytes to ecology
[dna] earth wrote 46 bytes to ecology
[dna] earth wrote 18 bytes to ecology
[dna] earth wrote 51 bytes to ecology
[dna] earth wrote 56 bytes to ecology
[dna] earth wrote 52 bytes to ecology
[dna] earth wrote 79 bytes to ecology
[dna] earth wrote 10 bytes to ecology
[dna] earth wrote 54 bytes to ecology
[dna] earth wrote 44 bytes to ecology
[dna] earth wrote 159 bytes to ecology
[dna] earth wrote 36 bytes to ecology
[dna] earth wrote 30 bytes to ecology
[dna] earth wrote 53 bytes to ecology
[dna] earth wrote 168 bytes to ecology
[debug-onto] tick=350 corpus=173643 stage=2 freeze=0
[dna] earth wrote 65 bytes to ecology
[dna] earth wrote 112 bytes to ecology
[dna] earth wrote 114 bytes to ecology
[dna] earth wrote 45 bytes to ecology
[dna] earth wrote 144 bytes to ecology
[dna] earth wrote 35 bytes to ecology
[dna] earth wrote 184 bytes to ecology
[dna] earth wrote 34 bytes to ecology
[dna] earth wrote 92 bytes to ecology
[dna] earth wrote 275 bytes to ecology
[dna] earth wrote 80 bytes to ecology
[dna] earth wrote 93 bytes to ecology
[dna] earth wrote 23 bytes to ecology
[dna] earth wrote 29 bytes to ecology
[dna] earth wrote 37 bytes to ecology
[dna] earth wrote 74 bytes to ecology
[dna] earth wrote 108 bytes to ecology
[dna] earth wrote 92 bytes to ecology
[dna] earth wrote 35 bytes to ecology
[dna] earth wrote 28 bytes to ecology
[dna] earth wrote 74 bytes to ecology
[dna] earth wrote 76 bytes to ecology
[dna] earth wrote 123 bytes to ecology
[dna] earth wrote 69 bytes to ecology
[dna] earth wrote 64 bytes to ecology
[debug-onto] tick=400 corpus=173643 stage=2 freeze=0
[dna] earth wrote 106 bytes to ecology
[dna] earth wrote 45 bytes to ecology
[dna] earth wrote 49 bytes to ecology
[dna] earth wrote 32 bytes to ecology
[dna] earth wrote 66 bytes to ecology
[dna] earth wrote 60 bytes to ecology
[dna] earth wrote 35 bytes to ecology
[dna] earth wrote 81 bytes to ecology
[dna] earth wrote 37 bytes to ecology
[dna] earth wrote 55 bytes to ecology
[dna] earth wrote 94 bytes to ecology
[dna] earth wrote 102 bytes to ecology
[dna] earth wrote 59 bytes to ecology
[dna] earth wrote 35 bytes to ecology
[dna] earth wrote 52 bytes to ecology
[dna] earth wrote 86 bytes to ecology
[dna] earth wrote 49 bytes to ecology
[dna] earth wrote 40 bytes to ecology
[dna] earth wrote 54 bytes to ecology
[dna] earth wrote 135 bytes to ecology
[dna] earth wrote 79 bytes to ecology
[dna] earth wrote 52 bytes to ecology
[dna] earth wrote 49 bytes to ecology
[dna] earth wrote 58 bytes to ecology
[debug-onto] tick=450 corpus=173643 stage=2 freeze=0
[dna] earth wrote 17 bytes to ecology
[dna] earth wrote 73 bytes to ecology
[dna] earth wrote 96 bytes to ecology
[dna] earth wrote 147 bytes to ecology
[dna] earth wrote 70 bytes to ecology
[dna] earth wrote 19 bytes to ecology
[dna] earth wrote 25 bytes to ecology
[dna] earth wrote 24 bytes to ecology
[dna] earth wrote 130 bytes to ecology
[dna] earth wrote 51 bytes to ecology
[dna] earth wrote 123 bytes to ecology
[dna] earth wrote 70 bytes to ecology
[dna] earth wrote 54 bytes to ecology
[dna] earth wrote 39 bytes to ecology
[dna] earth wrote 27 bytes to ecology
[dna] earth wrote 95 bytes to ecology
[dna] earth wrote 125 bytes to ecology
[dna] earth wrote 91 bytes to ecology
[dna] earth wrote 61 bytes to ecology
[dna] earth wrote 254 bytes to ecology
[dna] earth wrote 30 bytes to ecology
[dna] earth wrote 46 bytes to ecology
[dna] earth wrote 41 bytes to ecology
[dna] earth wrote 46 bytes to ecology
[dna] earth wrote 53 bytes to ecology
[dna] earth wrote 27 bytes to ecology
[debug-onto] tick=500 corpus=173643 stage=2 freeze=0
[dna] earth wrote 69 bytes to ecology
[dna] earth wrote 91 bytes to ecology
[dna] earth wrote 47 bytes to ecology
[dna] earth wrote 33 bytes to ecology
[dna] earth wrote 51 bytes to ecology
[dna] earth wrote 33 bytes to ecology
[dna] earth wrote 213 bytes to ecology
[dna] earth wrote 36 bytes to ecology
[dna] earth wrote 140 bytes to ecology
[dna] earth wrote 28 bytes to ecology
[dna] earth wrote 113 bytes to ecology
[dna] earth wrote 105 bytes to ecology
[dna] earth wrote 75 bytes to ecology
[dna] earth wrote 59 bytes to ecology
[dna] earth wrote 59 bytes to ecology
[dna] earth wrote 11 bytes to ecology
[dna] earth wrote 111 bytes to ecology
[dna] earth wrote 113 bytes to ecology
[dna] earth wrote 249 bytes to ecology
[dna] earth wrote 91 bytes to ecology
[dna] earth wrote 26 bytes to ecology
[dna] earth wrote 87 bytes to ecology
[dna] earth wrote 24 bytes to ecology
[dna] earth wrote 47 bytes to ecology
[dna] earth wrote 24 bytes to ecology
[debug-onto] tick=550 corpus=173643 stage=2 freeze=0
[dna] earth wrote 69 bytes to ecology
[dna] earth wrote 75 bytes to ecology
[dna] earth wrote 28 bytes to ecology
[dna] earth wrote 95 bytes to ecology
[dna] earth wrote 44 bytes to ecology
[dna] earth wrote 32 bytes to ecology
[dna] earth wrote 130 bytes to ecology
[dna] earth wrote 104 bytes to ecology
[dna] earth wrote 96 bytes to ecology
[dna] earth wrote 11 bytes to ecology
[dna] earth wrote 35 bytes to ecology
[dna] earth wrote 41 bytes to ecology
[dna] earth wrote 36 bytes to ecology
[dna] earth wrote 92 bytes to ecology
[dna] earth wrote 144 bytes to ecology
[dna] earth wrote 34 bytes to ecology
[dna] earth wrote 52 bytes to ecology
[dna] earth wrote 88 bytes to ecology
[dna] earth wrote 41 bytes to ecology
[dna] earth wrote 83 bytes to ecology
[dna] earth wrote 31 bytes to ecology
[dna] earth wrote 31 bytes to ecology
[dna] earth wrote 37 bytes to ecology
[dna] earth wrote 269 bytes to ecology
[debug-onto] tick=600 corpus=173643 stage=2 freeze=0
[dna] earth wrote 82 bytes to ecology
[dna] earth wrote 75 bytes to ecology
[dna] earth wrote 45 bytes to ecology
[dna] earth wrote 30 bytes to ecology
[dna] earth wrote 28 bytes to ecology
[dna] earth wrote 130 bytes to ecology
[dna] earth wrote 146 bytes to ecology
[dna] earth wrote 134 bytes to ecology
[dna] earth wrote 46 bytes to ecology
[dna] earth wrote 40 bytes to ecology
[dna] earth wrote 111 bytes to ecology
[dna] earth wrote 93 bytes to ecology
[dna] earth wrote 69 bytes to ecology
[dna] earth wrote 68 bytes to ecology
[dna] earth wrote 84 bytes to ecology
[dna] earth wrote 31 bytes to ecology
[dna] earth wrote 32 bytes to ecology
[dna] earth wrote 93 bytes to ecology
[dna] earth wrote 211 bytes to ecology
[dna] earth wrote 111 bytes to ecology
[dna] earth wrote 6 bytes to ecology
[dna] earth wrote 54 bytes to ecology
[dna] earth wrote 61 bytes to ecology
[dna] earth wrote 40 bytes to ecology
[dna] earth wrote 30 bytes to ecology
[dna] earth wrote 49 bytes to ecology
[debug-onto] tick=650 corpus=173643 stage=2 freeze=0
[dna] earth wrote 9 bytes to ecology
[dna] earth wrote 90 bytes to ecology
[dna] earth wrote 36 bytes to ecology
[dna] earth wrote 148 bytes to ecology
[dna] earth wrote 33 bytes to ecology
[dna] earth wrote 111 bytes to ecology
[dna] earth wrote 248 bytes to ecology
[dna] earth wrote 56 bytes to ecology
[dna] earth wrote 203 bytes to ecology
[dna] earth wrote 27 bytes to ecology
[dna] earth wrote 112 bytes to ecology
[dna] earth wrote 70 bytes to ecology
[dna] earth wrote 116 bytes to ecology
[dna] earth wrote 44 bytes to ecology
[dna] earth wrote 54 bytes to ecology
[dna] earth wrote 114 bytes to ecology
[dna] earth wrote 95 bytes to ecology
[dna] earth wrote 45 bytes to ecology
[dna] earth wrote 102 bytes to ecology
[dna] earth wrote 45 bytes to ecology
[dna] earth wrote 43 bytes to ecology
[dna] earth wrote 142 bytes to ecology
[dna] earth wrote 51 bytes to ecology
[dna] earth wrote 42 bytes to ecology
[dna] earth wrote 79 bytes to ecology
[debug-onto] tick=700 corpus=173643 stage=2 freeze=0
[dna] earth wrote 143 bytes to ecology
[dna] earth wrote 48 bytes to ecology
[dna] earth wrote 9 bytes to ecology
[dna] earth wrote 48 bytes to ecology
[dna] earth wrote 49 bytes to ecology
[dna] earth wrote 107 bytes to ecology
[dna] earth wrote 196 bytes to ecology
[dna] earth wrote 325 bytes to ecology
[dna] earth wrote 60 bytes to ecology
[dna] earth wrote 78 bytes to ecology
[dna] earth wrote 35 bytes to ecology
[dna] earth wrote 98 bytes to ecology
[dna] earth wrote 214 bytes to ecology
[dna] earth wrote 180 bytes to ecology
[dna] earth wrote 64 bytes to ecology
[dna] earth wrote 203 bytes to ecology
[dna] earth wrote 136 bytes to ecology
[dna] earth wrote 132 bytes to ecology
[dna] earth wrote 120 bytes to ecology
[dna] earth wrote 81 bytes to ecology
[dna] earth wrote 65 bytes to ecology
[dna] earth wrote 30 bytes to ecology
[dna] earth wrote 42 bytes to ecology
[dna] earth wrote 70 bytes to ecology

[evolution] Organism shutting down gracefully.
