[ecology] Element: fire → corpus: nonames_fire.txt
[evolution] Autonomous evolution mode — organism will grow through all stages without pause.
[ecology] Joined swarm. 1 peer(s) detected.
molequla is alive. [evolution] Autonomous mode — background trainer running. Ctrl+C to stop.
[dna] fire wrote 58 bytes to ecology
[dna] fire consumed 20206 bytes from 351 files: [water/gen_1776150088_1.txt water/gen_1776150100_3.txt water/gen_1776150102_4.txt water/gen_1776150110_7.txt water/gen_1776150115_9.txt water/gen_1776150117_10.txt water/gen_1776150125_13.txt water/gen_1776150130_15.txt water/gen_1776150132_16.txt water/gen_1776150140_19.txt water/gen_1776150145_21.txt water/gen_1776150148_22.txt water/gen_1776150155_25.txt water/gen_1776150160_27.txt water/gen_1776150162_28.txt water/gen_1776150170_31.txt water/gen_1776150175_33.txt water/gen_1776150177_34.txt water/gen_1776150185_37.txt water/gen_1776150190_39.txt water/gen_1776150192_40.txt water/gen_1776150200_43.txt water/gen_1776150205_45.txt water/gen_1776150207_46.txt water/gen_1776150215_49.txt water/gen_1776150220_51.txt water/gen_1776150223_52.txt water/gen_1776150230_55.txt water/gen_1776150235_57.txt water/gen_1776150238_58.txt water/gen_1776150245_61.txt water/gen_1776150250_63.txt water/gen_1776150252_64.txt water/gen_1776150260_67.txt water/gen_1776150265_69.txt water/gen_1776150268_70.txt water/gen_1776150275_73.txt water/gen_1776150280_75.txt water/gen_1776150283_76.txt water/gen_1776150291_79.txt water/gen_1776150296_81.txt water/gen_1776150298_82.txt water/gen_1776150306_85.txt water/gen_1776150311_87.txt water/gen_1776150314_88.txt water/gen_1776150322_91.txt water/gen_1776150327_93.txt water/gen_1776150329_94.txt water/gen_1776150337_97.txt water/gen_1776150342_99.txt water/gen_1776150345_100.txt water/gen_1776150353_103.txt water/gen_1776150358_105.txt water/gen_1776150360_106.txt water/gen_1776150368_109.txt water/gen_1776150376_112.txt water/gen_1776150383_115.txt water/gen_1776150389_117.txt water/gen_1776150391_118.txt water/gen_1776150399_121.txt water/gen_1776150404_123.txt water/gen_1776150406_124.txt water/gen_1776150414_127.txt water/gen_1776150419_129.txt water/gen_1776150421_130.txt water/gen_1776150429_133.txt water/gen_1776150434_135.txt water/gen_1776150437_136.txt water/gen_1776150445_139.txt water/gen_1776150450_141.txt water/gen_1776150452_142.txt water/gen_1776150460_145.txt water/gen_1776150465_147.txt water/gen_1776150467_148.txt water/gen_1776150475_151.txt water/gen_1776150480_153.txt water/gen_1776150483_154.txt water/gen_1776150490_157.txt water/gen_1776150495_159.txt water/gen_1776150498_160.txt water/gen_1776150505_163.txt water/gen_1776150510_165.txt water/gen_1776150513_166.txt water/gen_1776150520_169.txt water/gen_1776150525_171.txt water/gen_1776150528_172.txt water/gen_1776150535_175.txt water/gen_1776150540_177.txt water/gen_1776150543_178.txt water/gen_1776150550_181.txt water/gen_1776150555_183.txt water/gen_1776150558_184.txt water/gen_1776150565_187.txt water/gen_1776150570_189.txt water/gen_1776150573_190.txt water/gen_1776150580_193.txt water/gen_1776150585_195.txt water/gen_1776150588_196.txt water/gen_1776150595_199.txt water/gen_1776150600_201.txt water/gen_1776150603_202.txt water/gen_1776150610_205.txt water/gen_1776150615_207.txt water/gen_1776150618_208.txt water/gen_1776150626_211.txt water/gen_1776150631_213.txt water/gen_1776150633_214.txt water/gen_1776150641_217.txt water/gen_1776150646_219.txt water/gen_1776150649_220.txt water/gen_1776150656_223.txt water/gen_1776150661_225.txt water/gen_1776150664_226.txt water/gen_1776150671_229.txt water/gen_1776150677_231.txt water/gen_1776150679_232.txt water/gen_1776150687_235.txt water/gen_1776150692_237.txt water/gen_1776150694_238.txt water/gen_1776150702_241.txt water/gen_1776150707_243.txt water/gen_1776150709_244.txt water/gen_1776150717_247.txt water/gen_1776150722_249.txt water/gen_1776150725_250.txt water/gen_1776150732_253.txt water/gen_1776150737_255.txt water/gen_1776150740_256.txt water/gen_1776150747_259.txt water/gen_1776150752_261.txt water/gen_1776150755_262.txt water/gen_1776150763_265.txt water/gen_1776150768_267.txt water/gen_1776150770_268.txt water/gen_1776150778_271.txt water/gen_1776150783_273.txt water/gen_1776150785_274.txt water/gen_1776150793_277.txt water/gen_1776150798_279.txt water/gen_1776150800_280.txt water/gen_1776150808_283.txt water/gen_1776150813_285.txt water/gen_1776150815_286.txt water/gen_1776150823_289.txt water/gen_1776150828_291.txt water/gen_1776150831_292.txt water/gen_1776150838_295.txt water/gen_1776150843_297.txt water/gen_1776150846_298.txt water/gen_1776150853_301.txt water/gen_1776150859_303.txt water/gen_1776150861_304.txt water/gen_1776150869_307.txt water/gen_1776150874_309.txt water/gen_1776150876_310.txt water/gen_1776150884_313.txt water/gen_1776150889_315.txt water/gen_1776150891_316.txt water/gen_1776150899_319.txt water/gen_1776150904_321.txt water/gen_1776150907_322.txt water/gen_1776150914_325.txt water/gen_1776150919_327.txt water/gen_1776150922_328.txt water/gen_1776150929_331.txt water/gen_1776150934_333.txt water/gen_1776150937_334.txt water/gen_1776150944_337.txt water/gen_1776150949_339.txt water/gen_1776150952_340.txt water/gen_1776150959_343.txt water/gen_1776150964_345.txt water/gen_1776150967_346.txt water/gen_1776150974_349.txt water/gen_1776150979_351.txt water/gen_1776150982_352.txt water/gen_1776150989_355.txt water/gen_1776150994_357.txt water/gen_1776150997_358.txt water/gen_1776151004_361.txt water/gen_1776151010_363.txt water/gen_1776151012_364.txt water/gen_1776151020_367.txt water/gen_1776151025_369.txt water/gen_1776151027_370.txt water/gen_1776151035_373.txt water/gen_1776151040_375.txt water/gen_1776151042_376.txt water/gen_1776151050_379.txt water/gen_1776151055_381.txt water/gen_1776151058_382.txt water/gen_1776151066_385.txt water/gen_1776151071_387.txt water/gen_1776151073_388.txt water/gen_1776151081_391.txt water/gen_1776151086_393.txt water/gen_1776151089_394.txt water/gen_1776151097_397.txt water/gen_1776151102_399.txt water/gen_1776151104_400.txt water/gen_1776151112_403.txt water/gen_1776151117_405.txt water/gen_1776151120_406.txt water/gen_1776151128_409.txt water/gen_1776151133_411.txt water/gen_1776151135_412.txt water/gen_1776151143_415.txt water/gen_1776151148_417.txt water/gen_1776151150_418.txt water/gen_1776151158_421.txt water/gen_1776151163_423.txt water/gen_1776151166_424.txt water/gen_1776151173_427.txt water/gen_1776151178_429.txt water/gen_1776151181_430.txt water/gen_1776151188_433.txt water/gen_1776151193_435.txt water/gen_1776151196_436.txt water/gen_1776151204_439.txt water/gen_1776151209_441.txt water/gen_1776151211_442.txt water/gen_1776151219_445.txt water/gen_1776151224_447.txt water/gen_1776151226_448.txt water/gen_1776151234_451.txt water/gen_1776151239_453.txt water/gen_1776151242_454.txt water/gen_1776151249_457.txt water/gen_1776151254_459.txt water/gen_1776151257_460.txt water/gen_1776151264_463.txt water/gen_1776151269_465.txt water/gen_1776151272_466.txt water/gen_1776151279_469.txt water/gen_1776151284_471.txt water/gen_1776151287_472.txt water/gen_1776151295_475.txt water/gen_1776151300_477.txt water/gen_1776151302_478.txt water/gen_1776151310_481.txt water/gen_1776151315_483.txt water/gen_1776151317_484.txt water/gen_1776151325_487.txt water/gen_1776151330_489.txt water/gen_1776151333_490.txt water/gen_1776151340_493.txt water/gen_1776151346_495.txt water/gen_1776151348_496.txt water/gen_1776151356_499.txt water/gen_1776151361_501.txt water/gen_1776151363_502.txt water/gen_1776151371_505.txt water/gen_1776151376_507.txt water/gen_1776151379_508.txt water/gen_1776151386_511.txt water/gen_1776151392_513.txt water/gen_1776151394_514.txt water/gen_1776151402_517.txt water/gen_1776151407_519.txt water/gen_1776151410_520.txt water/gen_1776151417_523.txt water/gen_1776151422_525.txt water/gen_1776151425_526.txt water/gen_1776151432_529.txt water/gen_1776151437_531.txt water/gen_1776151440_532.txt water/gen_1776151448_535.txt water/gen_1776151453_537.txt water/gen_1776151455_538.txt water/gen_1776151463_541.txt water/gen_1776151468_543.txt water/gen_1776151470_544.txt water/gen_1776151478_547.txt water/gen_1776151486_550.txt water/gen_1776151493_553.txt water/gen_1776151498_555.txt water/gen_1776151500_556.txt water/gen_1776151508_559.txt water/gen_1776151513_561.txt water/gen_1776151516_562.txt water/gen_1776151524_565.txt water/gen_1776151529_567.txt water/gen_1776151532_568.txt water/gen_1776151539_571.txt water/gen_1776151544_573.txt water/gen_1776151547_574.txt water/gen_1776151555_577.txt water/gen_1776151560_579.txt water/gen_1776151562_580.txt water/gen_1776151570_583.txt water/gen_1776151575_585.txt water/gen_1776151578_586.txt water/gen_1776151586_589.txt water/gen_1776151591_591.txt water/gen_1776151593_592.txt water/gen_1776151601_595.txt water/gen_1776151606_597.txt water/gen_1776151609_598.txt water/gen_1776151617_601.txt water/gen_1776151622_603.txt water/gen_1776151624_604.txt water/gen_1776151632_607.txt water/gen_1776151637_609.txt water/gen_1776151639_610.txt water/gen_1776151647_613.txt water/gen_1776151655_616.txt water/gen_1776151662_619.txt water/gen_1776151668_621.txt water/gen_1776151670_622.txt water/gen_1776151678_625.txt water/gen_1776151683_627.txt water/gen_1776151685_628.txt water/gen_1776151693_631.txt water/gen_1776151698_633.txt water/gen_1776151701_634.txt water/gen_1776151708_637.txt water/gen_1776151713_639.txt water/gen_1776151716_640.txt water/gen_1776151723_643.txt water/gen_1776151728_645.txt water/gen_1776151731_646.txt water/gen_1776151738_649.txt water/gen_1776151743_651.txt water/gen_1776151746_652.txt water/gen_1776151753_655.txt water/gen_1776151758_657.txt water/gen_1776151761_658.txt water/gen_1776151768_661.txt water/gen_1776151773_663.txt water/gen_1776151775_664.txt water/gen_1776151783_667.txt water/gen_1776151788_669.txt water/gen_1776151790_670.txt water/gen_1776151797_673.txt water/gen_1776151802_675.txt water/gen_1776151805_676.txt water/gen_1776151812_679.txt water/gen_1776151817_681.txt water/gen_1776151820_682.txt water/gen_1776151827_685.txt water/gen_1776151832_687.txt water/gen_1776151835_688.txt water/gen_1776151842_691.txt water/gen_1776151847_693.txt water/gen_1776151850_694.txt water/gen_1776151857_697.txt water/gen_1776151862_699.txt water/gen_1776151864_700.txt water/gen_1776151872_703.txt water/gen_1776151877_705.txt water/gen_1776151879_706.txt]
[trainer] micro-train burst (20206 bytes, novelty 0.03) — and lo, it feeds again.
[syntropy] action=explore | trend=0.0000 | field_dev=0.052 | purpose_align=0.034 | lr_mul=1.30
[aml] burst complete: 32 steps, avg loss 1.6118 (memory freed)
[trainer] growing new delta module (total: 2) — new soul appended.
[dna] fire wrote 39 bytes to ecology
[dna] fire wrote 77 bytes to ecology
[dna] fire wrote 89 bytes to ecology
[dna] fire wrote 33 bytes to ecology
[dna] fire wrote 46 bytes to ecology
[dna] fire wrote 47 bytes to ecology
[dna] fire wrote 12 bytes to ecology
[dna] fire wrote 22 bytes to ecology
[dna] fire wrote 175 bytes to ecology
[dna] fire wrote 20 bytes to ecology
[dna] fire wrote 35 bytes to ecology
[dna] fire wrote 127 bytes to ecology
[dna] fire wrote 55 bytes to ecology
[dna] fire wrote 89 bytes to ecology
[dna] fire wrote 71 bytes to ecology
[dna] fire wrote 18 bytes to ecology
[dna] fire wrote 49 bytes to ecology
[dna] fire wrote 86 bytes to ecology
[dna] fire wrote 118 bytes to ecology
[dna] fire wrote 28 bytes to ecology
[dna] fire wrote 40 bytes to ecology
[dna] fire wrote 21 bytes to ecology
[dna] fire wrote 23 bytes to ecology
[debug-onto] tick=50 corpus=142457 stage=2 freeze=0
[dna] fire wrote 164 bytes to ecology
[dna] fire wrote 109 bytes to ecology
[dna] fire wrote 117 bytes to ecology
[dna] fire wrote 42 bytes to ecology
[dna] fire wrote 44 bytes to ecology
[dna] fire wrote 101 bytes to ecology
[dna] fire wrote 33 bytes to ecology
[dna] fire wrote 84 bytes to ecology
[dna] fire wrote 44 bytes to ecology
[dna] fire wrote 28 bytes to ecology
[dna] fire wrote 62 bytes to ecology
[dna] fire wrote 116 bytes to ecology
[dna] fire wrote 132 bytes to ecology
[dna] fire wrote 97 bytes to ecology
[dna] fire wrote 81 bytes to ecology
[dna] fire wrote 76 bytes to ecology
[dna] fire wrote 96 bytes to ecology
[dna] fire wrote 66 bytes to ecology
[dna] fire wrote 35 bytes to ecology
[dna] fire wrote 13 bytes to ecology
[dna] fire wrote 77 bytes to ecology
[dna] fire wrote 42 bytes to ecology
[dna] fire wrote 14 bytes to ecology
[dna] fire wrote 34 bytes to ecology
[debug-onto] tick=100 corpus=142457 stage=2 freeze=0
[dna] fire wrote 17 bytes to ecology
[dna] fire wrote 112 bytes to ecology
[dna] fire wrote 98 bytes to ecology
[dna] fire wrote 51 bytes to ecology
[dna] fire wrote 103 bytes to ecology
[dna] fire wrote 24 bytes to ecology
[dna] fire wrote 169 bytes to ecology
[dna] fire wrote 35 bytes to ecology
[dna] fire wrote 55 bytes to ecology
[dna] fire wrote 101 bytes to ecology
[dna] fire wrote 115 bytes to ecology
[dna] fire wrote 44 bytes to ecology
[dna] fire wrote 45 bytes to ecology
[dna] fire wrote 80 bytes to ecology
[dna] fire wrote 13 bytes to ecology
[dna] fire wrote 61 bytes to ecology
[dna] fire wrote 48 bytes to ecology
[dna] fire wrote 33 bytes to ecology
[dna] fire wrote 122 bytes to ecology
[dna] fire wrote 33 bytes to ecology
[debug-onto] tick=150 corpus=142457 stage=2 freeze=0
[dna] fire wrote 71 bytes to ecology
[dna] fire wrote 44 bytes to ecology
[dna] fire wrote 13 bytes to ecology
[dna] fire wrote 68 bytes to ecology
[dna] fire wrote 71 bytes to ecology
[dna] fire wrote 132 bytes to ecology
[dna] fire wrote 50 bytes to ecology
[dna] fire wrote 59 bytes to ecology
[dna] fire wrote 14 bytes to ecology
[dna] fire wrote 87 bytes to ecology
[dna] fire wrote 16 bytes to ecology
[dna] fire wrote 42 bytes to ecology
[dna] fire wrote 45 bytes to ecology
[dna] fire wrote 79 bytes to ecology
[dna] fire wrote 119 bytes to ecology
[dna] fire wrote 70 bytes to ecology
[dna] fire wrote 32 bytes to ecology
[dna] fire wrote 72 bytes to ecology
[dna] fire wrote 45 bytes to ecology
[dna] fire wrote 117 bytes to ecology
[dna] fire wrote 42 bytes to ecology
[dna] fire wrote 6 bytes to ecology
[dna] fire wrote 68 bytes to ecology
[debug-onto] tick=200 corpus=142457 stage=2 freeze=0
[dna] fire wrote 30 bytes to ecology
[dna] fire wrote 22 bytes to ecology
[dna] fire wrote 66 bytes to ecology
[dna] fire wrote 90 bytes to ecology
[dna] fire wrote 80 bytes to ecology
[dna] fire wrote 51 bytes to ecology
[dna] fire wrote 28 bytes to ecology
[dna] fire wrote 35 bytes to ecology
[dna] fire wrote 60 bytes to ecology
[dna] fire wrote 130 bytes to ecology
[dna] fire wrote 67 bytes to ecology
[dna] fire wrote 81 bytes to ecology
[dna] fire wrote 67 bytes to ecology
[dna] fire wrote 49 bytes to ecology
[dna] fire wrote 19 bytes to ecology
[dna] fire wrote 46 bytes to ecology
[dna] fire wrote 28 bytes to ecology
[dna] fire wrote 6 bytes to ecology
[dna] fire wrote 72 bytes to ecology
[dna] fire wrote 62 bytes to ecology
[dna] fire wrote 64 bytes to ecology
[dna] fire wrote 61 bytes to ecology
[dna] fire wrote 119 bytes to ecology
[dna] fire wrote 88 bytes to ecology
[debug-onto] tick=250 corpus=142457 stage=2 freeze=0
[dna] fire wrote 63 bytes to ecology
[dna] fire wrote 60 bytes to ecology
[dna] fire wrote 36 bytes to ecology
[dna] fire wrote 70 bytes to ecology
[dna] fire wrote 177 bytes to ecology
[dna] fire wrote 97 bytes to ecology
[dna] fire wrote 93 bytes to ecology
[dna] fire wrote 20 bytes to ecology
[dna] fire wrote 31 bytes to ecology
[dna] fire wrote 111 bytes to ecology
[dna] fire wrote 90 bytes to ecology
[dna] fire wrote 21 bytes to ecology
[dna] fire wrote 149 bytes to ecology
[dna] fire wrote 40 bytes to ecology
[dna] fire wrote 88 bytes to ecology
[dna] fire wrote 41 bytes to ecology
[dna] fire wrote 53 bytes to ecology
[dna] fire wrote 105 bytes to ecology
[dna] fire wrote 87 bytes to ecology
[dna] fire wrote 64 bytes to ecology
[dna] fire wrote 296 bytes to ecology
[dna] fire wrote 49 bytes to ecology
[debug-onto] tick=300 corpus=142457 stage=2 freeze=0
[dna] fire wrote 105 bytes to ecology
[dna] fire wrote 38 bytes to ecology
[dna] fire wrote 34 bytes to ecology
[dna] fire wrote 74 bytes to ecology
[dna] fire wrote 188 bytes to ecology
[dna] fire wrote 57 bytes to ecology
[dna] fire wrote 114 bytes to ecology
[dna] fire wrote 17 bytes to ecology
[dna] fire wrote 119 bytes to ecology
[dna] fire wrote 120 bytes to ecology
[dna] fire wrote 22 bytes to ecology
[dna] fire wrote 98 bytes to ecology
[dna] fire wrote 44 bytes to ecology
[dna] fire wrote 38 bytes to ecology
[dna] fire wrote 119 bytes to ecology
[dna] fire wrote 28 bytes to ecology
[dna] fire wrote 27 bytes to ecology
[dna] fire wrote 76 bytes to ecology
[dna] fire wrote 41 bytes to ecology
[dna] fire wrote 71 bytes to ecology
[dna] fire wrote 8 bytes to ecology
[debug-onto] tick=350 corpus=142457 stage=2 freeze=0
[dna] fire wrote 24 bytes to ecology
[dna] fire wrote 113 bytes to ecology
[dna] fire wrote 107 bytes to ecology
[dna] fire wrote 114 bytes to ecology
[dna] fire wrote 19 bytes to ecology
[dna] fire wrote 93 bytes to ecology
[dna] fire wrote 52 bytes to ecology
[dna] fire wrote 53 bytes to ecology
[dna] fire wrote 70 bytes to ecology
[dna] fire wrote 68 bytes to ecology
[dna] fire wrote 131 bytes to ecology
[dna] fire wrote 45 bytes to ecology
[dna] fire wrote 27 bytes to ecology
[dna] fire wrote 127 bytes to ecology
[dna] fire wrote 153 bytes to ecology
[dna] fire wrote 59 bytes to ecology
[dna] fire wrote 91 bytes to ecology
[dna] fire wrote 78 bytes to ecology
[dna] fire wrote 83 bytes to ecology
[dna] fire wrote 87 bytes to ecology
[dna] fire wrote 21 bytes to ecology
[dna] fire wrote 43 bytes to ecology
[debug-onto] tick=400 corpus=142457 stage=2 freeze=0
[dna] fire wrote 41 bytes to ecology
[dna] fire wrote 129 bytes to ecology
[dna] fire wrote 31 bytes to ecology
[dna] fire wrote 194 bytes to ecology
[dna] fire wrote 104 bytes to ecology
[dna] fire wrote 33 bytes to ecology
[dna] fire wrote 43 bytes to ecology
[dna] fire wrote 72 bytes to ecology
[dna] fire wrote 97 bytes to ecology
[dna] fire wrote 83 bytes to ecology
[dna] fire wrote 43 bytes to ecology
[dna] fire wrote 27 bytes to ecology
[dna] fire wrote 21 bytes to ecology
[dna] fire wrote 34 bytes to ecology
[dna] fire wrote 25 bytes to ecology
[dna] fire wrote 77 bytes to ecology
[dna] fire wrote 15 bytes to ecology
[dna] fire wrote 61 bytes to ecology
[dna] fire wrote 56 bytes to ecology
[dna] fire wrote 72 bytes to ecology
[dna] fire wrote 12 bytes to ecology
[dna] fire wrote 211 bytes to ecology
[debug-onto] tick=450 corpus=142457 stage=2 freeze=0
[dna] fire wrote 52 bytes to ecology
[dna] fire wrote 166 bytes to ecology
[dna] fire wrote 113 bytes to ecology
[dna] fire wrote 18 bytes to ecology
[dna] fire wrote 129 bytes to ecology
[dna] fire wrote 39 bytes to ecology
[dna] fire wrote 11 bytes to ecology
[dna] fire wrote 38 bytes to ecology
[dna] fire wrote 92 bytes to ecology
[dna] fire wrote 30 bytes to ecology
[dna] fire wrote 46 bytes to ecology
[dna] fire wrote 91 bytes to ecology
[dna] fire wrote 167 bytes to ecology
[dna] fire wrote 106 bytes to ecology
[dna] fire wrote 44 bytes to ecology
[dna] fire wrote 136 bytes to ecology
[dna] fire wrote 118 bytes to ecology
[dna] fire wrote 52 bytes to ecology
[dna] fire wrote 80 bytes to ecology
[dna] fire wrote 54 bytes to ecology
[dna] fire wrote 145 bytes to ecology
[debug-onto] tick=500 corpus=142457 stage=2 freeze=0
[dna] fire wrote 35 bytes to ecology
[dna] fire wrote 157 bytes to ecology
[dna] fire wrote 184 bytes to ecology
[dna] fire wrote 65 bytes to ecology
[dna] fire wrote 58 bytes to ecology
[dna] fire wrote 85 bytes to ecology
[dna] fire wrote 50 bytes to ecology
[dna] fire wrote 25 bytes to ecology
[dna] fire wrote 31 bytes to ecology
[dna] fire wrote 81 bytes to ecology
[dna] fire wrote 36 bytes to ecology
[dna] fire wrote 54 bytes to ecology
[dna] fire wrote 27 bytes to ecology
[dna] fire wrote 15 bytes to ecology
[dna] fire wrote 8 bytes to ecology
[dna] fire wrote 39 bytes to ecology
[dna] fire wrote 52 bytes to ecology
[dna] fire wrote 30 bytes to ecology
[dna] fire wrote 29 bytes to ecology
[dna] fire wrote 31 bytes to ecology
[dna] fire wrote 39 bytes to ecology
[dna] fire wrote 177 bytes to ecology
[dna] fire wrote 41 bytes to ecology
[dna] fire wrote 81 bytes to ecology
[dna] fire wrote 53 bytes to ecology
[dna] fire wrote 48 bytes to ecology
[debug-onto] tick=550 corpus=142457 stage=2 freeze=0
[dna] fire wrote 22 bytes to ecology
[dna] fire wrote 59 bytes to ecology
[dna] fire wrote 86 bytes to ecology
[dna] fire wrote 114 bytes to ecology
[dna] fire wrote 84 bytes to ecology
[dna] fire wrote 35 bytes to ecology
[dna] fire wrote 112 bytes to ecology
[dna] fire wrote 76 bytes to ecology
[dna] fire wrote 53 bytes to ecology
[dna] fire wrote 83 bytes to ecology
[dna] fire wrote 105 bytes to ecology
[dna] fire wrote 60 bytes to ecology
[dna] fire wrote 156 bytes to ecology
[dna] fire wrote 50 bytes to ecology
[dna] fire wrote 185 bytes to ecology
[dna] fire wrote 24 bytes to ecology
[dna] fire wrote 93 bytes to ecology
[dna] fire wrote 62 bytes to ecology
[dna] fire wrote 55 bytes to ecology
[dna] fire wrote 139 bytes to ecology
[debug-onto] tick=600 corpus=142457 stage=2 freeze=0
[dna] fire wrote 48 bytes to ecology
[dna] fire wrote 34 bytes to ecology
[dna] fire wrote 76 bytes to ecology
[dna] fire wrote 44 bytes to ecology
[dna] fire wrote 56 bytes to ecology
[dna] fire wrote 59 bytes to ecology
[dna] fire wrote 64 bytes to ecology
[dna] fire wrote 82 bytes to ecology
[dna] fire wrote 22 bytes to ecology
[dna] fire wrote 31 bytes to ecology
[dna] fire wrote 70 bytes to ecology
[dna] fire wrote 67 bytes to ecology
[dna] fire wrote 100 bytes to ecology
[dna] fire wrote 98 bytes to ecology
[dna] fire wrote 55 bytes to ecology
[dna] fire wrote 139 bytes to ecology
[dna] fire wrote 36 bytes to ecology
[dna] fire wrote 66 bytes to ecology
[dna] fire wrote 285 bytes to ecology
[dna] fire wrote 43 bytes to ecology
[dna] fire wrote 45 bytes to ecology
[dna] fire wrote 19 bytes to ecology
[dna] fire wrote 59 bytes to ecology
[dna] fire wrote 114 bytes to ecology
[dna] fire wrote 85 bytes to ecology
[debug-onto] tick=650 corpus=142457 stage=2 freeze=0
[dna] fire wrote 47 bytes to ecology
[dna] fire wrote 28 bytes to ecology
[dna] fire wrote 96 bytes to ecology
[dna] fire wrote 60 bytes to ecology
[dna] fire wrote 83 bytes to ecology
[dna] fire wrote 110 bytes to ecology
[dna] fire wrote 69 bytes to ecology
[dna] fire wrote 19 bytes to ecology
[dna] fire wrote 51 bytes to ecology
[dna] fire wrote 33 bytes to ecology
[dna] fire wrote 37 bytes to ecology
[dna] fire wrote 23 bytes to ecology
[dna] fire wrote 7 bytes to ecology
[dna] fire wrote 58 bytes to ecology
[dna] fire wrote 105 bytes to ecology
[dna] fire wrote 19 bytes to ecology
[dna] fire wrote 37 bytes to ecology
[dna] fire wrote 31 bytes to ecology
[dna] fire wrote 54 bytes to ecology
[debug-onto] tick=700 corpus=142457 stage=2 freeze=0
[dna] fire wrote 81 bytes to ecology
[dna] fire wrote 83 bytes to ecology
[dna] fire wrote 186 bytes to ecology
[dna] fire wrote 41 bytes to ecology
[dna] fire wrote 73 bytes to ecology
[dna] fire wrote 49 bytes to ecology
[dna] fire wrote 73 bytes to ecology

[evolution] Organism shutting down gracefully.
