[ecology] Element: water → corpus: nonames_water.txt
[evolution] Autonomous evolution mode — organism will grow through all stages without pause.
[ecology] Joined swarm. 1 peer(s) detected.
molequla is alive. [evolution] Autonomous mode — background trainer running. Ctrl+C to stop.
[dna] water wrote 31 bytes to ecology
[dna] water consumed 17268 bytes from 258 files: [air/gen_1776148288_1.txt air/gen_1776148302_3.txt air/gen_1776148305_4.txt air/gen_1776148313_7.txt air/gen_1776148320_10.txt air/gen_1776148328_13.txt air/gen_1776148336_16.txt air/gen_1776148344_19.txt air/gen_1776148352_22.txt air/gen_1776148360_25.txt air/gen_1776148368_28.txt air/gen_1776148376_31.txt air/gen_1776148384_34.txt air/gen_1776148392_37.txt air/gen_1776148400_40.txt air/gen_1776148408_43.txt air/gen_1776148415_46.txt air/gen_1776148423_49.txt air/gen_1776148429_51.txt air/gen_1776148431_52.txt air/gen_1776148439_55.txt air/gen_1776148447_58.txt air/gen_1776148455_61.txt air/gen_1776148463_64.txt air/gen_1776148471_67.txt air/gen_1776148479_70.txt air/gen_1776148487_73.txt air/gen_1776148494_76.txt air/gen_1776148502_79.txt air/gen_1776148510_82.txt air/gen_1776148517_85.txt air/gen_1776148525_88.txt air/gen_1776148533_91.txt air/gen_1776148541_94.txt air/gen_1776148548_97.txt air/gen_1776148556_100.txt air/gen_1776148564_103.txt air/gen_1776148572_106.txt air/gen_1776148580_109.txt air/gen_1776148588_112.txt air/gen_1776148595_115.txt air/gen_1776148603_118.txt air/gen_1776148611_121.txt air/gen_1776148619_124.txt air/gen_1776148626_127.txt air/gen_1776148634_130.txt air/gen_1776148642_133.txt air/gen_1776148649_136.txt air/gen_1776148657_139.txt air/gen_1776148665_142.txt air/gen_1776148673_145.txt air/gen_1776148680_148.txt air/gen_1776148688_151.txt air/gen_1776148696_154.txt air/gen_1776148704_157.txt air/gen_1776148712_160.txt air/gen_1776148719_163.txt air/gen_1776148727_166.txt air/gen_1776148735_169.txt air/gen_1776148740_171.txt air/gen_1776148743_172.txt air/gen_1776148751_175.txt air/gen_1776148756_177.txt air/gen_1776148758_178.txt air/gen_1776148766_181.txt air/gen_1776148774_184.txt air/gen_1776148782_187.txt air/gen_1776148789_190.txt air/gen_1776148797_193.txt air/gen_1776148805_196.txt air/gen_1776148813_199.txt air/gen_1776148818_201.txt air/gen_1776148820_202.txt air/gen_1776148828_205.txt air/gen_1776148835_208.txt air/gen_1776148843_211.txt air/gen_1776148848_213.txt air/gen_1776148851_214.txt air/gen_1776148858_217.txt air/gen_1776148866_220.txt air/gen_1776148874_223.txt air/gen_1776148879_225.txt air/gen_1776148881_226.txt air/gen_1776148889_229.txt air/gen_1776148894_231.txt air/gen_1776148897_232.txt air/gen_1776148905_235.txt air/gen_1776148910_237.txt air/gen_1776148912_238.txt air/gen_1776148920_241.txt air/gen_1776148928_244.txt air/gen_1776148936_247.txt air/gen_1776148943_250.txt air/gen_1776148951_253.txt air/gen_1776148959_256.txt air/gen_1776148967_259.txt air/gen_1776148975_262.txt air/gen_1776148982_265.txt air/gen_1776148988_267.txt air/gen_1776148990_268.txt air/gen_1776148998_271.txt air/gen_1776149006_274.txt air/gen_1776149013_277.txt air/gen_1776149021_280.txt air/gen_1776149029_283.txt air/gen_1776149037_286.txt air/gen_1776149045_289.txt air/gen_1776149053_292.txt air/gen_1776149061_295.txt air/gen_1776149068_298.txt air/gen_1776149076_301.txt air/gen_1776149081_303.txt air/gen_1776149084_304.txt air/gen_1776149092_307.txt air/gen_1776149100_310.txt air/gen_1776149107_313.txt air/gen_1776149115_316.txt air/gen_1776149123_319.txt air/gen_1776149131_322.txt air/gen_1776149139_325.txt air/gen_1776149144_327.txt air/gen_1776149146_328.txt air/gen_1776149154_331.txt air/gen_1776149162_334.txt air/gen_1776149170_337.txt air/gen_1776149175_339.txt air/gen_1776149178_340.txt air/gen_1776149185_343.txt air/gen_1776149193_346.txt air/gen_1776149201_349.txt air/gen_1776149208_352.txt air/gen_1776149216_355.txt air/gen_1776149223_358.txt air/gen_1776149231_361.txt air/gen_1776149239_364.txt air/gen_1776149247_367.txt air/gen_1776149252_369.txt air/gen_1776149254_370.txt air/gen_1776149262_373.txt air/gen_1776149270_376.txt air/gen_1776149278_379.txt air/gen_1776149283_381.txt air/gen_1776149286_382.txt air/gen_1776149293_385.txt air/gen_1776149301_388.txt air/gen_1776149309_391.txt air/gen_1776149317_394.txt air/gen_1776149325_397.txt air/gen_1776149330_399.txt air/gen_1776149332_400.txt air/gen_1776149340_403.txt air/gen_1776149345_405.txt air/gen_1776149348_406.txt air/gen_1776149356_409.txt air/gen_1776149361_411.txt air/gen_1776149363_412.txt air/gen_1776149371_415.txt air/gen_1776149379_418.txt air/gen_1776149387_421.txt air/gen_1776149395_424.txt air/gen_1776149402_427.txt air/gen_1776149407_429.txt air/gen_1776149410_430.txt air/gen_1776149418_433.txt air/gen_1776149423_435.txt air/gen_1776149425_436.txt air/gen_1776149433_439.txt air/gen_1776149441_442.txt air/gen_1776149449_445.txt air/gen_1776149456_448.txt air/gen_1776149464_451.txt air/gen_1776149472_454.txt air/gen_1776149479_457.txt air/gen_1776149485_459.txt air/gen_1776149487_460.txt air/gen_1776149495_463.txt air/gen_1776149503_466.txt air/gen_1776149510_469.txt air/gen_1776149518_472.txt air/gen_1776149526_475.txt air/gen_1776149534_478.txt air/gen_1776149541_481.txt air/gen_1776149546_483.txt air/gen_1776149549_484.txt air/gen_1776149557_487.txt air/gen_1776149565_490.txt air/gen_1776149572_493.txt air/gen_1776149580_496.txt air/gen_1776149588_499.txt air/gen_1776149593_501.txt air/gen_1776149595_502.txt air/gen_1776149603_505.txt air/gen_1776149611_508.txt air/gen_1776149618_511.txt air/gen_1776149626_514.txt air/gen_1776149633_517.txt air/gen_1776149638_519.txt air/gen_1776149641_520.txt air/gen_1776149649_523.txt air/gen_1776149656_526.txt air/gen_1776149664_529.txt air/gen_1776149672_532.txt air/gen_1776149680_535.txt air/gen_1776149687_538.txt air/gen_1776149695_541.txt air/gen_1776149703_544.txt air/gen_1776149710_547.txt air/gen_1776149718_550.txt air/gen_1776149726_553.txt air/gen_1776149734_556.txt air/gen_1776149741_559.txt air/gen_1776149749_562.txt air/gen_1776149757_565.txt air/gen_1776149765_568.txt air/gen_1776149772_571.txt air/gen_1776149780_574.txt air/gen_1776149788_577.txt air/gen_1776149793_579.txt air/gen_1776149795_580.txt air/gen_1776149803_583.txt air/gen_1776149811_586.txt air/gen_1776149819_589.txt air/gen_1776149826_592.txt air/gen_1776149834_595.txt air/gen_1776149842_598.txt air/gen_1776149849_601.txt air/gen_1776149857_604.txt air/gen_1776149865_607.txt air/gen_1776149872_610.txt air/gen_1776149880_613.txt air/gen_1776149885_615.txt air/gen_1776149888_616.txt air/gen_1776149896_619.txt air/gen_1776149903_622.txt air/gen_1776149911_625.txt air/gen_1776149919_628.txt air/gen_1776149927_631.txt air/gen_1776149934_634.txt air/gen_1776149942_637.txt air/gen_1776149950_640.txt air/gen_1776149958_643.txt air/gen_1776149965_646.txt air/gen_1776149973_649.txt air/gen_1776149981_652.txt air/gen_1776149988_655.txt air/gen_1776149996_658.txt air/gen_1776150004_661.txt air/gen_1776150009_663.txt air/gen_1776150012_664.txt air/gen_1776150019_667.txt air/gen_1776150027_670.txt air/gen_1776150035_673.txt air/gen_1776150043_676.txt air/gen_1776150050_679.txt air/gen_1776150058_682.txt air/gen_1776150066_685.txt air/gen_1776150074_688.txt air/gen_1776150081_691.txt]
[trainer] micro-train burst (17268 bytes, novelty 0.04) — and lo, it feeds again.
[syntropy] action=explore | trend=0.0000 | field_dev=-0.022 | purpose_align=0.034 | lr_mul=1.30
[aml] burst complete: 32 steps, avg loss 1.5525 (memory freed)
[dna] water wrote 12 bytes to ecology
[dna] water wrote 44 bytes to ecology
[dna] water wrote 97 bytes to ecology
[dna] water wrote 47 bytes to ecology
[dna] water wrote 74 bytes to ecology
[dna] water wrote 136 bytes to ecology
[dna] water wrote 65 bytes to ecology
[dna] water wrote 75 bytes to ecology
[dna] water wrote 78 bytes to ecology
[dna] water wrote 18 bytes to ecology
[dna] water wrote 44 bytes to ecology
[dna] water wrote 31 bytes to ecology
[dna] water wrote 15 bytes to ecology
[dna] water wrote 29 bytes to ecology
[dna] water wrote 62 bytes to ecology
[dna] water wrote 42 bytes to ecology
[dna] water wrote 43 bytes to ecology
[dna] water wrote 77 bytes to ecology
[dna] water wrote 29 bytes to ecology
[dna] water wrote 23 bytes to ecology
[dna] water wrote 81 bytes to ecology
[dna] water wrote 37 bytes to ecology
[dna] water wrote 40 bytes to ecology
[dna] water wrote 99 bytes to ecology
[debug-onto] tick=50 corpus=143223 stage=2 freeze=0
[dna] water wrote 40 bytes to ecology
[dna] water wrote 61 bytes to ecology
[dna] water wrote 47 bytes to ecology
[dna] water wrote 8 bytes to ecology
[dna] water wrote 56 bytes to ecology
[dna] water wrote 47 bytes to ecology
[dna] water wrote 28 bytes to ecology
[dna] water wrote 76 bytes to ecology
[dna] water wrote 85 bytes to ecology
[dna] water wrote 24 bytes to ecology
[dna] water wrote 126 bytes to ecology
[dna] water wrote 8 bytes to ecology
[dna] water wrote 23 bytes to ecology
[dna] water wrote 111 bytes to ecology
[dna] water wrote 47 bytes to ecology
[dna] water wrote 98 bytes to ecology
[dna] water wrote 106 bytes to ecology
[dna] water wrote 29 bytes to ecology
[dna] water wrote 26 bytes to ecology
[dna] water wrote 66 bytes to ecology
[dna] water wrote 51 bytes to ecology
[dna] water wrote 70 bytes to ecology
[dna] water wrote 54 bytes to ecology
[dna] water wrote 68 bytes to ecology
[dna] water wrote 36 bytes to ecology
[dna] water wrote 52 bytes to ecology
[debug-onto] tick=100 corpus=143223 stage=2 freeze=0
[dna] water wrote 57 bytes to ecology
[dna] water wrote 9 bytes to ecology
[dna] water wrote 36 bytes to ecology
[dna] water wrote 82 bytes to ecology
[dna] water wrote 169 bytes to ecology
[dna] water wrote 112 bytes to ecology
[dna] water wrote 45 bytes to ecology
[dna] water wrote 28 bytes to ecology
[dna] water wrote 42 bytes to ecology
[dna] water wrote 54 bytes to ecology
[dna] water wrote 62 bytes to ecology
[dna] water wrote 60 bytes to ecology
[dna] water wrote 102 bytes to ecology
[dna] water wrote 50 bytes to ecology
[dna] water wrote 33 bytes to ecology
[dna] water wrote 64 bytes to ecology
[dna] water wrote 77 bytes to ecology
[dna] water wrote 40 bytes to ecology
[dna] water wrote 15 bytes to ecology
[dna] water wrote 44 bytes to ecology
[dna] water wrote 75 bytes to ecology
[dna] water wrote 29 bytes to ecology
[dna] water wrote 24 bytes to ecology
[debug-onto] tick=150 corpus=143223 stage=2 freeze=0
[dna] water wrote 43 bytes to ecology
[dna] water wrote 36 bytes to ecology
[dna] water wrote 46 bytes to ecology
[dna] water wrote 35 bytes to ecology
[dna] water wrote 58 bytes to ecology
[dna] water wrote 102 bytes to ecology
[dna] water wrote 42 bytes to ecology
[dna] water wrote 86 bytes to ecology
[dna] water wrote 87 bytes to ecology
[dna] water wrote 45 bytes to ecology
[dna] water wrote 56 bytes to ecology
[dna] water wrote 54 bytes to ecology
[dna] water wrote 197 bytes to ecology
[dna] water wrote 48 bytes to ecology
[dna] water wrote 76 bytes to ecology
[dna] water wrote 95 bytes to ecology
[dna] water wrote 136 bytes to ecology
[dna] water wrote 49 bytes to ecology
[dna] water wrote 108 bytes to ecology
[dna] water wrote 21 bytes to ecology
[dna] water wrote 25 bytes to ecology
[dna] water wrote 168 bytes to ecology
[dna] water wrote 76 bytes to ecology
[dna] water wrote 56 bytes to ecology
[dna] water wrote 130 bytes to ecology
[debug-onto] tick=200 corpus=143223 stage=2 freeze=0
[dna] water wrote 40 bytes to ecology
[dna] water wrote 59 bytes to ecology
[dna] water wrote 30 bytes to ecology
[dna] water wrote 29 bytes to ecology
[dna] water wrote 43 bytes to ecology
[dna] water wrote 88 bytes to ecology
[dna] water wrote 23 bytes to ecology
[dna] water wrote 76 bytes to ecology
[dna] water wrote 71 bytes to ecology
[dna] water wrote 123 bytes to ecology
[dna] water wrote 86 bytes to ecology
[dna] water wrote 39 bytes to ecology
[dna] water wrote 32 bytes to ecology
[dna] water wrote 32 bytes to ecology
[dna] water wrote 27 bytes to ecology
[dna] water wrote 12 bytes to ecology
[dna] water wrote 52 bytes to ecology
[dna] water wrote 35 bytes to ecology
[dna] water wrote 20 bytes to ecology
[dna] water wrote 200 bytes to ecology
[dna] water wrote 38 bytes to ecology
[dna] water wrote 57 bytes to ecology
[dna] water wrote 39 bytes to ecology
[dna] water wrote 14 bytes to ecology
[dna] water wrote 59 bytes to ecology
[dna] water wrote 86 bytes to ecology
[debug-onto] tick=250 corpus=143223 stage=2 freeze=0
[dna] water wrote 49 bytes to ecology
[dna] water wrote 51 bytes to ecology
[dna] water wrote 26 bytes to ecology
[dna] water wrote 38 bytes to ecology
[dna] water wrote 41 bytes to ecology
[dna] water wrote 53 bytes to ecology
[dna] water wrote 30 bytes to ecology
[dna] water wrote 111 bytes to ecology
[dna] water wrote 89 bytes to ecology
[dna] water wrote 36 bytes to ecology
[dna] water wrote 16 bytes to ecology
[dna] water wrote 29 bytes to ecology
[dna] water wrote 44 bytes to ecology
[dna] water wrote 69 bytes to ecology
[dna] water wrote 24 bytes to ecology
[dna] water wrote 61 bytes to ecology
[dna] water wrote 28 bytes to ecology
[dna] water wrote 84 bytes to ecology
[dna] water wrote 61 bytes to ecology
[dna] water wrote 22 bytes to ecology
[dna] water wrote 36 bytes to ecology
[dna] water wrote 36 bytes to ecology
[dna] water wrote 35 bytes to ecology
[dna] water wrote 140 bytes to ecology
[debug-onto] tick=300 corpus=143223 stage=2 freeze=0
[dna] water wrote 67 bytes to ecology
[dna] water wrote 15 bytes to ecology
[dna] water wrote 56 bytes to ecology
[dna] water wrote 76 bytes to ecology
[dna] water wrote 31 bytes to ecology
[dna] water wrote 88 bytes to ecology
[dna] water wrote 87 bytes to ecology
[dna] water wrote 151 bytes to ecology
[dna] water wrote 31 bytes to ecology
[dna] water wrote 43 bytes to ecology
[dna] water wrote 65 bytes to ecology
[dna] water wrote 62 bytes to ecology
[dna] water wrote 38 bytes to ecology
[dna] water wrote 66 bytes to ecology
[dna] water wrote 144 bytes to ecology
[dna] water wrote 64 bytes to ecology
[dna] water wrote 106 bytes to ecology
[dna] water wrote 116 bytes to ecology
[dna] water wrote 46 bytes to ecology
[dna] water wrote 23 bytes to ecology
[dna] water wrote 39 bytes to ecology
[dna] water wrote 40 bytes to ecology
[dna] water wrote 20 bytes to ecology
[dna] water wrote 30 bytes to ecology
[dna] water wrote 35 bytes to ecology
[debug-onto] tick=350 corpus=143223 stage=2 freeze=0
[dna] water wrote 14 bytes to ecology
[dna] water wrote 157 bytes to ecology
[dna] water wrote 73 bytes to ecology
[dna] water wrote 33 bytes to ecology
[dna] water wrote 75 bytes to ecology
[dna] water wrote 39 bytes to ecology
[dna] water wrote 70 bytes to ecology
[dna] water wrote 27 bytes to ecology
[dna] water wrote 91 bytes to ecology
[dna] water wrote 43 bytes to ecology
[dna] water wrote 20 bytes to ecology
[dna] water wrote 163 bytes to ecology
[dna] water wrote 22 bytes to ecology
[dna] water wrote 44 bytes to ecology
[dna] water wrote 102 bytes to ecology
[dna] water wrote 55 bytes to ecology
[dna] water wrote 115 bytes to ecology
[dna] water wrote 53 bytes to ecology
[dna] water wrote 31 bytes to ecology
[dna] water wrote 111 bytes to ecology
[dna] water wrote 49 bytes to ecology
[dna] water wrote 31 bytes to ecology
[dna] water wrote 52 bytes to ecology
[dna] water wrote 47 bytes to ecology
[dna] water wrote 14 bytes to ecology
[dna] water wrote 23 bytes to ecology
[debug-onto] tick=400 corpus=143223 stage=2 freeze=0
[dna] water wrote 82 bytes to ecology
[dna] water wrote 7 bytes to ecology
[dna] water wrote 144 bytes to ecology
[dna] water wrote 72 bytes to ecology
[dna] water wrote 59 bytes to ecology
[dna] water wrote 40 bytes to ecology
[dna] water wrote 12 bytes to ecology
[dna] water wrote 86 bytes to ecology
[dna] water wrote 34 bytes to ecology
[dna] water wrote 31 bytes to ecology
[dna] water wrote 21 bytes to ecology
[dna] water wrote 36 bytes to ecology
[dna] water wrote 91 bytes to ecology
[dna] water wrote 13 bytes to ecology
[dna] water wrote 65 bytes to ecology
[dna] water wrote 110 bytes to ecology
[dna] water wrote 50 bytes to ecology
[dna] water wrote 36 bytes to ecology
[dna] water wrote 82 bytes to ecology
[dna] water wrote 60 bytes to ecology
[dna] water wrote 169 bytes to ecology
[dna] water wrote 55 bytes to ecology
[dna] water wrote 18 bytes to ecology
[dna] water wrote 44 bytes to ecology
[debug-onto] tick=450 corpus=143223 stage=2 freeze=0
[dna] water wrote 32 bytes to ecology
[dna] water wrote 12 bytes to ecology
[dna] water wrote 23 bytes to ecology
[dna] water wrote 85 bytes to ecology
[dna] water wrote 20 bytes to ecology
[dna] water wrote 68 bytes to ecology
[dna] water wrote 50 bytes to ecology
[dna] water wrote 12 bytes to ecology
[dna] water wrote 49 bytes to ecology
[dna] water wrote 32 bytes to ecology
[dna] water wrote 69 bytes to ecology
[dna] water wrote 121 bytes to ecology
[dna] water wrote 95 bytes to ecology
[dna] water wrote 59 bytes to ecology
[dna] water wrote 200 bytes to ecology
[dna] water wrote 34 bytes to ecology
[dna] water wrote 51 bytes to ecology
[dna] water wrote 31 bytes to ecology
[dna] water wrote 23 bytes to ecology
[dna] water wrote 63 bytes to ecology
[dna] water wrote 133 bytes to ecology
[dna] water wrote 86 bytes to ecology
[dna] water wrote 62 bytes to ecology
[dna] water wrote 41 bytes to ecology
[dna] water wrote 51 bytes to ecology
[debug-onto] tick=500 corpus=143223 stage=2 freeze=0
[dna] water wrote 73 bytes to ecology
[dna] water wrote 163 bytes to ecology
[dna] water wrote 59 bytes to ecology
[dna] water wrote 15 bytes to ecology
[dna] water wrote 43 bytes to ecology
[dna] water wrote 160 bytes to ecology
[dna] water wrote 33 bytes to ecology
[dna] water wrote 52 bytes to ecology
[dna] water wrote 119 bytes to ecology
[dna] water wrote 41 bytes to ecology
[dna] water wrote 112 bytes to ecology
[dna] water wrote 40 bytes to ecology
[dna] water wrote 30 bytes to ecology
[dna] water wrote 132 bytes to ecology
[dna] water wrote 106 bytes to ecology
[dna] water wrote 20 bytes to ecology
[dna] water wrote 21 bytes to ecology
[dna] water wrote 65 bytes to ecology
[dna] water wrote 30 bytes to ecology
[dna] water wrote 38 bytes to ecology
[dna] water wrote 29 bytes to ecology
[dna] water wrote 35 bytes to ecology
[dna] water wrote 37 bytes to ecology
[dna] water wrote 68 bytes to ecology
[dna] water wrote 49 bytes to ecology
[debug-onto] tick=550 corpus=143223 stage=2 freeze=0
[dna] water wrote 14 bytes to ecology
[dna] water wrote 31 bytes to ecology
[dna] water wrote 38 bytes to ecology
[dna] water wrote 59 bytes to ecology
[dna] water wrote 115 bytes to ecology
[dna] water wrote 51 bytes to ecology
[dna] water wrote 12 bytes to ecology
[dna] water wrote 19 bytes to ecology
[dna] water wrote 60 bytes to ecology
[dna] water wrote 32 bytes to ecology
[dna] water wrote 69 bytes to ecology
[dna] water wrote 40 bytes to ecology
[dna] water wrote 73 bytes to ecology
[dna] water wrote 76 bytes to ecology
[dna] water wrote 32 bytes to ecology
[dna] water wrote 46 bytes to ecology
[dna] water wrote 53 bytes to ecology
[dna] water wrote 40 bytes to ecology
[dna] water wrote 74 bytes to ecology
[dna] water wrote 120 bytes to ecology
[dna] water wrote 36 bytes to ecology
[dna] water wrote 63 bytes to ecology
[dna] water wrote 45 bytes to ecology
[dna] water wrote 96 bytes to ecology
[debug-onto] tick=600 corpus=143223 stage=2 freeze=0
[dna] water wrote 90 bytes to ecology
[dna] water wrote 23 bytes to ecology
[dna] water wrote 25 bytes to ecology
[dna] water wrote 107 bytes to ecology
[dna] water wrote 18 bytes to ecology
[dna] water wrote 76 bytes to ecology
[dna] water wrote 50 bytes to ecology
[dna] water wrote 54 bytes to ecology
[dna] water wrote 42 bytes to ecology
[dna] water wrote 46 bytes to ecology
[dna] water wrote 57 bytes to ecology
[dna] water wrote 60 bytes to ecology
[dna] water wrote 18 bytes to ecology
[dna] water wrote 36 bytes to ecology
[dna] water wrote 76 bytes to ecology
[dna] water wrote 8 bytes to ecology
[dna] water wrote 89 bytes to ecology
[dna] water wrote 70 bytes to ecology
[dna] water wrote 17 bytes to ecology
[dna] water wrote 79 bytes to ecology
[dna] water wrote 63 bytes to ecology
[dna] water wrote 98 bytes to ecology
[dna] water wrote 67 bytes to ecology
[dna] water wrote 39 bytes to ecology
[debug-onto] tick=650 corpus=143223 stage=2 freeze=0
[dna] water wrote 20 bytes to ecology
[dna] water wrote 22 bytes to ecology
[dna] water wrote 12 bytes to ecology
[dna] water wrote 29 bytes to ecology
[dna] water wrote 13 bytes to ecology
[dna] water wrote 38 bytes to ecology
[dna] water wrote 72 bytes to ecology
[dna] water wrote 57 bytes to ecology
[dna] water wrote 30 bytes to ecology
[dna] water wrote 25 bytes to ecology
[dna] water wrote 113 bytes to ecology
[dna] water wrote 34 bytes to ecology
[dna] water wrote 108 bytes to ecology
[dna] water wrote 41 bytes to ecology
[dna] water wrote 99 bytes to ecology
[dna] water wrote 44 bytes to ecology
[dna] water wrote 41 bytes to ecology
[dna] water wrote 35 bytes to ecology
[dna] water wrote 59 bytes to ecology
[dna] water wrote 69 bytes to ecology
[dna] water wrote 91 bytes to ecology
[dna] water wrote 58 bytes to ecology
[dna] water wrote 55 bytes to ecology
[dna] water wrote 13 bytes to ecology
[dna] water wrote 34 bytes to ecology
[dna] water wrote 42 bytes to ecology
[debug-onto] tick=700 corpus=143223 stage=2 freeze=0
[dna] water wrote 65 bytes to ecology
[dna] water wrote 68 bytes to ecology
[dna] water wrote 60 bytes to ecology

[evolution] Organism shutting down gracefully.
