[ecology] Element: air → corpus: nonames_air.txt
[evolution] Autonomous evolution mode — organism will grow through all stages without pause.
[ecology] Joined swarm. 1 peer(s) detected.
molequla is alive. [evolution] Autonomous mode — background trainer running. Ctrl+C to stop.
[dna] air wrote 56 bytes to ecology
[dna] air consumed 17983 bytes from 224 files: [earth/gen_1777702110_1.txt earth/gen_1777702118_4.txt earth/gen_1777702126_7.txt earth/gen_1777702134_10.txt earth/gen_1777702142_13.txt earth/gen_1777702150_16.txt earth/gen_1777702157_19.txt earth/gen_1777702165_22.txt earth/gen_1777702173_25.txt earth/gen_1777702181_28.txt earth/gen_1777702188_31.txt earth/gen_1777702196_34.txt earth/gen_1777702204_37.txt earth/gen_1777702211_40.txt earth/gen_1777702219_43.txt earth/gen_1777702227_46.txt earth/gen_1777702234_49.txt earth/gen_1777702242_52.txt earth/gen_1777702250_55.txt earth/gen_1777702258_58.txt earth/gen_1777702265_61.txt earth/gen_1777702273_64.txt earth/gen_1777702281_67.txt earth/gen_1777702289_70.txt earth/gen_1777702297_73.txt earth/gen_1777702304_76.txt earth/gen_1777702312_79.txt earth/gen_1777702320_82.txt earth/gen_1777702328_85.txt earth/gen_1777702336_88.txt earth/gen_1777702343_91.txt earth/gen_1777702351_94.txt earth/gen_1777702359_97.txt earth/gen_1777702367_100.txt earth/gen_1777702374_103.txt earth/gen_1777702382_106.txt earth/gen_1777702397_112.txt earth/gen_1777702405_115.txt earth/gen_1777702413_118.txt earth/gen_1777702421_121.txt earth/gen_1777702428_124.txt earth/gen_1777702436_127.txt earth/gen_1777702444_130.txt earth/gen_1777702452_133.txt earth/gen_1777702459_136.txt earth/gen_1777702467_139.txt earth/gen_1777702475_142.txt earth/gen_1777702483_145.txt earth/gen_1777702490_148.txt earth/gen_1777702498_151.txt earth/gen_1777702506_154.txt earth/gen_1777702514_157.txt earth/gen_1777702521_160.txt earth/gen_1777702529_163.txt earth/gen_1777702537_166.txt earth/gen_1777702545_169.txt earth/gen_1777702552_172.txt earth/gen_1777702560_175.txt earth/gen_1777702568_178.txt earth/gen_1777702576_181.txt earth/gen_1777702583_184.txt earth/gen_1777702591_187.txt earth/gen_1777702599_190.txt earth/gen_1777702607_193.txt earth/gen_1777702615_196.txt earth/gen_1777702622_199.txt earth/gen_1777702630_202.txt earth/gen_1777702638_205.txt earth/gen_1777702646_208.txt earth/gen_1777702653_211.txt earth/gen_1777702661_214.txt earth/gen_1777702669_217.txt earth/gen_1777702676_220.txt earth/gen_1777702684_223.txt earth/gen_1777702700_229.txt earth/gen_1777702707_232.txt earth/gen_1777702715_235.txt earth/gen_1777702722_238.txt earth/gen_1777702730_241.txt earth/gen_1777702738_244.txt earth/gen_1777702745_247.txt earth/gen_1777702753_250.txt earth/gen_1777702761_253.txt earth/gen_1777702769_256.txt earth/gen_1777702776_259.txt earth/gen_1777702784_262.txt earth/gen_1777702792_265.txt earth/gen_1777702799_268.txt earth/gen_1777702807_271.txt earth/gen_1777702815_274.txt earth/gen_1777702823_277.txt earth/gen_1777702831_280.txt earth/gen_1777702839_283.txt earth/gen_1777702846_286.txt earth/gen_1777702854_289.txt earth/gen_1777702862_292.txt earth/gen_1777702870_295.txt earth/gen_1777702877_298.txt earth/gen_1777702885_301.txt earth/gen_1777702893_304.txt earth/gen_1777702900_307.txt earth/gen_1777702908_310.txt earth/gen_1777702916_313.txt earth/gen_1777702923_316.txt earth/gen_1777702931_319.txt earth/gen_1777702939_322.txt earth/gen_1777702947_325.txt earth/gen_1777702962_331.txt earth/gen_1777702970_334.txt earth/gen_1777702978_337.txt earth/gen_1777702985_340.txt earth/gen_1777702993_343.txt earth/gen_1777703001_346.txt earth/gen_1777703009_349.txt earth/gen_1777703017_352.txt earth/gen_1777703024_355.txt earth/gen_1777703032_358.txt earth/gen_1777703040_361.txt earth/gen_1777703048_364.txt earth/gen_1777703055_367.txt earth/gen_1777703063_370.txt earth/gen_1777703071_373.txt earth/gen_1777703079_376.txt earth/gen_1777703087_379.txt earth/gen_1777703094_382.txt earth/gen_1777703102_385.txt earth/gen_1777703110_388.txt earth/gen_1777703118_391.txt earth/gen_1777703126_394.txt earth/gen_1777703134_397.txt earth/gen_1777703141_400.txt earth/gen_1777703149_403.txt earth/gen_1777703157_406.txt earth/gen_1777703165_409.txt earth/gen_1777703172_412.txt earth/gen_1777703180_415.txt earth/gen_1777703188_418.txt earth/gen_1777703195_421.txt earth/gen_1777703203_424.txt earth/gen_1777703211_427.txt earth/gen_1777703219_430.txt earth/gen_1777703226_433.txt earth/gen_1777703234_436.txt earth/gen_1777703242_439.txt earth/gen_1777703249_442.txt earth/gen_1777703257_445.txt earth/gen_1777703265_448.txt earth/gen_1777703273_451.txt earth/gen_1777703280_454.txt earth/gen_1777703288_457.txt earth/gen_1777703304_463.txt earth/gen_1777703311_466.txt earth/gen_1777703319_469.txt earth/gen_1777703327_472.txt earth/gen_1777703335_475.txt earth/gen_1777703342_478.txt earth/gen_1777703350_481.txt earth/gen_1777703358_484.txt earth/gen_1777703366_487.txt earth/gen_1777703373_490.txt earth/gen_1777703381_493.txt earth/gen_1777703389_496.txt earth/gen_1777703397_499.txt earth/gen_1777703405_502.txt earth/gen_1777703412_505.txt earth/gen_1777703420_508.txt earth/gen_1777703428_511.txt earth/gen_1777703435_514.txt earth/gen_1777703443_517.txt earth/gen_1777703451_520.txt earth/gen_1777703459_523.txt earth/gen_1777703467_526.txt earth/gen_1777703474_529.txt earth/gen_1777703482_532.txt earth/gen_1777703490_535.txt earth/gen_1777703498_538.txt earth/gen_1777703505_541.txt earth/gen_1777703513_544.txt earth/gen_1777703521_547.txt earth/gen_1777703529_550.txt earth/gen_1777703536_553.txt earth/gen_1777703544_556.txt earth/gen_1777703552_559.txt earth/gen_1777703559_562.txt earth/gen_1777703567_565.txt earth/gen_1777703575_568.txt earth/gen_1777703583_571.txt earth/gen_1777703598_577.txt earth/gen_1777703606_580.txt earth/gen_1777703613_583.txt earth/gen_1777703621_586.txt earth/gen_1777703629_589.txt earth/gen_1777703637_592.txt earth/gen_1777703645_595.txt earth/gen_1777703652_598.txt earth/gen_1777703660_601.txt earth/gen_1777703668_604.txt earth/gen_1777703676_607.txt earth/gen_1777703683_610.txt earth/gen_1777703691_613.txt earth/gen_1777703699_616.txt earth/gen_1777703707_619.txt earth/gen_1777703714_622.txt earth/gen_1777703722_625.txt earth/gen_1777703730_628.txt earth/gen_1777703738_631.txt earth/gen_1777703745_634.txt earth/gen_1777703753_637.txt earth/gen_1777703761_640.txt earth/gen_1777703769_643.txt earth/gen_1777703776_646.txt earth/gen_1777703784_649.txt earth/gen_1777703792_652.txt earth/gen_1777703800_655.txt earth/gen_1777703808_658.txt earth/gen_1777703815_661.txt earth/gen_1777703823_664.txt earth/gen_1777703831_667.txt earth/gen_1777703839_670.txt earth/gen_1777703847_673.txt earth/gen_1777703854_676.txt earth/gen_1777703862_679.txt earth/gen_1777703870_682.txt earth/gen_1777703878_685.txt]
[trainer] micro-train burst (17983 bytes, novelty 0.04) — and lo, it feeds again.
[syntropy] action=explore | trend=0.0000 | field_dev=0.087 | purpose_align=-0.070 | lr_mul=1.30
[aml] burst complete: 32 steps, avg loss 2.1891 (memory freed)
[dna] air wrote 38 bytes to ecology
[dna] air wrote 81 bytes to ecology
[dna] air wrote 36 bytes to ecology
[dna] air wrote 32 bytes to ecology
[dna] air wrote 32 bytes to ecology
[dna] air wrote 39 bytes to ecology
[dna] air wrote 52 bytes to ecology
[dna] air wrote 101 bytes to ecology
[dna] air wrote 43 bytes to ecology
[dna] air wrote 110 bytes to ecology
[dna] air wrote 20 bytes to ecology
[dna] air wrote 50 bytes to ecology
[dna] air wrote 80 bytes to ecology
[dna] air wrote 165 bytes to ecology
[dna] air wrote 116 bytes to ecology
[dna] air wrote 37 bytes to ecology
[debug-onto] tick=50 corpus=140523 stage=2 freeze=0
[dna] air wrote 30 bytes to ecology
[dna] air wrote 76 bytes to ecology
[dna] air wrote 55 bytes to ecology
[dna] air wrote 56 bytes to ecology
[dna] air wrote 129 bytes to ecology
[dna] air wrote 51 bytes to ecology
[dna] air wrote 29 bytes to ecology
[dna] air wrote 125 bytes to ecology
[dna] air wrote 169 bytes to ecology
[dna] air wrote 96 bytes to ecology
[dna] air wrote 56 bytes to ecology
[dna] air wrote 132 bytes to ecology
[dna] air wrote 55 bytes to ecology
[dna] air wrote 85 bytes to ecology
[dna] air wrote 35 bytes to ecology
[dna] air wrote 55 bytes to ecology
[dna] air wrote 63 bytes to ecology
[debug-onto] tick=100 corpus=140523 stage=2 freeze=0
[dna] air wrote 103 bytes to ecology
[dna] air wrote 83 bytes to ecology
[dna] air wrote 50 bytes to ecology
[dna] air wrote 113 bytes to ecology
[dna] air wrote 39 bytes to ecology
[dna] air wrote 33 bytes to ecology
[dna] air wrote 164 bytes to ecology
[dna] air wrote 31 bytes to ecology
[dna] air wrote 64 bytes to ecology
[dna] air wrote 78 bytes to ecology
[dna] air wrote 36 bytes to ecology
[dna] air wrote 93 bytes to ecology
[dna] air wrote 39 bytes to ecology
[dna] air wrote 30 bytes to ecology
[dna] air wrote 136 bytes to ecology
[dna] air wrote 50 bytes to ecology
[debug-onto] tick=150 corpus=140523 stage=2 freeze=0
[dna] air wrote 152 bytes to ecology
[dna] air wrote 143 bytes to ecology
[dna] air wrote 207 bytes to ecology
[dna] air wrote 29 bytes to ecology
[dna] air wrote 144 bytes to ecology
[dna] air wrote 48 bytes to ecology
[dna] air wrote 34 bytes to ecology
[dna] air wrote 30 bytes to ecology
[dna] air wrote 88 bytes to ecology
[dna] air wrote 159 bytes to ecology
[dna] air wrote 146 bytes to ecology
[dna] air wrote 70 bytes to ecology
[dna] air wrote 80 bytes to ecology
[dna] air wrote 61 bytes to ecology
[dna] air wrote 77 bytes to ecology
[dna] air wrote 40 bytes to ecology
[dna] air wrote 43 bytes to ecology
[debug-onto] tick=200 corpus=140523 stage=2 freeze=0
[dna] air wrote 204 bytes to ecology
[dna] air wrote 110 bytes to ecology
[dna] air wrote 56 bytes to ecology
[dna] air wrote 80 bytes to ecology
[dna] air wrote 83 bytes to ecology
[dna] air wrote 54 bytes to ecology
[dna] air wrote 33 bytes to ecology
[dna] air wrote 48 bytes to ecology
[dna] air wrote 118 bytes to ecology
[dna] air wrote 41 bytes to ecology
[dna] air wrote 65 bytes to ecology
[dna] air wrote 32 bytes to ecology
[dna] air wrote 51 bytes to ecology
[dna] air wrote 36 bytes to ecology
[dna] air wrote 41 bytes to ecology
[dna] air wrote 80 bytes to ecology
[dna] air wrote 25 bytes to ecology
[debug-onto] tick=250 corpus=140523 stage=2 freeze=0
[dna] air wrote 36 bytes to ecology
[dna] air wrote 133 bytes to ecology
[dna] air wrote 70 bytes to ecology
[dna] air wrote 104 bytes to ecology
[dna] air wrote 121 bytes to ecology
[dna] air wrote 20 bytes to ecology
[dna] air wrote 115 bytes to ecology
[dna] air wrote 58 bytes to ecology
[dna] air wrote 85 bytes to ecology
[dna] air wrote 72 bytes to ecology
[dna] air wrote 69 bytes to ecology
[dna] air wrote 58 bytes to ecology
[dna] air wrote 36 bytes to ecology
[dna] air wrote 76 bytes to ecology
[dna] air wrote 70 bytes to ecology
[dna] air wrote 32 bytes to ecology
[debug-onto] tick=300 corpus=140523 stage=2 freeze=0
[dna] air wrote 112 bytes to ecology
[dna] air wrote 15 bytes to ecology
[dna] air wrote 143 bytes to ecology
[dna] air wrote 162 bytes to ecology
[dna] air wrote 83 bytes to ecology
[dna] air wrote 35 bytes to ecology
[dna] air wrote 39 bytes to ecology
[dna] air wrote 9 bytes to ecology
[dna] air wrote 80 bytes to ecology
[dna] air wrote 53 bytes to ecology
[dna] air wrote 119 bytes to ecology
[dna] air wrote 40 bytes to ecology
[dna] air wrote 71 bytes to ecology
[dna] air wrote 134 bytes to ecology
[dna] air wrote 130 bytes to ecology
[dna] air wrote 33 bytes to ecology
[dna] air wrote 18 bytes to ecology
[debug-onto] tick=350 corpus=140523 stage=2 freeze=0
[dna] air wrote 62 bytes to ecology
[dna] air wrote 91 bytes to ecology
[dna] air wrote 37 bytes to ecology
[dna] air wrote 74 bytes to ecology
[dna] air wrote 207 bytes to ecology
[dna] air wrote 43 bytes to ecology
[dna] air wrote 166 bytes to ecology
[dna] air wrote 72 bytes to ecology
[dna] air wrote 44 bytes to ecology
[dna] air wrote 116 bytes to ecology
[dna] air wrote 39 bytes to ecology
[dna] air wrote 58 bytes to ecology
[dna] air wrote 37 bytes to ecology
[dna] air wrote 41 bytes to ecology
[dna] air wrote 32 bytes to ecology
[dna] air wrote 26 bytes to ecology
[dna] air wrote 47 bytes to ecology
[debug-onto] tick=400 corpus=140523 stage=2 freeze=0
[dna] air wrote 123 bytes to ecology
[dna] air wrote 35 bytes to ecology
[dna] air wrote 88 bytes to ecology
[dna] air wrote 32 bytes to ecology
[dna] air wrote 28 bytes to ecology
[dna] air wrote 51 bytes to ecology
[dna] air wrote 119 bytes to ecology
[dna] air wrote 76 bytes to ecology
[dna] air wrote 40 bytes to ecology
[dna] air wrote 247 bytes to ecology
[dna] air wrote 35 bytes to ecology
[dna] air wrote 67 bytes to ecology
[dna] air wrote 86 bytes to ecology
[dna] air wrote 38 bytes to ecology
[dna] air wrote 173 bytes to ecology
[dna] air wrote 193 bytes to ecology
[debug-onto] tick=450 corpus=140523 stage=2 freeze=0
[dna] air wrote 84 bytes to ecology
[dna] air wrote 110 bytes to ecology
[dna] air wrote 160 bytes to ecology
[dna] air wrote 42 bytes to ecology
[dna] air wrote 27 bytes to ecology
[dna] air wrote 38 bytes to ecology
[dna] air wrote 37 bytes to ecology
[dna] air wrote 32 bytes to ecology
[dna] air wrote 97 bytes to ecology
[dna] air wrote 105 bytes to ecology
[dna] air wrote 92 bytes to ecology
[dna] air wrote 149 bytes to ecology
[dna] air wrote 32 bytes to ecology
[dna] air wrote 89 bytes to ecology
[dna] air wrote 34 bytes to ecology
[dna] air wrote 101 bytes to ecology
[dna] air wrote 33 bytes to ecology
[debug-onto] tick=500 corpus=140523 stage=2 freeze=0
[dna] air wrote 43 bytes to ecology
[dna] air wrote 58 bytes to ecology
[dna] air wrote 53 bytes to ecology
[dna] air wrote 114 bytes to ecology
[dna] air wrote 88 bytes to ecology
[dna] air wrote 22 bytes to ecology
[dna] air wrote 19 bytes to ecology
[dna] air wrote 39 bytes to ecology
[dna] air wrote 59 bytes to ecology
[dna] air wrote 151 bytes to ecology
[dna] air wrote 70 bytes to ecology
[dna] air wrote 77 bytes to ecology
[dna] air wrote 26 bytes to ecology
[dna] air wrote 47 bytes to ecology
[dna] air wrote 99 bytes to ecology
[dna] air wrote 47 bytes to ecology
[dna] air wrote 91 bytes to ecology
[debug-onto] tick=550 corpus=140523 stage=2 freeze=0
[dna] air wrote 27 bytes to ecology
[dna] air wrote 27 bytes to ecology
[dna] air wrote 35 bytes to ecology
[dna] air wrote 73 bytes to ecology
[dna] air wrote 38 bytes to ecology
[dna] air wrote 28 bytes to ecology
[dna] air wrote 34 bytes to ecology
[dna] air wrote 45 bytes to ecology
[dna] air wrote 117 bytes to ecology
[dna] air wrote 37 bytes to ecology
[dna] air wrote 174 bytes to ecology
[dna] air wrote 64 bytes to ecology
[dna] air wrote 114 bytes to ecology
[dna] air wrote 15 bytes to ecology
[dna] air wrote 37 bytes to ecology
[dna] air wrote 60 bytes to ecology
[debug-onto] tick=600 corpus=140523 stage=2 freeze=0
[dna] air wrote 63 bytes to ecology
[dna] air wrote 39 bytes to ecology
[dna] air wrote 42 bytes to ecology
[dna] air wrote 45 bytes to ecology
[dna] air wrote 69 bytes to ecology
[dna] air wrote 203 bytes to ecology
[dna] air wrote 106 bytes to ecology
[dna] air wrote 51 bytes to ecology
[dna] air wrote 38 bytes to ecology
[dna] air wrote 47 bytes to ecology
[dna] air wrote 27 bytes to ecology
[dna] air wrote 38 bytes to ecology
[dna] air wrote 23 bytes to ecology
[dna] air wrote 23 bytes to ecology
[dna] air wrote 43 bytes to ecology
[dna] air wrote 98 bytes to ecology
[dna] air wrote 49 bytes to ecology
[debug-onto] tick=650 corpus=140523 stage=2 freeze=0
[dna] air wrote 98 bytes to ecology
[dna] air wrote 129 bytes to ecology
[dna] air wrote 80 bytes to ecology
[dna] air wrote 34 bytes to ecology
[dna] air wrote 35 bytes to ecology
[dna] air wrote 31 bytes to ecology
[dna] air wrote 69 bytes to ecology
[dna] air wrote 214 bytes to ecology
[dna] air wrote 252 bytes to ecology
[dna] air wrote 62 bytes to ecology
[dna] air wrote 52 bytes to ecology
[dna] air wrote 159 bytes to ecology
[dna] air wrote 67 bytes to ecology
[dna] air wrote 64 bytes to ecology
[dna] air wrote 73 bytes to ecology

[evolution] Organism shutting down gracefully.
