[ecology] Element: earth → corpus: nonames_earth.txt
[evolution] Autonomous evolution mode — organism will grow through all stages without pause.
[init] Stage 0 (embryo): embd=16, layer=1, head=1 — warmup 400 steps (400 backprop + 0 notorch, sqrt-scaled 1x)
  [aml] step 0/160 | loss 6.4407 (avg 6.4407) | lr 0.001000 | seq 8
  [aml] step 10/160 | loss 6.1062 (avg 6.4071) | lr 0.001450 | seq 8
  [aml] step 20/160 | loss 6.2859 (avg 6.2816) | lr 0.001900 | seq 8
  [aml] step 30/160 | loss 5.7383 (avg 6.1878) | lr 0.002350 | seq 8
  [aml] step 40/160 | loss 5.3970 (avg 6.0691) | lr 0.002800 | seq 8
  [aml] step 50/160 | loss 4.6514 (avg 5.9152) | lr 0.003250 | seq 8
  [aml] step 60/160 | loss 4.9012 (avg 5.7555) | lr 0.003700 | seq 8
  [aml] step 70/160 | loss 5.3126 (avg 5.6379) | lr 0.004150 | seq 8
  [aml] step 80/160 | loss 2.9790 (avg 5.5182) | lr 0.004600 | seq 8
  [aml] step 90/160 | loss 4.1647 (avg 5.3733) | lr 0.005050 | seq 8
  [aml] step 100/160 | loss 5.0227 (avg 5.2856) | lr 0.005500 | seq 8
  [aml] step 110/160 | loss 5.5076 (avg 5.1595) | lr 0.005950 | seq 8
  [aml] step 120/160 | loss 3.9413 (avg 5.0858) | lr 0.006400 | seq 8
  [aml] step 130/160 | loss 4.4344 (avg 5.0364) | lr 0.006850 | seq 8
  [aml] step 140/160 | loss 2.9450 (avg 4.9895) | lr 0.007300 | seq 8
  [aml] step 150/160 | loss 2.8798 (avg 4.9652) | lr 0.007750 | seq 8
[aml] training complete: 160 steps, avg loss 4.9144 (memory freed)
  [aml] step 0/120 | loss 4.6201 (avg 4.6201) | lr 0.008200 | seq 16
  [aml] step 10/120 | loss 4.3037 (avg 4.4353) | lr 0.008650 | seq 16
  [aml] step 20/120 | loss 3.4147 (avg 4.4147) | lr 0.009100 | seq 16
  [aml] step 30/120 | loss 3.5382 (avg 4.2116) | lr 0.009550 | seq 16
  [aml] step 40/120 | loss 3.4825 (avg 4.2601) | lr 0.010000 | seq 16
  [aml] step 50/120 | loss 3.1522 (avg 4.2353) | lr 0.010000 | seq 16
  [aml] step 60/120 | loss 4.1591 (avg 4.2333) | lr 0.010000 | seq 16
  [aml] step 70/120 | loss 4.0818 (avg 4.1641) | lr 0.010000 | seq 16
  [aml] step 80/120 | loss 5.1135 (avg 4.1191) | lr 0.009999 | seq 16
  [aml] step 90/120 | loss 4.4965 (avg 4.0309) | lr 0.009999 | seq 16
  [aml] step 100/120 | loss 3.7494 (avg 3.9806) | lr 0.009999 | seq 16
  [aml] step 110/120 | loss 5.1945 (avg 3.9088) | lr 0.009999 | seq 16
[aml] training complete: 120 steps, avg loss 3.9226 (memory freed)
  [aml] step 0/120 | loss 2.7198 (avg 2.7198) | lr 0.009999 | seq 32
  [aml] step 10/120 | loss 4.6500 (avg 3.8564) | lr 0.009999 | seq 32
  [aml] step 20/120 | loss 4.2955 (avg 3.7078) | lr 0.009999 | seq 32
  [aml] step 30/120 | loss 3.7809 (avg 3.4347) | lr 0.009999 | seq 32
  [aml] step 40/120 | loss 3.9547 (avg 3.3859) | lr 0.009999 | seq 32
  [aml] step 50/120 | loss 4.0786 (avg 3.3758) | lr 0.009999 | seq 32
  [aml] step 60/120 | loss 2.9151 (avg 3.3185) | lr 0.009999 | seq 32
  [aml] step 70/120 | loss 1.4067 (avg 3.2912) | lr 0.009999 | seq 32
  [aml] step 80/120 | loss 4.5657 (avg 3.2914) | lr 0.009999 | seq 32
  [aml] step 90/120 | loss 1.5919 (avg 3.2448) | lr 0.009999 | seq 32
  [aml] step 100/120 | loss 0.7987 (avg 3.2510) | lr 0.009999 | seq 32
  [aml] step 110/120 | loss 0.9120 (avg 3.1304) | lr 0.009999 | seq 32
[aml] training complete: 120 steps, avg loss 3.0329 (memory freed)

[stage 0 — embryo] What it sounds like now:
  Q: Hello.
  A: is a rock that has beach, den surveys wind, distin sides from the diHHHHHHHH
  Q: Who are you?
  A: ...
  Q: What do you know?
  A: ...

[growth] ONTOGENESIS: stage 0 -> 1
  embd: 16 -> 32, layer: 1 -> 1, head: 1 -> 2
[growth] Done. Freeze for 500 steps.
[init] Stage 1 (infant): embd=32, layer=1, head=2 — warmup 800 steps (800 backprop + 0 notorch, sqrt-scaled 2x)
  [aml] step 0/320 | loss 2.8999 (avg 2.8999) | lr 0.000500 | seq 8
  [aml] step 10/320 | loss 0.9263 (avg 3.5298) | lr 0.000725 | seq 8
  [aml] step 20/320 | loss 1.2922 (avg 3.3267) | lr 0.000950 | seq 8
  [aml] step 30/320 | loss 4.4799 (avg 3.8314) | lr 0.001175 | seq 8
  [aml] step 40/320 | loss 3.8611 (avg 3.7880) | lr 0.001400 | seq 8
  [aml] step 50/320 | loss 5.0071 (avg 3.9311) | lr 0.001625 | seq 8
  [aml] step 60/320 | loss 0.5402 (avg 3.9655) | lr 0.001850 | seq 8
  [aml] step 70/320 | loss 4.7400 (avg 4.0313) | lr 0.002075 | seq 8
  [aml] step 80/320 | loss 7.5875 (avg 4.0975) | lr 0.002300 | seq 8
  [aml] step 90/320 | loss 3.9320 (avg 3.9939) | lr 0.002525 | seq 8
  [aml] step 100/320 | loss 4.5116 (avg 3.9818) | lr 0.002750 | seq 8
  [aml] step 110/320 | loss 3.9235 (avg 3.9357) | lr 0.002975 | seq 8
  [aml] step 120/320 | loss 5.6147 (avg 3.9346) | lr 0.003200 | seq 8
  [aml] step 130/320 | loss 3.1300 (avg 3.9412) | lr 0.003425 | seq 8
  [aml] step 140/320 | loss 3.8286 (avg 3.9579) | lr 0.003650 | seq 8
  [aml] step 150/320 | loss 4.1976 (avg 3.9353) | lr 0.003875 | seq 8
  [aml] step 160/320 | loss 1.2200 (avg 3.9103) | lr 0.004100 | seq 8
  [aml] step 170/320 | loss 0.9141 (avg 3.8776) | lr 0.004325 | seq 8
  [aml] step 180/320 | loss 1.3321 (avg 3.8482) | lr 0.004550 | seq 8
  [aml] step 190/320 | loss 5.0108 (avg 3.8139) | lr 0.004775 | seq 8
  [aml] step 200/320 | loss 2.9457 (avg 3.8429) | lr 0.004998 | seq 8
  [aml] step 210/320 | loss 4.3453 (avg 3.8508) | lr 0.004998 | seq 8
  [aml] step 220/320 | loss 4.9210 (avg 3.8130) | lr 0.004998 | seq 8
  [aml] step 230/320 | loss 4.4419 (avg 3.8375) | lr 0.004998 | seq 8
  [aml] step 240/320 | loss 4.5528 (avg 3.8266) | lr 0.004998 | seq 8
  [aml] step 250/320 | loss 1.4580 (avg 3.7990) | lr 0.004998 | seq 8
  [aml] step 260/320 | loss 5.5784 (avg 3.7615) | lr 0.004998 | seq 8
  [aml] step 270/320 | loss 5.0957 (avg 3.7542) | lr 0.004998 | seq 8
  [aml] step 280/320 | loss 4.2278 (avg 3.7403) | lr 0.004998 | seq 8
  [aml] step 290/320 | loss 3.8951 (avg 3.7346) | lr 0.004998 | seq 8
  [aml] step 300/320 | loss 2.9451 (avg 3.7336) | lr 0.004998 | seq 8
  [aml] step 310/320 | loss 5.0451 (avg 3.7346) | lr 0.004998 | seq 8
[aml] training complete: 320 steps, avg loss 3.7230 (memory freed)
  [aml] step 0/240 | loss 4.3866 (avg 4.3866) | lr 0.004998 | seq 16
  [aml] step 10/240 | loss 3.4296 (avg 3.8261) | lr 0.004998 | seq 16
  [aml] step 20/240 | loss 4.9552 (avg 3.7206) | lr 0.004998 | seq 16
  [aml] step 30/240 | loss 4.7078 (avg 3.4504) | lr 0.004998 | seq 16
  [aml] step 40/240 | loss 1.8960 (avg 3.4092) | lr 0.004997 | seq 16
  [aml] step 50/240 | loss 1.9486 (avg 3.3648) | lr 0.004997 | seq 16
  [aml] step 60/240 | loss 4.6507 (avg 3.2501) | lr 0.004997 | seq 16
  [aml] step 70/240 | loss 4.2990 (avg 3.2384) | lr 0.004997 | seq 16
  [aml] step 80/240 | loss 2.3651 (avg 3.2422) | lr 0.004997 | seq 16
  [aml] step 90/240 | loss 2.5218 (avg 3.2409) | lr 0.004997 | seq 16
  [aml] step 100/240 | loss 1.4295 (avg 3.2042) | lr 0.004997 | seq 16
  [aml] step 110/240 | loss 4.5153 (avg 3.1542) | lr 0.004997 | seq 16
  [aml] step 120/240 | loss 0.8603 (avg 3.1331) | lr 0.004997 | seq 16
  [aml] step 130/240 | loss 4.0197 (avg 3.0915) | lr 0.004997 | seq 16
  [aml] step 140/240 | loss 4.0796 (avg 3.1390) | lr 0.004997 | seq 16
  [aml] step 150/240 | loss 2.2442 (avg 3.1179) | lr 0.004997 | seq 16
  [aml] step 160/240 | loss 3.6324 (avg 3.1267) | lr 0.004997 | seq 16
  [aml] step 170/240 | loss 4.8197 (avg 3.1427) | lr 0.004996 | seq 16
  [aml] step 180/240 | loss 3.7231 (avg 3.1494) | lr 0.004996 | seq 16
  [aml] step 190/240 | loss 4.6471 (avg 3.1514) | lr 0.004996 | seq 16
  [aml] step 200/240 | loss 2.0360 (avg 3.1604) | lr 0.004996 | seq 16
  [aml] step 210/240 | loss 3.4639 (avg 3.1763) | lr 0.004996 | seq 16
  [aml] step 220/240 | loss 3.1642 (avg 3.1883) | lr 0.004996 | seq 16
  [aml] step 230/240 | loss 5.3997 (avg 3.2242) | lr 0.004996 | seq 16
[aml] training complete: 240 steps, avg loss 3.1968 (memory freed)
  [aml] step 0/240 | loss 1.5008 (avg 1.5008) | lr 0.004996 | seq 32
  [aml] step 10/240 | loss 1.4500 (avg 2.0789) | lr 0.004996 | seq 32
  [aml] step 20/240 | loss 1.2585 (avg 2.7793) | lr 0.004996 | seq 32
  [aml] step 30/240 | loss 4.2635 (avg 3.0817) | lr 0.004996 | seq 32
  [aml] step 40/240 | loss 0.8050 (avg 3.0729) | lr 0.004996 | seq 32
  [aml] step 50/240 | loss 4.5615 (avg 3.1349) | lr 0.004995 | seq 32
  [aml] step 60/240 | loss 4.1619 (avg 3.0091) | lr 0.004995 | seq 32
  [aml] step 70/240 | loss 4.2018 (avg 3.0527) | lr 0.004995 | seq 32
  [aml] step 80/240 | loss 3.8055 (avg 3.0309) | lr 0.004995 | seq 32
  [aml] step 90/240 | loss 3.8431 (avg 3.1013) | lr 0.004995 | seq 32
  [aml] step 100/240 | loss 1.1021 (avg 3.0134) | lr 0.004995 | seq 32
  [aml] step 110/240 | loss 1.4956 (avg 2.9585) | lr 0.004995 | seq 32
  [aml] step 120/240 | loss 3.8487 (avg 2.9559) | lr 0.004995 | seq 32
  [aml] step 130/240 | loss 3.5965 (avg 2.9282) | lr 0.004995 | seq 32
  [aml] step 140/240 | loss 4.0674 (avg 2.9141) | lr 0.004995 | seq 32
  [aml] step 150/240 | loss 0.9938 (avg 2.8872) | lr 0.004995 | seq 32
  [aml] step 160/240 | loss 3.3499 (avg 2.8714) | lr 0.004994 | seq 32
  [aml] step 170/240 | loss 3.3846 (avg 2.8715) | lr 0.004994 | seq 32
  [aml] step 180/240 | loss 1.7917 (avg 2.8334) | lr 0.004994 | seq 32
  [aml] step 190/240 | loss 4.3914 (avg 2.8237) | lr 0.004994 | seq 32
  [aml] step 200/240 | loss 0.6084 (avg 2.7745) | lr 0.004994 | seq 32
  [aml] step 210/240 | loss 4.1723 (avg 2.7940) | lr 0.004994 | seq 32
  [aml] step 220/240 | loss 0.8448 (avg 2.7712) | lr 0.004994 | seq 32
  [aml] step 230/240 | loss 2.0198 (avg 2.7396) | lr 0.004994 | seq 32
[aml] training complete: 240 steps, avg loss 2.7101 (memory freed)

[stage 1 — infant] What it sounds like now:
  Q: Hello.
  A: is a clay pediment liquid technology obsides — typ of reads cli f you drops form in smoo pro.
  Q: Who are you?
  A: ...
  Q: What do you know?
  A: ...

[growth] ONTOGENESIS: stage 1 -> 2
  embd: 32 -> 64, layer: 1 -> 2, head: 2 -> 4
[growth] Done. Freeze for 500 steps.
[init] Stage 2 (child): embd=64, layer=2, head=4 — warmup 800 steps (800 backprop + 0 notorch, sqrt-scaled 2x)
  [aml] step 0/320 | loss 4.9137 (avg 4.9137) | lr 0.000250 | seq 8
  [aml] step 10/320 | loss 3.5701 (avg 4.1320) | lr 0.000363 | seq 8
  [aml] step 20/320 | loss 4.6339 (avg 3.6939) | lr 0.000475 | seq 8
  [aml] step 30/320 | loss 0.8311 (avg 3.6872) | lr 0.000588 | seq 8
  [aml] step 40/320 | loss 3.3550 (avg 3.6357) | lr 0.000700 | seq 8
  [aml] step 50/320 | loss 5.4416 (avg 3.6577) | lr 0.000813 | seq 8
  [aml] step 60/320 | loss 1.7059 (avg 3.5936) | lr 0.000925 | seq 8
  [aml] step 70/320 | loss 3.9899 (avg 3.5731) | lr 0.001038 | seq 8
  [aml] step 80/320 | loss 2.0103 (avg 3.5039) | lr 0.001150 | seq 8
  [aml] step 90/320 | loss 1.4828 (avg 3.4005) | lr 0.001263 | seq 8
  [aml] step 100/320 | loss 4.7205 (avg 3.4346) | lr 0.001375 | seq 8
  [aml] step 110/320 | loss 2.7351 (avg 3.3879) | lr 0.001488 | seq 8
  [aml] step 120/320 | loss 0.0522 (avg 3.3706) | lr 0.001600 | seq 8
  [aml] step 130/320 | loss 0.0498 (avg 3.3379) | lr 0.001713 | seq 8
  [aml] step 140/320 | loss 4.2116 (avg 3.3126) | lr 0.001825 | seq 8
  [aml] step 150/320 | loss 5.2092 (avg 3.3721) | lr 0.001938 | seq 8
  [aml] step 160/320 | loss 4.5523 (avg 3.3774) | lr 0.002050 | seq 8
  [aml] step 170/320 | loss 2.9136 (avg 3.3796) | lr 0.002163 | seq 8
  [aml] step 180/320 | loss 5.4836 (avg 3.3790) | lr 0.002275 | seq 8
  [aml] step 190/320 | loss 4.7644 (avg 3.3498) | lr 0.002387 | seq 8
  [aml] step 200/320 | loss 3.3221 (avg 3.3425) | lr 0.002496 | seq 8
  [aml] step 210/320 | loss 1.7208 (avg 3.3730) | lr 0.002496 | seq 8
  [aml] step 220/320 | loss 4.5136 (avg 3.3680) | lr 0.002496 | seq 8
  [aml] step 230/320 | loss 4.6417 (avg 3.3598) | lr 0.002495 | seq 8
  [aml] step 240/320 | loss 3.0291 (avg 3.3668) | lr 0.002495 | seq 8
  [aml] step 250/320 | loss 4.5655 (avg 3.3380) | lr 0.002495 | seq 8
  [aml] step 260/320 | loss 4.6204 (avg 3.2993) | lr 0.002495 | seq 8
  [aml] step 270/320 | loss 0.1641 (avg 3.3053) | lr 0.002495 | seq 8
  [aml] step 280/320 | loss 5.0290 (avg 3.3258) | lr 0.002495 | seq 8
  [aml] step 290/320 | loss 1.7285 (avg 3.3368) | lr 0.002495 | seq 8
  [aml] step 300/320 | loss 0.1858 (avg 3.3216) | lr 0.002495 | seq 8
  [aml] step 310/320 | loss 4.0542 (avg 3.3414) | lr 0.002495 | seq 8
[aml] training complete: 320 steps, avg loss 3.3318 (memory freed)
  [aml] step 0/240 | loss 4.1648 (avg 4.1648) | lr 0.002495 | seq 16
  [aml] step 10/240 | loss 3.7300 (avg 3.8064) | lr 0.002495 | seq 16
  [aml] step 20/240 | loss 3.4536 (avg 3.6595) | lr 0.002495 | seq 16
  [aml] step 30/240 | loss 4.3196 (avg 3.4560) | lr 0.002495 | seq 16
  [aml] step 40/240 | loss 2.0255 (avg 3.4428) | lr 0.002495 | seq 16
  [aml] step 50/240 | loss 0.9264 (avg 3.2954) | lr 0.002495 | seq 16
  [aml] step 60/240 | loss 4.0648 (avg 3.1032) | lr 0.002494 | seq 16
  [aml] step 70/240 | loss 3.8251 (avg 3.1938) | lr 0.002494 | seq 16
  [aml] step 80/240 | loss 1.9221 (avg 3.2110) | lr 0.002494 | seq 16
  [aml] step 90/240 | loss 2.1175 (avg 3.1836) | lr 0.002494 | seq 16
  [aml] step 100/240 | loss 4.5285 (avg 3.1717) | lr 0.002494 | seq 16
  [aml] step 110/240 | loss 3.6560 (avg 3.1591) | lr 0.002494 | seq 16
  [aml] step 120/240 | loss 3.5843 (avg 3.1438) | lr 0.002494 | seq 16
  [aml] step 130/240 | loss 5.7495 (avg 3.1940) | lr 0.002494 | seq 16
  [aml] step 140/240 | loss 3.7156 (avg 3.2392) | lr 0.002494 | seq 16
  [aml] step 150/240 | loss 1.5675 (avg 3.2523) | lr 0.002494 | seq 16
  [aml] step 160/240 | loss 1.2909 (avg 3.2190) | lr 0.002494 | seq 16
  [aml] step 170/240 | loss 1.2162 (avg 3.1761) | lr 0.002494 | seq 16
  [aml] step 180/240 | loss 3.3193 (avg 3.1764) | lr 0.002494 | seq 16
  [aml] step 190/240 | loss 2.0145 (avg 3.1502) | lr 0.002494 | seq 16
  [aml] step 200/240 | loss 2.0897 (avg 3.1173) | lr 0.002493 | seq 16
  [aml] step 210/240 | loss 4.3216 (avg 3.1060) | lr 0.002493 | seq 16
  [aml] step 220/240 | loss 2.8813 (avg 3.1188) | lr 0.002493 | seq 16
  [aml] step 230/240 | loss 3.6056 (avg 3.1267) | lr 0.002493 | seq 16
[aml] training complete: 240 steps, avg loss 3.1238 (memory freed)
  [aml] step 0/240 | loss 1.0127 (avg 1.0127) | lr 0.002493 | seq 32
  [aml] step 10/240 | loss 0.4844 (avg 1.7529) | lr 0.002493 | seq 32
  [aml] step 20/240 | loss 0.7598 (avg 2.1126) | lr 0.002493 | seq 32
  [aml] step 30/240 | loss 1.0800 (avg 1.9422) | lr 0.002493 | seq 32
  [aml] step 40/240 | loss 3.4191 (avg 2.2114) | lr 0.002493 | seq 32
  [aml] step 50/240 | loss 4.1817 (avg 2.2233) | lr 0.002493 | seq 32
  [aml] step 60/240 | loss 0.6426 (avg 2.2287) | lr 0.002493 | seq 32
  [aml] step 70/240 | loss 0.9577 (avg 2.2225) | lr 0.002493 | seq 32
  [aml] step 80/240 | loss 4.1207 (avg 2.2303) | lr 0.002492 | seq 32
  [aml] step 90/240 | loss 4.3644 (avg 2.2872) | lr 0.002492 | seq 32
  [aml] step 100/240 | loss 4.1258 (avg 2.3015) | lr 0.002492 | seq 32
  [aml] step 110/240 | loss 4.4451 (avg 2.3782) | lr 0.002492 | seq 32
  [aml] step 120/240 | loss 0.2984 (avg 2.4145) | lr 0.002492 | seq 32
  [aml] step 130/240 | loss 1.5247 (avg 2.4618) | lr 0.002492 | seq 32
  [aml] step 140/240 | loss 3.8025 (avg 2.4651) | lr 0.002492 | seq 32
  [aml] step 150/240 | loss 4.3035 (avg 2.4699) | lr 0.002492 | seq 32
  [aml] step 160/240 | loss 4.7675 (avg 2.4654) | lr 0.002492 | seq 32
  [aml] step 170/240 | loss 0.9113 (avg 2.5160) | lr 0.002492 | seq 32
  [aml] step 180/240 | loss 4.0539 (avg 2.5390) | lr 0.002492 | seq 32
  [aml] step 190/240 | loss 4.3468 (avg 2.5569) | lr 0.002492 | seq 32
  [aml] step 200/240 | loss 1.5060 (avg 2.5337) | lr 0.002491 | seq 32
  [aml] step 210/240 | loss 3.6845 (avg 2.5641) | lr 0.002491 | seq 32
  [aml] step 220/240 | loss 0.8338 (avg 2.5535) | lr 0.002491 | seq 32
  [aml] step 230/240 | loss 0.5695 (avg 2.5524) | lr 0.002491 | seq 32
[aml] training complete: 240 steps, avg loss 2.5565 (memory freed)

[stage 2 — child] What it sounds like now:
  Q: Hello.
  A: Fuji, and grain the di fragment of a cut into pore than rock with a pale, formed by healthystts here.
  Q: Who are you?
  A: ...
  Q: What do you know?
  A: ...

[init] Warmup complete at stage 2. Organism ready.
[ecology] First organism in the swarm.
molequla is alive. [evolution] Autonomous mode — background trainer running. Ctrl+C to stop.
[dna] earth wrote 114 bytes to ecology
[dna] earth wrote 45 bytes to ecology
[dna] earth wrote 223 bytes to ecology
[dna] earth wrote 114 bytes to ecology
[dna] earth wrote 38 bytes to ecology
[dna] earth wrote 204 bytes to ecology
[dna] earth wrote 10 bytes to ecology
[dna] earth wrote 45 bytes to ecology
[dna] earth wrote 171 bytes to ecology
[dna] earth wrote 145 bytes to ecology
[dna] earth wrote 47 bytes to ecology
[dna] earth wrote 46 bytes to ecology
[dna] earth wrote 67 bytes to ecology
[dna] earth wrote 167 bytes to ecology
[dna] earth wrote 127 bytes to ecology
[dna] earth wrote 104 bytes to ecology
[dna] earth wrote 47 bytes to ecology
[debug-onto] tick=50 corpus=173643 stage=2 freeze=0
[dna] earth wrote 38 bytes to ecology
[dna] earth wrote 68 bytes to ecology
[dna] earth wrote 89 bytes to ecology
[dna] earth wrote 128 bytes to ecology
[dna] earth wrote 81 bytes to ecology
[dna] earth wrote 37 bytes to ecology
[dna] earth wrote 172 bytes to ecology
[dna] earth wrote 105 bytes to ecology
[dna] earth wrote 162 bytes to ecology
[dna] earth wrote 59 bytes to ecology
[dna] earth wrote 85 bytes to ecology
[dna] earth wrote 154 bytes to ecology
[dna] earth wrote 87 bytes to ecology
[dna] earth wrote 65 bytes to ecology
[dna] earth wrote 148 bytes to ecology
[dna] earth wrote 38 bytes to ecology
[dna] earth wrote 35 bytes to ecology
[debug-onto] tick=100 corpus=173643 stage=2 freeze=0
[dna] earth wrote 85 bytes to ecology
[dna] earth wrote 77 bytes to ecology
[dna] earth wrote 8 bytes to ecology
[dna] earth wrote 38 bytes to ecology
[dna] earth wrote 116 bytes to ecology
[dna] earth wrote 53 bytes to ecology
[dna] earth wrote 162 bytes to ecology
[dna] earth wrote 69 bytes to ecology
[dna] earth wrote 54 bytes to ecology
[dna] earth wrote 15 bytes to ecology
[dna] earth wrote 146 bytes to ecology
[dna] earth wrote 55 bytes to ecology
[dna] earth wrote 86 bytes to ecology
[dna] earth wrote 129 bytes to ecology
[dna] earth wrote 53 bytes to ecology
[dna] earth wrote 101 bytes to ecology
[debug-onto] tick=150 corpus=173643 stage=2 freeze=0
[dna] earth wrote 85 bytes to ecology
[dna] earth wrote 45 bytes to ecology
[dna] earth wrote 39 bytes to ecology
[dna] earth wrote 85 bytes to ecology
[dna] earth wrote 42 bytes to ecology
[dna] earth wrote 47 bytes to ecology
[dna] earth wrote 56 bytes to ecology
[dna] earth wrote 152 bytes to ecology
[dna] earth wrote 40 bytes to ecology
[dna] earth wrote 60 bytes to ecology
[dna] earth wrote 146 bytes to ecology
[dna] earth wrote 21 bytes to ecology
[dna] earth wrote 144 bytes to ecology
[dna] earth wrote 86 bytes to ecology
[dna] earth wrote 32 bytes to ecology
[dna] earth wrote 57 bytes to ecology
[dna] earth wrote 22 bytes to ecology
[debug-onto] tick=200 corpus=173643 stage=2 freeze=0
[dna] earth wrote 27 bytes to ecology
[dna] earth wrote 47 bytes to ecology
[dna] earth wrote 131 bytes to ecology
[dna] earth wrote 103 bytes to ecology
[dna] earth wrote 56 bytes to ecology
[dna] earth wrote 94 bytes to ecology
[dna] earth wrote 14 bytes to ecology
[dna] earth wrote 85 bytes to ecology
[dna] earth wrote 9 bytes to ecology
[dna] earth wrote 77 bytes to ecology
[dna] earth wrote 35 bytes to ecology
[dna] earth wrote 52 bytes to ecology
[dna] earth wrote 120 bytes to ecology
[dna] earth wrote 37 bytes to ecology
[dna] earth wrote 56 bytes to ecology
[dna] earth wrote 57 bytes to ecology
[dna] earth wrote 31 bytes to ecology
[debug-onto] tick=250 corpus=173643 stage=2 freeze=0
[dna] earth wrote 43 bytes to ecology
[dna] earth wrote 52 bytes to ecology
[dna] earth wrote 120 bytes to ecology
[dna] earth wrote 121 bytes to ecology
[dna] earth wrote 28 bytes to ecology
[dna] earth wrote 146 bytes to ecology
[dna] earth wrote 157 bytes to ecology
[dna] earth wrote 264 bytes to ecology
[dna] earth wrote 81 bytes to ecology
[dna] earth wrote 86 bytes to ecology
[dna] earth wrote 100 bytes to ecology
[dna] earth wrote 71 bytes to ecology
[dna] earth wrote 184 bytes to ecology
[dna] earth wrote 51 bytes to ecology
[dna] earth wrote 46 bytes to ecology
[dna] earth wrote 12 bytes to ecology
[debug-onto] tick=300 corpus=173643 stage=2 freeze=0
[dna] earth wrote 194 bytes to ecology
[dna] earth wrote 115 bytes to ecology
[dna] earth wrote 83 bytes to ecology
[dna] earth wrote 109 bytes to ecology
[dna] earth wrote 45 bytes to ecology
[dna] earth wrote 15 bytes to ecology
[dna] earth wrote 39 bytes to ecology
[dna] earth wrote 45 bytes to ecology
[dna] earth wrote 12 bytes to ecology
[dna] earth wrote 9 bytes to ecology
[dna] earth wrote 36 bytes to ecology
[dna] earth wrote 99 bytes to ecology
[dna] earth wrote 24 bytes to ecology
[dna] earth wrote 26 bytes to ecology
[dna] earth wrote 19 bytes to ecology
[dna] earth wrote 37 bytes to ecology
[dna] earth wrote 163 bytes to ecology
[debug-onto] tick=350 corpus=173643 stage=2 freeze=0
[dna] earth wrote 112 bytes to ecology
[dna] earth wrote 104 bytes to ecology
[dna] earth wrote 170 bytes to ecology
[dna] earth wrote 10 bytes to ecology
[dna] earth wrote 10 bytes to ecology
[dna] earth wrote 16 bytes to ecology
[dna] earth wrote 70 bytes to ecology
[dna] earth wrote 76 bytes to ecology
[dna] earth wrote 67 bytes to ecology
[dna] earth wrote 59 bytes to ecology
[dna] earth wrote 51 bytes to ecology
[dna] earth wrote 181 bytes to ecology
[dna] earth wrote 72 bytes to ecology
[dna] earth wrote 40 bytes to ecology
[dna] earth wrote 110 bytes to ecology
[dna] earth wrote 41 bytes to ecology
[dna] earth wrote 39 bytes to ecology
[debug-onto] tick=400 corpus=173643 stage=2 freeze=0
[dna] earth wrote 14 bytes to ecology
[dna] earth wrote 128 bytes to ecology
[dna] earth wrote 10 bytes to ecology
[dna] earth wrote 142 bytes to ecology
[dna] earth wrote 35 bytes to ecology
[dna] earth wrote 73 bytes to ecology
[dna] earth wrote 76 bytes to ecology
[dna] earth wrote 30 bytes to ecology
[dna] earth wrote 41 bytes to ecology
[dna] earth wrote 32 bytes to ecology
[dna] earth wrote 35 bytes to ecology
[dna] earth wrote 56 bytes to ecology
[dna] earth wrote 28 bytes to ecology
[dna] earth wrote 62 bytes to ecology
[dna] earth wrote 243 bytes to ecology
[dna] earth wrote 65 bytes to ecology
[debug-onto] tick=450 corpus=173643 stage=2 freeze=0
[dna] earth wrote 33 bytes to ecology
[dna] earth wrote 250 bytes to ecology
[dna] earth wrote 166 bytes to ecology
[dna] earth wrote 8 bytes to ecology
[dna] earth wrote 52 bytes to ecology
[dna] earth wrote 79 bytes to ecology
[dna] earth wrote 54 bytes to ecology
[dna] earth wrote 121 bytes to ecology
[dna] earth wrote 202 bytes to ecology
[dna] earth wrote 63 bytes to ecology
[dna] earth wrote 21 bytes to ecology
[dna] earth wrote 58 bytes to ecology
[dna] earth wrote 225 bytes to ecology
[dna] earth wrote 163 bytes to ecology
[dna] earth wrote 82 bytes to ecology
[dna] earth wrote 80 bytes to ecology
[dna] earth wrote 109 bytes to ecology
[debug-onto] tick=500 corpus=173643 stage=2 freeze=0
[dna] earth wrote 65 bytes to ecology
[dna] earth wrote 69 bytes to ecology
[dna] earth wrote 96 bytes to ecology
[dna] earth wrote 28 bytes to ecology
[dna] earth wrote 30 bytes to ecology
[dna] earth wrote 51 bytes to ecology
[dna] earth wrote 18 bytes to ecology
[dna] earth wrote 262 bytes to ecology
[dna] earth wrote 53 bytes to ecology
[dna] earth wrote 18 bytes to ecology
[dna] earth wrote 70 bytes to ecology
[dna] earth wrote 186 bytes to ecology
[dna] earth wrote 18 bytes to ecology
[dna] earth wrote 31 bytes to ecology
[dna] earth wrote 52 bytes to ecology
[dna] earth wrote 114 bytes to ecology
[dna] earth wrote 156 bytes to ecology
[debug-onto] tick=550 corpus=173643 stage=2 freeze=0
[dna] earth wrote 68 bytes to ecology
[dna] earth wrote 27 bytes to ecology
[dna] earth wrote 62 bytes to ecology
[dna] earth wrote 30 bytes to ecology
[dna] earth wrote 52 bytes to ecology
[dna] earth wrote 63 bytes to ecology
[dna] earth wrote 29 bytes to ecology
[dna] earth wrote 7 bytes to ecology
[dna] earth wrote 19 bytes to ecology
[dna] earth wrote 100 bytes to ecology
[dna] earth wrote 27 bytes to ecology
[dna] earth wrote 30 bytes to ecology
[dna] earth wrote 122 bytes to ecology
[dna] earth wrote 106 bytes to ecology
[dna] earth wrote 201 bytes to ecology
[dna] earth wrote 31 bytes to ecology
[debug-onto] tick=600 corpus=173643 stage=2 freeze=0
[dna] earth wrote 63 bytes to ecology
[dna] earth wrote 34 bytes to ecology
[dna] earth wrote 255 bytes to ecology
[dna] earth wrote 82 bytes to ecology
[dna] earth wrote 181 bytes to ecology
[dna] earth wrote 85 bytes to ecology
[dna] earth wrote 58 bytes to ecology
[dna] earth wrote 61 bytes to ecology
[dna] earth wrote 87 bytes to ecology
[dna] earth wrote 78 bytes to ecology
[dna] earth wrote 42 bytes to ecology
[dna] earth wrote 35 bytes to ecology
[dna] earth wrote 58 bytes to ecology
[dna] earth wrote 60 bytes to ecology
[dna] earth wrote 71 bytes to ecology
[dna] earth wrote 50 bytes to ecology
[dna] earth wrote 157 bytes to ecology
[debug-onto] tick=650 corpus=173643 stage=2 freeze=0
[dna] earth wrote 42 bytes to ecology
[dna] earth wrote 27 bytes to ecology
[dna] earth wrote 24 bytes to ecology
[dna] earth wrote 40 bytes to ecology
[dna] earth wrote 123 bytes to ecology
[dna] earth wrote 48 bytes to ecology
[dna] earth wrote 47 bytes to ecology
[dna] earth wrote 39 bytes to ecology
[dna] earth wrote 218 bytes to ecology
[dna] earth wrote 22 bytes to ecology
[dna] earth wrote 125 bytes to ecology
[dna] earth wrote 123 bytes to ecology

[evolution] Organism shutting down gracefully.
