[ecology] Element: fire → corpus: nonames_fire.txt
[evolution] Autonomous evolution mode — organism will grow through all stages without pause.
[ecology] Joined swarm. 1 peer(s) detected.
molequla is alive. [evolution] Autonomous mode — background trainer running. Ctrl+C to stop.
[dna] fire wrote 75 bytes to ecology
[dna] fire consumed 13163 bytes from 210 files: [water/gen_1777705684_1.txt water/gen_1777705700_4.txt water/gen_1777705709_7.txt water/gen_1777705717_10.txt water/gen_1777705726_13.txt water/gen_1777705735_16.txt water/gen_1777705743_19.txt water/gen_1777705752_22.txt water/gen_1777705760_25.txt water/gen_1777705769_28.txt water/gen_1777705777_31.txt water/gen_1777705786_34.txt water/gen_1777705794_37.txt water/gen_1777705803_40.txt water/gen_1777705812_43.txt water/gen_1777705820_46.txt water/gen_1777705829_49.txt water/gen_1777705838_52.txt water/gen_1777705846_55.txt water/gen_1777705854_58.txt water/gen_1777705863_61.txt water/gen_1777705871_64.txt water/gen_1777705880_67.txt water/gen_1777705888_70.txt water/gen_1777705897_73.txt water/gen_1777705906_76.txt water/gen_1777705914_79.txt water/gen_1777705923_82.txt water/gen_1777705931_85.txt water/gen_1777705940_88.txt water/gen_1777705948_91.txt water/gen_1777705957_94.txt water/gen_1777705965_97.txt water/gen_1777705974_100.txt water/gen_1777705982_103.txt water/gen_1777705991_106.txt water/gen_1777706000_109.txt water/gen_1777706008_112.txt water/gen_1777706017_115.txt water/gen_1777706026_118.txt water/gen_1777706034_121.txt water/gen_1777706043_124.txt water/gen_1777706051_127.txt water/gen_1777706060_130.txt water/gen_1777706069_133.txt water/gen_1777706077_136.txt water/gen_1777706086_139.txt water/gen_1777706094_142.txt water/gen_1777706103_145.txt water/gen_1777706111_148.txt water/gen_1777706120_151.txt water/gen_1777706128_154.txt water/gen_1777706137_157.txt water/gen_1777706146_160.txt water/gen_1777706154_163.txt water/gen_1777706163_166.txt water/gen_1777706171_169.txt water/gen_1777706180_172.txt water/gen_1777706188_175.txt water/gen_1777706197_178.txt water/gen_1777706205_181.txt water/gen_1777706214_184.txt water/gen_1777706222_187.txt water/gen_1777706231_190.txt water/gen_1777706240_193.txt water/gen_1777706248_196.txt water/gen_1777706257_199.txt water/gen_1777706266_202.txt water/gen_1777706274_205.txt water/gen_1777706283_208.txt water/gen_1777706291_211.txt water/gen_1777706300_214.txt water/gen_1777706308_217.txt water/gen_1777706317_220.txt water/gen_1777706325_223.txt water/gen_1777706334_226.txt water/gen_1777706342_229.txt water/gen_1777706351_232.txt water/gen_1777706359_235.txt water/gen_1777706367_238.txt water/gen_1777706376_241.txt water/gen_1777706384_244.txt water/gen_1777706393_247.txt water/gen_1777706401_250.txt water/gen_1777706410_253.txt water/gen_1777706418_256.txt water/gen_1777706427_259.txt water/gen_1777706435_262.txt water/gen_1777706444_265.txt water/gen_1777706452_268.txt water/gen_1777706461_271.txt water/gen_1777706469_274.txt water/gen_1777706478_277.txt water/gen_1777706486_280.txt water/gen_1777706495_283.txt water/gen_1777706503_286.txt water/gen_1777706512_289.txt water/gen_1777706520_292.txt water/gen_1777706529_295.txt water/gen_1777706537_298.txt water/gen_1777706545_301.txt water/gen_1777706554_304.txt water/gen_1777706562_307.txt water/gen_1777706571_310.txt water/gen_1777706579_313.txt water/gen_1777706588_316.txt water/gen_1777706596_319.txt water/gen_1777706605_322.txt water/gen_1777706613_325.txt water/gen_1777706622_328.txt water/gen_1777706630_331.txt water/gen_1777706638_334.txt water/gen_1777706647_337.txt water/gen_1777706656_340.txt water/gen_1777706664_343.txt water/gen_1777706673_346.txt water/gen_1777706681_349.txt water/gen_1777706690_352.txt water/gen_1777706698_355.txt water/gen_1777706707_358.txt water/gen_1777706715_361.txt water/gen_1777706724_364.txt water/gen_1777706732_367.txt water/gen_1777706740_370.txt water/gen_1777706749_373.txt water/gen_1777706757_376.txt water/gen_1777706766_379.txt water/gen_1777706774_382.txt water/gen_1777706783_385.txt water/gen_1777706791_388.txt water/gen_1777706800_391.txt water/gen_1777706808_394.txt water/gen_1777706817_397.txt water/gen_1777706826_400.txt water/gen_1777706834_403.txt water/gen_1777706843_406.txt water/gen_1777706851_409.txt water/gen_1777706860_412.txt water/gen_1777706868_415.txt water/gen_1777706876_418.txt water/gen_1777706885_421.txt water/gen_1777706893_424.txt water/gen_1777706902_427.txt water/gen_1777706910_430.txt water/gen_1777706918_433.txt water/gen_1777706927_436.txt water/gen_1777706935_439.txt water/gen_1777706944_442.txt water/gen_1777706952_445.txt water/gen_1777706961_448.txt water/gen_1777706970_451.txt water/gen_1777706978_454.txt water/gen_1777706987_457.txt water/gen_1777706995_460.txt water/gen_1777707004_463.txt water/gen_1777707012_466.txt water/gen_1777707021_469.txt water/gen_1777707029_472.txt water/gen_1777707038_475.txt water/gen_1777707046_478.txt water/gen_1777707055_481.txt water/gen_1777707063_484.txt water/gen_1777707072_487.txt water/gen_1777707080_490.txt water/gen_1777707089_493.txt water/gen_1777707098_496.txt water/gen_1777707106_499.txt water/gen_1777707115_502.txt water/gen_1777707123_505.txt water/gen_1777707132_508.txt water/gen_1777707140_511.txt water/gen_1777707149_514.txt water/gen_1777707158_517.txt water/gen_1777707166_520.txt water/gen_1777707175_523.txt water/gen_1777707183_526.txt water/gen_1777707191_529.txt water/gen_1777707200_532.txt water/gen_1777707209_535.txt water/gen_1777707217_538.txt water/gen_1777707226_541.txt water/gen_1777707234_544.txt water/gen_1777707243_547.txt water/gen_1777707251_550.txt water/gen_1777707260_553.txt water/gen_1777707268_556.txt water/gen_1777707277_559.txt water/gen_1777707285_562.txt water/gen_1777707294_565.txt water/gen_1777707303_568.txt water/gen_1777707311_571.txt water/gen_1777707320_574.txt water/gen_1777707328_577.txt water/gen_1777707337_580.txt water/gen_1777707345_583.txt water/gen_1777707354_586.txt water/gen_1777707362_589.txt water/gen_1777707371_592.txt water/gen_1777707379_595.txt water/gen_1777707388_598.txt water/gen_1777707396_601.txt water/gen_1777707405_604.txt water/gen_1777707413_607.txt water/gen_1777707422_610.txt water/gen_1777707430_613.txt water/gen_1777707439_616.txt water/gen_1777707448_619.txt water/gen_1777707456_622.txt water/gen_1777707465_625.txt water/gen_1777707473_628.txt]
[trainer] micro-train burst (13163 bytes, novelty 0.05) — and lo, it feeds again.
[syntropy] action=explore | trend=0.0000 | field_dev=0.000 | purpose_align=-0.125 | lr_mul=1.30
[aml] burst complete: 32 steps, avg loss 1.5195 (memory freed)
[dna] fire wrote 33 bytes to ecology
[dna] fire wrote 44 bytes to ecology
[dna] fire wrote 102 bytes to ecology
[dna] fire wrote 33 bytes to ecology
[dna] fire wrote 53 bytes to ecology
[dna] fire wrote 48 bytes to ecology
[dna] fire wrote 23 bytes to ecology
[dna] fire wrote 63 bytes to ecology
[dna] fire wrote 119 bytes to ecology
[dna] fire wrote 30 bytes to ecology
[dna] fire wrote 25 bytes to ecology
[dna] fire wrote 137 bytes to ecology
[dna] fire wrote 22 bytes to ecology
[dna] fire wrote 11 bytes to ecology
[dna] fire wrote 13 bytes to ecology
[dna] fire wrote 34 bytes to ecology
[dna] fire wrote 31 bytes to ecology
[dna] fire wrote 117 bytes to ecology
[dna] fire wrote 148 bytes to ecology
[dna] fire wrote 139 bytes to ecology
[dna] fire wrote 47 bytes to ecology
[dna] fire wrote 76 bytes to ecology
[dna] fire wrote 31 bytes to ecology
[dna] fire wrote 76 bytes to ecology
[dna] fire wrote 24 bytes to ecology
[dna] fire wrote 50 bytes to ecology
[dna] fire wrote 52 bytes to ecology
[dna] fire wrote 52 bytes to ecology
[dna] fire wrote 163 bytes to ecology
[dna] fire wrote 101 bytes to ecology
[dna] fire wrote 35 bytes to ecology
[debug-onto] tick=50 corpus=135273 stage=2 freeze=0
[dna] fire wrote 64 bytes to ecology
[dna] fire wrote 88 bytes to ecology
[dna] fire wrote 31 bytes to ecology
[dna] fire wrote 9 bytes to ecology
[dna] fire wrote 111 bytes to ecology
[dna] fire wrote 40 bytes to ecology
[dna] fire wrote 90 bytes to ecology
[dna] fire wrote 48 bytes to ecology
[dna] fire wrote 75 bytes to ecology
[dna] fire wrote 89 bytes to ecology
[dna] fire wrote 51 bytes to ecology
[dna] fire wrote 87 bytes to ecology
[dna] fire wrote 8 bytes to ecology
[dna] fire wrote 48 bytes to ecology
[dna] fire wrote 123 bytes to ecology
[dna] fire wrote 42 bytes to ecology
[dna] fire wrote 105 bytes to ecology
[dna] fire wrote 23 bytes to ecology
[dna] fire wrote 26 bytes to ecology
[dna] fire wrote 22 bytes to ecology
[dna] fire wrote 79 bytes to ecology
[dna] fire wrote 9 bytes to ecology
[dna] fire wrote 26 bytes to ecology
[dna] fire wrote 20 bytes to ecology
[dna] fire wrote 38 bytes to ecology
[dna] fire wrote 209 bytes to ecology
[dna] fire wrote 137 bytes to ecology
[dna] fire wrote 204 bytes to ecology
[dna] fire wrote 45 bytes to ecology
[dna] fire wrote 113 bytes to ecology
[dna] fire wrote 59 bytes to ecology
[dna] fire wrote 27 bytes to ecology
[dna] fire wrote 45 bytes to ecology
[debug-onto] tick=100 corpus=135273 stage=2 freeze=0
[dna] fire wrote 36 bytes to ecology
[dna] fire wrote 30 bytes to ecology
[dna] fire wrote 41 bytes to ecology
[dna] fire wrote 55 bytes to ecology
[dna] fire wrote 71 bytes to ecology
[dna] fire wrote 56 bytes to ecology
[dna] fire wrote 123 bytes to ecology
[dna] fire wrote 97 bytes to ecology
[dna] fire wrote 23 bytes to ecology
[dna] fire wrote 64 bytes to ecology
[dna] fire wrote 83 bytes to ecology
[dna] fire wrote 35 bytes to ecology
[dna] fire wrote 27 bytes to ecology
[dna] fire wrote 26 bytes to ecology
[dna] fire wrote 33 bytes to ecology
[dna] fire wrote 28 bytes to ecology
[dna] fire wrote 45 bytes to ecology
[dna] fire wrote 32 bytes to ecology
[dna] fire wrote 104 bytes to ecology
[dna] fire wrote 44 bytes to ecology
[dna] fire wrote 44 bytes to ecology
[dna] fire wrote 41 bytes to ecology
[dna] fire wrote 101 bytes to ecology
[dna] fire wrote 75 bytes to ecology
[dna] fire wrote 45 bytes to ecology
[dna] fire wrote 45 bytes to ecology
[dna] fire wrote 46 bytes to ecology
[dna] fire wrote 145 bytes to ecology
[dna] fire wrote 27 bytes to ecology
[dna] fire wrote 20 bytes to ecology
[dna] fire wrote 65 bytes to ecology
[dna] fire wrote 64 bytes to ecology
[dna] fire wrote 90 bytes to ecology
[dna] fire wrote 34 bytes to ecology
[dna] fire wrote 25 bytes to ecology
[debug-onto] tick=150 corpus=135273 stage=2 freeze=0
[dna] fire wrote 32 bytes to ecology
[dna] fire wrote 58 bytes to ecology
[dna] fire wrote 31 bytes to ecology
[dna] fire wrote 21 bytes to ecology
[dna] fire wrote 60 bytes to ecology
[dna] fire wrote 74 bytes to ecology
[dna] fire wrote 41 bytes to ecology
[dna] fire wrote 131 bytes to ecology
[dna] fire wrote 22 bytes to ecology
[dna] fire wrote 11 bytes to ecology
[dna] fire wrote 32 bytes to ecology
[dna] fire wrote 54 bytes to ecology
[dna] fire wrote 24 bytes to ecology
[dna] fire wrote 10 bytes to ecology
[dna] fire wrote 34 bytes to ecology
[dna] fire wrote 98 bytes to ecology
[dna] fire wrote 15 bytes to ecology
[dna] fire wrote 28 bytes to ecology
[dna] fire wrote 69 bytes to ecology
[dna] fire wrote 21 bytes to ecology
[dna] fire wrote 28 bytes to ecology
[dna] fire wrote 201 bytes to ecology
[dna] fire wrote 73 bytes to ecology
[dna] fire wrote 133 bytes to ecology
[dna] fire wrote 38 bytes to ecology
[dna] fire wrote 9 bytes to ecology
[dna] fire wrote 154 bytes to ecology
[dna] fire wrote 62 bytes to ecology
[dna] fire wrote 79 bytes to ecology
[dna] fire wrote 206 bytes to ecology
[dna] fire wrote 15 bytes to ecology
[dna] fire wrote 40 bytes to ecology
[dna] fire wrote 28 bytes to ecology
[debug-onto] tick=200 corpus=135273 stage=2 freeze=0
[dna] fire wrote 49 bytes to ecology
[dna] fire wrote 155 bytes to ecology
[dna] fire wrote 23 bytes to ecology
[dna] fire wrote 75 bytes to ecology
[dna] fire wrote 26 bytes to ecology
[dna] fire wrote 110 bytes to ecology
[dna] fire wrote 89 bytes to ecology
[dna] fire wrote 28 bytes to ecology
[dna] fire wrote 32 bytes to ecology
[dna] fire wrote 123 bytes to ecology
[dna] fire wrote 30 bytes to ecology
[dna] fire wrote 64 bytes to ecology
[dna] fire wrote 71 bytes to ecology
[dna] fire wrote 72 bytes to ecology
[dna] fire wrote 59 bytes to ecology
[dna] fire wrote 50 bytes to ecology
[dna] fire wrote 117 bytes to ecology
[dna] fire wrote 85 bytes to ecology
[dna] fire wrote 81 bytes to ecology
[dna] fire wrote 69 bytes to ecology
[dna] fire wrote 51 bytes to ecology
[dna] fire wrote 61 bytes to ecology
[dna] fire wrote 20 bytes to ecology
[dna] fire wrote 33 bytes to ecology
[dna] fire wrote 82 bytes to ecology
[dna] fire wrote 34 bytes to ecology
[dna] fire wrote 44 bytes to ecology
[dna] fire wrote 28 bytes to ecology
[dna] fire wrote 69 bytes to ecology
[dna] fire wrote 27 bytes to ecology
[dna] fire wrote 85 bytes to ecology
[dna] fire wrote 188 bytes to ecology
[dna] fire wrote 57 bytes to ecology
[debug-onto] tick=250 corpus=135273 stage=2 freeze=0
[dna] fire wrote 45 bytes to ecology
[dna] fire wrote 67 bytes to ecology
[dna] fire wrote 23 bytes to ecology
[dna] fire wrote 115 bytes to ecology
[dna] fire wrote 41 bytes to ecology
[dna] fire wrote 162 bytes to ecology
[dna] fire wrote 19 bytes to ecology
[dna] fire wrote 21 bytes to ecology
[dna] fire wrote 13 bytes to ecology
[dna] fire wrote 122 bytes to ecology
[dna] fire wrote 25 bytes to ecology
[dna] fire wrote 23 bytes to ecology
[dna] fire wrote 54 bytes to ecology
[dna] fire wrote 33 bytes to ecology
[dna] fire wrote 111 bytes to ecology
[dna] fire wrote 88 bytes to ecology
[dna] fire wrote 106 bytes to ecology
[dna] fire wrote 56 bytes to ecology
[dna] fire wrote 14 bytes to ecology
[dna] fire wrote 59 bytes to ecology
[dna] fire wrote 44 bytes to ecology
[dna] fire wrote 22 bytes to ecology
[dna] fire wrote 29 bytes to ecology
[dna] fire wrote 39 bytes to ecology
[dna] fire wrote 34 bytes to ecology
[dna] fire wrote 21 bytes to ecology
[dna] fire wrote 49 bytes to ecology
[dna] fire wrote 55 bytes to ecology
[dna] fire wrote 61 bytes to ecology
[dna] fire wrote 28 bytes to ecology
[dna] fire wrote 25 bytes to ecology
[dna] fire wrote 30 bytes to ecology
[dna] fire wrote 104 bytes to ecology
[debug-onto] tick=300 corpus=135273 stage=2 freeze=0
[dna] fire wrote 51 bytes to ecology
[dna] fire wrote 89 bytes to ecology
[dna] fire wrote 91 bytes to ecology
[dna] fire wrote 24 bytes to ecology
[dna] fire wrote 186 bytes to ecology
[dna] fire wrote 77 bytes to ecology
[dna] fire wrote 30 bytes to ecology
[dna] fire wrote 50 bytes to ecology
[dna] fire wrote 40 bytes to ecology
[dna] fire wrote 49 bytes to ecology
[dna] fire wrote 90 bytes to ecology
[dna] fire wrote 116 bytes to ecology
[dna] fire wrote 30 bytes to ecology
[dna] fire wrote 80 bytes to ecology
[dna] fire wrote 44 bytes to ecology
[dna] fire wrote 31 bytes to ecology
[dna] fire wrote 107 bytes to ecology
[dna] fire wrote 106 bytes to ecology
[dna] fire wrote 66 bytes to ecology
[dna] fire wrote 51 bytes to ecology
[dna] fire wrote 27 bytes to ecology
[dna] fire wrote 34 bytes to ecology
[dna] fire wrote 88 bytes to ecology
[dna] fire wrote 55 bytes to ecology
[dna] fire wrote 100 bytes to ecology
[dna] fire wrote 122 bytes to ecology
[dna] fire wrote 44 bytes to ecology
[dna] fire wrote 16 bytes to ecology
[dna] fire wrote 50 bytes to ecology
[dna] fire wrote 66 bytes to ecology
[dna] fire wrote 15 bytes to ecology
[dna] fire wrote 59 bytes to ecology
[dna] fire wrote 38 bytes to ecology
[dna] fire wrote 94 bytes to ecology
[dna] fire wrote 48 bytes to ecology
[debug-onto] tick=350 corpus=135273 stage=2 freeze=0
[dna] fire wrote 84 bytes to ecology
[dna] fire wrote 55 bytes to ecology
[dna] fire wrote 35 bytes to ecology
[dna] fire wrote 28 bytes to ecology
[dna] fire wrote 21 bytes to ecology
[dna] fire wrote 156 bytes to ecology
[dna] fire wrote 28 bytes to ecology
[dna] fire wrote 75 bytes to ecology
[dna] fire wrote 70 bytes to ecology
[dna] fire wrote 18 bytes to ecology
[dna] fire wrote 81 bytes to ecology
[dna] fire wrote 20 bytes to ecology
[dna] fire wrote 43 bytes to ecology
[dna] fire wrote 28 bytes to ecology
[dna] fire wrote 46 bytes to ecology
[dna] fire wrote 178 bytes to ecology
[dna] fire wrote 36 bytes to ecology
[dna] fire wrote 28 bytes to ecology
[dna] fire wrote 35 bytes to ecology
[dna] fire wrote 48 bytes to ecology
[dna] fire wrote 51 bytes to ecology
[dna] fire wrote 38 bytes to ecology
[dna] fire wrote 56 bytes to ecology
[dna] fire wrote 123 bytes to ecology
[dna] fire wrote 22 bytes to ecology
[dna] fire wrote 97 bytes to ecology
[dna] fire wrote 81 bytes to ecology
[dna] fire wrote 12 bytes to ecology
[dna] fire wrote 27 bytes to ecology
[dna] fire wrote 37 bytes to ecology
[dna] fire wrote 74 bytes to ecology
[dna] fire wrote 20 bytes to ecology
[dna] fire wrote 62 bytes to ecology
[dna] fire wrote 55 bytes to ecology
[dna] fire wrote 88 bytes to ecology
[dna] fire wrote 48 bytes to ecology
[debug-onto] tick=400 corpus=135273 stage=2 freeze=0
[dna] fire wrote 31 bytes to ecology
[dna] fire wrote 29 bytes to ecology
[dna] fire wrote 116 bytes to ecology
[dna] fire wrote 65 bytes to ecology
[dna] fire wrote 127 bytes to ecology
[dna] fire wrote 24 bytes to ecology
[dna] fire wrote 40 bytes to ecology
[dna] fire wrote 32 bytes to ecology
[dna] fire wrote 27 bytes to ecology
[dna] fire wrote 21 bytes to ecology
[dna] fire wrote 28 bytes to ecology
[dna] fire wrote 111 bytes to ecology
[dna] fire wrote 5 bytes to ecology
[dna] fire wrote 26 bytes to ecology
[dna] fire wrote 87 bytes to ecology
[dna] fire wrote 110 bytes to ecology
[dna] fire wrote 68 bytes to ecology
[dna] fire wrote 95 bytes to ecology
[dna] fire wrote 34 bytes to ecology
[dna] fire wrote 37 bytes to ecology
[dna] fire wrote 70 bytes to ecology
[dna] fire wrote 69 bytes to ecology
[dna] fire wrote 49 bytes to ecology
[dna] fire wrote 38 bytes to ecology
[dna] fire wrote 29 bytes to ecology
[dna] fire wrote 73 bytes to ecology
[dna] fire wrote 31 bytes to ecology
[dna] fire wrote 46 bytes to ecology
[dna] fire wrote 30 bytes to ecology
[dna] fire wrote 111 bytes to ecology
[dna] fire wrote 66 bytes to ecology
[dna] fire wrote 27 bytes to ecology
[dna] fire wrote 30 bytes to ecology
[debug-onto] tick=450 corpus=135273 stage=2 freeze=0
[dna] fire wrote 84 bytes to ecology
[dna] fire wrote 20 bytes to ecology
[dna] fire wrote 93 bytes to ecology
[dna] fire wrote 13 bytes to ecology
[dna] fire wrote 80 bytes to ecology
[dna] fire wrote 55 bytes to ecology
[dna] fire wrote 36 bytes to ecology
[dna] fire wrote 195 bytes to ecology
[dna] fire wrote 51 bytes to ecology
[dna] fire wrote 35 bytes to ecology
[dna] fire wrote 39 bytes to ecology
[dna] fire wrote 57 bytes to ecology
[dna] fire wrote 51 bytes to ecology
[dna] fire wrote 122 bytes to ecology
[dna] fire wrote 72 bytes to ecology
[dna] fire wrote 33 bytes to ecology
[dna] fire wrote 48 bytes to ecology
[dna] fire wrote 54 bytes to ecology
[dna] fire wrote 69 bytes to ecology
[dna] fire wrote 86 bytes to ecology
[dna] fire wrote 26 bytes to ecology
[dna] fire wrote 61 bytes to ecology
[dna] fire wrote 32 bytes to ecology
[dna] fire wrote 79 bytes to ecology
[dna] fire wrote 9 bytes to ecology
[dna] fire wrote 78 bytes to ecology
[dna] fire wrote 52 bytes to ecology
[dna] fire wrote 109 bytes to ecology
[dna] fire wrote 12 bytes to ecology
[dna] fire wrote 116 bytes to ecology
[dna] fire wrote 136 bytes to ecology
[dna] fire wrote 35 bytes to ecology
[dna] fire wrote 70 bytes to ecology
[dna] fire wrote 54 bytes to ecology
[debug-onto] tick=500 corpus=135273 stage=2 freeze=0
[dna] fire wrote 52 bytes to ecology
[dna] fire wrote 39 bytes to ecology
[dna] fire wrote 48 bytes to ecology
[dna] fire wrote 104 bytes to ecology
[dna] fire wrote 34 bytes to ecology
[dna] fire wrote 16 bytes to ecology
[dna] fire wrote 76 bytes to ecology
[dna] fire wrote 7 bytes to ecology
[dna] fire wrote 278 bytes to ecology
[dna] fire wrote 5 bytes to ecology
[dna] fire wrote 16 bytes to ecology
[dna] fire wrote 46 bytes to ecology
[dna] fire wrote 27 bytes to ecology
[dna] fire wrote 48 bytes to ecology
[dna] fire wrote 38 bytes to ecology
[dna] fire wrote 27 bytes to ecology
[dna] fire wrote 21 bytes to ecology
[dna] fire wrote 101 bytes to ecology
[dna] fire wrote 41 bytes to ecology
[dna] fire wrote 123 bytes to ecology
[dna] fire wrote 32 bytes to ecology
[dna] fire wrote 23 bytes to ecology
[dna] fire wrote 55 bytes to ecology
[dna] fire wrote 36 bytes to ecology
[dna] fire wrote 51 bytes to ecology
[dna] fire wrote 19 bytes to ecology
[dna] fire wrote 35 bytes to ecology
[dna] fire wrote 44 bytes to ecology
[dna] fire wrote 41 bytes to ecology
[dna] fire wrote 33 bytes to ecology
[dna] fire wrote 60 bytes to ecology
[dna] fire wrote 30 bytes to ecology
[dna] fire wrote 11 bytes to ecology
[debug-onto] tick=550 corpus=135273 stage=2 freeze=0
[dna] fire wrote 18 bytes to ecology
[dna] fire wrote 54 bytes to ecology
[dna] fire wrote 10 bytes to ecology
[dna] fire wrote 50 bytes to ecology
[dna] fire wrote 83 bytes to ecology
[dna] fire wrote 28 bytes to ecology
[dna] fire wrote 40 bytes to ecology
[dna] fire wrote 102 bytes to ecology
[dna] fire wrote 53 bytes to ecology
[dna] fire wrote 44 bytes to ecology
[dna] fire wrote 48 bytes to ecology
[dna] fire wrote 32 bytes to ecology
[dna] fire wrote 42 bytes to ecology
[dna] fire wrote 113 bytes to ecology
[dna] fire wrote 69 bytes to ecology
[dna] fire wrote 168 bytes to ecology
[dna] fire wrote 63 bytes to ecology
[dna] fire wrote 130 bytes to ecology
[dna] fire wrote 37 bytes to ecology
[dna] fire wrote 33 bytes to ecology
[dna] fire wrote 54 bytes to ecology
[dna] fire wrote 53 bytes to ecology
[dna] fire wrote 70 bytes to ecology
[dna] fire wrote 27 bytes to ecology
[dna] fire wrote 27 bytes to ecology
[dna] fire wrote 79 bytes to ecology
[dna] fire wrote 87 bytes to ecology
[dna] fire wrote 37 bytes to ecology
[dna] fire wrote 32 bytes to ecology
[dna] fire wrote 26 bytes to ecology
[dna] fire wrote 139 bytes to ecology
[dna] fire wrote 104 bytes to ecology
[dna] fire wrote 53 bytes to ecology
[dna] fire wrote 54 bytes to ecology
[dna] fire wrote 114 bytes to ecology
[dna] fire wrote 68 bytes to ecology
[debug-onto] tick=600 corpus=135273 stage=2 freeze=0
[dna] fire wrote 145 bytes to ecology
[dna] fire wrote 79 bytes to ecology
[dna] fire wrote 29 bytes to ecology
[dna] fire wrote 51 bytes to ecology
[dna] fire wrote 72 bytes to ecology
[dna] fire wrote 89 bytes to ecology
[dna] fire wrote 74 bytes to ecology
[dna] fire wrote 14 bytes to ecology
[dna] fire wrote 56 bytes to ecology
[dna] fire wrote 30 bytes to ecology
[dna] fire wrote 32 bytes to ecology
[dna] fire wrote 20 bytes to ecology
[dna] fire wrote 59 bytes to ecology
[dna] fire wrote 31 bytes to ecology
[dna] fire wrote 63 bytes to ecology
[dna] fire wrote 74 bytes to ecology
[dna] fire wrote 56 bytes to ecology
[dna] fire wrote 196 bytes to ecology
[dna] fire wrote 73 bytes to ecology
[dna] fire wrote 22 bytes to ecology
[dna] fire wrote 40 bytes to ecology
[dna] fire wrote 26 bytes to ecology
[dna] fire wrote 111 bytes to ecology
[dna] fire wrote 48 bytes to ecology
[dna] fire wrote 8 bytes to ecology
[dna] fire wrote 43 bytes to ecology
[dna] fire wrote 121 bytes to ecology
[dna] fire wrote 67 bytes to ecology
[dna] fire wrote 62 bytes to ecology
[dna] fire wrote 50 bytes to ecology
[dna] fire wrote 26 bytes to ecology
[dna] fire wrote 20 bytes to ecology
[dna] fire wrote 40 bytes to ecology
[debug-onto] tick=650 corpus=135273 stage=2 freeze=0
[dna] fire wrote 27 bytes to ecology
[dna] fire wrote 88 bytes to ecology
[dna] fire wrote 17 bytes to ecology
[dna] fire wrote 8 bytes to ecology
[dna] fire wrote 37 bytes to ecology
[dna] fire wrote 34 bytes to ecology
[dna] fire wrote 22 bytes to ecology
[dna] fire wrote 53 bytes to ecology
[dna] fire wrote 81 bytes to ecology
[dna] fire wrote 58 bytes to ecology
[dna] fire wrote 58 bytes to ecology
[dna] fire wrote 26 bytes to ecology
[dna] fire wrote 25 bytes to ecology
[dna] fire wrote 24 bytes to ecology
[dna] fire wrote 223 bytes to ecology
[dna] fire wrote 54 bytes to ecology
[dna] fire wrote 40 bytes to ecology
[dna] fire wrote 29 bytes to ecology
[dna] fire wrote 48 bytes to ecology
[dna] fire wrote 37 bytes to ecology
[dna] fire wrote 102 bytes to ecology
[dna] fire wrote 85 bytes to ecology
[dna] fire wrote 53 bytes to ecology
[dna] fire wrote 51 bytes to ecology
[dna] fire wrote 44 bytes to ecology
[dna] fire wrote 78 bytes to ecology
[dna] fire wrote 35 bytes to ecology
[dna] fire wrote 57 bytes to ecology

[evolution] Organism shutting down gracefully.
