[ecology] Element: water → corpus: nonames_water.txt
[evolution] Autonomous evolution mode — organism will grow through all stages without pause.
[ecology] Joined swarm. 1 peer(s) detected.
molequla is alive. [evolution] Autonomous mode — background trainer running. Ctrl+C to stop.
[dna] water wrote 27 bytes to ecology
[dna] water consumed 16993 bytes from 231 files: [air/gen_1777703883_1.txt air/gen_1777703899_4.txt air/gen_1777703907_7.txt air/gen_1777703915_10.txt air/gen_1777703923_13.txt air/gen_1777703930_16.txt air/gen_1777703938_19.txt air/gen_1777703945_22.txt air/gen_1777703953_25.txt air/gen_1777703961_28.txt air/gen_1777703968_31.txt air/gen_1777703976_34.txt air/gen_1777703984_37.txt air/gen_1777703991_40.txt air/gen_1777703999_43.txt air/gen_1777704007_46.txt air/gen_1777704015_49.txt air/gen_1777704022_52.txt air/gen_1777704030_55.txt air/gen_1777704038_58.txt air/gen_1777704045_61.txt air/gen_1777704053_64.txt air/gen_1777704061_67.txt air/gen_1777704068_70.txt air/gen_1777704076_73.txt air/gen_1777704084_76.txt air/gen_1777704092_79.txt air/gen_1777704099_82.txt air/gen_1777704107_85.txt air/gen_1777704115_88.txt air/gen_1777704123_91.txt air/gen_1777704130_94.txt air/gen_1777704138_97.txt air/gen_1777704146_100.txt air/gen_1777704153_103.txt air/gen_1777704161_106.txt air/gen_1777704169_109.txt air/gen_1777704177_112.txt air/gen_1777704184_115.txt air/gen_1777704192_118.txt air/gen_1777704200_121.txt air/gen_1777704208_124.txt air/gen_1777704216_127.txt air/gen_1777704223_130.txt air/gen_1777704231_133.txt air/gen_1777704239_136.txt air/gen_1777704247_139.txt air/gen_1777704254_142.txt air/gen_1777704262_145.txt air/gen_1777704270_148.txt air/gen_1777704278_151.txt air/gen_1777704285_154.txt air/gen_1777704293_157.txt air/gen_1777704301_160.txt air/gen_1777704309_163.txt air/gen_1777704317_166.txt air/gen_1777704324_169.txt air/gen_1777704332_172.txt air/gen_1777704340_175.txt air/gen_1777704348_178.txt air/gen_1777704355_181.txt air/gen_1777704363_184.txt air/gen_1777704371_187.txt air/gen_1777704379_190.txt air/gen_1777704386_193.txt air/gen_1777704394_196.txt air/gen_1777704402_199.txt air/gen_1777704410_202.txt air/gen_1777704418_205.txt air/gen_1777704425_208.txt air/gen_1777704433_211.txt air/gen_1777704441_214.txt air/gen_1777704449_217.txt air/gen_1777704457_220.txt air/gen_1777704464_223.txt air/gen_1777704472_226.txt air/gen_1777704480_229.txt air/gen_1777704488_232.txt air/gen_1777704495_235.txt air/gen_1777704503_238.txt air/gen_1777704511_241.txt air/gen_1777704519_244.txt air/gen_1777704526_247.txt air/gen_1777704534_250.txt air/gen_1777704542_253.txt air/gen_1777704550_256.txt air/gen_1777704557_259.txt air/gen_1777704565_262.txt air/gen_1777704573_265.txt air/gen_1777704580_268.txt air/gen_1777704588_271.txt air/gen_1777704596_274.txt air/gen_1777704604_277.txt air/gen_1777704611_280.txt air/gen_1777704619_283.txt air/gen_1777704627_286.txt air/gen_1777704634_289.txt air/gen_1777704642_292.txt air/gen_1777704650_295.txt air/gen_1777704657_298.txt air/gen_1777704665_301.txt air/gen_1777704673_304.txt air/gen_1777704680_307.txt air/gen_1777704688_310.txt air/gen_1777704696_313.txt air/gen_1777704704_316.txt air/gen_1777704711_319.txt air/gen_1777704727_325.txt air/gen_1777704735_328.txt air/gen_1777704742_331.txt air/gen_1777704750_334.txt air/gen_1777704758_337.txt air/gen_1777704765_340.txt air/gen_1777704773_343.txt air/gen_1777704781_346.txt air/gen_1777704789_349.txt air/gen_1777704796_352.txt air/gen_1777704804_355.txt air/gen_1777704812_358.txt air/gen_1777704819_361.txt air/gen_1777704827_364.txt air/gen_1777704835_367.txt air/gen_1777704843_370.txt air/gen_1777704850_373.txt air/gen_1777704858_376.txt air/gen_1777704866_379.txt air/gen_1777704873_382.txt air/gen_1777704881_385.txt air/gen_1777704889_388.txt air/gen_1777704897_391.txt air/gen_1777704904_394.txt air/gen_1777704912_397.txt air/gen_1777704920_400.txt air/gen_1777704928_403.txt air/gen_1777704935_406.txt air/gen_1777704943_409.txt air/gen_1777704951_412.txt air/gen_1777704959_415.txt air/gen_1777704966_418.txt air/gen_1777704974_421.txt air/gen_1777704982_424.txt air/gen_1777704989_427.txt air/gen_1777704997_430.txt air/gen_1777705005_433.txt air/gen_1777705013_436.txt air/gen_1777705020_439.txt air/gen_1777705028_442.txt air/gen_1777705036_445.txt air/gen_1777705044_448.txt air/gen_1777705051_451.txt air/gen_1777705059_454.txt air/gen_1777705067_457.txt air/gen_1777705074_460.txt air/gen_1777705082_463.txt air/gen_1777705090_466.txt air/gen_1777705097_469.txt air/gen_1777705105_472.txt air/gen_1777705113_475.txt air/gen_1777705120_478.txt air/gen_1777705128_481.txt air/gen_1777705136_484.txt air/gen_1777705144_487.txt air/gen_1777705151_490.txt air/gen_1777705159_493.txt air/gen_1777705167_496.txt air/gen_1777705174_499.txt air/gen_1777705182_502.txt air/gen_1777705190_505.txt air/gen_1777705197_508.txt air/gen_1777705205_511.txt air/gen_1777705213_514.txt air/gen_1777705220_517.txt air/gen_1777705228_520.txt air/gen_1777705236_523.txt air/gen_1777705243_526.txt air/gen_1777705251_529.txt air/gen_1777705259_532.txt air/gen_1777705267_535.txt air/gen_1777705274_538.txt air/gen_1777705282_541.txt air/gen_1777705290_544.txt air/gen_1777705298_547.txt air/gen_1777705305_550.txt air/gen_1777705313_553.txt air/gen_1777705321_556.txt air/gen_1777705329_559.txt air/gen_1777705337_562.txt air/gen_1777705345_565.txt air/gen_1777705353_568.txt air/gen_1777705361_571.txt air/gen_1777705368_574.txt air/gen_1777705376_577.txt air/gen_1777705384_580.txt air/gen_1777705392_583.txt air/gen_1777705399_586.txt air/gen_1777705407_589.txt air/gen_1777705415_592.txt air/gen_1777705422_595.txt air/gen_1777705430_598.txt air/gen_1777705438_601.txt air/gen_1777705446_604.txt air/gen_1777705453_607.txt air/gen_1777705461_610.txt air/gen_1777705469_613.txt air/gen_1777705477_616.txt air/gen_1777705485_619.txt air/gen_1777705492_622.txt air/gen_1777705500_625.txt air/gen_1777705508_628.txt air/gen_1777705516_631.txt air/gen_1777705523_634.txt air/gen_1777705531_637.txt air/gen_1777705539_640.txt air/gen_1777705546_643.txt air/gen_1777705554_646.txt air/gen_1777705562_649.txt air/gen_1777705570_652.txt air/gen_1777705578_655.txt air/gen_1777705585_658.txt air/gen_1777705593_661.txt air/gen_1777705601_664.txt air/gen_1777705609_667.txt air/gen_1777705616_670.txt air/gen_1777705624_673.txt air/gen_1777705632_676.txt air/gen_1777705640_679.txt air/gen_1777705648_682.txt air/gen_1777705655_685.txt air/gen_1777705663_688.txt air/gen_1777705671_691.txt air/gen_1777705679_694.txt]
[trainer] micro-train burst (16993 bytes, novelty 0.03) — and lo, it feeds again.
[syntropy] action=explore | trend=0.0000 | field_dev=-0.061 | purpose_align=-0.124 | lr_mul=1.30
[aml] burst complete: 32 steps, avg loss 1.7282 (memory freed)
[dna] water wrote 23 bytes to ecology
[dna] water wrote 9 bytes to ecology
[dna] water wrote 48 bytes to ecology
[dna] water wrote 43 bytes to ecology
[dna] water wrote 9 bytes to ecology
[dna] water wrote 117 bytes to ecology
[dna] water wrote 42 bytes to ecology
[dna] water wrote 9 bytes to ecology
[dna] water wrote 80 bytes to ecology
[dna] water wrote 87 bytes to ecology
[dna] water wrote 9 bytes to ecology
[dna] water wrote 52 bytes to ecology
[dna] water wrote 30 bytes to ecology
[dna] water wrote 9 bytes to ecology
[dna] water wrote 55 bytes to ecology
[dna] water wrote 73 bytes to ecology
[dna] water wrote 9 bytes to ecology
[dna] water wrote 137 bytes to ecology
[dna] water wrote 150 bytes to ecology
[dna] water wrote 9 bytes to ecology
[dna] water wrote 26 bytes to ecology
[dna] water wrote 134 bytes to ecology
[dna] water wrote 9 bytes to ecology
[dna] water wrote 38 bytes to ecology
[debug-onto] tick=50 corpus=142921 stage=2 freeze=0
[dna] water wrote 63 bytes to ecology
[dna] water wrote 9 bytes to ecology
[dna] water wrote 41 bytes to ecology
[dna] water wrote 35 bytes to ecology
[dna] water wrote 9 bytes to ecology
[dna] water wrote 72 bytes to ecology
[dna] water wrote 115 bytes to ecology
[dna] water wrote 9 bytes to ecology
[dna] water wrote 89 bytes to ecology
[dna] water wrote 40 bytes to ecology
[dna] water wrote 9 bytes to ecology
[dna] water wrote 49 bytes to ecology
[dna] water wrote 30 bytes to ecology
[dna] water wrote 9 bytes to ecology
[dna] water wrote 95 bytes to ecology
[dna] water wrote 72 bytes to ecology
[dna] water wrote 9 bytes to ecology
[dna] water wrote 48 bytes to ecology
[dna] water wrote 51 bytes to ecology
[dna] water wrote 9 bytes to ecology
[dna] water wrote 52 bytes to ecology
[dna] water wrote 50 bytes to ecology
[dna] water wrote 9 bytes to ecology
[dna] water wrote 79 bytes to ecology
[dna] water wrote 43 bytes to ecology
[debug-onto] tick=100 corpus=142921 stage=2 freeze=0
[dna] water wrote 9 bytes to ecology
[dna] water wrote 83 bytes to ecology
[dna] water wrote 125 bytes to ecology
[dna] water wrote 9 bytes to ecology
[dna] water wrote 97 bytes to ecology
[dna] water wrote 53 bytes to ecology
[dna] water wrote 9 bytes to ecology
[dna] water wrote 31 bytes to ecology
[dna] water wrote 26 bytes to ecology
[dna] water wrote 9 bytes to ecology
[dna] water wrote 48 bytes to ecology
[dna] water wrote 74 bytes to ecology
[dna] water wrote 9 bytes to ecology
[dna] water wrote 49 bytes to ecology
[dna] water wrote 59 bytes to ecology
[dna] water wrote 9 bytes to ecology
[dna] water wrote 34 bytes to ecology
[dna] water wrote 31 bytes to ecology
[dna] water wrote 9 bytes to ecology
[dna] water wrote 31 bytes to ecology
[dna] water wrote 85 bytes to ecology
[dna] water wrote 9 bytes to ecology
[dna] water wrote 15 bytes to ecology
[dna] water wrote 88 bytes to ecology
[dna] water wrote 9 bytes to ecology
[debug-onto] tick=150 corpus=142921 stage=2 freeze=0
[dna] water wrote 81 bytes to ecology
[dna] water wrote 118 bytes to ecology
[dna] water wrote 9 bytes to ecology
[dna] water wrote 30 bytes to ecology
[dna] water wrote 26 bytes to ecology
[dna] water wrote 9 bytes to ecology
[dna] water wrote 30 bytes to ecology
[dna] water wrote 39 bytes to ecology
[dna] water wrote 9 bytes to ecology
[dna] water wrote 96 bytes to ecology
[dna] water wrote 33 bytes to ecology
[dna] water wrote 9 bytes to ecology
[dna] water wrote 55 bytes to ecology
[dna] water wrote 32 bytes to ecology
[dna] water wrote 9 bytes to ecology
[dna] water wrote 132 bytes to ecology
[dna] water wrote 98 bytes to ecology
[dna] water wrote 9 bytes to ecology
[dna] water wrote 40 bytes to ecology
[dna] water wrote 98 bytes to ecology
[dna] water wrote 9 bytes to ecology
[dna] water wrote 21 bytes to ecology
[dna] water wrote 42 bytes to ecology
[dna] water wrote 9 bytes to ecology
[dna] water wrote 136 bytes to ecology
[debug-onto] tick=200 corpus=142921 stage=2 freeze=0
[dna] water wrote 60 bytes to ecology
[dna] water wrote 9 bytes to ecology
[dna] water wrote 50 bytes to ecology
[dna] water wrote 27 bytes to ecology
[dna] water wrote 9 bytes to ecology
[dna] water wrote 34 bytes to ecology
[dna] water wrote 33 bytes to ecology
[dna] water wrote 9 bytes to ecology
[dna] water wrote 108 bytes to ecology
[dna] water wrote 30 bytes to ecology
[dna] water wrote 9 bytes to ecology
[dna] water wrote 36 bytes to ecology
[dna] water wrote 64 bytes to ecology
[dna] water wrote 9 bytes to ecology
[dna] water wrote 25 bytes to ecology
[dna] water wrote 160 bytes to ecology
[dna] water wrote 9 bytes to ecology
[dna] water wrote 26 bytes to ecology
[dna] water wrote 67 bytes to ecology
[dna] water wrote 9 bytes to ecology
[dna] water wrote 45 bytes to ecology
[dna] water wrote 85 bytes to ecology
[dna] water wrote 9 bytes to ecology
[dna] water wrote 29 bytes to ecology
[dna] water wrote 33 bytes to ecology
[debug-onto] tick=250 corpus=142921 stage=2 freeze=0
[dna] water wrote 9 bytes to ecology
[dna] water wrote 40 bytes to ecology
[dna] water wrote 40 bytes to ecology
[dna] water wrote 9 bytes to ecology
[dna] water wrote 115 bytes to ecology
[dna] water wrote 20 bytes to ecology
[dna] water wrote 9 bytes to ecology
[dna] water wrote 76 bytes to ecology
[dna] water wrote 91 bytes to ecology
[dna] water wrote 9 bytes to ecology
[dna] water wrote 100 bytes to ecology
[dna] water wrote 31 bytes to ecology
[dna] water wrote 9 bytes to ecology
[dna] water wrote 65 bytes to ecology
[dna] water wrote 32 bytes to ecology
[dna] water wrote 9 bytes to ecology
[dna] water wrote 22 bytes to ecology
[dna] water wrote 33 bytes to ecology
[dna] water wrote 9 bytes to ecology
[dna] water wrote 68 bytes to ecology
[dna] water wrote 31 bytes to ecology
[dna] water wrote 9 bytes to ecology
[dna] water wrote 32 bytes to ecology
[dna] water wrote 32 bytes to ecology
[dna] water wrote 9 bytes to ecology
[debug-onto] tick=300 corpus=142921 stage=2 freeze=0
[dna] water wrote 26 bytes to ecology
[dna] water wrote 81 bytes to ecology
[dna] water wrote 9 bytes to ecology
[dna] water wrote 82 bytes to ecology
[dna] water wrote 64 bytes to ecology
[dna] water wrote 9 bytes to ecology
[dna] water wrote 36 bytes to ecology
[dna] water wrote 78 bytes to ecology
[dna] water wrote 9 bytes to ecology
[dna] water wrote 113 bytes to ecology
[dna] water wrote 54 bytes to ecology
[dna] water wrote 9 bytes to ecology
[dna] water wrote 64 bytes to ecology
[dna] water wrote 73 bytes to ecology
[dna] water wrote 9 bytes to ecology
[dna] water wrote 60 bytes to ecology
[dna] water wrote 117 bytes to ecology
[dna] water wrote 9 bytes to ecology
[dna] water wrote 45 bytes to ecology
[dna] water wrote 94 bytes to ecology
[dna] water wrote 9 bytes to ecology
[dna] water wrote 41 bytes to ecology
[dna] water wrote 37 bytes to ecology
[dna] water wrote 9 bytes to ecology
[dna] water wrote 182 bytes to ecology
[debug-onto] tick=350 corpus=142921 stage=2 freeze=0
[dna] water wrote 92 bytes to ecology
[dna] water wrote 9 bytes to ecology
[dna] water wrote 53 bytes to ecology
[dna] water wrote 43 bytes to ecology
[dna] water wrote 9 bytes to ecology
[dna] water wrote 92 bytes to ecology
[dna] water wrote 177 bytes to ecology
[dna] water wrote 9 bytes to ecology
[dna] water wrote 101 bytes to ecology
[dna] water wrote 67 bytes to ecology
[dna] water wrote 9 bytes to ecology
[dna] water wrote 38 bytes to ecology
[dna] water wrote 33 bytes to ecology
[dna] water wrote 9 bytes to ecology
[dna] water wrote 54 bytes to ecology
[dna] water wrote 58 bytes to ecology
[dna] water wrote 9 bytes to ecology
[dna] water wrote 33 bytes to ecology
[dna] water wrote 79 bytes to ecology
[dna] water wrote 9 bytes to ecology
[dna] water wrote 47 bytes to ecology
[dna] water wrote 68 bytes to ecology
[dna] water wrote 9 bytes to ecology
[dna] water wrote 101 bytes to ecology
[dna] water wrote 76 bytes to ecology
[debug-onto] tick=400 corpus=142921 stage=2 freeze=0
[dna] water wrote 9 bytes to ecology
[dna] water wrote 19 bytes to ecology
[dna] water wrote 94 bytes to ecology
[dna] water wrote 9 bytes to ecology
[dna] water wrote 54 bytes to ecology
[dna] water wrote 83 bytes to ecology
[dna] water wrote 9 bytes to ecology
[dna] water wrote 50 bytes to ecology
[dna] water wrote 56 bytes to ecology
[dna] water wrote 9 bytes to ecology
[dna] water wrote 62 bytes to ecology
[dna] water wrote 34 bytes to ecology
[dna] water wrote 9 bytes to ecology
[dna] water wrote 21 bytes to ecology
[dna] water wrote 50 bytes to ecology
[dna] water wrote 9 bytes to ecology
[dna] water wrote 34 bytes to ecology
[dna] water wrote 13 bytes to ecology
[dna] water wrote 9 bytes to ecology
[dna] water wrote 37 bytes to ecology
[dna] water wrote 47 bytes to ecology
[dna] water wrote 9 bytes to ecology
[dna] water wrote 51 bytes to ecology
[dna] water wrote 29 bytes to ecology
[dna] water wrote 9 bytes to ecology
[debug-onto] tick=450 corpus=142921 stage=2 freeze=0
[dna] water wrote 106 bytes to ecology
[dna] water wrote 121 bytes to ecology
[dna] water wrote 9 bytes to ecology
[dna] water wrote 32 bytes to ecology
[dna] water wrote 64 bytes to ecology
[dna] water wrote 9 bytes to ecology
[dna] water wrote 34 bytes to ecology
[dna] water wrote 49 bytes to ecology
[dna] water wrote 9 bytes to ecology
[dna] water wrote 78 bytes to ecology
[dna] water wrote 31 bytes to ecology
[dna] water wrote 9 bytes to ecology
[dna] water wrote 61 bytes to ecology
[dna] water wrote 185 bytes to ecology
[dna] water wrote 9 bytes to ecology
[dna] water wrote 166 bytes to ecology
[dna] water wrote 29 bytes to ecology
[dna] water wrote 9 bytes to ecology
[dna] water wrote 26 bytes to ecology
[dna] water wrote 232 bytes to ecology
[dna] water wrote 9 bytes to ecology
[dna] water wrote 31 bytes to ecology
[dna] water wrote 41 bytes to ecology
[dna] water wrote 9 bytes to ecology
[dna] water wrote 80 bytes to ecology
[debug-onto] tick=500 corpus=142921 stage=2 freeze=0
[dna] water wrote 46 bytes to ecology
[dna] water wrote 9 bytes to ecology
[dna] water wrote 95 bytes to ecology
[dna] water wrote 89 bytes to ecology
[dna] water wrote 9 bytes to ecology
[dna] water wrote 62 bytes to ecology
[dna] water wrote 58 bytes to ecology
[dna] water wrote 9 bytes to ecology
[dna] water wrote 82 bytes to ecology
[dna] water wrote 58 bytes to ecology
[dna] water wrote 9 bytes to ecology
[dna] water wrote 28 bytes to ecology
[dna] water wrote 41 bytes to ecology
[dna] water wrote 9 bytes to ecology
[dna] water wrote 55 bytes to ecology
[dna] water wrote 38 bytes to ecology
[dna] water wrote 9 bytes to ecology
[dna] water wrote 189 bytes to ecology
[dna] water wrote 38 bytes to ecology
[dna] water wrote 9 bytes to ecology
[dna] water wrote 56 bytes to ecology
[dna] water wrote 64 bytes to ecology
[dna] water wrote 9 bytes to ecology
[dna] water wrote 34 bytes to ecology
[dna] water wrote 65 bytes to ecology
[debug-onto] tick=550 corpus=142921 stage=2 freeze=0
[dna] water wrote 9 bytes to ecology
[dna] water wrote 145 bytes to ecology
[dna] water wrote 41 bytes to ecology
[dna] water wrote 9 bytes to ecology
[dna] water wrote 50 bytes to ecology
[dna] water wrote 34 bytes to ecology
[dna] water wrote 9 bytes to ecology
[dna] water wrote 80 bytes to ecology
[dna] water wrote 71 bytes to ecology
[dna] water wrote 9 bytes to ecology
[dna] water wrote 53 bytes to ecology
[dna] water wrote 33 bytes to ecology
[dna] water wrote 9 bytes to ecology
[dna] water wrote 41 bytes to ecology
[dna] water wrote 54 bytes to ecology
[dna] water wrote 9 bytes to ecology
[dna] water wrote 53 bytes to ecology
[dna] water wrote 50 bytes to ecology
[dna] water wrote 9 bytes to ecology
[dna] water wrote 36 bytes to ecology
[dna] water wrote 77 bytes to ecology
[dna] water wrote 9 bytes to ecology
[dna] water wrote 42 bytes to ecology
[dna] water wrote 92 bytes to ecology
[dna] water wrote 9 bytes to ecology
[debug-onto] tick=600 corpus=142921 stage=2 freeze=0
[dna] water wrote 59 bytes to ecology
[dna] water wrote 71 bytes to ecology
[dna] water wrote 9 bytes to ecology
[dna] water wrote 38 bytes to ecology
[dna] water wrote 40 bytes to ecology
[dna] water wrote 9 bytes to ecology
[dna] water wrote 20 bytes to ecology
[dna] water wrote 90 bytes to ecology
[dna] water wrote 9 bytes to ecology
[dna] water wrote 61 bytes to ecology
[dna] water wrote 70 bytes to ecology
[dna] water wrote 9 bytes to ecology
[dna] water wrote 102 bytes to ecology
[dna] water wrote 41 bytes to ecology
[dna] water wrote 9 bytes to ecology

[evolution] Organism shutting down gracefully.
