[ecology] Element: fire → corpus: nonames_fire.txt
[evolution] Autonomous evolution mode — organism will grow through all stages without pause.
[ecology] Joined swarm. 1 peer(s) detected.
molequla is alive. [evolution] Autonomous mode — background trainer running. Ctrl+C to stop.
[dna] fire wrote 25 bytes to ecology
[dna] fire consumed 16088 bytes from 254 files: [water/gen_1778139363_1.txt water/gen_1778139378_4.txt water/gen_1778139386_7.txt water/gen_1778139395_10.txt water/gen_1778139403_13.txt water/gen_1778139411_16.txt water/gen_1778139419_19.txt water/gen_1778139427_22.txt water/gen_1778139433_24.txt water/gen_1778139435_25.txt water/gen_1778139444_28.txt water/gen_1778139452_31.txt water/gen_1778139460_34.txt water/gen_1778139468_37.txt water/gen_1778139476_40.txt water/gen_1778139485_43.txt water/gen_1778139493_46.txt water/gen_1778139501_49.txt water/gen_1778139510_52.txt water/gen_1778139518_55.txt water/gen_1778139526_58.txt water/gen_1778139532_60.txt water/gen_1778139535_61.txt water/gen_1778139543_64.txt water/gen_1778139551_67.txt water/gen_1778139560_70.txt water/gen_1778139568_73.txt water/gen_1778139577_76.txt water/gen_1778139582_78.txt water/gen_1778139585_79.txt water/gen_1778139594_82.txt water/gen_1778139599_84.txt water/gen_1778139602_85.txt water/gen_1778139610_88.txt water/gen_1778139619_91.txt water/gen_1778139627_94.txt water/gen_1778139635_97.txt water/gen_1778139644_100.txt water/gen_1778139652_103.txt water/gen_1778139660_106.txt water/gen_1778139665_108.txt water/gen_1778139668_109.txt water/gen_1778139676_112.txt water/gen_1778139684_115.txt water/gen_1778139692_118.txt water/gen_1778139700_121.txt water/gen_1778139708_124.txt water/gen_1778139716_127.txt water/gen_1778139724_130.txt water/gen_1778139729_132.txt water/gen_1778139732_133.txt water/gen_1778139740_136.txt water/gen_1778139748_139.txt water/gen_1778139756_142.txt water/gen_1778139761_144.txt water/gen_1778139764_145.txt water/gen_1778139772_148.txt water/gen_1778139780_151.txt water/gen_1778139788_154.txt water/gen_1778139796_157.txt water/gen_1778139804_160.txt water/gen_1778139812_163.txt water/gen_1778139820_166.txt water/gen_1778139829_169.txt water/gen_1778139837_172.txt water/gen_1778139845_175.txt water/gen_1778139853_178.txt water/gen_1778139862_181.txt water/gen_1778139870_184.txt water/gen_1778139878_187.txt water/gen_1778139886_190.txt water/gen_1778139894_193.txt water/gen_1778139903_196.txt water/gen_1778139911_199.txt water/gen_1778139919_202.txt water/gen_1778139927_205.txt water/gen_1778139935_208.txt water/gen_1778139943_211.txt water/gen_1778139952_214.txt water/gen_1778139960_217.txt water/gen_1778139968_220.txt water/gen_1778139976_223.txt water/gen_1778139984_226.txt water/gen_1778139992_229.txt water/gen_1778140001_232.txt water/gen_1778140009_235.txt water/gen_1778140017_238.txt water/gen_1778140022_240.txt water/gen_1778140025_241.txt water/gen_1778140033_244.txt water/gen_1778140042_247.txt water/gen_1778140050_250.txt water/gen_1778140055_252.txt water/gen_1778140058_253.txt water/gen_1778140066_256.txt water/gen_1778140072_258.txt water/gen_1778140075_259.txt water/gen_1778140083_262.txt water/gen_1778140088_264.txt water/gen_1778140091_265.txt water/gen_1778140099_268.txt water/gen_1778140107_271.txt water/gen_1778140116_274.txt water/gen_1778140121_276.txt water/gen_1778140124_277.txt water/gen_1778140132_280.txt water/gen_1778140138_282.txt water/gen_1778140140_283.txt water/gen_1778140149_286.txt water/gen_1778140157_289.txt water/gen_1778140165_292.txt water/gen_1778140173_295.txt water/gen_1778140182_298.txt water/gen_1778140190_301.txt water/gen_1778140198_304.txt water/gen_1778140206_307.txt water/gen_1778140215_310.txt water/gen_1778140223_313.txt water/gen_1778140231_316.txt water/gen_1778140240_319.txt water/gen_1778140248_322.txt water/gen_1778140256_325.txt water/gen_1778140265_328.txt water/gen_1778140270_330.txt water/gen_1778140273_331.txt water/gen_1778140281_334.txt water/gen_1778140289_337.txt water/gen_1778140297_340.txt water/gen_1778140306_343.txt water/gen_1778140314_346.txt water/gen_1778140322_349.txt water/gen_1778140330_352.txt water/gen_1778140339_355.txt water/gen_1778140347_358.txt water/gen_1778140355_361.txt water/gen_1778140363_364.txt water/gen_1778140371_367.txt water/gen_1778140380_370.txt water/gen_1778140385_372.txt water/gen_1778140388_373.txt water/gen_1778140396_376.txt water/gen_1778140404_379.txt water/gen_1778140412_382.txt water/gen_1778140420_385.txt water/gen_1778140428_388.txt water/gen_1778140434_390.txt water/gen_1778140436_391.txt water/gen_1778140444_394.txt water/gen_1778140453_397.txt water/gen_1778140461_400.txt water/gen_1778140466_402.txt water/gen_1778140469_403.txt water/gen_1778140477_406.txt water/gen_1778140483_408.txt water/gen_1778140485_409.txt water/gen_1778140494_412.txt water/gen_1778140502_415.txt water/gen_1778140510_418.txt water/gen_1778140518_421.txt water/gen_1778140526_424.txt water/gen_1778140531_426.txt water/gen_1778140534_427.txt water/gen_1778140542_430.txt water/gen_1778140550_433.txt water/gen_1778140558_436.txt water/gen_1778140566_439.txt water/gen_1778140574_442.txt water/gen_1778140583_445.txt water/gen_1778140591_448.txt water/gen_1778140596_450.txt water/gen_1778140599_451.txt water/gen_1778140607_454.txt water/gen_1778140615_457.txt water/gen_1778140623_460.txt water/gen_1778140631_463.txt water/gen_1778140639_466.txt water/gen_1778140647_469.txt water/gen_1778140655_472.txt water/gen_1778140661_474.txt water/gen_1778140663_475.txt water/gen_1778140671_478.txt water/gen_1778140677_480.txt water/gen_1778140679_481.txt water/gen_1778140687_484.txt water/gen_1778140696_487.txt water/gen_1778140704_490.txt water/gen_1778140709_492.txt water/gen_1778140712_493.txt water/gen_1778140720_496.txt water/gen_1778140725_498.txt water/gen_1778140728_499.txt water/gen_1778140736_502.txt water/gen_1778140744_505.txt water/gen_1778140752_508.txt water/gen_1778140757_510.txt water/gen_1778140760_511.txt water/gen_1778140768_514.txt water/gen_1778140776_517.txt water/gen_1778140784_520.txt water/gen_1778140789_522.txt water/gen_1778140792_523.txt water/gen_1778140800_526.txt water/gen_1778140808_529.txt water/gen_1778140816_532.txt water/gen_1778140824_535.txt water/gen_1778140832_538.txt water/gen_1778140840_541.txt water/gen_1778140848_544.txt water/gen_1778140856_547.txt water/gen_1778140864_550.txt water/gen_1778140870_552.txt water/gen_1778140872_553.txt water/gen_1778140880_556.txt water/gen_1778140888_559.txt water/gen_1778140896_562.txt water/gen_1778140904_565.txt water/gen_1778140912_568.txt water/gen_1778140920_571.txt water/gen_1778140928_574.txt water/gen_1778140934_576.txt water/gen_1778140936_577.txt water/gen_1778140944_580.txt water/gen_1778140952_583.txt water/gen_1778140960_586.txt water/gen_1778140966_588.txt water/gen_1778140968_589.txt water/gen_1778140977_592.txt water/gen_1778140985_595.txt water/gen_1778140993_598.txt water/gen_1778140998_600.txt water/gen_1778141001_601.txt water/gen_1778141009_604.txt water/gen_1778141017_607.txt water/gen_1778141025_610.txt water/gen_1778141033_613.txt water/gen_1778141041_616.txt water/gen_1778141049_619.txt water/gen_1778141057_622.txt water/gen_1778141062_624.txt water/gen_1778141065_625.txt water/gen_1778141073_628.txt water/gen_1778141078_630.txt water/gen_1778141081_631.txt water/gen_1778141089_634.txt water/gen_1778141094_636.txt water/gen_1778141097_637.txt water/gen_1778141105_640.txt water/gen_1778141113_643.txt water/gen_1778141121_646.txt water/gen_1778141126_648.txt water/gen_1778141129_649.txt water/gen_1778141137_652.txt water/gen_1778141146_655.txt water/gen_1778141154_658.txt]
[trainer] micro-train burst (16088 bytes, novelty 0.04) — and lo, it feeds again.
[syntropy] action=explore | trend=0.0000 | field_dev=0.041 | purpose_align=-0.106 | lr_mul=1.30
[aml] burst complete: 32 steps, avg loss 1.6406 (memory freed)
[dna] fire wrote 28 bytes to ecology
[dna] fire wrote 28 bytes to ecology
[dna] fire wrote 132 bytes to ecology
[dna] fire wrote 9 bytes to ecology
[dna] fire wrote 52 bytes to ecology
[dna] fire wrote 78 bytes to ecology
[dna] fire wrote 65 bytes to ecology
[dna] fire wrote 51 bytes to ecology
[dna] fire wrote 53 bytes to ecology
[dna] fire wrote 46 bytes to ecology
[dna] fire wrote 115 bytes to ecology
[dna] fire wrote 39 bytes to ecology
[dna] fire wrote 19 bytes to ecology
[dna] fire wrote 163 bytes to ecology
[dna] fire wrote 222 bytes to ecology
[dna] fire wrote 15 bytes to ecology
[debug-onto] tick=50 corpus=138242 stage=2 freeze=0
[dna] fire wrote 31 bytes to ecology
[dna] fire wrote 104 bytes to ecology
[dna] fire wrote 42 bytes to ecology
[dna] fire wrote 34 bytes to ecology
[dna] fire wrote 60 bytes to ecology
[dna] fire wrote 129 bytes to ecology
[dna] fire wrote 41 bytes to ecology
[dna] fire wrote 53 bytes to ecology
[dna] fire wrote 223 bytes to ecology
[dna] fire wrote 70 bytes to ecology
[dna] fire wrote 77 bytes to ecology
[dna] fire wrote 115 bytes to ecology
[dna] fire wrote 114 bytes to ecology
[dna] fire wrote 75 bytes to ecology
[dna] fire wrote 116 bytes to ecology
[dna] fire wrote 24 bytes to ecology
[dna] fire wrote 161 bytes to ecology
[debug-onto] tick=100 corpus=138242 stage=2 freeze=0
[dna] fire wrote 52 bytes to ecology
[dna] fire wrote 257 bytes to ecology
[dna] fire wrote 56 bytes to ecology
[dna] fire wrote 61 bytes to ecology
[dna] fire wrote 17 bytes to ecology
[dna] fire wrote 158 bytes to ecology
[dna] fire wrote 62 bytes to ecology
[dna] fire wrote 39 bytes to ecology
[dna] fire wrote 55 bytes to ecology
[dna] fire wrote 86 bytes to ecology
[dna] fire wrote 130 bytes to ecology
[dna] fire wrote 194 bytes to ecology
[dna] fire wrote 182 bytes to ecology
[dna] fire wrote 28 bytes to ecology
[dna] fire wrote 46 bytes to ecology
[dna] fire wrote 26 bytes to ecology
[debug-onto] tick=150 corpus=138242 stage=2 freeze=0
[dna] fire wrote 42 bytes to ecology
[dna] fire wrote 22 bytes to ecology
[dna] fire wrote 46 bytes to ecology
[dna] fire wrote 25 bytes to ecology
[dna] fire wrote 155 bytes to ecology
[dna] fire wrote 26 bytes to ecology
[dna] fire wrote 49 bytes to ecology
[dna] fire wrote 43 bytes to ecology
[dna] fire wrote 50 bytes to ecology
[dna] fire wrote 24 bytes to ecology
[dna] fire wrote 65 bytes to ecology
[dna] fire wrote 37 bytes to ecology
[dna] fire wrote 30 bytes to ecology
[dna] fire wrote 47 bytes to ecology
[dna] fire wrote 139 bytes to ecology
[dna] fire wrote 48 bytes to ecology
[dna] fire wrote 57 bytes to ecology
[debug-onto] tick=200 corpus=138242 stage=2 freeze=0
[dna] fire wrote 96 bytes to ecology
[dna] fire wrote 27 bytes to ecology
[dna] fire wrote 25 bytes to ecology
[dna] fire wrote 155 bytes to ecology
[dna] fire wrote 82 bytes to ecology
[dna] fire wrote 81 bytes to ecology
[dna] fire wrote 66 bytes to ecology
[dna] fire wrote 13 bytes to ecology
[dna] fire wrote 39 bytes to ecology
[dna] fire wrote 174 bytes to ecology
[dna] fire wrote 22 bytes to ecology
[dna] fire wrote 76 bytes to ecology
[dna] fire wrote 43 bytes to ecology
[dna] fire wrote 118 bytes to ecology
[dna] fire wrote 54 bytes to ecology
[dna] fire wrote 71 bytes to ecology
[dna] fire wrote 57 bytes to ecology
[debug-onto] tick=250 corpus=138242 stage=2 freeze=0
[dna] fire wrote 31 bytes to ecology
[dna] fire wrote 72 bytes to ecology
[dna] fire wrote 37 bytes to ecology
[dna] fire wrote 51 bytes to ecology
[dna] fire wrote 107 bytes to ecology
[dna] fire wrote 83 bytes to ecology
[dna] fire wrote 69 bytes to ecology
[dna] fire wrote 112 bytes to ecology
[dna] fire wrote 83 bytes to ecology
[dna] fire wrote 87 bytes to ecology
[dna] fire wrote 93 bytes to ecology
[dna] fire wrote 31 bytes to ecology
[dna] fire wrote 97 bytes to ecology
[dna] fire wrote 31 bytes to ecology
[dna] fire wrote 67 bytes to ecology
[dna] fire wrote 49 bytes to ecology
[debug-onto] tick=300 corpus=138242 stage=2 freeze=0
[dna] fire wrote 46 bytes to ecology
[dna] fire wrote 140 bytes to ecology
[dna] fire wrote 39 bytes to ecology
[dna] fire wrote 76 bytes to ecology
[dna] fire wrote 89 bytes to ecology
[dna] fire wrote 66 bytes to ecology
[dna] fire wrote 65 bytes to ecology
[dna] fire wrote 55 bytes to ecology
[dna] fire wrote 161 bytes to ecology
[dna] fire wrote 17 bytes to ecology
[dna] fire wrote 107 bytes to ecology
[dna] fire wrote 38 bytes to ecology
[dna] fire wrote 78 bytes to ecology
[dna] fire wrote 22 bytes to ecology
[dna] fire wrote 29 bytes to ecology
[dna] fire wrote 92 bytes to ecology
[dna] fire wrote 35 bytes to ecology
[debug-onto] tick=350 corpus=138242 stage=2 freeze=0
[dna] fire wrote 87 bytes to ecology
[dna] fire wrote 63 bytes to ecology
[dna] fire wrote 59 bytes to ecology
[dna] fire wrote 103 bytes to ecology
[dna] fire wrote 96 bytes to ecology
[dna] fire wrote 32 bytes to ecology
[dna] fire wrote 51 bytes to ecology
[dna] fire wrote 36 bytes to ecology
[dna] fire wrote 131 bytes to ecology
[dna] fire wrote 37 bytes to ecology
[dna] fire wrote 47 bytes to ecology
[dna] fire wrote 16 bytes to ecology
[dna] fire wrote 81 bytes to ecology
[dna] fire wrote 49 bytes to ecology
[dna] fire wrote 38 bytes to ecology
[dna] fire wrote 27 bytes to ecology
[dna] fire wrote 52 bytes to ecology
[debug-onto] tick=400 corpus=138242 stage=2 freeze=0
[dna] fire wrote 133 bytes to ecology
[dna] fire wrote 23 bytes to ecology
[dna] fire wrote 27 bytes to ecology
[dna] fire wrote 94 bytes to ecology
[dna] fire wrote 63 bytes to ecology
[dna] fire wrote 104 bytes to ecology
[dna] fire wrote 29 bytes to ecology
[dna] fire wrote 27 bytes to ecology
[dna] fire wrote 60 bytes to ecology
[dna] fire wrote 26 bytes to ecology
[dna] fire wrote 137 bytes to ecology
[dna] fire wrote 51 bytes to ecology
[dna] fire wrote 68 bytes to ecology
[dna] fire wrote 55 bytes to ecology
[dna] fire wrote 45 bytes to ecology
[dna] fire wrote 87 bytes to ecology
[debug-onto] tick=450 corpus=138242 stage=2 freeze=0
[dna] fire wrote 111 bytes to ecology
[dna] fire wrote 43 bytes to ecology
[dna] fire wrote 153 bytes to ecology
[dna] fire wrote 49 bytes to ecology
[dna] fire wrote 45 bytes to ecology
[dna] fire wrote 144 bytes to ecology
[dna] fire wrote 57 bytes to ecology
[dna] fire wrote 42 bytes to ecology
[dna] fire wrote 44 bytes to ecology
[dna] fire wrote 75 bytes to ecology
[dna] fire wrote 34 bytes to ecology
[dna] fire wrote 34 bytes to ecology
[dna] fire wrote 43 bytes to ecology
[dna] fire wrote 65 bytes to ecology
[dna] fire wrote 54 bytes to ecology
[dna] fire wrote 11 bytes to ecology
[dna] fire wrote 64 bytes to ecology
[debug-onto] tick=500 corpus=138242 stage=2 freeze=0
[dna] fire wrote 56 bytes to ecology
[dna] fire wrote 76 bytes to ecology
[dna] fire wrote 131 bytes to ecology
[dna] fire wrote 94 bytes to ecology
[dna] fire wrote 56 bytes to ecology
[dna] fire wrote 106 bytes to ecology
[dna] fire wrote 83 bytes to ecology
[dna] fire wrote 57 bytes to ecology
[dna] fire wrote 118 bytes to ecology
[dna] fire wrote 121 bytes to ecology
[dna] fire wrote 156 bytes to ecology
[dna] fire wrote 52 bytes to ecology
[dna] fire wrote 65 bytes to ecology
[dna] fire wrote 26 bytes to ecology
[dna] fire wrote 36 bytes to ecology
[dna] fire wrote 29 bytes to ecology
[dna] fire wrote 53 bytes to ecology
[debug-onto] tick=550 corpus=138242 stage=2 freeze=0
[dna] fire wrote 270 bytes to ecology
[dna] fire wrote 33 bytes to ecology
[dna] fire wrote 97 bytes to ecology
[dna] fire wrote 30 bytes to ecology
[dna] fire wrote 27 bytes to ecology
[dna] fire wrote 29 bytes to ecology
[dna] fire wrote 36 bytes to ecology
[dna] fire wrote 99 bytes to ecology
[dna] fire wrote 34 bytes to ecology
[dna] fire wrote 33 bytes to ecology
[dna] fire wrote 30 bytes to ecology
[dna] fire wrote 48 bytes to ecology
[dna] fire wrote 12 bytes to ecology
[dna] fire wrote 27 bytes to ecology
[dna] fire wrote 112 bytes to ecology
[dna] fire wrote 24 bytes to ecology
[debug-onto] tick=600 corpus=138242 stage=2 freeze=0
[dna] fire wrote 67 bytes to ecology
[dna] fire wrote 59 bytes to ecology
[dna] fire wrote 36 bytes to ecology
[dna] fire wrote 21 bytes to ecology
[dna] fire wrote 99 bytes to ecology
[dna] fire wrote 19 bytes to ecology
[dna] fire wrote 41 bytes to ecology
[dna] fire wrote 29 bytes to ecology
[dna] fire wrote 8 bytes to ecology
[dna] fire wrote 147 bytes to ecology
[dna] fire wrote 82 bytes to ecology
[dna] fire wrote 73 bytes to ecology
[dna] fire wrote 23 bytes to ecology
[dna] fire wrote 23 bytes to ecology
[dna] fire wrote 169 bytes to ecology
[dna] fire wrote 135 bytes to ecology
[dna] fire wrote 92 bytes to ecology
[debug-onto] tick=650 corpus=138242 stage=2 freeze=0
[dna] fire wrote 37 bytes to ecology
[dna] fire wrote 125 bytes to ecology
[dna] fire wrote 110 bytes to ecology
[dna] fire wrote 48 bytes to ecology
[dna] fire wrote 43 bytes to ecology
[dna] fire wrote 52 bytes to ecology
[dna] fire wrote 62 bytes to ecology
[dna] fire wrote 84 bytes to ecology
[dna] fire wrote 21 bytes to ecology
[dna] fire wrote 98 bytes to ecology
[dna] fire wrote 60 bytes to ecology
[dna] fire wrote 91 bytes to ecology
[dna] fire wrote 82 bytes to ecology
[dna] fire wrote 124 bytes to ecology

[evolution] Organism shutting down gracefully.
