[ecology] Element: water → corpus: nonames_water.txt
[evolution] Autonomous evolution mode — organism will grow through all stages without pause.
[ecology] Joined swarm. 1 peer(s) detected.
molequla is alive. [evolution] Autonomous mode — background trainer running. Ctrl+C to stop.
[dna] water wrote 210 bytes to ecology
[dna] water consumed 14602 bytes from 196 files: [air/gen_1778137562_1.txt air/gen_1778137581_4.txt air/gen_1778137590_7.txt air/gen_1778137599_10.txt air/gen_1778137608_13.txt air/gen_1778137625_19.txt air/gen_1778137634_22.txt air/gen_1778137643_25.txt air/gen_1778137652_28.txt air/gen_1778137661_31.txt air/gen_1778137670_34.txt air/gen_1778137679_37.txt air/gen_1778137688_40.txt air/gen_1778137696_43.txt air/gen_1778137705_46.txt air/gen_1778137714_49.txt air/gen_1778137723_52.txt air/gen_1778137732_55.txt air/gen_1778137740_58.txt air/gen_1778137749_61.txt air/gen_1778137758_64.txt air/gen_1778137767_67.txt air/gen_1778137776_70.txt air/gen_1778137784_73.txt air/gen_1778137793_76.txt air/gen_1778137811_82.txt air/gen_1778137820_85.txt air/gen_1778137829_88.txt air/gen_1778137837_91.txt air/gen_1778137846_94.txt air/gen_1778137855_97.txt air/gen_1778137864_100.txt air/gen_1778137873_103.txt air/gen_1778137882_106.txt air/gen_1778137891_109.txt air/gen_1778137899_112.txt air/gen_1778137908_115.txt air/gen_1778137917_118.txt air/gen_1778137926_121.txt air/gen_1778137935_124.txt air/gen_1778137944_127.txt air/gen_1778137953_130.txt air/gen_1778137962_133.txt air/gen_1778137971_136.txt air/gen_1778137980_139.txt air/gen_1778137989_142.txt air/gen_1778137998_145.txt air/gen_1778138007_148.txt air/gen_1778138016_151.txt air/gen_1778138025_154.txt air/gen_1778138035_157.txt air/gen_1778138044_160.txt air/gen_1778138053_163.txt air/gen_1778138062_166.txt air/gen_1778138071_169.txt air/gen_1778138080_172.txt air/gen_1778138089_175.txt air/gen_1778138097_178.txt air/gen_1778138106_181.txt air/gen_1778138115_184.txt air/gen_1778138124_187.txt air/gen_1778138133_190.txt air/gen_1778138142_193.txt air/gen_1778138151_196.txt air/gen_1778138160_199.txt air/gen_1778138169_202.txt air/gen_1778138178_205.txt air/gen_1778138187_208.txt air/gen_1778138196_211.txt air/gen_1778138205_214.txt air/gen_1778138214_217.txt air/gen_1778138223_220.txt air/gen_1778138232_223.txt air/gen_1778138241_226.txt air/gen_1778138250_229.txt air/gen_1778138259_232.txt air/gen_1778138268_235.txt air/gen_1778138277_238.txt air/gen_1778138286_241.txt air/gen_1778138296_244.txt air/gen_1778138305_247.txt air/gen_1778138314_250.txt air/gen_1778138323_253.txt air/gen_1778138332_256.txt air/gen_1778138341_259.txt air/gen_1778138350_262.txt air/gen_1778138358_265.txt air/gen_1778138367_268.txt air/gen_1778138377_271.txt air/gen_1778138386_274.txt air/gen_1778138395_277.txt air/gen_1778138404_280.txt air/gen_1778138413_283.txt air/gen_1778138422_286.txt air/gen_1778138431_289.txt air/gen_1778138440_292.txt air/gen_1778138449_295.txt air/gen_1778138458_298.txt air/gen_1778138467_301.txt air/gen_1778138476_304.txt air/gen_1778138485_307.txt air/gen_1778138494_310.txt air/gen_1778138504_313.txt air/gen_1778138513_316.txt air/gen_1778138522_319.txt air/gen_1778138531_322.txt air/gen_1778138540_325.txt air/gen_1778138549_328.txt air/gen_1778138558_331.txt air/gen_1778138567_334.txt air/gen_1778138576_337.txt air/gen_1778138585_340.txt air/gen_1778138594_343.txt air/gen_1778138603_346.txt air/gen_1778138612_349.txt air/gen_1778138621_352.txt air/gen_1778138631_355.txt air/gen_1778138640_358.txt air/gen_1778138649_361.txt air/gen_1778138658_364.txt air/gen_1778138667_367.txt air/gen_1778138676_370.txt air/gen_1778138685_373.txt air/gen_1778138694_376.txt air/gen_1778138703_379.txt air/gen_1778138712_382.txt air/gen_1778138721_385.txt air/gen_1778138730_388.txt air/gen_1778138739_391.txt air/gen_1778138748_394.txt air/gen_1778138757_397.txt air/gen_1778138766_400.txt air/gen_1778138776_403.txt air/gen_1778138785_406.txt air/gen_1778138794_409.txt air/gen_1778138803_412.txt air/gen_1778138812_415.txt air/gen_1778138821_418.txt air/gen_1778138830_421.txt air/gen_1778138839_424.txt air/gen_1778138848_427.txt air/gen_1778138857_430.txt air/gen_1778138866_433.txt air/gen_1778138875_436.txt air/gen_1778138884_439.txt air/gen_1778138893_442.txt air/gen_1778138902_445.txt air/gen_1778138911_448.txt air/gen_1778138920_451.txt air/gen_1778138929_454.txt air/gen_1778138938_457.txt air/gen_1778138948_460.txt air/gen_1778138957_463.txt air/gen_1778138966_466.txt air/gen_1778138975_469.txt air/gen_1778138984_472.txt air/gen_1778138993_475.txt air/gen_1778139002_478.txt air/gen_1778139011_481.txt air/gen_1778139020_484.txt air/gen_1778139029_487.txt air/gen_1778139038_490.txt air/gen_1778139047_493.txt air/gen_1778139057_496.txt air/gen_1778139066_499.txt air/gen_1778139075_502.txt air/gen_1778139084_505.txt air/gen_1778139092_508.txt air/gen_1778139101_511.txt air/gen_1778139110_514.txt air/gen_1778139119_517.txt air/gen_1778139128_520.txt air/gen_1778139137_523.txt air/gen_1778139146_526.txt air/gen_1778139154_529.txt air/gen_1778139163_532.txt air/gen_1778139172_535.txt air/gen_1778139181_538.txt air/gen_1778139190_541.txt air/gen_1778139199_544.txt air/gen_1778139208_547.txt air/gen_1778139217_550.txt air/gen_1778139226_553.txt air/gen_1778139235_556.txt air/gen_1778139252_562.txt air/gen_1778139261_565.txt air/gen_1778139270_568.txt air/gen_1778139279_571.txt air/gen_1778139288_574.txt air/gen_1778139297_577.txt air/gen_1778139306_580.txt air/gen_1778139315_583.txt air/gen_1778139324_586.txt air/gen_1778139333_589.txt air/gen_1778139342_592.txt air/gen_1778139351_595.txt]
[trainer] micro-train burst (14602 bytes, novelty 0.05) — and lo, it feeds again.
[syntropy] action=explore | trend=0.0000 | field_dev=0.069 | purpose_align=-0.116 | lr_mul=1.30
[aml] burst complete: 32 steps, avg loss 1.5839 (memory freed)
[dna] water wrote 43 bytes to ecology
[dna] water wrote 25 bytes to ecology
[dna] water wrote 57 bytes to ecology
[dna] water wrote 29 bytes to ecology
[dna] water wrote 48 bytes to ecology
[dna] water wrote 28 bytes to ecology
[dna] water wrote 28 bytes to ecology
[dna] water wrote 126 bytes to ecology
[dna] water wrote 84 bytes to ecology
[dna] water wrote 24 bytes to ecology
[dna] water wrote 29 bytes to ecology
[dna] water wrote 79 bytes to ecology
[dna] water wrote 35 bytes to ecology
[dna] water wrote 74 bytes to ecology
[dna] water wrote 39 bytes to ecology
[dna] water wrote 42 bytes to ecology
[dna] water wrote 60 bytes to ecology
[debug-onto] tick=50 corpus=140495 stage=2 freeze=0
[dna] water wrote 35 bytes to ecology
[dna] water wrote 107 bytes to ecology
[dna] water wrote 35 bytes to ecology
[dna] water wrote 67 bytes to ecology
[dna] water wrote 76 bytes to ecology
[dna] water wrote 30 bytes to ecology
[dna] water wrote 125 bytes to ecology
[dna] water wrote 73 bytes to ecology
[dna] water wrote 35 bytes to ecology
[dna] water wrote 37 bytes to ecology
[dna] water wrote 67 bytes to ecology
[dna] water wrote 60 bytes to ecology
[dna] water wrote 59 bytes to ecology
[dna] water wrote 64 bytes to ecology
[dna] water wrote 53 bytes to ecology
[dna] water wrote 62 bytes to ecology
[dna] water wrote 37 bytes to ecology
[dna] water wrote 178 bytes to ecology
[dna] water wrote 45 bytes to ecology
[dna] water wrote 51 bytes to ecology
[debug-onto] tick=100 corpus=140495 stage=2 freeze=0
[dna] water wrote 79 bytes to ecology
[dna] water wrote 25 bytes to ecology
[dna] water wrote 18 bytes to ecology
[dna] water wrote 26 bytes to ecology
[dna] water wrote 85 bytes to ecology
[dna] water wrote 39 bytes to ecology
[dna] water wrote 50 bytes to ecology
[dna] water wrote 78 bytes to ecology
[dna] water wrote 40 bytes to ecology
[dna] water wrote 96 bytes to ecology
[dna] water wrote 56 bytes to ecology
[dna] water wrote 42 bytes to ecology
[dna] water wrote 32 bytes to ecology
[dna] water wrote 155 bytes to ecology
[dna] water wrote 51 bytes to ecology
[dna] water wrote 81 bytes to ecology
[dna] water wrote 26 bytes to ecology
[dna] water wrote 29 bytes to ecology
[dna] water wrote 54 bytes to ecology
[debug-onto] tick=150 corpus=140495 stage=2 freeze=0
[dna] water wrote 63 bytes to ecology
[dna] water wrote 77 bytes to ecology
[dna] water wrote 90 bytes to ecology
[dna] water wrote 15 bytes to ecology
[dna] water wrote 54 bytes to ecology
[dna] water wrote 40 bytes to ecology
[dna] water wrote 176 bytes to ecology
[dna] water wrote 91 bytes to ecology
[dna] water wrote 85 bytes to ecology
[dna] water wrote 118 bytes to ecology
[dna] water wrote 125 bytes to ecology
[dna] water wrote 36 bytes to ecology
[dna] water wrote 12 bytes to ecology
[dna] water wrote 92 bytes to ecology
[dna] water wrote 48 bytes to ecology
[dna] water wrote 127 bytes to ecology
[dna] water wrote 48 bytes to ecology
[debug-onto] tick=200 corpus=140495 stage=2 freeze=0
[dna] water wrote 18 bytes to ecology
[dna] water wrote 91 bytes to ecology
[dna] water wrote 67 bytes to ecology
[dna] water wrote 33 bytes to ecology
[dna] water wrote 59 bytes to ecology
[dna] water wrote 57 bytes to ecology
[dna] water wrote 26 bytes to ecology
[dna] water wrote 55 bytes to ecology
[dna] water wrote 157 bytes to ecology
[dna] water wrote 19 bytes to ecology
[dna] water wrote 72 bytes to ecology
[dna] water wrote 92 bytes to ecology
[dna] water wrote 51 bytes to ecology
[dna] water wrote 131 bytes to ecology
[dna] water wrote 38 bytes to ecology
[dna] water wrote 122 bytes to ecology
[dna] water wrote 68 bytes to ecology
[dna] water wrote 45 bytes to ecology
[debug-onto] tick=250 corpus=140495 stage=2 freeze=0
[dna] water wrote 25 bytes to ecology
[dna] water wrote 39 bytes to ecology
[dna] water wrote 93 bytes to ecology
[dna] water wrote 45 bytes to ecology
[dna] water wrote 59 bytes to ecology
[dna] water wrote 52 bytes to ecology
[dna] water wrote 123 bytes to ecology
[dna] water wrote 41 bytes to ecology
[dna] water wrote 11 bytes to ecology
[dna] water wrote 44 bytes to ecology
[dna] water wrote 34 bytes to ecology
[dna] water wrote 32 bytes to ecology
[dna] water wrote 41 bytes to ecology
[dna] water wrote 26 bytes to ecology
[dna] water wrote 31 bytes to ecology
[dna] water wrote 29 bytes to ecology
[dna] water wrote 129 bytes to ecology
[dna] water wrote 38 bytes to ecology
[dna] water wrote 38 bytes to ecology
[dna] water wrote 80 bytes to ecology
[dna] water wrote 31 bytes to ecology
[debug-onto] tick=300 corpus=140495 stage=2 freeze=0
[dna] water wrote 139 bytes to ecology
[dna] water wrote 30 bytes to ecology
[dna] water wrote 47 bytes to ecology
[dna] water wrote 61 bytes to ecology
[dna] water wrote 40 bytes to ecology
[dna] water wrote 28 bytes to ecology
[dna] water wrote 150 bytes to ecology
[dna] water wrote 116 bytes to ecology
[dna] water wrote 83 bytes to ecology
[dna] water wrote 30 bytes to ecology
[dna] water wrote 67 bytes to ecology
[dna] water wrote 64 bytes to ecology
[dna] water wrote 28 bytes to ecology
[dna] water wrote 73 bytes to ecology
[dna] water wrote 116 bytes to ecology
[dna] water wrote 31 bytes to ecology
[dna] water wrote 41 bytes to ecology
[dna] water wrote 54 bytes to ecology
[debug-onto] tick=350 corpus=140495 stage=2 freeze=0
[dna] water wrote 121 bytes to ecology
[dna] water wrote 145 bytes to ecology
[dna] water wrote 64 bytes to ecology
[dna] water wrote 63 bytes to ecology
[dna] water wrote 24 bytes to ecology
[dna] water wrote 157 bytes to ecology
[dna] water wrote 40 bytes to ecology
[dna] water wrote 58 bytes to ecology
[dna] water wrote 29 bytes to ecology
[dna] water wrote 12 bytes to ecology
[dna] water wrote 165 bytes to ecology
[dna] water wrote 34 bytes to ecology
[dna] water wrote 145 bytes to ecology
[dna] water wrote 87 bytes to ecology
[dna] water wrote 61 bytes to ecology
[dna] water wrote 24 bytes to ecology
[dna] water wrote 25 bytes to ecology
[dna] water wrote 151 bytes to ecology
[dna] water wrote 32 bytes to ecology
[debug-onto] tick=400 corpus=140495 stage=2 freeze=0
[dna] water wrote 117 bytes to ecology
[dna] water wrote 82 bytes to ecology
[dna] water wrote 34 bytes to ecology
[dna] water wrote 44 bytes to ecology
[dna] water wrote 120 bytes to ecology
[dna] water wrote 62 bytes to ecology
[dna] water wrote 43 bytes to ecology
[dna] water wrote 39 bytes to ecology
[dna] water wrote 81 bytes to ecology
[dna] water wrote 53 bytes to ecology
[dna] water wrote 27 bytes to ecology
[dna] water wrote 54 bytes to ecology
[dna] water wrote 53 bytes to ecology
[dna] water wrote 153 bytes to ecology
[dna] water wrote 38 bytes to ecology
[dna] water wrote 46 bytes to ecology
[dna] water wrote 30 bytes to ecology
[dna] water wrote 164 bytes to ecology
[dna] water wrote 106 bytes to ecology
[dna] water wrote 24 bytes to ecology
[debug-onto] tick=450 corpus=140495 stage=2 freeze=0
[dna] water wrote 43 bytes to ecology
[dna] water wrote 30 bytes to ecology
[dna] water wrote 86 bytes to ecology
[dna] water wrote 30 bytes to ecology
[dna] water wrote 49 bytes to ecology
[dna] water wrote 102 bytes to ecology
[dna] water wrote 77 bytes to ecology
[dna] water wrote 85 bytes to ecology
[dna] water wrote 32 bytes to ecology
[dna] water wrote 123 bytes to ecology
[dna] water wrote 13 bytes to ecology
[dna] water wrote 52 bytes to ecology
[dna] water wrote 26 bytes to ecology
[dna] water wrote 70 bytes to ecology
[dna] water wrote 88 bytes to ecology
[dna] water wrote 18 bytes to ecology
[dna] water wrote 53 bytes to ecology
[dna] water wrote 62 bytes to ecology
[dna] water wrote 53 bytes to ecology
[dna] water wrote 56 bytes to ecology
[dna] water wrote 24 bytes to ecology
[debug-onto] tick=500 corpus=140495 stage=2 freeze=0
[dna] water wrote 45 bytes to ecology
[dna] water wrote 92 bytes to ecology
[dna] water wrote 95 bytes to ecology
[dna] water wrote 221 bytes to ecology
[dna] water wrote 165 bytes to ecology
[dna] water wrote 34 bytes to ecology
[dna] water wrote 43 bytes to ecology
[dna] water wrote 79 bytes to ecology
[dna] water wrote 34 bytes to ecology
[dna] water wrote 61 bytes to ecology
[dna] water wrote 60 bytes to ecology
[dna] water wrote 71 bytes to ecology
[dna] water wrote 18 bytes to ecology
[dna] water wrote 67 bytes to ecology
[dna] water wrote 58 bytes to ecology
[dna] water wrote 62 bytes to ecology
[dna] water wrote 46 bytes to ecology
[dna] water wrote 60 bytes to ecology
[dna] water wrote 57 bytes to ecology
[debug-onto] tick=550 corpus=140495 stage=2 freeze=0
[dna] water wrote 122 bytes to ecology
[dna] water wrote 28 bytes to ecology
[dna] water wrote 29 bytes to ecology
[dna] water wrote 76 bytes to ecology
[dna] water wrote 86 bytes to ecology
[dna] water wrote 88 bytes to ecology
[dna] water wrote 63 bytes to ecology
[dna] water wrote 53 bytes to ecology
[dna] water wrote 38 bytes to ecology
[dna] water wrote 31 bytes to ecology
[dna] water wrote 29 bytes to ecology
[dna] water wrote 24 bytes to ecology
[dna] water wrote 8 bytes to ecology
[dna] water wrote 86 bytes to ecology
[dna] water wrote 10 bytes to ecology
[dna] water wrote 40 bytes to ecology
[dna] water wrote 29 bytes to ecology
[dna] water wrote 40 bytes to ecology
[dna] water wrote 61 bytes to ecology
[dna] water wrote 48 bytes to ecology
[dna] water wrote 37 bytes to ecology
[debug-onto] tick=600 corpus=140495 stage=2 freeze=0
[dna] water wrote 62 bytes to ecology
[dna] water wrote 49 bytes to ecology
[dna] water wrote 67 bytes to ecology
[dna] water wrote 65 bytes to ecology
[dna] water wrote 33 bytes to ecology
[dna] water wrote 67 bytes to ecology
[dna] water wrote 50 bytes to ecology
[dna] water wrote 37 bytes to ecology
[dna] water wrote 67 bytes to ecology
[dna] water wrote 55 bytes to ecology
[dna] water wrote 36 bytes to ecology
[dna] water wrote 32 bytes to ecology
[dna] water wrote 141 bytes to ecology
[dna] water wrote 53 bytes to ecology
[dna] water wrote 66 bytes to ecology
[dna] water wrote 73 bytes to ecology
[dna] water wrote 85 bytes to ecology
[dna] water wrote 75 bytes to ecology
[dna] water wrote 119 bytes to ecology
[dna] water wrote 33 bytes to ecology
[dna] water wrote 78 bytes to ecology
[debug-onto] tick=650 corpus=140495 stage=2 freeze=0
[dna] water wrote 147 bytes to ecology
[dna] water wrote 39 bytes to ecology
[dna] water wrote 39 bytes to ecology

[evolution] Organism shutting down gracefully.
